[ T-Track ]
    title = Neutron track length in active He-3 gas
     mesh =  reg            # mesh type is region-wise
      reg = 101 201 301 401
   e-type =    3            # e-mesh is log given by emin, emax and ne
     emin =  1.0000000E-10  # minimum value of e-mesh points
     emax =   1000.000      # maximum value of e-mesh points
#    edel =  0.2302585      # mesh width of e-mesh points
       ne =    130          # number of e-mesh points
#    data = ( e(i), i = 1, ne + 1 )
#           1.00000E-10  1.25893E-10  1.58489E-10  1.99526E-10  2.51189E-10
#           3.16228E-10  3.98107E-10  5.01187E-10  6.30957E-10  7.94328E-10
#           1.00000E-09  1.25893E-09  1.58489E-09  1.99526E-09  2.51189E-09
#           3.16228E-09  3.98107E-09  5.01187E-09  6.30957E-09  7.94328E-09
#           1.00000E-08  1.25893E-08  1.58489E-08  1.99526E-08  2.51189E-08
#           3.16228E-08  3.98107E-08  5.01187E-08  6.30957E-08  7.94328E-08
#           1.00000E-07  1.25893E-07  1.58489E-07  1.99526E-07  2.51189E-07
#           3.16228E-07  3.98107E-07  5.01187E-07  6.30957E-07  7.94328E-07
#           1.00000E-06  1.25893E-06  1.58489E-06  1.99526E-06  2.51189E-06
#           3.16228E-06  3.98107E-06  5.01187E-06  6.30957E-06  7.94328E-06
#           1.00000E-05  1.25893E-05  1.58489E-05  1.99526E-05  2.51189E-05
#           3.16228E-05  3.98107E-05  5.01187E-05  6.30957E-05  7.94328E-05
#           1.00000E-04  1.25893E-04  1.58489E-04  1.99526E-04  2.51189E-04
#           3.16228E-04  3.98107E-04  5.01187E-04  6.30957E-04  7.94328E-04
#           1.00000E-03  1.25893E-03  1.58489E-03  1.99526E-03  2.51189E-03
#           3.16228E-03  3.98107E-03  5.01187E-03  6.30957E-03  7.94328E-03
#           1.00000E-02  1.25893E-02  1.58489E-02  1.99526E-02  2.51189E-02
#           3.16228E-02  3.98107E-02  5.01187E-02  6.30957E-02  7.94328E-02
#           1.00000E-01  1.25893E-01  1.58489E-01  1.99526E-01  2.51189E-01
#           3.16228E-01  3.98107E-01  5.01187E-01  6.30957E-01  7.94328E-01
#           1.00000E+00  1.25893E+00  1.58489E+00  1.99526E+00  2.51189E+00
#           3.16228E+00  3.98107E+00  5.01187E+00  6.30957E+00  7.94328E+00
#           1.00000E+01  1.25893E+01  1.58489E+01  1.99526E+01  2.51189E+01
#           3.16228E+01  3.98107E+01  5.01187E+01  6.30957E+01  7.94328E+01
#           1.00000E+02  1.25893E+02  1.58489E+02  1.99526E+02  2.51189E+02
#           3.16228E+02  3.98107E+02  5.01187E+02  6.30957E+02  7.94328E+02
#           1.00000E+03
     unit =    1            # unit is [1/cm^2/source]
 material =  all            # (D=all) number of specific material
     axis =     eng            # axis of output
     file = gas_track.out   # file name of output for the above axis
     part =  neutron  
# kf/name :  2112     
#    used :        main (  %)        temp (  %)       total (  %)
#  memory :         139 (  0)           0 (  0)         139 (  0)

#------------------------------------------------------------------------------
#newpage:
#   no. =  1   reg =    101

x: Energy [MeV/n]
y: Flux [1/cm^2/source]              
p: xlog ylog afac(0.8) form(0.9)
h: n            x            y(neutron ),hh0l n  
#  e-lower      e-upper        neutron   r.err 
   1.0000E-10   1.2589E-10   0.0000E+00  0.0000
   1.2589E-10   1.5849E-10   0.0000E+00  0.0000
   1.5849E-10   1.9953E-10   0.0000E+00  0.0000
   1.9953E-10   2.5119E-10   0.0000E+00  0.0000
   2.5119E-10   3.1623E-10   0.0000E+00  0.0000
   3.1623E-10   3.9811E-10   0.0000E+00  0.0000
   3.9811E-10   5.0119E-10   0.0000E+00  0.0000
   5.0119E-10   6.3096E-10   0.0000E+00  0.0000
   6.3096E-10   7.9433E-10   0.0000E+00  0.0000
   7.9433E-10   1.0000E-09   0.0000E+00  0.0000
   1.0000E-09   1.2589E-09   0.0000E+00  0.0000
   1.2589E-09   1.5849E-09   0.0000E+00  0.0000
   1.5849E-09   1.9953E-09   0.0000E+00  0.0000
   1.9953E-09   2.5119E-09   0.0000E+00  0.0000
   2.5119E-09   3.1623E-09   0.0000E+00  0.0000
   3.1623E-09   3.9811E-09   0.0000E+00  0.0000
   3.9811E-09   5.0119E-09   0.0000E+00  0.0000
   5.0119E-09   6.3096E-09   0.0000E+00  0.0000
   6.3096E-09   7.9433E-09   0.0000E+00  0.0000
   7.9433E-09   1.0000E-08   0.0000E+00  0.0000
   1.0000E-08   1.2589E-08   0.0000E+00  0.0000
   1.2589E-08   1.5849E-08   0.0000E+00  0.0000
   1.5849E-08   1.9953E-08   0.0000E+00  0.0000
   1.9953E-08   2.5119E-08   0.0000E+00  0.0000
   2.5119E-08   3.1623E-08   0.0000E+00  0.0000
   3.1623E-08   3.9811E-08   0.0000E+00  0.0000
   3.9811E-08   5.0119E-08   0.0000E+00  0.0000
   5.0119E-08   6.3096E-08   0.0000E+00  0.0000
   6.3096E-08   7.9433E-08   0.0000E+00  0.0000
   7.9433E-08   1.0000E-07   0.0000E+00  0.0000
   1.0000E-07   1.2589E-07   0.0000E+00  0.0000
   1.2589E-07   1.5849E-07   0.0000E+00  0.0000
   1.5849E-07   1.9953E-07   0.0000E+00  0.0000
   1.9953E-07   2.5119E-07   0.0000E+00  0.0000
   2.5119E-07   3.1623E-07   0.0000E+00  0.0000
   3.1623E-07   3.9811E-07   0.0000E+00  0.0000
   3.9811E-07   5.0119E-07   0.0000E+00  0.0000
   5.0119E-07   6.3096E-07   0.0000E+00  0.0000
   6.3096E-07   7.9433E-07   0.0000E+00  0.0000
   7.9433E-07   1.0000E-06   0.0000E+00  0.0000
   1.0000E-06   1.2589E-06   0.0000E+00  0.0000
   1.2589E-06   1.5849E-06   0.0000E+00  0.0000
   1.5849E-06   1.9953E-06   0.0000E+00  0.0000
   1.9953E-06   2.5119E-06   0.0000E+00  0.0000
   2.5119E-06   3.1623E-06   0.0000E+00  0.0000
   3.1623E-06   3.9811E-06   0.0000E+00  0.0000
   3.9811E-06   5.0119E-06   0.0000E+00  0.0000
   5.0119E-06   6.3096E-06   0.0000E+00  0.0000
   6.3096E-06   7.9433E-06   0.0000E+00  0.0000
   7.9433E-06   1.0000E-05   0.0000E+00  0.0000
   1.0000E-05   1.2589E-05   0.0000E+00  0.0000
   1.2589E-05   1.5849E-05   0.0000E+00  0.0000
   1.5849E-05   1.9953E-05   0.0000E+00  0.0000
   1.9953E-05   2.5119E-05   0.0000E+00  0.0000
   2.5119E-05   3.1623E-05   0.0000E+00  0.0000
   3.1623E-05   3.9811E-05   0.0000E+00  0.0000
   3.9811E-05   5.0119E-05   0.0000E+00  0.0000
   5.0119E-05   6.3096E-05   0.0000E+00  0.0000
   6.3096E-05   7.9433E-05   0.0000E+00  0.0000
   7.9433E-05   1.0000E-04   0.0000E+00  0.0000
   1.0000E-04   1.2589E-04   0.0000E+00  0.0000
   1.2589E-04   1.5849E-04   0.0000E+00  0.0000
   1.5849E-04   1.9953E-04   0.0000E+00  0.0000
   1.9953E-04   2.5119E-04   0.0000E+00  0.0000
   2.5119E-04   3.1623E-04   0.0000E+00  0.0000
   3.1623E-04   3.9811E-04   0.0000E+00  0.0000
   3.9811E-04   5.0119E-04   0.0000E+00  0.0000
   5.0119E-04   6.3096E-04   0.0000E+00  0.0000
   6.3096E-04   7.9433E-04   0.0000E+00  0.0000
   7.9433E-04   1.0000E-03   0.0000E+00  0.0000
   1.0000E-03   1.2589E-03   0.0000E+00  0.0000
   1.2589E-03   1.5849E-03   0.0000E+00  0.0000
   1.5849E-03   1.9953E-03   0.0000E+00  0.0000
   1.9953E-03   2.5119E-03   0.0000E+00  0.0000
   2.5119E-03   3.1623E-03   0.0000E+00  0.0000
   3.1623E-03   3.9811E-03   0.0000E+00  0.0000
   3.9811E-03   5.0119E-03   0.0000E+00  0.0000
   5.0119E-03   6.3096E-03   0.0000E+00  0.0000
   6.3096E-03   7.9433E-03   0.0000E+00  0.0000
   7.9433E-03   1.0000E-02   0.0000E+00  0.0000
   1.0000E-02   1.2589E-02   0.0000E+00  0.0000
   1.2589E-02   1.5849E-02   0.0000E+00  0.0000
   1.5849E-02   1.9953E-02   0.0000E+00  0.0000
   1.9953E-02   2.5119E-02   0.0000E+00  0.0000
   2.5119E-02   3.1623E-02   0.0000E+00  0.0000
   3.1623E-02   3.9811E-02   0.0000E+00  0.0000
   3.9811E-02   5.0119E-02   0.0000E+00  0.0000
   5.0119E-02   6.3096E-02   0.0000E+00  0.0000
   6.3096E-02   7.9433E-02   2.6136E-06  1.0000
   7.9433E-02   1.0000E-01   0.0000E+00  0.0000
   1.0000E-01   1.2589E-01   1.5094E-03  0.2400
   1.2589E-01   1.5849E-01   4.6821E-03  0.1164
   1.5849E-01   1.9953E-01   1.1136E-04  0.8416
   1.9953E-01   2.5119E-01   0.0000E+00  0.0000
   2.5119E-01   3.1623E-01   7.1141E-05  0.5811
   3.1623E-01   3.9811E-01   1.6422E-04  0.4230
   3.9811E-01   5.0119E-01   2.0691E-04  0.6299
   5.0119E-01   6.3096E-01   1.7174E-04  0.4077
   6.3096E-01   7.9433E-01   9.1022E-05  0.4824
   7.9433E-01   1.0000E+00   1.3399E-02  0.0676
   1.0000E+00   1.2589E+00   2.4346E-01  0.0148
   1.2589E+00   1.5849E+00   0.0000E+00  0.0000
   1.5849E+00   1.9953E+00   0.0000E+00  0.0000
   1.9953E+00   2.5119E+00   0.0000E+00  0.0000
   2.5119E+00   3.1623E+00   0.0000E+00  0.0000
   3.1623E+00   3.9811E+00   0.0000E+00  0.0000
   3.9811E+00   5.0119E+00   0.0000E+00  0.0000
   5.0119E+00   6.3096E+00   0.0000E+00  0.0000
   6.3096E+00   7.9433E+00   0.0000E+00  0.0000
   7.9433E+00   1.0000E+01   0.0000E+00  0.0000
   1.0000E+01   1.2589E+01   0.0000E+00  0.0000
   1.2589E+01   1.5849E+01   0.0000E+00  0.0000
   1.5849E+01   1.9953E+01   0.0000E+00  0.0000
   1.9953E+01   2.5119E+01   0.0000E+00  0.0000
   2.5119E+01   3.1623E+01   0.0000E+00  0.0000
   3.1623E+01   3.9811E+01   0.0000E+00  0.0000
   3.9811E+01   5.0119E+01   0.0000E+00  0.0000
   5.0119E+01   6.3096E+01   0.0000E+00  0.0000
   6.3096E+01   7.9433E+01   0.0000E+00  0.0000
   7.9433E+01   1.0000E+02   0.0000E+00  0.0000
   1.0000E+02   1.2589E+02   0.0000E+00  0.0000
   1.2589E+02   1.5849E+02   0.0000E+00  0.0000
   1.5849E+02   1.9953E+02   0.0000E+00  0.0000
   1.9953E+02   2.5119E+02   0.0000E+00  0.0000
   2.5119E+02   3.1623E+02   0.0000E+00  0.0000
   3.1623E+02   3.9811E+02   0.0000E+00  0.0000
   3.9811E+02   5.0119E+02   0.0000E+00  0.0000
   5.0119E+02   6.3096E+02   0.0000E+00  0.0000
   6.3096E+02   7.9433E+02   0.0000E+00  0.0000
   7.9433E+02   1.0000E+03   0.0000E+00  0.0000

#   sum over                 2.6387E-01  0.0146

'no. =  1,  reg  =    101'
msuc: {\huge Neutron track length in active He-3 gas}
msdr: {\it plotted by \ANGEL \version}
msdl: {\it calculated by \PHITS  3.36}
wt: s(0.7)
\vspace{-3}
   vol  &=&   1.0000E+00 [cm^3]
e:

#------------------------------------------------------------------------------
 newpage:
#   no. =  2   reg =    201

x: Energy [MeV/n]
y: Flux [1/cm^2/source]              
p: xlog ylog afac(0.8) form(0.9)
h: n            x            y(neutron ),hh0l n  
#  e-lower      e-upper        neutron   r.err 
   1.0000E-10   1.2589E-10   0.0000E+00  0.0000
   1.2589E-10   1.5849E-10   0.0000E+00  0.0000
   1.5849E-10   1.9953E-10   0.0000E+00  0.0000
   1.9953E-10   2.5119E-10   0.0000E+00  0.0000
   2.5119E-10   3.1623E-10   0.0000E+00  0.0000
   3.1623E-10   3.9811E-10   4.5628E-07  1.0000
   3.9811E-10   5.0119E-10   0.0000E+00  0.0000
   5.0119E-10   6.3096E-10   0.0000E+00  0.0000
   6.3096E-10   7.9433E-10   0.0000E+00  0.0000
   7.9433E-10   1.0000E-09   0.0000E+00  0.0000
   1.0000E-09   1.2589E-09   8.6411E-07  0.8087
   1.2589E-09   1.5849E-09   0.0000E+00  0.0000
   1.5849E-09   1.9953E-09   0.0000E+00  0.0000
   1.9953E-09   2.5119E-09   7.4324E-07  1.0000
   2.5119E-09   3.1623E-09   1.9369E-07  1.0000
   3.1623E-09   3.9811E-09   9.7661E-07  0.7495
   3.9811E-09   5.0119E-09   2.1852E-06  0.5266
   5.0119E-09   6.3096E-09   1.0445E-05  0.3440
   6.3096E-09   7.9433E-09   5.3416E-06  0.3385
   7.9433E-09   1.0000E-08   3.1018E-05  0.2520
   1.0000E-08   1.2589E-08   6.0017E-05  0.2531
   1.2589E-08   1.5849E-08   6.8080E-05  0.1942
   1.5849E-08   1.9953E-08   1.8140E-04  0.1527
   1.9953E-08   2.5119E-08   2.6449E-04  0.1254
   2.5119E-08   3.1623E-08   2.9788E-04  0.1247
   3.1623E-08   3.9811E-08   5.6201E-04  0.0991
   3.9811E-08   5.0119E-08   5.9256E-04  0.1033
   5.0119E-08   6.3096E-08   5.7600E-04  0.1019
   6.3096E-08   7.9433E-08   8.1360E-04  0.1006
   7.9433E-08   1.0000E-07   5.6747E-04  0.1234
   1.0000E-07   1.2589E-07   5.6930E-04  0.1252
   1.2589E-07   1.5849E-07   5.2495E-04  0.1674
   1.5849E-07   1.9953E-07   2.7773E-04  0.2072
   1.9953E-07   2.5119E-07   1.6302E-04  0.2755
   2.5119E-07   3.1623E-07   1.6999E-04  0.3236
   3.1623E-07   3.9811E-07   1.4083E-04  0.3405
   3.9811E-07   5.0119E-07   1.7951E-04  0.3926
   5.0119E-07   6.3096E-07   2.7335E-04  0.3055
   6.3096E-07   7.9433E-07   3.3559E-04  0.3755
   7.9433E-07   1.0000E-06   2.6603E-04  0.3689
   1.0000E-06   1.2589E-06   4.1736E-04  0.3162
   1.2589E-06   1.5849E-06   1.2355E-04  0.4148
   1.5849E-06   1.9953E-06   1.8873E-04  0.4130
   1.9953E-06   2.5119E-06   1.4058E-04  0.3732
   2.5119E-06   3.1623E-06   1.4657E-04  0.4514
   3.1623E-06   3.9811E-06   2.5534E-04  0.4141
   3.9811E-06   5.0119E-06   3.7178E-04  0.3225
   5.0119E-06   6.3096E-06   7.1211E-04  0.2543
   6.3096E-06   7.9433E-06   1.5815E-04  0.4586
   7.9433E-06   1.0000E-05   4.6411E-04  0.2941
   1.0000E-05   1.2589E-05   3.0771E-04  0.3727
   1.2589E-05   1.5849E-05   2.5845E-04  0.4202
   1.5849E-05   1.9953E-05   4.3343E-04  0.3513
   1.9953E-05   2.5119E-05   3.4433E-04  0.3672
   2.5119E-05   3.1623E-05   2.8381E-04  0.4455
   3.1623E-05   3.9811E-05   6.0516E-04  0.2640
   3.9811E-05   5.0119E-05   3.8440E-04  0.3382
   5.0119E-05   6.3096E-05   5.5789E-04  0.2915
   6.3096E-05   7.9433E-05   3.9344E-04  0.3180
   7.9433E-05   1.0000E-04   7.0593E-04  0.2586
   1.0000E-04   1.2589E-04   3.3856E-04  0.3318
   1.2589E-04   1.5849E-04   5.0999E-04  0.3293
   1.5849E-04   1.9953E-04   7.3445E-04  0.2814
   1.9953E-04   2.5119E-04   7.7615E-04  0.2777
   2.5119E-04   3.1623E-04   4.8841E-04  0.2922
   3.1623E-04   3.9811E-04   3.0712E-04  0.3825
   3.9811E-04   5.0119E-04   3.0916E-04  0.3806
   5.0119E-04   6.3096E-04   6.0286E-04  0.3664
   6.3096E-04   7.9433E-04   4.2745E-04  0.3312
   7.9433E-04   1.0000E-03   4.0812E-04  0.3247
   1.0000E-03   1.2589E-03   4.3145E-04  0.3446
   1.2589E-03   1.5849E-03   2.5014E-04  0.3842
   1.5849E-03   1.9953E-03   3.1355E-04  0.3688
   1.9953E-03   2.5119E-03   5.2369E-04  0.3110
   2.5119E-03   3.1623E-03   6.3906E-04  0.3183
   3.1623E-03   3.9811E-03   3.2430E-04  0.3893
   3.9811E-03   5.0119E-03   3.1619E-04  0.3774
   5.0119E-03   6.3096E-03   2.5298E-04  0.3836
   6.3096E-03   7.9433E-03   4.5150E-04  0.3350
   7.9433E-03   1.0000E-02   3.8519E-04  0.3444
   1.0000E-02   1.2589E-02   9.4029E-04  0.2797
   1.2589E-02   1.5849E-02   4.1042E-04  0.3086
   1.5849E-02   1.9953E-02   6.0186E-04  0.3265
   1.9953E-02   2.5119E-02   3.1160E-04  0.3863
   2.5119E-02   3.1623E-02   3.5225E-04  0.3885
   3.1623E-02   3.9811E-02   1.1268E-03  0.3086
   3.9811E-02   5.0119E-02   7.9193E-04  0.2778
   5.0119E-02   6.3096E-02   1.0128E-03  0.2224
   6.3096E-02   7.9433E-02   7.1448E-04  0.2965
   7.9433E-02   1.0000E-01   9.1448E-04  0.2869
   1.0000E-01   1.2589E-01   1.2467E-03  0.2178
   1.2589E-01   1.5849E-01   1.4590E-03  0.2502
   1.5849E-01   1.9953E-01   1.1246E-03  0.2393
   1.9953E-01   2.5119E-01   1.5259E-03  0.1916
   2.5119E-01   3.1623E-01   1.7982E-03  0.1771
   3.1623E-01   3.9811E-01   1.8754E-03  0.1643
   3.9811E-01   5.0119E-01   3.1561E-03  0.1795
   5.0119E-01   6.3096E-01   2.4606E-03  0.1428
   6.3096E-01   7.9433E-01   3.6177E-03  0.1252
   7.9433E-01   1.0000E+00   4.5898E-03  0.1003
   1.0000E+00   1.2589E+00   4.0781E-03  0.1116
   1.2589E+00   1.5849E+00   0.0000E+00  0.0000
   1.5849E+00   1.9953E+00   0.0000E+00  0.0000
   1.9953E+00   2.5119E+00   0.0000E+00  0.0000
   2.5119E+00   3.1623E+00   0.0000E+00  0.0000
   3.1623E+00   3.9811E+00   0.0000E+00  0.0000
   3.9811E+00   5.0119E+00   0.0000E+00  0.0000
   5.0119E+00   6.3096E+00   0.0000E+00  0.0000
   6.3096E+00   7.9433E+00   0.0000E+00  0.0000
   7.9433E+00   1.0000E+01   0.0000E+00  0.0000
   1.0000E+01   1.2589E+01   0.0000E+00  0.0000
   1.2589E+01   1.5849E+01   0.0000E+00  0.0000
   1.5849E+01   1.9953E+01   0.0000E+00  0.0000
   1.9953E+01   2.5119E+01   0.0000E+00  0.0000
   2.5119E+01   3.1623E+01   0.0000E+00  0.0000
   3.1623E+01   3.9811E+01   0.0000E+00  0.0000
   3.9811E+01   5.0119E+01   0.0000E+00  0.0000
   5.0119E+01   6.3096E+01   0.0000E+00  0.0000
   6.3096E+01   7.9433E+01   0.0000E+00  0.0000
   7.9433E+01   1.0000E+02   0.0000E+00  0.0000
   1.0000E+02   1.2589E+02   0.0000E+00  0.0000
   1.2589E+02   1.5849E+02   0.0000E+00  0.0000
   1.5849E+02   1.9953E+02   0.0000E+00  0.0000
   1.9953E+02   2.5119E+02   0.0000E+00  0.0000
   2.5119E+02   3.1623E+02   0.0000E+00  0.0000
   3.1623E+02   3.9811E+02   0.0000E+00  0.0000
   3.9811E+02   5.0119E+02   0.0000E+00  0.0000
   5.0119E+02   6.3096E+02   0.0000E+00  0.0000
   6.3096E+02   7.9433E+02   0.0000E+00  0.0000
   7.9433E+02   1.0000E+03   0.0000E+00  0.0000

#   sum over                 5.7088E-02  0.0334

'no. =  2,  reg  =    201'
msuc: {\huge Neutron track length in active He-3 gas}
msdr: {\it plotted by \ANGEL \version}
msdl: {\it calculated by \PHITS  3.36}
wt: s(0.7)
\vspace{-3}
   vol  &=&   1.0000E+00 [cm^3]
e:

#------------------------------------------------------------------------------
 newpage:
#   no. =  3   reg =    301

x: Energy [MeV/n]
y: Flux [1/cm^2/source]              
p: xlog ylog afac(0.8) form(0.9)
h: n            x            y(neutron ),hh0l n  
#  e-lower      e-upper        neutron   r.err 
   1.0000E-10   1.2589E-10   0.0000E+00  0.0000
   1.2589E-10   1.5849E-10   0.0000E+00  0.0000
   1.5849E-10   1.9953E-10   0.0000E+00  0.0000
   1.9953E-10   2.5119E-10   0.0000E+00  0.0000
   2.5119E-10   3.1623E-10   0.0000E+00  0.0000
   3.1623E-10   3.9811E-10   0.0000E+00  0.0000
   3.9811E-10   5.0119E-10   0.0000E+00  0.0000
   5.0119E-10   6.3096E-10   0.0000E+00  0.0000
   6.3096E-10   7.9433E-10   0.0000E+00  0.0000
   7.9433E-10   1.0000E-09   0.0000E+00  0.0000
   1.0000E-09   1.2589E-09   0.0000E+00  0.0000
   1.2589E-09   1.5849E-09   0.0000E+00  0.0000
   1.5849E-09   1.9953E-09   0.0000E+00  0.0000
   1.9953E-09   2.5119E-09   0.0000E+00  0.0000
   2.5119E-09   3.1623E-09   0.0000E+00  0.0000
   3.1623E-09   3.9811E-09   0.0000E+00  0.0000
   3.9811E-09   5.0119E-09   0.0000E+00  0.0000
   5.0119E-09   6.3096E-09   0.0000E+00  0.0000
   6.3096E-09   7.9433E-09   0.0000E+00  0.0000
   7.9433E-09   1.0000E-08   0.0000E+00  0.0000
   1.0000E-08   1.2589E-08   0.0000E+00  0.0000
   1.2589E-08   1.5849E-08   0.0000E+00  0.0000
   1.5849E-08   1.9953E-08   0.0000E+00  0.0000
   1.9953E-08   2.5119E-08   0.0000E+00  0.0000
   2.5119E-08   3.1623E-08   0.0000E+00  0.0000
   3.1623E-08   3.9811E-08   0.0000E+00  0.0000
   3.9811E-08   5.0119E-08   0.0000E+00  0.0000
   5.0119E-08   6.3096E-08   0.0000E+00  0.0000
   6.3096E-08   7.9433E-08   0.0000E+00  0.0000
   7.9433E-08   1.0000E-07   0.0000E+00  0.0000
   1.0000E-07   1.2589E-07   0.0000E+00  0.0000
   1.2589E-07   1.5849E-07   0.0000E+00  0.0000
   1.5849E-07   1.9953E-07   0.0000E+00  0.0000
   1.9953E-07   2.5119E-07   0.0000E+00  0.0000
   2.5119E-07   3.1623E-07   0.0000E+00  0.0000
   3.1623E-07   3.9811E-07   0.0000E+00  0.0000
   3.9811E-07   5.0119E-07   0.0000E+00  0.0000
   5.0119E-07   6.3096E-07   0.0000E+00  0.0000
   6.3096E-07   7.9433E-07   0.0000E+00  0.0000
   7.9433E-07   1.0000E-06   0.0000E+00  0.0000
   1.0000E-06   1.2589E-06   0.0000E+00  0.0000
   1.2589E-06   1.5849E-06   0.0000E+00  0.0000
   1.5849E-06   1.9953E-06   0.0000E+00  0.0000
   1.9953E-06   2.5119E-06   0.0000E+00  0.0000
   2.5119E-06   3.1623E-06   0.0000E+00  0.0000
   3.1623E-06   3.9811E-06   0.0000E+00  0.0000
   3.9811E-06   5.0119E-06   0.0000E+00  0.0000
   5.0119E-06   6.3096E-06   0.0000E+00  0.0000
   6.3096E-06   7.9433E-06   0.0000E+00  0.0000
   7.9433E-06   1.0000E-05   0.0000E+00  0.0000
   1.0000E-05   1.2589E-05   0.0000E+00  0.0000
   1.2589E-05   1.5849E-05   0.0000E+00  0.0000
   1.5849E-05   1.9953E-05   0.0000E+00  0.0000
   1.9953E-05   2.5119E-05   0.0000E+00  0.0000
   2.5119E-05   3.1623E-05   0.0000E+00  0.0000
   3.1623E-05   3.9811E-05   0.0000E+00  0.0000
   3.9811E-05   5.0119E-05   0.0000E+00  0.0000
   5.0119E-05   6.3096E-05   0.0000E+00  0.0000
   6.3096E-05   7.9433E-05   0.0000E+00  0.0000
   7.9433E-05   1.0000E-04   0.0000E+00  0.0000
   1.0000E-04   1.2589E-04   0.0000E+00  0.0000
   1.2589E-04   1.5849E-04   0.0000E+00  0.0000
   1.5849E-04   1.9953E-04   0.0000E+00  0.0000
   1.9953E-04   2.5119E-04   0.0000E+00  0.0000
   2.5119E-04   3.1623E-04   0.0000E+00  0.0000
   3.1623E-04   3.9811E-04   0.0000E+00  0.0000
   3.9811E-04   5.0119E-04   0.0000E+00  0.0000
   5.0119E-04   6.3096E-04   0.0000E+00  0.0000
   6.3096E-04   7.9433E-04   0.0000E+00  0.0000
   7.9433E-04   1.0000E-03   0.0000E+00  0.0000
   1.0000E-03   1.2589E-03   0.0000E+00  0.0000
   1.2589E-03   1.5849E-03   0.0000E+00  0.0000
   1.5849E-03   1.9953E-03   0.0000E+00  0.0000
   1.9953E-03   2.5119E-03   0.0000E+00  0.0000
   2.5119E-03   3.1623E-03   0.0000E+00  0.0000
   3.1623E-03   3.9811E-03   0.0000E+00  0.0000
   3.9811E-03   5.0119E-03   0.0000E+00  0.0000
   5.0119E-03   6.3096E-03   0.0000E+00  0.0000
   6.3096E-03   7.9433E-03   0.0000E+00  0.0000
   7.9433E-03   1.0000E-02   0.0000E+00  0.0000
   1.0000E-02   1.2589E-02   0.0000E+00  0.0000
   1.2589E-02   1.5849E-02   0.0000E+00  0.0000
   1.5849E-02   1.9953E-02   0.0000E+00  0.0000
   1.9953E-02   2.5119E-02   0.0000E+00  0.0000
   2.5119E-02   3.1623E-02   0.0000E+00  0.0000
   3.1623E-02   3.9811E-02   0.0000E+00  0.0000
   3.9811E-02   5.0119E-02   0.0000E+00  0.0000
   5.0119E-02   6.3096E-02   0.0000E+00  0.0000
   6.3096E-02   7.9433E-02   0.0000E+00  0.0000
   7.9433E-02   1.0000E-01   0.0000E+00  0.0000
   1.0000E-01   1.2589E-01   6.6608E-04  0.2461
   1.2589E-01   1.5849E-01   1.4891E-03  0.1333
   1.5849E-01   1.9953E-01   0.0000E+00  0.0000
   1.9953E-01   2.5119E-01   0.0000E+00  0.0000
   2.5119E-01   3.1623E-01   9.6859E-05  0.5087
   3.1623E-01   3.9811E-01   2.8699E-05  0.6983
   3.9811E-01   5.0119E-01   3.7882E-05  0.7104
   5.0119E-01   6.3096E-01   9.7206E-06  0.7308
   6.3096E-01   7.9433E-01   2.7031E-05  0.6219
   7.9433E-01   1.0000E+00   4.9367E-03  0.0830
   1.0000E+00   1.2589E+00   9.6190E-02  0.0171
   1.2589E+00   1.5849E+00   0.0000E+00  0.0000
   1.5849E+00   1.9953E+00   0.0000E+00  0.0000
   1.9953E+00   2.5119E+00   0.0000E+00  0.0000
   2.5119E+00   3.1623E+00   0.0000E+00  0.0000
   3.1623E+00   3.9811E+00   0.0000E+00  0.0000
   3.9811E+00   5.0119E+00   0.0000E+00  0.0000
   5.0119E+00   6.3096E+00   0.0000E+00  0.0000
   6.3096E+00   7.9433E+00   0.0000E+00  0.0000
   7.9433E+00   1.0000E+01   0.0000E+00  0.0000
   1.0000E+01   1.2589E+01   0.0000E+00  0.0000
   1.2589E+01   1.5849E+01   0.0000E+00  0.0000
   1.5849E+01   1.9953E+01   0.0000E+00  0.0000
   1.9953E+01   2.5119E+01   0.0000E+00  0.0000
   2.5119E+01   3.1623E+01   0.0000E+00  0.0000
   3.1623E+01   3.9811E+01   0.0000E+00  0.0000
   3.9811E+01   5.0119E+01   0.0000E+00  0.0000
   5.0119E+01   6.3096E+01   0.0000E+00  0.0000
   6.3096E+01   7.9433E+01   0.0000E+00  0.0000
   7.9433E+01   1.0000E+02   0.0000E+00  0.0000
   1.0000E+02   1.2589E+02   0.0000E+00  0.0000
   1.2589E+02   1.5849E+02   0.0000E+00  0.0000
   1.5849E+02   1.9953E+02   0.0000E+00  0.0000
   1.9953E+02   2.5119E+02   0.0000E+00  0.0000
   2.5119E+02   3.1623E+02   0.0000E+00  0.0000
   3.1623E+02   3.9811E+02   0.0000E+00  0.0000
   3.9811E+02   5.0119E+02   0.0000E+00  0.0000
   5.0119E+02   6.3096E+02   0.0000E+00  0.0000
   6.3096E+02   7.9433E+02   0.0000E+00  0.0000
   7.9433E+02   1.0000E+03   0.0000E+00  0.0000

#   sum over                 1.0348E-01  0.0169

'no. =  3,  reg  =    301'
msuc: {\huge Neutron track length in active He-3 gas}
msdr: {\it plotted by \ANGEL \version}
msdl: {\it calculated by \PHITS  3.36}
wt: s(0.7)
\vspace{-3}
   vol  &=&   1.0000E+00 [cm^3]
e:

#------------------------------------------------------------------------------
 newpage:
#   no. =  4   reg =    401

x: Energy [MeV/n]
y: Flux [1/cm^2/source]              
p: xlog ylog afac(0.8) form(0.9)
h: n            x            y(neutron ),hh0l n  
#  e-lower      e-upper        neutron   r.err 
   1.0000E-10   1.2589E-10   0.0000E+00  0.0000
   1.2589E-10   1.5849E-10   0.0000E+00  0.0000
   1.5849E-10   1.9953E-10   0.0000E+00  0.0000
   1.9953E-10   2.5119E-10   0.0000E+00  0.0000
   2.5119E-10   3.1623E-10   0.0000E+00  0.0000
   3.1623E-10   3.9811E-10   0.0000E+00  0.0000
   3.9811E-10   5.0119E-10   0.0000E+00  0.0000
   5.0119E-10   6.3096E-10   0.0000E+00  0.0000
   6.3096E-10   7.9433E-10   0.0000E+00  0.0000
   7.9433E-10   1.0000E-09   0.0000E+00  0.0000
   1.0000E-09   1.2589E-09   0.0000E+00  0.0000
   1.2589E-09   1.5849E-09   0.0000E+00  0.0000
   1.5849E-09   1.9953E-09   0.0000E+00  0.0000
   1.9953E-09   2.5119E-09   2.6449E-08  1.0000
   2.5119E-09   3.1623E-09   0.0000E+00  0.0000
   3.1623E-09   3.9811E-09   3.8078E-06  0.6049
   3.9811E-09   5.0119E-09   3.8391E-06  0.5148
   5.0119E-09   6.3096E-09   1.1708E-05  0.4275
   6.3096E-09   7.9433E-09   2.1822E-05  0.4593
   7.9433E-09   1.0000E-08   3.6206E-05  0.3433
   1.0000E-08   1.2589E-08   6.5527E-05  0.2232
   1.2589E-08   1.5849E-08   6.1265E-05  0.3492
   1.5849E-08   1.9953E-08   1.2570E-04  0.1866
   1.9953E-08   2.5119E-08   1.6595E-04  0.1593
   2.5119E-08   3.1623E-08   2.6146E-04  0.1425
   3.1623E-08   3.9811E-08   3.2846E-04  0.1342
   3.9811E-08   5.0119E-08   4.2222E-04  0.1310
   5.0119E-08   6.3096E-08   5.4360E-04  0.1104
   6.3096E-08   7.9433E-08   7.1276E-04  0.1109
   7.9433E-08   1.0000E-07   5.8920E-04  0.1201
   1.0000E-07   1.2589E-07   5.7280E-04  0.1197
   1.2589E-07   1.5849E-07   3.8727E-04  0.1619
   1.5849E-07   1.9953E-07   3.1472E-04  0.1828
   1.9953E-07   2.5119E-07   2.1586E-04  0.2954
   2.5119E-07   3.1623E-07   9.5722E-05  0.3404
   3.1623E-07   3.9811E-07   7.9391E-05  0.3404
   3.9811E-07   5.0119E-07   1.6123E-04  0.3085
   5.0119E-07   6.3096E-07   1.9340E-04  0.2956
   6.3096E-07   7.9433E-07   1.4703E-04  0.3335
   7.9433E-07   1.0000E-06   2.2253E-04  0.3088
   1.0000E-06   1.2589E-06   2.5385E-04  0.3123
   1.2589E-06   1.5849E-06   2.2346E-04  0.3438
   1.5849E-06   1.9953E-06   2.8712E-04  0.2957
   1.9953E-06   2.5119E-06   2.8614E-04  0.2752
   2.5119E-06   3.1623E-06   3.9064E-04  0.2514
   3.1623E-06   3.9811E-06   5.2285E-04  0.2370
   3.9811E-06   5.0119E-06   1.9465E-04  0.3223
   5.0119E-06   6.3096E-06   2.4396E-04  0.3214
   6.3096E-06   7.9433E-06   1.5981E-04  0.3637
   7.9433E-06   1.0000E-05   3.4902E-04  0.2708
   1.0000E-05   1.2589E-05   3.7510E-04  0.3055
   1.2589E-05   1.5849E-05   1.6270E-04  0.3554
   1.5849E-05   1.9953E-05   3.3844E-04  0.3187
   1.9953E-05   2.5119E-05   3.3327E-04  0.2951
   2.5119E-05   3.1623E-05   4.0086E-04  0.2806
   3.1623E-05   3.9811E-05   5.6130E-04  0.2368
   3.9811E-05   5.0119E-05   7.7082E-04  0.3010
   5.0119E-05   6.3096E-05   4.8162E-04  0.2547
   6.3096E-05   7.9433E-05   5.2756E-04  0.2378
   7.9433E-05   1.0000E-04   4.6170E-04  0.2490
   1.0000E-04   1.2589E-04   3.7148E-04  0.3105
   1.2589E-04   1.5849E-04   5.0033E-04  0.2447
   1.5849E-04   1.9953E-04   3.9871E-04  0.2619
   1.9953E-04   2.5119E-04   4.6062E-04  0.3647
   2.5119E-04   3.1623E-04   6.5740E-04  0.2111
   3.1623E-04   3.9811E-04   4.0289E-04  0.3057
   3.9811E-04   5.0119E-04   6.5312E-04  0.2284
   5.0119E-04   6.3096E-04   6.0479E-04  0.2863
   6.3096E-04   7.9433E-04   6.9580E-04  0.2868
   7.9433E-04   1.0000E-03   6.6914E-04  0.2046
   1.0000E-03   1.2589E-03   6.1033E-04  0.2249
   1.2589E-03   1.5849E-03   5.9540E-04  0.2721
   1.5849E-03   1.9953E-03   5.0430E-04  0.2831
   1.9953E-03   2.5119E-03   4.3957E-04  0.2724
   2.5119E-03   3.1623E-03   5.6068E-04  0.2930
   3.1623E-03   3.9811E-03   6.3202E-04  0.2208
   3.9811E-03   5.0119E-03   5.0760E-04  0.3079
   5.0119E-03   6.3096E-03   6.8300E-04  0.2027
   6.3096E-03   7.9433E-03   4.1037E-04  0.2706
   7.9433E-03   1.0000E-02   5.1490E-04  0.2324
   1.0000E-02   1.2589E-02   7.5825E-04  0.2277
   1.2589E-02   1.5849E-02   2.2460E-04  0.3275
   1.5849E-02   1.9953E-02   5.6374E-04  0.2247
   1.9953E-02   2.5119E-02   4.0619E-04  0.2463
   2.5119E-02   3.1623E-02   6.5508E-04  0.2222
   3.1623E-02   3.9811E-02   3.5717E-04  0.2992
   3.9811E-02   5.0119E-02   6.0682E-04  0.2004
   5.0119E-02   6.3096E-02   8.8982E-04  0.2215
   6.3096E-02   7.9433E-02   8.1998E-04  0.2421
   7.9433E-02   1.0000E-01   8.3187E-04  0.1778
   1.0000E-01   1.2589E-01   8.3353E-04  0.1808
   1.2589E-01   1.5849E-01   1.0799E-03  0.1647
   1.5849E-01   1.9953E-01   7.2134E-04  0.1840
   1.9953E-01   2.5119E-01   8.7672E-04  0.1707
   2.5119E-01   3.1623E-01   1.4902E-03  0.1988
   3.1623E-01   3.9811E-01   1.3007E-03  0.1653
   3.9811E-01   5.0119E-01   1.6855E-03  0.1207
   5.0119E-01   6.3096E-01   1.7134E-03  0.1201
   6.3096E-01   7.9433E-01   1.7825E-03  0.1205
   7.9433E-01   1.0000E+00   3.2385E-03  0.0919
   1.0000E+00   1.2589E+00   4.0095E-03  0.0766
   1.2589E+00   1.5849E+00   0.0000E+00  0.0000
   1.5849E+00   1.9953E+00   0.0000E+00  0.0000
   1.9953E+00   2.5119E+00   0.0000E+00  0.0000
   2.5119E+00   3.1623E+00   0.0000E+00  0.0000
   3.1623E+00   3.9811E+00   0.0000E+00  0.0000
   3.9811E+00   5.0119E+00   0.0000E+00  0.0000
   5.0119E+00   6.3096E+00   0.0000E+00  0.0000
   6.3096E+00   7.9433E+00   0.0000E+00  0.0000
   7.9433E+00   1.0000E+01   0.0000E+00  0.0000
   1.0000E+01   1.2589E+01   0.0000E+00  0.0000
   1.2589E+01   1.5849E+01   0.0000E+00  0.0000
   1.5849E+01   1.9953E+01   0.0000E+00  0.0000
   1.9953E+01   2.5119E+01   0.0000E+00  0.0000
   2.5119E+01   3.1623E+01   0.0000E+00  0.0000
   3.1623E+01   3.9811E+01   0.0000E+00  0.0000
   3.9811E+01   5.0119E+01   0.0000E+00  0.0000
   5.0119E+01   6.3096E+01   0.0000E+00  0.0000
   6.3096E+01   7.9433E+01   0.0000E+00  0.0000
   7.9433E+01   1.0000E+02   0.0000E+00  0.0000
   1.0000E+02   1.2589E+02   0.0000E+00  0.0000
   1.2589E+02   1.5849E+02   0.0000E+00  0.0000
   1.5849E+02   1.9953E+02   0.0000E+00  0.0000
   1.9953E+02   2.5119E+02   0.0000E+00  0.0000
   2.5119E+02   3.1623E+02   0.0000E+00  0.0000
   3.1623E+02   3.9811E+02   0.0000E+00  0.0000
   3.9811E+02   5.0119E+02   0.0000E+00  0.0000
   5.0119E+02   6.3096E+02   0.0000E+00  0.0000
   6.3096E+02   7.9433E+02   0.0000E+00  0.0000
   7.9433E+02   1.0000E+03   0.0000E+00  0.0000

#   sum over                 4.8786E-02  0.0291

'no. =  4,  reg  =    401'
msuc: {\huge Neutron track length in active He-3 gas}
msdr: {\it plotted by \ANGEL \version}
msdl: {\it calculated by \PHITS  3.36}
wt: s(0.7)
\vspace{-3}
   vol  &=&   1.0000E+00 [cm^3]
e:
 
# Information for Restart Calculation
# This calculation was newly started
# istdev =  2 # 1:Batch variance, 2:History variance
# resc2  = 1.49455009047507221E+05 # Total source weight or Total source weight / maxcas
# resc3  = 1.50000000000000000E+05 # Total history number or Total batch number
# maxcas =      150000 # History / Batch, only used for istdev=1
# bitrseed = 1001111101001111110101101110001101001010100101111101111111000100 # bit data of rseed
