[ T-Track ]
    title = Neutron track length in active He-3 gas
     mesh =  reg            # mesh type is region-wise
      reg = 101 201 301 401
   e-type =    3            # e-mesh is log given by emin, emax and ne
     emin =  1.0000000E-10  # minimum value of e-mesh points
     emax =   1000.000      # maximum value of e-mesh points
#    edel =  0.2302585      # mesh width of e-mesh points
       ne =    130          # number of e-mesh points
#    data = ( e(i), i = 1, ne + 1 )
#           1.00000E-10  1.25893E-10  1.58489E-10  1.99526E-10  2.51189E-10
#           3.16228E-10  3.98107E-10  5.01187E-10  6.30957E-10  7.94328E-10
#           1.00000E-09  1.25893E-09  1.58489E-09  1.99526E-09  2.51189E-09
#           3.16228E-09  3.98107E-09  5.01187E-09  6.30957E-09  7.94328E-09
#           1.00000E-08  1.25893E-08  1.58489E-08  1.99526E-08  2.51189E-08
#           3.16228E-08  3.98107E-08  5.01187E-08  6.30957E-08  7.94328E-08
#           1.00000E-07  1.25893E-07  1.58489E-07  1.99526E-07  2.51189E-07
#           3.16228E-07  3.98107E-07  5.01187E-07  6.30957E-07  7.94328E-07
#           1.00000E-06  1.25893E-06  1.58489E-06  1.99526E-06  2.51189E-06
#           3.16228E-06  3.98107E-06  5.01187E-06  6.30957E-06  7.94328E-06
#           1.00000E-05  1.25893E-05  1.58489E-05  1.99526E-05  2.51189E-05
#           3.16228E-05  3.98107E-05  5.01187E-05  6.30957E-05  7.94328E-05
#           1.00000E-04  1.25893E-04  1.58489E-04  1.99526E-04  2.51189E-04
#           3.16228E-04  3.98107E-04  5.01187E-04  6.30957E-04  7.94328E-04
#           1.00000E-03  1.25893E-03  1.58489E-03  1.99526E-03  2.51189E-03
#           3.16228E-03  3.98107E-03  5.01187E-03  6.30957E-03  7.94328E-03
#           1.00000E-02  1.25893E-02  1.58489E-02  1.99526E-02  2.51189E-02
#           3.16228E-02  3.98107E-02  5.01187E-02  6.30957E-02  7.94328E-02
#           1.00000E-01  1.25893E-01  1.58489E-01  1.99526E-01  2.51189E-01
#           3.16228E-01  3.98107E-01  5.01187E-01  6.30957E-01  7.94328E-01
#           1.00000E+00  1.25893E+00  1.58489E+00  1.99526E+00  2.51189E+00
#           3.16228E+00  3.98107E+00  5.01187E+00  6.30957E+00  7.94328E+00
#           1.00000E+01  1.25893E+01  1.58489E+01  1.99526E+01  2.51189E+01
#           3.16228E+01  3.98107E+01  5.01187E+01  6.30957E+01  7.94328E+01
#           1.00000E+02  1.25893E+02  1.58489E+02  1.99526E+02  2.51189E+02
#           3.16228E+02  3.98107E+02  5.01187E+02  6.30957E+02  7.94328E+02
#           1.00000E+03
     unit =    1            # unit is [1/cm^2/source]
 material =  all            # (D=all) number of specific material
     axis =     eng            # axis of output
     file = gas_track.out   # file name of output for the above axis
     part =  neutron  
# kf/name :  2112     
#    used :        main (  %)        temp (  %)       total (  %)
#  memory :         139 (  0)           0 (  0)         139 (  0)

#------------------------------------------------------------------------------
#newpage:
#   no. =  1   reg =    101

x: Energy [MeV/n]
y: Flux [1/cm^2/source]              
p: xlog ylog afac(0.8) form(0.9)
h: n            x            y(neutron ),hh0l n  
#  e-lower      e-upper        neutron   r.err 
   1.0000E-10   1.2589E-10   0.0000E+00  0.0000
   1.2589E-10   1.5849E-10   0.0000E+00  0.0000
   1.5849E-10   1.9953E-10   0.0000E+00  0.0000
   1.9953E-10   2.5119E-10   0.0000E+00  0.0000
   2.5119E-10   3.1623E-10   0.0000E+00  0.0000
   3.1623E-10   3.9811E-10   0.0000E+00  0.0000
   3.9811E-10   5.0119E-10   0.0000E+00  0.0000
   5.0119E-10   6.3096E-10   0.0000E+00  0.0000
   6.3096E-10   7.9433E-10   0.0000E+00  0.0000
   7.9433E-10   1.0000E-09   0.0000E+00  0.0000
   1.0000E-09   1.2589E-09   0.0000E+00  0.0000
   1.2589E-09   1.5849E-09   0.0000E+00  0.0000
   1.5849E-09   1.9953E-09   0.0000E+00  0.0000
   1.9953E-09   2.5119E-09   0.0000E+00  0.0000
   2.5119E-09   3.1623E-09   0.0000E+00  0.0000
   3.1623E-09   3.9811E-09   0.0000E+00  0.0000
   3.9811E-09   5.0119E-09   0.0000E+00  0.0000
   5.0119E-09   6.3096E-09   0.0000E+00  0.0000
   6.3096E-09   7.9433E-09   0.0000E+00  0.0000
   7.9433E-09   1.0000E-08   0.0000E+00  0.0000
   1.0000E-08   1.2589E-08   0.0000E+00  0.0000
   1.2589E-08   1.5849E-08   0.0000E+00  0.0000
   1.5849E-08   1.9953E-08   0.0000E+00  0.0000
   1.9953E-08   2.5119E-08   0.0000E+00  0.0000
   2.5119E-08   3.1623E-08   0.0000E+00  0.0000
   3.1623E-08   3.9811E-08   0.0000E+00  0.0000
   3.9811E-08   5.0119E-08   0.0000E+00  0.0000
   5.0119E-08   6.3096E-08   0.0000E+00  0.0000
   6.3096E-08   7.9433E-08   0.0000E+00  0.0000
   7.9433E-08   1.0000E-07   0.0000E+00  0.0000
   1.0000E-07   1.2589E-07   0.0000E+00  0.0000
   1.2589E-07   1.5849E-07   0.0000E+00  0.0000
   1.5849E-07   1.9953E-07   0.0000E+00  0.0000
   1.9953E-07   2.5119E-07   0.0000E+00  0.0000
   2.5119E-07   3.1623E-07   0.0000E+00  0.0000
   3.1623E-07   3.9811E-07   0.0000E+00  0.0000
   3.9811E-07   5.0119E-07   0.0000E+00  0.0000
   5.0119E-07   6.3096E-07   0.0000E+00  0.0000
   6.3096E-07   7.9433E-07   0.0000E+00  0.0000
   7.9433E-07   1.0000E-06   0.0000E+00  0.0000
   1.0000E-06   1.2589E-06   0.0000E+00  0.0000
   1.2589E-06   1.5849E-06   0.0000E+00  0.0000
   1.5849E-06   1.9953E-06   0.0000E+00  0.0000
   1.9953E-06   2.5119E-06   0.0000E+00  0.0000
   2.5119E-06   3.1623E-06   0.0000E+00  0.0000
   3.1623E-06   3.9811E-06   0.0000E+00  0.0000
   3.9811E-06   5.0119E-06   0.0000E+00  0.0000
   5.0119E-06   6.3096E-06   0.0000E+00  0.0000
   6.3096E-06   7.9433E-06   0.0000E+00  0.0000
   7.9433E-06   1.0000E-05   0.0000E+00  0.0000
   1.0000E-05   1.2589E-05   0.0000E+00  0.0000
   1.2589E-05   1.5849E-05   0.0000E+00  0.0000
   1.5849E-05   1.9953E-05   0.0000E+00  0.0000
   1.9953E-05   2.5119E-05   0.0000E+00  0.0000
   2.5119E-05   3.1623E-05   0.0000E+00  0.0000
   3.1623E-05   3.9811E-05   0.0000E+00  0.0000
   3.9811E-05   5.0119E-05   0.0000E+00  0.0000
   5.0119E-05   6.3096E-05   0.0000E+00  0.0000
   6.3096E-05   7.9433E-05   0.0000E+00  0.0000
   7.9433E-05   1.0000E-04   0.0000E+00  0.0000
   1.0000E-04   1.2589E-04   0.0000E+00  0.0000
   1.2589E-04   1.5849E-04   0.0000E+00  0.0000
   1.5849E-04   1.9953E-04   0.0000E+00  0.0000
   1.9953E-04   2.5119E-04   0.0000E+00  0.0000
   2.5119E-04   3.1623E-04   0.0000E+00  0.0000
   3.1623E-04   3.9811E-04   0.0000E+00  0.0000
   3.9811E-04   5.0119E-04   0.0000E+00  0.0000
   5.0119E-04   6.3096E-04   0.0000E+00  0.0000
   6.3096E-04   7.9433E-04   0.0000E+00  0.0000
   7.9433E-04   1.0000E-03   0.0000E+00  0.0000
   1.0000E-03   1.2589E-03   0.0000E+00  0.0000
   1.2589E-03   1.5849E-03   0.0000E+00  0.0000
   1.5849E-03   1.9953E-03   0.0000E+00  0.0000
   1.9953E-03   2.5119E-03   0.0000E+00  0.0000
   2.5119E-03   3.1623E-03   0.0000E+00  0.0000
   3.1623E-03   3.9811E-03   0.0000E+00  0.0000
   3.9811E-03   5.0119E-03   0.0000E+00  0.0000
   5.0119E-03   6.3096E-03   0.0000E+00  0.0000
   6.3096E-03   7.9433E-03   0.0000E+00  0.0000
   7.9433E-03   1.0000E-02   0.0000E+00  0.0000
   1.0000E-02   1.2589E-02   0.0000E+00  0.0000
   1.2589E-02   1.5849E-02   0.0000E+00  0.0000
   1.5849E-02   1.9953E-02   0.0000E+00  0.0000
   1.9953E-02   2.5119E-02   0.0000E+00  0.0000
   2.5119E-02   3.1623E-02   0.0000E+00  0.0000
   3.1623E-02   3.9811E-02   0.0000E+00  0.0000
   3.9811E-02   5.0119E-02   3.0542E-05  1.0000
   5.0119E-02   6.3096E-02   2.8650E-05  1.0000
   6.3096E-02   7.9433E-02   1.7999E-05  1.0000
   7.9433E-02   1.0000E-01   0.0000E+00  0.0000
   1.0000E-01   1.2589E-01   4.2316E-05  1.0000
   1.2589E-01   1.5849E-01   1.5248E-04  0.6109
   1.5849E-01   1.9953E-01   7.4506E-05  1.0000
   1.9953E-01   2.5119E-01   1.7880E-04  0.5269
   2.5119E-01   3.1623E-01   8.7777E-05  0.7082
   3.1623E-01   3.9811E-01   1.1007E-04  0.7145
   3.9811E-01   5.0119E-01   8.9024E-05  0.5656
   5.0119E-01   6.3096E-01   3.2292E-04  0.4187
   6.3096E-01   7.9433E-01   3.6726E-04  0.4124
   7.9433E-01   1.0000E+00   6.5005E-04  0.3136
   1.0000E+00   1.2589E+00   3.4061E-04  0.5118
   1.2589E+00   1.5849E+00   2.4011E-04  0.4247
   1.5849E+00   1.9953E+00   9.8259E-04  0.2491
   1.9953E+00   2.5119E+00   1.0787E-03  0.3085
   2.5119E+00   3.1623E+00   7.5223E-04  0.2910
   3.1623E+00   3.9811E+00   1.2258E-03  0.3265
   3.9811E+00   5.0119E+00   7.2609E-04  0.3353
   5.0119E+00   6.3096E+00   1.0587E-03  0.2340
   6.3096E+00   7.9433E+00   3.8920E-04  0.3803
   7.9433E+00   1.0000E+01   5.5449E-04  0.2867
   1.0000E+01   1.2589E+01   3.9914E-04  0.3307
   1.2589E+01   1.5849E+01   2.6717E-04  0.5840
   1.5849E+01   1.9953E+01   4.0215E-04  0.3539
   1.9953E+01   2.5119E+01   2.3756E-04  0.4219
   2.5119E+01   3.1623E+01   3.9586E-04  0.3466
   3.1623E+01   3.9811E+01   2.3295E-04  0.4015
   3.9811E+01   5.0119E+01   4.2477E-04  0.3341
   5.0119E+01   6.3096E+01   3.1808E-04  0.4506
   6.3096E+01   7.9433E+01   4.9718E-04  0.3008
   7.9433E+01   1.0000E+02   9.4302E-04  0.2698
   1.0000E+02   1.2589E+02   5.9356E-04  0.3363
   1.2589E+02   1.5849E+02   4.0625E-04  0.3467
   1.5849E+02   1.9953E+02   7.6588E-04  0.2986
   1.9953E+02   2.5119E+02   2.5389E-01  0.0146
   2.5119E+02   3.1623E+02   0.0000E+00  0.0000
   3.1623E+02   3.9811E+02   0.0000E+00  0.0000
   3.9811E+02   5.0119E+02   0.0000E+00  0.0000
   5.0119E+02   6.3096E+02   0.0000E+00  0.0000
   6.3096E+02   7.9433E+02   0.0000E+00  0.0000
   7.9433E+02   1.0000E+03   0.0000E+00  0.0000

#   sum over                 2.6927E-01  0.0147

'no. =  1,  reg  =    101'
msuc: {\huge Neutron track length in active He-3 gas}
msdr: {\it plotted by \ANGEL \version}
msdl: {\it calculated by \PHITS  3.36}
wt: s(0.7)
\vspace{-3}
   vol  &=&   1.0000E+00 [cm^3]
e:

#------------------------------------------------------------------------------
 newpage:
#   no. =  2   reg =    201

x: Energy [MeV/n]
y: Flux [1/cm^2/source]              
p: xlog ylog afac(0.8) form(0.9)
h: n            x            y(neutron ),hh0l n  
#  e-lower      e-upper        neutron   r.err 
   1.0000E-10   1.2589E-10   0.0000E+00  0.0000
   1.2589E-10   1.5849E-10   0.0000E+00  0.0000
   1.5849E-10   1.9953E-10   0.0000E+00  0.0000
   1.9953E-10   2.5119E-10   0.0000E+00  0.0000
   2.5119E-10   3.1623E-10   0.0000E+00  0.0000
   3.1623E-10   3.9811E-10   0.0000E+00  0.0000
   3.9811E-10   5.0119E-10   0.0000E+00  0.0000
   5.0119E-10   6.3096E-10   0.0000E+00  0.0000
   6.3096E-10   7.9433E-10   0.0000E+00  0.0000
   7.9433E-10   1.0000E-09   0.0000E+00  0.0000
   1.0000E-09   1.2589E-09   0.0000E+00  0.0000
   1.2589E-09   1.5849E-09   2.2212E-07  1.0000
   1.5849E-09   1.9953E-09   0.0000E+00  0.0000
   1.9953E-09   2.5119E-09   0.0000E+00  0.0000
   2.5119E-09   3.1623E-09   4.4663E-07  1.0000
   3.1623E-09   3.9811E-09   4.3534E-07  1.0000
   3.9811E-09   5.0119E-09   3.0145E-07  1.0000
   5.0119E-09   6.3096E-09   3.1100E-06  1.0000
   6.3096E-09   7.9433E-09   2.4409E-06  0.6812
   7.9433E-09   1.0000E-08   4.4630E-06  0.7332
   1.0000E-08   1.2589E-08   1.4990E-05  0.4883
   1.2589E-08   1.5849E-08   5.0846E-06  0.6838
   1.5849E-08   1.9953E-08   1.6153E-05  0.3267
   1.9953E-08   2.5119E-08   2.7954E-05  0.3769
   2.5119E-08   3.1623E-08   4.2195E-05  0.4005
   3.1623E-08   3.9811E-08   4.2458E-05  0.3166
   3.9811E-08   5.0119E-08   5.3930E-05  0.2621
   5.0119E-08   6.3096E-08   6.9799E-05  0.2733
   6.3096E-08   7.9433E-08   1.1604E-04  0.2850
   7.9433E-08   1.0000E-07   4.0432E-05  0.3124
   1.0000E-07   1.2589E-07   6.1758E-05  0.2985
   1.2589E-07   1.5849E-07   4.6500E-05  0.3505
   1.5849E-07   1.9953E-07   2.7861E-05  0.5486
   1.9953E-07   2.5119E-07   3.5408E-05  0.5971
   2.5119E-07   3.1623E-07   4.4090E-06  0.9511
   3.1623E-07   3.9811E-07   0.0000E+00  0.0000
   3.9811E-07   5.0119E-07   7.5938E-06  0.6701
   5.0119E-07   6.3096E-07   7.7349E-05  0.6728
   6.3096E-07   7.9433E-07   2.7919E-05  1.0000
   7.9433E-07   1.0000E-06   6.7936E-05  0.5275
   1.0000E-06   1.2589E-06   0.0000E+00  0.0000
   1.2589E-06   1.5849E-06   3.6550E-05  0.7352
   1.5849E-06   1.9953E-06   1.3638E-05  0.7072
   1.9953E-06   2.5119E-06   8.3064E-05  0.6218
   2.5119E-06   3.1623E-06   3.9088E-05  0.8670
   3.1623E-06   3.9811E-06   2.0361E-05  1.0000
   3.9811E-06   5.0119E-06   8.0765E-05  1.0000
   5.0119E-06   6.3096E-06   4.4738E-05  1.0000
   6.3096E-06   7.9433E-06   1.6475E-05  1.0000
   7.9433E-06   1.0000E-05   0.0000E+00  0.0000
   1.0000E-05   1.2589E-05   6.6015E-05  0.7526
   1.2589E-05   1.5849E-05   4.0933E-05  0.9039
   1.5849E-05   1.9953E-05   3.3423E-05  0.7335
   1.9953E-05   2.5119E-05   1.0593E-04  0.6503
   2.5119E-05   3.1623E-05   1.2492E-05  1.0000
   3.1623E-05   3.9811E-05   0.0000E+00  0.0000
   3.9811E-05   5.0119E-05   1.1187E-04  0.7851
   5.0119E-05   6.3096E-05   1.9328E-04  0.4493
   6.3096E-05   7.9433E-05   2.3869E-05  1.0000
   7.9433E-05   1.0000E-04   2.0675E-04  0.5305
   1.0000E-04   1.2589E-04   2.0928E-04  0.4257
   1.2589E-04   1.5849E-04   5.7053E-05  1.0000
   1.5849E-04   1.9953E-04   1.7489E-04  0.6717
   1.9953E-04   2.5119E-04   1.1400E-04  0.5687
   2.5119E-04   3.1623E-04   1.0952E-04  0.7326
   3.1623E-04   3.9811E-04   1.1086E-05  1.0000
   3.9811E-04   5.0119E-04   5.8073E-05  0.8152
   5.0119E-04   6.3096E-04   0.0000E+00  0.0000
   6.3096E-04   7.9433E-04   1.6817E-05  1.0000
   7.9433E-04   1.0000E-03   8.1503E-05  0.6998
   1.0000E-03   1.2589E-03   0.0000E+00  0.0000
   1.2589E-03   1.5849E-03   7.2949E-05  0.7332
   1.5849E-03   1.9953E-03   4.0027E-05  1.0000
   1.9953E-03   2.5119E-03   2.9162E-04  0.4798
   2.5119E-03   3.1623E-03   9.4961E-06  1.0000
   3.1623E-03   3.9811E-03   1.1874E-04  0.7398
   3.9811E-03   5.0119E-03   4.3013E-05  1.0000
   5.0119E-03   6.3096E-03   5.3039E-05  0.7609
   6.3096E-03   7.9433E-03   2.2334E-04  0.5316
   7.9433E-03   1.0000E-02   2.0311E-04  0.4610
   1.0000E-02   1.2589E-02   1.4224E-04  0.5774
   1.2589E-02   1.5849E-02   1.5637E-04  0.5864
   1.5849E-02   1.9953E-02   4.9962E-05  0.7355
   1.9953E-02   2.5119E-02   1.0645E-04  0.7206
   2.5119E-02   3.1623E-02   0.0000E+00  0.0000
   3.1623E-02   3.9811E-02   1.4205E-04  0.5390
   3.9811E-02   5.0119E-02   1.3518E-04  0.5608
   5.0119E-02   6.3096E-02   3.3725E-05  1.0000
   6.3096E-02   7.9433E-02   2.2803E-04  0.5055
   7.9433E-02   1.0000E-01   0.0000E+00  0.0000
   1.0000E-01   1.2589E-01   1.7190E-04  0.5197
   1.2589E-01   1.5849E-01   2.6307E-04  0.7707
   1.5849E-01   1.9953E-01   1.6404E-04  0.5258
   1.9953E-01   2.5119E-01   4.5849E-04  0.4860
   2.5119E-01   3.1623E-01   3.1869E-04  0.3781
   3.1623E-01   3.9811E-01   4.7620E-04  0.4085
   3.9811E-01   5.0119E-01   4.5470E-04  0.3885
   5.0119E-01   6.3096E-01   5.3848E-04  0.3645
   6.3096E-01   7.9433E-01   7.0380E-04  0.2737
   7.9433E-01   1.0000E+00   7.6583E-04  0.2597
   1.0000E+00   1.2589E+00   7.0918E-04  0.3171
   1.2589E+00   1.5849E+00   1.5477E-03  0.2327
   1.5849E+00   1.9953E+00   1.2996E-03  0.2523
   1.9953E+00   2.5119E+00   1.0128E-03  0.2920
   2.5119E+00   3.1623E+00   1.4215E-03  0.2692
   3.1623E+00   3.9811E+00   1.0763E-03  0.2157
   3.9811E+00   5.0119E+00   9.6263E-04  0.2398
   5.0119E+00   6.3096E+00   1.1806E-03  0.2619
   6.3096E+00   7.9433E+00   1.1394E-03  0.2225
   7.9433E+00   1.0000E+01   9.9590E-04  0.2338
   1.0000E+01   1.2589E+01   1.6359E-03  0.2018
   1.2589E+01   1.5849E+01   9.8157E-04  0.2756
   1.5849E+01   1.9953E+01   1.4225E-03  0.2053
   1.9953E+01   2.5119E+01   1.3377E-03  0.1910
   2.5119E+01   3.1623E+01   1.0385E-03  0.2353
   3.1623E+01   3.9811E+01   1.4026E-03  0.1855
   3.9811E+01   5.0119E+01   1.5640E-03  0.1854
   5.0119E+01   6.3096E+01   1.6644E-03  0.1825
   6.3096E+01   7.9433E+01   2.1958E-03  0.1636
   7.9433E+01   1.0000E+02   2.0620E-03  0.1555
   1.0000E+02   1.2589E+02   1.8315E-03  0.1702
   1.2589E+02   1.5849E+02   2.8427E-03  0.1319
   1.5849E+02   1.9953E+02   5.5427E-03  0.0987
   1.9953E+02   2.5119E+02   1.4207E-01  0.0188
   2.5119E+02   3.1623E+02   0.0000E+00  0.0000
   3.1623E+02   3.9811E+02   0.0000E+00  0.0000
   3.9811E+02   5.0119E+02   0.0000E+00  0.0000
   5.0119E+02   6.3096E+02   0.0000E+00  0.0000
   6.3096E+02   7.9433E+02   0.0000E+00  0.0000
   7.9433E+02   1.0000E+03   0.0000E+00  0.0000

#   sum over                 1.8806E-01  0.0182

'no. =  2,  reg  =    201'
msuc: {\huge Neutron track length in active He-3 gas}
msdr: {\it plotted by \ANGEL \version}
msdl: {\it calculated by \PHITS  3.36}
wt: s(0.7)
\vspace{-3}
   vol  &=&   1.0000E+00 [cm^3]
e:

#------------------------------------------------------------------------------
 newpage:
#   no. =  3   reg =    301

x: Energy [MeV/n]
y: Flux [1/cm^2/source]              
p: xlog ylog afac(0.8) form(0.9)
h: n            x            y(neutron ),hh0l n  
#  e-lower      e-upper        neutron   r.err 
   1.0000E-10   1.2589E-10   0.0000E+00  0.0000
   1.2589E-10   1.5849E-10   0.0000E+00  0.0000
   1.5849E-10   1.9953E-10   0.0000E+00  0.0000
   1.9953E-10   2.5119E-10   0.0000E+00  0.0000
   2.5119E-10   3.1623E-10   0.0000E+00  0.0000
   3.1623E-10   3.9811E-10   0.0000E+00  0.0000
   3.9811E-10   5.0119E-10   0.0000E+00  0.0000
   5.0119E-10   6.3096E-10   0.0000E+00  0.0000
   6.3096E-10   7.9433E-10   0.0000E+00  0.0000
   7.9433E-10   1.0000E-09   0.0000E+00  0.0000
   1.0000E-09   1.2589E-09   0.0000E+00  0.0000
   1.2589E-09   1.5849E-09   0.0000E+00  0.0000
   1.5849E-09   1.9953E-09   0.0000E+00  0.0000
   1.9953E-09   2.5119E-09   0.0000E+00  0.0000
   2.5119E-09   3.1623E-09   0.0000E+00  0.0000
   3.1623E-09   3.9811E-09   0.0000E+00  0.0000
   3.9811E-09   5.0119E-09   0.0000E+00  0.0000
   5.0119E-09   6.3096E-09   0.0000E+00  0.0000
   6.3096E-09   7.9433E-09   0.0000E+00  0.0000
   7.9433E-09   1.0000E-08   0.0000E+00  0.0000
   1.0000E-08   1.2589E-08   0.0000E+00  0.0000
   1.2589E-08   1.5849E-08   0.0000E+00  0.0000
   1.5849E-08   1.9953E-08   0.0000E+00  0.0000
   1.9953E-08   2.5119E-08   0.0000E+00  0.0000
   2.5119E-08   3.1623E-08   0.0000E+00  0.0000
   3.1623E-08   3.9811E-08   0.0000E+00  0.0000
   3.9811E-08   5.0119E-08   0.0000E+00  0.0000
   5.0119E-08   6.3096E-08   0.0000E+00  0.0000
   6.3096E-08   7.9433E-08   0.0000E+00  0.0000
   7.9433E-08   1.0000E-07   0.0000E+00  0.0000
   1.0000E-07   1.2589E-07   0.0000E+00  0.0000
   1.2589E-07   1.5849E-07   0.0000E+00  0.0000
   1.5849E-07   1.9953E-07   0.0000E+00  0.0000
   1.9953E-07   2.5119E-07   0.0000E+00  0.0000
   2.5119E-07   3.1623E-07   0.0000E+00  0.0000
   3.1623E-07   3.9811E-07   0.0000E+00  0.0000
   3.9811E-07   5.0119E-07   0.0000E+00  0.0000
   5.0119E-07   6.3096E-07   0.0000E+00  0.0000
   6.3096E-07   7.9433E-07   0.0000E+00  0.0000
   7.9433E-07   1.0000E-06   0.0000E+00  0.0000
   1.0000E-06   1.2589E-06   0.0000E+00  0.0000
   1.2589E-06   1.5849E-06   0.0000E+00  0.0000
   1.5849E-06   1.9953E-06   0.0000E+00  0.0000
   1.9953E-06   2.5119E-06   0.0000E+00  0.0000
   2.5119E-06   3.1623E-06   0.0000E+00  0.0000
   3.1623E-06   3.9811E-06   0.0000E+00  0.0000
   3.9811E-06   5.0119E-06   0.0000E+00  0.0000
   5.0119E-06   6.3096E-06   0.0000E+00  0.0000
   6.3096E-06   7.9433E-06   0.0000E+00  0.0000
   7.9433E-06   1.0000E-05   0.0000E+00  0.0000
   1.0000E-05   1.2589E-05   0.0000E+00  0.0000
   1.2589E-05   1.5849E-05   0.0000E+00  0.0000
   1.5849E-05   1.9953E-05   0.0000E+00  0.0000
   1.9953E-05   2.5119E-05   0.0000E+00  0.0000
   2.5119E-05   3.1623E-05   0.0000E+00  0.0000
   3.1623E-05   3.9811E-05   0.0000E+00  0.0000
   3.9811E-05   5.0119E-05   0.0000E+00  0.0000
   5.0119E-05   6.3096E-05   0.0000E+00  0.0000
   6.3096E-05   7.9433E-05   0.0000E+00  0.0000
   7.9433E-05   1.0000E-04   0.0000E+00  0.0000
   1.0000E-04   1.2589E-04   0.0000E+00  0.0000
   1.2589E-04   1.5849E-04   0.0000E+00  0.0000
   1.5849E-04   1.9953E-04   0.0000E+00  0.0000
   1.9953E-04   2.5119E-04   0.0000E+00  0.0000
   2.5119E-04   3.1623E-04   0.0000E+00  0.0000
   3.1623E-04   3.9811E-04   0.0000E+00  0.0000
   3.9811E-04   5.0119E-04   0.0000E+00  0.0000
   5.0119E-04   6.3096E-04   0.0000E+00  0.0000
   6.3096E-04   7.9433E-04   0.0000E+00  0.0000
   7.9433E-04   1.0000E-03   0.0000E+00  0.0000
   1.0000E-03   1.2589E-03   0.0000E+00  0.0000
   1.2589E-03   1.5849E-03   0.0000E+00  0.0000
   1.5849E-03   1.9953E-03   0.0000E+00  0.0000
   1.9953E-03   2.5119E-03   0.0000E+00  0.0000
   2.5119E-03   3.1623E-03   0.0000E+00  0.0000
   3.1623E-03   3.9811E-03   0.0000E+00  0.0000
   3.9811E-03   5.0119E-03   0.0000E+00  0.0000
   5.0119E-03   6.3096E-03   0.0000E+00  0.0000
   6.3096E-03   7.9433E-03   0.0000E+00  0.0000
   7.9433E-03   1.0000E-02   0.0000E+00  0.0000
   1.0000E-02   1.2589E-02   0.0000E+00  0.0000
   1.2589E-02   1.5849E-02   0.0000E+00  0.0000
   1.5849E-02   1.9953E-02   0.0000E+00  0.0000
   1.9953E-02   2.5119E-02   0.0000E+00  0.0000
   2.5119E-02   3.1623E-02   0.0000E+00  0.0000
   3.1623E-02   3.9811E-02   0.0000E+00  0.0000
   3.9811E-02   5.0119E-02   0.0000E+00  0.0000
   5.0119E-02   6.3096E-02   0.0000E+00  0.0000
   6.3096E-02   7.9433E-02   0.0000E+00  0.0000
   7.9433E-02   1.0000E-01   0.0000E+00  0.0000
   1.0000E-01   1.2589E-01   4.6260E-05  1.0000
   1.2589E-01   1.5849E-01   0.0000E+00  0.0000
   1.5849E-01   1.9953E-01   0.0000E+00  0.0000
   1.9953E-01   2.5119E-01   2.2520E-05  1.0000
   2.5119E-01   3.1623E-01   1.0749E-04  0.4772
   3.1623E-01   3.9811E-01   3.4632E-05  0.7095
   3.9811E-01   5.0119E-01   5.2576E-06  0.7099
   5.0119E-01   6.3096E-01   1.0124E-04  0.5841
   6.3096E-01   7.9433E-01   1.9345E-04  0.4580
   7.9433E-01   1.0000E+00   2.1422E-04  0.4328
   1.0000E+00   1.2589E+00   1.5634E-04  0.4611
   1.2589E+00   1.5849E+00   1.6526E-04  0.4815
   1.5849E+00   1.9953E+00   3.7150E-04  0.3409
   1.9953E+00   2.5119E+00   4.0563E-04  0.3335
   2.5119E+00   3.1623E+00   4.6246E-04  0.2948
   3.1623E+00   3.9811E+00   3.4549E-04  0.3229
   3.9811E+00   5.0119E+00   2.7773E-04  0.3741
   5.0119E+00   6.3096E+00   2.7101E-04  0.3696
   6.3096E+00   7.9433E+00   3.0831E-04  0.4676
   7.9433E+00   1.0000E+01   1.5943E-04  0.4189
   1.0000E+01   1.2589E+01   1.3496E-04  0.4307
   1.2589E+01   1.5849E+01   7.5086E-05  0.6555
   1.5849E+01   1.9953E+01   1.6532E-04  0.4620
   1.9953E+01   2.5119E+01   9.5312E-05  0.4380
   2.5119E+01   3.1623E+01   1.9671E-04  0.4328
   3.1623E+01   3.9811E+01   2.7146E-04  0.4296
   3.9811E+01   5.0119E+01   3.3788E-04  0.2915
   5.0119E+01   6.3096E+01   1.5333E-04  0.4367
   6.3096E+01   7.9433E+01   1.7923E-04  0.4439
   7.9433E+01   1.0000E+02   5.1020E-04  0.3135
   1.0000E+02   1.2589E+02   1.9603E-04  0.3574
   1.2589E+02   1.5849E+02   1.8361E-04  0.4052
   1.5849E+02   1.9953E+02   1.1263E-04  0.4213
   1.9953E+02   2.5119E+02   9.9400E-02  0.0168
   2.5119E+02   3.1623E+02   0.0000E+00  0.0000
   3.1623E+02   3.9811E+02   0.0000E+00  0.0000
   3.9811E+02   5.0119E+02   0.0000E+00  0.0000
   5.0119E+02   6.3096E+02   0.0000E+00  0.0000
   6.3096E+02   7.9433E+02   0.0000E+00  0.0000
   7.9433E+02   1.0000E+03   0.0000E+00  0.0000

#   sum over                 1.0566E-01  0.0172

'no. =  3,  reg  =    301'
msuc: {\huge Neutron track length in active He-3 gas}
msdr: {\it plotted by \ANGEL \version}
msdl: {\it calculated by \PHITS  3.36}
wt: s(0.7)
\vspace{-3}
   vol  &=&   1.0000E+00 [cm^3]
e:

#------------------------------------------------------------------------------
 newpage:
#   no. =  4   reg =    401

x: Energy [MeV/n]
y: Flux [1/cm^2/source]              
p: xlog ylog afac(0.8) form(0.9)
h: n            x            y(neutron ),hh0l n  
#  e-lower      e-upper        neutron   r.err 
   1.0000E-10   1.2589E-10   0.0000E+00  0.0000
   1.2589E-10   1.5849E-10   0.0000E+00  0.0000
   1.5849E-10   1.9953E-10   0.0000E+00  0.0000
   1.9953E-10   2.5119E-10   0.0000E+00  0.0000
   2.5119E-10   3.1623E-10   0.0000E+00  0.0000
   3.1623E-10   3.9811E-10   0.0000E+00  0.0000
   3.9811E-10   5.0119E-10   0.0000E+00  0.0000
   5.0119E-10   6.3096E-10   0.0000E+00  0.0000
   6.3096E-10   7.9433E-10   0.0000E+00  0.0000
   7.9433E-10   1.0000E-09   0.0000E+00  0.0000
   1.0000E-09   1.2589E-09   0.0000E+00  0.0000
   1.2589E-09   1.5849E-09   0.0000E+00  0.0000
   1.5849E-09   1.9953E-09   0.0000E+00  0.0000
   1.9953E-09   2.5119E-09   0.0000E+00  0.0000
   2.5119E-09   3.1623E-09   0.0000E+00  0.0000
   3.1623E-09   3.9811E-09   0.0000E+00  0.0000
   3.9811E-09   5.0119E-09   0.0000E+00  0.0000
   5.0119E-09   6.3096E-09   0.0000E+00  0.0000
   6.3096E-09   7.9433E-09   0.0000E+00  0.0000
   7.9433E-09   1.0000E-08   1.3322E-06  0.7244
   1.0000E-08   1.2589E-08   2.9312E-07  1.0000
   1.2589E-08   1.5849E-08   3.6190E-07  1.0000
   1.5849E-08   1.9953E-08   2.4766E-06  0.9978
   1.9953E-08   2.5119E-08   3.0982E-06  0.9401
   2.5119E-08   3.1623E-08   1.7901E-05  0.5120
   3.1623E-08   3.9811E-08   1.6708E-06  0.6300
   3.9811E-08   5.0119E-08   7.2829E-06  0.6001
   5.0119E-08   6.3096E-08   1.8506E-05  0.5278
   6.3096E-08   7.9433E-08   2.4721E-05  0.3807
   7.9433E-08   1.0000E-07   2.7691E-05  0.3960
   1.0000E-07   1.2589E-07   3.0239E-05  0.4716
   1.2589E-07   1.5849E-07   1.3989E-05  0.7314
   1.5849E-07   1.9953E-07   5.8192E-06  0.7466
   1.9953E-07   2.5119E-07   2.5703E-05  0.7175
   2.5119E-07   3.1623E-07   2.6584E-05  0.7476
   3.1623E-07   3.9811E-07   1.2977E-05  1.0000
   3.9811E-07   5.0119E-07   1.3217E-05  0.8573
   5.0119E-07   6.3096E-07   0.0000E+00  0.0000
   6.3096E-07   7.9433E-07   7.0927E-06  1.0000
   7.9433E-07   1.0000E-06   3.3577E-05  0.6011
   1.0000E-06   1.2589E-06   1.9892E-05  0.6378
   1.2589E-06   1.5849E-06   0.0000E+00  0.0000
   1.5849E-06   1.9953E-06   2.3579E-05  1.0000
   1.9953E-06   2.5119E-06   9.6591E-06  1.0000
   2.5119E-06   3.1623E-06   4.5117E-05  1.0000
   3.1623E-06   3.9811E-06   5.9219E-05  0.8157
   3.9811E-06   5.0119E-06   0.0000E+00  0.0000
   5.0119E-06   6.3096E-06   0.0000E+00  0.0000
   6.3096E-06   7.9433E-06   2.6034E-05  0.9298
   7.9433E-06   1.0000E-05   0.0000E+00  0.0000
   1.0000E-05   1.2589E-05   6.8487E-06  1.0000
   1.2589E-05   1.5849E-05   0.0000E+00  0.0000
   1.5849E-05   1.9953E-05   1.7652E-05  1.0000
   1.9953E-05   2.5119E-05   0.0000E+00  0.0000
   2.5119E-05   3.1623E-05   0.0000E+00  0.0000
   3.1623E-05   3.9811E-05   2.5741E-05  1.0000
   3.9811E-05   5.0119E-05   1.3997E-05  1.0000
   5.0119E-05   6.3096E-05   1.1783E-05  1.0000
   6.3096E-05   7.9433E-05   0.0000E+00  0.0000
   7.9433E-05   1.0000E-04   1.6938E-05  1.0000
   1.0000E-04   1.2589E-04   6.9121E-06  1.0000
   1.2589E-04   1.5849E-04   5.6437E-05  0.7154
   1.5849E-04   1.9953E-04   2.3926E-05  1.0000
   1.9953E-04   2.5119E-04   3.8018E-05  1.0000
   2.5119E-04   3.1623E-04   0.0000E+00  0.0000
   3.1623E-04   3.9811E-04   6.9521E-05  0.6089
   3.9811E-04   5.0119E-04   1.0494E-04  0.6025
   5.0119E-04   6.3096E-04   7.8772E-06  1.0000
   6.3096E-04   7.9433E-04   9.5865E-05  0.6004
   7.9433E-04   1.0000E-03   0.0000E+00  0.0000
   1.0000E-03   1.2589E-03   6.8248E-06  1.0000
   1.2589E-03   1.5849E-03   3.4373E-05  0.9396
   1.5849E-03   1.9953E-03   2.3937E-05  1.0000
   1.9953E-03   2.5119E-03   0.0000E+00  0.0000
   2.5119E-03   3.1623E-03   2.0903E-05  1.0000
   3.1623E-03   3.9811E-03   7.3601E-05  1.0000
   3.9811E-03   5.0119E-03   0.0000E+00  0.0000
   5.0119E-03   6.3096E-03   0.0000E+00  0.0000
   6.3096E-03   7.9433E-03   4.3059E-05  0.7072
   7.9433E-03   1.0000E-02   8.6007E-05  0.5210
   1.0000E-02   1.2589E-02   6.8762E-05  0.5812
   1.2589E-02   1.5849E-02   8.1978E-05  0.7579
   1.5849E-02   1.9953E-02   9.4662E-05  0.5390
   1.9953E-02   2.5119E-02   4.0175E-05  0.6239
   2.5119E-02   3.1623E-02   1.0301E-04  0.4793
   3.1623E-02   3.9811E-02   5.5960E-05  0.7263
   3.9811E-02   5.0119E-02   4.8359E-05  0.7283
   5.0119E-02   6.3096E-02   1.1974E-04  0.6549
   6.3096E-02   7.9433E-02   8.0748E-05  0.5736
   7.9433E-02   1.0000E-01   7.0137E-05  0.5167
   1.0000E-01   1.2589E-01   1.3256E-04  0.6069
   1.2589E-01   1.5849E-01   3.8974E-05  0.7312
   1.5849E-01   1.9953E-01   4.1166E-05  0.6346
   1.9953E-01   2.5119E-01   1.1962E-05  0.7920
   2.5119E-01   3.1623E-01   7.9152E-05  0.5522
   3.1623E-01   3.9811E-01   1.4817E-04  0.4312
   3.9811E-01   5.0119E-01   2.7911E-04  0.5425
   5.0119E-01   6.3096E-01   2.1639E-04  0.3690
   6.3096E-01   7.9433E-01   3.1813E-04  0.3168
   7.9433E-01   1.0000E+00   1.9971E-04  0.3186
   1.0000E+00   1.2589E+00   1.1514E-04  0.4049
   1.2589E+00   1.5849E+00   3.2555E-04  0.2663
   1.5849E+00   1.9953E+00   2.8624E-04  0.3166
   1.9953E+00   2.5119E+00   3.6110E-04  0.3527
   2.5119E+00   3.1623E+00   4.6556E-04  0.2466
   3.1623E+00   3.9811E+00   4.0291E-04  0.2672
   3.9811E+00   5.0119E+00   3.9402E-04  0.2499
   5.0119E+00   6.3096E+00   6.1443E-04  0.2155
   6.3096E+00   7.9433E+00   3.4207E-04  0.2793
   7.9433E+00   1.0000E+01   4.9213E-04  0.2289
   1.0000E+01   1.2589E+01   3.0628E-04  0.3162
   1.2589E+01   1.5849E+01   2.3579E-04  0.3354
   1.5849E+01   1.9953E+01   4.1531E-04  0.3141
   1.9953E+01   2.5119E+01   3.7970E-04  0.2906
   2.5119E+01   3.1623E+01   2.9023E-04  0.2892
   3.1623E+01   3.9811E+01   5.3034E-04  0.2532
   3.9811E+01   5.0119E+01   4.8502E-04  0.2249
   5.0119E+01   6.3096E+01   5.4455E-04  0.2408
   6.3096E+01   7.9433E+01   4.2217E-04  0.2689
   7.9433E+01   1.0000E+02   6.3347E-04  0.1976
   1.0000E+02   1.2589E+02   7.4288E-04  0.1884
   1.2589E+02   1.5849E+02   1.0047E-03  0.1919
   1.5849E+02   1.9953E+02   1.8465E-03  0.1244
   1.9953E+02   2.5119E+02   5.9918E-02  0.0212
   2.5119E+02   3.1623E+02   0.0000E+00  0.0000
   3.1623E+02   3.9811E+02   0.0000E+00  0.0000
   3.9811E+02   5.0119E+02   0.0000E+00  0.0000
   5.0119E+02   6.3096E+02   0.0000E+00  0.0000
   6.3096E+02   7.9433E+02   0.0000E+00  0.0000
   7.9433E+02   1.0000E+03   0.0000E+00  0.0000

#   sum over                 7.5026E-02  0.0210

'no. =  4,  reg  =    401'
msuc: {\huge Neutron track length in active He-3 gas}
msdr: {\it plotted by \ANGEL \version}
msdl: {\it calculated by \PHITS  3.36}
wt: s(0.7)
\vspace{-3}
   vol  &=&   1.0000E+00 [cm^3]
e:
 
# Information for Restart Calculation
# This calculation was newly started
# istdev =  2 # 1:Batch variance, 2:History variance
# resc2  = 1.50047027915996034E+05 # Total source weight or Total source weight / maxcas
# resc3  = 1.50000000000000000E+05 # Total history number or Total batch number
# maxcas =      150000 # History / Batch, only used for istdev=1
# bitrseed = 1101100100101001110111110101000111110010100001001110110011001100 # bit data of rseed
