           _________________________________________________________
          |                                                         |
          |       _/_/_/_/                                          |
          |      _/      _/                  _/_/_/_/_/_/           |
          |     _/      _/  _/      _/   _/      _/      _/_/_/_/_/ |
          |    _/_/_/_/    _/      _/   _/      _/      _/          |
          |   _/          _/_/_/_/_/   _/      _/       _/_/_/_/    |
          |  _/          _/      _/   _/      _/              _/    |
          | _/          _/      _/   _/      _/      _/_/_/_/_/     |
          |                                                         |
          |                                                         |
          |       Particle and Heavy Ion Transport code System      |
          |                      Version =  3.360                   |
          |                       developed by                      |
          |                                                         |
          |  Tatsuhiko SATO, Yosuke IWAMOTO, Shintaro HASHIMOTO,    |
          |    Tatsuhiko OGAWA, Takuya FURUTA, Shinichiro ABE,      |
          |    Takeshi KAI, Norihiro MATSUDA, Yusuke MATSUYA,       |
          |      Yuho HIRATA, Takuya SEKIKAWA, Seiki Ohnish,        |
          |                     Yao LAN (JAEA),                     |
          |  Hiroshi IWASE, Yasuhito SAKAKI, Kenta SUGIHARA (KEK),  |
          |           Nobuhiro SHIGYO (Kyushu University),          |
          |     Hunter RATLIFF (Haukeland University Hospital),     |
          |  Lembit SIHVER (University of Texas Rio Grande Valley), |
          |                  and Koji NIITA (RIST)                  |
          |                                                         |
          |                 Last Revised  2026-03-24                |
          |_________________________________________________________|

                        Starting Date = 2026-08-24
                        Starting Time = 00h 19m 27

>>> Input Echo >>>=============================================================

[ Title ]
Connectivity ping: cosmic-ray flux in an empty sphere (tiny statistics)
S6 theory_research: Web PHITS 疎通確認のみ。source_check の縮小版。

[ Parameters ]
 icntl    =           0     # (D=0) 3:ECH 5:NOR 6:SRC 7,8:GSH 11:DSH 12:DUMP
 maxcas   =        1000     # (D=10) number of particles per one batch
 maxbch   =           2     # (D=10) number of batches
 e-mode   =           2     # (D=0) 0: Normal, 1: Event generator mode Ver.1, 2: Ver.2
 irqmd    =           1     # (D=0) 0: JQMD legacy version, 1: JQMD-2.0
 negs     =           2     # (D=-1) =-1:original, =0:No, =1:EGS, =2:EGS(HE)
 mdbatima =        3000     # (D=500) max database size of ATIMA
 maxbnk   =      100000     # (D=10000) maximum bank memory length
 imevperu =           1     # (D=1) currently recommended to use iMeVperN instead of iMeVperU
 emin(12) =  1.00000000     # (D=1.e+9) cut-off energy of electron (MeV)
 emin(13) =  1.00000000     # (D=1.e+9) cut-off energy of positron (MeV)

[ Source ]
  totfact = -9.04753E+05    # (D=1.0) global factor
$ totfact = -9.04753E+05    # revised global factor by e-type = 25,26,28 or 29

 <Source> =  3.04287E-03    # weight of this sub-source
$<Source> =  3.04287E-03    # revised <source> by e-type=25,26,28 or 29
   s-type =   9             # spherical source
     proj =  neutron        # kind of incident particle         
       x0 =   0.0000        # (D=0.0) center position of x-axis [cm]
       y0 =   0.0000        # (D=0.0) center position of y-axis [cm]
       z0 =   0.0000        # (D=0.0) center position of z-axis [cm]
       r1 =   1500.0        # inner radius [cm]
       r2 =   1500.0        # outer radius [cm]
      dir =  iso            # inner direction with uniform dis. by analog
      ag1 =  -1.0000        # minimum zenith angle in cosine
      ag2 =   1.0000        # maximum zenith angle in cosine
      pg1 =   0.0000        # minimum azimuth angle in degree
      pg2 =   360.00        # maximum azimuth angle in degree
   e-type =  25             # Cosmic-ray source
      eg1 =  1.00000E-08    # minimum cutoff energy [MeV]
      eg2 =   10000.        # maximum cutoff energy [MeV]
       nm = -200            # number of energy mesh
                            # nm>0: lin, nm<0: log mesh and interpolation
#   e-type = 21             # energy distribution given by data
#      ne = -200            # number of energy bin
#  e-lower      fluence(/cm2/s/(MeV/n))
#  1.00000E-08  3.49620E+01
#  1.14815E-08  3.57466E+01
#  1.31826E-08  3.64882E+01
#  1.51356E-08  3.71749E+01
#  1.73780E-08  3.77933E+01
#  1.99526E-08  3.83289E+01
#  2.29087E-08  3.87658E+01
#  2.63027E-08  3.90872E+01
#  3.01995E-08  3.92762E+01
#  3.46737E-08  3.93159E+01
#  3.98107E-08  3.91904E+01
#  4.57088E-08  3.88860E+01
#  5.24807E-08  3.83918E+01
#  6.02560E-08  3.77011E+01
#  6.91831E-08  3.68122E+01
#  7.94328E-08  3.57292E+01
#  9.12011E-08  3.44623E+01
#  1.04713E-07  3.30273E+01
#  1.20226E-07  3.14463E+01
#  1.38038E-07  2.97460E+01
#  1.58489E-07  2.79565E+01
#  1.81970E-07  2.61091E+01
#  2.08930E-07  2.42355E+01
#  2.39883E-07  2.23659E+01
#  2.75423E-07  2.05274E+01
#  3.16228E-07  1.87438E+01
#  3.63078E-07  1.70343E+01
#  4.16869E-07  1.54136E+01
#  4.78630E-07  1.38923E+01
#  5.49541E-07  1.24768E+01
#  6.30957E-07  1.11700E+01
#  7.24436E-07  9.97192E+00
#  8.31764E-07  8.88027E+00
#  9.54993E-07  7.89091E+00
#  1.09648E-06  6.99848E+00
#  1.25893E-06  6.19676E+00
#  1.44544E-06  5.47908E+00
#  1.65959E-06  4.83859E+00
#  1.90546E-06  4.26849E+00
#  2.18776E-06  3.76218E+00
#  2.51189E-06  3.31338E+00
#  2.88403E-06  2.91621E+00
#  3.31131E-06  2.56523E+00
#  3.80189E-06  2.25543E+00
#  4.36516E-06  1.98226E+00
#  5.01187E-06  1.74159E+00
#  5.75440E-06  1.52971E+00
#  6.60693E-06  1.34330E+00
#  7.58578E-06  1.17939E+00
#  8.70964E-06  1.03532E+00
#  1.00000E-05  9.08741E-01
#  1.14815E-05  7.97571E-01
#  1.31826E-05  6.99960E-01
#  1.51356E-05  6.14275E-01
#  1.73780E-05  5.39074E-01
#  1.99526E-05  4.73085E-01
#  2.29087E-05  4.15188E-01
#  2.63027E-05  3.64397E-01
#  3.01995E-05  3.19843E-01
#  3.46737E-05  2.80764E-01
#  3.98107E-05  2.46487E-01
#  4.57088E-05  2.16425E-01
#  5.24807E-05  1.90059E-01
#  6.02560E-05  1.66936E-01
#  6.91831E-05  1.46655E-01
#  7.94328E-05  1.28866E-01
#  9.12011E-05  1.13264E-01
#  1.04713E-04  9.95786E-02
#  1.20226E-04  8.75730E-02
#  1.38038E-04  7.70406E-02
#  1.58489E-04  6.77995E-02
#  1.81970E-04  5.96905E-02
#  2.08930E-04  5.25741E-02
#  2.39883E-04  4.63277E-02
#  2.75423E-04  4.08443E-02
#  3.16228E-04  3.60297E-02
#  3.63078E-04  3.18015E-02
#  4.16869E-04  2.80875E-02
#  4.78630E-04  2.48245E-02
#  5.49541E-04  2.19570E-02
#  6.30957E-04  1.94363E-02
#  7.24436E-04  1.72199E-02
#  8.31764E-04  1.52705E-02
#  9.54993E-04  1.35553E-02
#  1.09648E-03  1.20458E-02
#  1.25893E-03  1.07167E-02
#  1.44544E-03  9.54611E-03
#  1.65959E-03  8.51471E-03
#  1.90546E-03  7.60559E-03
#  2.18776E-03  6.80392E-03
#  2.51189E-03  6.09671E-03
#  2.88403E-03  5.47254E-03
#  3.31131E-03  4.92139E-03
#  3.80189E-03  4.43444E-03
#  4.36516E-03  4.00393E-03
#  5.01187E-03  3.62299E-03
#  5.75440E-03  3.28554E-03
#  6.60693E-03  2.98614E-03
#  7.58578E-03  2.71993E-03
#  8.70964E-03  2.48254E-03
#  1.00000E-02  2.26997E-03
#  1.14815E-02  2.07861E-03
#  1.31826E-02  1.90514E-03
#  1.51356E-02  1.74657E-03
#  1.73780E-02  1.60028E-03
#  1.99526E-02  1.46407E-03
#  2.29087E-02  1.33629E-03
#  2.63027E-02  1.21605E-03
#  3.01995E-02  1.10334E-03
#  3.46737E-02  9.99037E-04
#  3.98107E-02  9.04641E-04
#  4.57088E-02  8.21654E-04
#  5.24807E-02  7.50906E-04
#  6.02560E-02  6.92121E-04
#  6.91831E-02  6.43944E-04
#  7.94328E-02  6.04290E-04
#  9.12011E-02  5.70774E-04
#  1.04713E-01  5.41139E-04
#  1.20226E-01  5.13651E-04
#  1.38038E-01  4.87313E-04
#  1.58489E-01  4.61774E-04
#  1.81970E-01  4.37059E-04
#  2.08930E-01  4.13321E-04
#  2.39883E-01  3.90699E-04
#  2.75423E-01  3.69279E-04
#  3.16228E-01  3.49086E-04
#  3.63078E-01  3.30101E-04
#  4.16869E-01  3.12269E-04
#  4.78630E-01  2.95504E-04
#  5.49541E-01  2.79694E-04
#  6.30957E-01  2.64703E-04
#  7.24436E-01  2.50376E-04
#  8.31764E-01  2.36599E-04
#  9.54993E-01  2.23627E-04
#  1.09648E+00  2.13062E-04
#  1.25893E+00  2.04634E-04
#  1.44544E+00  1.92198E-04
#  1.65959E+00  1.76677E-04
#  1.90546E+00  1.59923E-04
#  2.18776E+00  1.42431E-04
#  2.51189E+00  1.24556E-04
#  2.88403E+00  1.06802E-04
#  3.31131E+00  8.97864E-05
#  3.80189E+00  7.41294E-05
#  4.36516E+00  6.03336E-05
#  5.01187E+00  4.87123E-05
#  5.75440E+00  3.94001E-05
#  6.60693E+00  3.23154E-05
#  7.58578E+00  2.70044E-05
#  8.70964E+00  2.29875E-05
#  1.00000E+01  1.98093E-05
#  1.14815E+01  1.71575E-05
#  1.31826E+01  1.49135E-05
#  1.51356E+01  1.30622E-05
#  1.73780E+01  1.16602E-05
#  1.99526E+01  1.07901E-05
#  2.29087E+01  1.01024E-05
#  2.63027E+01  9.51191E-06
#  3.01995E+01  9.13037E-06
#  3.46737E+01  8.95063E-06
#  3.98107E+01  8.92108E-06
#  4.57088E+01  8.97132E-06
#  5.24807E+01  9.02085E-06
#  6.02560E+01  8.96021E-06
#  6.91831E+01  8.73584E-06
#  7.94328E+01  8.34657E-06
#  9.12011E+01  7.78559E-06
#  1.04713E+02  7.07405E-06
#  1.20226E+02  6.25148E-06
#  1.38038E+02  5.36563E-06
#  1.58489E+02  4.46571E-06
#  1.81970E+02  3.60295E-06
#  2.08930E+02  2.82061E-06
#  2.39883E+02  2.14307E-06
#  2.75423E+02  1.57962E-06
#  3.16228E+02  1.12978E-06
#  3.63078E+02  7.86078E-07
#  4.16869E+02  5.33796E-07
#  4.78630E+02  3.56056E-07
#  5.49541E+02  2.35094E-07
#  6.30957E+02  1.54353E-07
#  7.24436E+02  1.02056E-07
#  8.31764E+02  6.84822E-08
#  9.54993E+02  4.68362E-08
#  1.09648E+03  3.26674E-08
#  1.25893E+03  2.31832E-08
#  1.44544E+03  1.66759E-08
#  1.65959E+03  1.21089E-08
#  1.90546E+03  8.84585E-09
#  2.18776E+03  6.48481E-09
#  2.51189E+03  4.76278E-09
#  2.88403E+03  3.50105E-09
#  3.31131E+03  2.57441E-09
#  3.80189E+03  1.89315E-09
#  4.36516E+03  1.39212E-09
#  5.01187E+03  1.02363E-09
#  5.75440E+03  7.52651E-10
#  6.60693E+03  5.53395E-10
#  7.58578E+03  4.06893E-10
#  8.70964E+03  2.99184E-10
    icenv =   5             # 0>: Terrestiral GCR, D=0: Free-space GCR, <0:Free-space SEP
 solarmod =   100.00        # Solar activity W-index
    rigid =   10.924        # Cut-off rigidity in GV
  depatom =   1029.6        # Atmospheric depth in g/cm2
  environ =  0.15000        # Surrounding environment (icenv=2-4) or SPE index (icenv=-1)

 <Source> =  9.25576E-03    # weight of this sub-source
$<Source> =  9.25576E-03    # revised <source> by e-type=25,26,28 or 29
   s-type =   9             # spherical source
     proj =  muon+          # kind of incident particle         
       x0 =   0.0000        # (D=0.0) center position of x-axis [cm]
       y0 =   0.0000        # (D=0.0) center position of y-axis [cm]
       z0 =   0.0000        # (D=0.0) center position of z-axis [cm]
       r1 =   1500.0        # inner radius [cm]
       r2 =   1500.0        # outer radius [cm]
      dir =  iso            # inner direction with uniform dis. by analog
      ag1 =  -1.0000        # minimum zenith angle in cosine
      ag2 =   1.0000        # maximum zenith angle in cosine
      pg1 =   0.0000        # minimum azimuth angle in degree
      pg2 =   360.00        # maximum azimuth angle in degree
   e-type =  25             # Cosmic-ray source
      eg1 =  1.00000E-02    # minimum cutoff energy [MeV]
      eg2 =  1.00000E+08    # maximum cutoff energy [MeV]
       nm = -200            # number of energy mesh
                            # nm>0: lin, nm<0: log mesh and interpolation
#   e-type = 21             # energy distribution given by data
#      ne = -200            # number of energy bin
#  e-lower      fluence(/cm2/s/(MeV/n))
#  1.00000E-02  9.39484E-10
#  1.12202E-02  1.04396E-09
#  1.25893E-02  1.16006E-09
#  1.41254E-02  1.28905E-09
#  1.58489E-02  1.43238E-09
#  1.77828E-02  1.59163E-09
#  1.99526E-02  1.76857E-09
#  2.23872E-02  1.96516E-09
#  2.51189E-02  2.18358E-09
#  2.81838E-02  2.42624E-09
#  3.16228E-02  2.69582E-09
#  3.54813E-02  2.99531E-09
#  3.98107E-02  3.32801E-09
#  4.46684E-02  3.69758E-09
#  5.01187E-02  4.10809E-09
#  5.62341E-02  4.56406E-09
#  6.30957E-02  5.07049E-09
#  7.07946E-02  5.63293E-09
#  7.94328E-02  6.25751E-09
#  8.91251E-02  6.95106E-09
#  1.00000E-01  7.72111E-09
#  1.12202E-01  8.57603E-09
#  1.25893E-01  9.52504E-09
#  1.41254E-01  1.05784E-08
#  1.58489E-01  1.17473E-08
#  1.77828E-01  1.30443E-08
#  1.99526E-01  1.44832E-08
#  2.23872E-01  1.60792E-08
#  2.51189E-01  1.78489E-08
#  2.81838E-01  1.98109E-08
#  3.16228E-01  2.19853E-08
#  3.54813E-01  2.43945E-08
#  3.98107E-01  2.70628E-08
#  4.46684E-01  3.00168E-08
#  5.01187E-01  3.32859E-08
#  5.62341E-01  3.69017E-08
#  6.30957E-01  4.08988E-08
#  7.07946E-01  4.53148E-08
#  7.94328E-01  5.01902E-08
#  8.91251E-01  5.55689E-08
#  1.00000E+00  6.14976E-08
#  1.12202E+00  6.80267E-08
#  1.25893E+00  7.52095E-08
#  1.41254E+00  8.31025E-08
#  1.58489E+00  9.17652E-08
#  1.77828E+00  1.01259E-07
#  1.99526E+00  1.11649E-07
#  2.23872E+00  1.23000E-07
#  2.51189E+00  1.35379E-07
#  2.81838E+00  1.48853E-07
#  3.16228E+00  1.63487E-07
#  3.54813E+00  1.79345E-07
#  3.98107E+00  1.96489E-07
#  4.46684E+00  2.14975E-07
#  5.01187E+00  2.34854E-07
#  5.62341E+00  2.56174E-07
#  6.30957E+00  2.78975E-07
#  7.07946E+00  3.03292E-07
#  7.94328E+00  3.29159E-07
#  8.91251E+00  3.56607E-07
#  1.00000E+01  3.85673E-07
#  1.12202E+01  4.16404E-07
#  1.25893E+01  4.48868E-07
#  1.41254E+01  4.83157E-07
#  1.58489E+01  5.19407E-07
#  1.77828E+01  5.57801E-07
#  1.99526E+01  5.98580E-07
#  2.23872E+01  6.42051E-07
#  2.51189E+01  6.88583E-07
#  2.81838E+01  7.38600E-07
#  3.16228E+01  7.92559E-07
#  3.54813E+01  8.50922E-07
#  3.98107E+01  9.14108E-07
#  4.46684E+01  9.82440E-07
#  5.01187E+01  1.05609E-06
#  5.62341E+01  1.13500E-06
#  6.30957E+01  1.21886E-06
#  7.07946E+01  1.30706E-06
#  7.94328E+01  1.39866E-06
#  8.91251E+01  1.49244E-06
#  1.00000E+02  1.58421E-06
#  1.12202E+02  1.67189E-06
#  1.25893E+02  1.75629E-06
#  1.41254E+02  1.83572E-06
#  1.58489E+02  1.90862E-06
#  1.77828E+02  1.97361E-06
#  1.99526E+02  2.02957E-06
#  2.23872E+02  2.07566E-06
#  2.51189E+02  2.11132E-06
#  2.81838E+02  2.13626E-06
#  3.16228E+02  2.15043E-06
#  3.54813E+02  2.15397E-06
#  3.98107E+02  2.14716E-06
#  4.46684E+02  2.13041E-06
#  5.01187E+02  2.10417E-06
#  5.62341E+02  2.06895E-06
#  6.30957E+02  2.02527E-06
#  7.07946E+02  1.97364E-06
#  7.94328E+02  1.91460E-06
#  8.91251E+02  1.84867E-06
#  1.00000E+03  1.77641E-06
#  1.12202E+03  1.69837E-06
#  1.25893E+03  1.61517E-06
#  1.41254E+03  1.52746E-06
#  1.58489E+03  1.43598E-06
#  1.77828E+03  1.34149E-06
#  1.99526E+03  1.24488E-06
#  2.23872E+03  1.14706E-06
#  2.51189E+03  1.04903E-06
#  2.81838E+03  9.51797E-07
#  3.16228E+03  8.56406E-07
#  3.54813E+03  7.63866E-07
#  3.98107E+03  6.75138E-07
#  4.46684E+03  5.91090E-07
#  5.01187E+03  5.12466E-07
#  5.62341E+03  4.39858E-07
#  6.30957E+03  3.73685E-07
#  7.07946E+03  3.14180E-07
#  7.94328E+03  2.61393E-07
#  8.91251E+03  2.15200E-07
#  1.00000E+04  1.75326E-07
#  1.12202E+04  1.41368E-07
#  1.25893E+04  1.12833E-07
#  1.41254E+04  8.91676E-08
#  1.58489E+04  6.97886E-08
#  1.77828E+04  5.41149E-08
#  1.99526E+04  4.15879E-08
#  2.23872E+04  3.16894E-08
#  2.51189E+04  2.39521E-08
#  2.81838E+04  1.79661E-08
#  3.16228E+04  1.33795E-08
#  3.54813E+04  9.89702E-09
#  3.98107E+04  7.27521E-09
#  4.46684E+04  5.31689E-09
#  5.01187E+04  3.86484E-09
#  5.62341E+04  2.79543E-09
#  6.30957E+04  2.01272E-09
#  7.07946E+04  1.44312E-09
#  7.94328E+04  1.03076E-09
#  8.91251E+04  7.33672E-10
#  1.00000E+05  5.20554E-10
#  1.12202E+05  3.68280E-10
#  1.25893E+05  2.59870E-10
#  1.41254E+05  1.82939E-10
#  1.58489E+05  1.28507E-10
#  1.77828E+05  9.00973E-11
#  1.99526E+05  6.30580E-11
#  2.23872E+05  4.40644E-11
#  2.51189E+05  3.07485E-11
#  2.81838E+05  2.14293E-11
#  3.16228E+05  1.41311E-11
#  3.54813E+05  9.39484E-12
#  3.98107E+05  6.23960E-12
#  4.46684E+05  4.14022E-12
#  5.01187E+05  2.74492E-12
#  5.62341E+05  1.81851E-12
#  6.30957E+05  1.20396E-12
#  7.07946E+05  7.96624E-13
#  7.94328E+05  5.26821E-13
#  8.91251E+05  3.48230E-13
#  1.00000E+06  2.30083E-13
#  1.12202E+06  1.51964E-13
#  1.25893E+06  1.00334E-13
#  1.41254E+06  6.62250E-14
#  1.58489E+06  4.36998E-14
#  1.77828E+06  2.88292E-14
#  1.99526E+06  1.90148E-14
#  2.23872E+06  1.25391E-14
#  2.51189E+06  8.26738E-15
#  2.81838E+06  5.45007E-15
#  3.16228E+06  3.59233E-15
#  3.54813E+06  2.36754E-15
#  3.98107E+06  1.56017E-15
#  4.46684E+06  1.02802E-15
#  5.01187E+06  6.77323E-16
#  5.62341E+06  4.46227E-16
#  6.30957E+06  2.93958E-16
#  7.07946E+06  1.93637E-16
#  7.94328E+06  1.27546E-16
#  8.91251E+06  8.40085E-17
#  1.00000E+07  5.53301E-17
#  1.12202E+07  3.64404E-17
#  1.25893E+07  2.39987E-17
#  1.41254E+07  1.58045E-17
#  1.58489E+07  1.04078E-17
#  1.77828E+07  6.85378E-18
#  1.99526E+07  4.51326E-18
#  2.23872E+07  2.97195E-18
#  2.51189E+07  1.95697E-18
#  2.81838E+07  1.28861E-18
#  3.16228E+07  8.48500E-19
#  3.54813E+07  5.58698E-19
#  3.98107E+07  3.67872E-19
#  4.46684E+07  2.42222E-19
#  5.01187E+07  1.59487E-19
#  5.62341E+07  1.05011E-19
#  6.30957E+07  6.91415E-20
#  7.07946E+07  4.55241E-20
#  7.94328E+07  2.99738E-20
#  8.91251E+07  1.97351E-20
    icenv =   5             # 0>: Terrestiral GCR, D=0: Free-space GCR, <0:Free-space SEP
 solarmod =   100.00        # Solar activity W-index
    rigid =   10.924        # Cut-off rigidity in GV
  depatom =   1029.6        # Atmospheric depth in g/cm2
  environ =  0.15000        # Surrounding environment (icenv=2-4) or SPE index (icenv=-1)

 <Source> =  7.94166E-03    # weight of this sub-source
$<Source> =  7.94166E-03    # revised <source> by e-type=25,26,28 or 29
   s-type =   9             # spherical source
     proj =  muon-          # kind of incident particle         
       x0 =   0.0000        # (D=0.0) center position of x-axis [cm]
       y0 =   0.0000        # (D=0.0) center position of y-axis [cm]
       z0 =   0.0000        # (D=0.0) center position of z-axis [cm]
       r1 =   1500.0        # inner radius [cm]
       r2 =   1500.0        # outer radius [cm]
      dir =  iso            # inner direction with uniform dis. by analog
      ag1 =  -1.0000        # minimum zenith angle in cosine
      ag2 =   1.0000        # maximum zenith angle in cosine
      pg1 =   0.0000        # minimum azimuth angle in degree
      pg2 =   360.00        # maximum azimuth angle in degree
   e-type =  25             # Cosmic-ray source
      eg1 =  1.00000E-02    # minimum cutoff energy [MeV]
      eg2 =  1.00000E+08    # maximum cutoff energy [MeV]
       nm = -200            # number of energy mesh
                            # nm>0: lin, nm<0: log mesh and interpolation
#   e-type = 21             # energy distribution given by data
#      ne = -200            # number of energy bin
#  e-lower      fluence(/cm2/s/(MeV/n))
#  1.00000E-02  9.03812E-10
#  1.12202E-02  1.00563E-09
#  1.25893E-02  1.11892E-09
#  1.41254E-02  1.24496E-09
#  1.58489E-02  1.38519E-09
#  1.77828E-02  1.54121E-09
#  1.99526E-02  1.71479E-09
#  2.23872E-02  1.90791E-09
#  2.51189E-02  2.12276E-09
#  2.81838E-02  2.36177E-09
#  3.16228E-02  2.62766E-09
#  3.54813E-02  2.92345E-09
#  3.98107E-02  3.25249E-09
#  4.46684E-02  3.61848E-09
#  5.01187E-02  4.02559E-09
#  5.62341E-02  4.47838E-09
#  6.30957E-02  4.98198E-09
#  7.07946E-02  5.54203E-09
#  7.94328E-02  6.16483E-09
#  8.91251E-02  6.85736E-09
#  1.00000E-01  7.62735E-09
#  1.12202E-01  8.48338E-09
#  1.25893E-01  9.43497E-09
#  1.41254E-01  1.04926E-08
#  1.58489E-01  1.16680E-08
#  1.77828E-01  1.29741E-08
#  1.99526E-01  1.44251E-08
#  2.23872E-01  1.60368E-08
#  2.51189E-01  1.78265E-08
#  2.81838E-01  1.98135E-08
#  3.16228E-01  2.20189E-08
#  3.54813E-01  2.44660E-08
#  3.98107E-01  2.71802E-08
#  4.46684E-01  3.01897E-08
#  5.01187E-01  3.35251E-08
#  5.62341E-01  3.72198E-08
#  6.30957E-01  4.13105E-08
#  7.07946E-01  4.58369E-08
#  7.94328E-01  5.08420E-08
#  8.91251E-01  5.63725E-08
#  1.00000E+00  6.24785E-08
#  1.12202E+00  6.92137E-08
#  1.25893E+00  7.66356E-08
#  1.41254E+00  8.48050E-08
#  1.58489E+00  9.37862E-08
#  1.77828E+00  1.03647E-07
#  1.99526E+00  1.14456E-07
#  2.23872E+00  1.26287E-07
#  2.51189E+00  1.39212E-07
#  2.81838E+00  1.53305E-07
#  3.16228E+00  1.68640E-07
#  3.54813E+00  1.85288E-07
#  3.98107E+00  2.03317E-07
#  4.46684E+00  2.22790E-07
#  5.01187E+00  2.43765E-07
#  5.62341E+00  2.66293E-07
#  6.30957E+00  2.90416E-07
#  7.07946E+00  3.16168E-07
#  7.94328E+00  3.43577E-07
#  8.91251E+00  3.72662E-07
#  1.00000E+01  4.03442E-07
#  1.12202E+01  4.35936E-07
#  1.25893E+01  4.70172E-07
#  1.41254E+01  5.06192E-07
#  1.58489E+01  5.44065E-07
#  1.77828E+01  5.83893E-07
#  1.99526E+01  6.25820E-07
#  2.23872E+01  6.70039E-07
#  2.51189E+01  7.16794E-07
#  2.81838E+01  7.66372E-07
#  3.16228E+01  8.19091E-07
#  3.54813E+01  8.75272E-07
#  3.98107E+01  9.35211E-07
#  4.46684E+01  9.99128E-07
#  5.01187E+01  1.06712E-06
#  5.62341E+01  1.13911E-06
#  6.30957E+01  1.21481E-06
#  7.07946E+01  1.29368E-06
#  7.94328E+01  1.37492E-06
#  8.91251E+01  1.45748E-06
#  1.00000E+02  1.53520E-06
#  1.12202E+02  1.60598E-06
#  1.25893E+02  1.67310E-06
#  1.41254E+02  1.73516E-06
#  1.58489E+02  1.79091E-06
#  1.77828E+02  1.83927E-06
#  1.99526E+02  1.87939E-06
#  2.23872E+02  1.91063E-06
#  2.51189E+02  1.93263E-06
#  2.81838E+02  1.94525E-06
#  3.16228E+02  1.94851E-06
#  3.54813E+02  1.94264E-06
#  3.98107E+02  1.92796E-06
#  4.46684E+02  1.90487E-06
#  5.01187E+02  1.87384E-06
#  5.62341E+02  1.83535E-06
#  6.30957E+02  1.78991E-06
#  7.07946E+02  1.73800E-06
#  7.94328E+02  1.68012E-06
#  8.91251E+02  1.61677E-06
#  1.00000E+03  1.54845E-06
#  1.12202E+03  1.47568E-06
#  1.25893E+03  1.39902E-06
#  1.41254E+03  1.31903E-06
#  1.58489E+03  1.23638E-06
#  1.77828E+03  1.15173E-06
#  1.99526E+03  1.06583E-06
#  2.23872E+03  9.79474E-07
#  2.51189E+03  8.93479E-07
#  2.81838E+03  8.08693E-07
#  3.16228E+03  7.25962E-07
#  3.54813E+03  6.46106E-07
#  3.98107E+03  5.69891E-07
#  4.46684E+03  4.98000E-07
#  5.01187E+03  4.31007E-07
#  5.62341E+03  3.69354E-07
#  6.30957E+03  3.13341E-07
#  7.07946E+03  2.63113E-07
#  7.94328E+03  2.18666E-07
#  8.91251E+03  1.79855E-07
#  1.00000E+04  1.46415E-07
#  1.12202E+04  1.17982E-07
#  1.25893E+04  9.41221E-08
#  1.41254E+04  7.43544E-08
#  1.58489E+04  5.81814E-08
#  1.77828E+04  4.51092E-08
#  1.99526E+04  3.46663E-08
#  2.23872E+04  2.64171E-08
#  2.51189E+04  1.99701E-08
#  2.81838E+04  1.49824E-08
#  3.16228E+04  1.11605E-08
#  3.54813E+04  8.25819E-09
#  3.98107E+04  6.07262E-09
#  4.46684E+04  4.43966E-09
#  5.01187E+04  3.22844E-09
#  5.62341E+04  2.33605E-09
#  6.30957E+04  1.68265E-09
#  7.07946E+04  1.20694E-09
#  7.94328E+04  8.62416E-10
#  8.91251E+04  6.14086E-10
#  1.00000E+05  4.35871E-10
#  1.12202E+05  3.08482E-10
#  1.25893E+05  2.17751E-10
#  1.41254E+05  1.53340E-10
#  1.58489E+05  1.07750E-10
#  1.77828E+05  7.55668E-11
#  1.99526E+05  5.29033E-11
#  2.23872E+05  3.69783E-11
#  2.51189E+05  2.58102E-11
#  2.81838E+05  1.79920E-11
#  3.16228E+05  1.18633E-11
#  3.54813E+05  7.88897E-12
#  3.98107E+05  5.24058E-12
#  4.46684E+05  3.47801E-12
#  5.01187E+05  2.30631E-12
#  5.62341E+05  1.52818E-12
#  6.30957E+05  1.01191E-12
#  7.07946E+05  6.69641E-13
#  7.94328E+05  4.42903E-13
#  8.91251E+05  2.92795E-13
#  1.00000E+06  1.93478E-13
#  1.12202E+06  1.27799E-13
#  1.25893E+06  8.43872E-14
#  1.41254E+06  5.57043E-14
#  1.58489E+06  3.67604E-14
#  1.77828E+06  2.42529E-14
#  1.99526E+06  1.59975E-14
#  2.23872E+06  1.05500E-14
#  2.51189E+06  6.95628E-15
#  2.81838E+06  4.58598E-15
#  3.16228E+06  3.02291E-15
#  3.54813E+06  1.99235E-15
#  3.98107E+06  1.31297E-15
#  4.46684E+06  8.65168E-16
#  5.01187E+06  5.70042E-16
#  5.62341E+06  3.75560E-16
#  6.30957E+06  2.47411E-16
#  7.07946E+06  1.62979E-16
#  7.94328E+06  1.07354E-16
#  8.91251E+06  7.07107E-17
#  1.00000E+07  4.65726E-17
#  1.12202E+07  3.06732E-17
#  1.25893E+07  2.02009E-17
#  1.41254E+07  1.33036E-17
#  1.58489E+07  8.76100E-18
#  1.77828E+07  5.76936E-18
#  1.99526E+07  3.79920E-18
#  2.23872E+07  2.50177E-18
#  2.51189E+07  1.64738E-18
#  2.81838E+07  1.08476E-18
#  3.16228E+07  7.14277E-19
#  3.54813E+07  4.70321E-19
#  3.98107E+07  3.09682E-19
#  4.46684E+07  2.03908E-19
#  5.01187E+07  1.34261E-19
#  5.62341E+07  8.84013E-20
#  6.30957E+07  5.82057E-20
#  7.07946E+07  3.83239E-20
#  7.94328E+07  2.52331E-20
#  8.91251E+07  1.66138E-20
    icenv =   5             # 0>: Terrestiral GCR, D=0: Free-space GCR, <0:Free-space SEP
 solarmod =   100.00        # Solar activity W-index
    rigid =   10.924        # Cut-off rigidity in GV
  depatom =   1029.6        # Atmospheric depth in g/cm2
  environ =  0.15000        # Surrounding environment (icenv=2-4) or SPE index (icenv=-1)

 <Source> =  0.10776        # weight of this sub-source
$<Source> =  0.10776        # revised <source> by e-type=25,26,28 or 29
   s-type =   9             # spherical source
     proj =  photon         # kind of incident particle         
       x0 =   0.0000        # (D=0.0) center position of x-axis [cm]
       y0 =   0.0000        # (D=0.0) center position of y-axis [cm]
       z0 =   0.0000        # (D=0.0) center position of z-axis [cm]
       r1 =   1500.0        # inner radius [cm]
       r2 =   1500.0        # outer radius [cm]
      dir =  iso            # inner direction with uniform dis. by analog
      ag1 =  -1.0000        # minimum zenith angle in cosine
      ag2 =   1.0000        # maximum zenith angle in cosine
      pg1 =   0.0000        # minimum azimuth angle in degree
      pg2 =   360.00        # maximum azimuth angle in degree
   e-type =  25             # Cosmic-ray source
      eg1 =  1.00000E-02    # minimum cutoff energy [MeV]
      eg2 =   10000.        # maximum cutoff energy [MeV]
       nm = -200            # number of energy mesh
                            # nm>0: lin, nm<0: log mesh and interpolation
#   e-type = 21             # energy distribution given by data
#      ne = -200            # number of energy bin
#  e-lower      fluence(/cm2/s/(MeV/n))
#  1.00000E-02  1.06350E-03
#  1.07152E-02  1.49215E-03
#  1.14815E-02  2.09363E-03
#  1.23027E-02  2.93768E-03
#  1.31826E-02  4.12211E-03
#  1.41254E-02  5.78413E-03
#  1.51356E-02  8.11613E-03
#  1.62181E-02  1.13876E-02
#  1.73780E-02  1.59755E-02
#  1.86209E-02  2.24057E-02
#  1.99526E-02  3.14094E-02
#  2.13796E-02  4.39955E-02
#  2.29087E-02  6.15420E-02
#  2.45471E-02  8.58966E-02
#  2.63027E-02  1.19462E-01
#  2.81838E-02  1.65201E-01
#  3.01995E-02  2.26418E-01
#  3.23594E-02  3.06084E-01
#  3.46737E-02  4.05386E-01
#  3.71535E-02  5.21418E-01
#  3.98107E-02  6.44788E-01
#  4.26580E-02  7.59329E-01
#  4.57088E-02  8.46306E-01
#  4.89779E-02  8.92141E-01
#  5.24807E-02  8.94140E-01
#  5.62341E-02  8.59782E-01
#  6.02560E-02  8.01320E-01
#  6.45654E-02  7.30538E-01
#  6.91831E-02  6.56203E-01
#  7.41310E-02  5.83795E-01
#  7.94328E-02  5.16252E-01
#  8.51138E-02  4.54851E-01
#  9.12011E-02  3.99899E-01
#  9.77237E-02  3.51182E-01
#  1.04713E-01  3.08241E-01
#  1.12202E-01  2.70522E-01
#  1.20226E-01  2.37457E-01
#  1.28825E-01  2.08505E-01
#  1.38038E-01  1.83169E-01
#  1.47911E-01  1.61002E-01
#  1.58489E-01  1.41608E-01
#  1.69824E-01  1.24637E-01
#  1.81970E-01  1.09783E-01
#  1.94984E-01  9.67763E-02
#  2.08930E-01  8.53835E-02
#  2.23872E-01  7.53994E-02
#  2.39883E-01  6.66456E-02
#  2.57040E-01  5.89662E-02
#  2.75423E-01  5.22256E-02
#  2.95121E-01  4.63054E-02
#  3.16228E-01  4.11022E-02
#  3.38844E-01  3.65260E-02
#  3.63078E-01  3.24983E-02
#  3.89045E-01  2.89506E-02
#  4.16869E-01  2.58232E-02
#  4.46684E-01  2.30638E-02
#  4.78630E-01  1.88229E-01
#  5.12861E-01  1.84729E-02
#  5.49541E-01  1.65669E-02
#  5.88844E-01  1.48786E-02
#  6.30957E-01  1.33816E-02
#  6.76083E-01  1.20526E-02
#  7.24436E-01  1.08714E-02
#  7.76247E-01  9.82030E-03
#  8.31764E-01  8.88379E-03
#  8.91251E-01  8.04829E-03
#  9.54993E-01  7.30189E-03
#  1.02329E+00  6.63419E-03
#  1.09648E+00  6.03604E-03
#  1.17490E+00  5.49942E-03
#  1.25893E+00  5.01731E-03
#  1.34896E+00  4.58351E-03
#  1.44544E+00  4.19261E-03
#  1.54882E+00  3.83982E-03
#  1.65959E+00  3.52094E-03
#  1.77828E+00  3.23226E-03
#  1.90546E+00  2.97052E-03
#  2.04174E+00  2.73283E-03
#  2.18776E+00  2.51665E-03
#  2.34423E+00  2.31974E-03
#  2.51189E+00  2.14010E-03
#  2.69153E+00  1.97597E-03
#  2.88403E+00  1.82578E-03
#  3.09030E+00  1.68814E-03
#  3.31131E+00  1.56183E-03
#  3.54813E+00  1.44575E-03
#  3.80189E+00  1.33891E-03
#  4.07380E+00  1.24044E-03
#  4.36516E+00  1.14958E-03
#  4.67735E+00  1.06561E-03
#  5.01187E+00  9.87924E-04
#  5.37032E+00  9.15958E-04
#  5.75440E+00  8.49211E-04
#  6.16595E+00  7.87234E-04
#  6.60693E+00  7.29625E-04
#  7.07946E+00  6.76020E-04
#  7.58578E+00  6.26093E-04
#  8.12831E+00  5.79550E-04
#  8.70964E+00  5.36126E-04
#  9.33254E+00  4.95584E-04
#  1.00000E+01  4.57709E-04
#  1.07152E+01  4.22309E-04
#  1.14815E+01  3.89209E-04
#  1.23027E+01  3.58254E-04
#  1.31826E+01  3.29304E-04
#  1.41254E+01  3.02232E-04
#  1.51356E+01  2.76926E-04
#  1.62181E+01  2.53283E-04
#  1.73780E+01  2.31212E-04
#  1.86209E+01  2.10628E-04
#  1.99526E+01  1.91457E-04
#  2.13796E+01  1.73629E-04
#  2.29087E+01  1.57080E-04
#  2.45471E+01  1.41749E-04
#  2.63027E+01  1.27581E-04
#  2.81838E+01  1.14519E-04
#  3.01995E+01  1.02512E-04
#  3.23594E+01  9.15073E-05
#  3.46737E+01  8.14528E-05
#  3.71535E+01  7.22974E-05
#  3.98107E+01  6.39893E-05
#  4.26580E+01  5.64770E-05
#  4.57088E+01  4.97085E-05
#  4.89779E+01  4.36325E-05
#  5.24807E+01  3.81980E-05
#  5.62341E+01  3.33546E-05
#  6.02560E+01  2.90535E-05
#  6.45654E+01  2.52470E-05
#  6.91831E+01  2.18897E-05
#  7.41310E+01  1.89381E-05
#  7.94328E+01  1.63512E-05
#  8.51138E+01  1.40908E-05
#  9.12011E+01  1.21210E-05
#  9.77237E+01  1.04092E-05
#  1.04713E+02  8.92520E-06
#  1.12202E+02  7.64169E-06
#  1.20226E+02  6.53400E-06
#  1.28825E+02  5.57998E-06
#  1.38038E+02  4.75984E-06
#  1.47911E+02  4.05600E-06
#  1.58489E+02  3.45293E-06
#  1.69824E+02  2.93696E-06
#  1.81970E+02  2.49610E-06
#  1.94984E+02  2.11987E-06
#  2.08930E+02  1.79916E-06
#  2.23872E+02  1.52605E-06
#  2.39883E+02  1.29369E-06
#  2.57040E+02  1.09617E-06
#  2.75423E+02  9.28392E-07
#  2.95121E+02  7.85974E-07
#  3.16228E+02  6.65160E-07
#  3.38844E+02  5.62731E-07
#  3.63078E+02  4.75932E-07
#  3.89045E+02  4.02414E-07
#  4.16869E+02  3.40170E-07
#  4.46684E+02  2.87490E-07
#  4.78630E+02  2.42921E-07
#  5.12861E+02  2.05225E-07
#  5.49541E+02  1.73351E-07
#  5.88844E+02  1.46407E-07
#  6.30957E+02  1.23634E-07
#  6.76083E+02  1.04392E-07
#  7.24436E+02  8.81349E-08
#  7.76247E+02  7.44029E-08
#  8.31764E+02  6.28051E-08
#  8.91251E+02  5.30112E-08
#  9.54993E+02  4.47415E-08
#  1.02329E+03  3.77596E-08
#  1.09648E+03  3.18655E-08
#  1.17490E+03  2.68901E-08
#  1.25893E+03  2.26906E-08
#  1.34896E+03  1.91461E-08
#  1.44544E+03  1.61548E-08
#  1.54882E+03  1.36304E-08
#  1.65959E+03  1.15001E-08
#  1.77828E+03  9.70252E-09
#  1.90546E+03  8.18574E-09
#  2.04174E+03  6.90593E-09
#  2.18776E+03  5.82611E-09
#  2.34423E+03  4.91505E-09
#  2.51189E+03  4.14639E-09
#  2.69153E+03  3.49790E-09
#  2.88403E+03  2.95080E-09
#  3.09030E+03  2.48924E-09
#  3.31131E+03  2.09986E-09
#  3.54813E+03  1.77137E-09
#  3.80189E+03  1.49426E-09
#  4.07380E+03  1.26049E-09
#  4.36516E+03  1.06328E-09
#  4.67735E+03  8.96926E-10
#  5.01187E+03  7.56593E-10
#  5.37032E+03  6.38214E-10
#  5.75440E+03  5.38355E-10
#  6.16595E+03  4.54119E-10
#  6.60693E+03  3.83062E-10
#  7.07946E+03  3.23122E-10
#  7.58578E+03  2.72561E-10
#  8.12831E+03  2.29911E-10
#  8.70964E+03  1.93935E-10
#  9.33254E+03  1.63587E-10
    icenv =   5             # 0>: Terrestiral GCR, D=0: Free-space GCR, <0:Free-space SEP
 solarmod =   100.00        # Solar activity W-index
    rigid =   10.924        # Cut-off rigidity in GV
  depatom =   1029.6        # Atmospheric depth in g/cm2
  environ =  0.15000        # Surrounding environment (icenv=2-4) or SPE index (icenv=-1)

[ Material ]
MAT[ 1 ] 
           N         -7.5530000E-01
           O         -2.3180000E-01
           Ar        -1.2900000E-02

[ Cell ]
 100         0                 -10 
 110         0                 10 -12 
 999        -1                 12 

[ Surface ]
 10            so    1.0000000E+03
 12            so    2.2000000E+03

[ Volume ]
    reg        vol
    100     4.1887900E+09

[ T-Track ]
    title = Cosmic-ray flux in vacuum (ping)
     mesh =  reg            # mesh type is region-wise
      reg = 100
   e-type =    3            # e-mesh is log given by emin, emax and ne
     emin =  1.0000000E-09  # minimum value of e-mesh points
     emax =   1000000.      # maximum value of e-mesh points
#    edel =  0.4605170      # mesh width of e-mesh points
       ne =     75          # number of e-mesh points
#    data = ( e(i), i = 1, ne + 1 )
#           1.00000E-09  1.58489E-09  2.51189E-09  3.98107E-09  6.30957E-09
#           1.00000E-08  1.58489E-08  2.51189E-08  3.98107E-08  6.30957E-08
#           1.00000E-07  1.58489E-07  2.51189E-07  3.98107E-07  6.30957E-07
#           1.00000E-06  1.58489E-06  2.51189E-06  3.98107E-06  6.30957E-06
#           1.00000E-05  1.58489E-05  2.51189E-05  3.98107E-05  6.30957E-05
#           1.00000E-04  1.58489E-04  2.51189E-04  3.98107E-04  6.30957E-04
#           1.00000E-03  1.58489E-03  2.51189E-03  3.98107E-03  6.30957E-03
#           1.00000E-02  1.58489E-02  2.51189E-02  3.98107E-02  6.30957E-02
#           1.00000E-01  1.58489E-01  2.51189E-01  3.98107E-01  6.30957E-01
#           1.00000E+00  1.58489E+00  2.51189E+00  3.98107E+00  6.30957E+00
#           1.00000E+01  1.58489E+01  2.51189E+01  3.98107E+01  6.30957E+01
#           1.00000E+02  1.58489E+02  2.51189E+02  3.98107E+02  6.30957E+02
#           1.00000E+03  1.58489E+03  2.51189E+03  3.98107E+03  6.30957E+03
#           1.00000E+04  1.58489E+04  2.51189E+04  3.98107E+04  6.30957E+04
#           1.00000E+05  1.58489E+05  2.51189E+05  3.98107E+05  6.30957E+05
#           1.00000E+06
     unit =    1            # unit is [1/cm^2/source]
 material =  all            # (D=all) number of specific material
     axis =     eng            # axis of output
     file = ping.out        # file name of output for the above axis
     part =  neutron    photon    ( muon+      muon-    ) 
# kf/name :  2112       22        ( -13        13       ) 
   epsout =    1            # (D=0) generate eps file by ANGEL
#    used :        main (  %)        temp (  %)       total (  %)
#  memory :          82 (  0)           0 (  0)          82 (  0)

[END] of Input Echo <<<========================================================

<<< Report of real Geometry memory >>>
*           GG/CG memory =        2
*     total memory: mdas = 80000000
*                percent =     0.00 %

<<< Report of material memory for high energy>>>
*   high energy material =        1
*     total memory: mdas = 80000000
*                percent =     0.00 %

<<< Report of material memory for low energy>>>
*    low energy material =   128164
*     total memory: mdas = 80000000
*                percent =     0.16 %

<<< Report of real tally memory >>>
*      real tally memory =       82
*     total memory: mdas = 80000000
*                percent =     0.00 %

<<< Report of temporary tally memory >>>
* temporary tally memory =   128169
*     total memory: mdas = 80000000
*                percent =     0.16 %

<<< Report of total memory >>>
*      used total memory =   128170
*     total memory: mdas = 80000000
*                percent =     0.16 %
*                ---------------------

-------------------------------------------------------------------------------
bat[       1] ncas =           1000.
 bitrseed = 0100001010011000001011101100011110011000110110100110010000000000
          cpu time =   0.001 s.

-------------------------------------------------------------------------------
bat[       2] ncas =           2000.
 bitrseed = 0101000011000111010110101100111000100101101011010111101101011101
          cpu time =   0.002 s.

===============================================================================

 Summary for the end of job

-------------------------------------------------------------------------------
 number of analyz call vs ncol
-------------------------------------------------------------------------------
     ncol          number
        1              1.   : start of calculation            
        2              1.   : end of calculation              
        3              2.   : end of a batch                  
        4           2000.   : source                          
        5              0.   : detection of geometry error/warn
        6              0.   : recovery from geometry warning  
        7              0.   : termination by geometry error   
        8              0.   : termination by weight cut-off   
        9              0.   : termination by time cut-off     
       10           1776.   : geometry boundary crossing      
       11              0.   : termination by energy cut-off   
       12           2002.   : termination by escape or leakage
       13              1.   : reaction : (n,x) type           
       14              0.   : reaction : (n,n'x) type         
       15              0.   : sequential transport for tally  

-------------------------------------------------------------------------------
 List of transport particles (not including source)
-------------------------------------------------------------------------------
     Name      kf-code        mass       charge   baryon
     positron      -11          0.5         1       0

     nu_e           12          0.0         0       0
     nu_muba       -14          0.0         0       0

-------------------------------------------------------------------------------
 prod. particles       number        weight        weight per source
-------------------------------------------------------------------------------
     other                 2.     5.7850150E-01     2.5782597E+02
     positron              1.     2.8925075E-01     1.2891299E+02

-------------------------------------------------------------------------------
 the other kind of produced particles
-------------------------------------------------------------------------------
     Name      kf-code        number     mass       charge   baryon
     nu_e           12             1       0.0         0       0
     nu_muba       -14             1       0.0         0       0

-------------------------------------------------------------------------------
 particle decays       number        weight        weight per source
-------------------------------------------------------------------------------
     muon+                 1.     2.8925075E-01     1.2891299E+02

-------------------------------------------------------------------------------
 leak. particles       number        weight        weight per source
-------------------------------------------------------------------------------
     muon-               513.     1.2731839E+02     5.6743136E+04
     photon              510.     1.7174111E+03     7.6541409E+05
     neutron             501.     4.7641327E+01     2.1232740E+04
     muon+               475.     1.3739411E+02     6.1233669E+04
     other                 2.     5.7850150E-01     2.5782597E+02
     positron              1.     2.8925075E-01     1.2891299E+02

-------------------------------------------------------------------------------
 the other kind of leakage particles
-------------------------------------------------------------------------------
     Name      kf-code        number     mass       charge   baryon
     nu_e           12             1       0.0         0       0
     nu_muba       -14             1       0.0         0       0

-------------------------------------------------------------------------------
 source: maxcas    maxbch      irskip   average weight          total source
-------------------------------------------------------------------------------
        1000           2           0    1.1218837E-06    2.2437673193153E-03

-------------------------------------------------------------------------------
 Geometry error summary
-------------------------------------------------------------------------------
 Number of lost particles     =     0 / nlost =       10
 Number of geometry recovering =     0
 Number of unrecovered errors =     0

-------------------------------------------------------------------------------
 initial random seed:
   bitrseed = 0100001010011000001011101100011110011000110110100110010000000000
 next initial random seed:
   bitrseed = 0101100011011011110001100101110111100110110100101110100101001100

-------------------------------------------------------------------------------
 job termination date : 2026/08/24
                 time :   00:19:27

-------------------------------------------------------------------------------
    CPU time and number of event called in PHITS
-------------------------------------------------------------------------------

                             sec
total cpu time =            0.39


                           count
      analysis =           5781.  : data processing
         nevap =              0.  : evaporation
        dexgam =              0.  : de-excitation
         nreac =              1.  : atomic and nuclear reactions
         dklos =              1.  : particle decay
         hydro =              0.  : nucleon-nucleon scattering
        n-data =              0.  : neutron data library
        h-data =              0.  : p, d, a data library
        p-data =              0.  : photon data library
        e-data =              0.  : electron data library
        p-egs5 =              0.  : photon interaction with EGS5
        e-egs5 =              0.  : electron interaction with EGS5
      e-tsmode =              0.  : electron track structure mode
    ion-tsmode =              0.  : ion track structure mode
     photonucl =              0.  : photo-nuclear reaction
 photonucl lib =              0.  : photo-nuclear reaction with library
       mu-reac =              0.  : muon-induced nuclear reaction
       mu-brem =              0.  : muon-induced bremsstrahlung
       mu-pprd =              0.  : muon-induced pair production
        mu-cap =              0.  : muon capture in nucleus
         elast =              0.  : elastic scattering
         ncasc =              0.  : nuclear reaction model

       bertini =              0.  : Bertini model
        isobar =              0.  : isobar model
           JAM =              0.  : JAM model
           QMD =              0.  : JQMD model
        JAMQMD =              0.  : JAMQMD model
          INCL =              0.  : INCL model
        INCELF =              0.  : INCELF model
     frag data =              0.  : user defined cross section
       SCINFUL =              0.  : SCINFUL mode

>>> Citation Request >>>=======================================================

 This execution uses model(s) that must be explicitly cited in addition to
 the PHITS original document: T.Sato et al., J.Nucl.Sci.Technol.61, 127-135 (2024).
 Please refer the following document(s) in your publication using this result

 The EGS5 code:
    H. Hirayama et al., SLAC-R-730 (2005) and KEK Report 2005-8 (2005)

 The KUROTAMA model:
    K. Iida, A. Kohama, and K. Oyamatsu, J. Phys. Soc. Japan 76, 044201 (2007).

 END 
