[ T-Track ]
    title = Flux spectrum in open air above ground
     mesh =  reg            # mesh type is region-wise
      reg = 111
   e-type =    3            # e-mesh is log given by emin, emax and ne
     emin =  1.0000000E-10  # minimum value of e-mesh points
     emax =   100000.0      # maximum value of e-mesh points
#    edel =  0.5756463      # mesh width of e-mesh points
       ne =     60          # number of e-mesh points
#    data = ( e(i), i = 1, ne + 1 )
#           1.00000E-10  1.77828E-10  3.16228E-10  5.62341E-10  1.00000E-09
#           1.77828E-09  3.16228E-09  5.62341E-09  1.00000E-08  1.77828E-08
#           3.16228E-08  5.62341E-08  1.00000E-07  1.77828E-07  3.16228E-07
#           5.62341E-07  1.00000E-06  1.77828E-06  3.16228E-06  5.62341E-06
#           1.00000E-05  1.77828E-05  3.16228E-05  5.62341E-05  1.00000E-04
#           1.77828E-04  3.16228E-04  5.62341E-04  1.00000E-03  1.77828E-03
#           3.16228E-03  5.62341E-03  1.00000E-02  1.77828E-02  3.16228E-02
#           5.62341E-02  1.00000E-01  1.77828E-01  3.16228E-01  5.62341E-01
#           1.00000E+00  1.77828E+00  3.16228E+00  5.62341E+00  1.00000E+01
#           1.77828E+01  3.16228E+01  5.62341E+01  1.00000E+02  1.77828E+02
#           3.16228E+02  5.62341E+02  1.00000E+03  1.77828E+03  3.16228E+03
#           5.62341E+03  1.00000E+04  1.77828E+04  3.16228E+04  5.62341E+04
#           1.00000E+05
     unit =    1            # unit is [1/cm^2/source]
 material =  all            # (D=all) number of specific material
     axis =     eng            # axis of output
     file = air_spec.out    # file name of output for the above axis
     part =  neutron    muon-      muon+      proton   
# kf/name :  2112       13         -13        2212     
#    used :        main (  %)        temp (  %)       total (  %)
#  memory :          67 (  0)           0 (  0)          67 (  0)

#------------------------------------------------------------------------------
#newpage:
#   no. =  1   reg =    111

x: Energy [MeV/n]
y: Flux [1/cm^2/source]              
p: xlog ylog afac(0.8) form(0.9)
h: n            x            y(neutron ),hh0l n  y(muon-   ),hh0dr n  y(muon+   ),hh0ub n  y(proton  ),hh0mg n  
#  e-lower      e-upper        neutron   r.err      muon-     r.err      muon+     r.err      proton    r.err 
   1.0000E-10   1.7783E-10   0.0000E+00  0.0000   0.0000E+00  0.0000   0.0000E+00  0.0000   0.0000E+00  0.0000
   1.7783E-10   3.1623E-10   0.0000E+00  0.0000   0.0000E+00  0.0000   0.0000E+00  0.0000   0.0000E+00  0.0000
   3.1623E-10   5.6234E-10   0.0000E+00  0.0000   0.0000E+00  0.0000   0.0000E+00  0.0000   0.0000E+00  0.0000
   5.6234E-10   1.0000E-09   0.0000E+00  0.0000   0.0000E+00  0.0000   0.0000E+00  0.0000   0.0000E+00  0.0000
   1.0000E-09   1.7783E-09   0.0000E+00  0.0000   0.0000E+00  0.0000   0.0000E+00  0.0000   0.0000E+00  0.0000
   1.7783E-09   3.1623E-09   0.0000E+00  0.0000   0.0000E+00  0.0000   0.0000E+00  0.0000   0.0000E+00  0.0000
   3.1623E-09   5.6234E-09   9.8751E-06  1.0000   0.0000E+00  0.0000   0.0000E+00  0.0000   0.0000E+00  0.0000
   5.6234E-09   1.0000E-08   1.2197E-05  1.0000   0.0000E+00  0.0000   0.0000E+00  0.0000   0.0000E+00  0.0000
   1.0000E-08   1.7783E-08   8.8702E-07  1.0000   0.0000E+00  0.0000   0.0000E+00  0.0000   0.0000E+00  0.0000
   1.7783E-08   3.1623E-08   1.3616E-05  0.6362   0.0000E+00  0.0000   0.0000E+00  0.0000   0.0000E+00  0.0000
   3.1623E-08   5.6234E-08   6.9801E-05  0.4168   0.0000E+00  0.0000   0.0000E+00  0.0000   0.0000E+00  0.0000
   5.6234E-08   1.0000E-07   1.9519E-05  0.4734   0.0000E+00  0.0000   0.0000E+00  0.0000   0.0000E+00  0.0000
   1.0000E-07   1.7783E-07   6.8175E-05  1.0000   0.0000E+00  0.0000   0.0000E+00  0.0000   0.0000E+00  0.0000
   1.7783E-07   3.1623E-07   4.1854E-05  0.5866   0.0000E+00  0.0000   0.0000E+00  0.0000   0.0000E+00  0.0000
   3.1623E-07   5.6234E-07   0.0000E+00  0.0000   0.0000E+00  0.0000   0.0000E+00  0.0000   0.0000E+00  0.0000
   5.6234E-07   1.0000E-06   1.7298E-05  0.7238   0.0000E+00  0.0000   0.0000E+00  0.0000   0.0000E+00  0.0000
   1.0000E-06   1.7783E-06   2.8172E-05  1.0000   0.0000E+00  0.0000   0.0000E+00  0.0000   0.0000E+00  0.0000
   1.7783E-06   3.1623E-06   4.4487E-05  0.7448   0.0000E+00  0.0000   0.0000E+00  0.0000   0.0000E+00  0.0000
   3.1623E-06   5.6234E-06   7.5737E-05  1.0000   0.0000E+00  0.0000   0.0000E+00  0.0000   0.0000E+00  0.0000
   5.6234E-06   1.0000E-05   9.5155E-05  1.0000   0.0000E+00  0.0000   0.0000E+00  0.0000   0.0000E+00  0.0000
   1.0000E-05   1.7783E-05   1.8363E-05  1.0000   0.0000E+00  0.0000   0.0000E+00  0.0000   0.0000E+00  0.0000
   1.7783E-05   3.1623E-05   1.7747E-06  1.0000   0.0000E+00  0.0000   0.0000E+00  0.0000   0.0000E+00  0.0000
   3.1623E-05   5.6234E-05   2.2326E-05  1.0000   0.0000E+00  0.0000   0.0000E+00  0.0000   0.0000E+00  0.0000
   5.6234E-05   1.0000E-04   2.8234E-05  1.0000   0.0000E+00  0.0000   0.0000E+00  0.0000   0.0000E+00  0.0000
   1.0000E-04   1.7783E-04   2.3062E-05  0.7379   0.0000E+00  0.0000   0.0000E+00  0.0000   0.0000E+00  0.0000
   1.7783E-04   3.1623E-04   8.2377E-05  0.8133   0.0000E+00  0.0000   0.0000E+00  0.0000   0.0000E+00  0.0000
   3.1623E-04   5.6234E-04   2.1951E-05  1.0000   0.0000E+00  0.0000   0.0000E+00  0.0000   0.0000E+00  0.0000
   5.6234E-04   1.0000E-03   3.1597E-05  1.0000   0.0000E+00  0.0000   0.0000E+00  0.0000   0.0000E+00  0.0000
   1.0000E-03   1.7783E-03   0.0000E+00  0.0000   0.0000E+00  0.0000   1.6136E-11  1.0000   4.1086E-11  0.7069
   1.7783E-03   3.1623E-03   3.5956E-05  0.7137   0.0000E+00  0.0000   7.7770E-12  1.0000   5.8958E-11  0.7069
   3.1623E-03   5.6234E-03   4.0736E-05  0.7074   0.0000E+00  0.0000   1.1649E-11  1.0000   8.3419E-11  0.7069
   5.6234E-03   1.0000E-02   0.0000E+00  0.0000   0.0000E+00  0.0000   1.8658E-11  1.0000   1.1669E-10  0.7069
   1.0000E-02   1.7783E-02   1.1492E-05  1.0000   0.0000E+00  0.0000   3.2266E-11  1.0000   1.6194E-10  0.7069
   1.7783E-02   3.1623E-02   3.3497E-05  0.7252   0.0000E+00  0.0000   6.4019E-11  1.0000   2.2593E-10  0.7069
   3.1623E-02   5.6234E-02   1.5319E-05  0.8231   0.0000E+00  0.0000   1.4973E-10  1.0000   3.4573E-10  0.7069
   5.6234E-02   1.0000E-01   0.0000E+00  0.0000   0.0000E+00  0.0000   3.8606E-10  1.0000   5.6070E-10  0.7069
   1.0000E-01   1.7783E-01   5.7608E-05  0.5920   0.0000E+00  0.0000   1.0125E-09  1.0000   9.9293E-10  0.7069
   1.7783E-01   3.1623E-01   2.9211E-05  0.5753   0.0000E+00  0.0000   2.6770E-09  1.0000   2.0398E-09  0.7069
   3.1623E-01   5.6234E-01   7.9312E-05  0.5454   0.0000E+00  0.0000   7.2380E-09  1.0000   4.9084E-09  0.7069
   5.6234E-01   1.0000E+00   1.8319E-04  0.3404   0.0000E+00  0.0000   2.0067E-08  1.0000   1.2757E-08  0.7069
   1.0000E+00   1.7783E+00   1.6304E-04  0.3286   0.0000E+00  0.0000   5.6865E-08  1.0000   3.3477E-08  0.7069
   1.7783E+00   3.1623E+00   2.1928E-04  0.3491   0.0000E+00  0.0000   2.4862E-08  1.0000   8.8847E-08  0.7069
   3.1623E+00   5.6234E+00   7.6773E-05  0.6179   0.0000E+00  0.0000   0.0000E+00  0.0000   2.7692E-07  0.6295
   5.6234E+00   1.0000E+01   1.2815E-04  0.3598   0.0000E+00  0.0000   0.0000E+00  0.0000   1.0091E-06  0.5770
   1.0000E+01   1.7783E+01   6.5105E-05  0.5050   0.0000E+00  0.0000   0.0000E+00  0.0000   8.8424E-07  0.6284
   1.7783E+01   3.1623E+01   1.9966E-04  0.2741   0.0000E+00  0.0000   0.0000E+00  0.0000   6.4268E-06  0.4495
   3.1623E+01   5.6234E+01   1.9260E-04  0.2824   0.0000E+00  0.0000   0.0000E+00  0.0000   2.8038E-05  0.3310
   5.6234E+01   1.0000E+02   3.7722E-04  0.2161   0.0000E+00  0.0000   0.0000E+00  0.0000   1.7835E-05  0.2459
   1.0000E+02   1.7783E+02   5.2972E-04  0.1833   0.0000E+00  0.0000   0.0000E+00  0.0000   2.4271E-05  0.2293
   1.7783E+02   3.1623E+02   3.8308E-04  0.2058   0.0000E+00  0.0000   0.0000E+00  0.0000   4.1126E-05  0.3914
   3.1623E+02   5.6234E+02   1.3768E-04  0.3349   0.0000E+00  0.0000   0.0000E+00  0.0000   3.2454E-05  0.1844
   5.6234E+02   1.0000E+03   4.2240E-05  0.5783   0.0000E+00  0.0000   0.0000E+00  0.0000   2.2903E-05  0.2229
   1.0000E+03   1.7783E+03   0.0000E+00  0.0000   0.0000E+00  0.0000   0.0000E+00  0.0000   1.4160E-05  0.2651
   1.7783E+03   3.1623E+03   2.0219E-05  0.7272   0.0000E+00  0.0000   0.0000E+00  0.0000   5.5476E-06  0.4258
   3.1623E+03   5.6234E+03   0.0000E+00  0.0000   0.0000E+00  0.0000   0.0000E+00  0.0000   4.8473E-06  0.4473
   5.6234E+03   1.0000E+04   0.0000E+00  0.0000   0.0000E+00  0.0000   0.0000E+00  0.0000   6.9410E-06  0.3634
   1.0000E+04   1.7783E+04   0.0000E+00  0.0000   0.0000E+00  0.0000   0.0000E+00  0.0000   1.8575E-06  0.6329
   1.7783E+04   3.1623E+04   0.0000E+00  0.0000   0.0000E+00  0.0000   0.0000E+00  0.0000   0.0000E+00  0.0000
   3.1623E+04   5.6234E+04   0.0000E+00  0.0000   0.0000E+00  0.0000   0.0000E+00  0.0000   1.0113E-06  1.0000
   5.6234E+04   1.0000E+05   0.0000E+00  0.0000   0.0000E+00  0.0000   0.0000E+00  0.0000   0.0000E+00  0.0000

#   sum over                 3.7475E-03  0.0873   0.0000E+00  0.0000   1.1341E-07  1.0000   2.0973E-04  0.1067

'no. =  1,  reg  =    111'
msuc: {\huge Flux spectrum in open air above ground}
msdr: {\it plotted by \ANGEL \version}
msdl: {\it calculated by \PHITS  3.36}
wt: s(0.7)
\vspace{-3}
   vol  &=&   5.1200E+08 [cm^3]
e:
 
# Information for Restart Calculation
# This calculation was newly started
# istdev =  2 # 1:Batch variance, 2:History variance
# resc2  = 5.85713565597936331E-02 # Total source weight or Total source weight / maxcas
# resc3  = 1.50000000000000000E+03 # Total history number or Total batch number
# maxcas =        1500 # History / Batch, only used for istdev=1
# bitrseed = 0100101110000010111011011110101111010111110011001110101111110100 # bit data of rseed
