[ T-Track ]
    title = Neutron track length in active He-3 gas
     mesh =  reg            # mesh type is region-wise
      reg = 101 201 301 401
   e-type =    3            # e-mesh is log given by emin, emax and ne
     emin =  1.0000000E-10  # minimum value of e-mesh points
     emax =   1000.000      # maximum value of e-mesh points
#    edel =  0.2302585      # mesh width of e-mesh points
       ne =    130          # number of e-mesh points
#    data = ( e(i), i = 1, ne + 1 )
#           1.00000E-10  1.25893E-10  1.58489E-10  1.99526E-10  2.51189E-10
#           3.16228E-10  3.98107E-10  5.01187E-10  6.30957E-10  7.94328E-10
#           1.00000E-09  1.25893E-09  1.58489E-09  1.99526E-09  2.51189E-09
#           3.16228E-09  3.98107E-09  5.01187E-09  6.30957E-09  7.94328E-09
#           1.00000E-08  1.25893E-08  1.58489E-08  1.99526E-08  2.51189E-08
#           3.16228E-08  3.98107E-08  5.01187E-08  6.30957E-08  7.94328E-08
#           1.00000E-07  1.25893E-07  1.58489E-07  1.99526E-07  2.51189E-07
#           3.16228E-07  3.98107E-07  5.01187E-07  6.30957E-07  7.94328E-07
#           1.00000E-06  1.25893E-06  1.58489E-06  1.99526E-06  2.51189E-06
#           3.16228E-06  3.98107E-06  5.01187E-06  6.30957E-06  7.94328E-06
#           1.00000E-05  1.25893E-05  1.58489E-05  1.99526E-05  2.51189E-05
#           3.16228E-05  3.98107E-05  5.01187E-05  6.30957E-05  7.94328E-05
#           1.00000E-04  1.25893E-04  1.58489E-04  1.99526E-04  2.51189E-04
#           3.16228E-04  3.98107E-04  5.01187E-04  6.30957E-04  7.94328E-04
#           1.00000E-03  1.25893E-03  1.58489E-03  1.99526E-03  2.51189E-03
#           3.16228E-03  3.98107E-03  5.01187E-03  6.30957E-03  7.94328E-03
#           1.00000E-02  1.25893E-02  1.58489E-02  1.99526E-02  2.51189E-02
#           3.16228E-02  3.98107E-02  5.01187E-02  6.30957E-02  7.94328E-02
#           1.00000E-01  1.25893E-01  1.58489E-01  1.99526E-01  2.51189E-01
#           3.16228E-01  3.98107E-01  5.01187E-01  6.30957E-01  7.94328E-01
#           1.00000E+00  1.25893E+00  1.58489E+00  1.99526E+00  2.51189E+00
#           3.16228E+00  3.98107E+00  5.01187E+00  6.30957E+00  7.94328E+00
#           1.00000E+01  1.25893E+01  1.58489E+01  1.99526E+01  2.51189E+01
#           3.16228E+01  3.98107E+01  5.01187E+01  6.30957E+01  7.94328E+01
#           1.00000E+02  1.25893E+02  1.58489E+02  1.99526E+02  2.51189E+02
#           3.16228E+02  3.98107E+02  5.01187E+02  6.30957E+02  7.94328E+02
#           1.00000E+03
     unit =    1            # unit is [1/cm^2/source]
 material =  all            # (D=all) number of specific material
     axis =     eng            # axis of output
     file = gas_track.out   # file name of output for the above axis
     part =  neutron  
# kf/name :  2112     
#    used :        main (  %)        temp (  %)       total (  %)
#  memory :         139 (  0)           0 (  0)         139 (  0)

#------------------------------------------------------------------------------
#newpage:
#   no. =  1   reg =    101

x: Energy [MeV/n]
y: Flux [1/cm^2/source]              
p: xlog ylog afac(0.8) form(0.9)
h: n            x            y(neutron ),hh0l n  
#  e-lower      e-upper        neutron   r.err 
   1.0000E-10   1.2589E-10   0.0000E+00  0.0000
   1.2589E-10   1.5849E-10   0.0000E+00  0.0000
   1.5849E-10   1.9953E-10   0.0000E+00  0.0000
   1.9953E-10   2.5119E-10   0.0000E+00  0.0000
   2.5119E-10   3.1623E-10   0.0000E+00  0.0000
   3.1623E-10   3.9811E-10   0.0000E+00  0.0000
   3.9811E-10   5.0119E-10   0.0000E+00  0.0000
   5.0119E-10   6.3096E-10   0.0000E+00  0.0000
   6.3096E-10   7.9433E-10   0.0000E+00  0.0000
   7.9433E-10   1.0000E-09   0.0000E+00  0.0000
   1.0000E-09   1.2589E-09   0.0000E+00  0.0000
   1.2589E-09   1.5849E-09   0.0000E+00  0.0000
   1.5849E-09   1.9953E-09   0.0000E+00  0.0000
   1.9953E-09   2.5119E-09   0.0000E+00  0.0000
   2.5119E-09   3.1623E-09   0.0000E+00  0.0000
   3.1623E-09   3.9811E-09   0.0000E+00  0.0000
   3.9811E-09   5.0119E-09   0.0000E+00  0.0000
   5.0119E-09   6.3096E-09   0.0000E+00  0.0000
   6.3096E-09   7.9433E-09   0.0000E+00  0.0000
   7.9433E-09   1.0000E-08   0.0000E+00  0.0000
   1.0000E-08   1.2589E-08   0.0000E+00  0.0000
   1.2589E-08   1.5849E-08   0.0000E+00  0.0000
   1.5849E-08   1.9953E-08   0.0000E+00  0.0000
   1.9953E-08   2.5119E-08   0.0000E+00  0.0000
   2.5119E-08   3.1623E-08   0.0000E+00  0.0000
   3.1623E-08   3.9811E-08   0.0000E+00  0.0000
   3.9811E-08   5.0119E-08   0.0000E+00  0.0000
   5.0119E-08   6.3096E-08   0.0000E+00  0.0000
   6.3096E-08   7.9433E-08   0.0000E+00  0.0000
   7.9433E-08   1.0000E-07   0.0000E+00  0.0000
   1.0000E-07   1.2589E-07   0.0000E+00  0.0000
   1.2589E-07   1.5849E-07   0.0000E+00  0.0000
   1.5849E-07   1.9953E-07   0.0000E+00  0.0000
   1.9953E-07   2.5119E-07   0.0000E+00  0.0000
   2.5119E-07   3.1623E-07   0.0000E+00  0.0000
   3.1623E-07   3.9811E-07   0.0000E+00  0.0000
   3.9811E-07   5.0119E-07   0.0000E+00  0.0000
   5.0119E-07   6.3096E-07   0.0000E+00  0.0000
   6.3096E-07   7.9433E-07   0.0000E+00  0.0000
   7.9433E-07   1.0000E-06   0.0000E+00  0.0000
   1.0000E-06   1.2589E-06   0.0000E+00  0.0000
   1.2589E-06   1.5849E-06   0.0000E+00  0.0000
   1.5849E-06   1.9953E-06   0.0000E+00  0.0000
   1.9953E-06   2.5119E-06   0.0000E+00  0.0000
   2.5119E-06   3.1623E-06   0.0000E+00  0.0000
   3.1623E-06   3.9811E-06   0.0000E+00  0.0000
   3.9811E-06   5.0119E-06   0.0000E+00  0.0000
   5.0119E-06   6.3096E-06   0.0000E+00  0.0000
   6.3096E-06   7.9433E-06   0.0000E+00  0.0000
   7.9433E-06   1.0000E-05   0.0000E+00  0.0000
   1.0000E-05   1.2589E-05   0.0000E+00  0.0000
   1.2589E-05   1.5849E-05   0.0000E+00  0.0000
   1.5849E-05   1.9953E-05   0.0000E+00  0.0000
   1.9953E-05   2.5119E-05   0.0000E+00  0.0000
   2.5119E-05   3.1623E-05   0.0000E+00  0.0000
   3.1623E-05   3.9811E-05   0.0000E+00  0.0000
   3.9811E-05   5.0119E-05   0.0000E+00  0.0000
   5.0119E-05   6.3096E-05   0.0000E+00  0.0000
   6.3096E-05   7.9433E-05   0.0000E+00  0.0000
   7.9433E-05   1.0000E-04   0.0000E+00  0.0000
   1.0000E-04   1.2589E-04   0.0000E+00  0.0000
   1.2589E-04   1.5849E-04   0.0000E+00  0.0000
   1.5849E-04   1.9953E-04   0.0000E+00  0.0000
   1.9953E-04   2.5119E-04   0.0000E+00  0.0000
   2.5119E-04   3.1623E-04   0.0000E+00  0.0000
   3.1623E-04   3.9811E-04   0.0000E+00  0.0000
   3.9811E-04   5.0119E-04   0.0000E+00  0.0000
   5.0119E-04   6.3096E-04   0.0000E+00  0.0000
   6.3096E-04   7.9433E-04   0.0000E+00  0.0000
   7.9433E-04   1.0000E-03   0.0000E+00  0.0000
   1.0000E-03   1.2589E-03   0.0000E+00  0.0000
   1.2589E-03   1.5849E-03   0.0000E+00  0.0000
   1.5849E-03   1.9953E-03   0.0000E+00  0.0000
   1.9953E-03   2.5119E-03   0.0000E+00  0.0000
   2.5119E-03   3.1623E-03   0.0000E+00  0.0000
   3.1623E-03   3.9811E-03   0.0000E+00  0.0000
   3.9811E-03   5.0119E-03   0.0000E+00  0.0000
   5.0119E-03   6.3096E-03   0.0000E+00  0.0000
   6.3096E-03   7.9433E-03   0.0000E+00  0.0000
   7.9433E-03   1.0000E-02   0.0000E+00  0.0000
   1.0000E-02   1.2589E-02   0.0000E+00  0.0000
   1.2589E-02   1.5849E-02   0.0000E+00  0.0000
   1.5849E-02   1.9953E-02   0.0000E+00  0.0000
   1.9953E-02   2.5119E-02   0.0000E+00  0.0000
   2.5119E-02   3.1623E-02   0.0000E+00  0.0000
   3.1623E-02   3.9811E-02   0.0000E+00  0.0000
   3.9811E-02   5.0119E-02   0.0000E+00  0.0000
   5.0119E-02   6.3096E-02   0.0000E+00  0.0000
   6.3096E-02   7.9433E-02   0.0000E+00  0.0000
   7.9433E-02   1.0000E-01   0.0000E+00  0.0000
   1.0000E-01   1.2589E-01   0.0000E+00  0.0000
   1.2589E-01   1.5849E-01   0.0000E+00  0.0000
   1.5849E-01   1.9953E-01   0.0000E+00  0.0000
   1.9953E-01   2.5119E-01   0.0000E+00  0.0000
   2.5119E-01   3.1623E-01   2.3259E-05  1.0000
   3.1623E-01   3.9811E-01   5.5032E-05  1.0000
   3.9811E-01   5.0119E-01   3.9560E-04  0.3206
   5.0119E-01   6.3096E-01   9.8262E-04  0.2208
   6.3096E-01   7.9433E-01   1.5378E-04  0.4657
   7.9433E-01   1.0000E+00   1.9302E-04  0.4424
   1.0000E+00   1.2589E+00   4.1989E-03  0.1189
   1.2589E+00   1.5849E+00   3.4560E-04  0.2935
   1.5849E+00   1.9953E+00   1.2565E-02  0.0801
   1.9953E+00   2.5119E+00   2.4041E-01  0.0146
   2.5119E+00   3.1623E+00   0.0000E+00  0.0000
   3.1623E+00   3.9811E+00   0.0000E+00  0.0000
   3.9811E+00   5.0119E+00   0.0000E+00  0.0000
   5.0119E+00   6.3096E+00   0.0000E+00  0.0000
   6.3096E+00   7.9433E+00   0.0000E+00  0.0000
   7.9433E+00   1.0000E+01   0.0000E+00  0.0000
   1.0000E+01   1.2589E+01   0.0000E+00  0.0000
   1.2589E+01   1.5849E+01   0.0000E+00  0.0000
   1.5849E+01   1.9953E+01   0.0000E+00  0.0000
   1.9953E+01   2.5119E+01   0.0000E+00  0.0000
   2.5119E+01   3.1623E+01   0.0000E+00  0.0000
   3.1623E+01   3.9811E+01   0.0000E+00  0.0000
   3.9811E+01   5.0119E+01   0.0000E+00  0.0000
   5.0119E+01   6.3096E+01   0.0000E+00  0.0000
   6.3096E+01   7.9433E+01   0.0000E+00  0.0000
   7.9433E+01   1.0000E+02   0.0000E+00  0.0000
   1.0000E+02   1.2589E+02   0.0000E+00  0.0000
   1.2589E+02   1.5849E+02   0.0000E+00  0.0000
   1.5849E+02   1.9953E+02   0.0000E+00  0.0000
   1.9953E+02   2.5119E+02   0.0000E+00  0.0000
   2.5119E+02   3.1623E+02   0.0000E+00  0.0000
   3.1623E+02   3.9811E+02   0.0000E+00  0.0000
   3.9811E+02   5.0119E+02   0.0000E+00  0.0000
   5.0119E+02   6.3096E+02   0.0000E+00  0.0000
   6.3096E+02   7.9433E+02   0.0000E+00  0.0000
   7.9433E+02   1.0000E+03   0.0000E+00  0.0000

#   sum over                 2.5933E-01  0.0145

'no. =  1,  reg  =    101'
msuc: {\huge Neutron track length in active He-3 gas}
msdr: {\it plotted by \ANGEL \version}
msdl: {\it calculated by \PHITS  3.36}
wt: s(0.7)
\vspace{-3}
   vol  &=&   1.0000E+00 [cm^3]
e:

#------------------------------------------------------------------------------
 newpage:
#   no. =  2   reg =    201

x: Energy [MeV/n]
y: Flux [1/cm^2/source]              
p: xlog ylog afac(0.8) form(0.9)
h: n            x            y(neutron ),hh0l n  
#  e-lower      e-upper        neutron   r.err 
   1.0000E-10   1.2589E-10   0.0000E+00  0.0000
   1.2589E-10   1.5849E-10   0.0000E+00  0.0000
   1.5849E-10   1.9953E-10   0.0000E+00  0.0000
   1.9953E-10   2.5119E-10   0.0000E+00  0.0000
   2.5119E-10   3.1623E-10   0.0000E+00  0.0000
   3.1623E-10   3.9811E-10   0.0000E+00  0.0000
   3.9811E-10   5.0119E-10   0.0000E+00  0.0000
   5.0119E-10   6.3096E-10   0.0000E+00  0.0000
   6.3096E-10   7.9433E-10   1.2300E-07  1.0000
   7.9433E-10   1.0000E-09   0.0000E+00  0.0000
   1.0000E-09   1.2589E-09   7.8795E-07  1.0000
   1.2589E-09   1.5849E-09   0.0000E+00  0.0000
   1.5849E-09   1.9953E-09   1.5010E-06  0.8335
   1.9953E-09   2.5119E-09   6.2551E-07  0.5908
   2.5119E-09   3.1623E-09   3.1401E-06  0.7994
   3.1623E-09   3.9811E-09   5.4905E-06  0.5395
   3.9811E-09   5.0119E-09   4.3228E-06  0.5231
   5.0119E-09   6.3096E-09   1.6345E-05  0.3492
   6.3096E-09   7.9433E-09   2.0944E-05  0.3160
   7.9433E-09   1.0000E-08   2.3696E-05  0.2858
   1.0000E-08   1.2589E-08   5.8744E-05  0.1907
   1.2589E-08   1.5849E-08   6.8042E-05  0.2387
   1.5849E-08   1.9953E-08   1.8119E-04  0.1914
   1.9953E-08   2.5119E-08   2.0560E-04  0.1240
   2.5119E-08   3.1623E-08   3.7733E-04  0.1151
   3.1623E-08   3.9811E-08   4.0811E-04  0.1080
   3.9811E-08   5.0119E-08   6.5277E-04  0.1044
   5.0119E-08   6.3096E-08   8.3090E-04  0.0865
   6.3096E-08   7.9433E-08   7.1984E-04  0.1033
   7.9433E-08   1.0000E-07   9.3008E-04  0.1018
   1.0000E-07   1.2589E-07   7.4613E-04  0.1259
   1.2589E-07   1.5849E-07   6.2024E-04  0.1463
   1.5849E-07   1.9953E-07   3.6078E-04  0.2001
   1.9953E-07   2.5119E-07   2.0595E-04  0.2578
   2.5119E-07   3.1623E-07   3.0387E-04  0.2785
   3.1623E-07   3.9811E-07   1.7711E-04  0.3070
   3.9811E-07   5.0119E-07   1.7495E-04  0.3589
   5.0119E-07   6.3096E-07   2.0602E-04  0.3796
   6.3096E-07   7.9433E-07   1.9429E-04  0.4021
   7.9433E-07   1.0000E-06   1.6924E-04  0.3348
   1.0000E-06   1.2589E-06   2.9980E-04  0.2925
   1.2589E-06   1.5849E-06   2.8885E-04  0.3498
   1.5849E-06   1.9953E-06   4.3657E-04  0.2954
   1.9953E-06   2.5119E-06   2.9744E-04  0.3813
   2.5119E-06   3.1623E-06   4.8683E-04  0.3030
   3.1623E-06   3.9811E-06   4.0635E-04  0.3085
   3.9811E-06   5.0119E-06   4.0007E-04  0.3168
   5.0119E-06   6.3096E-06   6.4414E-04  0.3456
   6.3096E-06   7.9433E-06   5.3367E-04  0.2693
   7.9433E-06   1.0000E-05   6.9315E-04  0.2717
   1.0000E-05   1.2589E-05   4.5021E-04  0.3472
   1.2589E-05   1.5849E-05   2.6657E-04  0.3680
   1.5849E-05   1.9953E-05   4.6281E-04  0.3612
   1.9953E-05   2.5119E-05   5.3164E-04  0.3030
   2.5119E-05   3.1623E-05   6.2087E-04  0.2842
   3.1623E-05   3.9811E-05   4.2063E-04  0.3318
   3.9811E-05   5.0119E-05   4.6784E-04  0.3773
   5.0119E-05   6.3096E-05   6.2049E-04  0.2986
   6.3096E-05   7.9433E-05   5.1727E-04  0.2882
   7.9433E-05   1.0000E-04   5.4342E-04  0.2716
   1.0000E-04   1.2589E-04   1.0367E-03  0.2175
   1.2589E-04   1.5849E-04   4.8903E-04  0.3370
   1.5849E-04   1.9953E-04   6.5309E-04  0.3017
   1.9953E-04   2.5119E-04   8.2315E-04  0.2394
   2.5119E-04   3.1623E-04   9.5494E-04  0.2756
   3.1623E-04   3.9811E-04   5.3993E-04  0.3247
   3.9811E-04   5.0119E-04   9.5722E-04  0.2503
   5.0119E-04   6.3096E-04   6.9663E-04  0.2839
   6.3096E-04   7.9433E-04   8.1962E-04  0.2594
   7.9433E-04   1.0000E-03   7.4855E-04  0.2760
   1.0000E-03   1.2589E-03   5.5600E-04  0.3021
   1.2589E-03   1.5849E-03   5.9189E-04  0.2797
   1.5849E-03   1.9953E-03   6.4351E-04  0.2795
   1.9953E-03   2.5119E-03   7.2052E-04  0.3192
   2.5119E-03   3.1623E-03   6.8618E-04  0.2629
   3.1623E-03   3.9811E-03   8.7363E-04  0.2824
   3.9811E-03   5.0119E-03   5.5915E-04  0.3225
   5.0119E-03   6.3096E-03   1.0933E-03  0.2703
   6.3096E-03   7.9433E-03   4.2290E-04  0.3650
   7.9433E-03   1.0000E-02   6.1683E-04  0.2959
   1.0000E-02   1.2589E-02   1.4019E-03  0.2474
   1.2589E-02   1.5849E-02   7.7362E-04  0.2601
   1.5849E-02   1.9953E-02   6.2676E-04  0.3079
   1.9953E-02   2.5119E-02   9.0023E-04  0.2266
   2.5119E-02   3.1623E-02   1.5924E-03  0.2233
   3.1623E-02   3.9811E-02   8.8206E-04  0.2386
   3.9811E-02   5.0119E-02   1.0345E-03  0.2515
   5.0119E-02   6.3096E-02   1.0126E-03  0.2336
   6.3096E-02   7.9433E-02   1.1797E-03  0.1936
   7.9433E-02   1.0000E-01   1.2214E-03  0.2077
   1.0000E-01   1.2589E-01   1.3728E-03  0.2376
   1.2589E-01   1.5849E-01   1.3114E-03  0.2140
   1.5849E-01   1.9953E-01   1.6782E-03  0.1889
   1.9953E-01   2.5119E-01   1.7874E-03  0.1840
   2.5119E-01   3.1623E-01   2.5191E-03  0.1422
   3.1623E-01   3.9811E-01   2.2286E-03  0.1487
   3.9811E-01   5.0119E-01   2.4678E-03  0.1586
   5.0119E-01   6.3096E-01   2.7158E-03  0.1376
   6.3096E-01   7.9433E-01   3.7483E-03  0.1439
   7.9433E-01   1.0000E+00   2.7334E-03  0.1345
   1.0000E+00   1.2589E+00   4.4289E-03  0.1124
   1.2589E+00   1.5849E+00   5.8536E-03  0.1058
   1.5849E+00   1.9953E+00   8.7300E-03  0.0807
   1.9953E+00   2.5119E+00   1.1995E-02  0.0699
   2.5119E+00   3.1623E+00   0.0000E+00  0.0000
   3.1623E+00   3.9811E+00   0.0000E+00  0.0000
   3.9811E+00   5.0119E+00   0.0000E+00  0.0000
   5.0119E+00   6.3096E+00   0.0000E+00  0.0000
   6.3096E+00   7.9433E+00   0.0000E+00  0.0000
   7.9433E+00   1.0000E+01   0.0000E+00  0.0000
   1.0000E+01   1.2589E+01   0.0000E+00  0.0000
   1.2589E+01   1.5849E+01   0.0000E+00  0.0000
   1.5849E+01   1.9953E+01   0.0000E+00  0.0000
   1.9953E+01   2.5119E+01   0.0000E+00  0.0000
   2.5119E+01   3.1623E+01   0.0000E+00  0.0000
   3.1623E+01   3.9811E+01   0.0000E+00  0.0000
   3.9811E+01   5.0119E+01   0.0000E+00  0.0000
   5.0119E+01   6.3096E+01   0.0000E+00  0.0000
   6.3096E+01   7.9433E+01   0.0000E+00  0.0000
   7.9433E+01   1.0000E+02   0.0000E+00  0.0000
   1.0000E+02   1.2589E+02   0.0000E+00  0.0000
   1.2589E+02   1.5849E+02   0.0000E+00  0.0000
   1.5849E+02   1.9953E+02   0.0000E+00  0.0000
   1.9953E+02   2.5119E+02   0.0000E+00  0.0000
   2.5119E+02   3.1623E+02   0.0000E+00  0.0000
   3.1623E+02   3.9811E+02   0.0000E+00  0.0000
   3.9811E+02   5.0119E+02   0.0000E+00  0.0000
   5.0119E+02   6.3096E+02   0.0000E+00  0.0000
   6.3096E+02   7.9433E+02   0.0000E+00  0.0000
   7.9433E+02   1.0000E+03   0.0000E+00  0.0000

#   sum over                 9.5735E-02  0.0270

'no. =  2,  reg  =    201'
msuc: {\huge Neutron track length in active He-3 gas}
msdr: {\it plotted by \ANGEL \version}
msdl: {\it calculated by \PHITS  3.36}
wt: s(0.7)
\vspace{-3}
   vol  &=&   1.0000E+00 [cm^3]
e:

#------------------------------------------------------------------------------
 newpage:
#   no. =  3   reg =    301

x: Energy [MeV/n]
y: Flux [1/cm^2/source]              
p: xlog ylog afac(0.8) form(0.9)
h: n            x            y(neutron ),hh0l n  
#  e-lower      e-upper        neutron   r.err 
   1.0000E-10   1.2589E-10   0.0000E+00  0.0000
   1.2589E-10   1.5849E-10   0.0000E+00  0.0000
   1.5849E-10   1.9953E-10   0.0000E+00  0.0000
   1.9953E-10   2.5119E-10   0.0000E+00  0.0000
   2.5119E-10   3.1623E-10   0.0000E+00  0.0000
   3.1623E-10   3.9811E-10   0.0000E+00  0.0000
   3.9811E-10   5.0119E-10   0.0000E+00  0.0000
   5.0119E-10   6.3096E-10   0.0000E+00  0.0000
   6.3096E-10   7.9433E-10   0.0000E+00  0.0000
   7.9433E-10   1.0000E-09   0.0000E+00  0.0000
   1.0000E-09   1.2589E-09   0.0000E+00  0.0000
   1.2589E-09   1.5849E-09   0.0000E+00  0.0000
   1.5849E-09   1.9953E-09   0.0000E+00  0.0000
   1.9953E-09   2.5119E-09   0.0000E+00  0.0000
   2.5119E-09   3.1623E-09   0.0000E+00  0.0000
   3.1623E-09   3.9811E-09   0.0000E+00  0.0000
   3.9811E-09   5.0119E-09   0.0000E+00  0.0000
   5.0119E-09   6.3096E-09   0.0000E+00  0.0000
   6.3096E-09   7.9433E-09   0.0000E+00  0.0000
   7.9433E-09   1.0000E-08   0.0000E+00  0.0000
   1.0000E-08   1.2589E-08   0.0000E+00  0.0000
   1.2589E-08   1.5849E-08   0.0000E+00  0.0000
   1.5849E-08   1.9953E-08   0.0000E+00  0.0000
   1.9953E-08   2.5119E-08   0.0000E+00  0.0000
   2.5119E-08   3.1623E-08   0.0000E+00  0.0000
   3.1623E-08   3.9811E-08   0.0000E+00  0.0000
   3.9811E-08   5.0119E-08   0.0000E+00  0.0000
   5.0119E-08   6.3096E-08   0.0000E+00  0.0000
   6.3096E-08   7.9433E-08   0.0000E+00  0.0000
   7.9433E-08   1.0000E-07   0.0000E+00  0.0000
   1.0000E-07   1.2589E-07   0.0000E+00  0.0000
   1.2589E-07   1.5849E-07   0.0000E+00  0.0000
   1.5849E-07   1.9953E-07   0.0000E+00  0.0000
   1.9953E-07   2.5119E-07   0.0000E+00  0.0000
   2.5119E-07   3.1623E-07   0.0000E+00  0.0000
   3.1623E-07   3.9811E-07   0.0000E+00  0.0000
   3.9811E-07   5.0119E-07   0.0000E+00  0.0000
   5.0119E-07   6.3096E-07   0.0000E+00  0.0000
   6.3096E-07   7.9433E-07   0.0000E+00  0.0000
   7.9433E-07   1.0000E-06   0.0000E+00  0.0000
   1.0000E-06   1.2589E-06   0.0000E+00  0.0000
   1.2589E-06   1.5849E-06   0.0000E+00  0.0000
   1.5849E-06   1.9953E-06   0.0000E+00  0.0000
   1.9953E-06   2.5119E-06   0.0000E+00  0.0000
   2.5119E-06   3.1623E-06   0.0000E+00  0.0000
   3.1623E-06   3.9811E-06   0.0000E+00  0.0000
   3.9811E-06   5.0119E-06   0.0000E+00  0.0000
   5.0119E-06   6.3096E-06   0.0000E+00  0.0000
   6.3096E-06   7.9433E-06   0.0000E+00  0.0000
   7.9433E-06   1.0000E-05   0.0000E+00  0.0000
   1.0000E-05   1.2589E-05   0.0000E+00  0.0000
   1.2589E-05   1.5849E-05   0.0000E+00  0.0000
   1.5849E-05   1.9953E-05   0.0000E+00  0.0000
   1.9953E-05   2.5119E-05   0.0000E+00  0.0000
   2.5119E-05   3.1623E-05   0.0000E+00  0.0000
   3.1623E-05   3.9811E-05   0.0000E+00  0.0000
   3.9811E-05   5.0119E-05   0.0000E+00  0.0000
   5.0119E-05   6.3096E-05   0.0000E+00  0.0000
   6.3096E-05   7.9433E-05   0.0000E+00  0.0000
   7.9433E-05   1.0000E-04   0.0000E+00  0.0000
   1.0000E-04   1.2589E-04   0.0000E+00  0.0000
   1.2589E-04   1.5849E-04   0.0000E+00  0.0000
   1.5849E-04   1.9953E-04   0.0000E+00  0.0000
   1.9953E-04   2.5119E-04   0.0000E+00  0.0000
   2.5119E-04   3.1623E-04   0.0000E+00  0.0000
   3.1623E-04   3.9811E-04   0.0000E+00  0.0000
   3.9811E-04   5.0119E-04   0.0000E+00  0.0000
   5.0119E-04   6.3096E-04   0.0000E+00  0.0000
   6.3096E-04   7.9433E-04   0.0000E+00  0.0000
   7.9433E-04   1.0000E-03   0.0000E+00  0.0000
   1.0000E-03   1.2589E-03   0.0000E+00  0.0000
   1.2589E-03   1.5849E-03   0.0000E+00  0.0000
   1.5849E-03   1.9953E-03   0.0000E+00  0.0000
   1.9953E-03   2.5119E-03   0.0000E+00  0.0000
   2.5119E-03   3.1623E-03   0.0000E+00  0.0000
   3.1623E-03   3.9811E-03   0.0000E+00  0.0000
   3.9811E-03   5.0119E-03   0.0000E+00  0.0000
   5.0119E-03   6.3096E-03   0.0000E+00  0.0000
   6.3096E-03   7.9433E-03   0.0000E+00  0.0000
   7.9433E-03   1.0000E-02   0.0000E+00  0.0000
   1.0000E-02   1.2589E-02   0.0000E+00  0.0000
   1.2589E-02   1.5849E-02   0.0000E+00  0.0000
   1.5849E-02   1.9953E-02   0.0000E+00  0.0000
   1.9953E-02   2.5119E-02   0.0000E+00  0.0000
   2.5119E-02   3.1623E-02   0.0000E+00  0.0000
   3.1623E-02   3.9811E-02   0.0000E+00  0.0000
   3.9811E-02   5.0119E-02   0.0000E+00  0.0000
   5.0119E-02   6.3096E-02   0.0000E+00  0.0000
   6.3096E-02   7.9433E-02   0.0000E+00  0.0000
   7.9433E-02   1.0000E-01   1.4888E-05  1.0000
   1.0000E-01   1.2589E-01   0.0000E+00  0.0000
   1.2589E-01   1.5849E-01   0.0000E+00  0.0000
   1.5849E-01   1.9953E-01   0.0000E+00  0.0000
   1.9953E-01   2.5119E-01   2.6261E-05  1.0000
   2.5119E-01   3.1623E-01   0.0000E+00  0.0000
   3.1623E-01   3.9811E-01   0.0000E+00  0.0000
   3.9811E-01   5.0119E-01   1.9756E-04  0.3298
   5.0119E-01   6.3096E-01   5.2982E-04  0.2603
   6.3096E-01   7.9433E-01   2.6063E-04  0.6303
   7.9433E-01   1.0000E+00   1.5769E-05  0.5980
   1.0000E+00   1.2589E+00   1.3861E-03  0.1450
   1.2589E+00   1.5849E+00   6.3940E-05  0.5287
   1.5849E+00   1.9953E+00   4.4572E-03  0.0896
   1.9953E+00   2.5119E+00   9.5210E-02  0.0171
   2.5119E+00   3.1623E+00   0.0000E+00  0.0000
   3.1623E+00   3.9811E+00   0.0000E+00  0.0000
   3.9811E+00   5.0119E+00   0.0000E+00  0.0000
   5.0119E+00   6.3096E+00   0.0000E+00  0.0000
   6.3096E+00   7.9433E+00   0.0000E+00  0.0000
   7.9433E+00   1.0000E+01   0.0000E+00  0.0000
   1.0000E+01   1.2589E+01   0.0000E+00  0.0000
   1.2589E+01   1.5849E+01   0.0000E+00  0.0000
   1.5849E+01   1.9953E+01   0.0000E+00  0.0000
   1.9953E+01   2.5119E+01   0.0000E+00  0.0000
   2.5119E+01   3.1623E+01   0.0000E+00  0.0000
   3.1623E+01   3.9811E+01   0.0000E+00  0.0000
   3.9811E+01   5.0119E+01   0.0000E+00  0.0000
   5.0119E+01   6.3096E+01   0.0000E+00  0.0000
   6.3096E+01   7.9433E+01   0.0000E+00  0.0000
   7.9433E+01   1.0000E+02   0.0000E+00  0.0000
   1.0000E+02   1.2589E+02   0.0000E+00  0.0000
   1.2589E+02   1.5849E+02   0.0000E+00  0.0000
   1.5849E+02   1.9953E+02   0.0000E+00  0.0000
   1.9953E+02   2.5119E+02   0.0000E+00  0.0000
   2.5119E+02   3.1623E+02   0.0000E+00  0.0000
   3.1623E+02   3.9811E+02   0.0000E+00  0.0000
   3.9811E+02   5.0119E+02   0.0000E+00  0.0000
   5.0119E+02   6.3096E+02   0.0000E+00  0.0000
   6.3096E+02   7.9433E+02   0.0000E+00  0.0000
   7.9433E+02   1.0000E+03   0.0000E+00  0.0000

#   sum over                 1.0216E-01  0.0169

'no. =  3,  reg  =    301'
msuc: {\huge Neutron track length in active He-3 gas}
msdr: {\it plotted by \ANGEL \version}
msdl: {\it calculated by \PHITS  3.36}
wt: s(0.7)
\vspace{-3}
   vol  &=&   1.0000E+00 [cm^3]
e:

#------------------------------------------------------------------------------
 newpage:
#   no. =  4   reg =    401

x: Energy [MeV/n]
y: Flux [1/cm^2/source]              
p: xlog ylog afac(0.8) form(0.9)
h: n            x            y(neutron ),hh0l n  
#  e-lower      e-upper        neutron   r.err 
   1.0000E-10   1.2589E-10   0.0000E+00  0.0000
   1.2589E-10   1.5849E-10   0.0000E+00  0.0000
   1.5849E-10   1.9953E-10   0.0000E+00  0.0000
   1.9953E-10   2.5119E-10   0.0000E+00  0.0000
   2.5119E-10   3.1623E-10   0.0000E+00  0.0000
   3.1623E-10   3.9811E-10   0.0000E+00  0.0000
   3.9811E-10   5.0119E-10   0.0000E+00  0.0000
   5.0119E-10   6.3096E-10   0.0000E+00  0.0000
   6.3096E-10   7.9433E-10   0.0000E+00  0.0000
   7.9433E-10   1.0000E-09   0.0000E+00  0.0000
   1.0000E-09   1.2589E-09   3.2412E-07  1.0000
   1.2589E-09   1.5849E-09   0.0000E+00  0.0000
   1.5849E-09   1.9953E-09   0.0000E+00  0.0000
   1.9953E-09   2.5119E-09   0.0000E+00  0.0000
   2.5119E-09   3.1623E-09   7.8019E-07  0.9972
   3.1623E-09   3.9811E-09   1.0478E-06  0.8369
   3.9811E-09   5.0119E-09   9.9638E-07  0.6969
   5.0119E-09   6.3096E-09   1.6228E-07  1.0000
   6.3096E-09   7.9433E-09   8.3854E-06  0.3423
   7.9433E-09   1.0000E-08   2.0085E-05  0.3070
   1.0000E-08   1.2589E-08   3.6026E-05  0.2176
   1.2589E-08   1.5849E-08   5.9924E-05  0.2430
   1.5849E-08   1.9953E-08   7.6145E-05  0.1973
   1.9953E-08   2.5119E-08   9.6480E-05  0.2118
   2.5119E-08   3.1623E-08   2.2877E-04  0.1706
   3.1623E-08   3.9811E-08   2.9119E-04  0.1330
   3.9811E-08   5.0119E-08   3.7473E-04  0.1328
   5.0119E-08   6.3096E-08   5.0626E-04  0.1167
   6.3096E-08   7.9433E-08   5.3541E-04  0.1204
   7.9433E-08   1.0000E-07   5.3597E-04  0.1165
   1.0000E-07   1.2589E-07   4.0157E-04  0.1741
   1.2589E-07   1.5849E-07   3.1789E-04  0.1641
   1.5849E-07   1.9953E-07   2.4116E-04  0.2200
   1.9953E-07   2.5119E-07   2.8099E-04  0.2161
   2.5119E-07   3.1623E-07   1.8544E-04  0.3220
   3.1623E-07   3.9811E-07   2.0408E-04  0.3133
   3.9811E-07   5.0119E-07   3.6198E-04  0.2592
   5.0119E-07   6.3096E-07   2.7163E-04  0.2775
   6.3096E-07   7.9433E-07   1.8174E-04  0.3479
   7.9433E-07   1.0000E-06   1.3353E-04  0.3395
   1.0000E-06   1.2589E-06   2.6880E-04  0.3109
   1.2589E-06   1.5849E-06   3.0622E-04  0.2569
   1.5849E-06   1.9953E-06   2.3625E-04  0.3119
   1.9953E-06   2.5119E-06   2.2437E-04  0.3062
   2.5119E-06   3.1623E-06   3.2718E-04  0.2907
   3.1623E-06   3.9811E-06   3.2717E-04  0.2806
   3.9811E-06   5.0119E-06   5.4071E-04  0.3211
   5.0119E-06   6.3096E-06   2.2217E-04  0.3585
   6.3096E-06   7.9433E-06   3.1198E-04  0.3111
   7.9433E-06   1.0000E-05   3.4094E-04  0.2782
   1.0000E-05   1.2589E-05   2.4849E-04  0.2936
   1.2589E-05   1.5849E-05   4.5436E-04  0.2496
   1.5849E-05   1.9953E-05   2.4148E-04  0.3299
   1.9953E-05   2.5119E-05   3.1041E-04  0.2755
   2.5119E-05   3.1623E-05   3.9959E-04  0.2640
   3.1623E-05   3.9811E-05   4.5491E-04  0.2543
   3.9811E-05   5.0119E-05   4.0249E-04  0.3077
   5.0119E-05   6.3096E-05   4.3883E-04  0.2634
   6.3096E-05   7.9433E-05   4.6648E-04  0.2282
   7.9433E-05   1.0000E-04   3.1407E-04  0.2774
   1.0000E-04   1.2589E-04   3.7446E-04  0.2900
   1.2589E-04   1.5849E-04   1.9752E-04  0.3443
   1.5849E-04   1.9953E-04   5.2686E-04  0.3580
   1.9953E-04   2.5119E-04   3.8013E-04  0.2379
   2.5119E-04   3.1623E-04   3.5967E-04  0.2578
   3.1623E-04   3.9811E-04   2.5973E-04  0.3358
   3.9811E-04   5.0119E-04   4.3038E-04  0.2586
   5.0119E-04   6.3096E-04   2.9989E-04  0.2693
   6.3096E-04   7.9433E-04   5.7745E-04  0.2461
   7.9433E-04   1.0000E-03   5.1204E-04  0.2635
   1.0000E-03   1.2589E-03   2.3763E-04  0.3211
   1.2589E-03   1.5849E-03   3.6837E-04  0.2543
   1.5849E-03   1.9953E-03   6.2055E-04  0.2397
   1.9953E-03   2.5119E-03   6.2814E-04  0.2348
   2.5119E-03   3.1623E-03   4.8322E-04  0.2820
   3.1623E-03   3.9811E-03   4.8231E-04  0.2406
   3.9811E-03   5.0119E-03   6.2175E-04  0.2320
   5.0119E-03   6.3096E-03   1.3251E-04  0.3968
   6.3096E-03   7.9433E-03   6.8098E-04  0.2565
   7.9433E-03   1.0000E-02   4.9947E-04  0.2581
   1.0000E-02   1.2589E-02   6.6763E-04  0.2496
   1.2589E-02   1.5849E-02   2.7667E-04  0.3847
   1.5849E-02   1.9953E-02   7.5952E-04  0.2345
   1.9953E-02   2.5119E-02   6.5220E-04  0.2200
   2.5119E-02   3.1623E-02   3.0346E-04  0.2971
   3.1623E-02   3.9811E-02   6.6795E-04  0.2180
   3.9811E-02   5.0119E-02   6.6903E-04  0.2433
   5.0119E-02   6.3096E-02   6.3988E-04  0.2282
   6.3096E-02   7.9433E-02   7.4273E-04  0.2233
   7.9433E-02   1.0000E-01   5.8495E-04  0.2212
   1.0000E-01   1.2589E-01   7.5202E-04  0.1904
   1.2589E-01   1.5849E-01   9.8190E-04  0.1772
   1.5849E-01   1.9953E-01   9.1968E-04  0.1720
   1.9953E-01   2.5119E-01   8.6224E-04  0.2252
   2.5119E-01   3.1623E-01   1.3090E-03  0.1558
   3.1623E-01   3.9811E-01   1.3929E-03  0.1353
   3.9811E-01   5.0119E-01   1.5146E-03  0.1440
   5.0119E-01   6.3096E-01   1.6016E-03  0.1472
   6.3096E-01   7.9433E-01   2.1519E-03  0.1103
   7.9433E-01   1.0000E+00   2.2995E-03  0.1145
   1.0000E+00   1.2589E+00   2.8454E-03  0.0981
   1.2589E+00   1.5849E+00   3.5508E-03  0.0955
   1.5849E+00   1.9953E+00   4.8000E-03  0.0733
   1.9953E+00   2.5119E+00   9.8275E-03  0.0495
   2.5119E+00   3.1623E+00   0.0000E+00  0.0000
   3.1623E+00   3.9811E+00   0.0000E+00  0.0000
   3.9811E+00   5.0119E+00   0.0000E+00  0.0000
   5.0119E+00   6.3096E+00   0.0000E+00  0.0000
   6.3096E+00   7.9433E+00   0.0000E+00  0.0000
   7.9433E+00   1.0000E+01   0.0000E+00  0.0000
   1.0000E+01   1.2589E+01   0.0000E+00  0.0000
   1.2589E+01   1.5849E+01   0.0000E+00  0.0000
   1.5849E+01   1.9953E+01   0.0000E+00  0.0000
   1.9953E+01   2.5119E+01   0.0000E+00  0.0000
   2.5119E+01   3.1623E+01   0.0000E+00  0.0000
   3.1623E+01   3.9811E+01   0.0000E+00  0.0000
   3.9811E+01   5.0119E+01   0.0000E+00  0.0000
   5.0119E+01   6.3096E+01   0.0000E+00  0.0000
   6.3096E+01   7.9433E+01   0.0000E+00  0.0000
   7.9433E+01   1.0000E+02   0.0000E+00  0.0000
   1.0000E+02   1.2589E+02   0.0000E+00  0.0000
   1.2589E+02   1.5849E+02   0.0000E+00  0.0000
   1.5849E+02   1.9953E+02   0.0000E+00  0.0000
   1.9953E+02   2.5119E+02   0.0000E+00  0.0000
   2.5119E+02   3.1623E+02   0.0000E+00  0.0000
   3.1623E+02   3.9811E+02   0.0000E+00  0.0000
   3.9811E+02   5.0119E+02   0.0000E+00  0.0000
   5.0119E+02   6.3096E+02   0.0000E+00  0.0000
   6.3096E+02   7.9433E+02   0.0000E+00  0.0000
   7.9433E+02   1.0000E+03   0.0000E+00  0.0000

#   sum over                 6.1636E-02  0.0251

'no. =  4,  reg  =    401'
msuc: {\huge Neutron track length in active He-3 gas}
msdr: {\it plotted by \ANGEL \version}
msdl: {\it calculated by \PHITS  3.36}
wt: s(0.7)
\vspace{-3}
   vol  &=&   1.0000E+00 [cm^3]
e:
 
# Information for Restart Calculation
# This calculation was newly started
# istdev =  2 # 1:Batch variance, 2:History variance
# resc2  = 1.49832609865406150E+05 # Total source weight or Total source weight / maxcas
# resc3  = 1.50000000000000000E+05 # Total history number or Total batch number
# maxcas =      150000 # History / Batch, only used for istdev=1
# bitrseed = 1010001010111110111001111101101011011100111001100110101000110100 # bit data of rseed
