[ T-Track ]
    title = Neutron track length in active He-3 gas
     mesh =  reg            # mesh type is region-wise
      reg = 101 201 301 401
   e-type =    3            # e-mesh is log given by emin, emax and ne
     emin =  1.0000000E-10  # minimum value of e-mesh points
     emax =   1000.000      # maximum value of e-mesh points
#    edel =  0.2302585      # mesh width of e-mesh points
       ne =    130          # number of e-mesh points
#    data = ( e(i), i = 1, ne + 1 )
#           1.00000E-10  1.25893E-10  1.58489E-10  1.99526E-10  2.51189E-10
#           3.16228E-10  3.98107E-10  5.01187E-10  6.30957E-10  7.94328E-10
#           1.00000E-09  1.25893E-09  1.58489E-09  1.99526E-09  2.51189E-09
#           3.16228E-09  3.98107E-09  5.01187E-09  6.30957E-09  7.94328E-09
#           1.00000E-08  1.25893E-08  1.58489E-08  1.99526E-08  2.51189E-08
#           3.16228E-08  3.98107E-08  5.01187E-08  6.30957E-08  7.94328E-08
#           1.00000E-07  1.25893E-07  1.58489E-07  1.99526E-07  2.51189E-07
#           3.16228E-07  3.98107E-07  5.01187E-07  6.30957E-07  7.94328E-07
#           1.00000E-06  1.25893E-06  1.58489E-06  1.99526E-06  2.51189E-06
#           3.16228E-06  3.98107E-06  5.01187E-06  6.30957E-06  7.94328E-06
#           1.00000E-05  1.25893E-05  1.58489E-05  1.99526E-05  2.51189E-05
#           3.16228E-05  3.98107E-05  5.01187E-05  6.30957E-05  7.94328E-05
#           1.00000E-04  1.25893E-04  1.58489E-04  1.99526E-04  2.51189E-04
#           3.16228E-04  3.98107E-04  5.01187E-04  6.30957E-04  7.94328E-04
#           1.00000E-03  1.25893E-03  1.58489E-03  1.99526E-03  2.51189E-03
#           3.16228E-03  3.98107E-03  5.01187E-03  6.30957E-03  7.94328E-03
#           1.00000E-02  1.25893E-02  1.58489E-02  1.99526E-02  2.51189E-02
#           3.16228E-02  3.98107E-02  5.01187E-02  6.30957E-02  7.94328E-02
#           1.00000E-01  1.25893E-01  1.58489E-01  1.99526E-01  2.51189E-01
#           3.16228E-01  3.98107E-01  5.01187E-01  6.30957E-01  7.94328E-01
#           1.00000E+00  1.25893E+00  1.58489E+00  1.99526E+00  2.51189E+00
#           3.16228E+00  3.98107E+00  5.01187E+00  6.30957E+00  7.94328E+00
#           1.00000E+01  1.25893E+01  1.58489E+01  1.99526E+01  2.51189E+01
#           3.16228E+01  3.98107E+01  5.01187E+01  6.30957E+01  7.94328E+01
#           1.00000E+02  1.25893E+02  1.58489E+02  1.99526E+02  2.51189E+02
#           3.16228E+02  3.98107E+02  5.01187E+02  6.30957E+02  7.94328E+02
#           1.00000E+03
     unit =    1            # unit is [1/cm^2/source]
 material =  all            # (D=all) number of specific material
     axis =     eng            # axis of output
     file = gas_track.out   # file name of output for the above axis
     part =  neutron  
# kf/name :  2112     
#    used :        main (  %)        temp (  %)       total (  %)
#  memory :         139 (  0)           0 (  0)         139 (  0)

#------------------------------------------------------------------------------
#newpage:
#   no. =  1   reg =    101

x: Energy [MeV/n]
y: Flux [1/cm^2/source]              
p: xlog ylog afac(0.8) form(0.9)
h: n            x            y(neutron ),hh0l n  
#  e-lower      e-upper        neutron   r.err 
   1.0000E-10   1.2589E-10   0.0000E+00  0.0000
   1.2589E-10   1.5849E-10   0.0000E+00  0.0000
   1.5849E-10   1.9953E-10   0.0000E+00  0.0000
   1.9953E-10   2.5119E-10   0.0000E+00  0.0000
   2.5119E-10   3.1623E-10   0.0000E+00  0.0000
   3.1623E-10   3.9811E-10   0.0000E+00  0.0000
   3.9811E-10   5.0119E-10   0.0000E+00  0.0000
   5.0119E-10   6.3096E-10   0.0000E+00  0.0000
   6.3096E-10   7.9433E-10   0.0000E+00  0.0000
   7.9433E-10   1.0000E-09   0.0000E+00  0.0000
   1.0000E-09   1.2589E-09   0.0000E+00  0.0000
   1.2589E-09   1.5849E-09   0.0000E+00  0.0000
   1.5849E-09   1.9953E-09   0.0000E+00  0.0000
   1.9953E-09   2.5119E-09   0.0000E+00  0.0000
   2.5119E-09   3.1623E-09   0.0000E+00  0.0000
   3.1623E-09   3.9811E-09   0.0000E+00  0.0000
   3.9811E-09   5.0119E-09   0.0000E+00  0.0000
   5.0119E-09   6.3096E-09   0.0000E+00  0.0000
   6.3096E-09   7.9433E-09   0.0000E+00  0.0000
   7.9433E-09   1.0000E-08   0.0000E+00  0.0000
   1.0000E-08   1.2589E-08   0.0000E+00  0.0000
   1.2589E-08   1.5849E-08   0.0000E+00  0.0000
   1.5849E-08   1.9953E-08   0.0000E+00  0.0000
   1.9953E-08   2.5119E-08   0.0000E+00  0.0000
   2.5119E-08   3.1623E-08   0.0000E+00  0.0000
   3.1623E-08   3.9811E-08   0.0000E+00  0.0000
   3.9811E-08   5.0119E-08   0.0000E+00  0.0000
   5.0119E-08   6.3096E-08   0.0000E+00  0.0000
   6.3096E-08   7.9433E-08   0.0000E+00  0.0000
   7.9433E-08   1.0000E-07   0.0000E+00  0.0000
   1.0000E-07   1.2589E-07   0.0000E+00  0.0000
   1.2589E-07   1.5849E-07   0.0000E+00  0.0000
   1.5849E-07   1.9953E-07   0.0000E+00  0.0000
   1.9953E-07   2.5119E-07   0.0000E+00  0.0000
   2.5119E-07   3.1623E-07   0.0000E+00  0.0000
   3.1623E-07   3.9811E-07   0.0000E+00  0.0000
   3.9811E-07   5.0119E-07   0.0000E+00  0.0000
   5.0119E-07   6.3096E-07   0.0000E+00  0.0000
   6.3096E-07   7.9433E-07   0.0000E+00  0.0000
   7.9433E-07   1.0000E-06   0.0000E+00  0.0000
   1.0000E-06   1.2589E-06   0.0000E+00  0.0000
   1.2589E-06   1.5849E-06   0.0000E+00  0.0000
   1.5849E-06   1.9953E-06   0.0000E+00  0.0000
   1.9953E-06   2.5119E-06   0.0000E+00  0.0000
   2.5119E-06   3.1623E-06   0.0000E+00  0.0000
   3.1623E-06   3.9811E-06   0.0000E+00  0.0000
   3.9811E-06   5.0119E-06   0.0000E+00  0.0000
   5.0119E-06   6.3096E-06   0.0000E+00  0.0000
   6.3096E-06   7.9433E-06   0.0000E+00  0.0000
   7.9433E-06   1.0000E-05   0.0000E+00  0.0000
   1.0000E-05   1.2589E-05   0.0000E+00  0.0000
   1.2589E-05   1.5849E-05   0.0000E+00  0.0000
   1.5849E-05   1.9953E-05   0.0000E+00  0.0000
   1.9953E-05   2.5119E-05   0.0000E+00  0.0000
   2.5119E-05   3.1623E-05   0.0000E+00  0.0000
   3.1623E-05   3.9811E-05   0.0000E+00  0.0000
   3.9811E-05   5.0119E-05   0.0000E+00  0.0000
   5.0119E-05   6.3096E-05   0.0000E+00  0.0000
   6.3096E-05   7.9433E-05   0.0000E+00  0.0000
   7.9433E-05   1.0000E-04   0.0000E+00  0.0000
   1.0000E-04   1.2589E-04   0.0000E+00  0.0000
   1.2589E-04   1.5849E-04   0.0000E+00  0.0000
   1.5849E-04   1.9953E-04   0.0000E+00  0.0000
   1.9953E-04   2.5119E-04   0.0000E+00  0.0000
   2.5119E-04   3.1623E-04   0.0000E+00  0.0000
   3.1623E-04   3.9811E-04   0.0000E+00  0.0000
   3.9811E-04   5.0119E-04   0.0000E+00  0.0000
   5.0119E-04   6.3096E-04   0.0000E+00  0.0000
   6.3096E-04   7.9433E-04   0.0000E+00  0.0000
   7.9433E-04   1.0000E-03   0.0000E+00  0.0000
   1.0000E-03   1.2589E-03   0.0000E+00  0.0000
   1.2589E-03   1.5849E-03   0.0000E+00  0.0000
   1.5849E-03   1.9953E-03   0.0000E+00  0.0000
   1.9953E-03   2.5119E-03   0.0000E+00  0.0000
   2.5119E-03   3.1623E-03   0.0000E+00  0.0000
   3.1623E-03   3.9811E-03   0.0000E+00  0.0000
   3.9811E-03   5.0119E-03   0.0000E+00  0.0000
   5.0119E-03   6.3096E-03   0.0000E+00  0.0000
   6.3096E-03   7.9433E-03   0.0000E+00  0.0000
   7.9433E-03   1.0000E-02   0.0000E+00  0.0000
   1.0000E-02   1.2589E-02   0.0000E+00  0.0000
   1.2589E-02   1.5849E-02   0.0000E+00  0.0000
   1.5849E-02   1.9953E-02   0.0000E+00  0.0000
   1.9953E-02   2.5119E-02   0.0000E+00  0.0000
   2.5119E-02   3.1623E-02   0.0000E+00  0.0000
   3.1623E-02   3.9811E-02   0.0000E+00  0.0000
   3.9811E-02   5.0119E-02   0.0000E+00  0.0000
   5.0119E-02   6.3096E-02   0.0000E+00  0.0000
   6.3096E-02   7.9433E-02   0.0000E+00  0.0000
   7.9433E-02   1.0000E-01   5.0999E-05  1.0000
   1.0000E-01   1.2589E-01   1.3920E-04  0.5437
   1.2589E-01   1.5849E-01   3.2751E-05  1.0000
   1.5849E-01   1.9953E-01   2.5433E-04  0.6734
   1.9953E-01   2.5119E-01   1.4705E-05  0.8530
   2.5119E-01   3.1623E-01   4.7841E-05  0.8629
   3.1623E-01   3.9811E-01   1.9950E-04  0.7096
   3.9811E-01   5.0119E-01   9.8290E-05  0.5701
   5.0119E-01   6.3096E-01   4.6884E-04  0.4275
   6.3096E-01   7.9433E-01   6.1817E-04  0.3756
   7.9433E-01   1.0000E+00   4.7987E-04  0.2901
   1.0000E+00   1.2589E+00   7.6031E-04  0.2766
   1.2589E+00   1.5849E+00   7.7576E-04  0.3076
   1.5849E+00   1.9953E+00   8.3679E-04  0.3066
   1.9953E+00   2.5119E+00   7.4972E-04  0.2974
   2.5119E+00   3.1623E+00   8.5018E-04  0.2410
   3.1623E+00   3.9811E+00   9.9009E-04  0.2348
   3.9811E+00   5.0119E+00   1.1847E-03  0.2476
   5.0119E+00   6.3096E+00   8.9170E-04  0.2234
   6.3096E+00   7.9433E+00   4.5232E-04  0.3334
   7.9433E+00   1.0000E+01   1.1958E-02  0.0694
   1.0000E+01   1.2589E+01   2.4041E-01  0.0147
   1.2589E+01   1.5849E+01   0.0000E+00  0.0000
   1.5849E+01   1.9953E+01   0.0000E+00  0.0000
   1.9953E+01   2.5119E+01   0.0000E+00  0.0000
   2.5119E+01   3.1623E+01   0.0000E+00  0.0000
   3.1623E+01   3.9811E+01   0.0000E+00  0.0000
   3.9811E+01   5.0119E+01   0.0000E+00  0.0000
   5.0119E+01   6.3096E+01   0.0000E+00  0.0000
   6.3096E+01   7.9433E+01   0.0000E+00  0.0000
   7.9433E+01   1.0000E+02   0.0000E+00  0.0000
   1.0000E+02   1.2589E+02   0.0000E+00  0.0000
   1.2589E+02   1.5849E+02   0.0000E+00  0.0000
   1.5849E+02   1.9953E+02   0.0000E+00  0.0000
   1.9953E+02   2.5119E+02   0.0000E+00  0.0000
   2.5119E+02   3.1623E+02   0.0000E+00  0.0000
   3.1623E+02   3.9811E+02   0.0000E+00  0.0000
   3.9811E+02   5.0119E+02   0.0000E+00  0.0000
   5.0119E+02   6.3096E+02   0.0000E+00  0.0000
   6.3096E+02   7.9433E+02   0.0000E+00  0.0000
   7.9433E+02   1.0000E+03   0.0000E+00  0.0000

#   sum over                 2.6227E-01  0.0144

'no. =  1,  reg  =    101'
msuc: {\huge Neutron track length in active He-3 gas}
msdr: {\it plotted by \ANGEL \version}
msdl: {\it calculated by \PHITS  3.36}
wt: s(0.7)
\vspace{-3}
   vol  &=&   1.0000E+00 [cm^3]
e:

#------------------------------------------------------------------------------
 newpage:
#   no. =  2   reg =    201

x: Energy [MeV/n]
y: Flux [1/cm^2/source]              
p: xlog ylog afac(0.8) form(0.9)
h: n            x            y(neutron ),hh0l n  
#  e-lower      e-upper        neutron   r.err 
   1.0000E-10   1.2589E-10   0.0000E+00  0.0000
   1.2589E-10   1.5849E-10   0.0000E+00  0.0000
   1.5849E-10   1.9953E-10   0.0000E+00  0.0000
   1.9953E-10   2.5119E-10   0.0000E+00  0.0000
   2.5119E-10   3.1623E-10   0.0000E+00  0.0000
   3.1623E-10   3.9811E-10   0.0000E+00  0.0000
   3.9811E-10   5.0119E-10   0.0000E+00  0.0000
   5.0119E-10   6.3096E-10   0.0000E+00  0.0000
   6.3096E-10   7.9433E-10   0.0000E+00  0.0000
   7.9433E-10   1.0000E-09   0.0000E+00  0.0000
   1.0000E-09   1.2589E-09   0.0000E+00  0.0000
   1.2589E-09   1.5849E-09   0.0000E+00  0.0000
   1.5849E-09   1.9953E-09   2.0277E-07  1.0000
   1.9953E-09   2.5119E-09   1.5851E-06  1.0000
   2.5119E-09   3.1623E-09   3.7494E-07  0.7573
   3.1623E-09   3.9811E-09   3.0620E-06  0.9069
   3.9811E-09   5.0119E-09   3.8290E-06  0.5089
   5.0119E-09   6.3096E-09   6.9079E-06  0.5623
   6.3096E-09   7.9433E-09   1.6487E-05  0.3601
   7.9433E-09   1.0000E-08   2.3291E-05  0.3177
   1.0000E-08   1.2589E-08   4.2340E-05  0.3649
   1.2589E-08   1.5849E-08   3.5182E-05  0.2441
   1.5849E-08   1.9953E-08   8.5846E-05  0.1864
   1.9953E-08   2.5119E-08   1.3714E-04  0.1758
   2.5119E-08   3.1623E-08   1.4613E-04  0.1558
   3.1623E-08   3.9811E-08   3.6241E-04  0.1331
   3.9811E-08   5.0119E-08   3.5212E-04  0.1325
   5.0119E-08   6.3096E-08   2.8936E-04  0.1356
   6.3096E-08   7.9433E-08   5.4999E-04  0.1343
   7.9433E-08   1.0000E-07   4.6865E-04  0.1389
   1.0000E-07   1.2589E-07   4.9279E-04  0.1523
   1.2589E-07   1.5849E-07   3.1654E-04  0.2082
   1.5849E-07   1.9953E-07   1.6916E-04  0.2586
   1.9953E-07   2.5119E-07   1.8705E-04  0.3514
   2.5119E-07   3.1623E-07   1.3308E-04  0.3609
   3.1623E-07   3.9811E-07   1.4599E-04  0.4092
   3.9811E-07   5.0119E-07   1.2985E-04  0.3996
   5.0119E-07   6.3096E-07   1.0230E-04  0.4045
   6.3096E-07   7.9433E-07   1.0709E-04  0.4163
   7.9433E-07   1.0000E-06   2.0880E-04  0.4003
   1.0000E-06   1.2589E-06   1.1933E-04  0.4899
   1.2589E-06   1.5849E-06   1.6141E-04  0.4081
   1.5849E-06   1.9953E-06   3.5542E-04  0.3221
   1.9953E-06   2.5119E-06   2.2138E-04  0.3691
   2.5119E-06   3.1623E-06   2.1002E-04  0.4408
   3.1623E-06   3.9811E-06   2.0789E-04  0.4348
   3.9811E-06   5.0119E-06   1.2362E-04  0.5079
   5.0119E-06   6.3096E-06   2.2047E-04  0.4281
   6.3096E-06   7.9433E-06   2.7680E-04  0.3744
   7.9433E-06   1.0000E-05   1.5148E-04  0.4314
   1.0000E-05   1.2589E-05   1.8227E-04  0.4527
   1.2589E-05   1.5849E-05   6.4997E-04  0.2851
   1.5849E-05   1.9953E-05   1.8012E-04  0.4186
   1.9953E-05   2.5119E-05   2.2233E-04  0.3778
   2.5119E-05   3.1623E-05   4.2340E-04  0.4770
   3.1623E-05   3.9811E-05   8.3484E-05  0.5374
   3.9811E-05   5.0119E-05   3.2560E-04  0.3568
   5.0119E-05   6.3096E-05   3.1314E-04  0.3964
   6.3096E-05   7.9433E-05   5.0877E-04  0.2995
   7.9433E-05   1.0000E-04   5.2143E-04  0.5708
   1.0000E-04   1.2589E-04   5.6964E-04  0.3419
   1.2589E-04   1.5849E-04   2.9042E-04  0.4055
   1.5849E-04   1.9953E-04   5.5528E-04  0.2958
   1.9953E-04   2.5119E-04   6.6698E-04  0.2742
   2.5119E-04   3.1623E-04   5.8491E-04  0.3599
   3.1623E-04   3.9811E-04   2.2881E-04  0.4186
   3.9811E-04   5.0119E-04   4.9819E-04  0.3540
   5.0119E-04   6.3096E-04   6.2610E-04  0.3599
   6.3096E-04   7.9433E-04   4.7956E-04  0.3124
   7.9433E-04   1.0000E-03   2.6008E-04  0.3875
   1.0000E-03   1.2589E-03   3.1151E-04  0.3506
   1.2589E-03   1.5849E-03   6.1794E-04  0.3230
   1.5849E-03   1.9953E-03   6.2712E-04  0.2661
   1.9953E-03   2.5119E-03   5.8292E-04  0.2755
   2.5119E-03   3.1623E-03   9.0534E-04  0.2610
   3.1623E-03   3.9811E-03   1.0932E-03  0.2654
   3.9811E-03   5.0119E-03   4.3632E-04  0.3770
   5.0119E-03   6.3096E-03   3.8043E-04  0.3170
   6.3096E-03   7.9433E-03   4.9195E-04  0.3157
   7.9433E-03   1.0000E-02   3.5092E-04  0.3893
   1.0000E-02   1.2589E-02   4.6727E-04  0.3257
   1.2589E-02   1.5849E-02   5.2443E-04  0.3192
   1.5849E-02   1.9953E-02   6.6000E-04  0.2897
   1.9953E-02   2.5119E-02   6.3873E-04  0.2715
   2.5119E-02   3.1623E-02   4.5079E-04  0.4100
   3.1623E-02   3.9811E-02   4.9202E-04  0.3106
   3.9811E-02   5.0119E-02   6.0898E-04  0.3463
   5.0119E-02   6.3096E-02   5.5307E-04  0.3234
   6.3096E-02   7.9433E-02   6.3555E-04  0.2886
   7.9433E-02   1.0000E-01   9.2769E-04  0.2430
   1.0000E-01   1.2589E-01   7.7341E-04  0.2422
   1.2589E-01   1.5849E-01   9.2894E-04  0.2482
   1.5849E-01   1.9953E-01   1.1610E-03  0.2234
   1.9953E-01   2.5119E-01   9.7519E-04  0.2246
   2.5119E-01   3.1623E-01   1.5043E-03  0.1831
   3.1623E-01   3.9811E-01   1.4631E-03  0.1675
   3.9811E-01   5.0119E-01   1.5847E-03  0.1806
   5.0119E-01   6.3096E-01   2.2377E-03  0.1830
   6.3096E-01   7.9433E-01   2.0389E-03  0.1534
   7.9433E-01   1.0000E+00   3.2909E-03  0.1442
   1.0000E+00   1.2589E+00   3.3264E-03  0.1352
   1.2589E+00   1.5849E+00   2.6685E-03  0.1320
   1.5849E+00   1.9953E+00   4.0423E-03  0.1225
   1.9953E+00   2.5119E+00   4.8318E-03  0.1086
   2.5119E+00   3.1623E+00   4.5355E-03  0.1034
   3.1623E+00   3.9811E+00   5.9087E-03  0.1007
   3.9811E+00   5.0119E+00   7.2751E-03  0.0842
   5.0119E+00   6.3096E+00   8.7177E-03  0.0815
   6.3096E+00   7.9433E+00   6.8926E-03  0.0840
   7.9433E+00   1.0000E+01   2.0672E-02  0.0498
   1.0000E+01   1.2589E+01   5.1828E-02  0.0320
   1.2589E+01   1.5849E+01   0.0000E+00  0.0000
   1.5849E+01   1.9953E+01   0.0000E+00  0.0000
   1.9953E+01   2.5119E+01   0.0000E+00  0.0000
   2.5119E+01   3.1623E+01   0.0000E+00  0.0000
   3.1623E+01   3.9811E+01   0.0000E+00  0.0000
   3.9811E+01   5.0119E+01   0.0000E+00  0.0000
   5.0119E+01   6.3096E+01   0.0000E+00  0.0000
   6.3096E+01   7.9433E+01   0.0000E+00  0.0000
   7.9433E+01   1.0000E+02   0.0000E+00  0.0000
   1.0000E+02   1.2589E+02   0.0000E+00  0.0000
   1.2589E+02   1.5849E+02   0.0000E+00  0.0000
   1.5849E+02   1.9953E+02   0.0000E+00  0.0000
   1.9953E+02   2.5119E+02   0.0000E+00  0.0000
   2.5119E+02   3.1623E+02   0.0000E+00  0.0000
   3.1623E+02   3.9811E+02   0.0000E+00  0.0000
   3.9811E+02   5.0119E+02   0.0000E+00  0.0000
   5.0119E+02   6.3096E+02   0.0000E+00  0.0000
   6.3096E+02   7.9433E+02   0.0000E+00  0.0000
   7.9433E+02   1.0000E+03   0.0000E+00  0.0000

#   sum over                 1.6315E-01  0.0199

'no. =  2,  reg  =    201'
msuc: {\huge Neutron track length in active He-3 gas}
msdr: {\it plotted by \ANGEL \version}
msdl: {\it calculated by \PHITS  3.36}
wt: s(0.7)
\vspace{-3}
   vol  &=&   1.0000E+00 [cm^3]
e:

#------------------------------------------------------------------------------
 newpage:
#   no. =  3   reg =    301

x: Energy [MeV/n]
y: Flux [1/cm^2/source]              
p: xlog ylog afac(0.8) form(0.9)
h: n            x            y(neutron ),hh0l n  
#  e-lower      e-upper        neutron   r.err 
   1.0000E-10   1.2589E-10   0.0000E+00  0.0000
   1.2589E-10   1.5849E-10   0.0000E+00  0.0000
   1.5849E-10   1.9953E-10   0.0000E+00  0.0000
   1.9953E-10   2.5119E-10   0.0000E+00  0.0000
   2.5119E-10   3.1623E-10   0.0000E+00  0.0000
   3.1623E-10   3.9811E-10   0.0000E+00  0.0000
   3.9811E-10   5.0119E-10   0.0000E+00  0.0000
   5.0119E-10   6.3096E-10   0.0000E+00  0.0000
   6.3096E-10   7.9433E-10   0.0000E+00  0.0000
   7.9433E-10   1.0000E-09   0.0000E+00  0.0000
   1.0000E-09   1.2589E-09   0.0000E+00  0.0000
   1.2589E-09   1.5849E-09   0.0000E+00  0.0000
   1.5849E-09   1.9953E-09   0.0000E+00  0.0000
   1.9953E-09   2.5119E-09   0.0000E+00  0.0000
   2.5119E-09   3.1623E-09   0.0000E+00  0.0000
   3.1623E-09   3.9811E-09   0.0000E+00  0.0000
   3.9811E-09   5.0119E-09   0.0000E+00  0.0000
   5.0119E-09   6.3096E-09   0.0000E+00  0.0000
   6.3096E-09   7.9433E-09   0.0000E+00  0.0000
   7.9433E-09   1.0000E-08   0.0000E+00  0.0000
   1.0000E-08   1.2589E-08   0.0000E+00  0.0000
   1.2589E-08   1.5849E-08   0.0000E+00  0.0000
   1.5849E-08   1.9953E-08   0.0000E+00  0.0000
   1.9953E-08   2.5119E-08   0.0000E+00  0.0000
   2.5119E-08   3.1623E-08   0.0000E+00  0.0000
   3.1623E-08   3.9811E-08   0.0000E+00  0.0000
   3.9811E-08   5.0119E-08   0.0000E+00  0.0000
   5.0119E-08   6.3096E-08   0.0000E+00  0.0000
   6.3096E-08   7.9433E-08   0.0000E+00  0.0000
   7.9433E-08   1.0000E-07   0.0000E+00  0.0000
   1.0000E-07   1.2589E-07   0.0000E+00  0.0000
   1.2589E-07   1.5849E-07   0.0000E+00  0.0000
   1.5849E-07   1.9953E-07   0.0000E+00  0.0000
   1.9953E-07   2.5119E-07   0.0000E+00  0.0000
   2.5119E-07   3.1623E-07   0.0000E+00  0.0000
   3.1623E-07   3.9811E-07   0.0000E+00  0.0000
   3.9811E-07   5.0119E-07   0.0000E+00  0.0000
   5.0119E-07   6.3096E-07   0.0000E+00  0.0000
   6.3096E-07   7.9433E-07   0.0000E+00  0.0000
   7.9433E-07   1.0000E-06   0.0000E+00  0.0000
   1.0000E-06   1.2589E-06   0.0000E+00  0.0000
   1.2589E-06   1.5849E-06   0.0000E+00  0.0000
   1.5849E-06   1.9953E-06   0.0000E+00  0.0000
   1.9953E-06   2.5119E-06   0.0000E+00  0.0000
   2.5119E-06   3.1623E-06   0.0000E+00  0.0000
   3.1623E-06   3.9811E-06   0.0000E+00  0.0000
   3.9811E-06   5.0119E-06   0.0000E+00  0.0000
   5.0119E-06   6.3096E-06   0.0000E+00  0.0000
   6.3096E-06   7.9433E-06   0.0000E+00  0.0000
   7.9433E-06   1.0000E-05   0.0000E+00  0.0000
   1.0000E-05   1.2589E-05   0.0000E+00  0.0000
   1.2589E-05   1.5849E-05   0.0000E+00  0.0000
   1.5849E-05   1.9953E-05   0.0000E+00  0.0000
   1.9953E-05   2.5119E-05   0.0000E+00  0.0000
   2.5119E-05   3.1623E-05   0.0000E+00  0.0000
   3.1623E-05   3.9811E-05   0.0000E+00  0.0000
   3.9811E-05   5.0119E-05   0.0000E+00  0.0000
   5.0119E-05   6.3096E-05   0.0000E+00  0.0000
   6.3096E-05   7.9433E-05   0.0000E+00  0.0000
   7.9433E-05   1.0000E-04   0.0000E+00  0.0000
   1.0000E-04   1.2589E-04   0.0000E+00  0.0000
   1.2589E-04   1.5849E-04   0.0000E+00  0.0000
   1.5849E-04   1.9953E-04   0.0000E+00  0.0000
   1.9953E-04   2.5119E-04   0.0000E+00  0.0000
   2.5119E-04   3.1623E-04   0.0000E+00  0.0000
   3.1623E-04   3.9811E-04   0.0000E+00  0.0000
   3.9811E-04   5.0119E-04   0.0000E+00  0.0000
   5.0119E-04   6.3096E-04   0.0000E+00  0.0000
   6.3096E-04   7.9433E-04   0.0000E+00  0.0000
   7.9433E-04   1.0000E-03   0.0000E+00  0.0000
   1.0000E-03   1.2589E-03   0.0000E+00  0.0000
   1.2589E-03   1.5849E-03   0.0000E+00  0.0000
   1.5849E-03   1.9953E-03   0.0000E+00  0.0000
   1.9953E-03   2.5119E-03   0.0000E+00  0.0000
   2.5119E-03   3.1623E-03   0.0000E+00  0.0000
   3.1623E-03   3.9811E-03   0.0000E+00  0.0000
   3.9811E-03   5.0119E-03   0.0000E+00  0.0000
   5.0119E-03   6.3096E-03   0.0000E+00  0.0000
   6.3096E-03   7.9433E-03   0.0000E+00  0.0000
   7.9433E-03   1.0000E-02   0.0000E+00  0.0000
   1.0000E-02   1.2589E-02   2.1723E-05  1.0000
   1.2589E-02   1.5849E-02   0.0000E+00  0.0000
   1.5849E-02   1.9953E-02   0.0000E+00  0.0000
   1.9953E-02   2.5119E-02   0.0000E+00  0.0000
   2.5119E-02   3.1623E-02   0.0000E+00  0.0000
   3.1623E-02   3.9811E-02   0.0000E+00  0.0000
   3.9811E-02   5.0119E-02   1.6121E-05  1.0000
   5.0119E-02   6.3096E-02   3.0636E-05  0.7072
   6.3096E-02   7.9433E-02   0.0000E+00  0.0000
   7.9433E-02   1.0000E-01   1.5421E-05  1.0000
   1.0000E-01   1.2589E-01   2.8384E-06  1.0000
   1.2589E-01   1.5849E-01   1.7205E-04  0.6019
   1.5849E-01   1.9953E-01   6.2755E-05  0.6074
   1.9953E-01   2.5119E-01   3.5530E-05  0.7833
   2.5119E-01   3.1623E-01   6.3823E-05  0.5040
   3.1623E-01   3.9811E-01   9.2043E-05  0.4667
   3.9811E-01   5.0119E-01   3.6355E-04  0.4542
   5.0119E-01   6.3096E-01   1.2524E-04  0.4552
   6.3096E-01   7.9433E-01   1.2536E-04  0.4902
   7.9433E-01   1.0000E+00   3.0876E-04  0.3194
   1.0000E+00   1.2589E+00   3.6603E-04  0.4456
   1.2589E+00   1.5849E+00   3.0230E-04  0.4184
   1.5849E+00   1.9953E+00   4.5581E-04  0.2431
   1.9953E+00   2.5119E+00   3.7752E-04  0.3609
   2.5119E+00   3.1623E+00   3.3530E-04  0.3333
   3.1623E+00   3.9811E+00   2.6509E-04  0.3163
   3.9811E+00   5.0119E+00   1.9177E-04  0.3969
   5.0119E+00   6.3096E+00   3.2596E-04  0.3040
   6.3096E+00   7.9433E+00   1.3223E-04  0.3837
   7.9433E+00   1.0000E+01   4.4592E-03  0.0796
   1.0000E+01   1.2589E+01   9.5081E-02  0.0172
   1.2589E+01   1.5849E+01   0.0000E+00  0.0000
   1.5849E+01   1.9953E+01   0.0000E+00  0.0000
   1.9953E+01   2.5119E+01   0.0000E+00  0.0000
   2.5119E+01   3.1623E+01   0.0000E+00  0.0000
   3.1623E+01   3.9811E+01   0.0000E+00  0.0000
   3.9811E+01   5.0119E+01   0.0000E+00  0.0000
   5.0119E+01   6.3096E+01   0.0000E+00  0.0000
   6.3096E+01   7.9433E+01   0.0000E+00  0.0000
   7.9433E+01   1.0000E+02   0.0000E+00  0.0000
   1.0000E+02   1.2589E+02   0.0000E+00  0.0000
   1.2589E+02   1.5849E+02   0.0000E+00  0.0000
   1.5849E+02   1.9953E+02   0.0000E+00  0.0000
   1.9953E+02   2.5119E+02   0.0000E+00  0.0000
   2.5119E+02   3.1623E+02   0.0000E+00  0.0000
   3.1623E+02   3.9811E+02   0.0000E+00  0.0000
   3.9811E+02   5.0119E+02   0.0000E+00  0.0000
   5.0119E+02   6.3096E+02   0.0000E+00  0.0000
   6.3096E+02   7.9433E+02   0.0000E+00  0.0000
   7.9433E+02   1.0000E+03   0.0000E+00  0.0000

#   sum over                 1.0373E-01  0.0169

'no. =  3,  reg  =    301'
msuc: {\huge Neutron track length in active He-3 gas}
msdr: {\it plotted by \ANGEL \version}
msdl: {\it calculated by \PHITS  3.36}
wt: s(0.7)
\vspace{-3}
   vol  &=&   1.0000E+00 [cm^3]
e:

#------------------------------------------------------------------------------
 newpage:
#   no. =  4   reg =    401

x: Energy [MeV/n]
y: Flux [1/cm^2/source]              
p: xlog ylog afac(0.8) form(0.9)
h: n            x            y(neutron ),hh0l n  
#  e-lower      e-upper        neutron   r.err 
   1.0000E-10   1.2589E-10   0.0000E+00  0.0000
   1.2589E-10   1.5849E-10   0.0000E+00  0.0000
   1.5849E-10   1.9953E-10   0.0000E+00  0.0000
   1.9953E-10   2.5119E-10   0.0000E+00  0.0000
   2.5119E-10   3.1623E-10   0.0000E+00  0.0000
   3.1623E-10   3.9811E-10   0.0000E+00  0.0000
   3.9811E-10   5.0119E-10   0.0000E+00  0.0000
   5.0119E-10   6.3096E-10   0.0000E+00  0.0000
   6.3096E-10   7.9433E-10   0.0000E+00  0.0000
   7.9433E-10   1.0000E-09   0.0000E+00  0.0000
   1.0000E-09   1.2589E-09   0.0000E+00  0.0000
   1.2589E-09   1.5849E-09   0.0000E+00  0.0000
   1.5849E-09   1.9953E-09   0.0000E+00  0.0000
   1.9953E-09   2.5119E-09   6.0808E-08  1.0000
   2.5119E-09   3.1623E-09   1.6391E-07  1.0000
   3.1623E-09   3.9811E-09   0.0000E+00  0.0000
   3.9811E-09   5.0119E-09   1.1097E-06  0.7745
   5.0119E-09   6.3096E-09   4.5682E-06  0.9565
   6.3096E-09   7.9433E-09   3.7576E-06  0.6030
   7.9433E-09   1.0000E-08   3.9902E-06  0.6621
   1.0000E-08   1.2589E-08   1.4228E-05  0.4042
   1.2589E-08   1.5849E-08   1.6429E-05  0.3173
   1.5849E-08   1.9953E-08   4.5288E-05  0.2764
   1.9953E-08   2.5119E-08   6.2543E-05  0.2502
   2.5119E-08   3.1623E-08   9.6753E-05  0.2512
   3.1623E-08   3.9811E-08   1.3917E-04  0.2012
   3.9811E-08   5.0119E-08   1.5986E-04  0.2105
   5.0119E-08   6.3096E-08   2.4187E-04  0.1529
   6.3096E-08   7.9433E-08   2.7802E-04  0.1603
   7.9433E-08   1.0000E-07   1.5816E-04  0.1861
   1.0000E-07   1.2589E-07   2.2212E-04  0.2159
   1.2589E-07   1.5849E-07   1.5157E-04  0.2734
   1.5849E-07   1.9953E-07   9.3168E-05  0.3241
   1.9953E-07   2.5119E-07   1.7222E-05  0.6444
   2.5119E-07   3.1623E-07   8.9972E-05  0.4847
   3.1623E-07   3.9811E-07   4.8659E-05  0.5804
   3.9811E-07   5.0119E-07   1.6608E-04  0.3437
   5.0119E-07   6.3096E-07   6.9471E-05  0.4406
   6.3096E-07   7.9433E-07   7.0745E-05  0.4337
   7.9433E-07   1.0000E-06   8.9580E-05  0.4223
   1.0000E-06   1.2589E-06   1.2501E-04  0.4123
   1.2589E-06   1.5849E-06   6.9223E-05  0.4871
   1.5849E-06   1.9953E-06   9.1550E-05  0.4741
   1.9953E-06   2.5119E-06   1.4737E-04  0.3791
   2.5119E-06   3.1623E-06   5.5500E-05  0.6285
   3.1623E-06   3.9811E-06   9.7656E-05  0.4259
   3.9811E-06   5.0119E-06   1.0181E-04  0.4413
   5.0119E-06   6.3096E-06   1.0608E-05  0.8433
   6.3096E-06   7.9433E-06   2.3660E-04  0.3344
   7.9433E-06   1.0000E-05   2.2894E-04  0.3172
   1.0000E-05   1.2589E-05   2.6162E-04  0.4223
   1.2589E-05   1.5849E-05   4.8623E-05  0.6315
   1.5849E-05   1.9953E-05   1.3227E-04  0.4690
   1.9953E-05   2.5119E-05   1.8134E-04  0.3799
   2.5119E-05   3.1623E-05   1.3377E-04  0.3861
   3.1623E-05   3.9811E-05   8.1557E-05  0.5951
   3.9811E-05   5.0119E-05   5.8579E-05  0.4463
   5.0119E-05   6.3096E-05   3.9792E-04  0.2785
   6.3096E-05   7.9433E-05   1.7801E-04  0.3669
   7.9433E-05   1.0000E-04   8.5485E-05  0.5101
   1.0000E-04   1.2589E-04   1.8338E-04  0.3429
   1.2589E-04   1.5849E-04   2.8654E-04  0.3185
   1.5849E-04   1.9953E-04   2.0512E-04  0.4404
   1.9953E-04   2.5119E-04   2.6158E-04  0.3457
   2.5119E-04   3.1623E-04   1.7730E-04  0.3869
   3.1623E-04   3.9811E-04   1.0162E-04  0.5281
   3.9811E-04   5.0119E-04   6.4952E-05  0.5917
   5.0119E-04   6.3096E-04   2.6812E-04  0.3138
   6.3096E-04   7.9433E-04   1.2863E-04  0.4057
   7.9433E-04   1.0000E-03   2.6034E-04  0.3102
   1.0000E-03   1.2589E-03   2.9883E-04  0.3875
   1.2589E-03   1.5849E-03   2.8902E-04  0.5023
   1.5849E-03   1.9953E-03   1.2269E-04  0.3869
   1.9953E-03   2.5119E-03   2.0842E-04  0.4190
   2.5119E-03   3.1623E-03   2.4120E-04  0.3766
   3.1623E-03   3.9811E-03   1.8687E-04  0.3996
   3.9811E-03   5.0119E-03   2.3729E-04  0.3116
   5.0119E-03   6.3096E-03   2.9121E-04  0.3510
   6.3096E-03   7.9433E-03   1.6634E-04  0.4118
   7.9433E-03   1.0000E-02   3.1505E-04  0.2691
   1.0000E-02   1.2589E-02   3.1672E-04  0.3444
   1.2589E-02   1.5849E-02   3.0718E-04  0.2842
   1.5849E-02   1.9953E-02   3.2970E-04  0.3506
   1.9953E-02   2.5119E-02   1.4968E-04  0.3620
   2.5119E-02   3.1623E-02   2.6108E-04  0.4155
   3.1623E-02   3.9811E-02   2.5794E-04  0.2852
   3.9811E-02   5.0119E-02   2.6676E-04  0.3221
   5.0119E-02   6.3096E-02   2.7272E-04  0.3250
   6.3096E-02   7.9433E-02   3.8163E-04  0.3134
   7.9433E-02   1.0000E-01   2.0945E-04  0.3457
   1.0000E-01   1.2589E-01   3.2411E-04  0.3096
   1.2589E-01   1.5849E-01   5.7947E-04  0.2618
   1.5849E-01   1.9953E-01   5.6046E-04  0.2604
   1.9953E-01   2.5119E-01   3.5175E-04  0.2474
   2.5119E-01   3.1623E-01   7.8660E-04  0.1852
   3.1623E-01   3.9811E-01   7.8250E-04  0.1904
   3.9811E-01   5.0119E-01   1.0444E-03  0.1530
   5.0119E-01   6.3096E-01   9.0715E-04  0.1868
   6.3096E-01   7.9433E-01   9.0304E-04  0.2021
   7.9433E-01   1.0000E+00   8.3322E-04  0.2118
   1.0000E+00   1.2589E+00   1.2961E-03  0.1544
   1.2589E+00   1.5849E+00   1.3105E-03  0.1413
   1.5849E+00   1.9953E+00   1.1708E-03  0.1450
   1.9953E+00   2.5119E+00   1.2132E-03  0.1443
   2.5119E+00   3.1623E+00   1.9624E-03  0.1160
   3.1623E+00   3.9811E+00   2.3987E-03  0.1054
   3.9811E+00   5.0119E+00   2.3451E-03  0.1146
   5.0119E+00   6.3096E+00   3.8495E-03  0.0835
   6.3096E+00   7.9433E+00   3.3658E-03  0.0966
   7.9433E+00   1.0000E+01   9.3029E-03  0.0528
   1.0000E+01   1.2589E+01   2.6626E-02  0.0310
   1.2589E+01   1.5849E+01   0.0000E+00  0.0000
   1.5849E+01   1.9953E+01   0.0000E+00  0.0000
   1.9953E+01   2.5119E+01   0.0000E+00  0.0000
   2.5119E+01   3.1623E+01   0.0000E+00  0.0000
   3.1623E+01   3.9811E+01   0.0000E+00  0.0000
   3.9811E+01   5.0119E+01   0.0000E+00  0.0000
   5.0119E+01   6.3096E+01   0.0000E+00  0.0000
   6.3096E+01   7.9433E+01   0.0000E+00  0.0000
   7.9433E+01   1.0000E+02   0.0000E+00  0.0000
   1.0000E+02   1.2589E+02   0.0000E+00  0.0000
   1.2589E+02   1.5849E+02   0.0000E+00  0.0000
   1.5849E+02   1.9953E+02   0.0000E+00  0.0000
   1.9953E+02   2.5119E+02   0.0000E+00  0.0000
   2.5119E+02   3.1623E+02   0.0000E+00  0.0000
   3.1623E+02   3.9811E+02   0.0000E+00  0.0000
   3.9811E+02   5.0119E+02   0.0000E+00  0.0000
   5.0119E+02   6.3096E+02   0.0000E+00  0.0000
   6.3096E+02   7.9433E+02   0.0000E+00  0.0000
   7.9433E+02   1.0000E+03   0.0000E+00  0.0000

#   sum over                 7.3929E-02  0.0214

'no. =  4,  reg  =    401'
msuc: {\huge Neutron track length in active He-3 gas}
msdr: {\it plotted by \ANGEL \version}
msdl: {\it calculated by \PHITS  3.36}
wt: s(0.7)
\vspace{-3}
   vol  &=&   1.0000E+00 [cm^3]
e:
 
# Information for Restart Calculation
# This calculation was newly started
# istdev =  2 # 1:Batch variance, 2:History variance
# resc2  = 1.50018091426723317E+05 # Total source weight or Total source weight / maxcas
# resc3  = 1.50000000000000000E+05 # Total history number or Total batch number
# maxcas =      150000 # History / Batch, only used for istdev=1
# bitrseed = 0110111100111111100011000100001101101110011101000000111111110111 # bit data of rseed
