[ T-Track ]
    title = Neutron track length in active He-3 gas
     mesh =  reg            # mesh type is region-wise
      reg = 101 201 301 401
   e-type =    3            # e-mesh is log given by emin, emax and ne
     emin =  1.0000000E-10  # minimum value of e-mesh points
     emax =   1000.000      # maximum value of e-mesh points
#    edel =  0.2302585      # mesh width of e-mesh points
       ne =    130          # number of e-mesh points
#    data = ( e(i), i = 1, ne + 1 )
#           1.00000E-10  1.25893E-10  1.58489E-10  1.99526E-10  2.51189E-10
#           3.16228E-10  3.98107E-10  5.01187E-10  6.30957E-10  7.94328E-10
#           1.00000E-09  1.25893E-09  1.58489E-09  1.99526E-09  2.51189E-09
#           3.16228E-09  3.98107E-09  5.01187E-09  6.30957E-09  7.94328E-09
#           1.00000E-08  1.25893E-08  1.58489E-08  1.99526E-08  2.51189E-08
#           3.16228E-08  3.98107E-08  5.01187E-08  6.30957E-08  7.94328E-08
#           1.00000E-07  1.25893E-07  1.58489E-07  1.99526E-07  2.51189E-07
#           3.16228E-07  3.98107E-07  5.01187E-07  6.30957E-07  7.94328E-07
#           1.00000E-06  1.25893E-06  1.58489E-06  1.99526E-06  2.51189E-06
#           3.16228E-06  3.98107E-06  5.01187E-06  6.30957E-06  7.94328E-06
#           1.00000E-05  1.25893E-05  1.58489E-05  1.99526E-05  2.51189E-05
#           3.16228E-05  3.98107E-05  5.01187E-05  6.30957E-05  7.94328E-05
#           1.00000E-04  1.25893E-04  1.58489E-04  1.99526E-04  2.51189E-04
#           3.16228E-04  3.98107E-04  5.01187E-04  6.30957E-04  7.94328E-04
#           1.00000E-03  1.25893E-03  1.58489E-03  1.99526E-03  2.51189E-03
#           3.16228E-03  3.98107E-03  5.01187E-03  6.30957E-03  7.94328E-03
#           1.00000E-02  1.25893E-02  1.58489E-02  1.99526E-02  2.51189E-02
#           3.16228E-02  3.98107E-02  5.01187E-02  6.30957E-02  7.94328E-02
#           1.00000E-01  1.25893E-01  1.58489E-01  1.99526E-01  2.51189E-01
#           3.16228E-01  3.98107E-01  5.01187E-01  6.30957E-01  7.94328E-01
#           1.00000E+00  1.25893E+00  1.58489E+00  1.99526E+00  2.51189E+00
#           3.16228E+00  3.98107E+00  5.01187E+00  6.30957E+00  7.94328E+00
#           1.00000E+01  1.25893E+01  1.58489E+01  1.99526E+01  2.51189E+01
#           3.16228E+01  3.98107E+01  5.01187E+01  6.30957E+01  7.94328E+01
#           1.00000E+02  1.25893E+02  1.58489E+02  1.99526E+02  2.51189E+02
#           3.16228E+02  3.98107E+02  5.01187E+02  6.30957E+02  7.94328E+02
#           1.00000E+03
     unit =    1            # unit is [1/cm^2/source]
 material =  all            # (D=all) number of specific material
     axis =     eng            # axis of output
     file = gas_track.out   # file name of output for the above axis
     part =  neutron  
# kf/name :  2112     
#    used :        main (  %)        temp (  %)       total (  %)
#  memory :         139 (  0)           0 (  0)         139 (  0)

#------------------------------------------------------------------------------
#newpage:
#   no. =  1   reg =    101

x: Energy [MeV/n]
y: Flux [1/cm^2/source]              
p: xlog ylog afac(0.8) form(0.9)
h: n            x            y(neutron ),hh0l n  
#  e-lower      e-upper        neutron   r.err 
   1.0000E-10   1.2589E-10   0.0000E+00  0.0000
   1.2589E-10   1.5849E-10   0.0000E+00  0.0000
   1.5849E-10   1.9953E-10   0.0000E+00  0.0000
   1.9953E-10   2.5119E-10   0.0000E+00  0.0000
   2.5119E-10   3.1623E-10   0.0000E+00  0.0000
   3.1623E-10   3.9811E-10   0.0000E+00  0.0000
   3.9811E-10   5.0119E-10   0.0000E+00  0.0000
   5.0119E-10   6.3096E-10   0.0000E+00  0.0000
   6.3096E-10   7.9433E-10   0.0000E+00  0.0000
   7.9433E-10   1.0000E-09   0.0000E+00  0.0000
   1.0000E-09   1.2589E-09   0.0000E+00  0.0000
   1.2589E-09   1.5849E-09   0.0000E+00  0.0000
   1.5849E-09   1.9953E-09   0.0000E+00  0.0000
   1.9953E-09   2.5119E-09   0.0000E+00  0.0000
   2.5119E-09   3.1623E-09   0.0000E+00  0.0000
   3.1623E-09   3.9811E-09   0.0000E+00  0.0000
   3.9811E-09   5.0119E-09   0.0000E+00  0.0000
   5.0119E-09   6.3096E-09   0.0000E+00  0.0000
   6.3096E-09   7.9433E-09   0.0000E+00  0.0000
   7.9433E-09   1.0000E-08   0.0000E+00  0.0000
   1.0000E-08   1.2589E-08   0.0000E+00  0.0000
   1.2589E-08   1.5849E-08   0.0000E+00  0.0000
   1.5849E-08   1.9953E-08   0.0000E+00  0.0000
   1.9953E-08   2.5119E-08   0.0000E+00  0.0000
   2.5119E-08   3.1623E-08   0.0000E+00  0.0000
   3.1623E-08   3.9811E-08   0.0000E+00  0.0000
   3.9811E-08   5.0119E-08   0.0000E+00  0.0000
   5.0119E-08   6.3096E-08   0.0000E+00  0.0000
   6.3096E-08   7.9433E-08   0.0000E+00  0.0000
   7.9433E-08   1.0000E-07   0.0000E+00  0.0000
   1.0000E-07   1.2589E-07   0.0000E+00  0.0000
   1.2589E-07   1.5849E-07   0.0000E+00  0.0000
   1.5849E-07   1.9953E-07   0.0000E+00  0.0000
   1.9953E-07   2.5119E-07   0.0000E+00  0.0000
   2.5119E-07   3.1623E-07   0.0000E+00  0.0000
   3.1623E-07   3.9811E-07   0.0000E+00  0.0000
   3.9811E-07   5.0119E-07   0.0000E+00  0.0000
   5.0119E-07   6.3096E-07   0.0000E+00  0.0000
   6.3096E-07   7.9433E-07   0.0000E+00  0.0000
   7.9433E-07   1.0000E-06   0.0000E+00  0.0000
   1.0000E-06   1.2589E-06   0.0000E+00  0.0000
   1.2589E-06   1.5849E-06   0.0000E+00  0.0000
   1.5849E-06   1.9953E-06   0.0000E+00  0.0000
   1.9953E-06   2.5119E-06   0.0000E+00  0.0000
   2.5119E-06   3.1623E-06   0.0000E+00  0.0000
   3.1623E-06   3.9811E-06   0.0000E+00  0.0000
   3.9811E-06   5.0119E-06   0.0000E+00  0.0000
   5.0119E-06   6.3096E-06   0.0000E+00  0.0000
   6.3096E-06   7.9433E-06   0.0000E+00  0.0000
   7.9433E-06   1.0000E-05   0.0000E+00  0.0000
   1.0000E-05   1.2589E-05   0.0000E+00  0.0000
   1.2589E-05   1.5849E-05   0.0000E+00  0.0000
   1.5849E-05   1.9953E-05   0.0000E+00  0.0000
   1.9953E-05   2.5119E-05   0.0000E+00  0.0000
   2.5119E-05   3.1623E-05   0.0000E+00  0.0000
   3.1623E-05   3.9811E-05   0.0000E+00  0.0000
   3.9811E-05   5.0119E-05   0.0000E+00  0.0000
   5.0119E-05   6.3096E-05   0.0000E+00  0.0000
   6.3096E-05   7.9433E-05   0.0000E+00  0.0000
   7.9433E-05   1.0000E-04   0.0000E+00  0.0000
   1.0000E-04   1.2589E-04   0.0000E+00  0.0000
   1.2589E-04   1.5849E-04   0.0000E+00  0.0000
   1.5849E-04   1.9953E-04   0.0000E+00  0.0000
   1.9953E-04   2.5119E-04   0.0000E+00  0.0000
   2.5119E-04   3.1623E-04   0.0000E+00  0.0000
   3.1623E-04   3.9811E-04   0.0000E+00  0.0000
   3.9811E-04   5.0119E-04   0.0000E+00  0.0000
   5.0119E-04   6.3096E-04   0.0000E+00  0.0000
   6.3096E-04   7.9433E-04   0.0000E+00  0.0000
   7.9433E-04   1.0000E-03   0.0000E+00  0.0000
   1.0000E-03   1.2589E-03   0.0000E+00  0.0000
   1.2589E-03   1.5849E-03   0.0000E+00  0.0000
   1.5849E-03   1.9953E-03   0.0000E+00  0.0000
   1.9953E-03   2.5119E-03   0.0000E+00  0.0000
   2.5119E-03   3.1623E-03   0.0000E+00  0.0000
   3.1623E-03   3.9811E-03   0.0000E+00  0.0000
   3.9811E-03   5.0119E-03   0.0000E+00  0.0000
   5.0119E-03   6.3096E-03   0.0000E+00  0.0000
   6.3096E-03   7.9433E-03   0.0000E+00  0.0000
   7.9433E-03   1.0000E-02   0.0000E+00  0.0000
   1.0000E-02   1.2589E-02   0.0000E+00  0.0000
   1.2589E-02   1.5849E-02   0.0000E+00  0.0000
   1.5849E-02   1.9953E-02   0.0000E+00  0.0000
   1.9953E-02   2.5119E-02   0.0000E+00  0.0000
   2.5119E-02   3.1623E-02   6.7573E-05  1.0000
   3.1623E-02   3.9811E-02   1.5795E-05  1.0000
   3.9811E-02   5.0119E-02   1.6603E-05  1.0000
   5.0119E-02   6.3096E-02   0.0000E+00  0.0000
   6.3096E-02   7.9433E-02   0.0000E+00  0.0000
   7.9433E-02   1.0000E-01   0.0000E+00  0.0000
   1.0000E-01   1.2589E-01   0.0000E+00  0.0000
   1.2589E-01   1.5849E-01   0.0000E+00  0.0000
   1.5849E-01   1.9953E-01   9.3745E-05  0.7109
   1.9953E-01   2.5119E-01   8.6292E-05  0.7558
   2.5119E-01   3.1623E-01   2.8893E-04  0.6107
   3.1623E-01   3.9811E-01   2.5517E-04  0.5573
   3.9811E-01   5.0119E-01   2.3769E-04  0.5383
   5.0119E-01   6.3096E-01   1.2908E-05  1.0000
   6.3096E-01   7.9433E-01   5.8047E-04  0.3553
   7.9433E-01   1.0000E+00   4.7270E-04  0.3933
   1.0000E+00   1.2589E+00   6.3754E-04  0.3132
   1.2589E+00   1.5849E+00   1.0375E-03  0.2633
   1.5849E+00   1.9953E+00   6.0454E-04  0.3364
   1.9953E+00   2.5119E+00   1.0064E-03  0.2558
   2.5119E+00   3.1623E+00   8.7242E-04  0.2286
   3.1623E+00   3.9811E+00   4.5445E-04  0.3757
   3.9811E+00   5.0119E+00   1.2885E-03  0.3289
   5.0119E+00   6.3096E+00   3.1421E-04  0.3914
   6.3096E+00   7.9433E+00   6.5680E-04  0.3040
   7.9433E+00   1.0000E+01   2.5690E-04  0.4088
   1.0000E+01   1.2589E+01   2.8630E-04  0.3532
   1.2589E+01   1.5849E+01   6.5957E-04  0.4368
   1.5849E+01   1.9953E+01   1.0277E-03  0.2593
   1.9953E+01   2.5119E+01   8.3024E-04  0.2479
   2.5119E+01   3.1623E+01   7.7984E-04  0.2368
   3.1623E+01   3.9811E+01   6.4690E-04  0.2793
   3.9811E+01   5.0119E+01   2.5822E-01  0.0144
   5.0119E+01   6.3096E+01   0.0000E+00  0.0000
   6.3096E+01   7.9433E+01   0.0000E+00  0.0000
   7.9433E+01   1.0000E+02   0.0000E+00  0.0000
   1.0000E+02   1.2589E+02   0.0000E+00  0.0000
   1.2589E+02   1.5849E+02   0.0000E+00  0.0000
   1.5849E+02   1.9953E+02   0.0000E+00  0.0000
   1.9953E+02   2.5119E+02   0.0000E+00  0.0000
   2.5119E+02   3.1623E+02   0.0000E+00  0.0000
   3.1623E+02   3.9811E+02   0.0000E+00  0.0000
   3.9811E+02   5.0119E+02   0.0000E+00  0.0000
   5.0119E+02   6.3096E+02   0.0000E+00  0.0000
   6.3096E+02   7.9433E+02   0.0000E+00  0.0000
   7.9433E+02   1.0000E+03   0.0000E+00  0.0000

#   sum over                 2.7171E-01  0.0144

'no. =  1,  reg  =    101'
msuc: {\huge Neutron track length in active He-3 gas}
msdr: {\it plotted by \ANGEL \version}
msdl: {\it calculated by \PHITS  3.36}
wt: s(0.7)
\vspace{-3}
   vol  &=&   1.0000E+00 [cm^3]
e:

#------------------------------------------------------------------------------
 newpage:
#   no. =  2   reg =    201

x: Energy [MeV/n]
y: Flux [1/cm^2/source]              
p: xlog ylog afac(0.8) form(0.9)
h: n            x            y(neutron ),hh0l n  
#  e-lower      e-upper        neutron   r.err 
   1.0000E-10   1.2589E-10   0.0000E+00  0.0000
   1.2589E-10   1.5849E-10   0.0000E+00  0.0000
   1.5849E-10   1.9953E-10   0.0000E+00  0.0000
   1.9953E-10   2.5119E-10   0.0000E+00  0.0000
   2.5119E-10   3.1623E-10   0.0000E+00  0.0000
   3.1623E-10   3.9811E-10   0.0000E+00  0.0000
   3.9811E-10   5.0119E-10   0.0000E+00  0.0000
   5.0119E-10   6.3096E-10   0.0000E+00  0.0000
   6.3096E-10   7.9433E-10   0.0000E+00  0.0000
   7.9433E-10   1.0000E-09   0.0000E+00  0.0000
   1.0000E-09   1.2589E-09   0.0000E+00  0.0000
   1.2589E-09   1.5849E-09   0.0000E+00  0.0000
   1.5849E-09   1.9953E-09   0.0000E+00  0.0000
   1.9953E-09   2.5119E-09   0.0000E+00  0.0000
   2.5119E-09   3.1623E-09   0.0000E+00  0.0000
   3.1623E-09   3.9811E-09   2.5861E-07  1.0000
   3.9811E-09   5.0119E-09   3.6155E-06  0.7844
   5.0119E-09   6.3096E-09   8.0132E-06  0.9539
   6.3096E-09   7.9433E-09   3.3072E-06  0.6360
   7.9433E-09   1.0000E-08   1.1003E-06  0.5993
   1.0000E-08   1.2589E-08   2.0925E-05  0.4016
   1.2589E-08   1.5849E-08   2.9409E-05  0.3517
   1.5849E-08   1.9953E-08   3.4261E-05  0.2915
   1.9953E-08   2.5119E-08   5.4317E-05  0.2855
   2.5119E-08   3.1623E-08   3.5749E-05  0.3223
   3.1623E-08   3.9811E-08   7.3543E-05  0.2049
   3.9811E-08   5.0119E-08   1.4153E-04  0.2073
   5.0119E-08   6.3096E-08   1.0511E-04  0.2084
   6.3096E-08   7.9433E-08   1.6435E-04  0.2010
   7.9433E-08   1.0000E-07   9.5601E-05  0.2521
   1.0000E-07   1.2589E-07   1.4638E-04  0.2650
   1.2589E-07   1.5849E-07   1.4755E-04  0.2960
   1.5849E-07   1.9953E-07   5.6394E-05  0.4407
   1.9953E-07   2.5119E-07   5.1055E-05  0.4989
   2.5119E-07   3.1623E-07   1.5792E-05  0.6552
   3.1623E-07   3.9811E-07   3.5560E-05  0.6191
   3.9811E-07   5.0119E-07   4.3290E-05  0.7377
   5.0119E-07   6.3096E-07   8.8888E-05  0.4998
   6.3096E-07   7.9433E-07   1.5332E-04  0.4554
   7.9433E-07   1.0000E-06   9.8001E-05  0.5118
   1.0000E-06   1.2589E-06   1.0017E-04  0.4575
   1.2589E-06   1.5849E-06   1.1495E-04  0.6197
   1.5849E-06   1.9953E-06   1.4295E-04  0.6598
   1.9953E-06   2.5119E-06   2.1243E-05  0.7553
   2.5119E-06   3.1623E-06   1.2046E-04  0.5213
   3.1623E-06   3.9811E-06   5.5275E-05  0.7022
   3.9811E-06   5.0119E-06   2.5762E-05  0.7193
   5.0119E-06   6.3096E-06   5.2963E-05  0.9860
   6.3096E-06   7.9433E-06   8.8781E-05  0.5848
   7.9433E-06   1.0000E-05   3.0744E-05  0.7197
   1.0000E-05   1.2589E-05   2.3606E-04  0.4194
   1.2589E-05   1.5849E-05   1.9908E-04  0.4262
   1.5849E-05   1.9953E-05   5.5599E-05  0.9646
   1.9953E-05   2.5119E-05   2.0283E-04  0.5344
   2.5119E-05   3.1623E-05   3.3288E-04  0.4800
   3.1623E-05   3.9811E-05   5.8432E-05  0.7611
   3.9811E-05   5.0119E-05   0.0000E+00  0.0000
   5.0119E-05   6.3096E-05   5.5262E-05  0.7511
   6.3096E-05   7.9433E-05   5.1261E-05  0.8139
   7.9433E-05   1.0000E-04   2.4341E-04  0.4335
   1.0000E-04   1.2589E-04   3.1618E-04  0.3752
   1.2589E-04   1.5849E-04   6.7904E-05  0.7154
   1.5849E-04   1.9953E-04   1.3437E-04  0.5700
   1.9953E-04   2.5119E-04   9.8416E-05  0.6786
   2.5119E-04   3.1623E-04   9.4934E-05  0.6169
   3.1623E-04   3.9811E-04   1.1682E-04  0.6107
   3.9811E-04   5.0119E-04   6.8943E-05  0.5951
   5.0119E-04   6.3096E-04   2.2037E-04  0.4320
   6.3096E-04   7.9433E-04   2.0980E-04  0.5168
   7.9433E-04   1.0000E-03   1.2839E-04  0.8259
   1.0000E-03   1.2589E-03   1.1026E-04  0.5865
   1.2589E-03   1.5849E-03   3.8480E-05  1.0000
   1.5849E-03   1.9953E-03   4.8774E-04  0.4304
   1.9953E-03   2.5119E-03   1.4602E-04  0.5836
   2.5119E-03   3.1623E-03   4.9648E-04  0.3866
   3.1623E-03   3.9811E-03   1.0238E-04  0.7318
   3.9811E-03   5.0119E-03   1.5753E-04  0.5924
   5.0119E-03   6.3096E-03   1.7276E-04  0.5577
   6.3096E-03   7.9433E-03   3.8106E-05  0.9481
   7.9433E-03   1.0000E-02   1.9622E-04  0.5520
   1.0000E-02   1.2589E-02   2.4068E-04  0.4772
   1.2589E-02   1.5849E-02   1.6014E-04  0.4681
   1.5849E-02   1.9953E-02   1.9478E-04  0.5184
   1.9953E-02   2.5119E-02   1.1228E-04  0.5496
   2.5119E-02   3.1623E-02   5.8411E-05  0.7084
   3.1623E-02   3.9811E-02   1.6764E-04  0.5013
   3.9811E-02   5.0119E-02   2.7245E-05  1.0000
   5.0119E-02   6.3096E-02   2.2729E-04  0.6075
   6.3096E-02   7.9433E-02   3.0423E-04  0.4327
   7.9433E-02   1.0000E-01   3.1182E-04  0.4038
   1.0000E-01   1.2589E-01   5.6346E-04  0.2909
   1.2589E-01   1.5849E-01   3.2580E-04  0.3434
   1.5849E-01   1.9953E-01   4.8123E-04  0.3447
   1.9953E-01   2.5119E-01   4.7880E-04  0.3944
   2.5119E-01   3.1623E-01   6.7287E-04  0.3083
   3.1623E-01   3.9811E-01   4.6055E-04  0.2936
   3.9811E-01   5.0119E-01   7.0437E-04  0.3261
   5.0119E-01   6.3096E-01   3.9077E-04  0.3805
   6.3096E-01   7.9433E-01   8.7194E-04  0.3083
   7.9433E-01   1.0000E+00   1.0296E-03  0.2280
   1.0000E+00   1.2589E+00   1.1958E-03  0.1917
   1.2589E+00   1.5849E+00   1.7455E-03  0.1960
   1.5849E+00   1.9953E+00   1.6119E-03  0.1818
   1.9953E+00   2.5119E+00   1.3704E-03  0.2329
   2.5119E+00   3.1623E+00   1.9346E-03  0.1633
   3.1623E+00   3.9811E+00   1.2699E-03  0.2012
   3.9811E+00   5.0119E+00   2.0696E-03  0.1768
   5.0119E+00   6.3096E+00   1.7837E-03  0.1588
   6.3096E+00   7.9433E+00   1.9314E-03  0.2042
   7.9433E+00   1.0000E+01   1.8177E-03  0.1746
   1.0000E+01   1.2589E+01   2.1386E-03  0.1517
   1.2589E+01   1.5849E+01   2.1803E-03  0.1599
   1.5849E+01   1.9953E+01   3.4052E-03  0.1285
   1.9953E+01   2.5119E+01   3.7099E-03  0.1262
   2.5119E+01   3.1623E+01   3.4943E-03  0.1197
   3.1623E+01   3.9811E+01   3.7630E-03  0.1220
   3.9811E+01   5.0119E+01   1.3006E-01  0.0195
   5.0119E+01   6.3096E+01   0.0000E+00  0.0000
   6.3096E+01   7.9433E+01   0.0000E+00  0.0000
   7.9433E+01   1.0000E+02   0.0000E+00  0.0000
   1.0000E+02   1.2589E+02   0.0000E+00  0.0000
   1.2589E+02   1.5849E+02   0.0000E+00  0.0000
   1.5849E+02   1.9953E+02   0.0000E+00  0.0000
   1.9953E+02   2.5119E+02   0.0000E+00  0.0000
   2.5119E+02   3.1623E+02   0.0000E+00  0.0000
   3.1623E+02   3.9811E+02   0.0000E+00  0.0000
   3.9811E+02   5.0119E+02   0.0000E+00  0.0000
   5.0119E+02   6.3096E+02   0.0000E+00  0.0000
   6.3096E+02   7.9433E+02   0.0000E+00  0.0000
   7.9433E+02   1.0000E+03   0.0000E+00  0.0000

#   sum over                 1.8046E-01  0.0180

'no. =  2,  reg  =    201'
msuc: {\huge Neutron track length in active He-3 gas}
msdr: {\it plotted by \ANGEL \version}
msdl: {\it calculated by \PHITS  3.36}
wt: s(0.7)
\vspace{-3}
   vol  &=&   1.0000E+00 [cm^3]
e:

#------------------------------------------------------------------------------
 newpage:
#   no. =  3   reg =    301

x: Energy [MeV/n]
y: Flux [1/cm^2/source]              
p: xlog ylog afac(0.8) form(0.9)
h: n            x            y(neutron ),hh0l n  
#  e-lower      e-upper        neutron   r.err 
   1.0000E-10   1.2589E-10   0.0000E+00  0.0000
   1.2589E-10   1.5849E-10   0.0000E+00  0.0000
   1.5849E-10   1.9953E-10   0.0000E+00  0.0000
   1.9953E-10   2.5119E-10   0.0000E+00  0.0000
   2.5119E-10   3.1623E-10   0.0000E+00  0.0000
   3.1623E-10   3.9811E-10   0.0000E+00  0.0000
   3.9811E-10   5.0119E-10   0.0000E+00  0.0000
   5.0119E-10   6.3096E-10   0.0000E+00  0.0000
   6.3096E-10   7.9433E-10   0.0000E+00  0.0000
   7.9433E-10   1.0000E-09   0.0000E+00  0.0000
   1.0000E-09   1.2589E-09   0.0000E+00  0.0000
   1.2589E-09   1.5849E-09   0.0000E+00  0.0000
   1.5849E-09   1.9953E-09   0.0000E+00  0.0000
   1.9953E-09   2.5119E-09   0.0000E+00  0.0000
   2.5119E-09   3.1623E-09   0.0000E+00  0.0000
   3.1623E-09   3.9811E-09   0.0000E+00  0.0000
   3.9811E-09   5.0119E-09   0.0000E+00  0.0000
   5.0119E-09   6.3096E-09   0.0000E+00  0.0000
   6.3096E-09   7.9433E-09   0.0000E+00  0.0000
   7.9433E-09   1.0000E-08   0.0000E+00  0.0000
   1.0000E-08   1.2589E-08   0.0000E+00  0.0000
   1.2589E-08   1.5849E-08   0.0000E+00  0.0000
   1.5849E-08   1.9953E-08   0.0000E+00  0.0000
   1.9953E-08   2.5119E-08   0.0000E+00  0.0000
   2.5119E-08   3.1623E-08   0.0000E+00  0.0000
   3.1623E-08   3.9811E-08   0.0000E+00  0.0000
   3.9811E-08   5.0119E-08   0.0000E+00  0.0000
   5.0119E-08   6.3096E-08   0.0000E+00  0.0000
   6.3096E-08   7.9433E-08   0.0000E+00  0.0000
   7.9433E-08   1.0000E-07   0.0000E+00  0.0000
   1.0000E-07   1.2589E-07   0.0000E+00  0.0000
   1.2589E-07   1.5849E-07   0.0000E+00  0.0000
   1.5849E-07   1.9953E-07   0.0000E+00  0.0000
   1.9953E-07   2.5119E-07   0.0000E+00  0.0000
   2.5119E-07   3.1623E-07   0.0000E+00  0.0000
   3.1623E-07   3.9811E-07   0.0000E+00  0.0000
   3.9811E-07   5.0119E-07   0.0000E+00  0.0000
   5.0119E-07   6.3096E-07   0.0000E+00  0.0000
   6.3096E-07   7.9433E-07   0.0000E+00  0.0000
   7.9433E-07   1.0000E-06   0.0000E+00  0.0000
   1.0000E-06   1.2589E-06   0.0000E+00  0.0000
   1.2589E-06   1.5849E-06   0.0000E+00  0.0000
   1.5849E-06   1.9953E-06   0.0000E+00  0.0000
   1.9953E-06   2.5119E-06   0.0000E+00  0.0000
   2.5119E-06   3.1623E-06   0.0000E+00  0.0000
   3.1623E-06   3.9811E-06   0.0000E+00  0.0000
   3.9811E-06   5.0119E-06   0.0000E+00  0.0000
   5.0119E-06   6.3096E-06   0.0000E+00  0.0000
   6.3096E-06   7.9433E-06   0.0000E+00  0.0000
   7.9433E-06   1.0000E-05   0.0000E+00  0.0000
   1.0000E-05   1.2589E-05   0.0000E+00  0.0000
   1.2589E-05   1.5849E-05   0.0000E+00  0.0000
   1.5849E-05   1.9953E-05   0.0000E+00  0.0000
   1.9953E-05   2.5119E-05   0.0000E+00  0.0000
   2.5119E-05   3.1623E-05   0.0000E+00  0.0000
   3.1623E-05   3.9811E-05   0.0000E+00  0.0000
   3.9811E-05   5.0119E-05   0.0000E+00  0.0000
   5.0119E-05   6.3096E-05   0.0000E+00  0.0000
   6.3096E-05   7.9433E-05   0.0000E+00  0.0000
   7.9433E-05   1.0000E-04   0.0000E+00  0.0000
   1.0000E-04   1.2589E-04   0.0000E+00  0.0000
   1.2589E-04   1.5849E-04   0.0000E+00  0.0000
   1.5849E-04   1.9953E-04   0.0000E+00  0.0000
   1.9953E-04   2.5119E-04   0.0000E+00  0.0000
   2.5119E-04   3.1623E-04   0.0000E+00  0.0000
   3.1623E-04   3.9811E-04   0.0000E+00  0.0000
   3.9811E-04   5.0119E-04   0.0000E+00  0.0000
   5.0119E-04   6.3096E-04   0.0000E+00  0.0000
   6.3096E-04   7.9433E-04   0.0000E+00  0.0000
   7.9433E-04   1.0000E-03   0.0000E+00  0.0000
   1.0000E-03   1.2589E-03   0.0000E+00  0.0000
   1.2589E-03   1.5849E-03   0.0000E+00  0.0000
   1.5849E-03   1.9953E-03   0.0000E+00  0.0000
   1.9953E-03   2.5119E-03   0.0000E+00  0.0000
   2.5119E-03   3.1623E-03   0.0000E+00  0.0000
   3.1623E-03   3.9811E-03   0.0000E+00  0.0000
   3.9811E-03   5.0119E-03   0.0000E+00  0.0000
   5.0119E-03   6.3096E-03   0.0000E+00  0.0000
   6.3096E-03   7.9433E-03   0.0000E+00  0.0000
   7.9433E-03   1.0000E-02   0.0000E+00  0.0000
   1.0000E-02   1.2589E-02   0.0000E+00  0.0000
   1.2589E-02   1.5849E-02   0.0000E+00  0.0000
   1.5849E-02   1.9953E-02   0.0000E+00  0.0000
   1.9953E-02   2.5119E-02   0.0000E+00  0.0000
   2.5119E-02   3.1623E-02   0.0000E+00  0.0000
   3.1623E-02   3.9811E-02   0.0000E+00  0.0000
   3.9811E-02   5.0119E-02   0.0000E+00  0.0000
   5.0119E-02   6.3096E-02   3.8158E-05  0.7215
   6.3096E-02   7.9433E-02   1.6143E-05  0.7428
   7.9433E-02   1.0000E-01   0.0000E+00  0.0000
   1.0000E-01   1.2589E-01   0.0000E+00  0.0000
   1.2589E-01   1.5849E-01   0.0000E+00  0.0000
   1.5849E-01   1.9953E-01   2.6089E-05  1.0000
   1.9953E-01   2.5119E-01   5.1745E-05  1.0000
   2.5119E-01   3.1623E-01   4.4987E-05  0.7071
   3.1623E-01   3.9811E-01   4.9436E-06  1.0000
   3.9811E-01   5.0119E-01   4.9714E-05  0.6185
   5.0119E-01   6.3096E-01   1.1571E-04  0.4192
   6.3096E-01   7.9433E-01   5.8408E-05  0.6270
   7.9433E-01   1.0000E+00   1.1528E-04  0.4726
   1.0000E+00   1.2589E+00   1.5856E-04  0.4079
   1.2589E+00   1.5849E+00   1.8681E-04  0.3413
   1.5849E+00   1.9953E+00   2.0943E-04  0.5347
   1.9953E+00   2.5119E+00   2.0271E-04  0.4051
   2.5119E+00   3.1623E+00   2.5231E-04  0.2824
   3.1623E+00   3.9811E+00   2.8239E-04  0.4394
   3.9811E+00   5.0119E+00   1.9846E-04  0.3539
   5.0119E+00   6.3096E+00   3.1306E-04  0.4482
   6.3096E+00   7.9433E+00   2.1918E-04  0.3641
   7.9433E+00   1.0000E+01   1.3623E-04  0.4155
   1.0000E+01   1.2589E+01   1.4643E-04  0.4981
   1.2589E+01   1.5849E+01   2.0972E-04  0.4984
   1.5849E+01   1.9953E+01   2.9538E-04  0.4344
   1.9953E+01   2.5119E+01   2.0388E-04  0.3226
   2.5119E+01   3.1623E+01   3.6402E-04  0.3227
   3.1623E+01   3.9811E+01   1.7024E-04  0.3593
   3.9811E+01   5.0119E+01   9.8963E-02  0.0168
   5.0119E+01   6.3096E+01   0.0000E+00  0.0000
   6.3096E+01   7.9433E+01   0.0000E+00  0.0000
   7.9433E+01   1.0000E+02   0.0000E+00  0.0000
   1.0000E+02   1.2589E+02   0.0000E+00  0.0000
   1.2589E+02   1.5849E+02   0.0000E+00  0.0000
   1.5849E+02   1.9953E+02   0.0000E+00  0.0000
   1.9953E+02   2.5119E+02   0.0000E+00  0.0000
   2.5119E+02   3.1623E+02   0.0000E+00  0.0000
   3.1623E+02   3.9811E+02   0.0000E+00  0.0000
   3.9811E+02   5.0119E+02   0.0000E+00  0.0000
   5.0119E+02   6.3096E+02   0.0000E+00  0.0000
   6.3096E+02   7.9433E+02   0.0000E+00  0.0000
   7.9433E+02   1.0000E+03   0.0000E+00  0.0000

#   sum over                 1.0303E-01  0.0168

'no. =  3,  reg  =    301'
msuc: {\huge Neutron track length in active He-3 gas}
msdr: {\it plotted by \ANGEL \version}
msdl: {\it calculated by \PHITS  3.36}
wt: s(0.7)
\vspace{-3}
   vol  &=&   1.0000E+00 [cm^3]
e:

#------------------------------------------------------------------------------
 newpage:
#   no. =  4   reg =    401

x: Energy [MeV/n]
y: Flux [1/cm^2/source]              
p: xlog ylog afac(0.8) form(0.9)
h: n            x            y(neutron ),hh0l n  
#  e-lower      e-upper        neutron   r.err 
   1.0000E-10   1.2589E-10   0.0000E+00  0.0000
   1.2589E-10   1.5849E-10   0.0000E+00  0.0000
   1.5849E-10   1.9953E-10   0.0000E+00  0.0000
   1.9953E-10   2.5119E-10   0.0000E+00  0.0000
   2.5119E-10   3.1623E-10   0.0000E+00  0.0000
   3.1623E-10   3.9811E-10   0.0000E+00  0.0000
   3.9811E-10   5.0119E-10   0.0000E+00  0.0000
   5.0119E-10   6.3096E-10   0.0000E+00  0.0000
   6.3096E-10   7.9433E-10   0.0000E+00  0.0000
   7.9433E-10   1.0000E-09   0.0000E+00  0.0000
   1.0000E-09   1.2589E-09   0.0000E+00  0.0000
   1.2589E-09   1.5849E-09   0.0000E+00  0.0000
   1.5849E-09   1.9953E-09   0.0000E+00  0.0000
   1.9953E-09   2.5119E-09   5.8753E-07  1.0000
   2.5119E-09   3.1623E-09   0.0000E+00  0.0000
   3.1623E-09   3.9811E-09   0.0000E+00  0.0000
   3.9811E-09   5.0119E-09   0.0000E+00  0.0000
   5.0119E-09   6.3096E-09   1.4007E-06  0.7866
   6.3096E-09   7.9433E-09   0.0000E+00  0.0000
   7.9433E-09   1.0000E-08   1.2501E-06  0.5200
   1.0000E-08   1.2589E-08   4.6614E-06  0.6575
   1.2589E-08   1.5849E-08   3.9592E-07  0.9814
   1.5849E-08   1.9953E-08   1.1096E-05  0.5057
   1.9953E-08   2.5119E-08   8.4513E-06  0.6339
   2.5119E-08   3.1623E-08   1.7176E-05  0.5831
   3.1623E-08   3.9811E-08   4.6647E-05  0.3032
   3.9811E-08   5.0119E-08   8.3253E-05  0.3973
   5.0119E-08   6.3096E-08   5.8169E-05  0.3118
   6.3096E-08   7.9433E-08   5.3026E-05  0.3873
   7.9433E-08   1.0000E-07   4.6247E-05  0.3990
   1.0000E-07   1.2589E-07   3.2006E-05  0.5173
   1.2589E-07   1.5849E-07   2.6894E-05  0.4725
   1.5849E-07   1.9953E-07   1.6939E-05  0.5974
   1.9953E-07   2.5119E-07   2.3115E-06  1.0000
   2.5119E-07   3.1623E-07   3.2745E-05  0.5295
   3.1623E-07   3.9811E-07   8.6338E-06  1.0000
   3.9811E-07   5.0119E-07   1.1120E-06  1.0000
   5.0119E-07   6.3096E-07   1.1680E-05  1.0000
   6.3096E-07   7.9433E-07   4.6715E-05  0.7189
   7.9433E-07   1.0000E-06   9.8035E-06  1.0000
   1.0000E-06   1.2589E-06   1.9422E-05  0.8897
   1.2589E-06   1.5849E-06   3.4287E-05  0.7173
   1.5849E-06   1.9953E-06   7.9523E-05  0.7522
   1.9953E-06   2.5119E-06   3.0117E-05  0.9144
   2.5119E-06   3.1623E-06   7.3902E-05  0.5256
   3.1623E-06   3.9811E-06   1.6956E-05  1.0000
   3.9811E-06   5.0119E-06   1.7542E-05  0.8389
   5.0119E-06   6.3096E-06   3.4934E-05  1.0000
   6.3096E-06   7.9433E-06   0.0000E+00  0.0000
   7.9433E-06   1.0000E-05   4.6298E-05  0.6392
   1.0000E-05   1.2589E-05   4.9544E-05  0.7084
   1.2589E-05   1.5849E-05   3.9578E-05  0.7117
   1.5849E-05   1.9953E-05   2.8586E-05  0.6928
   1.9953E-05   2.5119E-05   2.5479E-05  0.7943
   2.5119E-05   3.1623E-05   2.8634E-05  0.9332
   3.1623E-05   3.9811E-05   6.3139E-05  0.6070
   3.9811E-05   5.0119E-05   8.2432E-05  0.6012
   5.0119E-05   6.3096E-05   9.6104E-06  1.0000
   6.3096E-05   7.9433E-05   5.1340E-06  1.0000
   7.9433E-05   1.0000E-04   5.5626E-05  0.6423
   1.0000E-04   1.2589E-04   1.0805E-04  0.5134
   1.2589E-04   1.5849E-04   7.2716E-05  0.5885
   1.5849E-04   1.9953E-04   5.5200E-05  0.7213
   1.9953E-04   2.5119E-04   5.9137E-05  0.6107
   2.5119E-04   3.1623E-04   1.0640E-04  0.5790
   3.1623E-04   3.9811E-04   4.1830E-05  1.0000
   3.9811E-04   5.0119E-04   8.1979E-05  0.7412
   5.0119E-04   6.3096E-04   0.0000E+00  0.0000
   6.3096E-04   7.9433E-04   4.5597E-05  0.7235
   7.9433E-04   1.0000E-03   1.8184E-05  1.0000
   1.0000E-03   1.2589E-03   1.9107E-05  1.0000
   1.2589E-03   1.5849E-03   1.7822E-05  1.0000
   1.5849E-03   1.9953E-03   5.3990E-05  0.6108
   1.9953E-03   2.5119E-03   6.4919E-05  0.5550
   2.5119E-03   3.1623E-03   1.6985E-05  1.0000
   3.1623E-03   3.9811E-03   4.5642E-05  0.5973
   3.9811E-03   5.0119E-03   5.8889E-05  0.7355
   5.0119E-03   6.3096E-03   2.6493E-05  0.8322
   6.3096E-03   7.9433E-03   3.4161E-05  0.7429
   7.9433E-03   1.0000E-02   1.1097E-04  0.5816
   1.0000E-02   1.2589E-02   1.5499E-04  0.4262
   1.2589E-02   1.5849E-02   5.4530E-05  0.5963
   1.5849E-02   1.9953E-02   5.5783E-05  0.7072
   1.9953E-02   2.5119E-02   2.3292E-04  0.4222
   2.5119E-02   3.1623E-02   4.1157E-05  0.6928
   3.1623E-02   3.9811E-02   4.2808E-05  0.7965
   3.9811E-02   5.0119E-02   6.8091E-05  0.5947
   5.0119E-02   6.3096E-02   2.4146E-05  1.0000
   6.3096E-02   7.9433E-02   5.4857E-05  0.6821
   7.9433E-02   1.0000E-01   7.2645E-05  0.6031
   1.0000E-01   1.2589E-01   7.0452E-05  0.5795
   1.2589E-01   1.5849E-01   2.0410E-04  0.3574
   1.5849E-01   1.9953E-01   1.3047E-04  0.4078
   1.9953E-01   2.5119E-01   8.6191E-05  0.5089
   2.5119E-01   3.1623E-01   3.3061E-04  0.4776
   3.1623E-01   3.9811E-01   1.7943E-04  0.3607
   3.9811E-01   5.0119E-01   2.2989E-04  0.3717
   5.0119E-01   6.3096E-01   2.9915E-04  0.3189
   6.3096E-01   7.9433E-01   2.1990E-04  0.3335
   7.9433E-01   1.0000E+00   3.9776E-04  0.3750
   1.0000E+00   1.2589E+00   3.0572E-04  0.2941
   1.2589E+00   1.5849E+00   3.5963E-04  0.2796
   1.5849E+00   1.9953E+00   4.7207E-04  0.2408
   1.9953E+00   2.5119E+00   5.8866E-04  0.2588
   2.5119E+00   3.1623E+00   4.5055E-04  0.2776
   3.1623E+00   3.9811E+00   5.4862E-04  0.2495
   3.9811E+00   5.0119E+00   4.9647E-04  0.2142
   5.0119E+00   6.3096E+00   5.7575E-04  0.2019
   6.3096E+00   7.9433E+00   8.2054E-04  0.2936
   7.9433E+00   1.0000E+01   5.1901E-04  0.2267
   1.0000E+01   1.2589E+01   8.0905E-04  0.1819
   1.2589E+01   1.5849E+01   8.5343E-04  0.1941
   1.5849E+01   1.9953E+01   9.4858E-04  0.1816
   1.9953E+01   2.5119E+01   1.1452E-03  0.1571
   2.5119E+01   3.1623E+01   1.0440E-03  0.1571
   3.1623E+01   3.9811E+01   1.2999E-03  0.1404
   3.9811E+01   5.0119E+01   5.7426E-02  0.0218
   5.0119E+01   6.3096E+01   0.0000E+00  0.0000
   6.3096E+01   7.9433E+01   0.0000E+00  0.0000
   7.9433E+01   1.0000E+02   0.0000E+00  0.0000
   1.0000E+02   1.2589E+02   0.0000E+00  0.0000
   1.2589E+02   1.5849E+02   0.0000E+00  0.0000
   1.5849E+02   1.9953E+02   0.0000E+00  0.0000
   1.9953E+02   2.5119E+02   0.0000E+00  0.0000
   2.5119E+02   3.1623E+02   0.0000E+00  0.0000
   3.1623E+02   3.9811E+02   0.0000E+00  0.0000
   3.9811E+02   5.0119E+02   0.0000E+00  0.0000
   5.0119E+02   6.3096E+02   0.0000E+00  0.0000
   6.3096E+02   7.9433E+02   0.0000E+00  0.0000
   7.9433E+02   1.0000E+03   0.0000E+00  0.0000

#   sum over                 7.3913E-02  0.0208

'no. =  4,  reg  =    401'
msuc: {\huge Neutron track length in active He-3 gas}
msdr: {\it plotted by \ANGEL \version}
msdl: {\it calculated by \PHITS  3.36}
wt: s(0.7)
\vspace{-3}
   vol  &=&   1.0000E+00 [cm^3]
e:
 
# Information for Restart Calculation
# This calculation was newly started
# istdev =  2 # 1:Batch variance, 2:History variance
# resc2  = 1.49694967969078076E+05 # Total source weight or Total source weight / maxcas
# resc3  = 1.50000000000000000E+05 # Total history number or Total batch number
# maxcas =      150000 # History / Batch, only used for istdev=1
# bitrseed = 0111111111001111101001101110000010101010111111001111100100100101 # bit data of rseed
