[ T-Track ]
    title = Neutron track length in active He-3 gas
     mesh =  reg            # mesh type is region-wise
      reg = 101 201 301 401
   e-type =    3            # e-mesh is log given by emin, emax and ne
     emin =  1.0000000E-10  # minimum value of e-mesh points
     emax =   1000.000      # maximum value of e-mesh points
#    edel =  0.2302585      # mesh width of e-mesh points
       ne =    130          # number of e-mesh points
#    data = ( e(i), i = 1, ne + 1 )
#           1.00000E-10  1.25893E-10  1.58489E-10  1.99526E-10  2.51189E-10
#           3.16228E-10  3.98107E-10  5.01187E-10  6.30957E-10  7.94328E-10
#           1.00000E-09  1.25893E-09  1.58489E-09  1.99526E-09  2.51189E-09
#           3.16228E-09  3.98107E-09  5.01187E-09  6.30957E-09  7.94328E-09
#           1.00000E-08  1.25893E-08  1.58489E-08  1.99526E-08  2.51189E-08
#           3.16228E-08  3.98107E-08  5.01187E-08  6.30957E-08  7.94328E-08
#           1.00000E-07  1.25893E-07  1.58489E-07  1.99526E-07  2.51189E-07
#           3.16228E-07  3.98107E-07  5.01187E-07  6.30957E-07  7.94328E-07
#           1.00000E-06  1.25893E-06  1.58489E-06  1.99526E-06  2.51189E-06
#           3.16228E-06  3.98107E-06  5.01187E-06  6.30957E-06  7.94328E-06
#           1.00000E-05  1.25893E-05  1.58489E-05  1.99526E-05  2.51189E-05
#           3.16228E-05  3.98107E-05  5.01187E-05  6.30957E-05  7.94328E-05
#           1.00000E-04  1.25893E-04  1.58489E-04  1.99526E-04  2.51189E-04
#           3.16228E-04  3.98107E-04  5.01187E-04  6.30957E-04  7.94328E-04
#           1.00000E-03  1.25893E-03  1.58489E-03  1.99526E-03  2.51189E-03
#           3.16228E-03  3.98107E-03  5.01187E-03  6.30957E-03  7.94328E-03
#           1.00000E-02  1.25893E-02  1.58489E-02  1.99526E-02  2.51189E-02
#           3.16228E-02  3.98107E-02  5.01187E-02  6.30957E-02  7.94328E-02
#           1.00000E-01  1.25893E-01  1.58489E-01  1.99526E-01  2.51189E-01
#           3.16228E-01  3.98107E-01  5.01187E-01  6.30957E-01  7.94328E-01
#           1.00000E+00  1.25893E+00  1.58489E+00  1.99526E+00  2.51189E+00
#           3.16228E+00  3.98107E+00  5.01187E+00  6.30957E+00  7.94328E+00
#           1.00000E+01  1.25893E+01  1.58489E+01  1.99526E+01  2.51189E+01
#           3.16228E+01  3.98107E+01  5.01187E+01  6.30957E+01  7.94328E+01
#           1.00000E+02  1.25893E+02  1.58489E+02  1.99526E+02  2.51189E+02
#           3.16228E+02  3.98107E+02  5.01187E+02  6.30957E+02  7.94328E+02
#           1.00000E+03
     unit =    1            # unit is [1/cm^2/source]
 material =  all            # (D=all) number of specific material
     axis =     eng            # axis of output
     file = gas_track.out   # file name of output for the above axis
     part =  neutron  
# kf/name :  2112     
#    used :        main (  %)        temp (  %)       total (  %)
#  memory :         139 (  0)           0 (  0)         139 (  0)

#------------------------------------------------------------------------------
#newpage:
#   no. =  1   reg =    101

x: Energy [MeV/n]
y: Flux [1/cm^2/source]              
p: xlog ylog afac(0.8) form(0.9)
h: n            x            y(neutron ),hh0l n  
#  e-lower      e-upper        neutron   r.err 
   1.0000E-10   1.2589E-10   0.0000E+00  0.0000
   1.2589E-10   1.5849E-10   0.0000E+00  0.0000
   1.5849E-10   1.9953E-10   0.0000E+00  0.0000
   1.9953E-10   2.5119E-10   0.0000E+00  0.0000
   2.5119E-10   3.1623E-10   0.0000E+00  0.0000
   3.1623E-10   3.9811E-10   0.0000E+00  0.0000
   3.9811E-10   5.0119E-10   0.0000E+00  0.0000
   5.0119E-10   6.3096E-10   0.0000E+00  0.0000
   6.3096E-10   7.9433E-10   0.0000E+00  0.0000
   7.9433E-10   1.0000E-09   0.0000E+00  0.0000
   1.0000E-09   1.2589E-09   0.0000E+00  0.0000
   1.2589E-09   1.5849E-09   0.0000E+00  0.0000
   1.5849E-09   1.9953E-09   0.0000E+00  0.0000
   1.9953E-09   2.5119E-09   0.0000E+00  0.0000
   2.5119E-09   3.1623E-09   0.0000E+00  0.0000
   3.1623E-09   3.9811E-09   0.0000E+00  0.0000
   3.9811E-09   5.0119E-09   0.0000E+00  0.0000
   5.0119E-09   6.3096E-09   0.0000E+00  0.0000
   6.3096E-09   7.9433E-09   0.0000E+00  0.0000
   7.9433E-09   1.0000E-08   0.0000E+00  0.0000
   1.0000E-08   1.2589E-08   0.0000E+00  0.0000
   1.2589E-08   1.5849E-08   0.0000E+00  0.0000
   1.5849E-08   1.9953E-08   0.0000E+00  0.0000
   1.9953E-08   2.5119E-08   0.0000E+00  0.0000
   2.5119E-08   3.1623E-08   0.0000E+00  0.0000
   3.1623E-08   3.9811E-08   0.0000E+00  0.0000
   3.9811E-08   5.0119E-08   0.0000E+00  0.0000
   5.0119E-08   6.3096E-08   0.0000E+00  0.0000
   6.3096E-08   7.9433E-08   0.0000E+00  0.0000
   7.9433E-08   1.0000E-07   0.0000E+00  0.0000
   1.0000E-07   1.2589E-07   0.0000E+00  0.0000
   1.2589E-07   1.5849E-07   0.0000E+00  0.0000
   1.5849E-07   1.9953E-07   0.0000E+00  0.0000
   1.9953E-07   2.5119E-07   0.0000E+00  0.0000
   2.5119E-07   3.1623E-07   0.0000E+00  0.0000
   3.1623E-07   3.9811E-07   0.0000E+00  0.0000
   3.9811E-07   5.0119E-07   0.0000E+00  0.0000
   5.0119E-07   6.3096E-07   0.0000E+00  0.0000
   6.3096E-07   7.9433E-07   0.0000E+00  0.0000
   7.9433E-07   1.0000E-06   0.0000E+00  0.0000
   1.0000E-06   1.2589E-06   0.0000E+00  0.0000
   1.2589E-06   1.5849E-06   0.0000E+00  0.0000
   1.5849E-06   1.9953E-06   0.0000E+00  0.0000
   1.9953E-06   2.5119E-06   0.0000E+00  0.0000
   2.5119E-06   3.1623E-06   0.0000E+00  0.0000
   3.1623E-06   3.9811E-06   0.0000E+00  0.0000
   3.9811E-06   5.0119E-06   0.0000E+00  0.0000
   5.0119E-06   6.3096E-06   0.0000E+00  0.0000
   6.3096E-06   7.9433E-06   0.0000E+00  0.0000
   7.9433E-06   1.0000E-05   0.0000E+00  0.0000
   1.0000E-05   1.2589E-05   0.0000E+00  0.0000
   1.2589E-05   1.5849E-05   0.0000E+00  0.0000
   1.5849E-05   1.9953E-05   0.0000E+00  0.0000
   1.9953E-05   2.5119E-05   0.0000E+00  0.0000
   2.5119E-05   3.1623E-05   0.0000E+00  0.0000
   3.1623E-05   3.9811E-05   0.0000E+00  0.0000
   3.9811E-05   5.0119E-05   0.0000E+00  0.0000
   5.0119E-05   6.3096E-05   0.0000E+00  0.0000
   6.3096E-05   7.9433E-05   0.0000E+00  0.0000
   7.9433E-05   1.0000E-04   0.0000E+00  0.0000
   1.0000E-04   1.2589E-04   0.0000E+00  0.0000
   1.2589E-04   1.5849E-04   0.0000E+00  0.0000
   1.5849E-04   1.9953E-04   0.0000E+00  0.0000
   1.9953E-04   2.5119E-04   0.0000E+00  0.0000
   2.5119E-04   3.1623E-04   0.0000E+00  0.0000
   3.1623E-04   3.9811E-04   0.0000E+00  0.0000
   3.9811E-04   5.0119E-04   0.0000E+00  0.0000
   5.0119E-04   6.3096E-04   0.0000E+00  0.0000
   6.3096E-04   7.9433E-04   0.0000E+00  0.0000
   7.9433E-04   1.0000E-03   0.0000E+00  0.0000
   1.0000E-03   1.2589E-03   0.0000E+00  0.0000
   1.2589E-03   1.5849E-03   0.0000E+00  0.0000
   1.5849E-03   1.9953E-03   0.0000E+00  0.0000
   1.9953E-03   2.5119E-03   0.0000E+00  0.0000
   2.5119E-03   3.1623E-03   0.0000E+00  0.0000
   3.1623E-03   3.9811E-03   0.0000E+00  0.0000
   3.9811E-03   5.0119E-03   0.0000E+00  0.0000
   5.0119E-03   6.3096E-03   0.0000E+00  0.0000
   6.3096E-03   7.9433E-03   0.0000E+00  0.0000
   7.9433E-03   1.0000E-02   0.0000E+00  0.0000
   1.0000E-02   1.2589E-02   0.0000E+00  0.0000
   1.2589E-02   1.5849E-02   0.0000E+00  0.0000
   1.5849E-02   1.9953E-02   0.0000E+00  0.0000
   1.9953E-02   2.5119E-02   0.0000E+00  0.0000
   2.5119E-02   3.1623E-02   0.0000E+00  0.0000
   3.1623E-02   3.9811E-02   0.0000E+00  0.0000
   3.9811E-02   5.0119E-02   0.0000E+00  0.0000
   5.0119E-02   6.3096E-02   0.0000E+00  0.0000
   6.3096E-02   7.9433E-02   0.0000E+00  0.0000
   7.9433E-02   1.0000E-01   1.2822E-04  0.8003
   1.0000E-01   1.2589E-01   2.6376E-05  1.0000
   1.2589E-01   1.5849E-01   2.3664E-04  0.5250
   1.5849E-01   1.9953E-01   9.9256E-05  0.6745
   1.9953E-01   2.5119E-01   8.8441E-05  0.5980
   2.5119E-01   3.1623E-01   2.1604E-04  0.4524
   3.1623E-01   3.9811E-01   5.6903E-04  0.3567
   3.9811E-01   5.0119E-01   3.5070E-04  0.3555
   5.0119E-01   6.3096E-01   4.9574E-04  0.3114
   6.3096E-01   7.9433E-01   8.6642E-04  0.2616
   7.9433E-01   1.0000E+00   8.6373E-04  0.2923
   1.0000E+00   1.2589E+00   1.1732E-03  0.2230
   1.2589E+00   1.5849E+00   8.0607E-04  0.2490
   1.5849E+00   1.9953E+00   1.1784E-03  0.2585
   1.9953E+00   2.5119E+00   1.6594E-03  0.1804
   2.5119E+00   3.1623E+00   1.2946E-03  0.2621
   3.1623E+00   3.9811E+00   1.2895E-03  0.2035
   3.9811E+00   5.0119E+00   1.0213E-03  0.2260
   5.0119E+00   6.3096E+00   5.4905E-04  0.3460
   6.3096E+00   7.9433E+00   3.6641E-04  0.3583
   7.9433E+00   1.0000E+01   7.2818E-04  0.3522
   1.0000E+01   1.2589E+01   4.3149E-04  0.2881
   1.2589E+01   1.5849E+01   4.8332E-04  0.3168
   1.5849E+01   1.9953E+01   3.4599E-03  0.1407
   1.9953E+01   2.5119E+01   2.5488E-01  0.0144
   2.5119E+01   3.1623E+01   0.0000E+00  0.0000
   3.1623E+01   3.9811E+01   0.0000E+00  0.0000
   3.9811E+01   5.0119E+01   0.0000E+00  0.0000
   5.0119E+01   6.3096E+01   0.0000E+00  0.0000
   6.3096E+01   7.9433E+01   0.0000E+00  0.0000
   7.9433E+01   1.0000E+02   0.0000E+00  0.0000
   1.0000E+02   1.2589E+02   0.0000E+00  0.0000
   1.2589E+02   1.5849E+02   0.0000E+00  0.0000
   1.5849E+02   1.9953E+02   0.0000E+00  0.0000
   1.9953E+02   2.5119E+02   0.0000E+00  0.0000
   2.5119E+02   3.1623E+02   0.0000E+00  0.0000
   3.1623E+02   3.9811E+02   0.0000E+00  0.0000
   3.9811E+02   5.0119E+02   0.0000E+00  0.0000
   5.0119E+02   6.3096E+02   0.0000E+00  0.0000
   6.3096E+02   7.9433E+02   0.0000E+00  0.0000
   7.9433E+02   1.0000E+03   0.0000E+00  0.0000

#   sum over                 2.7327E-01  0.0144

'no. =  1,  reg  =    101'
msuc: {\huge Neutron track length in active He-3 gas}
msdr: {\it plotted by \ANGEL \version}
msdl: {\it calculated by \PHITS  3.36}
wt: s(0.7)
\vspace{-3}
   vol  &=&   1.0000E+00 [cm^3]
e:

#------------------------------------------------------------------------------
 newpage:
#   no. =  2   reg =    201

x: Energy [MeV/n]
y: Flux [1/cm^2/source]              
p: xlog ylog afac(0.8) form(0.9)
h: n            x            y(neutron ),hh0l n  
#  e-lower      e-upper        neutron   r.err 
   1.0000E-10   1.2589E-10   0.0000E+00  0.0000
   1.2589E-10   1.5849E-10   0.0000E+00  0.0000
   1.5849E-10   1.9953E-10   0.0000E+00  0.0000
   1.9953E-10   2.5119E-10   0.0000E+00  0.0000
   2.5119E-10   3.1623E-10   0.0000E+00  0.0000
   3.1623E-10   3.9811E-10   0.0000E+00  0.0000
   3.9811E-10   5.0119E-10   0.0000E+00  0.0000
   5.0119E-10   6.3096E-10   0.0000E+00  0.0000
   6.3096E-10   7.9433E-10   0.0000E+00  0.0000
   7.9433E-10   1.0000E-09   0.0000E+00  0.0000
   1.0000E-09   1.2589E-09   0.0000E+00  0.0000
   1.2589E-09   1.5849E-09   0.0000E+00  0.0000
   1.5849E-09   1.9953E-09   0.0000E+00  0.0000
   1.9953E-09   2.5119E-09   6.6746E-07  1.0000
   2.5119E-09   3.1623E-09   9.1271E-08  1.0000
   3.1623E-09   3.9811E-09   1.5110E-07  0.9301
   3.9811E-09   5.0119E-09   1.2241E-06  0.7079
   5.0119E-09   6.3096E-09   3.9819E-06  0.5082
   6.3096E-09   7.9433E-09   8.4022E-06  0.4366
   7.9433E-09   1.0000E-08   1.0746E-05  0.3320
   1.0000E-08   1.2589E-08   9.4768E-06  0.4662
   1.2589E-08   1.5849E-08   3.3102E-05  0.2628
   1.5849E-08   1.9953E-08   4.2068E-05  0.2523
   1.9953E-08   2.5119E-08   8.0126E-05  0.1897
   2.5119E-08   3.1623E-08   1.0255E-04  0.1759
   3.1623E-08   3.9811E-08   1.9199E-04  0.1465
   3.9811E-08   5.0119E-08   3.0739E-04  0.1513
   5.0119E-08   6.3096E-08   3.4450E-04  0.1722
   6.3096E-08   7.9433E-08   2.9796E-04  0.1582
   7.9433E-08   1.0000E-07   3.2116E-04  0.1607
   1.0000E-07   1.2589E-07   2.4987E-04  0.2425
   1.2589E-07   1.5849E-07   2.3589E-04  0.2438
   1.5849E-07   1.9953E-07   1.1553E-04  0.3534
   1.9953E-07   2.5119E-07   2.0422E-04  0.3265
   2.5119E-07   3.1623E-07   8.0245E-05  0.4811
   3.1623E-07   3.9811E-07   7.5649E-05  0.4657
   3.9811E-07   5.0119E-07   1.4276E-04  0.3825
   5.0119E-07   6.3096E-07   1.0861E-04  0.4724
   6.3096E-07   7.9433E-07   2.9879E-05  0.6322
   7.9433E-07   1.0000E-06   6.2643E-05  0.5044
   1.0000E-06   1.2589E-06   2.2197E-04  0.4214
   1.2589E-06   1.5849E-06   1.8126E-04  0.4875
   1.5849E-06   1.9953E-06   1.8654E-04  0.4863
   1.9953E-06   2.5119E-06   1.4909E-04  0.4508
   2.5119E-06   3.1623E-06   5.3282E-05  0.5112
   3.1623E-06   3.9811E-06   6.6606E-05  0.5906
   3.9811E-06   5.0119E-06   1.8318E-04  0.4595
   5.0119E-06   6.3096E-06   5.0383E-04  0.4322
   6.3096E-06   7.9433E-06   9.7513E-05  0.8289
   7.9433E-06   1.0000E-05   3.3004E-04  0.3566
   1.0000E-05   1.2589E-05   3.9713E-04  0.3136
   1.2589E-05   1.5849E-05   2.2215E-04  0.3913
   1.5849E-05   1.9953E-05   3.1521E-04  0.3792
   1.9953E-05   2.5119E-05   2.9355E-04  0.3881
   2.5119E-05   3.1623E-05   3.5804E-04  0.4110
   3.1623E-05   3.9811E-05   2.8374E-04  0.4212
   3.9811E-05   5.0119E-05   3.7369E-04  0.4536
   5.0119E-05   6.3096E-05   2.0376E-04  0.4308
   6.3096E-05   7.9433E-05   3.7752E-04  0.4231
   7.9433E-05   1.0000E-04   3.4020E-04  0.3991
   1.0000E-04   1.2589E-04   2.9015E-04  0.4165
   1.2589E-04   1.5849E-04   1.8771E-04  0.4868
   1.5849E-04   1.9953E-04   3.5335E-04  0.3506
   1.9953E-04   2.5119E-04   3.4507E-04  0.3846
   2.5119E-04   3.1623E-04   2.4712E-04  0.4046
   3.1623E-04   3.9811E-04   1.6127E-04  0.5118
   3.9811E-04   5.0119E-04   4.8441E-04  0.3326
   5.0119E-04   6.3096E-04   1.8441E-04  0.4726
   6.3096E-04   7.9433E-04   2.6195E-04  0.4327
   7.9433E-04   1.0000E-03   3.7048E-04  0.5372
   1.0000E-03   1.2589E-03   3.2522E-04  0.4005
   1.2589E-03   1.5849E-03   3.0387E-04  0.4019
   1.5849E-03   1.9953E-03   6.6709E-04  0.3240
   1.9953E-03   2.5119E-03   2.2253E-04  0.5031
   2.5119E-03   3.1623E-03   2.4546E-04  0.3906
   3.1623E-03   3.9811E-03   3.7569E-04  0.4244
   3.9811E-03   5.0119E-03   1.8942E-04  0.4198
   5.0119E-03   6.3096E-03   3.2878E-04  0.3527
   6.3096E-03   7.9433E-03   2.5471E-04  0.4662
   7.9433E-03   1.0000E-02   2.4351E-04  0.3673
   1.0000E-02   1.2589E-02   3.8904E-04  0.3363
   1.2589E-02   1.5849E-02   3.4658E-04  0.4331
   1.5849E-02   1.9953E-02   3.8347E-04  0.3256
   1.9953E-02   2.5119E-02   6.3275E-04  0.2606
   2.5119E-02   3.1623E-02   4.3408E-04  0.3810
   3.1623E-02   3.9811E-02   2.3736E-04  0.4174
   3.9811E-02   5.0119E-02   5.7264E-04  0.3110
   5.0119E-02   6.3096E-02   5.5430E-04  0.3082
   6.3096E-02   7.9433E-02   6.5347E-04  0.3020
   7.9433E-02   1.0000E-01   5.3137E-04  0.3238
   1.0000E-01   1.2589E-01   4.2024E-04  0.3163
   1.2589E-01   1.5849E-01   6.1374E-04  0.2380
   1.5849E-01   1.9953E-01   5.2938E-04  0.3228
   1.9953E-01   2.5119E-01   7.3127E-04  0.2507
   2.5119E-01   3.1623E-01   7.5198E-04  0.2466
   3.1623E-01   3.9811E-01   6.9356E-04  0.2411
   3.9811E-01   5.0119E-01   1.0451E-03  0.2144
   5.0119E-01   6.3096E-01   1.4403E-03  0.2011
   6.3096E-01   7.9433E-01   1.8843E-03  0.1880
   7.9433E-01   1.0000E+00   2.1737E-03  0.1631
   1.0000E+00   1.2589E+00   1.5508E-03  0.1890
   1.2589E+00   1.5849E+00   2.2726E-03  0.1639
   1.5849E+00   1.9953E+00   2.5531E-03  0.1383
   1.9953E+00   2.5119E+00   2.6653E-03  0.1288
   2.5119E+00   3.1623E+00   2.7593E-03  0.1256
   3.1623E+00   3.9811E+00   3.2488E-03  0.1422
   3.9811E+00   5.0119E+00   3.2667E-03  0.1399
   5.0119E+00   6.3096E+00   2.9130E-03  0.1454
   6.3096E+00   7.9433E+00   4.1397E-03  0.1182
   7.9433E+00   1.0000E+01   3.8337E-03  0.1095
   1.0000E+01   1.2589E+01   4.7104E-03  0.0984
   1.2589E+01   1.5849E+01   8.8492E-03  0.0764
   1.5849E+01   1.9953E+01   3.0107E-02  0.0405
   1.9953E+01   2.5119E+01   6.5330E-02  0.0278
   2.5119E+01   3.1623E+01   0.0000E+00  0.0000
   3.1623E+01   3.9811E+01   0.0000E+00  0.0000
   3.9811E+01   5.0119E+01   0.0000E+00  0.0000
   5.0119E+01   6.3096E+01   0.0000E+00  0.0000
   6.3096E+01   7.9433E+01   0.0000E+00  0.0000
   7.9433E+01   1.0000E+02   0.0000E+00  0.0000
   1.0000E+02   1.2589E+02   0.0000E+00  0.0000
   1.2589E+02   1.5849E+02   0.0000E+00  0.0000
   1.5849E+02   1.9953E+02   0.0000E+00  0.0000
   1.9953E+02   2.5119E+02   0.0000E+00  0.0000
   2.5119E+02   3.1623E+02   0.0000E+00  0.0000
   3.1623E+02   3.9811E+02   0.0000E+00  0.0000
   3.9811E+02   5.0119E+02   0.0000E+00  0.0000
   5.0119E+02   6.3096E+02   0.0000E+00  0.0000
   6.3096E+02   7.9433E+02   0.0000E+00  0.0000
   7.9433E+02   1.0000E+03   0.0000E+00  0.0000

#   sum over                 1.6746E-01  0.0189

'no. =  2,  reg  =    201'
msuc: {\huge Neutron track length in active He-3 gas}
msdr: {\it plotted by \ANGEL \version}
msdl: {\it calculated by \PHITS  3.36}
wt: s(0.7)
\vspace{-3}
   vol  &=&   1.0000E+00 [cm^3]
e:

#------------------------------------------------------------------------------
 newpage:
#   no. =  3   reg =    301

x: Energy [MeV/n]
y: Flux [1/cm^2/source]              
p: xlog ylog afac(0.8) form(0.9)
h: n            x            y(neutron ),hh0l n  
#  e-lower      e-upper        neutron   r.err 
   1.0000E-10   1.2589E-10   0.0000E+00  0.0000
   1.2589E-10   1.5849E-10   0.0000E+00  0.0000
   1.5849E-10   1.9953E-10   0.0000E+00  0.0000
   1.9953E-10   2.5119E-10   0.0000E+00  0.0000
   2.5119E-10   3.1623E-10   0.0000E+00  0.0000
   3.1623E-10   3.9811E-10   0.0000E+00  0.0000
   3.9811E-10   5.0119E-10   0.0000E+00  0.0000
   5.0119E-10   6.3096E-10   0.0000E+00  0.0000
   6.3096E-10   7.9433E-10   0.0000E+00  0.0000
   7.9433E-10   1.0000E-09   0.0000E+00  0.0000
   1.0000E-09   1.2589E-09   0.0000E+00  0.0000
   1.2589E-09   1.5849E-09   0.0000E+00  0.0000
   1.5849E-09   1.9953E-09   0.0000E+00  0.0000
   1.9953E-09   2.5119E-09   0.0000E+00  0.0000
   2.5119E-09   3.1623E-09   0.0000E+00  0.0000
   3.1623E-09   3.9811E-09   0.0000E+00  0.0000
   3.9811E-09   5.0119E-09   0.0000E+00  0.0000
   5.0119E-09   6.3096E-09   0.0000E+00  0.0000
   6.3096E-09   7.9433E-09   0.0000E+00  0.0000
   7.9433E-09   1.0000E-08   0.0000E+00  0.0000
   1.0000E-08   1.2589E-08   0.0000E+00  0.0000
   1.2589E-08   1.5849E-08   0.0000E+00  0.0000
   1.5849E-08   1.9953E-08   0.0000E+00  0.0000
   1.9953E-08   2.5119E-08   0.0000E+00  0.0000
   2.5119E-08   3.1623E-08   0.0000E+00  0.0000
   3.1623E-08   3.9811E-08   0.0000E+00  0.0000
   3.9811E-08   5.0119E-08   0.0000E+00  0.0000
   5.0119E-08   6.3096E-08   0.0000E+00  0.0000
   6.3096E-08   7.9433E-08   0.0000E+00  0.0000
   7.9433E-08   1.0000E-07   0.0000E+00  0.0000
   1.0000E-07   1.2589E-07   0.0000E+00  0.0000
   1.2589E-07   1.5849E-07   0.0000E+00  0.0000
   1.5849E-07   1.9953E-07   0.0000E+00  0.0000
   1.9953E-07   2.5119E-07   0.0000E+00  0.0000
   2.5119E-07   3.1623E-07   0.0000E+00  0.0000
   3.1623E-07   3.9811E-07   0.0000E+00  0.0000
   3.9811E-07   5.0119E-07   0.0000E+00  0.0000
   5.0119E-07   6.3096E-07   0.0000E+00  0.0000
   6.3096E-07   7.9433E-07   0.0000E+00  0.0000
   7.9433E-07   1.0000E-06   0.0000E+00  0.0000
   1.0000E-06   1.2589E-06   0.0000E+00  0.0000
   1.2589E-06   1.5849E-06   0.0000E+00  0.0000
   1.5849E-06   1.9953E-06   0.0000E+00  0.0000
   1.9953E-06   2.5119E-06   0.0000E+00  0.0000
   2.5119E-06   3.1623E-06   0.0000E+00  0.0000
   3.1623E-06   3.9811E-06   0.0000E+00  0.0000
   3.9811E-06   5.0119E-06   0.0000E+00  0.0000
   5.0119E-06   6.3096E-06   0.0000E+00  0.0000
   6.3096E-06   7.9433E-06   0.0000E+00  0.0000
   7.9433E-06   1.0000E-05   0.0000E+00  0.0000
   1.0000E-05   1.2589E-05   0.0000E+00  0.0000
   1.2589E-05   1.5849E-05   0.0000E+00  0.0000
   1.5849E-05   1.9953E-05   0.0000E+00  0.0000
   1.9953E-05   2.5119E-05   0.0000E+00  0.0000
   2.5119E-05   3.1623E-05   0.0000E+00  0.0000
   3.1623E-05   3.9811E-05   0.0000E+00  0.0000
   3.9811E-05   5.0119E-05   0.0000E+00  0.0000
   5.0119E-05   6.3096E-05   0.0000E+00  0.0000
   6.3096E-05   7.9433E-05   0.0000E+00  0.0000
   7.9433E-05   1.0000E-04   0.0000E+00  0.0000
   1.0000E-04   1.2589E-04   0.0000E+00  0.0000
   1.2589E-04   1.5849E-04   0.0000E+00  0.0000
   1.5849E-04   1.9953E-04   0.0000E+00  0.0000
   1.9953E-04   2.5119E-04   0.0000E+00  0.0000
   2.5119E-04   3.1623E-04   0.0000E+00  0.0000
   3.1623E-04   3.9811E-04   0.0000E+00  0.0000
   3.9811E-04   5.0119E-04   0.0000E+00  0.0000
   5.0119E-04   6.3096E-04   0.0000E+00  0.0000
   6.3096E-04   7.9433E-04   0.0000E+00  0.0000
   7.9433E-04   1.0000E-03   0.0000E+00  0.0000
   1.0000E-03   1.2589E-03   0.0000E+00  0.0000
   1.2589E-03   1.5849E-03   0.0000E+00  0.0000
   1.5849E-03   1.9953E-03   0.0000E+00  0.0000
   1.9953E-03   2.5119E-03   0.0000E+00  0.0000
   2.5119E-03   3.1623E-03   0.0000E+00  0.0000
   3.1623E-03   3.9811E-03   0.0000E+00  0.0000
   3.9811E-03   5.0119E-03   0.0000E+00  0.0000
   5.0119E-03   6.3096E-03   0.0000E+00  0.0000
   6.3096E-03   7.9433E-03   0.0000E+00  0.0000
   7.9433E-03   1.0000E-02   0.0000E+00  0.0000
   1.0000E-02   1.2589E-02   0.0000E+00  0.0000
   1.2589E-02   1.5849E-02   0.0000E+00  0.0000
   1.5849E-02   1.9953E-02   0.0000E+00  0.0000
   1.9953E-02   2.5119E-02   0.0000E+00  0.0000
   2.5119E-02   3.1623E-02   0.0000E+00  0.0000
   3.1623E-02   3.9811E-02   0.0000E+00  0.0000
   3.9811E-02   5.0119E-02   0.0000E+00  0.0000
   5.0119E-02   6.3096E-02   0.0000E+00  0.0000
   6.3096E-02   7.9433E-02   0.0000E+00  0.0000
   7.9433E-02   1.0000E-01   5.0201E-06  1.0000
   1.0000E-01   1.2589E-01   1.8187E-05  1.0000
   1.2589E-01   1.5849E-01   3.4969E-05  1.0000
   1.5849E-01   1.9953E-01   3.5784E-05  0.7126
   1.9953E-01   2.5119E-01   1.1202E-04  0.8287
   2.5119E-01   3.1623E-01   1.2975E-04  0.5605
   3.1623E-01   3.9811E-01   1.1187E-04  0.4086
   3.9811E-01   5.0119E-01   9.6900E-05  0.5232
   5.0119E-01   6.3096E-01   1.7285E-04  0.3646
   6.3096E-01   7.9433E-01   3.4557E-04  0.2998
   7.9433E-01   1.0000E+00   2.8920E-04  0.3144
   1.0000E+00   1.2589E+00   3.8418E-04  0.2681
   1.2589E+00   1.5849E+00   4.0464E-04  0.2541
   1.5849E+00   1.9953E+00   4.7295E-04  0.3417
   1.9953E+00   2.5119E+00   3.5132E-04  0.3341
   2.5119E+00   3.1623E+00   6.1992E-04  0.3063
   3.1623E+00   3.9811E+00   2.8349E-04  0.4261
   3.9811E+00   5.0119E+00   3.7258E-04  0.3270
   5.0119E+00   6.3096E+00   4.2259E-05  0.6406
   6.3096E+00   7.9433E+00   1.7666E-04  0.4171
   7.9433E+00   1.0000E+01   5.2652E-05  0.6229
   1.0000E+01   1.2589E+01   1.1168E-04  0.4518
   1.2589E+01   1.5849E+01   1.5623E-04  0.3352
   1.5849E+01   1.9953E+01   1.3530E-03  0.1371
   1.9953E+01   2.5119E+01   9.5835E-02  0.0169
   2.5119E+01   3.1623E+01   0.0000E+00  0.0000
   3.1623E+01   3.9811E+01   0.0000E+00  0.0000
   3.9811E+01   5.0119E+01   0.0000E+00  0.0000
   5.0119E+01   6.3096E+01   0.0000E+00  0.0000
   6.3096E+01   7.9433E+01   0.0000E+00  0.0000
   7.9433E+01   1.0000E+02   0.0000E+00  0.0000
   1.0000E+02   1.2589E+02   0.0000E+00  0.0000
   1.2589E+02   1.5849E+02   0.0000E+00  0.0000
   1.5849E+02   1.9953E+02   0.0000E+00  0.0000
   1.9953E+02   2.5119E+02   0.0000E+00  0.0000
   2.5119E+02   3.1623E+02   0.0000E+00  0.0000
   3.1623E+02   3.9811E+02   0.0000E+00  0.0000
   3.9811E+02   5.0119E+02   0.0000E+00  0.0000
   5.0119E+02   6.3096E+02   0.0000E+00  0.0000
   6.3096E+02   7.9433E+02   0.0000E+00  0.0000
   7.9433E+02   1.0000E+03   0.0000E+00  0.0000

#   sum over                 1.0197E-01  0.0169

'no. =  3,  reg  =    301'
msuc: {\huge Neutron track length in active He-3 gas}
msdr: {\it plotted by \ANGEL \version}
msdl: {\it calculated by \PHITS  3.36}
wt: s(0.7)
\vspace{-3}
   vol  &=&   1.0000E+00 [cm^3]
e:

#------------------------------------------------------------------------------
 newpage:
#   no. =  4   reg =    401

x: Energy [MeV/n]
y: Flux [1/cm^2/source]              
p: xlog ylog afac(0.8) form(0.9)
h: n            x            y(neutron ),hh0l n  
#  e-lower      e-upper        neutron   r.err 
   1.0000E-10   1.2589E-10   0.0000E+00  0.0000
   1.2589E-10   1.5849E-10   0.0000E+00  0.0000
   1.5849E-10   1.9953E-10   0.0000E+00  0.0000
   1.9953E-10   2.5119E-10   0.0000E+00  0.0000
   2.5119E-10   3.1623E-10   0.0000E+00  0.0000
   3.1623E-10   3.9811E-10   0.0000E+00  0.0000
   3.9811E-10   5.0119E-10   0.0000E+00  0.0000
   5.0119E-10   6.3096E-10   0.0000E+00  0.0000
   6.3096E-10   7.9433E-10   0.0000E+00  0.0000
   7.9433E-10   1.0000E-09   0.0000E+00  0.0000
   1.0000E-09   1.2589E-09   0.0000E+00  0.0000
   1.2589E-09   1.5849E-09   0.0000E+00  0.0000
   1.5849E-09   1.9953E-09   0.0000E+00  0.0000
   1.9953E-09   2.5119E-09   0.0000E+00  0.0000
   2.5119E-09   3.1623E-09   0.0000E+00  0.0000
   3.1623E-09   3.9811E-09   0.0000E+00  0.0000
   3.9811E-09   5.0119E-09   6.9025E-07  1.0000
   5.0119E-09   6.3096E-09   2.1870E-06  0.9017
   6.3096E-09   7.9433E-09   2.1390E-06  0.6193
   7.9433E-09   1.0000E-08   7.7792E-06  0.5876
   1.0000E-08   1.2589E-08   1.2374E-05  0.4223
   1.2589E-08   1.5849E-08   2.1656E-05  0.5519
   1.5849E-08   1.9953E-08   1.9422E-05  0.4200
   1.9953E-08   2.5119E-08   2.4153E-05  0.3844
   2.5119E-08   3.1623E-08   3.4924E-05  0.3035
   3.1623E-08   3.9811E-08   6.7103E-05  0.3376
   3.9811E-08   5.0119E-08   7.3807E-05  0.2723
   5.0119E-08   6.3096E-08   1.1588E-04  0.2446
   6.3096E-08   7.9433E-08   9.6488E-05  0.2360
   7.9433E-08   1.0000E-07   1.1320E-04  0.3009
   1.0000E-07   1.2589E-07   1.3953E-04  0.2757
   1.2589E-07   1.5849E-07   7.2936E-05  0.4197
   1.5849E-07   1.9953E-07   6.3162E-05  0.4649
   1.9953E-07   2.5119E-07   4.4007E-05  0.4929
   2.5119E-07   3.1623E-07   1.4547E-05  0.5919
   3.1623E-07   3.9811E-07   3.1184E-05  0.5664
   3.9811E-07   5.0119E-07   4.8672E-05  0.6462
   5.0119E-07   6.3096E-07   8.4063E-05  0.3960
   6.3096E-07   7.9433E-07   3.6492E-05  0.7978
   7.9433E-07   1.0000E-06   5.0403E-05  0.5829
   1.0000E-06   1.2589E-06   7.7694E-05  0.5491
   1.2589E-06   1.5849E-06   1.3327E-04  0.5064
   1.5849E-06   1.9953E-06   8.6657E-05  0.5854
   1.9953E-06   2.5119E-06   6.1763E-05  0.5410
   2.5119E-06   3.1623E-06   8.7064E-05  0.5333
   3.1623E-06   3.9811E-06   8.0174E-05  0.4858
   3.9811E-06   5.0119E-06   8.0907E-05  0.5144
   5.0119E-06   6.3096E-06   9.5132E-05  0.4298
   6.3096E-06   7.9433E-06   5.4853E-05  0.6158
   7.9433E-06   1.0000E-05   8.4909E-05  0.5107
   1.0000E-05   1.2589E-05   1.3517E-04  0.4842
   1.2589E-05   1.5849E-05   4.1081E-05  0.7081
   1.5849E-05   1.9953E-05   1.1309E-04  0.6244
   1.9953E-05   2.5119E-05   7.6544E-05  0.5209
   2.5119E-05   3.1623E-05   1.4796E-04  0.4784
   3.1623E-05   3.9811E-05   1.6333E-04  0.4039
   3.9811E-05   5.0119E-05   1.4779E-04  0.4782
   5.0119E-05   6.3096E-05   1.0639E-04  0.4928
   6.3096E-05   7.9433E-05   7.1952E-05  0.5788
   7.9433E-05   1.0000E-04   8.1968E-06  1.0000
   1.0000E-04   1.2589E-04   1.8642E-04  0.4960
   1.2589E-04   1.5849E-04   7.8220E-05  0.5024
   1.5849E-04   1.9953E-04   8.7919E-05  0.6263
   1.9953E-04   2.5119E-04   1.1481E-04  0.5127
   2.5119E-04   3.1623E-04   6.2166E-05  0.5779
   3.1623E-04   3.9811E-04   4.8180E-05  0.7106
   3.9811E-04   5.0119E-04   1.2222E-04  0.4505
   5.0119E-04   6.3096E-04   1.2799E-04  0.3940
   6.3096E-04   7.9433E-04   2.0263E-04  0.4032
   7.9433E-04   1.0000E-03   1.6068E-04  0.3947
   1.0000E-03   1.2589E-03   8.6950E-05  0.5407
   1.2589E-03   1.5849E-03   1.1930E-04  0.4166
   1.5849E-03   1.9953E-03   1.7499E-04  0.4256
   1.9953E-03   2.5119E-03   1.5192E-04  0.4121
   2.5119E-03   3.1623E-03   2.9254E-05  0.7471
   3.1623E-03   3.9811E-03   6.6386E-05  0.5377
   3.9811E-03   5.0119E-03   4.2170E-05  0.6987
   5.0119E-03   6.3096E-03   6.3690E-05  0.5284
   6.3096E-03   7.9433E-03   9.4116E-05  0.5986
   7.9433E-03   1.0000E-02   2.4794E-04  0.5348
   1.0000E-02   1.2589E-02   8.5245E-05  0.8230
   1.2589E-02   1.5849E-02   2.6043E-04  0.5549
   1.5849E-02   1.9953E-02   2.3430E-04  0.4319
   1.9953E-02   2.5119E-02   1.1392E-04  0.4510
   2.5119E-02   3.1623E-02   6.9628E-05  0.5862
   3.1623E-02   3.9811E-02   1.2727E-04  0.4400
   3.9811E-02   5.0119E-02   7.7970E-05  0.5686
   5.0119E-02   6.3096E-02   1.1923E-04  0.4199
   6.3096E-02   7.9433E-02   9.3942E-05  0.4747
   7.9433E-02   1.0000E-01   3.5357E-04  0.3100
   1.0000E-01   1.2589E-01   2.3012E-04  0.3081
   1.2589E-01   1.5849E-01   3.6524E-04  0.3110
   1.5849E-01   1.9953E-01   1.7849E-04  0.3493
   1.9953E-01   2.5119E-01   3.7299E-04  0.3855
   2.5119E-01   3.1623E-01   5.1480E-04  0.2288
   3.1623E-01   3.9811E-01   3.4332E-04  0.2749
   3.9811E-01   5.0119E-01   5.6143E-04  0.2135
   5.0119E-01   6.3096E-01   7.5110E-04  0.1841
   6.3096E-01   7.9433E-01   6.8389E-04  0.2515
   7.9433E-01   1.0000E+00   6.0885E-04  0.2270
   1.0000E+00   1.2589E+00   8.9570E-04  0.1967
   1.2589E+00   1.5849E+00   1.0922E-03  0.1775
   1.5849E+00   1.9953E+00   8.0938E-04  0.2028
   1.9953E+00   2.5119E+00   1.3770E-03  0.2132
   2.5119E+00   3.1623E+00   1.1055E-03  0.1510
   3.1623E+00   3.9811E+00   1.2844E-03  0.1375
   3.9811E+00   5.0119E+00   1.0043E-03  0.1597
   5.0119E+00   6.3096E+00   1.2413E-03  0.1442
   6.3096E+00   7.9433E+00   1.5479E-03  0.1366
   7.9433E+00   1.0000E+01   1.6825E-03  0.1232
   1.0000E+01   1.2589E+01   2.0731E-03  0.1172
   1.2589E+01   1.5849E+01   2.6651E-03  0.0986
   1.5849E+01   1.9953E+01   1.1927E-02  0.0509
   1.9953E+01   2.5119E+01   3.1678E-02  0.0280
   2.5119E+01   3.1623E+01   0.0000E+00  0.0000
   3.1623E+01   3.9811E+01   0.0000E+00  0.0000
   3.9811E+01   5.0119E+01   0.0000E+00  0.0000
   5.0119E+01   6.3096E+01   0.0000E+00  0.0000
   6.3096E+01   7.9433E+01   0.0000E+00  0.0000
   7.9433E+01   1.0000E+02   0.0000E+00  0.0000
   1.0000E+02   1.2589E+02   0.0000E+00  0.0000
   1.2589E+02   1.5849E+02   0.0000E+00  0.0000
   1.5849E+02   1.9953E+02   0.0000E+00  0.0000
   1.9953E+02   2.5119E+02   0.0000E+00  0.0000
   2.5119E+02   3.1623E+02   0.0000E+00  0.0000
   3.1623E+02   3.9811E+02   0.0000E+00  0.0000
   3.9811E+02   5.0119E+02   0.0000E+00  0.0000
   5.0119E+02   6.3096E+02   0.0000E+00  0.0000
   6.3096E+02   7.9433E+02   0.0000E+00  0.0000
   7.9433E+02   1.0000E+03   0.0000E+00  0.0000

#   sum over                 7.1828E-02  0.0217

'no. =  4,  reg  =    401'
msuc: {\huge Neutron track length in active He-3 gas}
msdr: {\it plotted by \ANGEL \version}
msdl: {\it calculated by \PHITS  3.36}
wt: s(0.7)
\vspace{-3}
   vol  &=&   1.0000E+00 [cm^3]
e:
 
# Information for Restart Calculation
# This calculation was newly started
# istdev =  2 # 1:Batch variance, 2:History variance
# resc2  = 1.50240509810717282E+05 # Total source weight or Total source weight / maxcas
# resc3  = 1.50000000000000000E+05 # Total history number or Total batch number
# maxcas =      150000 # History / Batch, only used for istdev=1
# bitrseed = 1101110100001001111010000001000111001000111001010110110110111101 # bit data of rseed
