[ T-Track ]
    title = Flux spectrum in open air above ground
     mesh =  reg            # mesh type is region-wise
      reg = 111
   e-type =    3            # e-mesh is log given by emin, emax and ne
     emin =  1.0000000E-10  # minimum value of e-mesh points
     emax =   100000.0      # maximum value of e-mesh points
#    edel =  0.5756463      # mesh width of e-mesh points
       ne =     60          # number of e-mesh points
#    data = ( e(i), i = 1, ne + 1 )
#           1.00000E-10  1.77828E-10  3.16228E-10  5.62341E-10  1.00000E-09
#           1.77828E-09  3.16228E-09  5.62341E-09  1.00000E-08  1.77828E-08
#           3.16228E-08  5.62341E-08  1.00000E-07  1.77828E-07  3.16228E-07
#           5.62341E-07  1.00000E-06  1.77828E-06  3.16228E-06  5.62341E-06
#           1.00000E-05  1.77828E-05  3.16228E-05  5.62341E-05  1.00000E-04
#           1.77828E-04  3.16228E-04  5.62341E-04  1.00000E-03  1.77828E-03
#           3.16228E-03  5.62341E-03  1.00000E-02  1.77828E-02  3.16228E-02
#           5.62341E-02  1.00000E-01  1.77828E-01  3.16228E-01  5.62341E-01
#           1.00000E+00  1.77828E+00  3.16228E+00  5.62341E+00  1.00000E+01
#           1.77828E+01  3.16228E+01  5.62341E+01  1.00000E+02  1.77828E+02
#           3.16228E+02  5.62341E+02  1.00000E+03  1.77828E+03  3.16228E+03
#           5.62341E+03  1.00000E+04  1.77828E+04  3.16228E+04  5.62341E+04
#           1.00000E+05
     unit =    1            # unit is [1/cm^2/source]
 material =  all            # (D=all) number of specific material
     axis =     eng            # axis of output
     file = air_spec.out    # file name of output for the above axis
     part =  neutron    muon-      muon+      proton   
# kf/name :  2112       13         -13        2212     
#    used :        main (  %)        temp (  %)       total (  %)
#  memory :          67 (  0)           0 (  0)          67 (  0)

#------------------------------------------------------------------------------
#newpage:
#   no. =  1   reg =    111

x: Energy [MeV/n]
y: Flux [1/cm^2/source]              
p: xlog ylog afac(0.8) form(0.9)
h: n            x            y(neutron ),hh0l n  y(muon-   ),hh0dr n  y(muon+   ),hh0ub n  y(proton  ),hh0mg n  
#  e-lower      e-upper        neutron   r.err      muon-     r.err      muon+     r.err      proton    r.err 
   1.0000E-10   1.7783E-10   0.0000E+00  0.0000   0.0000E+00  0.0000   0.0000E+00  0.0000   0.0000E+00  0.0000
   1.7783E-10   3.1623E-10   0.0000E+00  0.0000   0.0000E+00  0.0000   0.0000E+00  0.0000   0.0000E+00  0.0000
   3.1623E-10   5.6234E-10   0.0000E+00  0.0000   0.0000E+00  0.0000   0.0000E+00  0.0000   0.0000E+00  0.0000
   5.6234E-10   1.0000E-09   0.0000E+00  0.0000   0.0000E+00  0.0000   0.0000E+00  0.0000   0.0000E+00  0.0000
   1.0000E-09   1.7783E-09   0.0000E+00  0.0000   0.0000E+00  0.0000   0.0000E+00  0.0000   0.0000E+00  0.0000
   1.7783E-09   3.1623E-09   0.0000E+00  0.0000   0.0000E+00  0.0000   0.0000E+00  0.0000   0.0000E+00  0.0000
   3.1623E-09   5.6234E-09   0.0000E+00  0.0000   0.0000E+00  0.0000   0.0000E+00  0.0000   0.0000E+00  0.0000
   5.6234E-09   1.0000E-08   7.9115E-06  0.9207   0.0000E+00  0.0000   0.0000E+00  0.0000   0.0000E+00  0.0000
   1.0000E-08   1.7783E-08   1.2740E-06  0.9017   0.0000E+00  0.0000   0.0000E+00  0.0000   0.0000E+00  0.0000
   1.7783E-08   3.1623E-08   4.0503E-05  0.6197   0.0000E+00  0.0000   0.0000E+00  0.0000   0.0000E+00  0.0000
   3.1623E-08   5.6234E-08   1.2313E-04  0.5098   0.0000E+00  0.0000   0.0000E+00  0.0000   0.0000E+00  0.0000
   5.6234E-08   1.0000E-07   6.5238E-05  0.6237   0.0000E+00  0.0000   0.0000E+00  0.0000   0.0000E+00  0.0000
   1.0000E-07   1.7783E-07   9.2350E-05  0.6840   0.0000E+00  0.0000   0.0000E+00  0.0000   0.0000E+00  0.0000
   1.7783E-07   3.1623E-07   2.2855E-06  1.0000   0.0000E+00  0.0000   0.0000E+00  0.0000   0.0000E+00  0.0000
   3.1623E-07   5.6234E-07   0.0000E+00  0.0000   0.0000E+00  0.0000   0.0000E+00  0.0000   0.0000E+00  0.0000
   5.6234E-07   1.0000E-06   3.2838E-05  1.0000   0.0000E+00  0.0000   0.0000E+00  0.0000   0.0000E+00  0.0000
   1.0000E-06   1.7783E-06   0.0000E+00  0.0000   0.0000E+00  0.0000   0.0000E+00  0.0000   0.0000E+00  0.0000
   1.7783E-06   3.1623E-06   9.5493E-06  1.0000   0.0000E+00  0.0000   0.0000E+00  0.0000   0.0000E+00  0.0000
   3.1623E-06   5.6234E-06   0.0000E+00  0.0000   0.0000E+00  0.0000   0.0000E+00  0.0000   0.0000E+00  0.0000
   5.6234E-06   1.0000E-05   2.4752E-06  0.9220   0.0000E+00  0.0000   0.0000E+00  0.0000   0.0000E+00  0.0000
   1.0000E-05   1.7783E-05   0.0000E+00  0.0000   0.0000E+00  0.0000   0.0000E+00  0.0000   0.0000E+00  0.0000
   1.7783E-05   3.1623E-05   1.4400E-06  1.0000   0.0000E+00  0.0000   0.0000E+00  0.0000   0.0000E+00  0.0000
   3.1623E-05   5.6234E-05   5.4176E-05  0.7143   0.0000E+00  0.0000   0.0000E+00  0.0000   0.0000E+00  0.0000
   5.6234E-05   1.0000E-04   1.8362E-05  1.0000   0.0000E+00  0.0000   0.0000E+00  0.0000   0.0000E+00  0.0000
   1.0000E-04   1.7783E-04   0.0000E+00  0.0000   0.0000E+00  0.0000   0.0000E+00  0.0000   0.0000E+00  0.0000
   1.7783E-04   3.1623E-04   9.4081E-05  0.9907   0.0000E+00  0.0000   0.0000E+00  0.0000   0.0000E+00  0.0000
   3.1623E-04   5.6234E-04   3.2482E-06  1.0000   0.0000E+00  0.0000   0.0000E+00  0.0000   0.0000E+00  0.0000
   5.6234E-04   1.0000E-03   2.7925E-05  1.0000   0.0000E+00  0.0000   0.0000E+00  0.0000   0.0000E+00  0.0000
   1.0000E-03   1.7783E-03   3.4697E-05  1.0000   0.0000E+00  0.0000   0.0000E+00  0.0000   1.3261E-10  0.5765
   1.7783E-03   3.1623E-03   0.0000E+00  0.0000   0.0000E+00  0.0000   0.0000E+00  0.0000   1.9030E-10  0.5765
   3.1623E-03   5.6234E-03   1.7876E-05  1.0000   0.0000E+00  0.0000   0.0000E+00  0.0000   2.6925E-10  0.5765
   5.6234E-03   1.0000E-02   2.6764E-05  1.0000   0.0000E+00  0.0000   0.0000E+00  0.0000   3.7664E-10  0.5765
   1.0000E-02   1.7783E-02   2.7186E-05  1.0000   0.0000E+00  0.0000   0.0000E+00  0.0000   5.2269E-10  0.5765
   1.7783E-02   3.1623E-02   0.0000E+00  0.0000   0.0000E+00  0.0000   0.0000E+00  0.0000   7.2924E-10  0.5765
   3.1623E-02   5.6234E-02   4.8463E-05  0.7357   0.0000E+00  0.0000   0.0000E+00  0.0000   1.1159E-09  0.5765
   5.6234E-02   1.0000E-01   0.0000E+00  0.0000   0.0000E+00  0.0000   0.0000E+00  0.0000   1.8098E-09  0.5765
   1.0000E-01   1.7783E-01   3.4251E-04  0.4674   0.0000E+00  0.0000   0.0000E+00  0.0000   3.2049E-09  0.5765
   1.7783E-01   3.1623E-01   1.0307E-04  0.5774   0.0000E+00  0.0000   0.0000E+00  0.0000   6.5838E-09  0.5765
   3.1623E-01   5.6234E-01   2.8342E-05  1.0000   0.0000E+00  0.0000   0.0000E+00  0.0000   1.5843E-08  0.5765
   5.6234E-01   1.0000E+00   1.6839E-04  0.5138   0.0000E+00  0.0000   0.0000E+00  0.0000   4.1175E-08  0.5765
   1.0000E+00   1.7783E+00   1.6634E-04  0.4594   0.0000E+00  0.0000   0.0000E+00  0.0000   1.0805E-07  0.5765
   1.7783E+00   3.1623E+00   2.7591E-04  0.3582   0.0000E+00  0.0000   0.0000E+00  0.0000   2.8677E-07  0.5765
   3.1623E+00   5.6234E+00   3.4200E-04  0.4046   0.0000E+00  0.0000   0.0000E+00  0.0000   7.7951E-07  0.5765
   5.6234E+00   1.0000E+01   1.0966E-04  0.5703   0.0000E+00  0.0000   0.0000E+00  0.0000   2.1715E-06  0.5765
   1.0000E+01   1.7783E+01   2.5957E-04  0.7015   0.0000E+00  0.0000   0.0000E+00  0.0000   7.2519E-06  0.5063
   1.7783E+01   3.1623E+01   3.9049E-05  0.7476   0.0000E+00  0.0000   0.0000E+00  0.0000   9.2768E-06  0.4450
   3.1623E+01   5.6234E+01   3.1612E-04  0.3885   0.0000E+00  0.0000   0.0000E+00  0.0000   1.0403E-05  0.4430
   5.6234E+01   1.0000E+02   3.9092E-04  0.3291   0.0000E+00  0.0000   0.0000E+00  0.0000   2.4120E-05  0.3545
   1.0000E+02   1.7783E+02   5.8003E-04  0.2753   0.0000E+00  0.0000   0.0000E+00  0.0000   2.1156E-05  0.3381
   1.7783E+02   3.1623E+02   3.8657E-04  0.3012   0.0000E+00  0.0000   0.0000E+00  0.0000   3.4976E-05  0.2464
   3.1623E+02   5.6234E+02   2.0993E-04  0.3651   0.0000E+00  0.0000   0.0000E+00  0.0000   2.2710E-05  0.3205
   5.6234E+02   1.0000E+03   6.9786E-05  0.7180   0.0000E+00  0.0000   0.0000E+00  0.0000   1.6931E-05  0.3682
   1.0000E+03   1.7783E+03   2.5236E-05  1.0000   0.0000E+00  0.0000   0.0000E+00  0.0000   1.4231E-05  0.4363
   1.7783E+03   3.1623E+03   2.8111E-05  1.0000   0.0000E+00  0.0000   0.0000E+00  0.0000   8.1095E-06  0.5129
   3.1623E+03   5.6234E+03   0.0000E+00  0.0000   0.0000E+00  0.0000   0.0000E+00  0.0000   4.7053E-06  0.7090
   5.6234E+03   1.0000E+04   0.0000E+00  0.0000   0.0000E+00  0.0000   0.0000E+00  0.0000   0.0000E+00  0.0000
   1.0000E+04   1.7783E+04   0.0000E+00  0.0000   0.0000E+00  0.0000   0.0000E+00  0.0000   4.4964E-06  0.7094
   1.7783E+04   3.1623E+04   0.0000E+00  0.0000   0.0000E+00  0.0000   0.0000E+00  0.0000   0.0000E+00  0.0000
   3.1623E+04   5.6234E+04   0.0000E+00  0.0000   0.0000E+00  0.0000   0.0000E+00  0.0000   0.0000E+00  0.0000
   5.6234E+04   1.0000E+05   0.0000E+00  0.0000   0.0000E+00  0.0000   0.0000E+00  0.0000   0.0000E+00  0.0000

#   sum over                 4.5733E-03  0.1254   0.0000E+00  0.0000   0.0000E+00  0.0000   1.8178E-04  0.1147

'no. =  1,  reg  =    111'
msuc: {\huge Flux spectrum in open air above ground}
msdr: {\it plotted by \ANGEL \version}
msdl: {\it calculated by \PHITS  3.36}
wt: s(0.7)
\vspace{-3}
   vol  &=&   5.1200E+08 [cm^3]
e:
 
# Information for Restart Calculation
# This calculation was newly started
# istdev =  2 # 1:Batch variance, 2:History variance
# resc2  = 2.72196273334391614E-02 # Total source weight or Total source weight / maxcas
# resc3  = 7.00000000000000000E+02 # Total history number or Total batch number
# maxcas =         700 # History / Batch, only used for istdev=1
# bitrseed = 0111101110000011001100100001000010011111011101000000011110111100 # bit data of rseed
