[ T-Track ]
    title = Neutron track length in active He-3 gas
     mesh =  reg            # mesh type is region-wise
      reg = 101 201 301 401
   e-type =    3            # e-mesh is log given by emin, emax and ne
     emin =  1.0000000E-10  # minimum value of e-mesh points
     emax =   1000.000      # maximum value of e-mesh points
#    edel =  0.2302585      # mesh width of e-mesh points
       ne =    130          # number of e-mesh points
#    data = ( e(i), i = 1, ne + 1 )
#           1.00000E-10  1.25893E-10  1.58489E-10  1.99526E-10  2.51189E-10
#           3.16228E-10  3.98107E-10  5.01187E-10  6.30957E-10  7.94328E-10
#           1.00000E-09  1.25893E-09  1.58489E-09  1.99526E-09  2.51189E-09
#           3.16228E-09  3.98107E-09  5.01187E-09  6.30957E-09  7.94328E-09
#           1.00000E-08  1.25893E-08  1.58489E-08  1.99526E-08  2.51189E-08
#           3.16228E-08  3.98107E-08  5.01187E-08  6.30957E-08  7.94328E-08
#           1.00000E-07  1.25893E-07  1.58489E-07  1.99526E-07  2.51189E-07
#           3.16228E-07  3.98107E-07  5.01187E-07  6.30957E-07  7.94328E-07
#           1.00000E-06  1.25893E-06  1.58489E-06  1.99526E-06  2.51189E-06
#           3.16228E-06  3.98107E-06  5.01187E-06  6.30957E-06  7.94328E-06
#           1.00000E-05  1.25893E-05  1.58489E-05  1.99526E-05  2.51189E-05
#           3.16228E-05  3.98107E-05  5.01187E-05  6.30957E-05  7.94328E-05
#           1.00000E-04  1.25893E-04  1.58489E-04  1.99526E-04  2.51189E-04
#           3.16228E-04  3.98107E-04  5.01187E-04  6.30957E-04  7.94328E-04
#           1.00000E-03  1.25893E-03  1.58489E-03  1.99526E-03  2.51189E-03
#           3.16228E-03  3.98107E-03  5.01187E-03  6.30957E-03  7.94328E-03
#           1.00000E-02  1.25893E-02  1.58489E-02  1.99526E-02  2.51189E-02
#           3.16228E-02  3.98107E-02  5.01187E-02  6.30957E-02  7.94328E-02
#           1.00000E-01  1.25893E-01  1.58489E-01  1.99526E-01  2.51189E-01
#           3.16228E-01  3.98107E-01  5.01187E-01  6.30957E-01  7.94328E-01
#           1.00000E+00  1.25893E+00  1.58489E+00  1.99526E+00  2.51189E+00
#           3.16228E+00  3.98107E+00  5.01187E+00  6.30957E+00  7.94328E+00
#           1.00000E+01  1.25893E+01  1.58489E+01  1.99526E+01  2.51189E+01
#           3.16228E+01  3.98107E+01  5.01187E+01  6.30957E+01  7.94328E+01
#           1.00000E+02  1.25893E+02  1.58489E+02  1.99526E+02  2.51189E+02
#           3.16228E+02  3.98107E+02  5.01187E+02  6.30957E+02  7.94328E+02
#           1.00000E+03
     unit =    1            # unit is [1/cm^2/source]
 material =  all            # (D=all) number of specific material
     axis =     eng            # axis of output
     file = gas_track.out   # file name of output for the above axis
     part =  neutron  
# kf/name :  2112     
#    used :        main (  %)        temp (  %)       total (  %)
#  memory :         139 (  0)           0 (  0)         139 (  0)

#------------------------------------------------------------------------------
#newpage:
#   no. =  1   reg =    101

x: Energy [MeV/n]
y: Flux [1/cm^2/source]              
p: xlog ylog afac(0.8) form(0.9)
h: n            x            y(neutron ),hh0l n  
#  e-lower      e-upper        neutron   r.err 
   1.0000E-10   1.2589E-10   0.0000E+00  0.0000
   1.2589E-10   1.5849E-10   0.0000E+00  0.0000
   1.5849E-10   1.9953E-10   0.0000E+00  0.0000
   1.9953E-10   2.5119E-10   0.0000E+00  0.0000
   2.5119E-10   3.1623E-10   0.0000E+00  0.0000
   3.1623E-10   3.9811E-10   0.0000E+00  0.0000
   3.9811E-10   5.0119E-10   0.0000E+00  0.0000
   5.0119E-10   6.3096E-10   0.0000E+00  0.0000
   6.3096E-10   7.9433E-10   0.0000E+00  0.0000
   7.9433E-10   1.0000E-09   0.0000E+00  0.0000
   1.0000E-09   1.2589E-09   0.0000E+00  0.0000
   1.2589E-09   1.5849E-09   0.0000E+00  0.0000
   1.5849E-09   1.9953E-09   0.0000E+00  0.0000
   1.9953E-09   2.5119E-09   0.0000E+00  0.0000
   2.5119E-09   3.1623E-09   0.0000E+00  0.0000
   3.1623E-09   3.9811E-09   0.0000E+00  0.0000
   3.9811E-09   5.0119E-09   0.0000E+00  0.0000
   5.0119E-09   6.3096E-09   0.0000E+00  0.0000
   6.3096E-09   7.9433E-09   0.0000E+00  0.0000
   7.9433E-09   1.0000E-08   0.0000E+00  0.0000
   1.0000E-08   1.2589E-08   0.0000E+00  0.0000
   1.2589E-08   1.5849E-08   0.0000E+00  0.0000
   1.5849E-08   1.9953E-08   0.0000E+00  0.0000
   1.9953E-08   2.5119E-08   0.0000E+00  0.0000
   2.5119E-08   3.1623E-08   0.0000E+00  0.0000
   3.1623E-08   3.9811E-08   0.0000E+00  0.0000
   3.9811E-08   5.0119E-08   0.0000E+00  0.0000
   5.0119E-08   6.3096E-08   0.0000E+00  0.0000
   6.3096E-08   7.9433E-08   0.0000E+00  0.0000
   7.9433E-08   1.0000E-07   0.0000E+00  0.0000
   1.0000E-07   1.2589E-07   0.0000E+00  0.0000
   1.2589E-07   1.5849E-07   0.0000E+00  0.0000
   1.5849E-07   1.9953E-07   0.0000E+00  0.0000
   1.9953E-07   2.5119E-07   0.0000E+00  0.0000
   2.5119E-07   3.1623E-07   0.0000E+00  0.0000
   3.1623E-07   3.9811E-07   0.0000E+00  0.0000
   3.9811E-07   5.0119E-07   0.0000E+00  0.0000
   5.0119E-07   6.3096E-07   0.0000E+00  0.0000
   6.3096E-07   7.9433E-07   0.0000E+00  0.0000
   7.9433E-07   1.0000E-06   0.0000E+00  0.0000
   1.0000E-06   1.2589E-06   0.0000E+00  0.0000
   1.2589E-06   1.5849E-06   0.0000E+00  0.0000
   1.5849E-06   1.9953E-06   0.0000E+00  0.0000
   1.9953E-06   2.5119E-06   0.0000E+00  0.0000
   2.5119E-06   3.1623E-06   0.0000E+00  0.0000
   3.1623E-06   3.9811E-06   0.0000E+00  0.0000
   3.9811E-06   5.0119E-06   0.0000E+00  0.0000
   5.0119E-06   6.3096E-06   0.0000E+00  0.0000
   6.3096E-06   7.9433E-06   0.0000E+00  0.0000
   7.9433E-06   1.0000E-05   0.0000E+00  0.0000
   1.0000E-05   1.2589E-05   0.0000E+00  0.0000
   1.2589E-05   1.5849E-05   0.0000E+00  0.0000
   1.5849E-05   1.9953E-05   0.0000E+00  0.0000
   1.9953E-05   2.5119E-05   0.0000E+00  0.0000
   2.5119E-05   3.1623E-05   0.0000E+00  0.0000
   3.1623E-05   3.9811E-05   0.0000E+00  0.0000
   3.9811E-05   5.0119E-05   0.0000E+00  0.0000
   5.0119E-05   6.3096E-05   0.0000E+00  0.0000
   6.3096E-05   7.9433E-05   0.0000E+00  0.0000
   7.9433E-05   1.0000E-04   0.0000E+00  0.0000
   1.0000E-04   1.2589E-04   0.0000E+00  0.0000
   1.2589E-04   1.5849E-04   0.0000E+00  0.0000
   1.5849E-04   1.9953E-04   0.0000E+00  0.0000
   1.9953E-04   2.5119E-04   0.0000E+00  0.0000
   2.5119E-04   3.1623E-04   0.0000E+00  0.0000
   3.1623E-04   3.9811E-04   0.0000E+00  0.0000
   3.9811E-04   5.0119E-04   0.0000E+00  0.0000
   5.0119E-04   6.3096E-04   0.0000E+00  0.0000
   6.3096E-04   7.9433E-04   0.0000E+00  0.0000
   7.9433E-04   1.0000E-03   0.0000E+00  0.0000
   1.0000E-03   1.2589E-03   0.0000E+00  0.0000
   1.2589E-03   1.5849E-03   0.0000E+00  0.0000
   1.5849E-03   1.9953E-03   0.0000E+00  0.0000
   1.9953E-03   2.5119E-03   0.0000E+00  0.0000
   2.5119E-03   3.1623E-03   0.0000E+00  0.0000
   3.1623E-03   3.9811E-03   0.0000E+00  0.0000
   3.9811E-03   5.0119E-03   0.0000E+00  0.0000
   5.0119E-03   6.3096E-03   0.0000E+00  0.0000
   6.3096E-03   7.9433E-03   0.0000E+00  0.0000
   7.9433E-03   1.0000E-02   0.0000E+00  0.0000
   1.0000E-02   1.2589E-02   0.0000E+00  0.0000
   1.2589E-02   1.5849E-02   0.0000E+00  0.0000
   1.5849E-02   1.9953E-02   0.0000E+00  0.0000
   1.9953E-02   2.5119E-02   0.0000E+00  0.0000
   2.5119E-02   3.1623E-02   0.0000E+00  0.0000
   3.1623E-02   3.9811E-02   0.0000E+00  0.0000
   3.9811E-02   5.0119E-02   0.0000E+00  0.0000
   5.0119E-02   6.3096E-02   0.0000E+00  0.0000
   6.3096E-02   7.9433E-02   1.9050E-05  1.0000
   7.9433E-02   1.0000E-01   1.0200E-04  1.0000
   1.0000E-01   1.2589E-01   4.6262E-05  0.6580
   1.2589E-01   1.5849E-01   3.1728E-05  1.0000
   1.5849E-01   1.9953E-01   2.8039E-05  1.0000
   1.9953E-01   2.5119E-01   1.0737E-04  0.6737
   2.5119E-01   3.1623E-01   1.3195E-04  0.7571
   3.1623E-01   3.9811E-01   2.7630E-04  0.5377
   3.9811E-01   5.0119E-01   7.1909E-04  0.2854
   5.0119E-01   6.3096E-01   2.7912E-04  0.4850
   6.3096E-01   7.9433E-01   5.4598E-04  0.3512
   7.9433E-01   1.0000E+00   7.8479E-04  0.2638
   1.0000E+00   1.2589E+00   1.8995E-03  0.2475
   1.2589E+00   1.5849E+00   1.3704E-03  0.2001
   1.5849E+00   1.9953E+00   2.1087E-03  0.1961
   1.9953E+00   2.5119E+00   1.0798E-03  0.2228
   2.5119E+00   3.1623E+00   4.0583E-04  0.3001
   3.1623E+00   3.9811E+00   9.7331E-04  0.2098
   3.9811E+00   5.0119E+00   2.5835E-01  0.0145
   5.0119E+00   6.3096E+00   0.0000E+00  0.0000
   6.3096E+00   7.9433E+00   0.0000E+00  0.0000
   7.9433E+00   1.0000E+01   0.0000E+00  0.0000
   1.0000E+01   1.2589E+01   0.0000E+00  0.0000
   1.2589E+01   1.5849E+01   0.0000E+00  0.0000
   1.5849E+01   1.9953E+01   0.0000E+00  0.0000
   1.9953E+01   2.5119E+01   0.0000E+00  0.0000
   2.5119E+01   3.1623E+01   0.0000E+00  0.0000
   3.1623E+01   3.9811E+01   0.0000E+00  0.0000
   3.9811E+01   5.0119E+01   0.0000E+00  0.0000
   5.0119E+01   6.3096E+01   0.0000E+00  0.0000
   6.3096E+01   7.9433E+01   0.0000E+00  0.0000
   7.9433E+01   1.0000E+02   0.0000E+00  0.0000
   1.0000E+02   1.2589E+02   0.0000E+00  0.0000
   1.2589E+02   1.5849E+02   0.0000E+00  0.0000
   1.5849E+02   1.9953E+02   0.0000E+00  0.0000
   1.9953E+02   2.5119E+02   0.0000E+00  0.0000
   2.5119E+02   3.1623E+02   0.0000E+00  0.0000
   3.1623E+02   3.9811E+02   0.0000E+00  0.0000
   3.9811E+02   5.0119E+02   0.0000E+00  0.0000
   5.0119E+02   6.3096E+02   0.0000E+00  0.0000
   6.3096E+02   7.9433E+02   0.0000E+00  0.0000
   7.9433E+02   1.0000E+03   0.0000E+00  0.0000

#   sum over                 2.6926E-01  0.0145

'no. =  1,  reg  =    101'
msuc: {\huge Neutron track length in active He-3 gas}
msdr: {\it plotted by \ANGEL \version}
msdl: {\it calculated by \PHITS  3.36}
wt: s(0.7)
\vspace{-3}
   vol  &=&   1.0000E+00 [cm^3]
e:

#------------------------------------------------------------------------------
 newpage:
#   no. =  2   reg =    201

x: Energy [MeV/n]
y: Flux [1/cm^2/source]              
p: xlog ylog afac(0.8) form(0.9)
h: n            x            y(neutron ),hh0l n  
#  e-lower      e-upper        neutron   r.err 
   1.0000E-10   1.2589E-10   0.0000E+00  0.0000
   1.2589E-10   1.5849E-10   0.0000E+00  0.0000
   1.5849E-10   1.9953E-10   0.0000E+00  0.0000
   1.9953E-10   2.5119E-10   0.0000E+00  0.0000
   2.5119E-10   3.1623E-10   0.0000E+00  0.0000
   3.1623E-10   3.9811E-10   0.0000E+00  0.0000
   3.9811E-10   5.0119E-10   0.0000E+00  0.0000
   5.0119E-10   6.3096E-10   0.0000E+00  0.0000
   6.3096E-10   7.9433E-10   0.0000E+00  0.0000
   7.9433E-10   1.0000E-09   0.0000E+00  0.0000
   1.0000E-09   1.2589E-09   6.4059E-07  1.0000
   1.2589E-09   1.5849E-09   4.9243E-07  1.0000
   1.5849E-09   1.9953E-09   0.0000E+00  0.0000
   1.9953E-09   2.5119E-09   2.5896E-07  0.9198
   2.5119E-09   3.1623E-09   3.0034E-08  1.0000
   3.1623E-09   3.9811E-09   1.1282E-06  0.7437
   3.9811E-09   5.0119E-09   5.0696E-06  0.5270
   5.0119E-09   6.3096E-09   1.2265E-05  0.3537
   6.3096E-09   7.9433E-09   1.7510E-05  0.3202
   7.9433E-09   1.0000E-08   2.4970E-05  0.3094
   1.0000E-08   1.2589E-08   4.0889E-05  0.2426
   1.2589E-08   1.5849E-08   8.3075E-05  0.2170
   1.5849E-08   1.9953E-08   1.4771E-04  0.1838
   1.9953E-08   2.5119E-08   2.1623E-04  0.1303
   2.5119E-08   3.1623E-08   2.8880E-04  0.1326
   3.1623E-08   3.9811E-08   4.0420E-04  0.1061
   3.9811E-08   5.0119E-08   4.9707E-04  0.1084
   5.0119E-08   6.3096E-08   6.0121E-04  0.1234
   6.3096E-08   7.9433E-08   6.5681E-04  0.1043
   7.9433E-08   1.0000E-07   8.2579E-04  0.1072
   1.0000E-07   1.2589E-07   5.2269E-04  0.1427
   1.2589E-07   1.5849E-07   4.3340E-04  0.1843
   1.5849E-07   1.9953E-07   2.3849E-04  0.2594
   1.9953E-07   2.5119E-07   2.2732E-04  0.3491
   2.5119E-07   3.1623E-07   9.4771E-05  0.3910
   3.1623E-07   3.9811E-07   3.1831E-04  0.2862
   3.9811E-07   5.0119E-07   1.4076E-04  0.3655
   5.0119E-07   6.3096E-07   2.9971E-04  0.3665
   6.3096E-07   7.9433E-07   1.6206E-04  0.3187
   7.9433E-07   1.0000E-06   1.8613E-04  0.4031
   1.0000E-06   1.2589E-06   4.1346E-04  0.3080
   1.2589E-06   1.5849E-06   2.3773E-04  0.3514
   1.5849E-06   1.9953E-06   3.2337E-04  0.3601
   1.9953E-06   2.5119E-06   3.4000E-04  0.3268
   2.5119E-06   3.1623E-06   4.1215E-04  0.2769
   3.1623E-06   3.9811E-06   4.6629E-04  0.3206
   3.9811E-06   5.0119E-06   4.4511E-04  0.2870
   5.0119E-06   6.3096E-06   4.7601E-04  0.3737
   6.3096E-06   7.9433E-06   4.3140E-04  0.2882
   7.9433E-06   1.0000E-05   3.3545E-04  0.3359
   1.0000E-05   1.2589E-05   6.3054E-04  0.3096
   1.2589E-05   1.5849E-05   4.4824E-04  0.2997
   1.5849E-05   1.9953E-05   6.5987E-04  0.2587
   1.9953E-05   2.5119E-05   5.8409E-04  0.2610
   2.5119E-05   3.1623E-05   3.9653E-04  0.3479
   3.1623E-05   3.9811E-05   7.2581E-04  0.2683
   3.9811E-05   5.0119E-05   5.0911E-04  0.2964
   5.0119E-05   6.3096E-05   2.7229E-04  0.4163
   6.3096E-05   7.9433E-05   4.4191E-04  0.3026
   7.9433E-05   1.0000E-04   4.4388E-04  0.3270
   1.0000E-04   1.2589E-04   4.7645E-04  0.3284
   1.2589E-04   1.5849E-04   8.0899E-04  0.2922
   1.5849E-04   1.9953E-04   1.0226E-03  0.2788
   1.9953E-04   2.5119E-04   6.2670E-04  0.2620
   2.5119E-04   3.1623E-04   7.6201E-04  0.2591
   3.1623E-04   3.9811E-04   3.3372E-04  0.3927
   3.9811E-04   5.0119E-04   3.7952E-04  0.3551
   5.0119E-04   6.3096E-04   7.2164E-04  0.2692
   6.3096E-04   7.9433E-04   9.4412E-04  0.2939
   7.9433E-04   1.0000E-03   4.5483E-04  0.3121
   1.0000E-03   1.2589E-03   4.9974E-04  0.3306
   1.2589E-03   1.5849E-03   5.3002E-04  0.3064
   1.5849E-03   1.9953E-03   7.2373E-04  0.3037
   1.9953E-03   2.5119E-03   6.1566E-04  0.2919
   2.5119E-03   3.1623E-03   8.2487E-04  0.2822
   3.1623E-03   3.9811E-03   6.6964E-04  0.3082
   3.9811E-03   5.0119E-03   7.6373E-04  0.2753
   5.0119E-03   6.3096E-03   3.3807E-04  0.3655
   6.3096E-03   7.9433E-03   9.7790E-04  0.2514
   7.9433E-03   1.0000E-02   8.8965E-04  0.2482
   1.0000E-02   1.2589E-02   1.1237E-03  0.2210
   1.2589E-02   1.5849E-02   4.5555E-04  0.2935
   1.5849E-02   1.9953E-02   5.4792E-04  0.2932
   1.9953E-02   2.5119E-02   6.4831E-04  0.2550
   2.5119E-02   3.1623E-02   8.8234E-04  0.2820
   3.1623E-02   3.9811E-02   7.7382E-04  0.2781
   3.9811E-02   5.0119E-02   7.1761E-04  0.2618
   5.0119E-02   6.3096E-02   9.4362E-04  0.3177
   6.3096E-02   7.9433E-02   7.8427E-04  0.2482
   7.9433E-02   1.0000E-01   1.4455E-03  0.2112
   1.0000E-01   1.2589E-01   1.3284E-03  0.2530
   1.2589E-01   1.5849E-01   1.7933E-03  0.1934
   1.5849E-01   1.9953E-01   1.8011E-03  0.1867
   1.9953E-01   2.5119E-01   1.3457E-03  0.2035
   2.5119E-01   3.1623E-01   1.3031E-03  0.1886
   3.1623E-01   3.9811E-01   2.3317E-03  0.1750
   3.9811E-01   5.0119E-01   1.9568E-03  0.1601
   5.0119E-01   6.3096E-01   2.5459E-03  0.1460
   6.3096E-01   7.9433E-01   3.1442E-03  0.1329
   7.9433E-01   1.0000E+00   3.9651E-03  0.1250
   1.0000E+00   1.2589E+00   3.5653E-03  0.1251
   1.2589E+00   1.5849E+00   4.4777E-03  0.1122
   1.5849E+00   1.9953E+00   5.2258E-03  0.1014
   1.9953E+00   2.5119E+00   6.1737E-03  0.0941
   2.5119E+00   3.1623E+00   7.1626E-03  0.0862
   3.1623E+00   3.9811E+00   9.0759E-03  0.0795
   3.9811E+00   5.0119E+00   5.0758E-02  0.0324
   5.0119E+00   6.3096E+00   0.0000E+00  0.0000
   6.3096E+00   7.9433E+00   0.0000E+00  0.0000
   7.9433E+00   1.0000E+01   0.0000E+00  0.0000
   1.0000E+01   1.2589E+01   0.0000E+00  0.0000
   1.2589E+01   1.5849E+01   0.0000E+00  0.0000
   1.5849E+01   1.9953E+01   0.0000E+00  0.0000
   1.9953E+01   2.5119E+01   0.0000E+00  0.0000
   2.5119E+01   3.1623E+01   0.0000E+00  0.0000
   3.1623E+01   3.9811E+01   0.0000E+00  0.0000
   3.9811E+01   5.0119E+01   0.0000E+00  0.0000
   5.0119E+01   6.3096E+01   0.0000E+00  0.0000
   6.3096E+01   7.9433E+01   0.0000E+00  0.0000
   7.9433E+01   1.0000E+02   0.0000E+00  0.0000
   1.0000E+02   1.2589E+02   0.0000E+00  0.0000
   1.2589E+02   1.5849E+02   0.0000E+00  0.0000
   1.5849E+02   1.9953E+02   0.0000E+00  0.0000
   1.9953E+02   2.5119E+02   0.0000E+00  0.0000
   2.5119E+02   3.1623E+02   0.0000E+00  0.0000
   3.1623E+02   3.9811E+02   0.0000E+00  0.0000
   3.9811E+02   5.0119E+02   0.0000E+00  0.0000
   5.0119E+02   6.3096E+02   0.0000E+00  0.0000
   6.3096E+02   7.9433E+02   0.0000E+00  0.0000
   7.9433E+02   1.0000E+03   0.0000E+00  0.0000

#   sum over                 1.4508E-01  0.0213

'no. =  2,  reg  =    201'
msuc: {\huge Neutron track length in active He-3 gas}
msdr: {\it plotted by \ANGEL \version}
msdl: {\it calculated by \PHITS  3.36}
wt: s(0.7)
\vspace{-3}
   vol  &=&   1.0000E+00 [cm^3]
e:

#------------------------------------------------------------------------------
 newpage:
#   no. =  3   reg =    301

x: Energy [MeV/n]
y: Flux [1/cm^2/source]              
p: xlog ylog afac(0.8) form(0.9)
h: n            x            y(neutron ),hh0l n  
#  e-lower      e-upper        neutron   r.err 
   1.0000E-10   1.2589E-10   0.0000E+00  0.0000
   1.2589E-10   1.5849E-10   0.0000E+00  0.0000
   1.5849E-10   1.9953E-10   0.0000E+00  0.0000
   1.9953E-10   2.5119E-10   0.0000E+00  0.0000
   2.5119E-10   3.1623E-10   0.0000E+00  0.0000
   3.1623E-10   3.9811E-10   0.0000E+00  0.0000
   3.9811E-10   5.0119E-10   0.0000E+00  0.0000
   5.0119E-10   6.3096E-10   0.0000E+00  0.0000
   6.3096E-10   7.9433E-10   0.0000E+00  0.0000
   7.9433E-10   1.0000E-09   0.0000E+00  0.0000
   1.0000E-09   1.2589E-09   0.0000E+00  0.0000
   1.2589E-09   1.5849E-09   0.0000E+00  0.0000
   1.5849E-09   1.9953E-09   0.0000E+00  0.0000
   1.9953E-09   2.5119E-09   0.0000E+00  0.0000
   2.5119E-09   3.1623E-09   0.0000E+00  0.0000
   3.1623E-09   3.9811E-09   0.0000E+00  0.0000
   3.9811E-09   5.0119E-09   0.0000E+00  0.0000
   5.0119E-09   6.3096E-09   0.0000E+00  0.0000
   6.3096E-09   7.9433E-09   0.0000E+00  0.0000
   7.9433E-09   1.0000E-08   0.0000E+00  0.0000
   1.0000E-08   1.2589E-08   0.0000E+00  0.0000
   1.2589E-08   1.5849E-08   0.0000E+00  0.0000
   1.5849E-08   1.9953E-08   0.0000E+00  0.0000
   1.9953E-08   2.5119E-08   0.0000E+00  0.0000
   2.5119E-08   3.1623E-08   0.0000E+00  0.0000
   3.1623E-08   3.9811E-08   0.0000E+00  0.0000
   3.9811E-08   5.0119E-08   0.0000E+00  0.0000
   5.0119E-08   6.3096E-08   0.0000E+00  0.0000
   6.3096E-08   7.9433E-08   0.0000E+00  0.0000
   7.9433E-08   1.0000E-07   0.0000E+00  0.0000
   1.0000E-07   1.2589E-07   0.0000E+00  0.0000
   1.2589E-07   1.5849E-07   0.0000E+00  0.0000
   1.5849E-07   1.9953E-07   0.0000E+00  0.0000
   1.9953E-07   2.5119E-07   0.0000E+00  0.0000
   2.5119E-07   3.1623E-07   0.0000E+00  0.0000
   3.1623E-07   3.9811E-07   0.0000E+00  0.0000
   3.9811E-07   5.0119E-07   0.0000E+00  0.0000
   5.0119E-07   6.3096E-07   0.0000E+00  0.0000
   6.3096E-07   7.9433E-07   0.0000E+00  0.0000
   7.9433E-07   1.0000E-06   0.0000E+00  0.0000
   1.0000E-06   1.2589E-06   0.0000E+00  0.0000
   1.2589E-06   1.5849E-06   0.0000E+00  0.0000
   1.5849E-06   1.9953E-06   0.0000E+00  0.0000
   1.9953E-06   2.5119E-06   0.0000E+00  0.0000
   2.5119E-06   3.1623E-06   0.0000E+00  0.0000
   3.1623E-06   3.9811E-06   0.0000E+00  0.0000
   3.9811E-06   5.0119E-06   0.0000E+00  0.0000
   5.0119E-06   6.3096E-06   0.0000E+00  0.0000
   6.3096E-06   7.9433E-06   0.0000E+00  0.0000
   7.9433E-06   1.0000E-05   0.0000E+00  0.0000
   1.0000E-05   1.2589E-05   0.0000E+00  0.0000
   1.2589E-05   1.5849E-05   0.0000E+00  0.0000
   1.5849E-05   1.9953E-05   0.0000E+00  0.0000
   1.9953E-05   2.5119E-05   0.0000E+00  0.0000
   2.5119E-05   3.1623E-05   0.0000E+00  0.0000
   3.1623E-05   3.9811E-05   0.0000E+00  0.0000
   3.9811E-05   5.0119E-05   0.0000E+00  0.0000
   5.0119E-05   6.3096E-05   0.0000E+00  0.0000
   6.3096E-05   7.9433E-05   0.0000E+00  0.0000
   7.9433E-05   1.0000E-04   0.0000E+00  0.0000
   1.0000E-04   1.2589E-04   0.0000E+00  0.0000
   1.2589E-04   1.5849E-04   0.0000E+00  0.0000
   1.5849E-04   1.9953E-04   0.0000E+00  0.0000
   1.9953E-04   2.5119E-04   0.0000E+00  0.0000
   2.5119E-04   3.1623E-04   0.0000E+00  0.0000
   3.1623E-04   3.9811E-04   0.0000E+00  0.0000
   3.9811E-04   5.0119E-04   0.0000E+00  0.0000
   5.0119E-04   6.3096E-04   0.0000E+00  0.0000
   6.3096E-04   7.9433E-04   0.0000E+00  0.0000
   7.9433E-04   1.0000E-03   0.0000E+00  0.0000
   1.0000E-03   1.2589E-03   0.0000E+00  0.0000
   1.2589E-03   1.5849E-03   0.0000E+00  0.0000
   1.5849E-03   1.9953E-03   0.0000E+00  0.0000
   1.9953E-03   2.5119E-03   1.8501E-06  1.0000
   2.5119E-03   3.1623E-03   0.0000E+00  0.0000
   3.1623E-03   3.9811E-03   3.2699E-05  1.0000
   3.9811E-03   5.0119E-03   0.0000E+00  0.0000
   5.0119E-03   6.3096E-03   0.0000E+00  0.0000
   6.3096E-03   7.9433E-03   0.0000E+00  0.0000
   7.9433E-03   1.0000E-02   0.0000E+00  0.0000
   1.0000E-02   1.2589E-02   0.0000E+00  0.0000
   1.2589E-02   1.5849E-02   0.0000E+00  0.0000
   1.5849E-02   1.9953E-02   0.0000E+00  0.0000
   1.9953E-02   2.5119E-02   0.0000E+00  0.0000
   2.5119E-02   3.1623E-02   0.0000E+00  0.0000
   3.1623E-02   3.9811E-02   0.0000E+00  0.0000
   3.9811E-02   5.0119E-02   1.8563E-05  1.0000
   5.0119E-02   6.3096E-02   0.0000E+00  0.0000
   6.3096E-02   7.9433E-02   0.0000E+00  0.0000
   7.9433E-02   1.0000E-01   0.0000E+00  0.0000
   1.0000E-01   1.2589E-01   6.3707E-05  1.0000
   1.2589E-01   1.5849E-01   2.0220E-05  1.0000
   1.5849E-01   1.9953E-01   3.7867E-05  0.7080
   1.9953E-01   2.5119E-01   0.0000E+00  0.0000
   2.5119E-01   3.1623E-01   1.5111E-05  1.0000
   3.1623E-01   3.9811E-01   1.7766E-04  0.4196
   3.9811E-01   5.0119E-01   2.3898E-04  0.4007
   5.0119E-01   6.3096E-01   6.6026E-05  0.4796
   6.3096E-01   7.9433E-01   1.4241E-04  0.4532
   7.9433E-01   1.0000E+00   9.5730E-05  0.7079
   1.0000E+00   1.2589E+00   6.9233E-04  0.2649
   1.2589E+00   1.5849E+00   6.5872E-04  0.2309
   1.5849E+00   1.9953E+00   6.4568E-04  0.2186
   1.9953E+00   2.5119E+00   6.1090E-04  0.2148
   2.5119E+00   3.1623E+00   3.3574E-04  0.3946
   3.1623E+00   3.9811E+00   7.7916E-04  0.2611
   3.9811E+00   5.0119E+00   9.8355E-02  0.0169
   5.0119E+00   6.3096E+00   0.0000E+00  0.0000
   6.3096E+00   7.9433E+00   0.0000E+00  0.0000
   7.9433E+00   1.0000E+01   0.0000E+00  0.0000
   1.0000E+01   1.2589E+01   0.0000E+00  0.0000
   1.2589E+01   1.5849E+01   0.0000E+00  0.0000
   1.5849E+01   1.9953E+01   0.0000E+00  0.0000
   1.9953E+01   2.5119E+01   0.0000E+00  0.0000
   2.5119E+01   3.1623E+01   0.0000E+00  0.0000
   3.1623E+01   3.9811E+01   0.0000E+00  0.0000
   3.9811E+01   5.0119E+01   0.0000E+00  0.0000
   5.0119E+01   6.3096E+01   0.0000E+00  0.0000
   6.3096E+01   7.9433E+01   0.0000E+00  0.0000
   7.9433E+01   1.0000E+02   0.0000E+00  0.0000
   1.0000E+02   1.2589E+02   0.0000E+00  0.0000
   1.2589E+02   1.5849E+02   0.0000E+00  0.0000
   1.5849E+02   1.9953E+02   0.0000E+00  0.0000
   1.9953E+02   2.5119E+02   0.0000E+00  0.0000
   2.5119E+02   3.1623E+02   0.0000E+00  0.0000
   3.1623E+02   3.9811E+02   0.0000E+00  0.0000
   3.9811E+02   5.0119E+02   0.0000E+00  0.0000
   5.0119E+02   6.3096E+02   0.0000E+00  0.0000
   6.3096E+02   7.9433E+02   0.0000E+00  0.0000
   7.9433E+02   1.0000E+03   0.0000E+00  0.0000

#   sum over                 1.0299E-01  0.0169

'no. =  3,  reg  =    301'
msuc: {\huge Neutron track length in active He-3 gas}
msdr: {\it plotted by \ANGEL \version}
msdl: {\it calculated by \PHITS  3.36}
wt: s(0.7)
\vspace{-3}
   vol  &=&   1.0000E+00 [cm^3]
e:

#------------------------------------------------------------------------------
 newpage:
#   no. =  4   reg =    401

x: Energy [MeV/n]
y: Flux [1/cm^2/source]              
p: xlog ylog afac(0.8) form(0.9)
h: n            x            y(neutron ),hh0l n  
#  e-lower      e-upper        neutron   r.err 
   1.0000E-10   1.2589E-10   0.0000E+00  0.0000
   1.2589E-10   1.5849E-10   0.0000E+00  0.0000
   1.5849E-10   1.9953E-10   0.0000E+00  0.0000
   1.9953E-10   2.5119E-10   0.0000E+00  0.0000
   2.5119E-10   3.1623E-10   0.0000E+00  0.0000
   3.1623E-10   3.9811E-10   0.0000E+00  0.0000
   3.9811E-10   5.0119E-10   0.0000E+00  0.0000
   5.0119E-10   6.3096E-10   0.0000E+00  0.0000
   6.3096E-10   7.9433E-10   0.0000E+00  0.0000
   7.9433E-10   1.0000E-09   0.0000E+00  0.0000
   1.0000E-09   1.2589E-09   0.0000E+00  0.0000
   1.2589E-09   1.5849E-09   0.0000E+00  0.0000
   1.5849E-09   1.9953E-09   0.0000E+00  0.0000
   1.9953E-09   2.5119E-09   1.4455E-07  1.0000
   2.5119E-09   3.1623E-09   4.7603E-07  1.0000
   3.1623E-09   3.9811E-09   6.2237E-08  1.0000
   3.9811E-09   5.0119E-09   1.5117E-07  1.0000
   5.0119E-09   6.3096E-09   2.6575E-06  0.6450
   6.3096E-09   7.9433E-09   2.2431E-06  0.5220
   7.9433E-09   1.0000E-08   2.6510E-05  0.5109
   1.0000E-08   1.2589E-08   1.6474E-05  0.3527
   1.2589E-08   1.5849E-08   5.5689E-05  0.2702
   1.5849E-08   1.9953E-08   5.9446E-05  0.2530
   1.9953E-08   2.5119E-08   7.2350E-05  0.2619
   2.5119E-08   3.1623E-08   1.7177E-04  0.1687
   3.1623E-08   3.9811E-08   1.4967E-04  0.1707
   3.9811E-08   5.0119E-08   2.5880E-04  0.1476
   5.0119E-08   6.3096E-08   2.9663E-04  0.1564
   6.3096E-08   7.9433E-08   3.4232E-04  0.1599
   7.9433E-08   1.0000E-07   4.0406E-04  0.1499
   1.0000E-07   1.2589E-07   3.0874E-04  0.1741
   1.2589E-07   1.5849E-07   1.9539E-04  0.2454
   1.5849E-07   1.9953E-07   1.9716E-04  0.2479
   1.9953E-07   2.5119E-07   1.7043E-04  0.2927
   2.5119E-07   3.1623E-07   8.0265E-05  0.3577
   3.1623E-07   3.9811E-07   2.7366E-05  0.5800
   3.9811E-07   5.0119E-07   1.6444E-04  0.3122
   5.0119E-07   6.3096E-07   1.3800E-04  0.3614
   6.3096E-07   7.9433E-07   5.1867E-05  0.5331
   7.9433E-07   1.0000E-06   1.1077E-04  0.3429
   1.0000E-06   1.2589E-06   8.3525E-05  0.4323
   1.2589E-06   1.5849E-06   2.5668E-04  0.2705
   1.5849E-06   1.9953E-06   1.4985E-04  0.3219
   1.9953E-06   2.5119E-06   1.1772E-04  0.4397
   2.5119E-06   3.1623E-06   2.0212E-04  0.3479
   3.1623E-06   3.9811E-06   1.2621E-04  0.4289
   3.9811E-06   5.0119E-06   2.1666E-04  0.2934
   5.0119E-06   6.3096E-06   2.8873E-04  0.3026
   6.3096E-06   7.9433E-06   1.4499E-04  0.3829
   7.9433E-06   1.0000E-05   2.4134E-04  0.3240
   1.0000E-05   1.2589E-05   2.5107E-04  0.3214
   1.2589E-05   1.5849E-05   2.2262E-04  0.3191
   1.5849E-05   1.9953E-05   1.8661E-04  0.3399
   1.9953E-05   2.5119E-05   2.5466E-04  0.3240
   2.5119E-05   3.1623E-05   1.8704E-04  0.4169
   3.1623E-05   3.9811E-05   1.8713E-04  0.3831
   3.9811E-05   5.0119E-05   2.5577E-04  0.3064
   5.0119E-05   6.3096E-05   2.1428E-04  0.4331
   6.3096E-05   7.9433E-05   3.2451E-04  0.3282
   7.9433E-05   1.0000E-04   2.5986E-04  0.3931
   1.0000E-04   1.2589E-04   3.9638E-04  0.2629
   1.2589E-04   1.5849E-04   5.1998E-04  0.2515
   1.5849E-04   1.9953E-04   3.1650E-04  0.2981
   1.9953E-04   2.5119E-04   2.9582E-04  0.2794
   2.5119E-04   3.1623E-04   2.7840E-04  0.3383
   3.1623E-04   3.9811E-04   3.0441E-04  0.4777
   3.9811E-04   5.0119E-04   2.4800E-04  0.3349
   5.0119E-04   6.3096E-04   1.7861E-04  0.3974
   6.3096E-04   7.9433E-04   3.0256E-04  0.3067
   7.9433E-04   1.0000E-03   3.3310E-04  0.2914
   1.0000E-03   1.2589E-03   1.8624E-04  0.3721
   1.2589E-03   1.5849E-03   2.1207E-04  0.3584
   1.5849E-03   1.9953E-03   5.0798E-04  0.3212
   1.9953E-03   2.5119E-03   1.6232E-04  0.4986
   2.5119E-03   3.1623E-03   2.7649E-04  0.3293
   3.1623E-03   3.9811E-03   2.2122E-04  0.3424
   3.9811E-03   5.0119E-03   2.7228E-04  0.3641
   5.0119E-03   6.3096E-03   3.9527E-04  0.3086
   6.3096E-03   7.9433E-03   5.5275E-04  0.2700
   7.9433E-03   1.0000E-02   2.6818E-04  0.3198
   1.0000E-02   1.2589E-02   2.7032E-04  0.3321
   1.2589E-02   1.5849E-02   3.0162E-04  0.3049
   1.5849E-02   1.9953E-02   4.6470E-04  0.2609
   1.9953E-02   2.5119E-02   3.6239E-04  0.2438
   2.5119E-02   3.1623E-02   3.5621E-04  0.2725
   3.1623E-02   3.9811E-02   3.2387E-04  0.3325
   3.9811E-02   5.0119E-02   3.4399E-04  0.2719
   5.0119E-02   6.3096E-02   4.9303E-04  0.2671
   6.3096E-02   7.9433E-02   4.6117E-04  0.2307
   7.9433E-02   1.0000E-01   5.5740E-04  0.2688
   1.0000E-01   1.2589E-01   6.1791E-04  0.2972
   1.2589E-01   1.5849E-01   6.7325E-04  0.1895
   1.5849E-01   1.9953E-01   4.2126E-04  0.2377
   1.9953E-01   2.5119E-01   8.0837E-04  0.1718
   2.5119E-01   3.1623E-01   8.3575E-04  0.1691
   3.1623E-01   3.9811E-01   1.1655E-03  0.1691
   3.9811E-01   5.0119E-01   1.4886E-03  0.1434
   5.0119E-01   6.3096E-01   8.8107E-04  0.1749
   6.3096E-01   7.9433E-01   1.2447E-03  0.1752
   7.9433E-01   1.0000E+00   1.7800E-03  0.1280
   1.0000E+00   1.2589E+00   2.1126E-03  0.1161
   1.2589E+00   1.5849E+00   1.9741E-03  0.1186
   1.5849E+00   1.9953E+00   2.2708E-03  0.1144
   1.9953E+00   2.5119E+00   3.1044E-03  0.1288
   2.5119E+00   3.1623E+00   3.3236E-03  0.0913
   3.1623E+00   3.9811E+00   4.4248E-03  0.0786
   3.9811E+00   5.0119E+00   2.7511E-02  0.0311
   5.0119E+00   6.3096E+00   0.0000E+00  0.0000
   6.3096E+00   7.9433E+00   0.0000E+00  0.0000
   7.9433E+00   1.0000E+01   0.0000E+00  0.0000
   1.0000E+01   1.2589E+01   0.0000E+00  0.0000
   1.2589E+01   1.5849E+01   0.0000E+00  0.0000
   1.5849E+01   1.9953E+01   0.0000E+00  0.0000
   1.9953E+01   2.5119E+01   0.0000E+00  0.0000
   2.5119E+01   3.1623E+01   0.0000E+00  0.0000
   3.1623E+01   3.9811E+01   0.0000E+00  0.0000
   3.9811E+01   5.0119E+01   0.0000E+00  0.0000
   5.0119E+01   6.3096E+01   0.0000E+00  0.0000
   6.3096E+01   7.9433E+01   0.0000E+00  0.0000
   7.9433E+01   1.0000E+02   0.0000E+00  0.0000
   1.0000E+02   1.2589E+02   0.0000E+00  0.0000
   1.2589E+02   1.5849E+02   0.0000E+00  0.0000
   1.5849E+02   1.9953E+02   0.0000E+00  0.0000
   1.9953E+02   2.5119E+02   0.0000E+00  0.0000
   2.5119E+02   3.1623E+02   0.0000E+00  0.0000
   3.1623E+02   3.9811E+02   0.0000E+00  0.0000
   3.9811E+02   5.0119E+02   0.0000E+00  0.0000
   5.0119E+02   6.3096E+02   0.0000E+00  0.0000
   6.3096E+02   7.9433E+02   0.0000E+00  0.0000
   7.9433E+02   1.0000E+03   0.0000E+00  0.0000

#   sum over                 7.2276E-02  0.0227

'no. =  4,  reg  =    401'
msuc: {\huge Neutron track length in active He-3 gas}
msdr: {\it plotted by \ANGEL \version}
msdl: {\it calculated by \PHITS  3.36}
wt: s(0.7)
\vspace{-3}
   vol  &=&   1.0000E+00 [cm^3]
e:
 
# Information for Restart Calculation
# This calculation was newly started
# istdev =  2 # 1:Batch variance, 2:History variance
# resc2  = 1.50116083925810555E+05 # Total source weight or Total source weight / maxcas
# resc3  = 1.50000000000000000E+05 # Total history number or Total batch number
# maxcas =      150000 # History / Batch, only used for istdev=1
# bitrseed = 1011111010111111001111010101101001111110001011100010101110011111 # bit data of rseed
