[ T-Track ]
    title = Flux spectrum in open air above ground
     mesh =  reg            # mesh type is region-wise
      reg = 111
   e-type =    3            # e-mesh is log given by emin, emax and ne
     emin =  1.0000000E-10  # minimum value of e-mesh points
     emax =   100000.0      # maximum value of e-mesh points
#    edel =  0.5756463      # mesh width of e-mesh points
       ne =     60          # number of e-mesh points
#    data = ( e(i), i = 1, ne + 1 )
#           1.00000E-10  1.77828E-10  3.16228E-10  5.62341E-10  1.00000E-09
#           1.77828E-09  3.16228E-09  5.62341E-09  1.00000E-08  1.77828E-08
#           3.16228E-08  5.62341E-08  1.00000E-07  1.77828E-07  3.16228E-07
#           5.62341E-07  1.00000E-06  1.77828E-06  3.16228E-06  5.62341E-06
#           1.00000E-05  1.77828E-05  3.16228E-05  5.62341E-05  1.00000E-04
#           1.77828E-04  3.16228E-04  5.62341E-04  1.00000E-03  1.77828E-03
#           3.16228E-03  5.62341E-03  1.00000E-02  1.77828E-02  3.16228E-02
#           5.62341E-02  1.00000E-01  1.77828E-01  3.16228E-01  5.62341E-01
#           1.00000E+00  1.77828E+00  3.16228E+00  5.62341E+00  1.00000E+01
#           1.77828E+01  3.16228E+01  5.62341E+01  1.00000E+02  1.77828E+02
#           3.16228E+02  5.62341E+02  1.00000E+03  1.77828E+03  3.16228E+03
#           5.62341E+03  1.00000E+04  1.77828E+04  3.16228E+04  5.62341E+04
#           1.00000E+05
     unit =    1            # unit is [1/cm^2/source]
 material =  all            # (D=all) number of specific material
     axis =     eng            # axis of output
     file = air_spec.out    # file name of output for the above axis
     part =  neutron    muon-      muon+      proton   
# kf/name :  2112       13         -13        2212     
#    used :        main (  %)        temp (  %)       total (  %)
#  memory :          67 (  0)           0 (  0)          67 (  0)

#------------------------------------------------------------------------------
#newpage:
#   no. =  1   reg =    111

x: Energy [MeV/n]
y: Flux [1/cm^2/source]              
p: xlog ylog afac(0.8) form(0.9)
h: n            x            y(neutron ),hh0l n  y(muon-   ),hh0dr n  y(muon+   ),hh0ub n  y(proton  ),hh0mg n  
#  e-lower      e-upper        neutron   r.err      muon-     r.err      muon+     r.err      proton    r.err 
   1.0000E-10   1.7783E-10   0.0000E+00  0.0000   0.0000E+00  0.0000   0.0000E+00  0.0000   0.0000E+00  0.0000
   1.7783E-10   3.1623E-10   0.0000E+00  0.0000   0.0000E+00  0.0000   0.0000E+00  0.0000   0.0000E+00  0.0000
   3.1623E-10   5.6234E-10   0.0000E+00  0.0000   0.0000E+00  0.0000   0.0000E+00  0.0000   0.0000E+00  0.0000
   5.6234E-10   1.0000E-09   0.0000E+00  0.0000   0.0000E+00  0.0000   0.0000E+00  0.0000   0.0000E+00  0.0000
   1.0000E-09   1.7783E-09   0.0000E+00  0.0000   0.0000E+00  0.0000   0.0000E+00  0.0000   0.0000E+00  0.0000
   1.7783E-09   3.1623E-09   0.0000E+00  0.0000   0.0000E+00  0.0000   0.0000E+00  0.0000   0.0000E+00  0.0000
   3.1623E-09   5.6234E-09   1.6907E-06  1.0000   0.0000E+00  0.0000   0.0000E+00  0.0000   0.0000E+00  0.0000
   5.6234E-09   1.0000E-08   1.2237E-06  1.0000   0.0000E+00  0.0000   0.0000E+00  0.0000   0.0000E+00  0.0000
   1.0000E-08   1.7783E-08   2.3153E-05  0.6753   0.0000E+00  0.0000   0.0000E+00  0.0000   0.0000E+00  0.0000
   1.7783E-08   3.1623E-08   7.4733E-05  0.3584   0.0000E+00  0.0000   0.0000E+00  0.0000   0.0000E+00  0.0000
   3.1623E-08   5.6234E-08   1.3586E-04  0.5777   0.0000E+00  0.0000   0.0000E+00  0.0000   0.0000E+00  0.0000
   5.6234E-08   1.0000E-07   3.8129E-05  0.5641   0.0000E+00  0.0000   0.0000E+00  0.0000   0.0000E+00  0.0000
   1.0000E-07   1.7783E-07   4.9875E-05  0.9651   0.0000E+00  0.0000   0.0000E+00  0.0000   0.0000E+00  0.0000
   1.7783E-07   3.1623E-07   0.0000E+00  0.0000   0.0000E+00  0.0000   0.0000E+00  0.0000   0.0000E+00  0.0000
   3.1623E-07   5.6234E-07   5.2755E-05  1.0000   0.0000E+00  0.0000   0.0000E+00  0.0000   0.0000E+00  0.0000
   5.6234E-07   1.0000E-06   5.8656E-06  1.0000   0.0000E+00  0.0000   0.0000E+00  0.0000   0.0000E+00  0.0000
   1.0000E-06   1.7783E-06   2.4540E-05  1.0000   0.0000E+00  0.0000   0.0000E+00  0.0000   0.0000E+00  0.0000
   1.7783E-06   3.1623E-06   1.7981E-05  0.9171   0.0000E+00  0.0000   0.0000E+00  0.0000   0.0000E+00  0.0000
   3.1623E-06   5.6234E-06   2.7993E-05  0.8862   0.0000E+00  0.0000   0.0000E+00  0.0000   0.0000E+00  0.0000
   5.6234E-06   1.0000E-05   3.1861E-05  0.7892   0.0000E+00  0.0000   0.0000E+00  0.0000   0.0000E+00  0.0000
   1.0000E-05   1.7783E-05   6.5007E-05  0.7624   0.0000E+00  0.0000   0.0000E+00  0.0000   0.0000E+00  0.0000
   1.7783E-05   3.1623E-05   1.0024E-06  0.7460   0.0000E+00  0.0000   0.0000E+00  0.0000   0.0000E+00  0.0000
   3.1623E-05   5.6234E-05   0.0000E+00  0.0000   0.0000E+00  0.0000   0.0000E+00  0.0000   0.0000E+00  0.0000
   5.6234E-05   1.0000E-04   0.0000E+00  0.0000   0.0000E+00  0.0000   0.0000E+00  0.0000   0.0000E+00  0.0000
   1.0000E-04   1.7783E-04   2.2950E-05  1.0000   0.0000E+00  0.0000   0.0000E+00  0.0000   0.0000E+00  0.0000
   1.7783E-04   3.1623E-04   2.3999E-05  0.9028   0.0000E+00  0.0000   0.0000E+00  0.0000   0.0000E+00  0.0000
   3.1623E-04   5.6234E-04   2.4481E-05  1.0000   0.0000E+00  0.0000   0.0000E+00  0.0000   0.0000E+00  0.0000
   5.6234E-04   1.0000E-03   5.5305E-05  0.5728   0.0000E+00  0.0000   0.0000E+00  0.0000   0.0000E+00  0.0000
   1.0000E-03   1.7783E-03   0.0000E+00  0.0000   0.0000E+00  0.0000   0.0000E+00  0.0000   3.3537E-11  1.0000
   1.7783E-03   3.1623E-03   0.0000E+00  0.0000   0.0000E+00  0.0000   0.0000E+00  0.0000   4.8125E-11  1.0000
   3.1623E-03   5.6234E-03   3.2741E-06  1.0000   0.0000E+00  0.0000   0.0000E+00  0.0000   6.8091E-11  1.0000
   5.6234E-03   1.0000E-02   3.5876E-05  0.8576   0.0000E+00  0.0000   0.0000E+00  0.0000   9.5249E-11  1.0000
   1.0000E-02   1.7783E-02   5.1355E-05  0.6967   0.0000E+00  0.0000   0.0000E+00  0.0000   1.3219E-10  1.0000
   1.7783E-02   3.1623E-02   9.1686E-05  0.5246   0.0000E+00  0.0000   0.0000E+00  0.0000   1.8442E-10  1.0000
   3.1623E-02   5.6234E-02   5.1413E-05  1.0000   0.0000E+00  0.0000   0.0000E+00  0.0000   2.8221E-10  1.0000
   5.6234E-02   1.0000E-01   1.0779E-04  0.4798   0.0000E+00  0.0000   0.0000E+00  0.0000   4.5767E-10  1.0000
   1.0000E-01   1.7783E-01   4.1363E-05  0.7068   0.0000E+00  0.0000   0.0000E+00  0.0000   8.1049E-10  1.0000
   1.7783E-01   3.1623E-01   1.3383E-04  0.5769   0.0000E+00  0.0000   0.0000E+00  0.0000   1.6650E-09  1.0000
   3.1623E-01   5.6234E-01   1.2081E-04  0.5947   0.0000E+00  0.0000   0.0000E+00  0.0000   4.0066E-09  1.0000
   5.6234E-01   1.0000E+00   1.4828E-04  0.3967   0.0000E+00  0.0000   0.0000E+00  0.0000   1.0413E-08  1.0000
   1.0000E+00   1.7783E+00   4.3572E-05  0.7777   0.0000E+00  0.0000   0.0000E+00  0.0000   2.7326E-08  1.0000
   1.7783E+00   3.1623E+00   5.2000E-04  0.2948   0.0000E+00  0.0000   0.0000E+00  0.0000   7.2522E-08  1.0000
   3.1623E+00   5.6234E+00   3.2584E-04  0.3388   0.0000E+00  0.0000   0.0000E+00  0.0000   1.9713E-07  1.0000
   5.6234E+00   1.0000E+01   2.0061E-04  0.3436   0.0000E+00  0.0000   0.0000E+00  0.0000   5.8871E-07  0.8339
   1.0000E+01   1.7783E+01   8.0412E-05  0.5697   0.0000E+00  0.0000   0.0000E+00  0.0000   2.9933E-06  0.7074
   1.7783E+01   3.1623E+01   1.5386E-04  0.4937   0.0000E+00  0.0000   0.0000E+00  0.0000   5.0205E-07  0.8270
   3.1623E+01   5.6234E+01   2.7840E-04  0.3137   0.0000E+00  0.0000   0.0000E+00  0.0000   6.7563E-06  0.5011
   5.6234E+01   1.0000E+02   6.7383E-04  0.3183   0.0000E+00  0.0000   0.0000E+00  0.0000   4.2745E-05  0.2659
   1.0000E+02   1.7783E+02   3.5638E-04  0.2999   0.0000E+00  0.0000   0.0000E+00  0.0000   4.1055E-05  0.2159
   1.7783E+02   3.1623E+02   4.9573E-04  0.3111   0.0000E+00  0.0000   0.0000E+00  0.0000   3.3177E-05  0.2325
   3.1623E+02   5.6234E+02   9.5663E-05  0.5162   0.0000E+00  0.0000   0.0000E+00  0.0000   3.2827E-05  0.2734
   5.6234E+02   1.0000E+03   3.2747E-05  0.7409   0.0000E+00  0.0000   0.0000E+00  0.0000   1.8954E-05  0.3034
   1.0000E+03   1.7783E+03   0.0000E+00  0.0000   0.0000E+00  0.0000   0.0000E+00  0.0000   1.6642E-05  0.2985
   1.7783E+03   3.1623E+03   0.0000E+00  0.0000   0.0000E+00  0.0000   0.0000E+00  0.0000   1.2549E-05  0.3525
   3.1623E+03   5.6234E+03   0.0000E+00  0.0000   0.0000E+00  0.0000   0.0000E+00  0.0000   7.5070E-06  0.4471
   5.6234E+03   1.0000E+04   0.0000E+00  0.0000   0.0000E+00  0.0000   0.0000E+00  0.0000   3.1512E-06  0.7070
   1.0000E+04   1.7783E+04   0.0000E+00  0.0000   0.0000E+00  0.0000   0.0000E+00  0.0000   1.5201E-06  1.0000
   1.7783E+04   3.1623E+04   0.0000E+00  0.0000   0.0000E+00  0.0000   0.0000E+00  0.0000   0.0000E+00  0.0000
   3.1623E+04   5.6234E+04   0.0000E+00  0.0000   0.0000E+00  0.0000   0.0000E+00  0.0000   0.0000E+00  0.0000
   5.6234E+04   1.0000E+05   0.0000E+00  0.0000   0.0000E+00  0.0000   0.0000E+00  0.0000   0.0000E+00  0.0000

#   sum over                 4.7211E-03  0.1048   0.0000E+00  0.0000   0.0000E+00  0.0000   2.2128E-04  0.0971

'no. =  1,  reg  =    111'
msuc: {\huge Flux spectrum in open air above ground}
msdr: {\it plotted by \ANGEL \version}
msdl: {\it calculated by \PHITS  3.36}
wt: s(0.7)
\vspace{-3}
   vol  &=&   5.1200E+08 [cm^3]
e:
 
# Information for Restart Calculation
# This calculation was newly started
# istdev =  2 # 1:Batch variance, 2:History variance
# resc2  = 3.58778600403615935E-02 # Total source weight or Total source weight / maxcas
# resc3  = 1.00000000000000000E+03 # Total history number or Total batch number
# maxcas =        1000 # History / Batch, only used for istdev=1
# bitrseed = 1100010100110010001111001000010101101110111110010100101011100111 # bit data of rseed
