[ T-Track ]
    title = Flux spectrum in open air above ground
     mesh =  reg            # mesh type is region-wise
      reg = 111
   e-type =    3            # e-mesh is log given by emin, emax and ne
     emin =  1.0000000E-10  # minimum value of e-mesh points
     emax =   100000.0      # maximum value of e-mesh points
#    edel =  0.5756463      # mesh width of e-mesh points
       ne =     60          # number of e-mesh points
#    data = ( e(i), i = 1, ne + 1 )
#           1.00000E-10  1.77828E-10  3.16228E-10  5.62341E-10  1.00000E-09
#           1.77828E-09  3.16228E-09  5.62341E-09  1.00000E-08  1.77828E-08
#           3.16228E-08  5.62341E-08  1.00000E-07  1.77828E-07  3.16228E-07
#           5.62341E-07  1.00000E-06  1.77828E-06  3.16228E-06  5.62341E-06
#           1.00000E-05  1.77828E-05  3.16228E-05  5.62341E-05  1.00000E-04
#           1.77828E-04  3.16228E-04  5.62341E-04  1.00000E-03  1.77828E-03
#           3.16228E-03  5.62341E-03  1.00000E-02  1.77828E-02  3.16228E-02
#           5.62341E-02  1.00000E-01  1.77828E-01  3.16228E-01  5.62341E-01
#           1.00000E+00  1.77828E+00  3.16228E+00  5.62341E+00  1.00000E+01
#           1.77828E+01  3.16228E+01  5.62341E+01  1.00000E+02  1.77828E+02
#           3.16228E+02  5.62341E+02  1.00000E+03  1.77828E+03  3.16228E+03
#           5.62341E+03  1.00000E+04  1.77828E+04  3.16228E+04  5.62341E+04
#           1.00000E+05
     unit =    1            # unit is [1/cm^2/source]
 material =  all            # (D=all) number of specific material
     axis =     eng            # axis of output
     file = air_spec.out    # file name of output for the above axis
     part =  neutron    muon-      muon+      proton   
# kf/name :  2112       13         -13        2212     
#    used :        main (  %)        temp (  %)       total (  %)
#  memory :          67 (  0)           0 (  0)          67 (  0)

#------------------------------------------------------------------------------
#newpage:
#   no. =  1   reg =    111

x: Energy [MeV/n]
y: Flux [1/cm^2/source]              
p: xlog ylog afac(0.8) form(0.9)
h: n            x            y(neutron ),hh0l n  y(muon-   ),hh0dr n  y(muon+   ),hh0ub n  y(proton  ),hh0mg n  
#  e-lower      e-upper        neutron   r.err      muon-     r.err      muon+     r.err      proton    r.err 
   1.0000E-10   1.7783E-10   0.0000E+00  0.0000   0.0000E+00  0.0000   0.0000E+00  0.0000   0.0000E+00  0.0000
   1.7783E-10   3.1623E-10   0.0000E+00  0.0000   0.0000E+00  0.0000   0.0000E+00  0.0000   0.0000E+00  0.0000
   3.1623E-10   5.6234E-10   0.0000E+00  0.0000   0.0000E+00  0.0000   0.0000E+00  0.0000   0.0000E+00  0.0000
   5.6234E-10   1.0000E-09   4.2599E-07  1.0000   0.0000E+00  0.0000   0.0000E+00  0.0000   0.0000E+00  0.0000
   1.0000E-09   1.7783E-09   0.0000E+00  0.0000   0.0000E+00  0.0000   0.0000E+00  0.0000   0.0000E+00  0.0000
   1.7783E-09   3.1623E-09   0.0000E+00  0.0000   0.0000E+00  0.0000   0.0000E+00  0.0000   0.0000E+00  0.0000
   3.1623E-09   5.6234E-09   3.5281E-07  1.0000   0.0000E+00  0.0000   0.0000E+00  0.0000   0.0000E+00  0.0000
   5.6234E-09   1.0000E-08   1.0768E-05  0.6569   0.0000E+00  0.0000   0.0000E+00  0.0000   0.0000E+00  0.0000
   1.0000E-08   1.7783E-08   4.5256E-06  0.6682   0.0000E+00  0.0000   0.0000E+00  0.0000   0.0000E+00  0.0000
   1.7783E-08   3.1623E-08   4.3228E-05  0.4315   0.0000E+00  0.0000   0.0000E+00  0.0000   0.0000E+00  0.0000
   3.1623E-08   5.6234E-08   2.1649E-04  0.3021   0.0000E+00  0.0000   0.0000E+00  0.0000   0.0000E+00  0.0000
   5.6234E-08   1.0000E-07   8.0245E-05  0.4055   0.0000E+00  0.0000   0.0000E+00  0.0000   0.0000E+00  0.0000
   1.0000E-07   1.7783E-07   3.7254E-05  0.5142   0.0000E+00  0.0000   0.0000E+00  0.0000   0.0000E+00  0.0000
   1.7783E-07   3.1623E-07   7.2673E-05  0.5950   0.0000E+00  0.0000   0.0000E+00  0.0000   0.0000E+00  0.0000
   3.1623E-07   5.6234E-07   5.0835E-05  0.7001   0.0000E+00  0.0000   0.0000E+00  0.0000   0.0000E+00  0.0000
   5.6234E-07   1.0000E-06   0.0000E+00  0.0000   0.0000E+00  0.0000   0.0000E+00  0.0000   0.0000E+00  0.0000
   1.0000E-06   1.7783E-06   0.0000E+00  0.0000   0.0000E+00  0.0000   0.0000E+00  0.0000   0.0000E+00  0.0000
   1.7783E-06   3.1623E-06   9.5175E-07  1.0000   0.0000E+00  0.0000   0.0000E+00  0.0000   0.0000E+00  0.0000
   3.1623E-06   5.6234E-06   1.7056E-05  0.9652   0.0000E+00  0.0000   0.0000E+00  0.0000   0.0000E+00  0.0000
   5.6234E-06   1.0000E-05   2.5976E-05  0.7133   0.0000E+00  0.0000   0.0000E+00  0.0000   0.0000E+00  0.0000
   1.0000E-05   1.7783E-05   1.5200E-05  0.8755   0.0000E+00  0.0000   0.0000E+00  0.0000   0.0000E+00  0.0000
   1.7783E-05   3.1623E-05   6.8955E-06  0.9182   0.0000E+00  0.0000   0.0000E+00  0.0000   0.0000E+00  0.0000
   3.1623E-05   5.6234E-05   1.4606E-05  0.8860   0.0000E+00  0.0000   0.0000E+00  0.0000   0.0000E+00  0.0000
   5.6234E-05   1.0000E-04   4.4978E-05  1.0000   0.0000E+00  0.0000   0.0000E+00  0.0000   0.0000E+00  0.0000
   1.0000E-04   1.7783E-04   1.2817E-05  0.9823   0.0000E+00  0.0000   0.0000E+00  0.0000   0.0000E+00  0.0000
   1.7783E-04   3.1623E-04   2.6657E-05  0.7076   0.0000E+00  0.0000   0.0000E+00  0.0000   0.0000E+00  0.0000
   3.1623E-04   5.6234E-04   2.5324E-05  0.8415   0.0000E+00  0.0000   0.0000E+00  0.0000   0.0000E+00  0.0000
   5.6234E-04   1.0000E-03   2.7344E-05  1.0000   0.0000E+00  0.0000   0.0000E+00  0.0000   0.0000E+00  0.0000
   1.0000E-03   1.7783E-03   3.1902E-07  1.0000   0.0000E+00  0.0000   0.0000E+00  0.0000   3.2801E-10  0.7795
   1.7783E-03   3.1623E-03   0.0000E+00  0.0000   0.0000E+00  0.0000   0.0000E+00  0.0000   4.7069E-10  0.7795
   3.1623E-03   5.6234E-03   4.1413E-05  0.6902   0.0000E+00  0.0000   0.0000E+00  0.0000   6.6598E-10  0.7795
   5.6234E-03   1.0000E-02   2.7730E-06  0.7086   0.0000E+00  0.0000   0.0000E+00  0.0000   9.3160E-10  0.7795
   1.0000E-02   1.7783E-02   2.3496E-05  0.6522   0.0000E+00  0.0000   0.0000E+00  0.0000   1.2929E-09  0.7795
   1.7783E-02   3.1623E-02   8.1107E-05  0.4101   0.0000E+00  0.0000   0.0000E+00  0.0000   1.8037E-09  0.7795
   3.1623E-02   5.6234E-02   1.0294E-05  0.9846   0.0000E+00  0.0000   0.0000E+00  0.0000   2.7602E-09  0.7795
   5.6234E-02   1.0000E-01   9.0949E-05  0.4635   0.0000E+00  0.0000   0.0000E+00  0.0000   4.4763E-09  0.7795
   1.0000E-01   1.7783E-01   1.2334E-04  0.5350   0.0000E+00  0.0000   0.0000E+00  0.0000   7.9271E-09  0.7795
   1.7783E-01   3.1623E-01   1.4999E-04  0.3991   0.0000E+00  0.0000   0.0000E+00  0.0000   1.6284E-08  0.7795
   3.1623E-01   5.6234E-01   6.5193E-05  0.4385   0.0000E+00  0.0000   0.0000E+00  0.0000   3.9187E-08  0.7795
   5.6234E-01   1.0000E+00   3.0006E-04  0.2708   0.0000E+00  0.0000   0.0000E+00  0.0000   1.0184E-07  0.7795
   1.0000E+00   1.7783E+00   2.8509E-04  0.2478   0.0000E+00  0.0000   0.0000E+00  0.0000   2.6727E-07  0.7795
   1.7783E+00   3.1623E+00   4.2054E-04  0.2620   0.0000E+00  0.0000   0.0000E+00  0.0000   7.0931E-07  0.7795
   3.1623E+00   5.6234E+00   4.2145E-04  0.2460   0.0000E+00  0.0000   0.0000E+00  0.0000   5.4962E-07  0.4467
   5.6234E+00   1.0000E+01   2.3755E-04  0.3109   0.0000E+00  0.0000   0.0000E+00  0.0000   9.6510E-07  0.5527
   1.0000E+01   1.7783E+01   1.5469E-04  0.3905   0.0000E+00  0.0000   0.0000E+00  0.0000   9.5666E-07  0.9161
   1.7783E+01   3.1623E+01   1.8516E-04  0.3720   0.0000E+00  0.0000   0.0000E+00  0.0000   5.4194E-06  0.4228
   3.1623E+01   5.6234E+01   3.5195E-04  0.2306   0.0000E+00  0.0000   0.0000E+00  0.0000   9.6376E-06  0.3318
   5.6234E+01   1.0000E+02   3.4388E-04  0.2584   0.0000E+00  0.0000   0.0000E+00  0.0000   3.4598E-05  0.3823
   1.0000E+02   1.7783E+02   5.0388E-04  0.1710   0.0000E+00  0.0000   4.1741E-07  1.0000   3.5917E-05  0.1785
   1.7783E+02   3.1623E+02   3.3265E-04  0.2136   0.0000E+00  0.0000   0.0000E+00  0.0000   3.9121E-05  0.1702
   3.1623E+02   5.6234E+02   1.0069E-04  0.3557   0.0000E+00  0.0000   0.0000E+00  0.0000   2.7409E-05  0.1991
   5.6234E+02   1.0000E+03   2.4100E-05  0.6733   0.0000E+00  0.0000   0.0000E+00  0.0000   3.0671E-05  0.1726
   1.0000E+03   1.7783E+03   0.0000E+00  0.0000   0.0000E+00  0.0000   0.0000E+00  0.0000   1.7954E-05  0.2296
   1.7783E+03   3.1623E+03   0.0000E+00  0.0000   0.0000E+00  0.0000   0.0000E+00  0.0000   1.2016E-05  0.2791
   3.1623E+03   5.6234E+03   0.0000E+00  0.0000   0.0000E+00  0.0000   0.0000E+00  0.0000   3.2572E-06  0.5045
   5.6234E+03   1.0000E+04   0.0000E+00  0.0000   0.0000E+00  0.0000   0.0000E+00  0.0000   2.6238E-06  0.5773
   1.0000E+04   1.7783E+04   0.0000E+00  0.0000   0.0000E+00  0.0000   0.0000E+00  0.0000   8.5125E-07  1.0000
   1.7783E+04   3.1623E+04   0.0000E+00  0.0000   0.0000E+00  0.0000   0.0000E+00  0.0000   9.3411E-07  1.0000
   3.1623E+04   5.6234E+04   0.0000E+00  0.0000   0.0000E+00  0.0000   0.0000E+00  0.0000   0.0000E+00  0.0000
   5.6234E+04   1.0000E+05   0.0000E+00  0.0000   0.0000E+00  0.0000   0.0000E+00  0.0000   0.0000E+00  0.0000

#   sum over                 4.9852E-03  0.0799   0.0000E+00  0.0000   4.1741E-07  1.0000   2.2403E-04  0.0838

'no. =  1,  reg  =    111'
msuc: {\huge Flux spectrum in open air above ground}
msdr: {\it plotted by \ANGEL \version}
msdl: {\it calculated by \PHITS  3.36}
wt: s(0.7)
\vspace{-3}
   vol  &=&   5.1200E+08 [cm^3]
e:
 
# Information for Restart Calculation
# This calculation was newly started
# istdev =  2 # 1:Batch variance, 2:History variance
# resc2  = 6.41467710150142589E-02 # Total source weight or Total source weight / maxcas
# resc3  = 1.70000000000000000E+03 # Total history number or Total batch number
# maxcas =        1700 # History / Batch, only used for istdev=1
# bitrseed = 1001001011111000001100110110000001010110000111111010011010100000 # bit data of rseed
