           _________________________________________________________
          |                                                         |
          |       _/_/_/_/                                          |
          |      _/      _/                  _/_/_/_/_/_/           |
          |     _/      _/  _/      _/   _/      _/      _/_/_/_/_/ |
          |    _/_/_/_/    _/      _/   _/      _/      _/          |
          |   _/          _/_/_/_/_/   _/      _/       _/_/_/_/    |
          |  _/          _/      _/   _/      _/              _/    |
          | _/          _/      _/   _/      _/      _/_/_/_/_/     |
          |                                                         |
          |                                                         |
          |       Particle and Heavy Ion Transport code System      |
          |                      Version =  3.360                   |
          |                       developed by                      |
          |                                                         |
          |  Tatsuhiko SATO, Yosuke IWAMOTO, Shintaro HASHIMOTO,    |
          |    Tatsuhiko OGAWA, Takuya FURUTA, Shinichiro ABE,      |
          |    Takeshi KAI, Norihiro MATSUDA, Yusuke MATSUYA,       |
          |      Yuho HIRATA, Takuya SEKIKAWA, Seiki Ohnish,        |
          |                     Yao LAN (JAEA),                     |
          |  Hiroshi IWASE, Yasuhito SAKAKI, Kenta SUGIHARA (KEK),  |
          |           Nobuhiro SHIGYO (Kyushu University),          |
          |     Hunter RATLIFF (Haukeland University Hospital),     |
          |  Lembit SIHVER (University of Texas Rio Grande Valley), |
          |                  and Koji NIITA (RIST)                  |
          |                                                         |
          |                 Last Revised  2026-03-24                |
          |_________________________________________________________|

                        Starting Date = 2026-09-30
                        Starting Time = 08h 01m 17

>>> Input Echo >>>=============================================================

[ Title ]
Semi-infinite concrete, cosmic neutron + proton (seed 54)

[ Parameters ]
 icntl    =           0     # (D=0) 3:ECH 5:NOR 6:SRC 7,8:GSH 11:DSH 12:DUMP
 maxcas   =        1700     # (D=10) number of particles per one batch
 maxbch   =           1     # (D=10) number of batches
 rseed    =  5.4000000000000000E+001    # (D=0.0) 0:original, /=0:this value
 negs     =           1     # (D=-1) =-1:original, =0:No, =1:EGS, =2:EGS(HE)
 emin(12) =  5.00000000     # (D=1.e+9) cut-off energy of electron (MeV)
 emin(13) =  5.00000000     # (D=1.e+9) cut-off energy of positron (MeV)
 emin(14) =  5.00000000     # (D=1.0e-3) cut-off energy of photon (MeV)
 ipnint   =           1     # (D=0) 0: no, 1: consider photo-nuclear reaction
 imuint   =           1     # (D=1) 0: no, 1: muon interaction
 maxbnk   =      200000     # (D=10000) maximum bank memory length

[ Source ]
  totfact =  -26287.        # (D=1.0) global factor
$ totfact =  -26287.        # revised global factor by e-type = 25,26,28 or 29

 <Source> =  3.04287E-03    # weight of this sub-source
$<Source> =  3.04287E-03    # revised <source> by e-type=25,26,28 or 29
   s-type =   9             # spherical source
     proj =  neutron        # kind of incident particle         
       x0 =   0.0000        # (D=0.0) center position of x-axis [cm]
       y0 =   0.0000        # (D=0.0) center position of y-axis [cm]
       z0 =   0.0000        # (D=0.0) center position of z-axis [cm]
       r1 =   1600.0        # inner radius [cm]
       r2 =   1600.0        # outer radius [cm]
      dir =  iso            # inner direction with uniform dis. by analog
      ag1 =  -1.0000        # minimum zenith angle in cosine
      ag2 =   1.0000        # maximum zenith angle in cosine
      pg1 =   0.0000        # minimum azimuth angle in degree
      pg2 =   360.00        # maximum azimuth angle in degree
   e-type =  25             # Cosmic-ray source
      eg1 =  1.00000E-08    # minimum cutoff energy [MeV]
      eg2 =   10000.        # maximum cutoff energy [MeV]
       nm = -200            # number of energy mesh
                            # nm>0: lin, nm<0: log mesh and interpolation
#   e-type = 21             # energy distribution given by data
#      ne = -200            # number of energy bin
#  e-lower      fluence(/cm2/s/(MeV/n))
#  1.00000E-08  3.49620E+01
#  1.14815E-08  3.57466E+01
#  1.31826E-08  3.64882E+01
#  1.51356E-08  3.71749E+01
#  1.73780E-08  3.77933E+01
#  1.99526E-08  3.83289E+01
#  2.29087E-08  3.87658E+01
#  2.63027E-08  3.90872E+01
#  3.01995E-08  3.92762E+01
#  3.46737E-08  3.93159E+01
#  3.98107E-08  3.91904E+01
#  4.57088E-08  3.88860E+01
#  5.24807E-08  3.83918E+01
#  6.02560E-08  3.77011E+01
#  6.91831E-08  3.68122E+01
#  7.94328E-08  3.57292E+01
#  9.12011E-08  3.44623E+01
#  1.04713E-07  3.30273E+01
#  1.20226E-07  3.14463E+01
#  1.38038E-07  2.97460E+01
#  1.58489E-07  2.79565E+01
#  1.81970E-07  2.61091E+01
#  2.08930E-07  2.42355E+01
#  2.39883E-07  2.23659E+01
#  2.75423E-07  2.05274E+01
#  3.16228E-07  1.87438E+01
#  3.63078E-07  1.70343E+01
#  4.16869E-07  1.54136E+01
#  4.78630E-07  1.38923E+01
#  5.49541E-07  1.24768E+01
#  6.30957E-07  1.11700E+01
#  7.24436E-07  9.97192E+00
#  8.31764E-07  8.88027E+00
#  9.54993E-07  7.89091E+00
#  1.09648E-06  6.99848E+00
#  1.25893E-06  6.19676E+00
#  1.44544E-06  5.47908E+00
#  1.65959E-06  4.83859E+00
#  1.90546E-06  4.26849E+00
#  2.18776E-06  3.76218E+00
#  2.51189E-06  3.31338E+00
#  2.88403E-06  2.91621E+00
#  3.31131E-06  2.56523E+00
#  3.80189E-06  2.25543E+00
#  4.36516E-06  1.98226E+00
#  5.01187E-06  1.74159E+00
#  5.75440E-06  1.52971E+00
#  6.60693E-06  1.34330E+00
#  7.58578E-06  1.17939E+00
#  8.70964E-06  1.03532E+00
#  1.00000E-05  9.08741E-01
#  1.14815E-05  7.97571E-01
#  1.31826E-05  6.99960E-01
#  1.51356E-05  6.14275E-01
#  1.73780E-05  5.39074E-01
#  1.99526E-05  4.73085E-01
#  2.29087E-05  4.15188E-01
#  2.63027E-05  3.64397E-01
#  3.01995E-05  3.19843E-01
#  3.46737E-05  2.80764E-01
#  3.98107E-05  2.46487E-01
#  4.57088E-05  2.16425E-01
#  5.24807E-05  1.90059E-01
#  6.02560E-05  1.66936E-01
#  6.91831E-05  1.46655E-01
#  7.94328E-05  1.28866E-01
#  9.12011E-05  1.13264E-01
#  1.04713E-04  9.95786E-02
#  1.20226E-04  8.75730E-02
#  1.38038E-04  7.70406E-02
#  1.58489E-04  6.77995E-02
#  1.81970E-04  5.96905E-02
#  2.08930E-04  5.25741E-02
#  2.39883E-04  4.63277E-02
#  2.75423E-04  4.08443E-02
#  3.16228E-04  3.60297E-02
#  3.63078E-04  3.18015E-02
#  4.16869E-04  2.80875E-02
#  4.78630E-04  2.48245E-02
#  5.49541E-04  2.19570E-02
#  6.30957E-04  1.94363E-02
#  7.24436E-04  1.72199E-02
#  8.31764E-04  1.52705E-02
#  9.54993E-04  1.35553E-02
#  1.09648E-03  1.20458E-02
#  1.25893E-03  1.07167E-02
#  1.44544E-03  9.54611E-03
#  1.65959E-03  8.51471E-03
#  1.90546E-03  7.60559E-03
#  2.18776E-03  6.80392E-03
#  2.51189E-03  6.09671E-03
#  2.88403E-03  5.47254E-03
#  3.31131E-03  4.92139E-03
#  3.80189E-03  4.43444E-03
#  4.36516E-03  4.00393E-03
#  5.01187E-03  3.62299E-03
#  5.75440E-03  3.28554E-03
#  6.60693E-03  2.98614E-03
#  7.58578E-03  2.71993E-03
#  8.70964E-03  2.48254E-03
#  1.00000E-02  2.26997E-03
#  1.14815E-02  2.07861E-03
#  1.31826E-02  1.90514E-03
#  1.51356E-02  1.74657E-03
#  1.73780E-02  1.60028E-03
#  1.99526E-02  1.46407E-03
#  2.29087E-02  1.33629E-03
#  2.63027E-02  1.21605E-03
#  3.01995E-02  1.10334E-03
#  3.46737E-02  9.99037E-04
#  3.98107E-02  9.04641E-04
#  4.57088E-02  8.21654E-04
#  5.24807E-02  7.50906E-04
#  6.02560E-02  6.92121E-04
#  6.91831E-02  6.43944E-04
#  7.94328E-02  6.04290E-04
#  9.12011E-02  5.70774E-04
#  1.04713E-01  5.41139E-04
#  1.20226E-01  5.13651E-04
#  1.38038E-01  4.87313E-04
#  1.58489E-01  4.61774E-04
#  1.81970E-01  4.37059E-04
#  2.08930E-01  4.13321E-04
#  2.39883E-01  3.90699E-04
#  2.75423E-01  3.69279E-04
#  3.16228E-01  3.49086E-04
#  3.63078E-01  3.30101E-04
#  4.16869E-01  3.12269E-04
#  4.78630E-01  2.95504E-04
#  5.49541E-01  2.79694E-04
#  6.30957E-01  2.64703E-04
#  7.24436E-01  2.50376E-04
#  8.31764E-01  2.36599E-04
#  9.54993E-01  2.23627E-04
#  1.09648E+00  2.13062E-04
#  1.25893E+00  2.04634E-04
#  1.44544E+00  1.92198E-04
#  1.65959E+00  1.76677E-04
#  1.90546E+00  1.59923E-04
#  2.18776E+00  1.42431E-04
#  2.51189E+00  1.24556E-04
#  2.88403E+00  1.06802E-04
#  3.31131E+00  8.97864E-05
#  3.80189E+00  7.41294E-05
#  4.36516E+00  6.03336E-05
#  5.01187E+00  4.87123E-05
#  5.75440E+00  3.94001E-05
#  6.60693E+00  3.23154E-05
#  7.58578E+00  2.70044E-05
#  8.70964E+00  2.29875E-05
#  1.00000E+01  1.98093E-05
#  1.14815E+01  1.71575E-05
#  1.31826E+01  1.49135E-05
#  1.51356E+01  1.30622E-05
#  1.73780E+01  1.16602E-05
#  1.99526E+01  1.07901E-05
#  2.29087E+01  1.01024E-05
#  2.63027E+01  9.51191E-06
#  3.01995E+01  9.13037E-06
#  3.46737E+01  8.95063E-06
#  3.98107E+01  8.92108E-06
#  4.57088E+01  8.97132E-06
#  5.24807E+01  9.02085E-06
#  6.02560E+01  8.96021E-06
#  6.91831E+01  8.73584E-06
#  7.94328E+01  8.34657E-06
#  9.12011E+01  7.78559E-06
#  1.04713E+02  7.07405E-06
#  1.20226E+02  6.25148E-06
#  1.38038E+02  5.36563E-06
#  1.58489E+02  4.46571E-06
#  1.81970E+02  3.60295E-06
#  2.08930E+02  2.82061E-06
#  2.39883E+02  2.14307E-06
#  2.75423E+02  1.57962E-06
#  3.16228E+02  1.12978E-06
#  3.63078E+02  7.86078E-07
#  4.16869E+02  5.33796E-07
#  4.78630E+02  3.56056E-07
#  5.49541E+02  2.35094E-07
#  6.30957E+02  1.54353E-07
#  7.24436E+02  1.02056E-07
#  8.31764E+02  6.84822E-08
#  9.54993E+02  4.68362E-08
#  1.09648E+03  3.26674E-08
#  1.25893E+03  2.31832E-08
#  1.44544E+03  1.66759E-08
#  1.65959E+03  1.21089E-08
#  1.90546E+03  8.84585E-09
#  2.18776E+03  6.48481E-09
#  2.51189E+03  4.76278E-09
#  2.88403E+03  3.50105E-09
#  3.31131E+03  2.57441E-09
#  3.80189E+03  1.89315E-09
#  4.36516E+03  1.39212E-09
#  5.01187E+03  1.02363E-09
#  5.75440E+03  7.52651E-10
#  6.60693E+03  5.53395E-10
#  7.58578E+03  4.06893E-10
#  8.70964E+03  2.99184E-10
    icenv =   5             # 0>: Terrestiral GCR, D=0: Free-space GCR, <0:Free-space SEP
 solarmod =   100.00        # Solar activity W-index
    rigid =   10.924        # Cut-off rigidity in GV
  depatom =   1029.6        # Atmospheric depth in g/cm2
  environ =  0.15000        # Surrounding environment (icenv=2-4) or SPE index (icenv=-1)

 <Source> =  2.25616E-04    # weight of this sub-source
$<Source> =  2.25616E-04    # revised <source> by e-type=25,26,28 or 29
   s-type =   9             # spherical source
     proj =  proton         # kind of incident particle         
       x0 =   0.0000        # (D=0.0) center position of x-axis [cm]
       y0 =   0.0000        # (D=0.0) center position of y-axis [cm]
       z0 =   0.0000        # (D=0.0) center position of z-axis [cm]
       r1 =   1600.0        # inner radius [cm]
       r2 =   1600.0        # outer radius [cm]
      dir =  iso            # inner direction with uniform dis. by analog
      ag1 =  -1.0000        # minimum zenith angle in cosine
      ag2 =   1.0000        # maximum zenith angle in cosine
      pg1 =   0.0000        # minimum azimuth angle in degree
      pg2 =   360.00        # maximum azimuth angle in degree
   e-type =  25             # Cosmic-ray source
      eg1 =  1.00000E-02    # minimum cutoff energy [MeV]
      eg2 =  1.00000E+06    # maximum cutoff energy [MeV]
       nm = -200            # number of energy mesh
                            # nm>0: lin, nm<0: log mesh and interpolation
#   e-type = 21             # energy distribution given by data
#      ne = -200            # number of energy bin
#  e-lower      fluence(/cm2/s/(MeV/n))
#  1.00000E-02  1.74445E-07
#  1.09648E-02  1.70007E-07
#  1.20226E-02  1.65714E-07
#  1.31826E-02  1.61567E-07
#  1.44544E-02  1.57562E-07
#  1.58489E-02  1.53699E-07
#  1.73780E-02  1.49977E-07
#  1.90546E-02  1.46395E-07
#  2.08930E-02  1.42952E-07
#  2.29087E-02  1.39649E-07
#  2.51189E-02  1.36484E-07
#  2.75423E-02  1.33459E-07
#  3.01995E-02  1.30574E-07
#  3.31131E-02  1.27830E-07
#  3.63078E-02  1.25228E-07
#  3.98107E-02  1.22770E-07
#  4.36516E-02  1.20458E-07
#  4.78630E-02  1.18295E-07
#  5.24807E-02  1.16283E-07
#  5.75440E-02  1.14425E-07
#  6.30957E-02  1.12726E-07
#  6.91831E-02  1.11189E-07
#  7.58578E-02  1.09819E-07
#  8.31764E-02  1.08621E-07
#  9.12011E-02  1.07601E-07
#  1.00000E-01  1.06766E-07
#  1.09648E-01  1.06121E-07
#  1.20226E-01  1.05675E-07
#  1.31826E-01  1.05435E-07
#  1.44544E-01  1.05411E-07
#  1.58489E-01  1.05611E-07
#  1.73780E-01  1.06045E-07
#  1.90546E-01  1.06724E-07
#  2.08930E-01  1.07659E-07
#  2.29087E-01  1.08862E-07
#  2.51189E-01  1.10345E-07
#  2.75423E-01  1.12121E-07
#  3.01995E-01  1.14203E-07
#  3.31131E-01  1.16606E-07
#  3.63078E-01  1.19343E-07
#  3.98107E-01  1.22431E-07
#  4.36516E-01  1.25883E-07
#  4.78630E-01  1.29714E-07
#  5.24807E-01  1.33941E-07
#  5.75440E-01  1.38578E-07
#  6.30957E-01  1.43639E-07
#  6.91831E-01  1.49140E-07
#  7.58578E-01  1.55094E-07
#  8.31764E-01  1.61514E-07
#  9.12011E-01  1.68412E-07
#  1.00000E+00  1.75798E-07
#  1.09648E+00  1.83680E-07
#  1.20226E+00  1.92067E-07
#  1.31826E+00  2.00962E-07
#  1.44544E+00  2.10369E-07
#  1.58489E+00  2.20286E-07
#  1.73780E+00  2.30712E-07
#  1.90546E+00  2.41638E-07
#  2.08930E+00  2.53056E-07
#  2.29087E+00  2.64953E-07
#  2.51189E+00  2.77311E-07
#  2.75423E+00  2.90110E-07
#  3.01995E+00  3.03325E-07
#  3.31131E+00  3.16929E-07
#  3.63078E+00  3.30889E-07
#  3.98107E+00  3.45170E-07
#  4.36516E+00  3.59733E-07
#  4.78630E+00  3.74537E-07
#  5.24807E+00  3.89536E-07
#  5.75440E+00  4.04684E-07
#  6.30957E+00  4.19931E-07
#  6.91831E+00  4.35225E-07
#  7.58578E+00  4.50513E-07
#  8.31764E+00  4.65740E-07
#  9.12011E+00  4.80850E-07
#  1.00000E+01  4.95785E-07
#  1.09648E+01  5.10488E-07
#  1.20226E+01  5.24896E-07
#  1.31826E+01  5.38950E-07
#  1.44544E+01  5.52584E-07
#  1.58489E+01  5.65731E-07
#  1.73780E+01  5.78321E-07
#  1.90546E+01  5.90280E-07
#  2.08930E+01  6.01525E-07
#  2.29087E+01  6.11970E-07
#  2.51189E+01  6.21517E-07
#  2.75423E+01  6.30061E-07
#  3.01995E+01  6.37485E-07
#  3.31131E+01  6.43659E-07
#  3.63078E+01  6.48438E-07
#  3.98107E+01  6.51667E-07
#  4.36516E+01  6.53175E-07
#  4.78630E+01  6.52780E-07
#  5.24807E+01  6.50293E-07
#  5.75440E+01  6.45521E-07
#  6.30957E+01  6.38278E-07
#  6.91831E+01  6.28392E-07
#  7.58578E+01  6.15720E-07
#  8.31764E+01  6.00166E-07
#  9.12011E+01  5.81689E-07
#  1.00000E+02  5.60327E-07
#  1.09648E+02  5.36208E-07
#  1.20226E+02  5.09556E-07
#  1.31826E+02  4.80695E-07
#  1.44544E+02  4.50044E-07
#  1.58489E+02  4.18094E-07
#  1.73780E+02  3.85389E-07
#  1.90546E+02  3.52494E-07
#  2.08930E+02  3.19961E-07
#  2.29087E+02  2.88302E-07
#  2.51189E+02  2.57960E-07
#  2.75423E+02  2.29291E-07
#  3.01995E+02  2.02559E-07
#  3.31131E+02  1.77936E-07
#  3.63078E+02  1.55504E-07
#  3.98107E+02  1.35270E-07
#  4.36516E+02  1.17180E-07
#  4.78630E+02  1.01135E-07
#  5.24807E+02  8.70012E-08
#  5.75440E+02  7.46270E-08
#  6.30957E+02  6.38503E-08
#  6.91831E+02  5.45079E-08
#  7.58578E+02  4.64406E-08
#  8.31764E+02  3.94979E-08
#  9.12011E+02  3.35402E-08
#  1.00000E+03  2.84400E-08
#  1.09648E+03  2.40826E-08
#  1.20226E+03  2.03659E-08
#  1.31826E+03  1.71995E-08
#  1.44544E+03  1.45043E-08
#  1.58489E+03  1.22112E-08
#  1.73780E+03  1.02601E-08
#  1.90546E+03  8.59897E-09
#  2.08930E+03  7.18310E-09
#  2.29087E+03  5.97431E-09
#  2.51189E+03  4.94105E-09
#  2.75423E+03  4.05954E-09
#  3.01995E+03  3.31712E-09
#  3.31131E+03  2.71885E-09
#  3.63078E+03  2.29191E-09
#  3.98107E+03  2.05693E-09
#  4.36516E+03  1.93472E-09
#  4.78630E+03  1.76113E-09
#  5.24807E+03  1.50535E-09
#  5.75440E+03  1.24906E-09
#  6.30957E+03  1.03726E-09
#  6.91831E+03  8.69494E-10
#  7.58578E+03  7.33508E-10
#  8.31764E+03  6.19663E-10
#  9.12011E+03  5.22438E-10
#  1.00000E+04  4.38039E-10
#  1.09648E+04  3.65113E-10
#  1.20226E+04  3.03063E-10
#  1.31826E+04  2.50526E-10
#  1.44544E+04  2.06278E-10
#  1.58489E+04  1.69202E-10
#  1.73780E+04  1.38291E-10
#  1.90546E+04  1.12641E-10
#  2.08930E+04  9.14509E-11
#  2.29087E+04  7.40204E-11
#  2.51189E+04  5.97395E-11
#  2.75423E+04  4.80831E-11
#  3.01995E+04  3.86025E-11
#  3.31131E+04  3.09172E-11
#  3.63078E+04  2.47066E-11
#  3.98107E+04  1.97023E-11
#  4.36516E+04  1.56810E-11
#  4.78630E+04  1.24578E-11
#  5.24807E+04  9.88035E-12
#  5.75440E+04  7.82383E-12
#  6.30957E+04  6.18630E-12
#  6.91831E+04  4.88487E-12
#  7.58578E+04  3.85238E-12
#  8.31764E+04  3.03457E-12
#  9.12011E+04  2.38780E-12
#  1.00000E+05  1.87732E-12
#  1.09648E+05  1.47480E-12
#  1.20226E+05  1.15755E-12
#  1.31826E+05  9.07787E-13
#  1.44544E+05  7.11374E-13
#  1.58489E+05  5.57066E-13
#  1.73780E+05  4.35948E-13
#  1.90546E+05  3.40960E-13
#  2.08930E+05  2.66524E-13
#  2.29087E+05  2.08233E-13
#  2.51189E+05  1.62616E-13
#  2.75423E+05  1.26938E-13
#  3.01995E+05  9.90497E-14
#  3.31131E+05  7.72606E-14
#  3.63078E+05  6.02450E-14
#  3.98107E+05  4.69627E-14
#  4.36516E+05  3.65987E-14
#  4.78630E+05  2.85146E-14
#  5.24807E+05  2.22111E-14
#  5.75440E+05  1.72973E-14
#  6.30957E+05  1.34680E-14
#  6.91831E+05  1.04845E-14
#  7.58578E+05  8.16066E-15
#  8.31764E+05  6.35091E-15
#  9.12011E+05  4.94182E-15
    icenv =   5             # 0>: Terrestiral GCR, D=0: Free-space GCR, <0:Free-space SEP
 solarmod =   100.00        # Solar activity W-index
    rigid =   10.924        # Cut-off rigidity in GV
  depatom =   1029.6        # Atmospheric depth in g/cm2
  environ =  0.15000        # Surrounding environment (icenv=2-4) or SPE index (icenv=-1)

[ Material ]
MAT[ 1 ] 
           N         -7.5530000E-01
           O         -2.3180000E-01
           Ar        -1.2900000E-02
MAT[ 2 ] 
           H         -1.0000000E-02
           C         -1.0000000E-03
           O         -5.2900000E-01
           Na        -1.6000000E-02
           Mg        -2.0000000E-03
           Al        -3.4000000E-02
           Si        -3.3700000E-01
           K         -1.3000000E-02
           Ca        -4.4000000E-02
           Fe        -1.4000000E-02

[ Cell ]
 100         1 -1.2050000E-03  -10 20 50 
 111         1 -1.2050000E-03  -50 
 201         2 -2.3000000E+00  -10 -20 21 
 202         2 -2.3000000E+00  -10 -21 22 
 203         2 -2.3000000E+00  -10 -22 23 
 204         2 -2.3000000E+00  -10 -23 24 
 205         2 -2.3000000E+00  -10 -24 25 
 206         2 -2.3000000E+00  -10 -25 26 
 207         2 -2.3000000E+00  -10 -26 27 
 208         2 -2.3000000E+00  -10 -27 28 
 209         2 -2.3000000E+00  -10 -28 29 
 210         2 -2.3000000E+00  -10 -29 30 
 211         2 -2.3000000E+00  -10 -30 31 
 212         2 -2.3000000E+00  -10 -31 32 
 213         2 -2.3000000E+00  -10 -32 33 
 214         2 -2.3000000E+00  -10 -33 34 
 215         2 -2.3000000E+00  -10 -34 35 
 216         2 -2.3000000E+00  -10 -35 36 
 217         2 -2.3000000E+00  -10 -36 37 
 218         2 -2.3000000E+00  -10 -37 38 
 219         2 -2.3000000E+00  -10 -38 
 900         0                 10 -12 20 
 901         0                 10 -13 -20 
 902         0                 13 -12 -20 
 999        -1                 12 

[ Surface ]
 10            so    1.5000000E+03
 12            so    2.2000000E+03
 13            so    1.5500000E+03
 20            pz    0.0000000E+00
 21            pz   -5.0000000E+01
 22            pz   -1.0000000E+02
 23            pz   -1.5000000E+02
 24            pz   -2.0000000E+02
 25            pz   -2.5000000E+02
 26            pz   -3.0000000E+02
 27            pz   -3.5000000E+02
 28            pz   -4.0000000E+02
 29            pz   -4.5000000E+02
 30            pz   -5.0000000E+02
 31            pz   -5.5000000E+02
 32            pz   -6.0000000E+02
 33            pz   -6.5000000E+02
 34            pz   -7.0000000E+02
 35            pz   -7.5000000E+02
 36            pz   -8.0000000E+02
 37            pz   -8.5000000E+02
 38            pz   -9.0000000E+02
 50            rpp  -8.0000000E+02  8.0000000E+02 -8.0000000E+02
                     8.0000000E+02  5.0000000E+01  2.5000000E+02

[ Volume ]
    reg        vol
    111     5.1200000E+08

[ Importance ]
   part = neutron  proton  
   reg       imp
   201     2.0000000E+00 
   202     4.0000000E+00 
   203     8.0000000E+00 
   204     1.6000000E+01 
   205     3.2000000E+01 
   206     6.4000000E+01 
   207     1.2800000E+02 
   208     2.5600000E+02 
   209     5.1200000E+02 
   210     1.0240000E+03 
   211     2.0480000E+03 
   212     4.0960000E+03 
   213     8.1920000E+03 
   214     1.6384000E+04 
   215     3.2768000E+04 
   216     6.5536000E+04 
   217     1.3107200E+05 
   218     2.6214400E+05 
   219     2.6214400E+05 
   901     0.0000000E+00 

[ Mat Name Color ]
   mat        name     size           color   # HSB color value
     0        void     1.00       lightgray   # { -0.800  1.000  1.000 }
     1         Air     1.00     yellowgreen   # {  0.700  1.000  1.000 }
     2    Concrete     1.00       lightgray   # { -0.800  1.000  1.000 }

[ T-Track ]
    title = Flux spectrum in open air above ground
     mesh =  reg            # mesh type is region-wise
      reg = 111
   e-type =    3            # e-mesh is log given by emin, emax and ne
     emin =  1.0000000E-10  # minimum value of e-mesh points
     emax =   100000.0      # maximum value of e-mesh points
#    edel =  0.5756463      # mesh width of e-mesh points
       ne =     60          # number of e-mesh points
#    data = ( e(i), i = 1, ne + 1 )
#           1.00000E-10  1.77828E-10  3.16228E-10  5.62341E-10  1.00000E-09
#           1.77828E-09  3.16228E-09  5.62341E-09  1.00000E-08  1.77828E-08
#           3.16228E-08  5.62341E-08  1.00000E-07  1.77828E-07  3.16228E-07
#           5.62341E-07  1.00000E-06  1.77828E-06  3.16228E-06  5.62341E-06
#           1.00000E-05  1.77828E-05  3.16228E-05  5.62341E-05  1.00000E-04
#           1.77828E-04  3.16228E-04  5.62341E-04  1.00000E-03  1.77828E-03
#           3.16228E-03  5.62341E-03  1.00000E-02  1.77828E-02  3.16228E-02
#           5.62341E-02  1.00000E-01  1.77828E-01  3.16228E-01  5.62341E-01
#           1.00000E+00  1.77828E+00  3.16228E+00  5.62341E+00  1.00000E+01
#           1.77828E+01  3.16228E+01  5.62341E+01  1.00000E+02  1.77828E+02
#           3.16228E+02  5.62341E+02  1.00000E+03  1.77828E+03  3.16228E+03
#           5.62341E+03  1.00000E+04  1.77828E+04  3.16228E+04  5.62341E+04
#           1.00000E+05
     unit =    1            # unit is [1/cm^2/source]
 material =  all            # (D=all) number of specific material
     axis =     eng            # axis of output
     file = air_spec.out    # file name of output for the above axis
     part =  neutron    muon-      muon+      proton   
# kf/name :  2112       13         -13        2212     
#    used :        main (  %)        temp (  %)       total (  %)
#  memory :          67 (  0)           0 (  0)          67 (  0)

[ T-Track ]
    title = Flux spectra vs depth in concrete
     mesh =  xyz            # mesh type is xyz scoring mesh
   x-type =    2            # x-mesh is linear given by xmin, xmax and nx
     xmin =  -600.0000      # minimum value of x-mesh points
     xmax =   600.0000      # maximum value of x-mesh points
#    xdel =   1200.000      # mesh width of x-mesh points
       nx =      1          # number of x-mesh points
#    data = ( x(i), i = 1, nx + 1 )
#          -6.00000E+02  6.00000E+02
   y-type =    2            # y-mesh is linear given by ymin, ymax and ny
     ymin =  -600.0000      # minimum value of y-mesh points
     ymax =   600.0000      # maximum value of y-mesh points
#    ydel =   1200.000      # mesh width of y-mesh points
       ny =      1          # number of y-mesh points
#    data = ( y(i), i = 1, ny + 1 )
#          -6.00000E+02  6.00000E+02
   z-type =    2            # z-mesh is linear given by zmin, zmax and nz
     zmin =  -700.0000      # minimum value of z-mesh points
     zmax =   0.000000      # maximum value of z-mesh points
#    zdel =   20.00000      # mesh width of z-mesh points
       nz =     35          # number of z-mesh points
#    data = ( z(i), i = 1, nz + 1 )
#          -7.00000E+02 -6.80000E+02 -6.60000E+02 -6.40000E+02 -6.20000E+02
#          -6.00000E+02 -5.80000E+02 -5.60000E+02 -5.40000E+02 -5.20000E+02
#          -5.00000E+02 -4.80000E+02 -4.60000E+02 -4.40000E+02 -4.20000E+02
#          -4.00000E+02 -3.80000E+02 -3.60000E+02 -3.40000E+02 -3.20000E+02
#          -3.00000E+02 -2.80000E+02 -2.60000E+02 -2.40000E+02 -2.20000E+02
#          -2.00000E+02 -1.80000E+02 -1.60000E+02 -1.40000E+02 -1.20000E+02
#          -1.00000E+02 -8.00000E+01 -6.00000E+01 -4.00000E+01 -2.00000E+01
#           0.00000E+00
   e-type =    3            # e-mesh is log given by emin, emax and ne
     emin =  1.0000000E-10  # minimum value of e-mesh points
     emax =   100000.0      # maximum value of e-mesh points
#    edel =  0.5756463      # mesh width of e-mesh points
       ne =     60          # number of e-mesh points
#    data = ( e(i), i = 1, ne + 1 )
#           1.00000E-10  1.77828E-10  3.16228E-10  5.62341E-10  1.00000E-09
#           1.77828E-09  3.16228E-09  5.62341E-09  1.00000E-08  1.77828E-08
#           3.16228E-08  5.62341E-08  1.00000E-07  1.77828E-07  3.16228E-07
#           5.62341E-07  1.00000E-06  1.77828E-06  3.16228E-06  5.62341E-06
#           1.00000E-05  1.77828E-05  3.16228E-05  5.62341E-05  1.00000E-04
#           1.77828E-04  3.16228E-04  5.62341E-04  1.00000E-03  1.77828E-03
#           3.16228E-03  5.62341E-03  1.00000E-02  1.77828E-02  3.16228E-02
#           5.62341E-02  1.00000E-01  1.77828E-01  3.16228E-01  5.62341E-01
#           1.00000E+00  1.77828E+00  3.16228E+00  5.62341E+00  1.00000E+01
#           1.77828E+01  3.16228E+01  5.62341E+01  1.00000E+02  1.77828E+02
#           3.16228E+02  5.62341E+02  1.00000E+03  1.77828E+03  3.16228E+03
#           5.62341E+03  1.00000E+04  1.77828E+04  3.16228E+04  5.62341E+04
#           1.00000E+05
     unit =    1            # unit is [1/cm^2/source]
 material =  all            # (D=all) number of specific material
     axis =     eng            # axis of output
     file = depth_spec.out  # file name of output for the above axis
     part =  neutron    muon-      muon+      proton   
# kf/name :  2112       13         -13        2212     
#    used :        main (  %)        temp (  %)       total (  %)
#  memory :         105 (  0)           0 (  0)         105 (  0)

[END] of Input Echo <<<========================================================

<<< Report of real Geometry memory >>>
*           GG/CG memory =        2
*     total memory: mdas = 80000000
*                percent =     0.00 %

<<< Report of material memory for high energy>>>
*   high energy material =        1
*     total memory: mdas = 80000000
*                percent =     0.00 %

<<< Report of material memory for low energy>>>
*    low energy material =   165014
*     total memory: mdas = 80000000
*                percent =     0.21 %

<<< Report of real tally memory >>>
*      real tally memory =      172
*     total memory: mdas = 80000000
*                percent =     0.00 %

<<< Report of temporary tally memory >>>
* temporary tally memory =   165019
*     total memory: mdas = 80000000
*                percent =     0.21 %

<<< Report of total memory >>>
*      used total memory =   165020
*     total memory: mdas = 80000000
*                percent =     0.21 %
*                ---------------------

-------------------------------------------------------------------------------
bat[       1] ncas =           1700.
 bitrseed = 0100000001001011000000000000000000000000000000000000000000000000
          cpu time =   2 m. 36.36 s.

===============================================================================

 Summary for the end of job

-------------------------------------------------------------------------------
 number of analyz call vs ncol
-------------------------------------------------------------------------------
     ncol          number
        1              1.   : start of calculation            
        2              1.   : end of calculation              
        3              1.   : end of a batch                  
        4           1700.   : source                          
        5              0.   : detection of geometry error/warn
        6              0.   : recovery from geometry warning  
        7              0.   : termination by geometry error   
        8         174038.   : termination by weight cut-off   
        9              0.   : termination by time cut-off     
       10         338774.   : geometry boundary crossing      
       11         146045.   : termination by energy cut-off   
       12           2691.   : termination by escape or leakage
       13          35820.   : reaction : (n,x) type           
       14       17727470.   : reaction : (n,n'x) type         
       15          31399.   : sequential transport for tally  

-------------------------------------------------------------------------------
 List of transport particles (not including source)
-------------------------------------------------------------------------------
     Name      kf-code        mass       charge   baryon
     proton       2212        938.3         1       1
     neutron      2112        939.6         0       1
     pion+         211        139.6         1       0
     pion0         111        135.0         0       0
     pion-        -211        139.6        -1       0
     muon+         -13        105.7         1       0
     muon-          13        105.7        -1       0
     kaon+         321        493.6         1       0
     kaon0         311        497.7         0       0
     kaon-        -321        493.6        -1       0
     electron       11          0.5        -1       0
     positron      -11          0.5         1       0
     photon         22          0.0         0       0
     deuteron  1000002       1875.6         1       2
     triton    1000003       2808.9         1       3
     3he       2000003       2808.4         2       3
     alpha     2000004       3727.4         2       4

     nu_e           12          0.0         0       0
     nu_ebar       -12          0.0         0       0
     nu_mu          14          0.0         0       0
     nu_muba       -14          0.0         0       0
     eta           221        547.5         0       0
     eta'          331        957.8         0       0
     Kbar0        -311        497.7         0       0
     pbar-       -2212        938.3        -1      -1
     Lambda0      3122       1115.7         0       1
     Sigma+       3222       1189.4         1       1
     Sigma0       3212       1192.5         0       1
     Sigma-       3112       1197.4        -1       1
     Xi0          3322       1314.9         0       1
     K_L0          130        497.7         0       0

-------------------------------------------------------------------------------
 prod. particles       number        weight        weight per source
-------------------------------------------------------------------------------
     photon          3654400.     4.5766065E+03     7.1345860E+04
     neutron          226969.     5.4580626E+03     8.5087098E+04
     proton           107056.     2.1044989E+03     3.2807559E+04
     alpha             49054.     1.0448041E+03     1.6287711E+04
     deuteron          23397.     4.7926582E+02     7.4713944E+03
     positron           8818.     5.8139287E+02     9.0634784E+03
     triton             4384.     8.9186574E+01     1.3903517E+03
     3he                3649.     7.1501919E+01     1.1146612E+03
     pion0              3461.     5.7088787E+01     8.8997132E+02
     pion-              3025.     5.5197519E+01     8.6048789E+02
     pion+              2752.     4.6206291E+01     7.2032139E+02
     other              1376.     6.0480056E+01     9.4283867E+02
     muon+               375.     1.8125889E+01     2.8256899E+02
     kaon+                67.     1.5324274E+00     2.3889392E+01
     kaon0                63.     1.1728460E+00     1.8283789E+01
     kaon-                26.     6.4498256E-01     1.0054794E+01
     muon-                13.     1.0177067E+00     1.5865283E+01
     electron              6.     6.3805512E-01     9.9468002E+00

-------------------------------------------------------------------------------
 the other kind of produced particles
-------------------------------------------------------------------------------
     Name      kf-code        number     mass       charge   baryon
     nu_mu          14           383       0.0         0       0
     nu_muba       -14           380       0.0         0       0
     nu_e           12           369       0.0         0       0
     eta           221            99     547.5         0       0
     Lambda0      3122            48    1115.7         0       1
     Kbar0        -311            28     497.7         0       0
     Sigma+       3222            17    1189.4         1       1
     eta'          331            13     957.8         0       0
     Sigma-       3112            12    1197.4        -1       1
     Sigma0       3212            11    1192.5         0       1
     K_L0          130             8     497.7         0       0
     nu_ebar       -12             6       0.0         0       0
     Xi0          3322             1    1314.9         0       1
     pbar-       -2212             1     938.3        -1      -1

-------------------------------------------------------------------------------
 the other kind of particles into JAM
-------------------------------------------------------------------------------
     Name      kf-code        number     mass       charge   baryon
     K_L0          130           712     497.7         0       0
     Lambda0      3122           250    1115.7         0       1
     K_S0          310           134     497.7         0       0
     Sigma-       3112            92    1197.4        -1       1

-------------------------------------------------------------------------------
 particle decays       number        weight        weight per source
-------------------------------------------------------------------------------
     positron           8451.     5.6395128E+02     8.7915771E+03
     pion0              1077.     5.8108160E+01     9.0586258E+02
     muon+               367.     1.7487384E+01     2.7261518E+02
     pion+               367.     1.7849778E+01     2.7826464E+02
     other                89.     3.9518277E+00     6.1606027E+01
     kaon+                16.     6.2124802E-01     9.6847902E+00
     pion-                11.     9.6593602E-01     1.5058217E+01
     muon-                 6.     6.3805512E-01     9.9468002E+00
     kaon-                 2.     5.1770668E-02     8.0706585E-01

-------------------------------------------------------------------------------
 the other kind of decay particles
-------------------------------------------------------------------------------
     eta     ->  gamma   +  gamma                         15
     Lambda0 ->  n0      +  pi0                           12
     Lambda0 ->  p+      +  pi-                           11
     K_S0    ->  pi+     +  pi-                           11
     eta     ->  pi0     +  pi0     +  pi0                 7
     eta     ->  pi+     +  pi0     +  pi-                 7
     Sigma0  ->  Lambda0 +  gamma                          5
     Sigma+  ->  p+      +  pi0                            4
     Sigma-  ->  n0      +  pi-                            3
     Sigma+  ->  n0      +  pi+                            3
     eta'    ->  pi+     +  pi-     +  eta                 3
     eta'    ->  pi0     +  pi0     +  eta                 2
     K_S0    ->  pi0     +  pi0                            1
     eta'    ->  gamma   +  gamma                          1
     eta     ->  pi+     +  pi-     +  gamma               1
     Xi0     ->  Lambda0 +  pi0                            1
     eta'    ->  pi+     +  pi-     +  gamma               1
     K_L0    ->  pi+     +  pi-     +  pi0                 1

-------------------------------------------------------------------------------
 stop. particles.    number        weight        weight per source
-------------------------------------------------------------------------------
     photon           143645.     4.5516743E+03     7.0957185E+04
     proton            93135.     1.8868669E+03     2.9414839E+04
     nucleus           40527.     3.8309016E+03     5.9720879E+04
     electron          29399.     2.4068224E+03     3.7520555E+04
     alpha              8482.     1.0439481E+03     1.6274366E+04
     positron           8460.     5.6433093E+02     8.7974956E+03
     deuteron           4143.     4.6223603E+02     7.2059126E+03
     triton              897.     8.8818106E+01     1.3846076E+03
     3he                 778.     7.3220719E+01     1.1414560E+03
     neutron              32.     3.7162147E-02     5.7932997E-01
     other                 1.     6.9027558E-02     1.0760878E+00

-------------------------------------------------------------------------------
 the other kind of stopped particles
-------------------------------------------------------------------------------
     Name      kf-code        number     mass       charge   baryon
     nu_muba       -14             1       0.0         0       0

-------------------------------------------------------------------------------
 leak. particles       number        weight        weight per source
-------------------------------------------------------------------------------
     other              1138.     5.5549785E+01     8.6597944E+02
     neutron             775.     8.4802373E+02     1.3220053E+04
     photon              559.     6.5829538E+01     1.0262331E+03
     proton              126.     1.7394945E+01     2.7117413E+02
     electron             40.     1.9327716E+00     3.0130459E+01
     positron             24.     1.3115236E+00     2.0445668E+01
     pion+                 8.     4.1416535E-01     6.4565268E+00
     muon+                 8.     6.3850491E-01     9.9538122E+00
     muon-                 5.     2.7611023E-01     4.3043512E+00
     pion-                 4.     2.7611023E-01     4.3043512E+00
     deuteron              2.     3.7079823E-01     5.7804660E+00
     triton                1.     3.4513779E-02     5.3804390E-01
     alpha                 1.     3.4513779E-02     5.3804390E-01

-------------------------------------------------------------------------------
 the other kind of leakage particles
-------------------------------------------------------------------------------
     Name      kf-code        number     mass       charge   baryon
     nu_mu          14           383       0.0         0       0
     nu_muba       -14           379       0.0         0       0
     nu_e           12           369       0.0         0       0
     nu_ebar       -12             6       0.0         0       0
     K_L0          130             1     497.7         0       0

-------------------------------------------------------------------------------
 source: maxcas    maxbch      irskip   average weight          total source
-------------------------------------------------------------------------------
        1700           1           0    3.7733395E-05    6.4146771015014E-02

-------------------------------------------------------------------------------
 used ATIMA database
-------------------------------------------------------------------------------
     for dedx  =      163 / mdbatima =      500

-------------------------------------------------------------------------------
 Geometry error summary
-------------------------------------------------------------------------------
 Number of lost particles     =     0 / nlost =       10
 Number of geometry recovering =     0
 Number of unrecovered errors =     0

-------------------------------------------------------------------------------
 initial random seed:
   bitrseed = 0100000001001011000000000000000000000000000000000000000000000000
 next initial random seed:
   bitrseed = 1001001011111000001100110110000001010110000111111010011010100000

-------------------------------------------------------------------------------
 job termination date : 2026/09/30
                 time :   08:03:56

-------------------------------------------------------------------------------
    CPU time and number of event called in PHITS
-------------------------------------------------------------------------------

                             sec
total cpu time =          159.66


                           count
      analysis =       18283900.  : data processing
         nevap =         202685.  : evaporation
        dexgam =          77321.  : de-excitation
         nreac =       17763302.  : atomic and nuclear reactions
         dklos =          10386.  : particle decay
         hydro =            117.  : nucleon-nucleon scattering
        n-data =       15218225.  : neutron data library
        h-data =              0.  : p, d, a data library
        p-data =              0.  : photon data library
        e-data =              0.  : electron data library
        p-egs5 =          20624.  : photon interaction with EGS5
        e-egs5 =        2319824.  : electron interaction with EGS5
      e-tsmode =              0.  : electron track structure mode
    ion-tsmode =              0.  : ion track structure mode
     photonucl =             77.  : photo-nuclear reaction
 photonucl lib =              0.  : photo-nuclear reaction with library
       mu-reac =              0.  : muon-induced nuclear reaction
       mu-brem =              0.  : muon-induced bremsstrahlung
       mu-pprd =              0.  : muon-induced pair production
        mu-cap =              2.  : muon capture in nucleus
         elast =         105860.  : elastic scattering
         ncasc =         336029.  : nuclear reaction model

       bertini =              0.  : Bertini model
        isobar =              0.  : isobar model
           JAM =           5422.  : JAM model
           QMD =              0.  : JQMD model
        JAMQMD =              0.  : JAMQMD model
          INCL =         330607.  : INCL model
        INCELF =              0.  : INCELF model
     frag data =              0.  : user defined cross section
       SCINFUL =              0.  : SCINFUL mode

>>> Citation Request >>>=======================================================

 This execution uses model(s) that must be explicitly cited in addition to
 the PHITS original document: T.Sato et al., J.Nucl.Sci.Technol.61, 127-135 (2024).
 Please refer the following document(s) in your publication using this result

 The INCL model:
    A. Boudard et al., Phys. Rev C87, 014606 (2013).

 The EGS5 code:
    H. Hirayama et al., SLAC-R-730 (2005) and KEK Report 2005-8 (2005)

 The KUROTAMA model:
    K. Iida, A. Kohama, and K. Oyamatsu, J. Phys. Soc. Japan 76, 044201 (2007).

 END 
