[ T-Track ]
    title = Flux spectrum in open air above ground
     mesh =  reg            # mesh type is region-wise
      reg = 111
   e-type =    3            # e-mesh is log given by emin, emax and ne
     emin =  1.0000000E-10  # minimum value of e-mesh points
     emax =   100000.0      # maximum value of e-mesh points
#    edel =  0.5756463      # mesh width of e-mesh points
       ne =     60          # number of e-mesh points
#    data = ( e(i), i = 1, ne + 1 )
#           1.00000E-10  1.77828E-10  3.16228E-10  5.62341E-10  1.00000E-09
#           1.77828E-09  3.16228E-09  5.62341E-09  1.00000E-08  1.77828E-08
#           3.16228E-08  5.62341E-08  1.00000E-07  1.77828E-07  3.16228E-07
#           5.62341E-07  1.00000E-06  1.77828E-06  3.16228E-06  5.62341E-06
#           1.00000E-05  1.77828E-05  3.16228E-05  5.62341E-05  1.00000E-04
#           1.77828E-04  3.16228E-04  5.62341E-04  1.00000E-03  1.77828E-03
#           3.16228E-03  5.62341E-03  1.00000E-02  1.77828E-02  3.16228E-02
#           5.62341E-02  1.00000E-01  1.77828E-01  3.16228E-01  5.62341E-01
#           1.00000E+00  1.77828E+00  3.16228E+00  5.62341E+00  1.00000E+01
#           1.77828E+01  3.16228E+01  5.62341E+01  1.00000E+02  1.77828E+02
#           3.16228E+02  5.62341E+02  1.00000E+03  1.77828E+03  3.16228E+03
#           5.62341E+03  1.00000E+04  1.77828E+04  3.16228E+04  5.62341E+04
#           1.00000E+05
     unit =    1            # unit is [1/cm^2/source]
 material =  all            # (D=all) number of specific material
     axis =     eng            # axis of output
     file = air_spec.out    # file name of output for the above axis
     part =  neutron    muon-      muon+      proton   
# kf/name :  2112       13         -13        2212     
#    used :        main (  %)        temp (  %)       total (  %)
#  memory :          67 (  0)           0 (  0)          67 (  0)

#------------------------------------------------------------------------------
#newpage:
#   no. =  1   reg =    111

x: Energy [MeV/n]
y: Flux [1/cm^2/source]              
p: xlog ylog afac(0.8) form(0.9)
h: n            x            y(neutron ),hh0l n  y(muon-   ),hh0dr n  y(muon+   ),hh0ub n  y(proton  ),hh0mg n  
#  e-lower      e-upper        neutron   r.err      muon-     r.err      muon+     r.err      proton    r.err 
   1.0000E-10   1.7783E-10   0.0000E+00  0.0000   0.0000E+00  0.0000   0.0000E+00  0.0000   0.0000E+00  0.0000
   1.7783E-10   3.1623E-10   0.0000E+00  0.0000   0.0000E+00  0.0000   0.0000E+00  0.0000   0.0000E+00  0.0000
   3.1623E-10   5.6234E-10   0.0000E+00  0.0000   0.0000E+00  0.0000   0.0000E+00  0.0000   0.0000E+00  0.0000
   5.6234E-10   1.0000E-09   0.0000E+00  0.0000   0.0000E+00  0.0000   0.0000E+00  0.0000   0.0000E+00  0.0000
   1.0000E-09   1.7783E-09   0.0000E+00  0.0000   0.0000E+00  0.0000   0.0000E+00  0.0000   0.0000E+00  0.0000
   1.7783E-09   3.1623E-09   1.2136E-06  1.0000   0.0000E+00  0.0000   0.0000E+00  0.0000   0.0000E+00  0.0000
   3.1623E-09   5.6234E-09   0.0000E+00  0.0000   0.0000E+00  0.0000   0.0000E+00  0.0000   0.0000E+00  0.0000
   5.6234E-09   1.0000E-08   0.0000E+00  0.0000   0.0000E+00  0.0000   0.0000E+00  0.0000   0.0000E+00  0.0000
   1.0000E-08   1.7783E-08   1.1643E-05  1.0000   0.0000E+00  0.0000   0.0000E+00  0.0000   0.0000E+00  0.0000
   1.7783E-08   3.1623E-08   4.5884E-05  0.6038   0.0000E+00  0.0000   0.0000E+00  0.0000   0.0000E+00  0.0000
   3.1623E-08   5.6234E-08   1.1780E-04  0.5076   0.0000E+00  0.0000   0.0000E+00  0.0000   0.0000E+00  0.0000
   5.6234E-08   1.0000E-07   1.4091E-04  0.4996   0.0000E+00  0.0000   0.0000E+00  0.0000   0.0000E+00  0.0000
   1.0000E-07   1.7783E-07   2.8133E-04  0.5931   0.0000E+00  0.0000   0.0000E+00  0.0000   0.0000E+00  0.0000
   1.7783E-07   3.1623E-07   0.0000E+00  0.0000   0.0000E+00  0.0000   0.0000E+00  0.0000   0.0000E+00  0.0000
   3.1623E-07   5.6234E-07   3.1054E-05  1.0000   0.0000E+00  0.0000   0.0000E+00  0.0000   0.0000E+00  0.0000
   5.6234E-07   1.0000E-06   0.0000E+00  0.0000   0.0000E+00  0.0000   0.0000E+00  0.0000   0.0000E+00  0.0000
   1.0000E-06   1.7783E-06   5.1707E-05  1.0000   0.0000E+00  0.0000   0.0000E+00  0.0000   0.0000E+00  0.0000
   1.7783E-06   3.1623E-06   6.0350E-06  1.0000   0.0000E+00  0.0000   0.0000E+00  0.0000   0.0000E+00  0.0000
   3.1623E-06   5.6234E-06   8.8813E-05  1.0000   0.0000E+00  0.0000   0.0000E+00  0.0000   0.0000E+00  0.0000
   5.6234E-06   1.0000E-05   0.0000E+00  0.0000   0.0000E+00  0.0000   0.0000E+00  0.0000   0.0000E+00  0.0000
   1.0000E-05   1.7783E-05   3.5118E-05  1.0000   0.0000E+00  0.0000   0.0000E+00  0.0000   0.0000E+00  0.0000
   1.7783E-05   3.1623E-05   2.4697E-05  1.0000   0.0000E+00  0.0000   0.0000E+00  0.0000   0.0000E+00  0.0000
   3.1623E-05   5.6234E-05   1.3520E-07  1.0000   0.0000E+00  0.0000   0.0000E+00  0.0000   0.0000E+00  0.0000
   5.6234E-05   1.0000E-04   1.8965E-06  1.0000   0.0000E+00  0.0000   0.0000E+00  0.0000   0.0000E+00  0.0000
   1.0000E-04   1.7783E-04   0.0000E+00  0.0000   0.0000E+00  0.0000   0.0000E+00  0.0000   0.0000E+00  0.0000
   1.7783E-04   3.1623E-04   0.0000E+00  0.0000   0.0000E+00  0.0000   0.0000E+00  0.0000   0.0000E+00  0.0000
   3.1623E-04   5.6234E-04   1.3569E-04  1.0000   0.0000E+00  0.0000   0.0000E+00  0.0000   0.0000E+00  0.0000
   5.6234E-04   1.0000E-03   0.0000E+00  0.0000   0.0000E+00  0.0000   0.0000E+00  0.0000   0.0000E+00  0.0000
   1.0000E-03   1.7783E-03   3.1022E-05  0.7838   0.0000E+00  0.0000   0.0000E+00  0.0000   8.9925E-11  0.7066
   1.7783E-03   3.1623E-03   3.0226E-05  1.0000   0.0000E+00  0.0000   0.0000E+00  0.0000   1.2904E-10  0.7066
   3.1623E-03   5.6234E-03   9.1281E-05  0.7408   0.0000E+00  0.0000   0.0000E+00  0.0000   1.8258E-10  0.7066
   5.6234E-03   1.0000E-02   0.0000E+00  0.0000   0.0000E+00  0.0000   0.0000E+00  0.0000   2.5540E-10  0.7066
   1.0000E-02   1.7783E-02   2.1326E-06  1.0000   0.0000E+00  0.0000   0.0000E+00  0.0000   3.5444E-10  0.7066
   1.7783E-02   3.1623E-02   8.8282E-05  0.7196   0.0000E+00  0.0000   0.0000E+00  0.0000   4.9450E-10  0.7066
   3.1623E-02   5.6234E-02   0.0000E+00  0.0000   0.0000E+00  0.0000   0.0000E+00  0.0000   7.5672E-10  0.7066
   5.6234E-02   1.0000E-01   1.5192E-04  0.6544   0.0000E+00  0.0000   0.0000E+00  0.0000   1.2272E-09  0.7066
   1.0000E-01   1.7783E-01   6.7369E-05  0.6255   0.0000E+00  0.0000   0.0000E+00  0.0000   2.1732E-09  0.7066
   1.7783E-01   3.1623E-01   3.6892E-05  0.7953   0.0000E+00  0.0000   0.0000E+00  0.0000   4.4645E-09  0.7066
   3.1623E-01   5.6234E-01   4.0104E-05  0.8750   0.0000E+00  0.0000   0.0000E+00  0.0000   1.0743E-08  0.7066
   5.6234E-01   1.0000E+00   1.6948E-04  0.4339   0.0000E+00  0.0000   0.0000E+00  0.0000   2.7921E-08  0.7066
   1.0000E+00   1.7783E+00   1.7266E-04  0.4081   0.0000E+00  0.0000   0.0000E+00  0.0000   7.3272E-08  0.7066
   1.7783E+00   3.1623E+00   4.1056E-04  0.3113   0.0000E+00  0.0000   0.0000E+00  0.0000   1.9446E-07  0.7066
   3.1623E+00   5.6234E+00   1.9370E-04  0.5781   0.0000E+00  0.0000   0.0000E+00  0.0000   5.2859E-07  0.7066
   5.6234E+00   1.0000E+01   1.9683E-04  0.5598   0.0000E+00  0.0000   0.0000E+00  0.0000   8.8656E-07  0.8473
   1.0000E+01   1.7783E+01   1.6222E-04  0.4551   0.0000E+00  0.0000   0.0000E+00  0.0000   2.0943E-06  1.0000
   1.7783E+01   3.1623E+01   9.8651E-05  0.5359   0.0000E+00  0.0000   0.0000E+00  0.0000   3.6868E-06  0.7139
   3.1623E+01   5.6234E+01   4.1509E-04  0.3046   0.0000E+00  0.0000   0.0000E+00  0.0000   1.4479E-05  0.4115
   5.6234E+01   1.0000E+02   4.9242E-04  0.2707   0.0000E+00  0.0000   0.0000E+00  0.0000   3.0709E-05  0.3993
   1.0000E+02   1.7783E+02   3.2883E-04  0.3069   0.0000E+00  0.0000   0.0000E+00  0.0000   5.1575E-05  0.3614
   1.7783E+02   3.1623E+02   3.6107E-04  0.3229   0.0000E+00  0.0000   0.0000E+00  0.0000   3.8218E-05  0.2438
   3.1623E+02   5.6234E+02   1.4922E-04  0.4357   0.0000E+00  0.0000   0.0000E+00  0.0000   2.2188E-05  0.3051
   5.6234E+02   1.0000E+03   2.7589E-05  1.0000   0.0000E+00  0.0000   0.0000E+00  0.0000   1.3744E-05  0.3995
   1.0000E+03   1.7783E+03   0.0000E+00  0.0000   0.0000E+00  0.0000   0.0000E+00  0.0000   2.4080E-05  0.2989
   1.7783E+03   3.1623E+03   2.7825E-05  1.0000   0.0000E+00  0.0000   0.0000E+00  0.0000   9.6311E-06  0.5140
   3.1623E+03   5.6234E+03   0.0000E+00  0.0000   0.0000E+00  0.0000   0.0000E+00  0.0000   6.6140E-06  0.5769
   5.6234E+03   1.0000E+04   0.0000E+00  0.0000   0.0000E+00  0.0000   0.0000E+00  0.0000   8.7331E-06  0.4993
   1.0000E+04   1.7783E+04   0.0000E+00  0.0000   0.0000E+00  0.0000   0.0000E+00  0.0000   3.8449E-06  0.7110
   1.7783E+04   3.1623E+04   0.0000E+00  0.0000   0.0000E+00  0.0000   0.0000E+00  0.0000   0.0000E+00  0.0000
   3.1623E+04   5.6234E+04   0.0000E+00  0.0000   0.0000E+00  0.0000   0.0000E+00  0.0000   0.0000E+00  0.0000
   5.6234E+04   1.0000E+05   0.0000E+00  0.0000   0.0000E+00  0.0000   0.0000E+00  0.0000   0.0000E+00  0.0000

#   sum over                 4.7193E-03  0.1171   0.0000E+00  0.0000   0.0000E+00  0.0000   2.3133E-04  0.1206

'no. =  1,  reg  =    111'
msuc: {\huge Flux spectrum in open air above ground}
msdr: {\it plotted by \ANGEL \version}
msdl: {\it calculated by \PHITS  3.36}
wt: s(0.7)
\vspace{-3}
   vol  &=&   5.1200E+08 [cm^3]
e:
 
# Information for Restart Calculation
# This calculation was newly started
# istdev =  2 # 1:Batch variance, 2:History variance
# resc2  = 2.67605657404079711E-02 # Total source weight or Total source weight / maxcas
# resc3  = 7.00000000000000000E+02 # Total history number or Total batch number
# maxcas =         700 # History / Batch, only used for istdev=1
# bitrseed = 0111011110011100011110011110100011011000010010111000110001010101 # bit data of rseed
