[ T-Track ]
    title = Flux spectrum in open air above ground
     mesh =  reg            # mesh type is region-wise
      reg = 111
   e-type =    3            # e-mesh is log given by emin, emax and ne
     emin =  1.0000000E-10  # minimum value of e-mesh points
     emax =   100000.0      # maximum value of e-mesh points
#    edel =  0.5756463      # mesh width of e-mesh points
       ne =     60          # number of e-mesh points
#    data = ( e(i), i = 1, ne + 1 )
#           1.00000E-10  1.77828E-10  3.16228E-10  5.62341E-10  1.00000E-09
#           1.77828E-09  3.16228E-09  5.62341E-09  1.00000E-08  1.77828E-08
#           3.16228E-08  5.62341E-08  1.00000E-07  1.77828E-07  3.16228E-07
#           5.62341E-07  1.00000E-06  1.77828E-06  3.16228E-06  5.62341E-06
#           1.00000E-05  1.77828E-05  3.16228E-05  5.62341E-05  1.00000E-04
#           1.77828E-04  3.16228E-04  5.62341E-04  1.00000E-03  1.77828E-03
#           3.16228E-03  5.62341E-03  1.00000E-02  1.77828E-02  3.16228E-02
#           5.62341E-02  1.00000E-01  1.77828E-01  3.16228E-01  5.62341E-01
#           1.00000E+00  1.77828E+00  3.16228E+00  5.62341E+00  1.00000E+01
#           1.77828E+01  3.16228E+01  5.62341E+01  1.00000E+02  1.77828E+02
#           3.16228E+02  5.62341E+02  1.00000E+03  1.77828E+03  3.16228E+03
#           5.62341E+03  1.00000E+04  1.77828E+04  3.16228E+04  5.62341E+04
#           1.00000E+05
     unit =    1            # unit is [1/cm^2/source]
 material =  all            # (D=all) number of specific material
     axis =     eng            # axis of output
     file = air_spec.out    # file name of output for the above axis
     part =  neutron    muon-      muon+      proton   
# kf/name :  2112       13         -13        2212     
#    used :        main (  %)        temp (  %)       total (  %)
#  memory :          67 (  0)           0 (  0)          67 (  0)

#------------------------------------------------------------------------------
#newpage:
#   no. =  1   reg =    111

x: Energy [MeV/n]
y: Flux [1/cm^2/source]              
p: xlog ylog afac(0.8) form(0.9)
h: n            x            y(neutron ),hh0l n  y(muon-   ),hh0dr n  y(muon+   ),hh0ub n  y(proton  ),hh0mg n  
#  e-lower      e-upper        neutron   r.err      muon-     r.err      muon+     r.err      proton    r.err 
   1.0000E-10   1.7783E-10   0.0000E+00  0.0000   0.0000E+00  0.0000   0.0000E+00  0.0000   0.0000E+00  0.0000
   1.7783E-10   3.1623E-10   0.0000E+00  0.0000   0.0000E+00  0.0000   0.0000E+00  0.0000   0.0000E+00  0.0000
   3.1623E-10   5.6234E-10   0.0000E+00  0.0000   0.0000E+00  0.0000   0.0000E+00  0.0000   0.0000E+00  0.0000
   5.6234E-10   1.0000E-09   0.0000E+00  0.0000   0.0000E+00  0.0000   0.0000E+00  0.0000   0.0000E+00  0.0000
   1.0000E-09   1.7783E-09   0.0000E+00  0.0000   0.0000E+00  0.0000   0.0000E+00  0.0000   0.0000E+00  0.0000
   1.7783E-09   3.1623E-09   0.0000E+00  0.0000   0.0000E+00  0.0000   0.0000E+00  0.0000   0.0000E+00  0.0000
   3.1623E-09   5.6234E-09   1.5888E-05  0.9224   0.0000E+00  0.0000   0.0000E+00  0.0000   0.0000E+00  0.0000
   5.6234E-09   1.0000E-08   1.8033E-05  1.0000   0.0000E+00  0.0000   0.0000E+00  0.0000   0.0000E+00  0.0000
   1.0000E-08   1.7783E-08   0.0000E+00  0.0000   0.0000E+00  0.0000   0.0000E+00  0.0000   0.0000E+00  0.0000
   1.7783E-08   3.1623E-08   2.3541E-05  0.7334   0.0000E+00  0.0000   0.0000E+00  0.0000   0.0000E+00  0.0000
   3.1623E-08   5.6234E-08   4.1093E-05  0.5582   0.0000E+00  0.0000   0.0000E+00  0.0000   0.0000E+00  0.0000
   5.6234E-08   1.0000E-07   7.4382E-06  0.8307   0.0000E+00  0.0000   0.0000E+00  0.0000   0.0000E+00  0.0000
   1.0000E-07   1.7783E-07   7.6513E-06  0.6746   0.0000E+00  0.0000   0.0000E+00  0.0000   0.0000E+00  0.0000
   1.7783E-07   3.1623E-07   0.0000E+00  0.0000   0.0000E+00  0.0000   0.0000E+00  0.0000   0.0000E+00  0.0000
   3.1623E-07   5.6234E-07   0.0000E+00  0.0000   0.0000E+00  0.0000   0.0000E+00  0.0000   0.0000E+00  0.0000
   5.6234E-07   1.0000E-06   2.5575E-05  0.7237   0.0000E+00  0.0000   0.0000E+00  0.0000   0.0000E+00  0.0000
   1.0000E-06   1.7783E-06   4.1652E-05  1.0000   0.0000E+00  0.0000   0.0000E+00  0.0000   0.0000E+00  0.0000
   1.7783E-06   3.1623E-06   1.5120E-06  1.0000   0.0000E+00  0.0000   0.0000E+00  0.0000   0.0000E+00  0.0000
   3.1623E-06   5.6234E-06   1.1198E-04  1.0000   0.0000E+00  0.0000   0.0000E+00  0.0000   0.0000E+00  0.0000
   5.6234E-06   1.0000E-05   0.0000E+00  0.0000   0.0000E+00  0.0000   0.0000E+00  0.0000   0.0000E+00  0.0000
   1.0000E-05   1.7783E-05   0.0000E+00  0.0000   0.0000E+00  0.0000   0.0000E+00  0.0000   0.0000E+00  0.0000
   1.7783E-05   3.1623E-05   0.0000E+00  0.0000   0.0000E+00  0.0000   0.0000E+00  0.0000   0.0000E+00  0.0000
   3.1623E-05   5.6234E-05   0.0000E+00  0.0000   0.0000E+00  0.0000   0.0000E+00  0.0000   0.0000E+00  0.0000
   5.6234E-05   1.0000E-04   4.1744E-05  1.0000   0.0000E+00  0.0000   0.0000E+00  0.0000   0.0000E+00  0.0000
   1.0000E-04   1.7783E-04   1.1949E-05  1.0000   0.0000E+00  0.0000   0.0000E+00  0.0000   0.0000E+00  0.0000
   1.7783E-04   3.1623E-04   2.6265E-05  1.0000   0.0000E+00  0.0000   0.0000E+00  0.0000   0.0000E+00  0.0000
   3.1623E-04   5.6234E-04   3.2455E-05  1.0000   0.0000E+00  0.0000   0.0000E+00  0.0000   0.0000E+00  0.0000
   5.6234E-04   1.0000E-03   4.6716E-05  1.0000   0.0000E+00  0.0000   0.0000E+00  0.0000   0.0000E+00  0.0000
   1.0000E-03   1.7783E-03   0.0000E+00  0.0000   0.0000E+00  0.0000   0.0000E+00  0.0000   6.0745E-11  0.7068
   1.7783E-03   3.1623E-03   5.3161E-05  0.7135   0.0000E+00  0.0000   0.0000E+00  0.0000   8.7168E-11  0.7068
   3.1623E-03   5.6234E-03   3.1223E-05  1.0000   0.0000E+00  0.0000   0.0000E+00  0.0000   1.2333E-10  0.7068
   5.6234E-03   1.0000E-02   0.0000E+00  0.0000   0.0000E+00  0.0000   0.0000E+00  0.0000   1.7252E-10  0.7068
   1.0000E-02   1.7783E-02   1.6990E-05  1.0000   0.0000E+00  0.0000   0.0000E+00  0.0000   2.3942E-10  0.7068
   1.7783E-02   3.1623E-02   0.0000E+00  0.0000   0.0000E+00  0.0000   0.0000E+00  0.0000   3.3403E-10  0.7068
   3.1623E-02   5.6234E-02   2.7045E-06  1.0000   0.0000E+00  0.0000   0.0000E+00  0.0000   5.1116E-10  0.7068
   5.6234E-02   1.0000E-01   0.0000E+00  0.0000   0.0000E+00  0.0000   0.0000E+00  0.0000   8.2898E-10  0.7068
   1.0000E-01   1.7783E-01   2.4363E-05  1.0000   0.0000E+00  0.0000   0.0000E+00  0.0000   1.4680E-09  0.7068
   1.7783E-01   3.1623E-01   2.4867E-05  0.8087   0.0000E+00  0.0000   0.0000E+00  0.0000   3.0157E-09  0.7068
   3.1623E-01   5.6234E-01   1.1726E-04  0.5451   0.0000E+00  0.0000   0.0000E+00  0.0000   7.2570E-09  0.7068
   5.6234E-01   1.0000E+00   1.4889E-04  0.4822   0.0000E+00  0.0000   0.0000E+00  0.0000   1.8861E-08  0.7068
   1.0000E+00   1.7783E+00   1.3680E-04  0.4722   0.0000E+00  0.0000   0.0000E+00  0.0000   4.9496E-08  0.7068
   1.7783E+00   3.1623E+00   1.7258E-04  0.4697   0.0000E+00  0.0000   0.0000E+00  0.0000   1.3136E-07  0.7068
   3.1623E+00   5.6234E+00   8.9910E-05  0.7439   0.0000E+00  0.0000   0.0000E+00  0.0000   4.0942E-07  0.6293
   5.6234E+00   1.0000E+01   1.4524E-04  0.4082   0.0000E+00  0.0000   0.0000E+00  0.0000   1.4920E-06  0.5768
   1.0000E+01   1.7783E+01   4.1101E-05  0.6840   0.0000E+00  0.0000   0.0000E+00  0.0000   1.3073E-06  0.6282
   1.7783E+01   3.1623E+01   1.6551E-04  0.3552   0.0000E+00  0.0000   0.0000E+00  0.0000   3.8569E-06  0.5899
   3.1623E+01   5.6234E+01   1.5084E-04  0.3929   0.0000E+00  0.0000   0.0000E+00  0.0000   3.3788E-05  0.3822
   5.6234E+01   1.0000E+02   4.8307E-04  0.2334   6.8410E-07  1.0000   0.0000E+00  0.0000   1.7660E-05  0.3017
   1.0000E+02   1.7783E+02   6.0469E-04  0.1999   0.0000E+00  0.0000   0.0000E+00  0.0000   3.1800E-05  0.2534
   1.7783E+02   3.1623E+02   4.9082E-04  0.2234   0.0000E+00  0.0000   0.0000E+00  0.0000   2.1783E-05  0.2887
   3.1623E+02   5.6234E+02   1.4953E-04  0.3726   0.0000E+00  0.0000   0.0000E+00  0.0000   3.0190E-05  0.2255
   5.6234E+02   1.0000E+03   4.0866E-05  0.7088   0.0000E+00  0.0000   0.0000E+00  0.0000   2.7057E-05  0.2527
   1.0000E+03   1.7783E+03   0.0000E+00  0.0000   0.0000E+00  0.0000   0.0000E+00  0.0000   8.1441E-06  0.4370
   1.7783E+03   3.1623E+03   1.1338E-05  1.0000   0.0000E+00  0.0000   0.0000E+00  0.0000   4.8197E-06  0.5762
   3.1623E+03   5.6234E+03   0.0000E+00  0.0000   0.0000E+00  0.0000   0.0000E+00  0.0000   5.5811E-06  0.4993
   5.6234E+03   1.0000E+04   0.0000E+00  0.0000   0.0000E+00  0.0000   0.0000E+00  0.0000   8.6541E-06  0.3888
   1.0000E+04   1.7783E+04   0.0000E+00  0.0000   0.0000E+00  0.0000   0.0000E+00  0.0000   1.3056E-06  0.7456
   1.7783E+04   3.1623E+04   0.0000E+00  0.0000   0.0000E+00  0.0000   0.0000E+00  0.0000   0.0000E+00  0.0000
   3.1623E+04   5.6234E+04   0.0000E+00  0.0000   0.0000E+00  0.0000   0.0000E+00  0.0000   1.4951E-06  1.0000
   5.6234E+04   1.0000E+05   0.0000E+00  0.0000   0.0000E+00  0.0000   0.0000E+00  0.0000   0.0000E+00  0.0000

#   sum over                 3.5552E-03  0.0967   6.8410E-07  1.0000   0.0000E+00  0.0000   1.9956E-04  0.1076

'no. =  1,  reg  =    111'
msuc: {\huge Flux spectrum in open air above ground}
msdr: {\it plotted by \ANGEL \version}
msdl: {\it calculated by \PHITS  3.36}
wt: s(0.7)
\vspace{-3}
   vol  &=&   5.1200E+08 [cm^3]
e:
 
# Information for Restart Calculation
# This calculation was newly started
# istdev =  2 # 1:Batch variance, 2:History variance
# resc2  = 3.96159330121869518E-02 # Total source weight or Total source weight / maxcas
# resc3  = 1.00000000000000000E+03 # Total history number or Total batch number
# maxcas =        1000 # History / Batch, only used for istdev=1
# bitrseed = 0100101100000000110100011100100001100001011001000001011000010011 # bit data of rseed
