[ T-Track ]
    title = Flux spectrum in open air above ground
     mesh =  reg            # mesh type is region-wise
      reg = 111
   e-type =    3            # e-mesh is log given by emin, emax and ne
     emin =  1.0000000E-10  # minimum value of e-mesh points
     emax =   100000.0      # maximum value of e-mesh points
#    edel =  0.5756463      # mesh width of e-mesh points
       ne =     60          # number of e-mesh points
#    data = ( e(i), i = 1, ne + 1 )
#           1.00000E-10  1.77828E-10  3.16228E-10  5.62341E-10  1.00000E-09
#           1.77828E-09  3.16228E-09  5.62341E-09  1.00000E-08  1.77828E-08
#           3.16228E-08  5.62341E-08  1.00000E-07  1.77828E-07  3.16228E-07
#           5.62341E-07  1.00000E-06  1.77828E-06  3.16228E-06  5.62341E-06
#           1.00000E-05  1.77828E-05  3.16228E-05  5.62341E-05  1.00000E-04
#           1.77828E-04  3.16228E-04  5.62341E-04  1.00000E-03  1.77828E-03
#           3.16228E-03  5.62341E-03  1.00000E-02  1.77828E-02  3.16228E-02
#           5.62341E-02  1.00000E-01  1.77828E-01  3.16228E-01  5.62341E-01
#           1.00000E+00  1.77828E+00  3.16228E+00  5.62341E+00  1.00000E+01
#           1.77828E+01  3.16228E+01  5.62341E+01  1.00000E+02  1.77828E+02
#           3.16228E+02  5.62341E+02  1.00000E+03  1.77828E+03  3.16228E+03
#           5.62341E+03  1.00000E+04  1.77828E+04  3.16228E+04  5.62341E+04
#           1.00000E+05
     unit =    1            # unit is [1/cm^2/source]
 material =  all            # (D=all) number of specific material
     axis =     eng            # axis of output
     file = air_spec.out    # file name of output for the above axis
     part =  neutron    muon-      muon+      proton   
# kf/name :  2112       13         -13        2212     
#    used :        main (  %)        temp (  %)       total (  %)
#  memory :          67 (  0)           0 (  0)          67 (  0)

#------------------------------------------------------------------------------
#newpage:
#   no. =  1   reg =    111

x: Energy [MeV/n]
y: Flux [1/cm^2/source]              
p: xlog ylog afac(0.8) form(0.9)
h: n            x            y(neutron ),hh0l n  y(muon-   ),hh0dr n  y(muon+   ),hh0ub n  y(proton  ),hh0mg n  
#  e-lower      e-upper        neutron   r.err      muon-     r.err      muon+     r.err      proton    r.err 
   1.0000E-10   1.7783E-10   0.0000E+00  0.0000   0.0000E+00  0.0000   0.0000E+00  0.0000   0.0000E+00  0.0000
   1.7783E-10   3.1623E-10   0.0000E+00  0.0000   0.0000E+00  0.0000   0.0000E+00  0.0000   0.0000E+00  0.0000
   3.1623E-10   5.6234E-10   0.0000E+00  0.0000   0.0000E+00  0.0000   0.0000E+00  0.0000   0.0000E+00  0.0000
   5.6234E-10   1.0000E-09   0.0000E+00  0.0000   0.0000E+00  0.0000   0.0000E+00  0.0000   0.0000E+00  0.0000
   1.0000E-09   1.7783E-09   0.0000E+00  0.0000   0.0000E+00  0.0000   0.0000E+00  0.0000   0.0000E+00  0.0000
   1.7783E-09   3.1623E-09   9.6549E-06  1.0000   0.0000E+00  0.0000   0.0000E+00  0.0000   0.0000E+00  0.0000
   3.1623E-09   5.6234E-09   0.0000E+00  0.0000   0.0000E+00  0.0000   0.0000E+00  0.0000   0.0000E+00  0.0000
   5.6234E-09   1.0000E-08   3.8489E-06  1.0000   0.0000E+00  0.0000   0.0000E+00  0.0000   0.0000E+00  0.0000
   1.0000E-08   1.7783E-08   8.2964E-05  0.4352   0.0000E+00  0.0000   0.0000E+00  0.0000   0.0000E+00  0.0000
   1.7783E-08   3.1623E-08   1.3683E-04  0.5023   0.0000E+00  0.0000   0.0000E+00  0.0000   0.0000E+00  0.0000
   3.1623E-08   5.6234E-08   8.3618E-05  0.3528   0.0000E+00  0.0000   0.0000E+00  0.0000   0.0000E+00  0.0000
   5.6234E-08   1.0000E-07   9.1183E-05  0.3754   0.0000E+00  0.0000   0.0000E+00  0.0000   0.0000E+00  0.0000
   1.0000E-07   1.7783E-07   2.2328E-05  1.0000   0.0000E+00  0.0000   0.0000E+00  0.0000   0.0000E+00  0.0000
   1.7783E-07   3.1623E-07   1.3334E-05  0.9750   0.0000E+00  0.0000   0.0000E+00  0.0000   0.0000E+00  0.0000
   3.1623E-07   5.6234E-07   1.1343E-04  0.7694   0.0000E+00  0.0000   0.0000E+00  0.0000   0.0000E+00  0.0000
   5.6234E-07   1.0000E-06   2.5787E-05  1.0000   0.0000E+00  0.0000   0.0000E+00  0.0000   0.0000E+00  0.0000
   1.0000E-06   1.7783E-06   0.0000E+00  0.0000   0.0000E+00  0.0000   0.0000E+00  0.0000   0.0000E+00  0.0000
   1.7783E-06   3.1623E-06   4.0743E-06  1.0000   0.0000E+00  0.0000   0.0000E+00  0.0000   0.0000E+00  0.0000
   3.1623E-06   5.6234E-06   0.0000E+00  0.0000   0.0000E+00  0.0000   0.0000E+00  0.0000   0.0000E+00  0.0000
   5.6234E-06   1.0000E-05   2.4092E-05  1.0000   0.0000E+00  0.0000   0.0000E+00  0.0000   0.0000E+00  0.0000
   1.0000E-05   1.7783E-05   3.2496E-05  0.7171   0.0000E+00  0.0000   0.0000E+00  0.0000   0.0000E+00  0.0000
   1.7783E-05   3.1623E-05   8.8837E-06  1.0000   0.0000E+00  0.0000   0.0000E+00  0.0000   0.0000E+00  0.0000
   3.1623E-05   5.6234E-05   1.9037E-05  1.0000   0.0000E+00  0.0000   0.0000E+00  0.0000   0.0000E+00  0.0000
   5.6234E-05   1.0000E-04   2.8458E-05  1.0000   0.0000E+00  0.0000   0.0000E+00  0.0000   0.0000E+00  0.0000
   1.0000E-04   1.7783E-04   0.0000E+00  0.0000   0.0000E+00  0.0000   0.0000E+00  0.0000   0.0000E+00  0.0000
   1.7783E-04   3.1623E-04   0.0000E+00  0.0000   0.0000E+00  0.0000   0.0000E+00  0.0000   0.0000E+00  0.0000
   3.1623E-04   5.6234E-04   1.6550E-05  0.9947   0.0000E+00  0.0000   0.0000E+00  0.0000   0.0000E+00  0.0000
   5.6234E-04   1.0000E-03   3.7771E-05  0.6389   0.0000E+00  0.0000   0.0000E+00  0.0000   0.0000E+00  0.0000
   1.0000E-03   1.7783E-03   2.2881E-06  1.0000   0.0000E+00  0.0000   0.0000E+00  0.0000   1.8934E-10  0.4297
   1.7783E-03   3.1623E-03   6.9153E-05  0.8212   0.0000E+00  0.0000   0.0000E+00  0.0000   2.7170E-10  0.4297
   3.1623E-03   5.6234E-03   6.8027E-05  0.7308   0.0000E+00  0.0000   0.0000E+00  0.0000   3.8442E-10  0.4297
   5.6234E-03   1.0000E-02   2.6209E-05  0.9002   0.0000E+00  0.0000   0.0000E+00  0.0000   5.3775E-10  0.4297
   1.0000E-02   1.7783E-02   1.6757E-05  1.0000   0.0000E+00  0.0000   0.0000E+00  0.0000   7.4628E-10  0.4297
   1.7783E-02   3.1623E-02   8.4037E-05  0.4663   0.0000E+00  0.0000   0.0000E+00  0.0000   1.0412E-09  0.4297
   3.1623E-02   5.6234E-02   0.0000E+00  0.0000   0.0000E+00  0.0000   0.0000E+00  0.0000   1.5933E-09  0.4297
   5.6234E-02   1.0000E-01   6.5972E-05  0.5078   0.0000E+00  0.0000   0.0000E+00  0.0000   2.5839E-09  0.4297
   1.0000E-01   1.7783E-01   2.8184E-05  0.7076   0.0000E+00  0.0000   0.0000E+00  0.0000   4.5758E-09  0.4297
   1.7783E-01   3.1623E-01   4.7771E-05  0.7486   0.0000E+00  0.0000   0.0000E+00  0.0000   9.3999E-09  0.4297
   3.1623E-01   5.6234E-01   6.2681E-05  0.5097   0.0000E+00  0.0000   0.0000E+00  0.0000   2.2620E-08  0.4297
   5.6234E-01   1.0000E+00   1.3919E-04  0.3682   0.0000E+00  0.0000   0.0000E+00  0.0000   5.8788E-08  0.4297
   1.0000E+00   1.7783E+00   2.5279E-04  0.4730   0.0000E+00  0.0000   0.0000E+00  0.0000   1.5428E-07  0.4297
   1.7783E+00   3.1623E+00   2.1331E-04  0.2941   0.0000E+00  0.0000   0.0000E+00  0.0000   3.2622E-07  0.4109
   3.1623E+00   5.6234E+00   2.1331E-04  0.3523   0.0000E+00  0.0000   0.0000E+00  0.0000   7.4197E-07  0.4076
   5.6234E+00   1.0000E+01   2.0596E-04  0.3629   0.0000E+00  0.0000   0.0000E+00  0.0000   1.5876E-06  0.4391
   1.0000E+01   1.7783E+01   3.2859E-04  0.2824   0.0000E+00  0.0000   0.0000E+00  0.0000   4.3531E-06  0.4401
   1.7783E+01   3.1623E+01   1.6292E-04  0.3561   0.0000E+00  0.0000   0.0000E+00  0.0000   8.4999E-06  0.4987
   3.1623E+01   5.6234E+01   4.1042E-04  0.3151   0.0000E+00  0.0000   0.0000E+00  0.0000   1.5505E-05  0.2967
   5.6234E+01   1.0000E+02   3.7727E-04  0.2185   0.0000E+00  0.0000   0.0000E+00  0.0000   3.0985E-05  0.2813
   1.0000E+02   1.7783E+02   3.2754E-04  0.2313   0.0000E+00  0.0000   0.0000E+00  0.0000   4.9737E-05  0.2117
   1.7783E+02   3.1623E+02   4.3107E-04  0.2363   0.0000E+00  0.0000   0.0000E+00  0.0000   4.3480E-05  0.1686
   3.1623E+02   5.6234E+02   1.1606E-04  0.3303   0.0000E+00  0.0000   0.0000E+00  0.0000   2.6469E-05  0.1976
   5.6234E+02   1.0000E+03   1.2909E-05  1.0000   0.0000E+00  0.0000   0.0000E+00  0.0000   1.7323E-05  0.2488
   1.0000E+03   1.7783E+03   1.6774E-05  0.8359   0.0000E+00  0.0000   0.0000E+00  0.0000   1.6796E-05  0.2491
   1.7783E+03   3.1623E+03   1.3019E-05  1.0000   0.0000E+00  0.0000   0.0000E+00  0.0000   1.6485E-05  0.2638
   3.1623E+03   5.6234E+03   1.0136E-06  1.0000   0.0000E+00  0.0000   0.0000E+00  0.0000   5.0448E-06  0.4470
   5.6234E+03   1.0000E+04   1.3023E-05  1.0000   0.0000E+00  0.0000   0.0000E+00  0.0000   5.7369E-06  0.4114
   1.0000E+04   1.7783E+04   0.0000E+00  0.0000   0.0000E+00  0.0000   0.0000E+00  0.0000   1.7990E-06  0.7112
   1.7783E+04   3.1623E+04   0.0000E+00  0.0000   0.0000E+00  0.0000   0.0000E+00  0.0000   0.0000E+00  0.0000
   3.1623E+04   5.6234E+04   0.0000E+00  0.0000   0.0000E+00  0.0000   0.0000E+00  0.0000   0.0000E+00  0.0000
   5.6234E+04   1.0000E+05   0.0000E+00  0.0000   0.0000E+00  0.0000   0.0000E+00  0.0000   0.0000E+00  0.0000

#   sum over                 4.4606E-03  0.0849   0.0000E+00  0.0000   0.0000E+00  0.0000   2.4513E-04  0.0810

'no. =  1,  reg  =    111'
msuc: {\huge Flux spectrum in open air above ground}
msdr: {\it plotted by \ANGEL \version}
msdl: {\it calculated by \PHITS  3.36}
wt: s(0.7)
\vspace{-3}
   vol  &=&   5.1200E+08 [cm^3]
e:
 
# Information for Restart Calculation
# This calculation was newly started
# istdev =  2 # 1:Batch variance, 2:History variance
# resc2  = 5.71941717807000760E-02 # Total source weight or Total source weight / maxcas
# resc3  = 1.50000000000000000E+03 # Total history number or Total batch number
# maxcas =        1500 # History / Batch, only used for istdev=1
# bitrseed = 1110010110111001010111000000110001011101101111001101111010010001 # bit data of rseed
