[ T-Track ]
    title = Neutron track length in active He-3 gas
     mesh =  reg            # mesh type is region-wise
      reg = 101 201 301 401
   e-type =    3            # e-mesh is log given by emin, emax and ne
     emin =  1.0000000E-10  # minimum value of e-mesh points
     emax =   1000.000      # maximum value of e-mesh points
#    edel =  0.2302585      # mesh width of e-mesh points
       ne =    130          # number of e-mesh points
#    data = ( e(i), i = 1, ne + 1 )
#           1.00000E-10  1.25893E-10  1.58489E-10  1.99526E-10  2.51189E-10
#           3.16228E-10  3.98107E-10  5.01187E-10  6.30957E-10  7.94328E-10
#           1.00000E-09  1.25893E-09  1.58489E-09  1.99526E-09  2.51189E-09
#           3.16228E-09  3.98107E-09  5.01187E-09  6.30957E-09  7.94328E-09
#           1.00000E-08  1.25893E-08  1.58489E-08  1.99526E-08  2.51189E-08
#           3.16228E-08  3.98107E-08  5.01187E-08  6.30957E-08  7.94328E-08
#           1.00000E-07  1.25893E-07  1.58489E-07  1.99526E-07  2.51189E-07
#           3.16228E-07  3.98107E-07  5.01187E-07  6.30957E-07  7.94328E-07
#           1.00000E-06  1.25893E-06  1.58489E-06  1.99526E-06  2.51189E-06
#           3.16228E-06  3.98107E-06  5.01187E-06  6.30957E-06  7.94328E-06
#           1.00000E-05  1.25893E-05  1.58489E-05  1.99526E-05  2.51189E-05
#           3.16228E-05  3.98107E-05  5.01187E-05  6.30957E-05  7.94328E-05
#           1.00000E-04  1.25893E-04  1.58489E-04  1.99526E-04  2.51189E-04
#           3.16228E-04  3.98107E-04  5.01187E-04  6.30957E-04  7.94328E-04
#           1.00000E-03  1.25893E-03  1.58489E-03  1.99526E-03  2.51189E-03
#           3.16228E-03  3.98107E-03  5.01187E-03  6.30957E-03  7.94328E-03
#           1.00000E-02  1.25893E-02  1.58489E-02  1.99526E-02  2.51189E-02
#           3.16228E-02  3.98107E-02  5.01187E-02  6.30957E-02  7.94328E-02
#           1.00000E-01  1.25893E-01  1.58489E-01  1.99526E-01  2.51189E-01
#           3.16228E-01  3.98107E-01  5.01187E-01  6.30957E-01  7.94328E-01
#           1.00000E+00  1.25893E+00  1.58489E+00  1.99526E+00  2.51189E+00
#           3.16228E+00  3.98107E+00  5.01187E+00  6.30957E+00  7.94328E+00
#           1.00000E+01  1.25893E+01  1.58489E+01  1.99526E+01  2.51189E+01
#           3.16228E+01  3.98107E+01  5.01187E+01  6.30957E+01  7.94328E+01
#           1.00000E+02  1.25893E+02  1.58489E+02  1.99526E+02  2.51189E+02
#           3.16228E+02  3.98107E+02  5.01187E+02  6.30957E+02  7.94328E+02
#           1.00000E+03
     unit =    1            # unit is [1/cm^2/source]
 material =  all            # (D=all) number of specific material
     axis =     eng            # axis of output
     file = gas_track.out   # file name of output for the above axis
     part =  neutron  
# kf/name :  2112     
#    used :        main (  %)        temp (  %)       total (  %)
#  memory :         139 (  0)           0 (  0)         139 (  0)

#------------------------------------------------------------------------------
#newpage:
#   no. =  1   reg =    101

x: Energy [MeV/n]
y: Flux [1/cm^2/source]              
p: xlog ylog afac(0.8) form(0.9)
h: n            x            y(neutron ),hh0l n  
#  e-lower      e-upper        neutron   r.err 
   1.0000E-10   1.2589E-10   0.0000E+00  0.0000
   1.2589E-10   1.5849E-10   0.0000E+00  0.0000
   1.5849E-10   1.9953E-10   0.0000E+00  0.0000
   1.9953E-10   2.5119E-10   0.0000E+00  0.0000
   2.5119E-10   3.1623E-10   0.0000E+00  0.0000
   3.1623E-10   3.9811E-10   1.0056E-07  1.0000
   3.9811E-10   5.0119E-10   0.0000E+00  0.0000
   5.0119E-10   6.3096E-10   5.7419E-07  1.0000
   6.3096E-10   7.9433E-10   1.0508E-07  1.0000
   7.9433E-10   1.0000E-09   0.0000E+00  0.0000
   1.0000E-09   1.2589E-09   3.4260E-06  0.6611
   1.2589E-09   1.5849E-09   1.0398E-05  0.4320
   1.5849E-09   1.9953E-09   9.5374E-06  0.4142
   1.9953E-09   2.5119E-09   1.3278E-05  0.2957
   2.5119E-09   3.1623E-09   3.4397E-05  0.2317
   3.1623E-09   3.9811E-09   5.8185E-05  0.1857
   3.9811E-09   5.0119E-09   6.2103E-03  0.0232
   5.0119E-09   6.3096E-09   2.3720E-04  0.0980
   6.3096E-09   7.9433E-09   1.7793E-04  0.1156
   7.9433E-09   1.0000E-08   1.5902E-04  0.1342
   1.0000E-08   1.2589E-08   1.3962E-04  0.1440
   1.2589E-08   1.5849E-08   6.8951E-05  0.1955
   1.5849E-08   1.9953E-08   2.6218E-05  0.2677
   1.9953E-08   2.5119E-08   1.3548E-05  0.5266
   2.5119E-08   3.1623E-08   1.9714E-07  1.0000
   3.1623E-08   3.9811E-08   0.0000E+00  0.0000
   3.9811E-08   5.0119E-08   0.0000E+00  0.0000
   5.0119E-08   6.3096E-08   0.0000E+00  0.0000
   6.3096E-08   7.9433E-08   0.0000E+00  0.0000
   7.9433E-08   1.0000E-07   0.0000E+00  0.0000
   1.0000E-07   1.2589E-07   0.0000E+00  0.0000
   1.2589E-07   1.5849E-07   0.0000E+00  0.0000
   1.5849E-07   1.9953E-07   0.0000E+00  0.0000
   1.9953E-07   2.5119E-07   0.0000E+00  0.0000
   2.5119E-07   3.1623E-07   0.0000E+00  0.0000
   3.1623E-07   3.9811E-07   0.0000E+00  0.0000
   3.9811E-07   5.0119E-07   0.0000E+00  0.0000
   5.0119E-07   6.3096E-07   0.0000E+00  0.0000
   6.3096E-07   7.9433E-07   0.0000E+00  0.0000
   7.9433E-07   1.0000E-06   0.0000E+00  0.0000
   1.0000E-06   1.2589E-06   0.0000E+00  0.0000
   1.2589E-06   1.5849E-06   0.0000E+00  0.0000
   1.5849E-06   1.9953E-06   0.0000E+00  0.0000
   1.9953E-06   2.5119E-06   0.0000E+00  0.0000
   2.5119E-06   3.1623E-06   0.0000E+00  0.0000
   3.1623E-06   3.9811E-06   0.0000E+00  0.0000
   3.9811E-06   5.0119E-06   0.0000E+00  0.0000
   5.0119E-06   6.3096E-06   0.0000E+00  0.0000
   6.3096E-06   7.9433E-06   0.0000E+00  0.0000
   7.9433E-06   1.0000E-05   0.0000E+00  0.0000
   1.0000E-05   1.2589E-05   0.0000E+00  0.0000
   1.2589E-05   1.5849E-05   0.0000E+00  0.0000
   1.5849E-05   1.9953E-05   0.0000E+00  0.0000
   1.9953E-05   2.5119E-05   0.0000E+00  0.0000
   2.5119E-05   3.1623E-05   0.0000E+00  0.0000
   3.1623E-05   3.9811E-05   0.0000E+00  0.0000
   3.9811E-05   5.0119E-05   0.0000E+00  0.0000
   5.0119E-05   6.3096E-05   0.0000E+00  0.0000
   6.3096E-05   7.9433E-05   0.0000E+00  0.0000
   7.9433E-05   1.0000E-04   0.0000E+00  0.0000
   1.0000E-04   1.2589E-04   0.0000E+00  0.0000
   1.2589E-04   1.5849E-04   0.0000E+00  0.0000
   1.5849E-04   1.9953E-04   0.0000E+00  0.0000
   1.9953E-04   2.5119E-04   0.0000E+00  0.0000
   2.5119E-04   3.1623E-04   0.0000E+00  0.0000
   3.1623E-04   3.9811E-04   0.0000E+00  0.0000
   3.9811E-04   5.0119E-04   0.0000E+00  0.0000
   5.0119E-04   6.3096E-04   0.0000E+00  0.0000
   6.3096E-04   7.9433E-04   0.0000E+00  0.0000
   7.9433E-04   1.0000E-03   0.0000E+00  0.0000
   1.0000E-03   1.2589E-03   0.0000E+00  0.0000
   1.2589E-03   1.5849E-03   0.0000E+00  0.0000
   1.5849E-03   1.9953E-03   0.0000E+00  0.0000
   1.9953E-03   2.5119E-03   0.0000E+00  0.0000
   2.5119E-03   3.1623E-03   0.0000E+00  0.0000
   3.1623E-03   3.9811E-03   0.0000E+00  0.0000
   3.9811E-03   5.0119E-03   0.0000E+00  0.0000
   5.0119E-03   6.3096E-03   0.0000E+00  0.0000
   6.3096E-03   7.9433E-03   0.0000E+00  0.0000
   7.9433E-03   1.0000E-02   0.0000E+00  0.0000
   1.0000E-02   1.2589E-02   0.0000E+00  0.0000
   1.2589E-02   1.5849E-02   0.0000E+00  0.0000
   1.5849E-02   1.9953E-02   0.0000E+00  0.0000
   1.9953E-02   2.5119E-02   0.0000E+00  0.0000
   2.5119E-02   3.1623E-02   0.0000E+00  0.0000
   3.1623E-02   3.9811E-02   0.0000E+00  0.0000
   3.9811E-02   5.0119E-02   0.0000E+00  0.0000
   5.0119E-02   6.3096E-02   0.0000E+00  0.0000
   6.3096E-02   7.9433E-02   0.0000E+00  0.0000
   7.9433E-02   1.0000E-01   0.0000E+00  0.0000
   1.0000E-01   1.2589E-01   0.0000E+00  0.0000
   1.2589E-01   1.5849E-01   0.0000E+00  0.0000
   1.5849E-01   1.9953E-01   0.0000E+00  0.0000
   1.9953E-01   2.5119E-01   0.0000E+00  0.0000
   2.5119E-01   3.1623E-01   0.0000E+00  0.0000
   3.1623E-01   3.9811E-01   0.0000E+00  0.0000
   3.9811E-01   5.0119E-01   0.0000E+00  0.0000
   5.0119E-01   6.3096E-01   0.0000E+00  0.0000
   6.3096E-01   7.9433E-01   0.0000E+00  0.0000
   7.9433E-01   1.0000E+00   0.0000E+00  0.0000
   1.0000E+00   1.2589E+00   0.0000E+00  0.0000
   1.2589E+00   1.5849E+00   0.0000E+00  0.0000
   1.5849E+00   1.9953E+00   0.0000E+00  0.0000
   1.9953E+00   2.5119E+00   0.0000E+00  0.0000
   2.5119E+00   3.1623E+00   0.0000E+00  0.0000
   3.1623E+00   3.9811E+00   0.0000E+00  0.0000
   3.9811E+00   5.0119E+00   0.0000E+00  0.0000
   5.0119E+00   6.3096E+00   0.0000E+00  0.0000
   6.3096E+00   7.9433E+00   0.0000E+00  0.0000
   7.9433E+00   1.0000E+01   0.0000E+00  0.0000
   1.0000E+01   1.2589E+01   0.0000E+00  0.0000
   1.2589E+01   1.5849E+01   0.0000E+00  0.0000
   1.5849E+01   1.9953E+01   0.0000E+00  0.0000
   1.9953E+01   2.5119E+01   0.0000E+00  0.0000
   2.5119E+01   3.1623E+01   0.0000E+00  0.0000
   3.1623E+01   3.9811E+01   0.0000E+00  0.0000
   3.9811E+01   5.0119E+01   0.0000E+00  0.0000
   5.0119E+01   6.3096E+01   0.0000E+00  0.0000
   6.3096E+01   7.9433E+01   0.0000E+00  0.0000
   7.9433E+01   1.0000E+02   0.0000E+00  0.0000
   1.0000E+02   1.2589E+02   0.0000E+00  0.0000
   1.2589E+02   1.5849E+02   0.0000E+00  0.0000
   1.5849E+02   1.9953E+02   0.0000E+00  0.0000
   1.9953E+02   2.5119E+02   0.0000E+00  0.0000
   2.5119E+02   3.1623E+02   0.0000E+00  0.0000
   3.1623E+02   3.9811E+02   0.0000E+00  0.0000
   3.9811E+02   5.0119E+02   0.0000E+00  0.0000
   5.0119E+02   6.3096E+02   0.0000E+00  0.0000
   6.3096E+02   7.9433E+02   0.0000E+00  0.0000
   7.9433E+02   1.0000E+03   0.0000E+00  0.0000

#   sum over                 7.1630E-03  0.0212

'no. =  1,  reg  =    101'
msuc: {\huge Neutron track length in active He-3 gas}
msdr: {\it plotted by \ANGEL \version}
msdl: {\it calculated by \PHITS  3.36}
wt: s(0.7)
\vspace{-3}
   vol  &=&   1.0000E+00 [cm^3]
e:

#------------------------------------------------------------------------------
 newpage:
#   no. =  2   reg =    201

x: Energy [MeV/n]
y: Flux [1/cm^2/source]              
p: xlog ylog afac(0.8) form(0.9)
h: n            x            y(neutron ),hh0l n  
#  e-lower      e-upper        neutron   r.err 
   1.0000E-10   1.2589E-10   0.0000E+00  0.0000
   1.2589E-10   1.5849E-10   0.0000E+00  0.0000
   1.5849E-10   1.9953E-10   0.0000E+00  0.0000
   1.9953E-10   2.5119E-10   0.0000E+00  0.0000
   2.5119E-10   3.1623E-10   0.0000E+00  0.0000
   3.1623E-10   3.9811E-10   0.0000E+00  0.0000
   3.9811E-10   5.0119E-10   2.6365E-08  1.0000
   5.0119E-10   6.3096E-10   0.0000E+00  0.0000
   6.3096E-10   7.9433E-10   0.0000E+00  0.0000
   7.9433E-10   1.0000E-09   0.0000E+00  0.0000
   1.0000E-09   1.2589E-09   0.0000E+00  0.0000
   1.2589E-09   1.5849E-09   0.0000E+00  0.0000
   1.5849E-09   1.9953E-09   0.0000E+00  0.0000
   1.9953E-09   2.5119E-09   0.0000E+00  0.0000
   2.5119E-09   3.1623E-09   0.0000E+00  0.0000
   3.1623E-09   3.9811E-09   8.5082E-07  1.0000
   3.9811E-09   5.0119E-09   3.5967E-07  0.8825
   5.0119E-09   6.3096E-09   1.8038E-08  1.0000
   6.3096E-09   7.9433E-09   2.5601E-06  0.9729
   7.9433E-09   1.0000E-08   3.7873E-06  0.5030
   1.0000E-08   1.2589E-08   2.8301E-06  0.6389
   1.2589E-08   1.5849E-08   1.5548E-06  0.4354
   1.5849E-08   1.9953E-08   4.4143E-06  0.4916
   1.9953E-08   2.5119E-08   1.5601E-05  0.3116
   2.5119E-08   3.1623E-08   1.7848E-05  0.4157
   3.1623E-08   3.9811E-08   1.1210E-05  0.3606
   3.9811E-08   5.0119E-08   3.0317E-05  0.2577
   5.0119E-08   6.3096E-08   3.3644E-05  0.3688
   6.3096E-08   7.9433E-08   3.9035E-05  0.2965
   7.9433E-08   1.0000E-07   2.2816E-05  0.3518
   1.0000E-07   1.2589E-07   3.1424E-05  0.3424
   1.2589E-07   1.5849E-07   1.4003E-05  0.4306
   1.5849E-07   1.9953E-07   9.2964E-07  1.0000
   1.9953E-07   2.5119E-07   1.3235E-06  1.0000
   2.5119E-07   3.1623E-07   0.0000E+00  0.0000
   3.1623E-07   3.9811E-07   0.0000E+00  0.0000
   3.9811E-07   5.0119E-07   0.0000E+00  0.0000
   5.0119E-07   6.3096E-07   0.0000E+00  0.0000
   6.3096E-07   7.9433E-07   0.0000E+00  0.0000
   7.9433E-07   1.0000E-06   0.0000E+00  0.0000
   1.0000E-06   1.2589E-06   0.0000E+00  0.0000
   1.2589E-06   1.5849E-06   0.0000E+00  0.0000
   1.5849E-06   1.9953E-06   0.0000E+00  0.0000
   1.9953E-06   2.5119E-06   0.0000E+00  0.0000
   2.5119E-06   3.1623E-06   0.0000E+00  0.0000
   3.1623E-06   3.9811E-06   0.0000E+00  0.0000
   3.9811E-06   5.0119E-06   0.0000E+00  0.0000
   5.0119E-06   6.3096E-06   0.0000E+00  0.0000
   6.3096E-06   7.9433E-06   0.0000E+00  0.0000
   7.9433E-06   1.0000E-05   0.0000E+00  0.0000
   1.0000E-05   1.2589E-05   0.0000E+00  0.0000
   1.2589E-05   1.5849E-05   0.0000E+00  0.0000
   1.5849E-05   1.9953E-05   0.0000E+00  0.0000
   1.9953E-05   2.5119E-05   0.0000E+00  0.0000
   2.5119E-05   3.1623E-05   0.0000E+00  0.0000
   3.1623E-05   3.9811E-05   0.0000E+00  0.0000
   3.9811E-05   5.0119E-05   0.0000E+00  0.0000
   5.0119E-05   6.3096E-05   0.0000E+00  0.0000
   6.3096E-05   7.9433E-05   0.0000E+00  0.0000
   7.9433E-05   1.0000E-04   0.0000E+00  0.0000
   1.0000E-04   1.2589E-04   0.0000E+00  0.0000
   1.2589E-04   1.5849E-04   0.0000E+00  0.0000
   1.5849E-04   1.9953E-04   0.0000E+00  0.0000
   1.9953E-04   2.5119E-04   0.0000E+00  0.0000
   2.5119E-04   3.1623E-04   0.0000E+00  0.0000
   3.1623E-04   3.9811E-04   0.0000E+00  0.0000
   3.9811E-04   5.0119E-04   0.0000E+00  0.0000
   5.0119E-04   6.3096E-04   0.0000E+00  0.0000
   6.3096E-04   7.9433E-04   0.0000E+00  0.0000
   7.9433E-04   1.0000E-03   0.0000E+00  0.0000
   1.0000E-03   1.2589E-03   0.0000E+00  0.0000
   1.2589E-03   1.5849E-03   0.0000E+00  0.0000
   1.5849E-03   1.9953E-03   0.0000E+00  0.0000
   1.9953E-03   2.5119E-03   0.0000E+00  0.0000
   2.5119E-03   3.1623E-03   0.0000E+00  0.0000
   3.1623E-03   3.9811E-03   0.0000E+00  0.0000
   3.9811E-03   5.0119E-03   0.0000E+00  0.0000
   5.0119E-03   6.3096E-03   0.0000E+00  0.0000
   6.3096E-03   7.9433E-03   0.0000E+00  0.0000
   7.9433E-03   1.0000E-02   0.0000E+00  0.0000
   1.0000E-02   1.2589E-02   0.0000E+00  0.0000
   1.2589E-02   1.5849E-02   0.0000E+00  0.0000
   1.5849E-02   1.9953E-02   0.0000E+00  0.0000
   1.9953E-02   2.5119E-02   0.0000E+00  0.0000
   2.5119E-02   3.1623E-02   0.0000E+00  0.0000
   3.1623E-02   3.9811E-02   0.0000E+00  0.0000
   3.9811E-02   5.0119E-02   0.0000E+00  0.0000
   5.0119E-02   6.3096E-02   0.0000E+00  0.0000
   6.3096E-02   7.9433E-02   0.0000E+00  0.0000
   7.9433E-02   1.0000E-01   0.0000E+00  0.0000
   1.0000E-01   1.2589E-01   0.0000E+00  0.0000
   1.2589E-01   1.5849E-01   0.0000E+00  0.0000
   1.5849E-01   1.9953E-01   0.0000E+00  0.0000
   1.9953E-01   2.5119E-01   0.0000E+00  0.0000
   2.5119E-01   3.1623E-01   0.0000E+00  0.0000
   3.1623E-01   3.9811E-01   0.0000E+00  0.0000
   3.9811E-01   5.0119E-01   0.0000E+00  0.0000
   5.0119E-01   6.3096E-01   0.0000E+00  0.0000
   6.3096E-01   7.9433E-01   0.0000E+00  0.0000
   7.9433E-01   1.0000E+00   0.0000E+00  0.0000
   1.0000E+00   1.2589E+00   0.0000E+00  0.0000
   1.2589E+00   1.5849E+00   0.0000E+00  0.0000
   1.5849E+00   1.9953E+00   0.0000E+00  0.0000
   1.9953E+00   2.5119E+00   0.0000E+00  0.0000
   2.5119E+00   3.1623E+00   0.0000E+00  0.0000
   3.1623E+00   3.9811E+00   0.0000E+00  0.0000
   3.9811E+00   5.0119E+00   0.0000E+00  0.0000
   5.0119E+00   6.3096E+00   0.0000E+00  0.0000
   6.3096E+00   7.9433E+00   0.0000E+00  0.0000
   7.9433E+00   1.0000E+01   0.0000E+00  0.0000
   1.0000E+01   1.2589E+01   0.0000E+00  0.0000
   1.2589E+01   1.5849E+01   0.0000E+00  0.0000
   1.5849E+01   1.9953E+01   0.0000E+00  0.0000
   1.9953E+01   2.5119E+01   0.0000E+00  0.0000
   2.5119E+01   3.1623E+01   0.0000E+00  0.0000
   3.1623E+01   3.9811E+01   0.0000E+00  0.0000
   3.9811E+01   5.0119E+01   0.0000E+00  0.0000
   5.0119E+01   6.3096E+01   0.0000E+00  0.0000
   6.3096E+01   7.9433E+01   0.0000E+00  0.0000
   7.9433E+01   1.0000E+02   0.0000E+00  0.0000
   1.0000E+02   1.2589E+02   0.0000E+00  0.0000
   1.2589E+02   1.5849E+02   0.0000E+00  0.0000
   1.5849E+02   1.9953E+02   0.0000E+00  0.0000
   1.9953E+02   2.5119E+02   0.0000E+00  0.0000
   2.5119E+02   3.1623E+02   0.0000E+00  0.0000
   3.1623E+02   3.9811E+02   0.0000E+00  0.0000
   3.9811E+02   5.0119E+02   0.0000E+00  0.0000
   5.0119E+02   6.3096E+02   0.0000E+00  0.0000
   6.3096E+02   7.9433E+02   0.0000E+00  0.0000
   7.9433E+02   1.0000E+03   0.0000E+00  0.0000

#   sum over                 2.3455E-04  0.1113

'no. =  2,  reg  =    201'
msuc: {\huge Neutron track length in active He-3 gas}
msdr: {\it plotted by \ANGEL \version}
msdl: {\it calculated by \PHITS  3.36}
wt: s(0.7)
\vspace{-3}
   vol  &=&   1.0000E+00 [cm^3]
e:

#------------------------------------------------------------------------------
 newpage:
#   no. =  3   reg =    301

x: Energy [MeV/n]
y: Flux [1/cm^2/source]              
p: xlog ylog afac(0.8) form(0.9)
h: n            x            y(neutron ),hh0l n  
#  e-lower      e-upper        neutron   r.err 
   1.0000E-10   1.2589E-10   0.0000E+00  0.0000
   1.2589E-10   1.5849E-10   0.0000E+00  0.0000
   1.5849E-10   1.9953E-10   0.0000E+00  0.0000
   1.9953E-10   2.5119E-10   0.0000E+00  0.0000
   2.5119E-10   3.1623E-10   0.0000E+00  0.0000
   3.1623E-10   3.9811E-10   2.1973E-07  0.7409
   3.9811E-10   5.0119E-10   0.0000E+00  0.0000
   5.0119E-10   6.3096E-10   0.0000E+00  0.0000
   6.3096E-10   7.9433E-10   0.0000E+00  0.0000
   7.9433E-10   1.0000E-09   5.4280E-07  0.8503
   1.0000E-09   1.2589E-09   3.0300E-06  0.5830
   1.2589E-09   1.5849E-09   1.2806E-06  0.5162
   1.5849E-09   1.9953E-09   6.7592E-06  0.3545
   1.9953E-09   2.5119E-09   6.9437E-06  0.3617
   2.5119E-09   3.1623E-09   3.4313E-05  0.2032
   3.1623E-09   3.9811E-09   4.3033E-05  0.1743
   3.9811E-09   5.0119E-09   4.2867E-03  0.0273
   5.0119E-09   6.3096E-09   1.8609E-04  0.1157
   6.3096E-09   7.9433E-09   1.5923E-04  0.1255
   7.9433E-09   1.0000E-08   1.1850E-04  0.1404
   1.0000E-08   1.2589E-08   7.4168E-05  0.1710
   1.2589E-08   1.5849E-08   3.6554E-05  0.2858
   1.5849E-08   1.9953E-08   4.1320E-05  0.2808
   1.9953E-08   2.5119E-08   6.1366E-06  0.5204
   2.5119E-08   3.1623E-08   2.7720E-06  0.5102
   3.1623E-08   3.9811E-08   5.7755E-06  0.7374
   3.9811E-08   5.0119E-08   0.0000E+00  0.0000
   5.0119E-08   6.3096E-08   9.6259E-07  1.0000
   6.3096E-08   7.9433E-08   0.0000E+00  0.0000
   7.9433E-08   1.0000E-07   0.0000E+00  0.0000
   1.0000E-07   1.2589E-07   0.0000E+00  0.0000
   1.2589E-07   1.5849E-07   0.0000E+00  0.0000
   1.5849E-07   1.9953E-07   0.0000E+00  0.0000
   1.9953E-07   2.5119E-07   0.0000E+00  0.0000
   2.5119E-07   3.1623E-07   0.0000E+00  0.0000
   3.1623E-07   3.9811E-07   0.0000E+00  0.0000
   3.9811E-07   5.0119E-07   0.0000E+00  0.0000
   5.0119E-07   6.3096E-07   0.0000E+00  0.0000
   6.3096E-07   7.9433E-07   0.0000E+00  0.0000
   7.9433E-07   1.0000E-06   0.0000E+00  0.0000
   1.0000E-06   1.2589E-06   0.0000E+00  0.0000
   1.2589E-06   1.5849E-06   0.0000E+00  0.0000
   1.5849E-06   1.9953E-06   0.0000E+00  0.0000
   1.9953E-06   2.5119E-06   0.0000E+00  0.0000
   2.5119E-06   3.1623E-06   0.0000E+00  0.0000
   3.1623E-06   3.9811E-06   0.0000E+00  0.0000
   3.9811E-06   5.0119E-06   0.0000E+00  0.0000
   5.0119E-06   6.3096E-06   0.0000E+00  0.0000
   6.3096E-06   7.9433E-06   0.0000E+00  0.0000
   7.9433E-06   1.0000E-05   0.0000E+00  0.0000
   1.0000E-05   1.2589E-05   0.0000E+00  0.0000
   1.2589E-05   1.5849E-05   0.0000E+00  0.0000
   1.5849E-05   1.9953E-05   0.0000E+00  0.0000
   1.9953E-05   2.5119E-05   0.0000E+00  0.0000
   2.5119E-05   3.1623E-05   0.0000E+00  0.0000
   3.1623E-05   3.9811E-05   0.0000E+00  0.0000
   3.9811E-05   5.0119E-05   0.0000E+00  0.0000
   5.0119E-05   6.3096E-05   0.0000E+00  0.0000
   6.3096E-05   7.9433E-05   0.0000E+00  0.0000
   7.9433E-05   1.0000E-04   0.0000E+00  0.0000
   1.0000E-04   1.2589E-04   0.0000E+00  0.0000
   1.2589E-04   1.5849E-04   0.0000E+00  0.0000
   1.5849E-04   1.9953E-04   0.0000E+00  0.0000
   1.9953E-04   2.5119E-04   0.0000E+00  0.0000
   2.5119E-04   3.1623E-04   0.0000E+00  0.0000
   3.1623E-04   3.9811E-04   0.0000E+00  0.0000
   3.9811E-04   5.0119E-04   0.0000E+00  0.0000
   5.0119E-04   6.3096E-04   0.0000E+00  0.0000
   6.3096E-04   7.9433E-04   0.0000E+00  0.0000
   7.9433E-04   1.0000E-03   0.0000E+00  0.0000
   1.0000E-03   1.2589E-03   0.0000E+00  0.0000
   1.2589E-03   1.5849E-03   0.0000E+00  0.0000
   1.5849E-03   1.9953E-03   0.0000E+00  0.0000
   1.9953E-03   2.5119E-03   0.0000E+00  0.0000
   2.5119E-03   3.1623E-03   0.0000E+00  0.0000
   3.1623E-03   3.9811E-03   0.0000E+00  0.0000
   3.9811E-03   5.0119E-03   0.0000E+00  0.0000
   5.0119E-03   6.3096E-03   0.0000E+00  0.0000
   6.3096E-03   7.9433E-03   0.0000E+00  0.0000
   7.9433E-03   1.0000E-02   0.0000E+00  0.0000
   1.0000E-02   1.2589E-02   0.0000E+00  0.0000
   1.2589E-02   1.5849E-02   0.0000E+00  0.0000
   1.5849E-02   1.9953E-02   0.0000E+00  0.0000
   1.9953E-02   2.5119E-02   0.0000E+00  0.0000
   2.5119E-02   3.1623E-02   0.0000E+00  0.0000
   3.1623E-02   3.9811E-02   0.0000E+00  0.0000
   3.9811E-02   5.0119E-02   0.0000E+00  0.0000
   5.0119E-02   6.3096E-02   0.0000E+00  0.0000
   6.3096E-02   7.9433E-02   0.0000E+00  0.0000
   7.9433E-02   1.0000E-01   0.0000E+00  0.0000
   1.0000E-01   1.2589E-01   0.0000E+00  0.0000
   1.2589E-01   1.5849E-01   0.0000E+00  0.0000
   1.5849E-01   1.9953E-01   0.0000E+00  0.0000
   1.9953E-01   2.5119E-01   0.0000E+00  0.0000
   2.5119E-01   3.1623E-01   0.0000E+00  0.0000
   3.1623E-01   3.9811E-01   0.0000E+00  0.0000
   3.9811E-01   5.0119E-01   0.0000E+00  0.0000
   5.0119E-01   6.3096E-01   0.0000E+00  0.0000
   6.3096E-01   7.9433E-01   0.0000E+00  0.0000
   7.9433E-01   1.0000E+00   0.0000E+00  0.0000
   1.0000E+00   1.2589E+00   0.0000E+00  0.0000
   1.2589E+00   1.5849E+00   0.0000E+00  0.0000
   1.5849E+00   1.9953E+00   0.0000E+00  0.0000
   1.9953E+00   2.5119E+00   0.0000E+00  0.0000
   2.5119E+00   3.1623E+00   0.0000E+00  0.0000
   3.1623E+00   3.9811E+00   0.0000E+00  0.0000
   3.9811E+00   5.0119E+00   0.0000E+00  0.0000
   5.0119E+00   6.3096E+00   0.0000E+00  0.0000
   6.3096E+00   7.9433E+00   0.0000E+00  0.0000
   7.9433E+00   1.0000E+01   0.0000E+00  0.0000
   1.0000E+01   1.2589E+01   0.0000E+00  0.0000
   1.2589E+01   1.5849E+01   0.0000E+00  0.0000
   1.5849E+01   1.9953E+01   0.0000E+00  0.0000
   1.9953E+01   2.5119E+01   0.0000E+00  0.0000
   2.5119E+01   3.1623E+01   0.0000E+00  0.0000
   3.1623E+01   3.9811E+01   0.0000E+00  0.0000
   3.9811E+01   5.0119E+01   0.0000E+00  0.0000
   5.0119E+01   6.3096E+01   0.0000E+00  0.0000
   6.3096E+01   7.9433E+01   0.0000E+00  0.0000
   7.9433E+01   1.0000E+02   0.0000E+00  0.0000
   1.0000E+02   1.2589E+02   0.0000E+00  0.0000
   1.2589E+02   1.5849E+02   0.0000E+00  0.0000
   1.5849E+02   1.9953E+02   0.0000E+00  0.0000
   1.9953E+02   2.5119E+02   0.0000E+00  0.0000
   2.5119E+02   3.1623E+02   0.0000E+00  0.0000
   3.1623E+02   3.9811E+02   0.0000E+00  0.0000
   3.9811E+02   5.0119E+02   0.0000E+00  0.0000
   5.0119E+02   6.3096E+02   0.0000E+00  0.0000
   6.3096E+02   7.9433E+02   0.0000E+00  0.0000
   7.9433E+02   1.0000E+03   0.0000E+00  0.0000

#   sum over                 5.0143E-03  0.0247

'no. =  3,  reg  =    301'
msuc: {\huge Neutron track length in active He-3 gas}
msdr: {\it plotted by \ANGEL \version}
msdl: {\it calculated by \PHITS  3.36}
wt: s(0.7)
\vspace{-3}
   vol  &=&   1.0000E+00 [cm^3]
e:

#------------------------------------------------------------------------------
 newpage:
#   no. =  4   reg =    401

x: Energy [MeV/n]
y: Flux [1/cm^2/source]              
p: xlog ylog afac(0.8) form(0.9)
h: n            x            y(neutron ),hh0l n  
#  e-lower      e-upper        neutron   r.err 
   1.0000E-10   1.2589E-10   0.0000E+00  0.0000
   1.2589E-10   1.5849E-10   0.0000E+00  0.0000
   1.5849E-10   1.9953E-10   0.0000E+00  0.0000
   1.9953E-10   2.5119E-10   0.0000E+00  0.0000
   2.5119E-10   3.1623E-10   0.0000E+00  0.0000
   3.1623E-10   3.9811E-10   0.0000E+00  0.0000
   3.9811E-10   5.0119E-10   0.0000E+00  0.0000
   5.0119E-10   6.3096E-10   0.0000E+00  0.0000
   6.3096E-10   7.9433E-10   0.0000E+00  0.0000
   7.9433E-10   1.0000E-09   0.0000E+00  0.0000
   1.0000E-09   1.2589E-09   0.0000E+00  0.0000
   1.2589E-09   1.5849E-09   0.0000E+00  0.0000
   1.5849E-09   1.9953E-09   0.0000E+00  0.0000
   1.9953E-09   2.5119E-09   8.1093E-07  1.0000
   2.5119E-09   3.1623E-09   0.0000E+00  0.0000
   3.1623E-09   3.9811E-09   0.0000E+00  0.0000
   3.9811E-09   5.0119E-09   0.0000E+00  0.0000
   5.0119E-09   6.3096E-09   6.2887E-08  1.0000
   6.3096E-09   7.9433E-09   2.4012E-07  1.0000
   7.9433E-09   1.0000E-08   7.6304E-07  0.5715
   1.0000E-08   1.2589E-08   2.7995E-06  0.5389
   1.2589E-08   1.5849E-08   7.8309E-06  0.3767
   1.5849E-08   1.9953E-08   1.1903E-05  0.4293
   1.9953E-08   2.5119E-08   1.8424E-05  0.3188
   2.5119E-08   3.1623E-08   1.7636E-05  0.4014
   3.1623E-08   3.9811E-08   3.0234E-05  0.2854
   3.9811E-08   5.0119E-08   7.8500E-05  0.2314
   5.0119E-08   6.3096E-08   8.1935E-05  0.2691
   6.3096E-08   7.9433E-08   6.4403E-05  0.2686
   7.9433E-08   1.0000E-07   5.5709E-05  0.2980
   1.0000E-07   1.2589E-07   4.8689E-05  0.3238
   1.2589E-07   1.5849E-07   4.2340E-05  0.3013
   1.5849E-07   1.9953E-07   2.0023E-05  0.6262
   1.9953E-07   2.5119E-07   2.7621E-06  1.0000
   2.5119E-07   3.1623E-07   0.0000E+00  0.0000
   3.1623E-07   3.9811E-07   0.0000E+00  0.0000
   3.9811E-07   5.0119E-07   0.0000E+00  0.0000
   5.0119E-07   6.3096E-07   0.0000E+00  0.0000
   6.3096E-07   7.9433E-07   0.0000E+00  0.0000
   7.9433E-07   1.0000E-06   0.0000E+00  0.0000
   1.0000E-06   1.2589E-06   0.0000E+00  0.0000
   1.2589E-06   1.5849E-06   0.0000E+00  0.0000
   1.5849E-06   1.9953E-06   0.0000E+00  0.0000
   1.9953E-06   2.5119E-06   0.0000E+00  0.0000
   2.5119E-06   3.1623E-06   0.0000E+00  0.0000
   3.1623E-06   3.9811E-06   0.0000E+00  0.0000
   3.9811E-06   5.0119E-06   0.0000E+00  0.0000
   5.0119E-06   6.3096E-06   0.0000E+00  0.0000
   6.3096E-06   7.9433E-06   0.0000E+00  0.0000
   7.9433E-06   1.0000E-05   0.0000E+00  0.0000
   1.0000E-05   1.2589E-05   0.0000E+00  0.0000
   1.2589E-05   1.5849E-05   0.0000E+00  0.0000
   1.5849E-05   1.9953E-05   0.0000E+00  0.0000
   1.9953E-05   2.5119E-05   0.0000E+00  0.0000
   2.5119E-05   3.1623E-05   0.0000E+00  0.0000
   3.1623E-05   3.9811E-05   0.0000E+00  0.0000
   3.9811E-05   5.0119E-05   0.0000E+00  0.0000
   5.0119E-05   6.3096E-05   0.0000E+00  0.0000
   6.3096E-05   7.9433E-05   0.0000E+00  0.0000
   7.9433E-05   1.0000E-04   0.0000E+00  0.0000
   1.0000E-04   1.2589E-04   0.0000E+00  0.0000
   1.2589E-04   1.5849E-04   0.0000E+00  0.0000
   1.5849E-04   1.9953E-04   0.0000E+00  0.0000
   1.9953E-04   2.5119E-04   0.0000E+00  0.0000
   2.5119E-04   3.1623E-04   0.0000E+00  0.0000
   3.1623E-04   3.9811E-04   0.0000E+00  0.0000
   3.9811E-04   5.0119E-04   0.0000E+00  0.0000
   5.0119E-04   6.3096E-04   0.0000E+00  0.0000
   6.3096E-04   7.9433E-04   0.0000E+00  0.0000
   7.9433E-04   1.0000E-03   0.0000E+00  0.0000
   1.0000E-03   1.2589E-03   0.0000E+00  0.0000
   1.2589E-03   1.5849E-03   0.0000E+00  0.0000
   1.5849E-03   1.9953E-03   0.0000E+00  0.0000
   1.9953E-03   2.5119E-03   0.0000E+00  0.0000
   2.5119E-03   3.1623E-03   0.0000E+00  0.0000
   3.1623E-03   3.9811E-03   0.0000E+00  0.0000
   3.9811E-03   5.0119E-03   0.0000E+00  0.0000
   5.0119E-03   6.3096E-03   0.0000E+00  0.0000
   6.3096E-03   7.9433E-03   0.0000E+00  0.0000
   7.9433E-03   1.0000E-02   0.0000E+00  0.0000
   1.0000E-02   1.2589E-02   0.0000E+00  0.0000
   1.2589E-02   1.5849E-02   0.0000E+00  0.0000
   1.5849E-02   1.9953E-02   0.0000E+00  0.0000
   1.9953E-02   2.5119E-02   0.0000E+00  0.0000
   2.5119E-02   3.1623E-02   0.0000E+00  0.0000
   3.1623E-02   3.9811E-02   0.0000E+00  0.0000
   3.9811E-02   5.0119E-02   0.0000E+00  0.0000
   5.0119E-02   6.3096E-02   0.0000E+00  0.0000
   6.3096E-02   7.9433E-02   0.0000E+00  0.0000
   7.9433E-02   1.0000E-01   0.0000E+00  0.0000
   1.0000E-01   1.2589E-01   0.0000E+00  0.0000
   1.2589E-01   1.5849E-01   0.0000E+00  0.0000
   1.5849E-01   1.9953E-01   0.0000E+00  0.0000
   1.9953E-01   2.5119E-01   0.0000E+00  0.0000
   2.5119E-01   3.1623E-01   0.0000E+00  0.0000
   3.1623E-01   3.9811E-01   0.0000E+00  0.0000
   3.9811E-01   5.0119E-01   0.0000E+00  0.0000
   5.0119E-01   6.3096E-01   0.0000E+00  0.0000
   6.3096E-01   7.9433E-01   0.0000E+00  0.0000
   7.9433E-01   1.0000E+00   0.0000E+00  0.0000
   1.0000E+00   1.2589E+00   0.0000E+00  0.0000
   1.2589E+00   1.5849E+00   0.0000E+00  0.0000
   1.5849E+00   1.9953E+00   0.0000E+00  0.0000
   1.9953E+00   2.5119E+00   0.0000E+00  0.0000
   2.5119E+00   3.1623E+00   0.0000E+00  0.0000
   3.1623E+00   3.9811E+00   0.0000E+00  0.0000
   3.9811E+00   5.0119E+00   0.0000E+00  0.0000
   5.0119E+00   6.3096E+00   0.0000E+00  0.0000
   6.3096E+00   7.9433E+00   0.0000E+00  0.0000
   7.9433E+00   1.0000E+01   0.0000E+00  0.0000
   1.0000E+01   1.2589E+01   0.0000E+00  0.0000
   1.2589E+01   1.5849E+01   0.0000E+00  0.0000
   1.5849E+01   1.9953E+01   0.0000E+00  0.0000
   1.9953E+01   2.5119E+01   0.0000E+00  0.0000
   2.5119E+01   3.1623E+01   0.0000E+00  0.0000
   3.1623E+01   3.9811E+01   0.0000E+00  0.0000
   3.9811E+01   5.0119E+01   0.0000E+00  0.0000
   5.0119E+01   6.3096E+01   0.0000E+00  0.0000
   6.3096E+01   7.9433E+01   0.0000E+00  0.0000
   7.9433E+01   1.0000E+02   0.0000E+00  0.0000
   1.0000E+02   1.2589E+02   0.0000E+00  0.0000
   1.2589E+02   1.5849E+02   0.0000E+00  0.0000
   1.5849E+02   1.9953E+02   0.0000E+00  0.0000
   1.9953E+02   2.5119E+02   0.0000E+00  0.0000
   2.5119E+02   3.1623E+02   0.0000E+00  0.0000
   3.1623E+02   3.9811E+02   0.0000E+00  0.0000
   3.9811E+02   5.0119E+02   0.0000E+00  0.0000
   5.0119E+02   6.3096E+02   0.0000E+00  0.0000
   6.3096E+02   7.9433E+02   0.0000E+00  0.0000
   7.9433E+02   1.0000E+03   0.0000E+00  0.0000

#   sum over                 4.8506E-04  0.0984

'no. =  4,  reg  =    401'
msuc: {\huge Neutron track length in active He-3 gas}
msdr: {\it plotted by \ANGEL \version}
msdl: {\it calculated by \PHITS  3.36}
wt: s(0.7)
\vspace{-3}
   vol  &=&   1.0000E+00 [cm^3]
e:
 
# Information for Restart Calculation
# This calculation was newly started
# istdev =  2 # 1:Batch variance, 2:History variance
# resc2  = 1.49406809507761674E+05 # Total source weight or Total source weight / maxcas
# resc3  = 1.50000000000000000E+05 # Total history number or Total batch number
# maxcas =      150000 # History / Batch, only used for istdev=1
# bitrseed = 0010011100001101000100010010110001010001000001011111001010001001 # bit data of rseed
