[ T-Track ]
    title = Flux spectrum in open air above ground
     mesh =  reg            # mesh type is region-wise
      reg = 111
   e-type =    3            # e-mesh is log given by emin, emax and ne
     emin =  1.0000000E-10  # minimum value of e-mesh points
     emax =   100000.0      # maximum value of e-mesh points
#    edel =  0.5756463      # mesh width of e-mesh points
       ne =     60          # number of e-mesh points
#    data = ( e(i), i = 1, ne + 1 )
#           1.00000E-10  1.77828E-10  3.16228E-10  5.62341E-10  1.00000E-09
#           1.77828E-09  3.16228E-09  5.62341E-09  1.00000E-08  1.77828E-08
#           3.16228E-08  5.62341E-08  1.00000E-07  1.77828E-07  3.16228E-07
#           5.62341E-07  1.00000E-06  1.77828E-06  3.16228E-06  5.62341E-06
#           1.00000E-05  1.77828E-05  3.16228E-05  5.62341E-05  1.00000E-04
#           1.77828E-04  3.16228E-04  5.62341E-04  1.00000E-03  1.77828E-03
#           3.16228E-03  5.62341E-03  1.00000E-02  1.77828E-02  3.16228E-02
#           5.62341E-02  1.00000E-01  1.77828E-01  3.16228E-01  5.62341E-01
#           1.00000E+00  1.77828E+00  3.16228E+00  5.62341E+00  1.00000E+01
#           1.77828E+01  3.16228E+01  5.62341E+01  1.00000E+02  1.77828E+02
#           3.16228E+02  5.62341E+02  1.00000E+03  1.77828E+03  3.16228E+03
#           5.62341E+03  1.00000E+04  1.77828E+04  3.16228E+04  5.62341E+04
#           1.00000E+05
     unit =    1            # unit is [1/cm^2/source]
 material =  all            # (D=all) number of specific material
     axis =     eng            # axis of output
     file = air_spec.out    # file name of output for the above axis
     part =  neutron    muon-      muon+      proton   
# kf/name :  2112       13         -13        2212     
#    used :        main (  %)        temp (  %)       total (  %)
#  memory :          67 (  0)           0 (  0)          67 (  0)

#------------------------------------------------------------------------------
#newpage:
#   no. =  1   reg =    111

x: Energy [MeV/n]
y: Flux [1/cm^2/source]              
p: xlog ylog afac(0.8) form(0.9)
h: n            x            y(neutron ),hh0l n  y(muon-   ),hh0dr n  y(muon+   ),hh0ub n  y(proton  ),hh0mg n  
#  e-lower      e-upper        neutron   r.err      muon-     r.err      muon+     r.err      proton    r.err 
   1.0000E-10   1.7783E-10   0.0000E+00  0.0000   0.0000E+00  0.0000   0.0000E+00  0.0000   0.0000E+00  0.0000
   1.7783E-10   3.1623E-10   0.0000E+00  0.0000   0.0000E+00  0.0000   0.0000E+00  0.0000   0.0000E+00  0.0000
   3.1623E-10   5.6234E-10   0.0000E+00  0.0000   0.0000E+00  0.0000   0.0000E+00  0.0000   0.0000E+00  0.0000
   5.6234E-10   1.0000E-09   0.0000E+00  0.0000   0.0000E+00  0.0000   0.0000E+00  0.0000   0.0000E+00  0.0000
   1.0000E-09   1.7783E-09   0.0000E+00  0.0000   0.0000E+00  0.0000   0.0000E+00  0.0000   0.0000E+00  0.0000
   1.7783E-09   3.1623E-09   0.0000E+00  0.0000   0.0000E+00  0.0000   0.0000E+00  0.0000   0.0000E+00  0.0000
   3.1623E-09   5.6234E-09   0.0000E+00  0.0000   0.0000E+00  0.0000   0.0000E+00  0.0000   0.0000E+00  0.0000
   5.6234E-09   1.0000E-08   1.3770E-05  1.0000   0.0000E+00  0.0000   0.0000E+00  0.0000   0.0000E+00  0.0000
   1.0000E-08   1.7783E-08   3.8443E-05  0.6554   0.0000E+00  0.0000   0.0000E+00  0.0000   0.0000E+00  0.0000
   1.7783E-08   3.1623E-08   5.3786E-05  0.7753   0.0000E+00  0.0000   0.0000E+00  0.0000   0.0000E+00  0.0000
   3.1623E-08   5.6234E-08   9.1195E-05  0.4376   0.0000E+00  0.0000   0.0000E+00  0.0000   0.0000E+00  0.0000
   5.6234E-08   1.0000E-07   1.1632E-04  0.3748   0.0000E+00  0.0000   0.0000E+00  0.0000   0.0000E+00  0.0000
   1.0000E-07   1.7783E-07   5.4442E-05  0.4977   0.0000E+00  0.0000   0.0000E+00  0.0000   0.0000E+00  0.0000
   1.7783E-07   3.1623E-07   1.8549E-05  0.8792   0.0000E+00  0.0000   0.0000E+00  0.0000   0.0000E+00  0.0000
   3.1623E-07   5.6234E-07   0.0000E+00  0.0000   0.0000E+00  0.0000   0.0000E+00  0.0000   0.0000E+00  0.0000
   5.6234E-07   1.0000E-06   2.3278E-05  1.0000   0.0000E+00  0.0000   0.0000E+00  0.0000   0.0000E+00  0.0000
   1.0000E-06   1.7783E-06   0.0000E+00  0.0000   0.0000E+00  0.0000   0.0000E+00  0.0000   0.0000E+00  0.0000
   1.7783E-06   3.1623E-06   0.0000E+00  0.0000   0.0000E+00  0.0000   0.0000E+00  0.0000   0.0000E+00  0.0000
   3.1623E-06   5.6234E-06   0.0000E+00  0.0000   0.0000E+00  0.0000   0.0000E+00  0.0000   0.0000E+00  0.0000
   5.6234E-06   1.0000E-05   5.9632E-05  0.7598   0.0000E+00  0.0000   0.0000E+00  0.0000   0.0000E+00  0.0000
   1.0000E-05   1.7783E-05   1.3644E-06  1.0000   0.0000E+00  0.0000   0.0000E+00  0.0000   0.0000E+00  0.0000
   1.7783E-05   3.1623E-05   0.0000E+00  0.0000   0.0000E+00  0.0000   0.0000E+00  0.0000   0.0000E+00  0.0000
   3.1623E-05   5.6234E-05   0.0000E+00  0.0000   0.0000E+00  0.0000   0.0000E+00  0.0000   0.0000E+00  0.0000
   5.6234E-05   1.0000E-04   1.7478E-05  1.0000   0.0000E+00  0.0000   0.0000E+00  0.0000   0.0000E+00  0.0000
   1.0000E-04   1.7783E-04   0.0000E+00  0.0000   0.0000E+00  0.0000   0.0000E+00  0.0000   0.0000E+00  0.0000
   1.7783E-04   3.1623E-04   3.0914E-05  0.7102   0.0000E+00  0.0000   0.0000E+00  0.0000   0.0000E+00  0.0000
   3.1623E-04   5.6234E-04   2.3786E-05  1.0000   0.0000E+00  0.0000   0.0000E+00  0.0000   0.0000E+00  0.0000
   5.6234E-04   1.0000E-03   0.0000E+00  0.0000   0.0000E+00  0.0000   0.0000E+00  0.0000   0.0000E+00  0.0000
   1.0000E-03   1.7783E-03   3.5945E-05  0.6659   0.0000E+00  0.0000   0.0000E+00  0.0000   4.2862E-11  0.7069
   1.7783E-03   3.1623E-03   0.0000E+00  0.0000   0.0000E+00  0.0000   0.0000E+00  0.0000   6.1506E-11  0.7069
   3.1623E-03   5.6234E-03   1.5916E-05  0.8888   0.0000E+00  0.0000   0.0000E+00  0.0000   8.7024E-11  0.7069
   5.6234E-03   1.0000E-02   1.5752E-05  1.0000   0.0000E+00  0.0000   0.0000E+00  0.0000   1.2173E-10  0.7069
   1.0000E-02   1.7783E-02   1.0598E-06  1.0000   0.0000E+00  0.0000   0.0000E+00  0.0000   1.6894E-10  0.7069
   1.7783E-02   3.1623E-02   1.1522E-05  0.9184   0.0000E+00  0.0000   0.0000E+00  0.0000   2.3570E-10  0.7069
   3.1623E-02   5.6234E-02   5.6368E-05  0.5849   0.0000E+00  0.0000   0.0000E+00  0.0000   3.6068E-10  0.7069
   5.6234E-02   1.0000E-01   1.4895E-05  1.0000   0.0000E+00  0.0000   0.0000E+00  0.0000   5.8493E-10  0.7069
   1.0000E-01   1.7783E-01   1.0900E-04  0.4919   0.0000E+00  0.0000   0.0000E+00  0.0000   1.0358E-09  0.7069
   1.7783E-01   3.1623E-01   9.9205E-05  0.5728   0.0000E+00  0.0000   0.0000E+00  0.0000   2.1279E-09  0.7069
   3.1623E-01   5.6234E-01   1.6503E-04  0.3716   0.0000E+00  0.0000   0.0000E+00  0.0000   5.1206E-09  0.7069
   5.6234E-01   1.0000E+00   2.7048E-04  0.3368   0.0000E+00  0.0000   0.0000E+00  0.0000   1.3308E-08  0.7069
   1.0000E+00   1.7783E+00   5.3591E-05  0.5135   0.0000E+00  0.0000   0.0000E+00  0.0000   3.4924E-08  0.7069
   1.7783E+00   3.1623E+00   3.0885E-04  0.3696   0.0000E+00  0.0000   0.0000E+00  0.0000   9.2687E-08  0.7069
   3.1623E+00   5.6234E+00   2.3054E-04  0.4140   0.0000E+00  0.0000   0.0000E+00  0.0000   1.1103E-07  0.8073
   5.6234E+00   1.0000E+01   2.3077E-04  0.4237   0.0000E+00  0.0000   0.0000E+00  0.0000   1.7231E-07  1.0000
   1.0000E+01   1.7783E+01   2.0370E-04  0.3818   0.0000E+00  0.0000   0.0000E+00  0.0000   9.3321E-07  0.7049
   1.7783E+01   3.1623E+01   8.6697E-05  0.6185   0.0000E+00  0.0000   0.0000E+00  0.0000   5.8654E-06  0.4773
   3.1623E+01   5.6234E+01   1.8187E-04  0.3564   0.0000E+00  0.0000   0.0000E+00  0.0000   1.1395E-05  0.3133
   5.6234E+01   1.0000E+02   4.7012E-04  0.2665   0.0000E+00  0.0000   0.0000E+00  0.0000   1.7764E-05  0.2588
   1.0000E+02   1.7783E+02   5.2222E-04  0.2162   0.0000E+00  0.0000   0.0000E+00  0.0000   4.9171E-05  0.2040
   1.7783E+02   3.1623E+02   3.3906E-04  0.2312   0.0000E+00  0.0000   0.0000E+00  0.0000   4.1002E-05  0.1758
   3.1623E+02   5.6234E+02   1.3302E-04  0.3303   0.0000E+00  0.0000   0.0000E+00  0.0000   4.7146E-05  0.1715
   5.6234E+02   1.0000E+03   5.9798E-05  0.5043   0.0000E+00  0.0000   0.0000E+00  0.0000   1.7990E-05  0.2411
   1.0000E+03   1.7783E+03   1.7482E-05  0.7929   0.0000E+00  0.0000   0.0000E+00  0.0000   1.2913E-05  0.2826
   1.7783E+03   3.1623E+03   0.0000E+00  0.0000   0.0000E+00  0.0000   0.0000E+00  0.0000   1.2766E-05  0.2883
   3.1623E+03   5.6234E+03   0.0000E+00  0.0000   0.0000E+00  0.0000   0.0000E+00  0.0000   9.6775E-06  0.3331
   5.6234E+03   1.0000E+04   1.3212E-05  1.0000   0.0000E+00  0.0000   0.0000E+00  0.0000   2.3229E-06  0.6011
   1.0000E+04   1.7783E+04   0.0000E+00  0.0000   0.0000E+00  0.0000   0.0000E+00  0.0000   3.2788E-06  0.5829
   1.7783E+04   3.1623E+04   0.0000E+00  0.0000   0.0000E+00  0.0000   0.0000E+00  0.0000   9.6211E-07  1.0000
   3.1623E+04   5.6234E+04   0.0000E+00  0.0000   0.0000E+00  0.0000   0.0000E+00  0.0000   0.0000E+00  0.0000
   5.6234E+04   1.0000E+05   0.0000E+00  0.0000   0.0000E+00  0.0000   0.0000E+00  0.0000   0.0000E+00  0.0000

#   sum over                 4.1891E-03  0.0900   0.0000E+00  0.0000   0.0000E+00  0.0000   2.3362E-04  0.0735

'no. =  1,  reg  =    111'
msuc: {\huge Flux spectrum in open air above ground}
msdr: {\it plotted by \ANGEL \version}
msdl: {\it calculated by \PHITS  3.36}
wt: s(0.7)
\vspace{-3}
   vol  &=&   5.1200E+08 [cm^3]
e:
 
# Information for Restart Calculation
# This calculation was newly started
# istdev =  2 # 1:Batch variance, 2:History variance
# resc2  = 5.61448881394859337E-02 # Total source weight or Total source weight / maxcas
# resc3  = 1.50000000000000000E+03 # Total history number or Total batch number
# maxcas =        1500 # History / Batch, only used for istdev=1
# bitrseed = 0110010010010100000101000101011001001001011111011010001011101000 # bit data of rseed
