[phits-web] uploaded 1 auxiliary file(s)
[phits-web] running main.inp on https://phits.kek.jp (session cli_1790748153_v641mtax) ...
Executing with standard PHITS installation
Command: $PHITSPATH/bin/phits.sh 'main.inp'
bash: /root/.bashrc: Permission denied
Wed Sep 30 15:02:34 JST 2026
Program is started                on 2026/09/30 at 15h 02m 34s
 *** Warning! emin(14) is changed. Transport physics is distorted. Default emin(14) is encouraged
Initialization is completed          on 2026/09/30 at 15h 02m 39s
 Warning : Particle is split by          73 Check [Importance].
 Warning : Particle is split by          73 Check [Importance].
 Warning : Particle is split by          74 Check [Importance].
 Warning : Particle is split by          73 Check [Importance].
 Warning : Particle is split by          73 Check [Importance].
 Warning : Particle is split by          73 Check [Importance].
 This message is not shown anymore
  Warning : in prdgam, a photon production in a neutron reaction has failed due to random number.
bat[       1] ncas =           1000. on 2026/09/30 at 15h 04m 29s
Program is finished               on 2026/09/30 at 15h 04m 29s
[phits-web] PHITS finished normally in 118 s — 5 output file(s) on the server
[phits-web] downloaded 4 result file(s) into /Users/yuto/KEK_summer/04_PHITS_sim/site_models/runs/BT/had_s3002
