[ T-Track ]
    title = Flux spectrum in open air above ground
     mesh =  reg            # mesh type is region-wise
      reg = 111
   e-type =    3            # e-mesh is log given by emin, emax and ne
     emin =  1.0000000E-10  # minimum value of e-mesh points
     emax =   100000.0      # maximum value of e-mesh points
#    edel =  0.5756463      # mesh width of e-mesh points
       ne =     60          # number of e-mesh points
#    data = ( e(i), i = 1, ne + 1 )
#           1.00000E-10  1.77828E-10  3.16228E-10  5.62341E-10  1.00000E-09
#           1.77828E-09  3.16228E-09  5.62341E-09  1.00000E-08  1.77828E-08
#           3.16228E-08  5.62341E-08  1.00000E-07  1.77828E-07  3.16228E-07
#           5.62341E-07  1.00000E-06  1.77828E-06  3.16228E-06  5.62341E-06
#           1.00000E-05  1.77828E-05  3.16228E-05  5.62341E-05  1.00000E-04
#           1.77828E-04  3.16228E-04  5.62341E-04  1.00000E-03  1.77828E-03
#           3.16228E-03  5.62341E-03  1.00000E-02  1.77828E-02  3.16228E-02
#           5.62341E-02  1.00000E-01  1.77828E-01  3.16228E-01  5.62341E-01
#           1.00000E+00  1.77828E+00  3.16228E+00  5.62341E+00  1.00000E+01
#           1.77828E+01  3.16228E+01  5.62341E+01  1.00000E+02  1.77828E+02
#           3.16228E+02  5.62341E+02  1.00000E+03  1.77828E+03  3.16228E+03
#           5.62341E+03  1.00000E+04  1.77828E+04  3.16228E+04  5.62341E+04
#           1.00000E+05
     unit =    1            # unit is [1/cm^2/source]
 material =  all            # (D=all) number of specific material
     axis =     eng            # axis of output
     file = air_spec.out    # file name of output for the above axis
     part =  neutron    muon-      muon+      proton   
# kf/name :  2112       13         -13        2212     
#    used :        main (  %)        temp (  %)       total (  %)
#  memory :          67 (  0)           0 (  0)          67 (  0)

#------------------------------------------------------------------------------
#newpage:
#   no. =  1   reg =    111

x: Energy [MeV/n]
y: Flux [1/cm^2/source]              
p: xlog ylog afac(0.8) form(0.9)
h: n            x            y(neutron ),hh0l n  y(muon-   ),hh0dr n  y(muon+   ),hh0ub n  y(proton  ),hh0mg n  
#  e-lower      e-upper        neutron   r.err      muon-     r.err      muon+     r.err      proton    r.err 
   1.0000E-10   1.7783E-10   0.0000E+00  0.0000   0.0000E+00  0.0000   0.0000E+00  0.0000   0.0000E+00  0.0000
   1.7783E-10   3.1623E-10   0.0000E+00  0.0000   0.0000E+00  0.0000   0.0000E+00  0.0000   0.0000E+00  0.0000
   3.1623E-10   5.6234E-10   0.0000E+00  0.0000   0.0000E+00  0.0000   0.0000E+00  0.0000   0.0000E+00  0.0000
   5.6234E-10   1.0000E-09   0.0000E+00  0.0000   0.0000E+00  0.0000   0.0000E+00  0.0000   0.0000E+00  0.0000
   1.0000E-09   1.7783E-09   0.0000E+00  0.0000   0.0000E+00  0.0000   0.0000E+00  0.0000   0.0000E+00  0.0000
   1.7783E-09   3.1623E-09   0.0000E+00  0.0000   0.0000E+00  0.0000   0.0000E+00  0.0000   0.0000E+00  0.0000
   3.1623E-09   5.6234E-09   1.0533E-05  1.0000   0.0000E+00  0.0000   0.0000E+00  0.0000   0.0000E+00  0.0000
   5.6234E-09   1.0000E-08   0.0000E+00  0.0000   0.0000E+00  0.0000   0.0000E+00  0.0000   0.0000E+00  0.0000
   1.0000E-08   1.7783E-08   0.0000E+00  0.0000   0.0000E+00  0.0000   0.0000E+00  0.0000   0.0000E+00  0.0000
   1.7783E-08   3.1623E-08   9.6287E-06  1.0000   0.0000E+00  0.0000   0.0000E+00  0.0000   0.0000E+00  0.0000
   3.1623E-08   5.6234E-08   9.0860E-06  0.6360   0.0000E+00  0.0000   0.0000E+00  0.0000   0.0000E+00  0.0000
   5.6234E-08   1.0000E-07   3.6108E-05  0.7095   0.0000E+00  0.0000   0.0000E+00  0.0000   0.0000E+00  0.0000
   1.0000E-07   1.7783E-07   5.0749E-05  0.9003   0.0000E+00  0.0000   0.0000E+00  0.0000   0.0000E+00  0.0000
   1.7783E-07   3.1623E-07   0.0000E+00  0.0000   0.0000E+00  0.0000   0.0000E+00  0.0000   0.0000E+00  0.0000
   3.1623E-07   5.6234E-07   0.0000E+00  0.0000   0.0000E+00  0.0000   0.0000E+00  0.0000   0.0000E+00  0.0000
   5.6234E-07   1.0000E-06   1.9333E-06  1.0000   0.0000E+00  0.0000   0.0000E+00  0.0000   0.0000E+00  0.0000
   1.0000E-06   1.7783E-06   2.5206E-05  1.0000   0.0000E+00  0.0000   0.0000E+00  0.0000   0.0000E+00  0.0000
   1.7783E-06   3.1623E-06   0.0000E+00  0.0000   0.0000E+00  0.0000   0.0000E+00  0.0000   0.0000E+00  0.0000
   3.1623E-06   5.6234E-06   0.0000E+00  0.0000   0.0000E+00  0.0000   0.0000E+00  0.0000   0.0000E+00  0.0000
   5.6234E-06   1.0000E-05   0.0000E+00  0.0000   0.0000E+00  0.0000   0.0000E+00  0.0000   0.0000E+00  0.0000
   1.0000E-05   1.7783E-05   0.0000E+00  0.0000   0.0000E+00  0.0000   0.0000E+00  0.0000   0.0000E+00  0.0000
   1.7783E-05   3.1623E-05   2.0901E-05  1.0000   0.0000E+00  0.0000   0.0000E+00  0.0000   0.0000E+00  0.0000
   3.1623E-05   5.6234E-05   0.0000E+00  0.0000   0.0000E+00  0.0000   0.0000E+00  0.0000   0.0000E+00  0.0000
   5.6234E-05   1.0000E-04   0.0000E+00  0.0000   0.0000E+00  0.0000   0.0000E+00  0.0000   0.0000E+00  0.0000
   1.0000E-04   1.7783E-04   2.7880E-05  1.0000   0.0000E+00  0.0000   0.0000E+00  0.0000   0.0000E+00  0.0000
   1.7783E-04   3.1623E-04   0.0000E+00  0.0000   0.0000E+00  0.0000   0.0000E+00  0.0000   0.0000E+00  0.0000
   3.1623E-04   5.6234E-04   0.0000E+00  0.0000   0.0000E+00  0.0000   0.0000E+00  0.0000   0.0000E+00  0.0000
   5.6234E-04   1.0000E-03   3.2428E-05  0.7517   0.0000E+00  0.0000   0.0000E+00  0.0000   0.0000E+00  0.0000
   1.0000E-03   1.7783E-03   1.2484E-05  1.0000   0.0000E+00  0.0000   0.0000E+00  0.0000   1.2395E-10  0.4992
   1.7783E-03   3.1623E-03   0.0000E+00  0.0000   0.0000E+00  0.0000   0.0000E+00  0.0000   1.7787E-10  0.4992
   3.1623E-03   5.6234E-03   0.0000E+00  0.0000   0.0000E+00  0.0000   0.0000E+00  0.0000   2.5167E-10  0.4992
   5.6234E-03   1.0000E-02   0.0000E+00  0.0000   0.0000E+00  0.0000   0.0000E+00  0.0000   3.5204E-10  0.4992
   1.0000E-02   1.7783E-02   2.6323E-05  1.0000   0.0000E+00  0.0000   0.0000E+00  0.0000   4.8855E-10  0.4992
   1.7783E-02   3.1623E-02   1.9512E-06  1.0000   0.0000E+00  0.0000   0.0000E+00  0.0000   6.8161E-10  0.4992
   3.1623E-02   5.6234E-02   1.3570E-04  0.5635   0.0000E+00  0.0000   0.0000E+00  0.0000   1.0430E-09  0.4992
   5.6234E-02   1.0000E-01   5.4213E-05  1.0000   0.0000E+00  0.0000   0.0000E+00  0.0000   1.6916E-09  0.4992
   1.0000E-01   1.7783E-01   1.9715E-04  0.6058   0.0000E+00  0.0000   0.0000E+00  0.0000   2.9956E-09  0.4992
   1.7783E-01   3.1623E-01   9.6845E-05  0.5512   0.0000E+00  0.0000   0.0000E+00  0.0000   6.1537E-09  0.4992
   3.1623E-01   5.6234E-01   4.5215E-05  0.7079   0.0000E+00  0.0000   0.0000E+00  0.0000   1.4808E-08  0.4992
   5.6234E-01   1.0000E+00   2.0084E-04  0.5780   0.0000E+00  0.0000   0.0000E+00  0.0000   3.8486E-08  0.4992
   1.0000E+00   1.7783E+00   4.9107E-04  0.5059   0.0000E+00  0.0000   0.0000E+00  0.0000   1.0100E-07  0.4992
   1.7783E+00   3.1623E+00   1.8115E-04  0.4403   0.0000E+00  0.0000   0.0000E+00  0.0000   2.6804E-07  0.4992
   3.1623E+00   5.6234E+00   3.8465E-04  0.4203   0.0000E+00  0.0000   0.0000E+00  0.0000   7.2860E-07  0.4992
   5.6234E+00   1.0000E+01   1.7946E-04  0.3912   0.0000E+00  0.0000   0.0000E+00  0.0000   1.5049E-06  0.5320
   1.0000E+01   1.7783E+01   1.4739E-04  0.4342   0.0000E+00  0.0000   0.0000E+00  0.0000   1.9440E-06  0.6529
   1.7783E+01   3.1623E+01   1.5924E-04  0.5087   0.0000E+00  0.0000   0.0000E+00  0.0000   3.8681E-06  0.6315
   3.1623E+01   5.6234E+01   1.8200E-04  0.3756   0.0000E+00  0.0000   0.0000E+00  0.0000   3.1637E-06  0.7071
   5.6234E+01   1.0000E+02   3.5614E-04  0.3101   0.0000E+00  0.0000   0.0000E+00  0.0000   1.9528E-05  0.2791
   1.0000E+02   1.7783E+02   4.7758E-04  0.2186   0.0000E+00  0.0000   0.0000E+00  0.0000   2.8159E-05  0.2476
   1.7783E+02   3.1623E+02   3.3737E-04  0.2631   0.0000E+00  0.0000   0.0000E+00  0.0000   3.0044E-05  0.3228
   3.1623E+02   5.6234E+02   1.2437E-04  0.4085   0.0000E+00  0.0000   0.0000E+00  0.0000   2.1768E-05  0.2824
   5.6234E+02   1.0000E+03   3.1544E-05  0.7274   0.0000E+00  0.0000   0.0000E+00  0.0000   1.8413E-05  0.2934
   1.0000E+03   1.7783E+03   3.7958E-05  0.7068   0.0000E+00  0.0000   0.0000E+00  0.0000   1.6160E-05  0.3276
   1.7783E+03   3.1623E+03   3.8867E-05  0.7068   0.0000E+00  0.0000   0.0000E+00  0.0000   1.6789E-05  0.3020
   3.1623E+03   5.6234E+03   0.0000E+00  0.0000   0.0000E+00  0.0000   0.0000E+00  0.0000   2.9795E-06  0.7083
   5.6234E+03   1.0000E+04   0.0000E+00  0.0000   0.0000E+00  0.0000   0.0000E+00  0.0000   5.0710E-06  0.5301
   1.0000E+04   1.7783E+04   0.0000E+00  0.0000   0.0000E+00  0.0000   0.0000E+00  0.0000   1.4312E-06  1.0000
   1.7783E+04   3.1623E+04   0.0000E+00  0.0000   0.0000E+00  0.0000   0.0000E+00  0.0000   1.6542E-06  1.0000
   3.1623E+04   5.6234E+04   0.0000E+00  0.0000   0.0000E+00  0.0000   0.0000E+00  0.0000   0.0000E+00  0.0000
   5.6234E+04   1.0000E+05   0.0000E+00  0.0000   0.0000E+00  0.0000   0.0000E+00  0.0000   0.0000E+00  0.0000

#   sum over                 4.1240E-03  0.1156   0.0000E+00  0.0000   0.0000E+00  0.0000   1.7364E-04  0.0997

'no. =  1,  reg  =    111'
msuc: {\huge Flux spectrum in open air above ground}
msdr: {\it plotted by \ANGEL \version}
msdl: {\it calculated by \PHITS  3.36}
wt: s(0.7)
\vspace{-3}
   vol  &=&   5.1200E+08 [cm^3]
e:
 
# Information for Restart Calculation
# This calculation was newly started
# istdev =  2 # 1:Batch variance, 2:History variance
# resc2  = 3.88289702812763676E-02 # Total source weight or Total source weight / maxcas
# resc3  = 1.00000000000000000E+03 # Total history number or Total batch number
# maxcas =        1000 # History / Batch, only used for istdev=1
# bitrseed = 0111011100111011001010110111110110111001110011111010100001110100 # bit data of rseed
