[ T-Track ]
    title = Neutron track length in active He-3 gas
     mesh =  reg            # mesh type is region-wise
      reg = 101 201 301 401
   e-type =    3            # e-mesh is log given by emin, emax and ne
     emin =  1.0000000E-10  # minimum value of e-mesh points
     emax =   1000.000      # maximum value of e-mesh points
#    edel =  0.2302585      # mesh width of e-mesh points
       ne =    130          # number of e-mesh points
#    data = ( e(i), i = 1, ne + 1 )
#           1.00000E-10  1.25893E-10  1.58489E-10  1.99526E-10  2.51189E-10
#           3.16228E-10  3.98107E-10  5.01187E-10  6.30957E-10  7.94328E-10
#           1.00000E-09  1.25893E-09  1.58489E-09  1.99526E-09  2.51189E-09
#           3.16228E-09  3.98107E-09  5.01187E-09  6.30957E-09  7.94328E-09
#           1.00000E-08  1.25893E-08  1.58489E-08  1.99526E-08  2.51189E-08
#           3.16228E-08  3.98107E-08  5.01187E-08  6.30957E-08  7.94328E-08
#           1.00000E-07  1.25893E-07  1.58489E-07  1.99526E-07  2.51189E-07
#           3.16228E-07  3.98107E-07  5.01187E-07  6.30957E-07  7.94328E-07
#           1.00000E-06  1.25893E-06  1.58489E-06  1.99526E-06  2.51189E-06
#           3.16228E-06  3.98107E-06  5.01187E-06  6.30957E-06  7.94328E-06
#           1.00000E-05  1.25893E-05  1.58489E-05  1.99526E-05  2.51189E-05
#           3.16228E-05  3.98107E-05  5.01187E-05  6.30957E-05  7.94328E-05
#           1.00000E-04  1.25893E-04  1.58489E-04  1.99526E-04  2.51189E-04
#           3.16228E-04  3.98107E-04  5.01187E-04  6.30957E-04  7.94328E-04
#           1.00000E-03  1.25893E-03  1.58489E-03  1.99526E-03  2.51189E-03
#           3.16228E-03  3.98107E-03  5.01187E-03  6.30957E-03  7.94328E-03
#           1.00000E-02  1.25893E-02  1.58489E-02  1.99526E-02  2.51189E-02
#           3.16228E-02  3.98107E-02  5.01187E-02  6.30957E-02  7.94328E-02
#           1.00000E-01  1.25893E-01  1.58489E-01  1.99526E-01  2.51189E-01
#           3.16228E-01  3.98107E-01  5.01187E-01  6.30957E-01  7.94328E-01
#           1.00000E+00  1.25893E+00  1.58489E+00  1.99526E+00  2.51189E+00
#           3.16228E+00  3.98107E+00  5.01187E+00  6.30957E+00  7.94328E+00
#           1.00000E+01  1.25893E+01  1.58489E+01  1.99526E+01  2.51189E+01
#           3.16228E+01  3.98107E+01  5.01187E+01  6.30957E+01  7.94328E+01
#           1.00000E+02  1.25893E+02  1.58489E+02  1.99526E+02  2.51189E+02
#           3.16228E+02  3.98107E+02  5.01187E+02  6.30957E+02  7.94328E+02
#           1.00000E+03
     unit =    1            # unit is [1/cm^2/source]
 material =  all            # (D=all) number of specific material
     axis =     eng            # axis of output
     file = gas_track.out   # file name of output for the above axis
     part =  neutron  
# kf/name :  2112     
#    used :        main (  %)        temp (  %)       total (  %)
#  memory :         139 (  0)           0 (  0)         139 (  0)

#------------------------------------------------------------------------------
#newpage:
#   no. =  1   reg =    101

x: Energy [MeV/n]
y: Flux [1/cm^2/source]              
p: xlog ylog afac(0.8) form(0.9)
h: n            x            y(neutron ),hh0l n  
#  e-lower      e-upper        neutron   r.err 
   1.0000E-10   1.2589E-10   0.0000E+00  0.0000
   1.2589E-10   1.5849E-10   0.0000E+00  0.0000
   1.5849E-10   1.9953E-10   0.0000E+00  0.0000
   1.9953E-10   2.5119E-10   0.0000E+00  0.0000
   2.5119E-10   3.1623E-10   0.0000E+00  0.0000
   3.1623E-10   3.9811E-10   0.0000E+00  0.0000
   3.9811E-10   5.0119E-10   0.0000E+00  0.0000
   5.0119E-10   6.3096E-10   0.0000E+00  0.0000
   6.3096E-10   7.9433E-10   0.0000E+00  0.0000
   7.9433E-10   1.0000E-09   0.0000E+00  0.0000
   1.0000E-09   1.2589E-09   0.0000E+00  0.0000
   1.2589E-09   1.5849E-09   0.0000E+00  0.0000
   1.5849E-09   1.9953E-09   0.0000E+00  0.0000
   1.9953E-09   2.5119E-09   0.0000E+00  0.0000
   2.5119E-09   3.1623E-09   0.0000E+00  0.0000
   3.1623E-09   3.9811E-09   0.0000E+00  0.0000
   3.9811E-09   5.0119E-09   0.0000E+00  0.0000
   5.0119E-09   6.3096E-09   0.0000E+00  0.0000
   6.3096E-09   7.9433E-09   0.0000E+00  0.0000
   7.9433E-09   1.0000E-08   0.0000E+00  0.0000
   1.0000E-08   1.2589E-08   0.0000E+00  0.0000
   1.2589E-08   1.5849E-08   0.0000E+00  0.0000
   1.5849E-08   1.9953E-08   0.0000E+00  0.0000
   1.9953E-08   2.5119E-08   0.0000E+00  0.0000
   2.5119E-08   3.1623E-08   0.0000E+00  0.0000
   3.1623E-08   3.9811E-08   0.0000E+00  0.0000
   3.9811E-08   5.0119E-08   0.0000E+00  0.0000
   5.0119E-08   6.3096E-08   0.0000E+00  0.0000
   6.3096E-08   7.9433E-08   0.0000E+00  0.0000
   7.9433E-08   1.0000E-07   0.0000E+00  0.0000
   1.0000E-07   1.2589E-07   0.0000E+00  0.0000
   1.2589E-07   1.5849E-07   0.0000E+00  0.0000
   1.5849E-07   1.9953E-07   0.0000E+00  0.0000
   1.9953E-07   2.5119E-07   0.0000E+00  0.0000
   2.5119E-07   3.1623E-07   0.0000E+00  0.0000
   3.1623E-07   3.9811E-07   0.0000E+00  0.0000
   3.9811E-07   5.0119E-07   0.0000E+00  0.0000
   5.0119E-07   6.3096E-07   0.0000E+00  0.0000
   6.3096E-07   7.9433E-07   0.0000E+00  0.0000
   7.9433E-07   1.0000E-06   0.0000E+00  0.0000
   1.0000E-06   1.2589E-06   0.0000E+00  0.0000
   1.2589E-06   1.5849E-06   0.0000E+00  0.0000
   1.5849E-06   1.9953E-06   0.0000E+00  0.0000
   1.9953E-06   2.5119E-06   0.0000E+00  0.0000
   2.5119E-06   3.1623E-06   0.0000E+00  0.0000
   3.1623E-06   3.9811E-06   0.0000E+00  0.0000
   3.9811E-06   5.0119E-06   0.0000E+00  0.0000
   5.0119E-06   6.3096E-06   0.0000E+00  0.0000
   6.3096E-06   7.9433E-06   0.0000E+00  0.0000
   7.9433E-06   1.0000E-05   0.0000E+00  0.0000
   1.0000E-05   1.2589E-05   0.0000E+00  0.0000
   1.2589E-05   1.5849E-05   0.0000E+00  0.0000
   1.5849E-05   1.9953E-05   0.0000E+00  0.0000
   1.9953E-05   2.5119E-05   0.0000E+00  0.0000
   2.5119E-05   3.1623E-05   0.0000E+00  0.0000
   3.1623E-05   3.9811E-05   0.0000E+00  0.0000
   3.9811E-05   5.0119E-05   0.0000E+00  0.0000
   5.0119E-05   6.3096E-05   0.0000E+00  0.0000
   6.3096E-05   7.9433E-05   0.0000E+00  0.0000
   7.9433E-05   1.0000E-04   0.0000E+00  0.0000
   1.0000E-04   1.2589E-04   0.0000E+00  0.0000
   1.2589E-04   1.5849E-04   0.0000E+00  0.0000
   1.5849E-04   1.9953E-04   0.0000E+00  0.0000
   1.9953E-04   2.5119E-04   0.0000E+00  0.0000
   2.5119E-04   3.1623E-04   0.0000E+00  0.0000
   3.1623E-04   3.9811E-04   0.0000E+00  0.0000
   3.9811E-04   5.0119E-04   0.0000E+00  0.0000
   5.0119E-04   6.3096E-04   0.0000E+00  0.0000
   6.3096E-04   7.9433E-04   0.0000E+00  0.0000
   7.9433E-04   1.0000E-03   0.0000E+00  0.0000
   1.0000E-03   1.2589E-03   0.0000E+00  0.0000
   1.2589E-03   1.5849E-03   0.0000E+00  0.0000
   1.5849E-03   1.9953E-03   0.0000E+00  0.0000
   1.9953E-03   2.5119E-03   0.0000E+00  0.0000
   2.5119E-03   3.1623E-03   0.0000E+00  0.0000
   3.1623E-03   3.9811E-03   0.0000E+00  0.0000
   3.9811E-03   5.0119E-03   0.0000E+00  0.0000
   5.0119E-03   6.3096E-03   0.0000E+00  0.0000
   6.3096E-03   7.9433E-03   0.0000E+00  0.0000
   7.9433E-03   1.0000E-02   0.0000E+00  0.0000
   1.0000E-02   1.2589E-02   0.0000E+00  0.0000
   1.2589E-02   1.5849E-02   0.0000E+00  0.0000
   1.5849E-02   1.9953E-02   0.0000E+00  0.0000
   1.9953E-02   2.5119E-02   0.0000E+00  0.0000
   2.5119E-02   3.1623E-02   8.3713E-05  0.7086
   3.1623E-02   3.9811E-02   0.0000E+00  0.0000
   3.9811E-02   5.0119E-02   3.1938E-06  1.0000
   5.0119E-02   6.3096E-02   6.8995E-05  0.9144
   6.3096E-02   7.9433E-02   4.5673E-05  1.0000
   7.9433E-02   1.0000E-01   4.1099E-05  1.0000
   1.0000E-01   1.2589E-01   7.3639E-05  0.7866
   1.2589E-01   1.5849E-01   8.1350E-05  0.7072
   1.5849E-01   1.9953E-01   9.2932E-05  0.7162
   1.9953E-01   2.5119E-01   8.8484E-05  0.7071
   2.5119E-01   3.1623E-01   2.0813E-04  0.5122
   3.1623E-01   3.9811E-01   3.1774E-04  0.3912
   3.9811E-01   5.0119E-01   4.1873E-04  0.3151
   5.0119E-01   6.3096E-01   6.3076E-04  0.3077
   6.3096E-01   7.9433E-01   4.2370E-04  0.3872
   7.9433E-01   1.0000E+00   8.6977E-04  0.2780
   1.0000E+00   1.2589E+00   1.0742E-03  0.3473
   1.2589E+00   1.5849E+00   9.1531E-04  0.2152
   1.5849E+00   1.9953E+00   9.2594E-04  0.2655
   1.9953E+00   2.5119E+00   1.5528E-03  0.2011
   2.5119E+00   3.1623E+00   1.6249E-03  0.1901
   3.1623E+00   3.9811E+00   1.2299E-03  0.2111
   3.9811E+00   5.0119E+00   2.0469E-03  0.1917
   5.0119E+00   6.3096E+00   1.4094E-03  0.1912
   6.3096E+00   7.9433E+00   1.7453E-03  0.2336
   7.9433E+00   1.0000E+01   1.5145E-03  0.3390
   1.0000E+01   1.2589E+01   1.1646E-03  0.2354
   1.2589E+01   1.5849E+01   8.8527E-04  0.2510
   1.5849E+01   1.9953E+01   8.9184E-04  0.2569
   1.9953E+01   2.5119E+01   6.3713E-04  0.2640
   2.5119E+01   3.1623E+01   5.9540E-04  0.3384
   3.1623E+01   3.9811E+01   6.2746E-04  0.3457
   3.9811E+01   5.0119E+01   6.3654E-04  0.2796
   5.0119E+01   6.3096E+01   7.5885E-04  0.3701
   6.3096E+01   7.9433E+01   1.0504E-03  0.2659
   7.9433E+01   1.0000E+02   6.0471E-04  0.2811
   1.0000E+02   1.2589E+02   1.1348E-03  0.3599
   1.2589E+02   1.5849E+02   6.2283E-04  0.3158
   1.5849E+02   1.9953E+02   5.0430E-04  0.3291
   1.9953E+02   2.5119E+02   6.9738E-04  0.2739
   2.5119E+02   3.1623E+02   9.6022E-04  0.2201
   3.1623E+02   3.9811E+02   5.8297E-04  0.2689
   3.9811E+02   5.0119E+02   4.4144E-04  0.3242
   5.0119E+02   6.3096E+02   2.7592E-04  0.4249
   6.3096E+02   7.9433E+02   4.1185E-04  0.3007
   7.9433E+02   1.0000E+03   4.6360E-03  0.1155

#   sum over                 3.5607E-02  0.0680

'no. =  1,  reg  =    101'
msuc: {\huge Neutron track length in active He-3 gas}
msdr: {\it plotted by \ANGEL \version}
msdl: {\it calculated by \PHITS  3.36}
wt: s(0.7)
\vspace{-3}
   vol  &=&   1.0000E+00 [cm^3]
e:

#------------------------------------------------------------------------------
 newpage:
#   no. =  2   reg =    201

x: Energy [MeV/n]
y: Flux [1/cm^2/source]              
p: xlog ylog afac(0.8) form(0.9)
h: n            x            y(neutron ),hh0l n  
#  e-lower      e-upper        neutron   r.err 
   1.0000E-10   1.2589E-10   0.0000E+00  0.0000
   1.2589E-10   1.5849E-10   0.0000E+00  0.0000
   1.5849E-10   1.9953E-10   0.0000E+00  0.0000
   1.9953E-10   2.5119E-10   0.0000E+00  0.0000
   2.5119E-10   3.1623E-10   0.0000E+00  0.0000
   3.1623E-10   3.9811E-10   0.0000E+00  0.0000
   3.9811E-10   5.0119E-10   0.0000E+00  0.0000
   5.0119E-10   6.3096E-10   0.0000E+00  0.0000
   6.3096E-10   7.9433E-10   0.0000E+00  0.0000
   7.9433E-10   1.0000E-09   0.0000E+00  0.0000
   1.0000E-09   1.2589E-09   0.0000E+00  0.0000
   1.2589E-09   1.5849E-09   0.0000E+00  0.0000
   1.5849E-09   1.9953E-09   0.0000E+00  0.0000
   1.9953E-09   2.5119E-09   0.0000E+00  0.0000
   2.5119E-09   3.1623E-09   1.3918E-07  1.0000
   3.1623E-09   3.9811E-09   1.2003E-06  0.8258
   3.9811E-09   5.0119E-09   1.2121E-07  1.0000
   5.0119E-09   6.3096E-09   1.8055E-06  0.9514
   6.3096E-09   7.9433E-09   2.3735E-06  0.5589
   7.9433E-09   1.0000E-08   2.8851E-06  0.6210
   1.0000E-08   1.2589E-08   1.3023E-05  0.4951
   1.2589E-08   1.5849E-08   7.3684E-06  0.4153
   1.5849E-08   1.9953E-08   2.3943E-05  0.3581
   1.9953E-08   2.5119E-08   3.0522E-05  0.3816
   2.5119E-08   3.1623E-08   2.4024E-05  0.3848
   3.1623E-08   3.9811E-08   8.5608E-05  0.2490
   3.9811E-08   5.0119E-08   1.2021E-04  0.2336
   5.0119E-08   6.3096E-08   9.6547E-05  0.2010
   6.3096E-08   7.9433E-08   1.0635E-04  0.2846
   7.9433E-08   1.0000E-07   1.5960E-04  0.2442
   1.0000E-07   1.2589E-07   5.2500E-05  0.3364
   1.2589E-07   1.5849E-07   4.4921E-05  0.3749
   1.5849E-07   1.9953E-07   1.6399E-04  0.3998
   1.9953E-07   2.5119E-07   1.9940E-05  0.9976
   2.5119E-07   3.1623E-07   2.2093E-05  0.7712
   3.1623E-07   3.9811E-07   3.5471E-05  1.0000
   3.9811E-07   5.0119E-07   1.8113E-05  0.8897
   5.0119E-07   6.3096E-07   1.7767E-05  0.8277
   6.3096E-07   7.9433E-07   5.0961E-05  0.7865
   7.9433E-07   1.0000E-06   5.7641E-05  0.6457
   1.0000E-06   1.2589E-06   7.6568E-05  0.7025
   1.2589E-06   1.5849E-06   1.1826E-04  0.6326
   1.5849E-06   1.9953E-06   5.6647E-05  0.7381
   1.9953E-06   2.5119E-06   7.8392E-05  0.4705
   2.5119E-06   3.1623E-06   5.8020E-06  1.0000
   3.1623E-06   3.9811E-06   2.0383E-04  0.4464
   3.9811E-06   5.0119E-06   1.1106E-04  0.4766
   5.0119E-06   6.3096E-06   6.0878E-05  0.7879
   6.3096E-06   7.9433E-06   2.0862E-05  0.8138
   7.9433E-06   1.0000E-05   1.2455E-04  0.6380
   1.0000E-05   1.2589E-05   1.0234E-04  0.5557
   1.2589E-05   1.5849E-05   1.5879E-04  0.4183
   1.5849E-05   1.9953E-05   5.2339E-05  0.8640
   1.9953E-05   2.5119E-05   1.2184E-04  0.5916
   2.5119E-05   3.1623E-05   0.0000E+00  0.0000
   3.1623E-05   3.9811E-05   9.6202E-05  0.6030
   3.9811E-05   5.0119E-05   2.4148E-04  0.4497
   5.0119E-05   6.3096E-05   1.3981E-05  1.0000
   6.3096E-05   7.9433E-05   2.5645E-04  0.4519
   7.9433E-05   1.0000E-04   1.9818E-04  0.6100
   1.0000E-04   1.2589E-04   1.6999E-04  0.5475
   1.2589E-04   1.5849E-04   1.6717E-04  0.6486
   1.5849E-04   1.9953E-04   2.4434E-04  0.4667
   1.9953E-04   2.5119E-04   1.3138E-04  0.6138
   2.5119E-04   3.1623E-04   1.2593E-04  0.7667
   3.1623E-04   3.9811E-04   2.0191E-04  0.6539
   3.9811E-04   5.0119E-04   9.9468E-05  0.9757
   5.0119E-04   6.3096E-04   1.3178E-04  0.7426
   6.3096E-04   7.9433E-04   1.2214E-04  0.6017
   7.9433E-04   1.0000E-03   3.2266E-05  0.9655
   1.0000E-03   1.2589E-03   2.1471E-04  0.5328
   1.2589E-03   1.5849E-03   9.9515E-05  0.7515
   1.5849E-03   1.9953E-03   1.2876E-04  0.6590
   1.9953E-03   2.5119E-03   1.6372E-04  0.7410
   2.5119E-03   3.1623E-03   2.2775E-04  0.4192
   3.1623E-03   3.9811E-03   6.0120E-05  0.7567
   3.9811E-03   5.0119E-03   2.3094E-04  0.4346
   5.0119E-03   6.3096E-03   3.3511E-04  0.4253
   6.3096E-03   7.9433E-03   1.2516E-04  0.6188
   7.9433E-03   1.0000E-02   2.1149E-04  0.8303
   1.0000E-02   1.2589E-02   1.2543E-04  0.5800
   1.2589E-02   1.5849E-02   1.4693E-04  0.5494
   1.5849E-02   1.9953E-02   1.0082E-04  0.6731
   1.9953E-02   2.5119E-02   8.5459E-05  1.0000
   2.5119E-02   3.1623E-02   2.1681E-04  0.5227
   3.1623E-02   3.9811E-02   1.6516E-04  0.4894
   3.9811E-02   5.0119E-02   8.2354E-05  0.7113
   5.0119E-02   6.3096E-02   1.2854E-04  0.5887
   6.3096E-02   7.9433E-02   2.8379E-04  0.4209
   7.9433E-02   1.0000E-01   5.0560E-05  1.0000
   1.0000E-01   1.2589E-01   5.0602E-04  0.3525
   1.2589E-01   1.5849E-01   1.4179E-04  0.5043
   1.5849E-01   1.9953E-01   1.7389E-04  0.7401
   1.9953E-01   2.5119E-01   3.3272E-04  0.3611
   2.5119E-01   3.1623E-01   2.5105E-04  0.4175
   3.1623E-01   3.9811E-01   7.5078E-04  0.2794
   3.9811E-01   5.0119E-01   8.8297E-04  0.2874
   5.0119E-01   6.3096E-01   7.8860E-04  0.2396
   6.3096E-01   7.9433E-01   9.2942E-04  0.2390
   7.9433E-01   1.0000E+00   1.2643E-03  0.2251
   1.0000E+00   1.2589E+00   9.9453E-04  0.2282
   1.2589E+00   1.5849E+00   1.9497E-03  0.1744
   1.5849E+00   1.9953E+00   7.8737E-04  0.2749
   1.9953E+00   2.5119E+00   1.6191E-03  0.1790
   2.5119E+00   3.1623E+00   1.4782E-03  0.1745
   3.1623E+00   3.9811E+00   1.5799E-03  0.1925
   3.9811E+00   5.0119E+00   1.3056E-03  0.1974
   5.0119E+00   6.3096E+00   1.4769E-03  0.1778
   6.3096E+00   7.9433E+00   1.8056E-03  0.1768
   7.9433E+00   1.0000E+01   1.4246E-03  0.2032
   1.0000E+01   1.2589E+01   1.9665E-03  0.1611
   1.2589E+01   1.5849E+01   1.8408E-03  0.1717
   1.5849E+01   1.9953E+01   1.7956E-03  0.1668
   1.9953E+01   2.5119E+01   1.2009E-03  0.1952
   2.5119E+01   3.1623E+01   2.0274E-03  0.1710
   3.1623E+01   3.9811E+01   1.2209E-03  0.2379
   3.9811E+01   5.0119E+01   1.5998E-03  0.2438
   5.0119E+01   6.3096E+01   1.2159E-03  0.1970
   6.3096E+01   7.9433E+01   1.7362E-03  0.1878
   7.9433E+01   1.0000E+02   1.6581E-03  0.1805
   1.0000E+02   1.2589E+02   1.5910E-03  0.1738
   1.2589E+02   1.5849E+02   1.8862E-03  0.1753
   1.5849E+02   1.9953E+02   2.1735E-03  0.1623
   1.9953E+02   2.5119E+02   2.1215E-03  0.1696
   2.5119E+02   3.1623E+02   2.2559E-03  0.1616
   3.1623E+02   3.9811E+02   1.6534E-03  0.1818
   3.9811E+02   5.0119E+02   1.7074E-03  0.1732
   5.0119E+02   6.3096E+02   1.6882E-03  0.1653
   6.3096E+02   7.9433E+02   2.4203E-03  0.1603
   7.9433E+02   1.0000E+03   1.2690E-02  0.0651

#   sum over                 7.4760E-02  0.0380

'no. =  2,  reg  =    201'
msuc: {\huge Neutron track length in active He-3 gas}
msdr: {\it plotted by \ANGEL \version}
msdl: {\it calculated by \PHITS  3.36}
wt: s(0.7)
\vspace{-3}
   vol  &=&   1.0000E+00 [cm^3]
e:

#------------------------------------------------------------------------------
 newpage:
#   no. =  3   reg =    301

x: Energy [MeV/n]
y: Flux [1/cm^2/source]              
p: xlog ylog afac(0.8) form(0.9)
h: n            x            y(neutron ),hh0l n  
#  e-lower      e-upper        neutron   r.err 
   1.0000E-10   1.2589E-10   0.0000E+00  0.0000
   1.2589E-10   1.5849E-10   0.0000E+00  0.0000
   1.5849E-10   1.9953E-10   0.0000E+00  0.0000
   1.9953E-10   2.5119E-10   0.0000E+00  0.0000
   2.5119E-10   3.1623E-10   0.0000E+00  0.0000
   3.1623E-10   3.9811E-10   0.0000E+00  0.0000
   3.9811E-10   5.0119E-10   0.0000E+00  0.0000
   5.0119E-10   6.3096E-10   0.0000E+00  0.0000
   6.3096E-10   7.9433E-10   0.0000E+00  0.0000
   7.9433E-10   1.0000E-09   0.0000E+00  0.0000
   1.0000E-09   1.2589E-09   0.0000E+00  0.0000
   1.2589E-09   1.5849E-09   0.0000E+00  0.0000
   1.5849E-09   1.9953E-09   0.0000E+00  0.0000
   1.9953E-09   2.5119E-09   0.0000E+00  0.0000
   2.5119E-09   3.1623E-09   0.0000E+00  0.0000
   3.1623E-09   3.9811E-09   0.0000E+00  0.0000
   3.9811E-09   5.0119E-09   0.0000E+00  0.0000
   5.0119E-09   6.3096E-09   0.0000E+00  0.0000
   6.3096E-09   7.9433E-09   0.0000E+00  0.0000
   7.9433E-09   1.0000E-08   0.0000E+00  0.0000
   1.0000E-08   1.2589E-08   0.0000E+00  0.0000
   1.2589E-08   1.5849E-08   0.0000E+00  0.0000
   1.5849E-08   1.9953E-08   0.0000E+00  0.0000
   1.9953E-08   2.5119E-08   0.0000E+00  0.0000
   2.5119E-08   3.1623E-08   0.0000E+00  0.0000
   3.1623E-08   3.9811E-08   0.0000E+00  0.0000
   3.9811E-08   5.0119E-08   0.0000E+00  0.0000
   5.0119E-08   6.3096E-08   0.0000E+00  0.0000
   6.3096E-08   7.9433E-08   0.0000E+00  0.0000
   7.9433E-08   1.0000E-07   0.0000E+00  0.0000
   1.0000E-07   1.2589E-07   0.0000E+00  0.0000
   1.2589E-07   1.5849E-07   0.0000E+00  0.0000
   1.5849E-07   1.9953E-07   0.0000E+00  0.0000
   1.9953E-07   2.5119E-07   0.0000E+00  0.0000
   2.5119E-07   3.1623E-07   0.0000E+00  0.0000
   3.1623E-07   3.9811E-07   0.0000E+00  0.0000
   3.9811E-07   5.0119E-07   0.0000E+00  0.0000
   5.0119E-07   6.3096E-07   0.0000E+00  0.0000
   6.3096E-07   7.9433E-07   0.0000E+00  0.0000
   7.9433E-07   1.0000E-06   0.0000E+00  0.0000
   1.0000E-06   1.2589E-06   0.0000E+00  0.0000
   1.2589E-06   1.5849E-06   0.0000E+00  0.0000
   1.5849E-06   1.9953E-06   0.0000E+00  0.0000
   1.9953E-06   2.5119E-06   0.0000E+00  0.0000
   2.5119E-06   3.1623E-06   0.0000E+00  0.0000
   3.1623E-06   3.9811E-06   0.0000E+00  0.0000
   3.9811E-06   5.0119E-06   0.0000E+00  0.0000
   5.0119E-06   6.3096E-06   0.0000E+00  0.0000
   6.3096E-06   7.9433E-06   0.0000E+00  0.0000
   7.9433E-06   1.0000E-05   0.0000E+00  0.0000
   1.0000E-05   1.2589E-05   0.0000E+00  0.0000
   1.2589E-05   1.5849E-05   0.0000E+00  0.0000
   1.5849E-05   1.9953E-05   0.0000E+00  0.0000
   1.9953E-05   2.5119E-05   0.0000E+00  0.0000
   2.5119E-05   3.1623E-05   0.0000E+00  0.0000
   3.1623E-05   3.9811E-05   0.0000E+00  0.0000
   3.9811E-05   5.0119E-05   0.0000E+00  0.0000
   5.0119E-05   6.3096E-05   0.0000E+00  0.0000
   6.3096E-05   7.9433E-05   0.0000E+00  0.0000
   7.9433E-05   1.0000E-04   0.0000E+00  0.0000
   1.0000E-04   1.2589E-04   0.0000E+00  0.0000
   1.2589E-04   1.5849E-04   0.0000E+00  0.0000
   1.5849E-04   1.9953E-04   0.0000E+00  0.0000
   1.9953E-04   2.5119E-04   0.0000E+00  0.0000
   2.5119E-04   3.1623E-04   0.0000E+00  0.0000
   3.1623E-04   3.9811E-04   0.0000E+00  0.0000
   3.9811E-04   5.0119E-04   0.0000E+00  0.0000
   5.0119E-04   6.3096E-04   0.0000E+00  0.0000
   6.3096E-04   7.9433E-04   0.0000E+00  0.0000
   7.9433E-04   1.0000E-03   0.0000E+00  0.0000
   1.0000E-03   1.2589E-03   0.0000E+00  0.0000
   1.2589E-03   1.5849E-03   0.0000E+00  0.0000
   1.5849E-03   1.9953E-03   0.0000E+00  0.0000
   1.9953E-03   2.5119E-03   0.0000E+00  0.0000
   2.5119E-03   3.1623E-03   0.0000E+00  0.0000
   3.1623E-03   3.9811E-03   0.0000E+00  0.0000
   3.9811E-03   5.0119E-03   0.0000E+00  0.0000
   5.0119E-03   6.3096E-03   0.0000E+00  0.0000
   6.3096E-03   7.9433E-03   0.0000E+00  0.0000
   7.9433E-03   1.0000E-02   0.0000E+00  0.0000
   1.0000E-02   1.2589E-02   0.0000E+00  0.0000
   1.2589E-02   1.5849E-02   0.0000E+00  0.0000
   1.5849E-02   1.9953E-02   0.0000E+00  0.0000
   1.9953E-02   2.5119E-02   0.0000E+00  0.0000
   2.5119E-02   3.1623E-02   0.0000E+00  0.0000
   3.1623E-02   3.9811E-02   0.0000E+00  0.0000
   3.9811E-02   5.0119E-02   0.0000E+00  0.0000
   5.0119E-02   6.3096E-02   1.8999E-05  1.0000
   6.3096E-02   7.9433E-02   1.1699E-05  1.0000
   7.9433E-02   1.0000E-01   6.6788E-05  0.7101
   1.0000E-01   1.2589E-01   5.0013E-06  1.0000
   1.2589E-01   1.5849E-01   0.0000E+00  0.0000
   1.5849E-01   1.9953E-01   1.1762E-04  0.4459
   1.9953E-01   2.5119E-01   7.0714E-05  0.7240
   2.5119E-01   3.1623E-01   2.4703E-05  1.0000
   3.1623E-01   3.9811E-01   1.8266E-04  0.5848
   3.9811E-01   5.0119E-01   9.5480E-05  0.6222
   5.0119E-01   6.3096E-01   1.2360E-04  0.4928
   6.3096E-01   7.9433E-01   2.1577E-04  0.4057
   7.9433E-01   1.0000E+00   5.3471E-04  0.3112
   1.0000E+00   1.2589E+00   2.5748E-04  0.3038
   1.2589E+00   1.5849E+00   2.0852E-04  0.3318
   1.5849E+00   1.9953E+00   4.0649E-04  0.2660
   1.9953E+00   2.5119E+00   5.4126E-04  0.2226
   2.5119E+00   3.1623E+00   4.5370E-04  0.2459
   3.1623E+00   3.9811E+00   4.5428E-04  0.2454
   3.9811E+00   5.0119E+00   4.8947E-04  0.2381
   5.0119E+00   6.3096E+00   5.5128E-04  0.2180
   6.3096E+00   7.9433E+00   4.8094E-04  0.2800
   7.9433E+00   1.0000E+01   3.8867E-04  0.2763
   1.0000E+01   1.2589E+01   4.2484E-04  0.2890
   1.2589E+01   1.5849E+01   4.6082E-04  0.2660
   1.5849E+01   1.9953E+01   4.7610E-04  0.2642
   1.9953E+01   2.5119E+01   2.2840E-04  0.3728
   2.5119E+01   3.1623E+01   3.3391E-04  0.3574
   3.1623E+01   3.9811E+01   2.9583E-04  0.2864
   3.9811E+01   5.0119E+01   2.3460E-04  0.3679
   5.0119E+01   6.3096E+01   9.6679E-05  0.5431
   6.3096E+01   7.9433E+01   2.7974E-04  0.3403
   7.9433E+01   1.0000E+02   1.4085E-04  0.4071
   1.0000E+02   1.2589E+02   1.7176E-04  0.3789
   1.2589E+02   1.5849E+02   2.9752E-04  0.3111
   1.5849E+02   1.9953E+02   2.0516E-04  0.3810
   1.9953E+02   2.5119E+02   2.3759E-04  0.3466
   2.5119E+02   3.1623E+02   3.9421E-04  0.3334
   3.1623E+02   3.9811E+02   2.6875E-04  0.3507
   3.9811E+02   5.0119E+02   1.6995E-04  0.4591
   5.0119E+02   6.3096E+02   1.7452E-04  0.4793
   6.3096E+02   7.9433E+02   2.1684E-04  0.3213
   7.9433E+02   1.0000E+03   1.5259E-03  0.1350

#   sum over                 1.2334E-02  0.0789

'no. =  3,  reg  =    301'
msuc: {\huge Neutron track length in active He-3 gas}
msdr: {\it plotted by \ANGEL \version}
msdl: {\it calculated by \PHITS  3.36}
wt: s(0.7)
\vspace{-3}
   vol  &=&   1.0000E+00 [cm^3]
e:

#------------------------------------------------------------------------------
 newpage:
#   no. =  4   reg =    401

x: Energy [MeV/n]
y: Flux [1/cm^2/source]              
p: xlog ylog afac(0.8) form(0.9)
h: n            x            y(neutron ),hh0l n  
#  e-lower      e-upper        neutron   r.err 
   1.0000E-10   1.2589E-10   0.0000E+00  0.0000
   1.2589E-10   1.5849E-10   0.0000E+00  0.0000
   1.5849E-10   1.9953E-10   0.0000E+00  0.0000
   1.9953E-10   2.5119E-10   0.0000E+00  0.0000
   2.5119E-10   3.1623E-10   0.0000E+00  0.0000
   3.1623E-10   3.9811E-10   0.0000E+00  0.0000
   3.9811E-10   5.0119E-10   0.0000E+00  0.0000
   5.0119E-10   6.3096E-10   0.0000E+00  0.0000
   6.3096E-10   7.9433E-10   0.0000E+00  0.0000
   7.9433E-10   1.0000E-09   0.0000E+00  0.0000
   1.0000E-09   1.2589E-09   0.0000E+00  0.0000
   1.2589E-09   1.5849E-09   0.0000E+00  0.0000
   1.5849E-09   1.9953E-09   0.0000E+00  0.0000
   1.9953E-09   2.5119E-09   0.0000E+00  0.0000
   2.5119E-09   3.1623E-09   0.0000E+00  0.0000
   3.1623E-09   3.9811E-09   0.0000E+00  0.0000
   3.9811E-09   5.0119E-09   4.7250E-06  1.0000
   5.0119E-09   6.3096E-09   1.5533E-07  1.0000
   6.3096E-09   7.9433E-09   1.1688E-06  0.7480
   7.9433E-09   1.0000E-08   5.3782E-06  0.6587
   1.0000E-08   1.2589E-08   0.0000E+00  0.0000
   1.2589E-08   1.5849E-08   7.1983E-06  0.5840
   1.5849E-08   1.9953E-08   1.5993E-06  0.6451
   1.9953E-08   2.5119E-08   2.1166E-05  0.4430
   2.5119E-08   3.1623E-08   1.1232E-05  0.4380
   3.1623E-08   3.9811E-08   8.4617E-06  0.6034
   3.9811E-08   5.0119E-08   4.0061E-05  0.3863
   5.0119E-08   6.3096E-08   1.5728E-05  0.3630
   6.3096E-08   7.9433E-08   3.9434E-05  0.4508
   7.9433E-08   1.0000E-07   1.7799E-05  0.5209
   1.0000E-07   1.2589E-07   1.8929E-05  0.7637
   1.2589E-07   1.5849E-07   9.5739E-06  0.8106
   1.5849E-07   1.9953E-07   1.1717E-05  0.5123
   1.9953E-07   2.5119E-07   6.3519E-06  0.7338
   2.5119E-07   3.1623E-07   4.2212E-05  0.7546
   3.1623E-07   3.9811E-07   1.3895E-05  1.0000
   3.9811E-07   5.0119E-07   2.0846E-05  0.7281
   5.0119E-07   6.3096E-07   5.4523E-06  0.9634
   6.3096E-07   7.9433E-07   1.8200E-05  1.0000
   7.9433E-07   1.0000E-06   1.1370E-05  1.0000
   1.0000E-06   1.2589E-06   0.0000E+00  0.0000
   1.2589E-06   1.5849E-06   4.1029E-05  0.7201
   1.5849E-06   1.9953E-06   8.3662E-05  0.4825
   1.9953E-06   2.5119E-06   4.5394E-05  0.6419
   2.5119E-06   3.1623E-06   1.7141E-05  1.0000
   3.1623E-06   3.9811E-06   1.1175E-06  1.0000
   3.9811E-06   5.0119E-06   0.0000E+00  0.0000
   5.0119E-06   6.3096E-06   3.5110E-05  0.7537
   6.3096E-06   7.9433E-06   0.0000E+00  0.0000
   7.9433E-06   1.0000E-05   0.0000E+00  0.0000
   1.0000E-05   1.2589E-05   1.9673E-06  1.0000
   1.2589E-05   1.5849E-05   4.9640E-05  0.7071
   1.5849E-05   1.9953E-05   6.9504E-05  0.6502
   1.9953E-05   2.5119E-05   2.9326E-05  1.0000
   2.5119E-05   3.1623E-05   0.0000E+00  0.0000
   3.1623E-05   3.9811E-05   6.7697E-06  1.0000
   3.9811E-05   5.0119E-05   0.0000E+00  0.0000
   5.0119E-05   6.3096E-05   8.2675E-05  1.0000
   6.3096E-05   7.9433E-05   3.6736E-05  1.0000
   7.9433E-05   1.0000E-04   3.4052E-05  1.0000
   1.0000E-04   1.2589E-04   7.7080E-05  0.6440
   1.2589E-04   1.5849E-04   1.6425E-05  0.7240
   1.5849E-04   1.9953E-04   5.0593E-05  0.7089
   1.9953E-04   2.5119E-04   0.0000E+00  0.0000
   2.5119E-04   3.1623E-04   8.4236E-05  0.5846
   3.1623E-04   3.9811E-04   2.3448E-05  1.0000
   3.9811E-04   5.0119E-04   2.3913E-05  0.9324
   5.0119E-04   6.3096E-04   2.3620E-05  1.0000
   6.3096E-04   7.9433E-04   0.0000E+00  0.0000
   7.9433E-04   1.0000E-03   7.4075E-05  0.5875
   1.0000E-03   1.2589E-03   2.9775E-05  0.7673
   1.2589E-03   1.5849E-03   0.0000E+00  0.0000
   1.5849E-03   1.9953E-03   2.5042E-05  1.0000
   1.9953E-03   2.5119E-03   3.7560E-05  1.0000
   2.5119E-03   3.1623E-03   4.9516E-06  1.0000
   3.1623E-03   3.9811E-03   3.3301E-05  1.0000
   3.9811E-03   5.0119E-03   0.0000E+00  0.0000
   5.0119E-03   6.3096E-03   0.0000E+00  0.0000
   6.3096E-03   7.9433E-03   4.9440E-05  0.7091
   7.9433E-03   1.0000E-02   2.3401E-05  1.0000
   1.0000E-02   1.2589E-02   2.3473E-06  1.0000
   1.2589E-02   1.5849E-02   1.9423E-05  1.0000
   1.5849E-02   1.9953E-02   3.5317E-05  0.7491
   1.9953E-02   2.5119E-02   4.3047E-05  0.7197
   2.5119E-02   3.1623E-02   3.2736E-05  0.7283
   3.1623E-02   3.9811E-02   1.1179E-04  0.6600
   3.9811E-02   5.0119E-02   3.4345E-05  0.7270
   5.0119E-02   6.3096E-02   1.6577E-04  0.6422
   6.3096E-02   7.9433E-02   8.6638E-05  0.5055
   7.9433E-02   1.0000E-01   1.4475E-04  0.4672
   1.0000E-01   1.2589E-01   1.5791E-04  0.4501
   1.2589E-01   1.5849E-01   5.7452E-05  0.6003
   1.5849E-01   1.9953E-01   1.4871E-04  0.4889
   1.9953E-01   2.5119E-01   1.3700E-04  0.4716
   2.5119E-01   3.1623E-01   1.1683E-04  0.5384
   3.1623E-01   3.9811E-01   1.9367E-04  0.5699
   3.9811E-01   5.0119E-01   2.0930E-04  0.3982
   5.0119E-01   6.3096E-01   2.1581E-04  0.4660
   6.3096E-01   7.9433E-01   4.8162E-04  0.2737
   7.9433E-01   1.0000E+00   3.9779E-04  0.2602
   1.0000E+00   1.2589E+00   3.2321E-04  0.3417
   1.2589E+00   1.5849E+00   5.6164E-04  0.2432
   1.5849E+00   1.9953E+00   7.1694E-04  0.2404
   1.9953E+00   2.5119E+00   7.2173E-04  0.2084
   2.5119E+00   3.1623E+00   7.8215E-04  0.2151
   3.1623E+00   3.9811E+00   8.2249E-04  0.2213
   3.9811E+00   5.0119E+00   8.6757E-04  0.2222
   5.0119E+00   6.3096E+00   7.2540E-04  0.1988
   6.3096E+00   7.9433E+00   7.9887E-04  0.1895
   7.9433E+00   1.0000E+01   6.7458E-04  0.2447
   1.0000E+01   1.2589E+01   4.0377E-04  0.2774
   1.2589E+01   1.5849E+01   5.4114E-04  0.2335
   1.5849E+01   1.9953E+01   5.1268E-04  0.2310
   1.9953E+01   2.5119E+01   5.6473E-04  0.2420
   2.5119E+01   3.1623E+01   3.9029E-04  0.3283
   3.1623E+01   3.9811E+01   4.9210E-04  0.2194
   3.9811E+01   5.0119E+01   5.8970E-04  0.2365
   5.0119E+01   6.3096E+01   7.5928E-04  0.2021
   6.3096E+01   7.9433E+01   7.0503E-04  0.2026
   7.9433E+01   1.0000E+02   5.0533E-04  0.2297
   1.0000E+02   1.2589E+02   5.0795E-04  0.2235
   1.2589E+02   1.5849E+02   9.0866E-04  0.1848
   1.5849E+02   1.9953E+02   1.0550E-03  0.1857
   1.9953E+02   2.5119E+02   6.1667E-04  0.2253
   2.5119E+02   3.1623E+02   5.6197E-04  0.2329
   3.1623E+02   3.9811E+02   4.8068E-04  0.2845
   3.9811E+02   5.0119E+02   6.5317E-04  0.2461
   5.0119E+02   6.3096E+02   6.6014E-04  0.1958
   6.3096E+02   7.9433E+02   7.6388E-04  0.1872
   7.9433E+02   1.0000E+03   3.8155E-03  0.0853

#   sum over                 2.6718E-02  0.0526

'no. =  4,  reg  =    401'
msuc: {\huge Neutron track length in active He-3 gas}
msdr: {\it plotted by \ANGEL \version}
msdl: {\it calculated by \PHITS  3.36}
wt: s(0.7)
\vspace{-3}
   vol  &=&   1.0000E+00 [cm^3]
e:
 
# Information for Restart Calculation
# This calculation was newly started
# istdev =  2 # 1:Batch variance, 2:History variance
# resc2  = 1.50147105485874694E+05 # Total source weight or Total source weight / maxcas
# resc3  = 1.50000000000000000E+05 # Total history number or Total batch number
# maxcas =      150000 # History / Batch, only used for istdev=1
# bitrseed = 0101111000111111010011010101100110011110010001010000110101111110 # bit data of rseed
