[ T-Track ]
    title = Flux spectrum in open air above ground
     mesh =  reg            # mesh type is region-wise
      reg = 111
   e-type =    3            # e-mesh is log given by emin, emax and ne
     emin =  1.0000000E-10  # minimum value of e-mesh points
     emax =   100000.0      # maximum value of e-mesh points
#    edel =  0.5756463      # mesh width of e-mesh points
       ne =     60          # number of e-mesh points
#    data = ( e(i), i = 1, ne + 1 )
#           1.00000E-10  1.77828E-10  3.16228E-10  5.62341E-10  1.00000E-09
#           1.77828E-09  3.16228E-09  5.62341E-09  1.00000E-08  1.77828E-08
#           3.16228E-08  5.62341E-08  1.00000E-07  1.77828E-07  3.16228E-07
#           5.62341E-07  1.00000E-06  1.77828E-06  3.16228E-06  5.62341E-06
#           1.00000E-05  1.77828E-05  3.16228E-05  5.62341E-05  1.00000E-04
#           1.77828E-04  3.16228E-04  5.62341E-04  1.00000E-03  1.77828E-03
#           3.16228E-03  5.62341E-03  1.00000E-02  1.77828E-02  3.16228E-02
#           5.62341E-02  1.00000E-01  1.77828E-01  3.16228E-01  5.62341E-01
#           1.00000E+00  1.77828E+00  3.16228E+00  5.62341E+00  1.00000E+01
#           1.77828E+01  3.16228E+01  5.62341E+01  1.00000E+02  1.77828E+02
#           3.16228E+02  5.62341E+02  1.00000E+03  1.77828E+03  3.16228E+03
#           5.62341E+03  1.00000E+04  1.77828E+04  3.16228E+04  5.62341E+04
#           1.00000E+05
     unit =    1            # unit is [1/cm^2/source]
 material =  all            # (D=all) number of specific material
     axis =     eng            # axis of output
     file = air_spec.out    # file name of output for the above axis
     part =  neutron    muon-      muon+      proton   
# kf/name :  2112       13         -13        2212     
#    used :        main (  %)        temp (  %)       total (  %)
#  memory :          67 (  0)           0 (  0)          67 (  0)

#------------------------------------------------------------------------------
#newpage:
#   no. =  1   reg =    111

x: Energy [MeV/n]
y: Flux [1/cm^2/source]              
p: xlog ylog afac(0.8) form(0.9)
h: n            x            y(neutron ),hh0l n  y(muon-   ),hh0dr n  y(muon+   ),hh0ub n  y(proton  ),hh0mg n  
#  e-lower      e-upper        neutron   r.err      muon-     r.err      muon+     r.err      proton    r.err 
   1.0000E-10   1.7783E-10   0.0000E+00  0.0000   0.0000E+00  0.0000   0.0000E+00  0.0000   0.0000E+00  0.0000
   1.7783E-10   3.1623E-10   0.0000E+00  0.0000   0.0000E+00  0.0000   0.0000E+00  0.0000   0.0000E+00  0.0000
   3.1623E-10   5.6234E-10   0.0000E+00  0.0000   0.0000E+00  0.0000   0.0000E+00  0.0000   0.0000E+00  0.0000
   5.6234E-10   1.0000E-09   0.0000E+00  0.0000   0.0000E+00  0.0000   0.0000E+00  0.0000   0.0000E+00  0.0000
   1.0000E-09   1.7783E-09   0.0000E+00  0.0000   0.0000E+00  0.0000   0.0000E+00  0.0000   0.0000E+00  0.0000
   1.7783E-09   3.1623E-09   0.0000E+00  0.0000   0.0000E+00  0.0000   0.0000E+00  0.0000   0.0000E+00  0.0000
   3.1623E-09   5.6234E-09   0.0000E+00  0.0000   0.0000E+00  0.0000   0.0000E+00  0.0000   0.0000E+00  0.0000
   5.6234E-09   1.0000E-08   0.0000E+00  0.0000   0.0000E+00  0.0000   0.0000E+00  0.0000   0.0000E+00  0.0000
   1.0000E-08   1.7783E-08   6.9849E-06  0.7136   0.0000E+00  0.0000   0.0000E+00  0.0000   0.0000E+00  0.0000
   1.7783E-08   3.1623E-08   9.3652E-05  0.6024   0.0000E+00  0.0000   0.0000E+00  0.0000   0.0000E+00  0.0000
   3.1623E-08   5.6234E-08   2.4838E-05  0.5763   0.0000E+00  0.0000   0.0000E+00  0.0000   0.0000E+00  0.0000
   5.6234E-08   1.0000E-07   2.9184E-05  0.4745   0.0000E+00  0.0000   0.0000E+00  0.0000   0.0000E+00  0.0000
   1.0000E-07   1.7783E-07   2.0129E-06  1.0000   0.0000E+00  0.0000   0.0000E+00  0.0000   0.0000E+00  0.0000
   1.7783E-07   3.1623E-07   1.6191E-04  0.8102   0.0000E+00  0.0000   0.0000E+00  0.0000   0.0000E+00  0.0000
   3.1623E-07   5.6234E-07   2.7770E-05  0.8230   0.0000E+00  0.0000   0.0000E+00  0.0000   0.0000E+00  0.0000
   5.6234E-07   1.0000E-06   1.5352E-06  1.0000   0.0000E+00  0.0000   0.0000E+00  0.0000   0.0000E+00  0.0000
   1.0000E-06   1.7783E-06   1.0260E-04  0.9385   0.0000E+00  0.0000   0.0000E+00  0.0000   0.0000E+00  0.0000
   1.7783E-06   3.1623E-06   0.0000E+00  0.0000   0.0000E+00  0.0000   0.0000E+00  0.0000   0.0000E+00  0.0000
   3.1623E-06   5.6234E-06   0.0000E+00  0.0000   0.0000E+00  0.0000   0.0000E+00  0.0000   0.0000E+00  0.0000
   5.6234E-06   1.0000E-05   0.0000E+00  0.0000   0.0000E+00  0.0000   0.0000E+00  0.0000   0.0000E+00  0.0000
   1.0000E-05   1.7783E-05   0.0000E+00  0.0000   0.0000E+00  0.0000   0.0000E+00  0.0000   0.0000E+00  0.0000
   1.7783E-05   3.1623E-05   0.0000E+00  0.0000   0.0000E+00  0.0000   0.0000E+00  0.0000   0.0000E+00  0.0000
   3.1623E-05   5.6234E-05   2.3346E-05  0.8923   0.0000E+00  0.0000   0.0000E+00  0.0000   0.0000E+00  0.0000
   5.6234E-05   1.0000E-04   2.7140E-06  1.0000   0.0000E+00  0.0000   0.0000E+00  0.0000   0.0000E+00  0.0000
   1.0000E-04   1.7783E-04   5.2648E-05  0.7090   0.0000E+00  0.0000   0.0000E+00  0.0000   0.0000E+00  0.0000
   1.7783E-04   3.1623E-04   5.2833E-05  0.7388   0.0000E+00  0.0000   0.0000E+00  0.0000   0.0000E+00  0.0000
   3.1623E-04   5.6234E-04   1.5985E-06  1.0000   0.0000E+00  0.0000   0.0000E+00  0.0000   0.0000E+00  0.0000
   5.6234E-04   1.0000E-03   2.9653E-05  0.9723   0.0000E+00  0.0000   0.0000E+00  0.0000   0.0000E+00  0.0000
   1.0000E-03   1.7783E-03   4.2369E-06  0.7770   0.0000E+00  0.0000   0.0000E+00  0.0000   8.9053E-11  0.7066
   1.7783E-03   3.1623E-03   4.0677E-06  1.0000   0.0000E+00  0.0000   0.0000E+00  0.0000   1.2779E-10  0.7066
   3.1623E-03   5.6234E-03   0.0000E+00  0.0000   0.0000E+00  0.0000   0.0000E+00  0.0000   1.8081E-10  0.7066
   5.6234E-03   1.0000E-02   1.1234E-04  0.5716   0.0000E+00  0.0000   0.0000E+00  0.0000   2.5292E-10  0.7066
   1.0000E-02   1.7783E-02   1.5335E-04  0.4815   0.0000E+00  0.0000   0.0000E+00  0.0000   3.5100E-10  0.7066
   1.7783E-02   3.1623E-02   3.5564E-05  0.9204   0.0000E+00  0.0000   0.0000E+00  0.0000   4.8970E-10  0.7066
   3.1623E-02   5.6234E-02   0.0000E+00  0.0000   0.0000E+00  0.0000   0.0000E+00  0.0000   7.4937E-10  0.7066
   5.6234E-02   1.0000E-01   3.5424E-05  0.9231   0.0000E+00  0.0000   0.0000E+00  0.0000   1.2153E-09  0.7066
   1.0000E-01   1.7783E-01   7.3465E-05  0.7069   0.0000E+00  0.0000   0.0000E+00  0.0000   2.1521E-09  0.7066
   1.7783E-01   3.1623E-01   9.7283E-06  0.8492   0.0000E+00  0.0000   0.0000E+00  0.0000   4.4211E-09  0.7066
   3.1623E-01   5.6234E-01   8.0934E-05  0.7156   0.0000E+00  0.0000   0.0000E+00  0.0000   1.0639E-08  0.7066
   5.6234E-01   1.0000E+00   3.0470E-04  0.4577   0.0000E+00  0.0000   0.0000E+00  0.0000   2.7650E-08  0.7066
   1.0000E+00   1.7783E+00   3.8866E-04  0.3803   0.0000E+00  0.0000   0.0000E+00  0.0000   7.2561E-08  0.7066
   1.7783E+00   3.1623E+00   2.5751E-04  0.4277   0.0000E+00  0.0000   0.0000E+00  0.0000   1.9257E-07  0.7066
   3.1623E+00   5.6234E+00   1.3059E-04  0.7501   0.0000E+00  0.0000   0.0000E+00  0.0000   6.0021E-07  0.6291
   5.6234E+00   1.0000E+01   2.6624E-04  0.3633   0.0000E+00  0.0000   0.0000E+00  0.0000   2.1873E-06  0.5765
   1.0000E+01   1.7783E+01   1.1401E-04  0.7356   0.0000E+00  0.0000   0.0000E+00  0.0000   1.9166E-06  0.6280
   1.7783E+01   3.1623E+01   2.3949E-04  0.3576   0.0000E+00  0.0000   0.0000E+00  0.0000   5.6543E-06  0.5897
   3.1623E+01   5.6234E+01   2.2921E-04  0.3799   0.0000E+00  0.0000   0.0000E+00  0.0000   4.6905E-05  0.4002
   5.6234E+01   1.0000E+02   5.3395E-04  0.2691   0.0000E+00  0.0000   0.0000E+00  0.0000   2.4484E-05  0.3134
   1.0000E+02   1.7783E+02   5.5464E-04  0.2622   0.0000E+00  0.0000   0.0000E+00  0.0000   3.3303E-05  0.3042
   1.7783E+02   3.1623E+02   4.1178E-04  0.2993   0.0000E+00  0.0000   0.0000E+00  0.0000   2.9063E-05  0.3025
   3.1623E+02   5.6234E+02   1.5579E-04  0.4372   0.0000E+00  0.0000   0.0000E+00  0.0000   3.0961E-05  0.2709
   5.6234E+02   1.0000E+03   5.9910E-05  0.7087   0.0000E+00  0.0000   0.0000E+00  0.0000   3.2496E-05  0.2801
   1.0000E+03   1.7783E+03   0.0000E+00  0.0000   0.0000E+00  0.0000   0.0000E+00  0.0000   1.1385E-05  0.4555
   1.7783E+03   3.1623E+03   1.6622E-05  1.0000   0.0000E+00  0.0000   0.0000E+00  0.0000   6.9548E-06  0.5849
   3.1623E+03   5.6234E+03   0.0000E+00  0.0000   0.0000E+00  0.0000   0.0000E+00  0.0000   6.1641E-06  0.5766
   5.6234E+03   1.0000E+04   0.0000E+00  0.0000   0.0000E+00  0.0000   0.0000E+00  0.0000   8.1735E-06  0.4990
   1.0000E+04   1.7783E+04   0.0000E+00  0.0000   0.0000E+00  0.0000   0.0000E+00  0.0000   1.9141E-06  0.7455
   1.7783E+04   3.1623E+04   0.0000E+00  0.0000   0.0000E+00  0.0000   0.0000E+00  0.0000   0.0000E+00  0.0000
   3.1623E+04   5.6234E+04   0.0000E+00  0.0000   0.0000E+00  0.0000   0.0000E+00  0.0000   2.1919E-06  1.0000
   5.6234E+04   1.0000E+05   0.0000E+00  0.0000   0.0000E+00  0.0000   0.0000E+00  0.0000   0.0000E+00  0.0000

#   sum over                 4.7855E-03  0.1179   0.0000E+00  0.0000   0.0000E+00  0.0000   2.4467E-04  0.1209

'no. =  1,  reg  =    111'
msuc: {\huge Flux spectrum in open air above ground}
msdr: {\it plotted by \ANGEL \version}
msdl: {\it calculated by \PHITS  3.36}
wt: s(0.7)
\vspace{-3}
   vol  &=&   5.1200E+08 [cm^3]
e:
 
# Information for Restart Calculation
# This calculation was newly started
# istdev =  2 # 1:Batch variance, 2:History variance
# resc2  = 2.70228866507114945E-02 # Total source weight or Total source weight / maxcas
# resc3  = 7.00000000000000000E+02 # Total history number or Total batch number
# maxcas =         700 # History / Batch, only used for istdev=1
# bitrseed = 1011100101011000000100111010101110110011101001010110101101100111 # bit data of rseed
