[ T-Track ]
    title = Neutron track length in active He-3 gas
     mesh =  reg            # mesh type is region-wise
      reg = 101 201 301 401
   e-type =    3            # e-mesh is log given by emin, emax and ne
     emin =  1.0000000E-10  # minimum value of e-mesh points
     emax =   1000.000      # maximum value of e-mesh points
#    edel =  0.2302585      # mesh width of e-mesh points
       ne =    130          # number of e-mesh points
#    data = ( e(i), i = 1, ne + 1 )
#           1.00000E-10  1.25893E-10  1.58489E-10  1.99526E-10  2.51189E-10
#           3.16228E-10  3.98107E-10  5.01187E-10  6.30957E-10  7.94328E-10
#           1.00000E-09  1.25893E-09  1.58489E-09  1.99526E-09  2.51189E-09
#           3.16228E-09  3.98107E-09  5.01187E-09  6.30957E-09  7.94328E-09
#           1.00000E-08  1.25893E-08  1.58489E-08  1.99526E-08  2.51189E-08
#           3.16228E-08  3.98107E-08  5.01187E-08  6.30957E-08  7.94328E-08
#           1.00000E-07  1.25893E-07  1.58489E-07  1.99526E-07  2.51189E-07
#           3.16228E-07  3.98107E-07  5.01187E-07  6.30957E-07  7.94328E-07
#           1.00000E-06  1.25893E-06  1.58489E-06  1.99526E-06  2.51189E-06
#           3.16228E-06  3.98107E-06  5.01187E-06  6.30957E-06  7.94328E-06
#           1.00000E-05  1.25893E-05  1.58489E-05  1.99526E-05  2.51189E-05
#           3.16228E-05  3.98107E-05  5.01187E-05  6.30957E-05  7.94328E-05
#           1.00000E-04  1.25893E-04  1.58489E-04  1.99526E-04  2.51189E-04
#           3.16228E-04  3.98107E-04  5.01187E-04  6.30957E-04  7.94328E-04
#           1.00000E-03  1.25893E-03  1.58489E-03  1.99526E-03  2.51189E-03
#           3.16228E-03  3.98107E-03  5.01187E-03  6.30957E-03  7.94328E-03
#           1.00000E-02  1.25893E-02  1.58489E-02  1.99526E-02  2.51189E-02
#           3.16228E-02  3.98107E-02  5.01187E-02  6.30957E-02  7.94328E-02
#           1.00000E-01  1.25893E-01  1.58489E-01  1.99526E-01  2.51189E-01
#           3.16228E-01  3.98107E-01  5.01187E-01  6.30957E-01  7.94328E-01
#           1.00000E+00  1.25893E+00  1.58489E+00  1.99526E+00  2.51189E+00
#           3.16228E+00  3.98107E+00  5.01187E+00  6.30957E+00  7.94328E+00
#           1.00000E+01  1.25893E+01  1.58489E+01  1.99526E+01  2.51189E+01
#           3.16228E+01  3.98107E+01  5.01187E+01  6.30957E+01  7.94328E+01
#           1.00000E+02  1.25893E+02  1.58489E+02  1.99526E+02  2.51189E+02
#           3.16228E+02  3.98107E+02  5.01187E+02  6.30957E+02  7.94328E+02
#           1.00000E+03
     unit =    1            # unit is [1/cm^2/source]
 material =  all            # (D=all) number of specific material
     axis =     eng            # axis of output
     file = gas_track.out   # file name of output for the above axis
     part =  neutron  
# kf/name :  2112     
#    used :        main (  %)        temp (  %)       total (  %)
#  memory :         139 (  0)           0 (  0)         139 (  0)

#------------------------------------------------------------------------------
#newpage:
#   no. =  1   reg =    101

x: Energy [MeV/n]
y: Flux [1/cm^2/source]              
p: xlog ylog afac(0.8) form(0.9)
h: n            x            y(neutron ),hh0l n  
#  e-lower      e-upper        neutron   r.err 
   1.0000E-10   1.2589E-10   0.0000E+00  0.0000
   1.2589E-10   1.5849E-10   0.0000E+00  0.0000
   1.5849E-10   1.9953E-10   0.0000E+00  0.0000
   1.9953E-10   2.5119E-10   0.0000E+00  0.0000
   2.5119E-10   3.1623E-10   0.0000E+00  0.0000
   3.1623E-10   3.9811E-10   0.0000E+00  0.0000
   3.9811E-10   5.0119E-10   0.0000E+00  0.0000
   5.0119E-10   6.3096E-10   0.0000E+00  0.0000
   6.3096E-10   7.9433E-10   0.0000E+00  0.0000
   7.9433E-10   1.0000E-09   0.0000E+00  0.0000
   1.0000E-09   1.2589E-09   0.0000E+00  0.0000
   1.2589E-09   1.5849E-09   0.0000E+00  0.0000
   1.5849E-09   1.9953E-09   0.0000E+00  0.0000
   1.9953E-09   2.5119E-09   0.0000E+00  0.0000
   2.5119E-09   3.1623E-09   0.0000E+00  0.0000
   3.1623E-09   3.9811E-09   0.0000E+00  0.0000
   3.9811E-09   5.0119E-09   0.0000E+00  0.0000
   5.0119E-09   6.3096E-09   0.0000E+00  0.0000
   6.3096E-09   7.9433E-09   0.0000E+00  0.0000
   7.9433E-09   1.0000E-08   0.0000E+00  0.0000
   1.0000E-08   1.2589E-08   0.0000E+00  0.0000
   1.2589E-08   1.5849E-08   0.0000E+00  0.0000
   1.5849E-08   1.9953E-08   0.0000E+00  0.0000
   1.9953E-08   2.5119E-08   0.0000E+00  0.0000
   2.5119E-08   3.1623E-08   0.0000E+00  0.0000
   3.1623E-08   3.9811E-08   0.0000E+00  0.0000
   3.9811E-08   5.0119E-08   0.0000E+00  0.0000
   5.0119E-08   6.3096E-08   0.0000E+00  0.0000
   6.3096E-08   7.9433E-08   0.0000E+00  0.0000
   7.9433E-08   1.0000E-07   0.0000E+00  0.0000
   1.0000E-07   1.2589E-07   0.0000E+00  0.0000
   1.2589E-07   1.5849E-07   0.0000E+00  0.0000
   1.5849E-07   1.9953E-07   0.0000E+00  0.0000
   1.9953E-07   2.5119E-07   0.0000E+00  0.0000
   2.5119E-07   3.1623E-07   0.0000E+00  0.0000
   3.1623E-07   3.9811E-07   0.0000E+00  0.0000
   3.9811E-07   5.0119E-07   0.0000E+00  0.0000
   5.0119E-07   6.3096E-07   0.0000E+00  0.0000
   6.3096E-07   7.9433E-07   0.0000E+00  0.0000
   7.9433E-07   1.0000E-06   0.0000E+00  0.0000
   1.0000E-06   1.2589E-06   0.0000E+00  0.0000
   1.2589E-06   1.5849E-06   0.0000E+00  0.0000
   1.5849E-06   1.9953E-06   0.0000E+00  0.0000
   1.9953E-06   2.5119E-06   0.0000E+00  0.0000
   2.5119E-06   3.1623E-06   0.0000E+00  0.0000
   3.1623E-06   3.9811E-06   0.0000E+00  0.0000
   3.9811E-06   5.0119E-06   0.0000E+00  0.0000
   5.0119E-06   6.3096E-06   0.0000E+00  0.0000
   6.3096E-06   7.9433E-06   0.0000E+00  0.0000
   7.9433E-06   1.0000E-05   0.0000E+00  0.0000
   1.0000E-05   1.2589E-05   0.0000E+00  0.0000
   1.2589E-05   1.5849E-05   0.0000E+00  0.0000
   1.5849E-05   1.9953E-05   0.0000E+00  0.0000
   1.9953E-05   2.5119E-05   0.0000E+00  0.0000
   2.5119E-05   3.1623E-05   0.0000E+00  0.0000
   3.1623E-05   3.9811E-05   0.0000E+00  0.0000
   3.9811E-05   5.0119E-05   0.0000E+00  0.0000
   5.0119E-05   6.3096E-05   0.0000E+00  0.0000
   6.3096E-05   7.9433E-05   0.0000E+00  0.0000
   7.9433E-05   1.0000E-04   0.0000E+00  0.0000
   1.0000E-04   1.2589E-04   0.0000E+00  0.0000
   1.2589E-04   1.5849E-04   0.0000E+00  0.0000
   1.5849E-04   1.9953E-04   0.0000E+00  0.0000
   1.9953E-04   2.5119E-04   0.0000E+00  0.0000
   2.5119E-04   3.1623E-04   0.0000E+00  0.0000
   3.1623E-04   3.9811E-04   0.0000E+00  0.0000
   3.9811E-04   5.0119E-04   0.0000E+00  0.0000
   5.0119E-04   6.3096E-04   0.0000E+00  0.0000
   6.3096E-04   7.9433E-04   0.0000E+00  0.0000
   7.9433E-04   1.0000E-03   0.0000E+00  0.0000
   1.0000E-03   1.2589E-03   0.0000E+00  0.0000
   1.2589E-03   1.5849E-03   0.0000E+00  0.0000
   1.5849E-03   1.9953E-03   0.0000E+00  0.0000
   1.9953E-03   2.5119E-03   0.0000E+00  0.0000
   2.5119E-03   3.1623E-03   0.0000E+00  0.0000
   3.1623E-03   3.9811E-03   0.0000E+00  0.0000
   3.9811E-03   5.0119E-03   0.0000E+00  0.0000
   5.0119E-03   6.3096E-03   0.0000E+00  0.0000
   6.3096E-03   7.9433E-03   0.0000E+00  0.0000
   7.9433E-03   1.0000E-02   0.0000E+00  0.0000
   1.0000E-02   1.2589E-02   0.0000E+00  0.0000
   1.2589E-02   1.5849E-02   0.0000E+00  0.0000
   1.5849E-02   1.9953E-02   0.0000E+00  0.0000
   1.9953E-02   2.5119E-02   0.0000E+00  0.0000
   2.5119E-02   3.1623E-02   2.0558E-06  1.0000
   3.1623E-02   3.9811E-02   0.0000E+00  0.0000
   3.9811E-02   5.0119E-02   1.4652E-04  1.0000
   5.0119E-02   6.3096E-02   7.8958E-05  1.0000
   6.3096E-02   7.9433E-02   0.0000E+00  0.0000
   7.9433E-02   1.0000E-01   1.2902E-05  1.0000
   1.0000E-01   1.2589E-01   0.0000E+00  0.0000
   1.2589E-01   1.5849E-01   0.0000E+00  0.0000
   1.5849E-01   1.9953E-01   4.2414E-06  1.0000
   1.9953E-01   2.5119E-01   1.2530E-04  0.7563
   2.5119E-01   3.1623E-01   1.5004E-04  0.5043
   3.1623E-01   3.9811E-01   3.7587E-04  0.4275
   3.9811E-01   5.0119E-01   3.7580E-04  0.6062
   5.0119E-01   6.3096E-01   9.3904E-05  0.5877
   6.3096E-01   7.9433E-01   4.4374E-04  0.3278
   7.9433E-01   1.0000E+00   6.0824E-04  0.3117
   1.0000E+00   1.2589E+00   1.3073E-03  0.3210
   1.2589E+00   1.5849E+00   8.3933E-04  0.2957
   1.5849E+00   1.9953E+00   1.2677E-03  0.2316
   1.9953E+00   2.5119E+00   1.1289E-03  0.2403
   2.5119E+00   3.1623E+00   1.6488E-03  0.2077
   3.1623E+00   3.9811E+00   1.1179E-03  0.2294
   3.9811E+00   5.0119E+00   1.1479E-03  0.2201
   5.0119E+00   6.3096E+00   1.4069E-03  0.2125
   6.3096E+00   7.9433E+00   1.8799E-03  0.2150
   7.9433E+00   1.0000E+01   8.0170E-04  0.2784
   1.0000E+01   1.2589E+01   1.6202E-03  0.2353
   1.2589E+01   1.5849E+01   7.4667E-04  0.3411
   1.5849E+01   1.9953E+01   8.2603E-04  0.2774
   1.9953E+01   2.5119E+01   7.1007E-04  0.3108
   2.5119E+01   3.1623E+01   3.0519E-04  0.3669
   3.1623E+01   3.9811E+01   7.0914E-04  0.2613
   3.9811E+01   5.0119E+01   5.6634E-04  0.3040
   5.0119E+01   6.3096E+01   4.4292E-04  0.3319
   6.3096E+01   7.9433E+01   1.0271E-03  0.2717
   7.9433E+01   1.0000E+02   5.0391E-04  0.2998
   1.0000E+02   1.2589E+02   6.9276E-04  0.2867
   1.2589E+02   1.5849E+02   8.3159E-04  0.2538
   1.5849E+02   1.9953E+02   1.0721E-03  0.2200
   1.9953E+02   2.5119E+02   1.3154E-03  0.2622
   2.5119E+02   3.1623E+02   1.3610E-03  0.2903
   3.1623E+02   3.9811E+02   8.4440E-04  0.3750
   3.9811E+02   5.0119E+02   5.3382E-04  0.3608
   5.0119E+02   6.3096E+02   3.4523E-04  0.4018
   6.3096E+02   7.9433E+02   4.6322E-04  0.3623
   7.9433E+02   1.0000E+03   4.4529E-03  0.1130

#   sum over                 3.4334E-02  0.0712

'no. =  1,  reg  =    101'
msuc: {\huge Neutron track length in active He-3 gas}
msdr: {\it plotted by \ANGEL \version}
msdl: {\it calculated by \PHITS  3.36}
wt: s(0.7)
\vspace{-3}
   vol  &=&   1.0000E+00 [cm^3]
e:

#------------------------------------------------------------------------------
 newpage:
#   no. =  2   reg =    201

x: Energy [MeV/n]
y: Flux [1/cm^2/source]              
p: xlog ylog afac(0.8) form(0.9)
h: n            x            y(neutron ),hh0l n  
#  e-lower      e-upper        neutron   r.err 
   1.0000E-10   1.2589E-10   0.0000E+00  0.0000
   1.2589E-10   1.5849E-10   0.0000E+00  0.0000
   1.5849E-10   1.9953E-10   0.0000E+00  0.0000
   1.9953E-10   2.5119E-10   0.0000E+00  0.0000
   2.5119E-10   3.1623E-10   0.0000E+00  0.0000
   3.1623E-10   3.9811E-10   0.0000E+00  0.0000
   3.9811E-10   5.0119E-10   0.0000E+00  0.0000
   5.0119E-10   6.3096E-10   0.0000E+00  0.0000
   6.3096E-10   7.9433E-10   0.0000E+00  0.0000
   7.9433E-10   1.0000E-09   0.0000E+00  0.0000
   1.0000E-09   1.2589E-09   0.0000E+00  0.0000
   1.2589E-09   1.5849E-09   0.0000E+00  0.0000
   1.5849E-09   1.9953E-09   0.0000E+00  0.0000
   1.9953E-09   2.5119E-09   0.0000E+00  0.0000
   2.5119E-09   3.1623E-09   3.5260E-07  1.0000
   3.1623E-09   3.9811E-09   1.1068E-06  0.6138
   3.9811E-09   5.0119E-09   1.6621E-06  0.7412
   5.0119E-09   6.3096E-09   6.6378E-07  0.8275
   6.3096E-09   7.9433E-09   3.1490E-06  0.4609
   7.9433E-09   1.0000E-08   4.3151E-06  0.4828
   1.0000E-08   1.2589E-08   1.6912E-05  0.5352
   1.2589E-08   1.5849E-08   1.9650E-05  0.4162
   1.5849E-08   1.9953E-08   2.5621E-05  0.3438
   1.9953E-08   2.5119E-08   4.7436E-05  0.3186
   2.5119E-08   3.1623E-08   3.7174E-05  0.3414
   3.1623E-08   3.9811E-08   8.4680E-05  0.3029
   3.9811E-08   5.0119E-08   1.0279E-04  0.2433
   5.0119E-08   6.3096E-08   1.0098E-04  0.2956
   6.3096E-08   7.9433E-08   1.3440E-04  0.2273
   7.9433E-08   1.0000E-07   7.5386E-05  0.3960
   1.0000E-07   1.2589E-07   9.9534E-05  0.3517
   1.2589E-07   1.5849E-07   3.0288E-05  0.5086
   1.5849E-07   1.9953E-07   5.1226E-05  0.5283
   1.9953E-07   2.5119E-07   4.5208E-05  0.8523
   2.5119E-07   3.1623E-07   1.1100E-04  0.5319
   3.1623E-07   3.9811E-07   6.6038E-05  0.8927
   3.9811E-07   5.0119E-07   0.0000E+00  0.0000
   5.0119E-07   6.3096E-07   5.3542E-05  0.8522
   6.3096E-07   7.9433E-07   4.9672E-06  1.0000
   7.9433E-07   1.0000E-06   8.7172E-06  1.0000
   1.0000E-06   1.2589E-06   4.4502E-05  0.6055
   1.2589E-06   1.5849E-06   9.9102E-05  0.6644
   1.5849E-06   1.9953E-06   6.0559E-05  0.7089
   1.9953E-06   2.5119E-06   9.6503E-05  0.5324
   2.5119E-06   3.1623E-06   7.5575E-05  0.9061
   3.1623E-06   3.9811E-06   6.3733E-05  0.6853
   3.9811E-06   5.0119E-06   0.0000E+00  0.0000
   5.0119E-06   6.3096E-06   8.9933E-05  0.6964
   6.3096E-06   7.9433E-06   2.4434E-04  0.5552
   7.9433E-06   1.0000E-05   2.8928E-05  1.0000
   1.0000E-05   1.2589E-05   6.0565E-05  0.6960
   1.2589E-05   1.5849E-05   1.1216E-04  0.6680
   1.5849E-05   1.9953E-05   1.4510E-04  0.5670
   1.9953E-05   2.5119E-05   1.4514E-04  0.5251
   2.5119E-05   3.1623E-05   0.0000E+00  0.0000
   3.1623E-05   3.9811E-05   1.6426E-04  0.5474
   3.9811E-05   5.0119E-05   2.0485E-04  0.5335
   5.0119E-05   6.3096E-05   4.6394E-05  0.7095
   6.3096E-05   7.9433E-05   2.5069E-04  0.4680
   7.9433E-05   1.0000E-04   9.6664E-05  0.7422
   1.0000E-04   1.2589E-04   1.0622E-04  0.7141
   1.2589E-04   1.5849E-04   9.4816E-05  0.6063
   1.5849E-04   1.9953E-04   1.5027E-04  0.5790
   1.9953E-04   2.5119E-04   0.0000E+00  0.0000
   2.5119E-04   3.1623E-04   1.5830E-04  0.6238
   3.1623E-04   3.9811E-04   0.0000E+00  0.0000
   3.9811E-04   5.0119E-04   7.5739E-05  1.0000
   5.0119E-04   6.3096E-04   7.4260E-05  0.7298
   6.3096E-04   7.9433E-04   2.6940E-05  1.0000
   7.9433E-04   1.0000E-03   4.3408E-05  1.0000
   1.0000E-03   1.2589E-03   0.0000E+00  0.0000
   1.2589E-03   1.5849E-03   7.2334E-05  0.9793
   1.5849E-03   1.9953E-03   2.6029E-05  1.0000
   1.9953E-03   2.5119E-03   2.4179E-04  0.5586
   2.5119E-03   3.1623E-03   1.6927E-04  0.5492
   3.1623E-03   3.9811E-03   2.1155E-04  0.4619
   3.9811E-03   5.0119E-03   1.2804E-04  0.5590
   5.0119E-03   6.3096E-03   2.0144E-04  0.4566
   6.3096E-03   7.9433E-03   9.5765E-05  1.0000
   7.9433E-03   1.0000E-02   1.2325E-04  0.6066
   1.0000E-02   1.2589E-02   3.7252E-04  0.4661
   1.2589E-02   1.5849E-02   6.1174E-05  0.7459
   1.5849E-02   1.9953E-02   4.8452E-05  1.0000
   1.9953E-02   2.5119E-02   1.0986E-05  1.0000
   2.5119E-02   3.1623E-02   1.4031E-04  0.7074
   3.1623E-02   3.9811E-02   1.4604E-04  0.5238
   3.9811E-02   5.0119E-02   3.0575E-04  0.6223
   5.0119E-02   6.3096E-02   1.3519E-04  0.5264
   6.3096E-02   7.9433E-02   1.4566E-04  0.6078
   7.9433E-02   1.0000E-01   2.5697E-04  0.5262
   1.0000E-01   1.2589E-01   3.2428E-04  0.4513
   1.2589E-01   1.5849E-01   2.8273E-04  0.3880
   1.5849E-01   1.9953E-01   1.9020E-04  0.5761
   1.9953E-01   2.5119E-01   1.3419E-04  0.7212
   2.5119E-01   3.1623E-01   3.0052E-04  0.3643
   3.1623E-01   3.9811E-01   6.0077E-04  0.3140
   3.9811E-01   5.0119E-01   3.5825E-04  0.4528
   5.0119E-01   6.3096E-01   8.8653E-04  0.2784
   6.3096E-01   7.9433E-01   6.5709E-04  0.3002
   7.9433E-01   1.0000E+00   1.0056E-03  0.2448
   1.0000E+00   1.2589E+00   9.0912E-04  0.2350
   1.2589E+00   1.5849E+00   1.3601E-03  0.1953
   1.5849E+00   1.9953E+00   1.3000E-03  0.1838
   1.9953E+00   2.5119E+00   2.0192E-03  0.1769
   2.5119E+00   3.1623E+00   1.9824E-03  0.1637
   3.1623E+00   3.9811E+00   1.6057E-03  0.1825
   3.9811E+00   5.0119E+00   2.1750E-03  0.1634
   5.0119E+00   6.3096E+00   1.7814E-03  0.1807
   6.3096E+00   7.9433E+00   1.9257E-03  0.1689
   7.9433E+00   1.0000E+01   1.6949E-03  0.1830
   1.0000E+01   1.2589E+01   1.2180E-03  0.2148
   1.2589E+01   1.5849E+01   1.6038E-03  0.1887
   1.5849E+01   1.9953E+01   1.3238E-03  0.2207
   1.9953E+01   2.5119E+01   1.4844E-03  0.2250
   2.5119E+01   3.1623E+01   1.6865E-03  0.1822
   3.1623E+01   3.9811E+01   1.4850E-03  0.2337
   3.9811E+01   5.0119E+01   1.6084E-03  0.1846
   5.0119E+01   6.3096E+01   1.9911E-03  0.1571
   6.3096E+01   7.9433E+01   1.2258E-03  0.1993
   7.9433E+01   1.0000E+02   1.9801E-03  0.1728
   1.0000E+02   1.2589E+02   1.6688E-03  0.1792
   1.2589E+02   1.5849E+02   1.8751E-03  0.2013
   1.5849E+02   1.9953E+02   1.9481E-03  0.1650
   1.9953E+02   2.5119E+02   2.0510E-03  0.1988
   2.5119E+02   3.1623E+02   1.9196E-03  0.1605
   3.1623E+02   3.9811E+02   1.2917E-03  0.1995
   3.9811E+02   5.0119E+02   2.3594E-03  0.1498
   5.0119E+02   6.3096E+02   2.2224E-03  0.1713
   6.3096E+02   7.9433E+02   2.7257E-03  0.1494
   7.9433E+02   1.0000E+03   1.2643E-02  0.0693

#   sum over                 7.4584E-02  0.0384

'no. =  2,  reg  =    201'
msuc: {\huge Neutron track length in active He-3 gas}
msdr: {\it plotted by \ANGEL \version}
msdl: {\it calculated by \PHITS  3.36}
wt: s(0.7)
\vspace{-3}
   vol  &=&   1.0000E+00 [cm^3]
e:

#------------------------------------------------------------------------------
 newpage:
#   no. =  3   reg =    301

x: Energy [MeV/n]
y: Flux [1/cm^2/source]              
p: xlog ylog afac(0.8) form(0.9)
h: n            x            y(neutron ),hh0l n  
#  e-lower      e-upper        neutron   r.err 
   1.0000E-10   1.2589E-10   0.0000E+00  0.0000
   1.2589E-10   1.5849E-10   0.0000E+00  0.0000
   1.5849E-10   1.9953E-10   0.0000E+00  0.0000
   1.9953E-10   2.5119E-10   0.0000E+00  0.0000
   2.5119E-10   3.1623E-10   0.0000E+00  0.0000
   3.1623E-10   3.9811E-10   0.0000E+00  0.0000
   3.9811E-10   5.0119E-10   0.0000E+00  0.0000
   5.0119E-10   6.3096E-10   0.0000E+00  0.0000
   6.3096E-10   7.9433E-10   0.0000E+00  0.0000
   7.9433E-10   1.0000E-09   0.0000E+00  0.0000
   1.0000E-09   1.2589E-09   0.0000E+00  0.0000
   1.2589E-09   1.5849E-09   0.0000E+00  0.0000
   1.5849E-09   1.9953E-09   0.0000E+00  0.0000
   1.9953E-09   2.5119E-09   0.0000E+00  0.0000
   2.5119E-09   3.1623E-09   0.0000E+00  0.0000
   3.1623E-09   3.9811E-09   0.0000E+00  0.0000
   3.9811E-09   5.0119E-09   0.0000E+00  0.0000
   5.0119E-09   6.3096E-09   0.0000E+00  0.0000
   6.3096E-09   7.9433E-09   0.0000E+00  0.0000
   7.9433E-09   1.0000E-08   0.0000E+00  0.0000
   1.0000E-08   1.2589E-08   0.0000E+00  0.0000
   1.2589E-08   1.5849E-08   0.0000E+00  0.0000
   1.5849E-08   1.9953E-08   0.0000E+00  0.0000
   1.9953E-08   2.5119E-08   0.0000E+00  0.0000
   2.5119E-08   3.1623E-08   0.0000E+00  0.0000
   3.1623E-08   3.9811E-08   0.0000E+00  0.0000
   3.9811E-08   5.0119E-08   0.0000E+00  0.0000
   5.0119E-08   6.3096E-08   0.0000E+00  0.0000
   6.3096E-08   7.9433E-08   0.0000E+00  0.0000
   7.9433E-08   1.0000E-07   0.0000E+00  0.0000
   1.0000E-07   1.2589E-07   0.0000E+00  0.0000
   1.2589E-07   1.5849E-07   0.0000E+00  0.0000
   1.5849E-07   1.9953E-07   0.0000E+00  0.0000
   1.9953E-07   2.5119E-07   0.0000E+00  0.0000
   2.5119E-07   3.1623E-07   0.0000E+00  0.0000
   3.1623E-07   3.9811E-07   0.0000E+00  0.0000
   3.9811E-07   5.0119E-07   0.0000E+00  0.0000
   5.0119E-07   6.3096E-07   0.0000E+00  0.0000
   6.3096E-07   7.9433E-07   0.0000E+00  0.0000
   7.9433E-07   1.0000E-06   0.0000E+00  0.0000
   1.0000E-06   1.2589E-06   0.0000E+00  0.0000
   1.2589E-06   1.5849E-06   0.0000E+00  0.0000
   1.5849E-06   1.9953E-06   0.0000E+00  0.0000
   1.9953E-06   2.5119E-06   0.0000E+00  0.0000
   2.5119E-06   3.1623E-06   0.0000E+00  0.0000
   3.1623E-06   3.9811E-06   0.0000E+00  0.0000
   3.9811E-06   5.0119E-06   0.0000E+00  0.0000
   5.0119E-06   6.3096E-06   0.0000E+00  0.0000
   6.3096E-06   7.9433E-06   0.0000E+00  0.0000
   7.9433E-06   1.0000E-05   0.0000E+00  0.0000
   1.0000E-05   1.2589E-05   0.0000E+00  0.0000
   1.2589E-05   1.5849E-05   0.0000E+00  0.0000
   1.5849E-05   1.9953E-05   0.0000E+00  0.0000
   1.9953E-05   2.5119E-05   0.0000E+00  0.0000
   2.5119E-05   3.1623E-05   0.0000E+00  0.0000
   3.1623E-05   3.9811E-05   0.0000E+00  0.0000
   3.9811E-05   5.0119E-05   0.0000E+00  0.0000
   5.0119E-05   6.3096E-05   0.0000E+00  0.0000
   6.3096E-05   7.9433E-05   0.0000E+00  0.0000
   7.9433E-05   1.0000E-04   0.0000E+00  0.0000
   1.0000E-04   1.2589E-04   0.0000E+00  0.0000
   1.2589E-04   1.5849E-04   0.0000E+00  0.0000
   1.5849E-04   1.9953E-04   0.0000E+00  0.0000
   1.9953E-04   2.5119E-04   0.0000E+00  0.0000
   2.5119E-04   3.1623E-04   0.0000E+00  0.0000
   3.1623E-04   3.9811E-04   0.0000E+00  0.0000
   3.9811E-04   5.0119E-04   0.0000E+00  0.0000
   5.0119E-04   6.3096E-04   0.0000E+00  0.0000
   6.3096E-04   7.9433E-04   0.0000E+00  0.0000
   7.9433E-04   1.0000E-03   0.0000E+00  0.0000
   1.0000E-03   1.2589E-03   0.0000E+00  0.0000
   1.2589E-03   1.5849E-03   0.0000E+00  0.0000
   1.5849E-03   1.9953E-03   0.0000E+00  0.0000
   1.9953E-03   2.5119E-03   0.0000E+00  0.0000
   2.5119E-03   3.1623E-03   0.0000E+00  0.0000
   3.1623E-03   3.9811E-03   0.0000E+00  0.0000
   3.9811E-03   5.0119E-03   0.0000E+00  0.0000
   5.0119E-03   6.3096E-03   0.0000E+00  0.0000
   6.3096E-03   7.9433E-03   0.0000E+00  0.0000
   7.9433E-03   1.0000E-02   2.3936E-05  1.0000
   1.0000E-02   1.2589E-02   0.0000E+00  0.0000
   1.2589E-02   1.5849E-02   0.0000E+00  0.0000
   1.5849E-02   1.9953E-02   0.0000E+00  0.0000
   1.9953E-02   2.5119E-02   0.0000E+00  0.0000
   2.5119E-02   3.1623E-02   0.0000E+00  0.0000
   3.1623E-02   3.9811E-02   0.0000E+00  0.0000
   3.9811E-02   5.0119E-02   0.0000E+00  0.0000
   5.0119E-02   6.3096E-02   3.1998E-05  1.0000
   6.3096E-02   7.9433E-02   2.3258E-05  1.0000
   7.9433E-02   1.0000E-01   2.6810E-05  1.0000
   1.0000E-01   1.2589E-01   0.0000E+00  0.0000
   1.2589E-01   1.5849E-01   8.2695E-05  0.5633
   1.5849E-01   1.9953E-01   0.0000E+00  0.0000
   1.9953E-01   2.5119E-01   3.4339E-05  1.0000
   2.5119E-01   3.1623E-01   1.4961E-04  0.4481
   3.1623E-01   3.9811E-01   2.5732E-05  0.7547
   3.9811E-01   5.0119E-01   1.8871E-04  0.3965
   5.0119E-01   6.3096E-01   2.6127E-04  0.3235
   6.3096E-01   7.9433E-01   2.1304E-04  0.3329
   7.9433E-01   1.0000E+00   2.4072E-04  0.3888
   1.0000E+00   1.2589E+00   5.0892E-04  0.3564
   1.2589E+00   1.5849E+00   4.1192E-04  0.2630
   1.5849E+00   1.9953E+00   4.2648E-04  0.2453
   1.9953E+00   2.5119E+00   5.8734E-04  0.2279
   2.5119E+00   3.1623E+00   7.0986E-04  0.1996
   3.1623E+00   3.9811E+00   6.2970E-04  0.2249
   3.9811E+00   5.0119E+00   5.9933E-04  0.2270
   5.0119E+00   6.3096E+00   3.8843E-04  0.2637
   6.3096E+00   7.9433E+00   7.7058E-04  0.2146
   7.9433E+00   1.0000E+01   4.8569E-04  0.2601
   1.0000E+01   1.2589E+01   3.9262E-04  0.2680
   1.2589E+01   1.5849E+01   2.7005E-04  0.3005
   1.5849E+01   1.9953E+01   2.5538E-04  0.3086
   1.9953E+01   2.5119E+01   3.3620E-04  0.3103
   2.5119E+01   3.1623E+01   2.4660E-04  0.3559
   3.1623E+01   3.9811E+01   1.8710E-04  0.3849
   3.9811E+01   5.0119E+01   2.0291E-04  0.4040
   5.0119E+01   6.3096E+01   1.8240E-04  0.3603
   6.3096E+01   7.9433E+01   2.8826E-04  0.3692
   7.9433E+01   1.0000E+02   4.5768E-04  0.2492
   1.0000E+02   1.2589E+02   2.4351E-04  0.3569
   1.2589E+02   1.5849E+02   2.7880E-04  0.3023
   1.5849E+02   1.9953E+02   2.2098E-04  0.4300
   1.9953E+02   2.5119E+02   2.2275E-04  0.3413
   2.5119E+02   3.1623E+02   3.4773E-04  0.2953
   3.1623E+02   3.9811E+02   2.5119E-04  0.2930
   3.9811E+02   5.0119E+02   1.4854E-04  0.3829
   5.0119E+02   6.3096E+02   1.0007E-04  0.5100
   6.3096E+02   7.9433E+02   2.4541E-04  0.4673
   7.9433E+02   1.0000E+03   1.4418E-03  0.1424

#   sum over                 1.3140E-02  0.0775

'no. =  3,  reg  =    301'
msuc: {\huge Neutron track length in active He-3 gas}
msdr: {\it plotted by \ANGEL \version}
msdl: {\it calculated by \PHITS  3.36}
wt: s(0.7)
\vspace{-3}
   vol  &=&   1.0000E+00 [cm^3]
e:

#------------------------------------------------------------------------------
 newpage:
#   no. =  4   reg =    401

x: Energy [MeV/n]
y: Flux [1/cm^2/source]              
p: xlog ylog afac(0.8) form(0.9)
h: n            x            y(neutron ),hh0l n  
#  e-lower      e-upper        neutron   r.err 
   1.0000E-10   1.2589E-10   0.0000E+00  0.0000
   1.2589E-10   1.5849E-10   0.0000E+00  0.0000
   1.5849E-10   1.9953E-10   0.0000E+00  0.0000
   1.9953E-10   2.5119E-10   0.0000E+00  0.0000
   2.5119E-10   3.1623E-10   0.0000E+00  0.0000
   3.1623E-10   3.9811E-10   0.0000E+00  0.0000
   3.9811E-10   5.0119E-10   0.0000E+00  0.0000
   5.0119E-10   6.3096E-10   0.0000E+00  0.0000
   6.3096E-10   7.9433E-10   0.0000E+00  0.0000
   7.9433E-10   1.0000E-09   0.0000E+00  0.0000
   1.0000E-09   1.2589E-09   0.0000E+00  0.0000
   1.2589E-09   1.5849E-09   0.0000E+00  0.0000
   1.5849E-09   1.9953E-09   0.0000E+00  0.0000
   1.9953E-09   2.5119E-09   8.4163E-07  1.0000
   2.5119E-09   3.1623E-09   0.0000E+00  0.0000
   3.1623E-09   3.9811E-09   0.0000E+00  0.0000
   3.9811E-09   5.0119E-09   0.0000E+00  0.0000
   5.0119E-09   6.3096E-09   1.6676E-06  0.7899
   6.3096E-09   7.9433E-09   0.0000E+00  0.0000
   7.9433E-09   1.0000E-08   4.0022E-06  0.7111
   1.0000E-08   1.2589E-08   3.2825E-06  0.7173
   1.2589E-08   1.5849E-08   1.2264E-05  0.5642
   1.5849E-08   1.9953E-08   5.8614E-06  0.8615
   1.9953E-08   2.5119E-08   1.5010E-05  0.3749
   2.5119E-08   3.1623E-08   1.8373E-05  0.4152
   3.1623E-08   3.9811E-08   2.7513E-05  0.4288
   3.9811E-08   5.0119E-08   2.4984E-05  0.3783
   5.0119E-08   6.3096E-08   5.8991E-05  0.3847
   6.3096E-08   7.9433E-08   2.9776E-05  0.3999
   7.9433E-08   1.0000E-07   1.4977E-05  0.4518
   1.0000E-07   1.2589E-07   2.5992E-05  0.4122
   1.2589E-07   1.5849E-07   2.9875E-05  0.4495
   1.5849E-07   1.9953E-07   1.1013E-05  1.0000
   1.9953E-07   2.5119E-07   3.6870E-06  1.0000
   2.5119E-07   3.1623E-07   0.0000E+00  0.0000
   3.1623E-07   3.9811E-07   1.4491E-05  0.8211
   3.9811E-07   5.0119E-07   0.0000E+00  0.0000
   5.0119E-07   6.3096E-07   3.4314E-05  0.7086
   6.3096E-07   7.9433E-07   4.1654E-05  0.7095
   7.9433E-07   1.0000E-06   0.0000E+00  0.0000
   1.0000E-06   1.2589E-06   0.0000E+00  0.0000
   1.2589E-06   1.5849E-06   0.0000E+00  0.0000
   1.5849E-06   1.9953E-06   2.0552E-05  1.0000
   1.9953E-06   2.5119E-06   4.8831E-05  0.7071
   2.5119E-06   3.1623E-06   0.0000E+00  0.0000
   3.1623E-06   3.9811E-06   3.3260E-05  0.7297
   3.9811E-06   5.0119E-06   4.5170E-05  0.6338
   5.0119E-06   6.3096E-06   1.7785E-05  1.0000
   6.3096E-06   7.9433E-06   1.4218E-05  0.7113
   7.9433E-06   1.0000E-05   5.4383E-05  0.7139
   1.0000E-05   1.2589E-05   1.9142E-05  0.7342
   1.2589E-05   1.5849E-05   3.9429E-05  0.7188
   1.5849E-05   1.9953E-05   1.8599E-05  1.0000
   1.9953E-05   2.5119E-05   0.0000E+00  0.0000
   2.5119E-05   3.1623E-05   2.3178E-05  1.0000
   3.1623E-05   3.9811E-05   5.0033E-05  0.5556
   3.9811E-05   5.0119E-05   0.0000E+00  0.0000
   5.0119E-05   6.3096E-05   4.1915E-05  0.7134
   6.3096E-05   7.9433E-05   3.8795E-05  0.7714
   7.9433E-05   1.0000E-04   0.0000E+00  0.0000
   1.0000E-04   1.2589E-04   6.0168E-05  0.6329
   1.2589E-04   1.5849E-04   4.5509E-05  0.7110
   1.5849E-04   1.9953E-04   0.0000E+00  0.0000
   1.9953E-04   2.5119E-04   3.0867E-05  1.0000
   2.5119E-04   3.1623E-04   0.0000E+00  0.0000
   3.1623E-04   3.9811E-04   4.0252E-05  0.8040
   3.9811E-04   5.0119E-04   8.4951E-05  0.5904
   5.0119E-04   6.3096E-04   4.6046E-05  0.7101
   6.3096E-04   7.9433E-04   1.5582E-05  1.0000
   7.9433E-04   1.0000E-03   6.7399E-06  1.0000
   1.0000E-03   1.2589E-03   8.2694E-05  0.5886
   1.2589E-03   1.5849E-03   1.0222E-05  1.0000
   1.5849E-03   1.9953E-03   2.7470E-05  1.0000
   1.9953E-03   2.5119E-03   0.0000E+00  0.0000
   2.5119E-03   3.1623E-03   3.0705E-05  1.0000
   3.1623E-03   3.9811E-03   2.3264E-04  0.7152
   3.9811E-03   5.0119E-03   2.0105E-05  1.0000
   5.0119E-03   6.3096E-03   5.4793E-05  0.7087
   6.3096E-03   7.9433E-03   3.5540E-05  1.0000
   7.9433E-03   1.0000E-02   0.0000E+00  0.0000
   1.0000E-02   1.2589E-02   2.8065E-05  0.7640
   1.2589E-02   1.5849E-02   2.1064E-05  1.0000
   1.5849E-02   1.9953E-02   3.6411E-05  0.7168
   1.9953E-02   2.5119E-02   6.6172E-05  0.5811
   2.5119E-02   3.1623E-02   8.7016E-05  0.5219
   3.1623E-02   3.9811E-02   2.0761E-05  0.7695
   3.9811E-02   5.0119E-02   9.8350E-05  0.6847
   5.0119E-02   6.3096E-02   9.5641E-05  0.6207
   6.3096E-02   7.9433E-02   0.0000E+00  0.0000
   7.9433E-02   1.0000E-01   5.3280E-06  1.0000
   1.0000E-01   1.2589E-01   5.1377E-05  0.7815
   1.2589E-01   1.5849E-01   1.1804E-04  0.5505
   1.5849E-01   1.9953E-01   6.9509E-05  0.5631
   1.9953E-01   2.5119E-01   2.9562E-04  0.3630
   2.5119E-01   3.1623E-01   2.2657E-04  0.3236
   3.1623E-01   3.9811E-01   3.0970E-04  0.5290
   3.9811E-01   5.0119E-01   1.6157E-04  0.3770
   5.0119E-01   6.3096E-01   2.4842E-04  0.2894
   6.3096E-01   7.9433E-01   3.1224E-04  0.2669
   7.9433E-01   1.0000E+00   3.5313E-04  0.2604
   1.0000E+00   1.2589E+00   5.0381E-04  0.3876
   1.2589E+00   1.5849E+00   6.0989E-04  0.2037
   1.5849E+00   1.9953E+00   4.9831E-04  0.3143
   1.9953E+00   2.5119E+00   5.6841E-04  0.2851
   2.5119E+00   3.1623E+00   8.1881E-04  0.2001
   3.1623E+00   3.9811E+00   9.3666E-04  0.2198
   3.9811E+00   5.0119E+00   7.9954E-04  0.2010
   5.0119E+00   6.3096E+00   6.8249E-04  0.1875
   6.3096E+00   7.9433E+00   6.9930E-04  0.2124
   7.9433E+00   1.0000E+01   8.3628E-04  0.2352
   1.0000E+01   1.2589E+01   6.9752E-04  0.2051
   1.2589E+01   1.5849E+01   8.2761E-04  0.2633
   1.5849E+01   1.9953E+01   7.6761E-04  0.2022
   1.9953E+01   2.5119E+01   5.3764E-04  0.2269
   2.5119E+01   3.1623E+01   9.1129E-04  0.2144
   3.1623E+01   3.9811E+01   6.7927E-04  0.2737
   3.9811E+01   5.0119E+01   5.0523E-04  0.2477
   5.0119E+01   6.3096E+01   3.2262E-04  0.2805
   6.3096E+01   7.9433E+01   3.5531E-04  0.2673
   7.9433E+01   1.0000E+02   8.6760E-04  0.1931
   1.0000E+02   1.2589E+02   9.2520E-04  0.1879
   1.2589E+02   1.5849E+02   6.4191E-04  0.2168
   1.5849E+02   1.9953E+02   9.2414E-04  0.1793
   1.9953E+02   2.5119E+02   9.4534E-04  0.1737
   2.5119E+02   3.1623E+02   8.6137E-04  0.1953
   3.1623E+02   3.9811E+02   4.2963E-04  0.2453
   3.9811E+02   5.0119E+02   6.0544E-04  0.2001
   5.0119E+02   6.3096E+02   5.5068E-04  0.2350
   6.3096E+02   7.9433E+02   7.1782E-04  0.1954
   7.9433E+02   1.0000E+03   4.4216E-03  0.0908

#   sum over                 2.8721E-02  0.0510

'no. =  4,  reg  =    401'
msuc: {\huge Neutron track length in active He-3 gas}
msdr: {\it plotted by \ANGEL \version}
msdl: {\it calculated by \PHITS  3.36}
wt: s(0.7)
\vspace{-3}
   vol  &=&   1.0000E+00 [cm^3]
e:
 
# Information for Restart Calculation
# This calculation was newly started
# istdev =  2 # 1:Batch variance, 2:History variance
# resc2  = 1.50197204470314668E+05 # Total source weight or Total source weight / maxcas
# resc3  = 1.50000000000000000E+05 # Total history number or Total batch number
# maxcas =      150000 # History / Batch, only used for istdev=1
# bitrseed = 0100110001010101011101011111000011100000001111000100101110000101 # bit data of rseed
