[ T-Track ]
    title = Flux spectrum in open air above ground
     mesh =  reg            # mesh type is region-wise
      reg = 111
   e-type =    3            # e-mesh is log given by emin, emax and ne
     emin =  1.0000000E-10  # minimum value of e-mesh points
     emax =   100000.0      # maximum value of e-mesh points
#    edel =  0.5756463      # mesh width of e-mesh points
       ne =     60          # number of e-mesh points
#    data = ( e(i), i = 1, ne + 1 )
#           1.00000E-10  1.77828E-10  3.16228E-10  5.62341E-10  1.00000E-09
#           1.77828E-09  3.16228E-09  5.62341E-09  1.00000E-08  1.77828E-08
#           3.16228E-08  5.62341E-08  1.00000E-07  1.77828E-07  3.16228E-07
#           5.62341E-07  1.00000E-06  1.77828E-06  3.16228E-06  5.62341E-06
#           1.00000E-05  1.77828E-05  3.16228E-05  5.62341E-05  1.00000E-04
#           1.77828E-04  3.16228E-04  5.62341E-04  1.00000E-03  1.77828E-03
#           3.16228E-03  5.62341E-03  1.00000E-02  1.77828E-02  3.16228E-02
#           5.62341E-02  1.00000E-01  1.77828E-01  3.16228E-01  5.62341E-01
#           1.00000E+00  1.77828E+00  3.16228E+00  5.62341E+00  1.00000E+01
#           1.77828E+01  3.16228E+01  5.62341E+01  1.00000E+02  1.77828E+02
#           3.16228E+02  5.62341E+02  1.00000E+03  1.77828E+03  3.16228E+03
#           5.62341E+03  1.00000E+04  1.77828E+04  3.16228E+04  5.62341E+04
#           1.00000E+05
     unit =    1            # unit is [1/cm^2/source]
 material =  all            # (D=all) number of specific material
     axis =     eng            # axis of output
     file = air_spec.out    # file name of output for the above axis
     part =  neutron    muon-      muon+      proton   
# kf/name :  2112       13         -13        2212     
#    used :        main (  %)        temp (  %)       total (  %)
#  memory :          67 (  0)           0 (  0)          67 (  0)

#------------------------------------------------------------------------------
#newpage:
#   no. =  1   reg =    111

x: Energy [MeV/n]
y: Flux [1/cm^2/source]              
p: xlog ylog afac(0.8) form(0.9)
h: n            x            y(neutron ),hh0l n  y(muon-   ),hh0dr n  y(muon+   ),hh0ub n  y(proton  ),hh0mg n  
#  e-lower      e-upper        neutron   r.err      muon-     r.err      muon+     r.err      proton    r.err 
   1.0000E-10   1.7783E-10   0.0000E+00  0.0000   0.0000E+00  0.0000   0.0000E+00  0.0000   0.0000E+00  0.0000
   1.7783E-10   3.1623E-10   0.0000E+00  0.0000   0.0000E+00  0.0000   0.0000E+00  0.0000   0.0000E+00  0.0000
   3.1623E-10   5.6234E-10   0.0000E+00  0.0000   0.0000E+00  0.0000   0.0000E+00  0.0000   0.0000E+00  0.0000
   5.6234E-10   1.0000E-09   0.0000E+00  0.0000   0.0000E+00  0.0000   0.0000E+00  0.0000   0.0000E+00  0.0000
   1.0000E-09   1.7783E-09   0.0000E+00  0.0000   0.0000E+00  0.0000   0.0000E+00  0.0000   0.0000E+00  0.0000
   1.7783E-09   3.1623E-09   8.7012E-08  1.0000   0.0000E+00  0.0000   0.0000E+00  0.0000   0.0000E+00  0.0000
   3.1623E-09   5.6234E-09   6.5099E-08  1.0000   0.0000E+00  0.0000   0.0000E+00  0.0000   0.0000E+00  0.0000
   5.6234E-09   1.0000E-08   9.9875E-05  0.9987   0.0000E+00  0.0000   0.0000E+00  0.0000   0.0000E+00  0.0000
   1.0000E-08   1.7783E-08   5.1612E-05  0.7079   0.0000E+00  0.0000   0.0000E+00  0.0000   0.0000E+00  0.0000
   1.7783E-08   3.1623E-08   4.9934E-05  0.7895   0.0000E+00  0.0000   0.0000E+00  0.0000   0.0000E+00  0.0000
   3.1623E-08   5.6234E-08   1.6449E-05  0.4033   0.0000E+00  0.0000   0.0000E+00  0.0000   0.0000E+00  0.0000
   5.6234E-08   1.0000E-07   7.0355E-05  0.4950   0.0000E+00  0.0000   0.0000E+00  0.0000   0.0000E+00  0.0000
   1.0000E-07   1.7783E-07   6.9099E-05  0.8025   0.0000E+00  0.0000   0.0000E+00  0.0000   0.0000E+00  0.0000
   1.7783E-07   3.1623E-07   0.0000E+00  0.0000   0.0000E+00  0.0000   0.0000E+00  0.0000   0.0000E+00  0.0000
   3.1623E-07   5.6234E-07   0.0000E+00  0.0000   0.0000E+00  0.0000   0.0000E+00  0.0000   0.0000E+00  0.0000
   5.6234E-07   1.0000E-06   6.6976E-05  0.7090   0.0000E+00  0.0000   0.0000E+00  0.0000   0.0000E+00  0.0000
   1.0000E-06   1.7783E-06   0.0000E+00  0.0000   0.0000E+00  0.0000   0.0000E+00  0.0000   0.0000E+00  0.0000
   1.7783E-06   3.1623E-06   2.0192E-06  1.0000   0.0000E+00  0.0000   0.0000E+00  0.0000   0.0000E+00  0.0000
   3.1623E-06   5.6234E-06   1.1367E-04  1.0000   0.0000E+00  0.0000   0.0000E+00  0.0000   0.0000E+00  0.0000
   5.6234E-06   1.0000E-05   0.0000E+00  0.0000   0.0000E+00  0.0000   0.0000E+00  0.0000   0.0000E+00  0.0000
   1.0000E-05   1.7783E-05   5.7576E-06  1.0000   0.0000E+00  0.0000   0.0000E+00  0.0000   0.0000E+00  0.0000
   1.7783E-05   3.1623E-05   0.0000E+00  0.0000   0.0000E+00  0.0000   0.0000E+00  0.0000   0.0000E+00  0.0000
   3.1623E-05   5.6234E-05   0.0000E+00  0.0000   0.0000E+00  0.0000   0.0000E+00  0.0000   0.0000E+00  0.0000
   5.6234E-05   1.0000E-04   0.0000E+00  0.0000   0.0000E+00  0.0000   0.0000E+00  0.0000   0.0000E+00  0.0000
   1.0000E-04   1.7783E-04   0.0000E+00  0.0000   0.0000E+00  0.0000   0.0000E+00  0.0000   0.0000E+00  0.0000
   1.7783E-04   3.1623E-04   0.0000E+00  0.0000   0.0000E+00  0.0000   0.0000E+00  0.0000   0.0000E+00  0.0000
   3.1623E-04   5.6234E-04   0.0000E+00  0.0000   0.0000E+00  0.0000   0.0000E+00  0.0000   0.0000E+00  0.0000
   5.6234E-04   1.0000E-03   1.5557E-04  1.0000   0.0000E+00  0.0000   0.0000E+00  0.0000   0.0000E+00  0.0000
   1.0000E-03   1.7783E-03   1.0486E-04  1.0000   0.0000E+00  0.0000   0.0000E+00  0.0000   4.4743E-11  1.0000
   1.7783E-03   3.1623E-03   6.2395E-06  1.0000   0.0000E+00  0.0000   0.0000E+00  0.0000   6.4207E-11  1.0000
   3.1623E-03   5.6234E-03   8.0902E-05  1.0000   0.0000E+00  0.0000   0.0000E+00  0.0000   9.0845E-11  1.0000
   5.6234E-03   1.0000E-02   0.0000E+00  0.0000   0.0000E+00  0.0000   0.0000E+00  0.0000   1.2708E-10  1.0000
   1.0000E-02   1.7783E-02   9.8713E-05  1.0000   0.0000E+00  0.0000   0.0000E+00  0.0000   1.7636E-10  1.0000
   1.7783E-02   3.1623E-02   2.0809E-05  1.0000   0.0000E+00  0.0000   0.0000E+00  0.0000   2.4604E-10  1.0000
   3.1623E-02   5.6234E-02   0.0000E+00  0.0000   0.0000E+00  0.0000   0.0000E+00  0.0000   3.7651E-10  1.0000
   5.6234E-02   1.0000E-01   0.0000E+00  0.0000   0.0000E+00  0.0000   0.0000E+00  0.0000   6.1061E-10  1.0000
   1.0000E-01   1.7783E-01   9.8136E-05  0.5641   0.0000E+00  0.0000   0.0000E+00  0.0000   1.0813E-09  1.0000
   1.7783E-01   3.1623E-01   6.5455E-05  0.6872   0.0000E+00  0.0000   0.0000E+00  0.0000   2.2213E-09  1.0000
   3.1623E-01   5.6234E-01   1.3578E-04  0.8066   0.0000E+00  0.0000   0.0000E+00  0.0000   5.3454E-09  1.0000
   5.6234E-01   1.0000E+00   2.3729E-04  0.4968   0.0000E+00  0.0000   0.0000E+00  0.0000   1.3892E-08  1.0000
   1.0000E+00   1.7783E+00   1.3210E-04  0.4912   0.0000E+00  0.0000   0.0000E+00  0.0000   3.6458E-08  1.0000
   1.7783E+00   3.1623E+00   3.4904E-04  0.4028   0.0000E+00  0.0000   0.0000E+00  0.0000   9.6756E-08  1.0000
   3.1623E+00   5.6234E+00   1.8730E-04  0.5137   0.0000E+00  0.0000   0.0000E+00  0.0000   2.6301E-07  1.0000
   5.6234E+00   1.0000E+01   3.3118E-04  0.3689   0.0000E+00  0.0000   1.2511E-06  1.0000   7.3264E-07  1.0000
   1.0000E+01   1.7783E+01   2.1114E-04  0.4447   0.0000E+00  0.0000   1.3690E-06  1.0000   2.6362E-07  1.0000
   1.7783E+01   3.1623E+01   1.2458E-04  0.4558   0.0000E+00  0.0000   8.6017E-08  1.0000   2.1814E-06  0.7094
   3.1623E+01   5.6234E+01   3.3159E-05  0.8733   0.0000E+00  0.0000   0.0000E+00  0.0000   8.2805E-06  0.6105
   5.6234E+01   1.0000E+02   2.1972E-04  0.4174   0.0000E+00  0.0000   0.0000E+00  0.0000   1.7540E-05  0.3719
   1.0000E+02   1.7783E+02   4.5384E-04  0.2720   0.0000E+00  0.0000   0.0000E+00  0.0000   1.8702E-05  0.3658
   1.7783E+02   3.1623E+02   3.7524E-04  0.3455   0.0000E+00  0.0000   0.0000E+00  0.0000   3.8604E-05  0.2423
   3.1623E+02   5.6234E+02   2.0532E-04  0.3799   0.0000E+00  0.0000   0.0000E+00  0.0000   4.7197E-05  0.2268
   5.6234E+02   1.0000E+03   2.9193E-05  1.0000   0.0000E+00  0.0000   0.0000E+00  0.0000   2.2804E-05  0.3158
   1.0000E+03   1.7783E+03   0.0000E+00  0.0000   0.0000E+00  0.0000   0.0000E+00  0.0000   1.9352E-05  0.3199
   1.7783E+03   3.1623E+03   0.0000E+00  0.0000   0.0000E+00  0.0000   0.0000E+00  0.0000   7.8730E-06  0.5550
   3.1623E+03   5.6234E+03   0.0000E+00  0.0000   0.0000E+00  0.0000   0.0000E+00  0.0000   4.5315E-06  0.7066
   5.6234E+03   1.0000E+04   0.0000E+00  0.0000   0.0000E+00  0.0000   0.0000E+00  0.0000   5.5120E-06  0.6150
   1.0000E+04   1.7783E+04   0.0000E+00  0.0000   0.0000E+00  0.0000   0.0000E+00  0.0000   1.7742E-06  1.0000
   1.7783E+04   3.1623E+04   0.0000E+00  0.0000   0.0000E+00  0.0000   0.0000E+00  0.0000   2.0112E-06  1.0000
   3.1623E+04   5.6234E+04   0.0000E+00  0.0000   0.0000E+00  0.0000   0.0000E+00  0.0000   0.0000E+00  0.0000
   5.6234E+04   1.0000E+05   0.0000E+00  0.0000   0.0000E+00  0.0000   0.0000E+00  0.0000   0.0000E+00  0.0000

#   sum over                 4.2015E-03  0.1440   0.0000E+00  0.0000   2.7061E-06  0.7086   1.9778E-04  0.1034

'no. =  1,  reg  =    111'
msuc: {\huge Flux spectrum in open air above ground}
msdr: {\it plotted by \ANGEL \version}
msdl: {\it calculated by \PHITS  3.36}
wt: s(0.7)
\vspace{-3}
   vol  &=&   5.1200E+08 [cm^3]
e:
 
# Information for Restart Calculation
# This calculation was newly started
# istdev =  2 # 1:Batch variance, 2:History variance
# resc2  = 2.68917261955597293E-02 # Total source weight or Total source weight / maxcas
# resc3  = 7.00000000000000000E+02 # Total history number or Total batch number
# maxcas =         700 # History / Batch, only used for istdev=1
# bitrseed = 0101100001101000011110111001011010100100011101011110100100001011 # bit data of rseed
