[ T-Track ]
    title = Neutron track length in active He-3 gas
     mesh =  reg            # mesh type is region-wise
      reg = 101 201 301 401
   e-type =    3            # e-mesh is log given by emin, emax and ne
     emin =  1.0000000E-10  # minimum value of e-mesh points
     emax =   1000.000      # maximum value of e-mesh points
#    edel =  0.2302585      # mesh width of e-mesh points
       ne =    130          # number of e-mesh points
#    data = ( e(i), i = 1, ne + 1 )
#           1.00000E-10  1.25893E-10  1.58489E-10  1.99526E-10  2.51189E-10
#           3.16228E-10  3.98107E-10  5.01187E-10  6.30957E-10  7.94328E-10
#           1.00000E-09  1.25893E-09  1.58489E-09  1.99526E-09  2.51189E-09
#           3.16228E-09  3.98107E-09  5.01187E-09  6.30957E-09  7.94328E-09
#           1.00000E-08  1.25893E-08  1.58489E-08  1.99526E-08  2.51189E-08
#           3.16228E-08  3.98107E-08  5.01187E-08  6.30957E-08  7.94328E-08
#           1.00000E-07  1.25893E-07  1.58489E-07  1.99526E-07  2.51189E-07
#           3.16228E-07  3.98107E-07  5.01187E-07  6.30957E-07  7.94328E-07
#           1.00000E-06  1.25893E-06  1.58489E-06  1.99526E-06  2.51189E-06
#           3.16228E-06  3.98107E-06  5.01187E-06  6.30957E-06  7.94328E-06
#           1.00000E-05  1.25893E-05  1.58489E-05  1.99526E-05  2.51189E-05
#           3.16228E-05  3.98107E-05  5.01187E-05  6.30957E-05  7.94328E-05
#           1.00000E-04  1.25893E-04  1.58489E-04  1.99526E-04  2.51189E-04
#           3.16228E-04  3.98107E-04  5.01187E-04  6.30957E-04  7.94328E-04
#           1.00000E-03  1.25893E-03  1.58489E-03  1.99526E-03  2.51189E-03
#           3.16228E-03  3.98107E-03  5.01187E-03  6.30957E-03  7.94328E-03
#           1.00000E-02  1.25893E-02  1.58489E-02  1.99526E-02  2.51189E-02
#           3.16228E-02  3.98107E-02  5.01187E-02  6.30957E-02  7.94328E-02
#           1.00000E-01  1.25893E-01  1.58489E-01  1.99526E-01  2.51189E-01
#           3.16228E-01  3.98107E-01  5.01187E-01  6.30957E-01  7.94328E-01
#           1.00000E+00  1.25893E+00  1.58489E+00  1.99526E+00  2.51189E+00
#           3.16228E+00  3.98107E+00  5.01187E+00  6.30957E+00  7.94328E+00
#           1.00000E+01  1.25893E+01  1.58489E+01  1.99526E+01  2.51189E+01
#           3.16228E+01  3.98107E+01  5.01187E+01  6.30957E+01  7.94328E+01
#           1.00000E+02  1.25893E+02  1.58489E+02  1.99526E+02  2.51189E+02
#           3.16228E+02  3.98107E+02  5.01187E+02  6.30957E+02  7.94328E+02
#           1.00000E+03
     unit =    1            # unit is [1/cm^2/source]
 material =  all            # (D=all) number of specific material
     axis =     eng            # axis of output
     file = gas_track.out   # file name of output for the above axis
     part =  neutron  
# kf/name :  2112     
#    used :        main (  %)        temp (  %)       total (  %)
#  memory :         139 (  0)           0 (  0)         139 (  0)

#------------------------------------------------------------------------------
#newpage:
#   no. =  1   reg =    101

x: Energy [MeV/n]
y: Flux [1/cm^2/source]              
p: xlog ylog afac(0.8) form(0.9)
h: n            x            y(neutron ),hh0l n  
#  e-lower      e-upper        neutron   r.err 
   1.0000E-10   1.2589E-10   0.0000E+00  0.0000
   1.2589E-10   1.5849E-10   0.0000E+00  0.0000
   1.5849E-10   1.9953E-10   0.0000E+00  0.0000
   1.9953E-10   2.5119E-10   0.0000E+00  0.0000
   2.5119E-10   3.1623E-10   0.0000E+00  0.0000
   3.1623E-10   3.9811E-10   0.0000E+00  0.0000
   3.9811E-10   5.0119E-10   0.0000E+00  0.0000
   5.0119E-10   6.3096E-10   0.0000E+00  0.0000
   6.3096E-10   7.9433E-10   0.0000E+00  0.0000
   7.9433E-10   1.0000E-09   0.0000E+00  0.0000
   1.0000E-09   1.2589E-09   0.0000E+00  0.0000
   1.2589E-09   1.5849E-09   0.0000E+00  0.0000
   1.5849E-09   1.9953E-09   0.0000E+00  0.0000
   1.9953E-09   2.5119E-09   0.0000E+00  0.0000
   2.5119E-09   3.1623E-09   0.0000E+00  0.0000
   3.1623E-09   3.9811E-09   0.0000E+00  0.0000
   3.9811E-09   5.0119E-09   0.0000E+00  0.0000
   5.0119E-09   6.3096E-09   0.0000E+00  0.0000
   6.3096E-09   7.9433E-09   0.0000E+00  0.0000
   7.9433E-09   1.0000E-08   0.0000E+00  0.0000
   1.0000E-08   1.2589E-08   0.0000E+00  0.0000
   1.2589E-08   1.5849E-08   0.0000E+00  0.0000
   1.5849E-08   1.9953E-08   0.0000E+00  0.0000
   1.9953E-08   2.5119E-08   0.0000E+00  0.0000
   2.5119E-08   3.1623E-08   0.0000E+00  0.0000
   3.1623E-08   3.9811E-08   0.0000E+00  0.0000
   3.9811E-08   5.0119E-08   0.0000E+00  0.0000
   5.0119E-08   6.3096E-08   0.0000E+00  0.0000
   6.3096E-08   7.9433E-08   0.0000E+00  0.0000
   7.9433E-08   1.0000E-07   0.0000E+00  0.0000
   1.0000E-07   1.2589E-07   0.0000E+00  0.0000
   1.2589E-07   1.5849E-07   0.0000E+00  0.0000
   1.5849E-07   1.9953E-07   0.0000E+00  0.0000
   1.9953E-07   2.5119E-07   0.0000E+00  0.0000
   2.5119E-07   3.1623E-07   0.0000E+00  0.0000
   3.1623E-07   3.9811E-07   0.0000E+00  0.0000
   3.9811E-07   5.0119E-07   0.0000E+00  0.0000
   5.0119E-07   6.3096E-07   0.0000E+00  0.0000
   6.3096E-07   7.9433E-07   0.0000E+00  0.0000
   7.9433E-07   1.0000E-06   0.0000E+00  0.0000
   1.0000E-06   1.2589E-06   0.0000E+00  0.0000
   1.2589E-06   1.5849E-06   0.0000E+00  0.0000
   1.5849E-06   1.9953E-06   0.0000E+00  0.0000
   1.9953E-06   2.5119E-06   0.0000E+00  0.0000
   2.5119E-06   3.1623E-06   0.0000E+00  0.0000
   3.1623E-06   3.9811E-06   0.0000E+00  0.0000
   3.9811E-06   5.0119E-06   0.0000E+00  0.0000
   5.0119E-06   6.3096E-06   0.0000E+00  0.0000
   6.3096E-06   7.9433E-06   0.0000E+00  0.0000
   7.9433E-06   1.0000E-05   0.0000E+00  0.0000
   1.0000E-05   1.2589E-05   0.0000E+00  0.0000
   1.2589E-05   1.5849E-05   0.0000E+00  0.0000
   1.5849E-05   1.9953E-05   0.0000E+00  0.0000
   1.9953E-05   2.5119E-05   0.0000E+00  0.0000
   2.5119E-05   3.1623E-05   0.0000E+00  0.0000
   3.1623E-05   3.9811E-05   0.0000E+00  0.0000
   3.9811E-05   5.0119E-05   0.0000E+00  0.0000
   5.0119E-05   6.3096E-05   0.0000E+00  0.0000
   6.3096E-05   7.9433E-05   0.0000E+00  0.0000
   7.9433E-05   1.0000E-04   0.0000E+00  0.0000
   1.0000E-04   1.2589E-04   0.0000E+00  0.0000
   1.2589E-04   1.5849E-04   0.0000E+00  0.0000
   1.5849E-04   1.9953E-04   0.0000E+00  0.0000
   1.9953E-04   2.5119E-04   0.0000E+00  0.0000
   2.5119E-04   3.1623E-04   0.0000E+00  0.0000
   3.1623E-04   3.9811E-04   0.0000E+00  0.0000
   3.9811E-04   5.0119E-04   0.0000E+00  0.0000
   5.0119E-04   6.3096E-04   0.0000E+00  0.0000
   6.3096E-04   7.9433E-04   0.0000E+00  0.0000
   7.9433E-04   1.0000E-03   0.0000E+00  0.0000
   1.0000E-03   1.2589E-03   0.0000E+00  0.0000
   1.2589E-03   1.5849E-03   0.0000E+00  0.0000
   1.5849E-03   1.9953E-03   0.0000E+00  0.0000
   1.9953E-03   2.5119E-03   0.0000E+00  0.0000
   2.5119E-03   3.1623E-03   0.0000E+00  0.0000
   3.1623E-03   3.9811E-03   0.0000E+00  0.0000
   3.9811E-03   5.0119E-03   0.0000E+00  0.0000
   5.0119E-03   6.3096E-03   0.0000E+00  0.0000
   6.3096E-03   7.9433E-03   0.0000E+00  0.0000
   7.9433E-03   1.0000E-02   0.0000E+00  0.0000
   1.0000E-02   1.2589E-02   0.0000E+00  0.0000
   1.2589E-02   1.5849E-02   0.0000E+00  0.0000
   1.5849E-02   1.9953E-02   0.0000E+00  0.0000
   1.9953E-02   2.5119E-02   0.0000E+00  0.0000
   2.5119E-02   3.1623E-02   0.0000E+00  0.0000
   3.1623E-02   3.9811E-02   0.0000E+00  0.0000
   3.9811E-02   5.0119E-02   0.0000E+00  0.0000
   5.0119E-02   6.3096E-02   0.0000E+00  0.0000
   6.3096E-02   7.9433E-02   0.0000E+00  0.0000
   7.9433E-02   1.0000E-01   1.3894E-05  1.0000
   1.0000E-01   1.2589E-01   0.0000E+00  0.0000
   1.2589E-01   1.5849E-01   2.5510E-05  1.0000
   1.5849E-01   1.9953E-01   1.0688E-04  0.6516
   1.9953E-01   2.5119E-01   1.0523E-04  0.8683
   2.5119E-01   3.1623E-01   2.2529E-04  0.5124
   3.1623E-01   3.9811E-01   2.0053E-04  0.3895
   3.9811E-01   5.0119E-01   4.6899E-04  0.3820
   5.0119E-01   6.3096E-01   2.1774E-04  0.5089
   6.3096E-01   7.9433E-01   1.0879E-03  0.2740
   7.9433E-01   1.0000E+00   1.1569E-03  0.2458
   1.0000E+00   1.2589E+00   9.7016E-04  0.2913
   1.2589E+00   1.5849E+00   8.1445E-04  0.2575
   1.5849E+00   1.9953E+00   1.5696E-03  0.2133
   1.9953E+00   2.5119E+00   1.0514E-03  0.2518
   2.5119E+00   3.1623E+00   1.2937E-03  0.2437
   3.1623E+00   3.9811E+00   9.5491E-04  0.2471
   3.9811E+00   5.0119E+00   1.1630E-03  0.2938
   5.0119E+00   6.3096E+00   7.7585E-04  0.2547
   6.3096E+00   7.9433E+00   2.4503E-04  0.3939
   7.9433E+00   1.0000E+01   3.0556E-04  0.4100
   1.0000E+01   1.2589E+01   3.1682E-04  0.3998
   1.2589E+01   1.5849E+01   3.9984E-04  0.3746
   1.5849E+01   1.9953E+01   3.8456E-03  0.1245
   1.9953E+01   2.5119E+01   2.5437E-01  0.0145
   2.5119E+01   3.1623E+01   0.0000E+00  0.0000
   3.1623E+01   3.9811E+01   0.0000E+00  0.0000
   3.9811E+01   5.0119E+01   0.0000E+00  0.0000
   5.0119E+01   6.3096E+01   0.0000E+00  0.0000
   6.3096E+01   7.9433E+01   0.0000E+00  0.0000
   7.9433E+01   1.0000E+02   0.0000E+00  0.0000
   1.0000E+02   1.2589E+02   0.0000E+00  0.0000
   1.2589E+02   1.5849E+02   0.0000E+00  0.0000
   1.5849E+02   1.9953E+02   0.0000E+00  0.0000
   1.9953E+02   2.5119E+02   0.0000E+00  0.0000
   2.5119E+02   3.1623E+02   0.0000E+00  0.0000
   3.1623E+02   3.9811E+02   0.0000E+00  0.0000
   3.9811E+02   5.0119E+02   0.0000E+00  0.0000
   5.0119E+02   6.3096E+02   0.0000E+00  0.0000
   6.3096E+02   7.9433E+02   0.0000E+00  0.0000
   7.9433E+02   1.0000E+03   0.0000E+00  0.0000

#   sum over                 2.7168E-01  0.0145

'no. =  1,  reg  =    101'
msuc: {\huge Neutron track length in active He-3 gas}
msdr: {\it plotted by \ANGEL \version}
msdl: {\it calculated by \PHITS  3.36}
wt: s(0.7)
\vspace{-3}
   vol  &=&   1.0000E+00 [cm^3]
e:

#------------------------------------------------------------------------------
 newpage:
#   no. =  2   reg =    201

x: Energy [MeV/n]
y: Flux [1/cm^2/source]              
p: xlog ylog afac(0.8) form(0.9)
h: n            x            y(neutron ),hh0l n  
#  e-lower      e-upper        neutron   r.err 
   1.0000E-10   1.2589E-10   0.0000E+00  0.0000
   1.2589E-10   1.5849E-10   0.0000E+00  0.0000
   1.5849E-10   1.9953E-10   0.0000E+00  0.0000
   1.9953E-10   2.5119E-10   0.0000E+00  0.0000
   2.5119E-10   3.1623E-10   0.0000E+00  0.0000
   3.1623E-10   3.9811E-10   0.0000E+00  0.0000
   3.9811E-10   5.0119E-10   0.0000E+00  0.0000
   5.0119E-10   6.3096E-10   0.0000E+00  0.0000
   6.3096E-10   7.9433E-10   0.0000E+00  0.0000
   7.9433E-10   1.0000E-09   0.0000E+00  0.0000
   1.0000E-09   1.2589E-09   0.0000E+00  0.0000
   1.2589E-09   1.5849E-09   0.0000E+00  0.0000
   1.5849E-09   1.9953E-09   2.8964E-07  1.0000
   1.9953E-09   2.5119E-09   1.1316E-06  0.5202
   2.5119E-09   3.1623E-09   0.0000E+00  0.0000
   3.1623E-09   3.9811E-09   1.0035E-07  1.0000
   3.9811E-09   5.0119E-09   6.5866E-07  0.8285
   5.0119E-09   6.3096E-09   1.1285E-06  0.9927
   6.3096E-09   7.9433E-09   1.0364E-05  0.4479
   7.9433E-09   1.0000E-08   1.6407E-05  0.3231
   1.0000E-08   1.2589E-08   2.1143E-05  0.3632
   1.2589E-08   1.5849E-08   2.3174E-05  0.2327
   1.5849E-08   1.9953E-08   8.5214E-05  0.2680
   1.9953E-08   2.5119E-08   6.9258E-05  0.2603
   2.5119E-08   3.1623E-08   1.3048E-04  0.1803
   3.1623E-08   3.9811E-08   1.9353E-04  0.1623
   3.9811E-08   5.0119E-08   2.0583E-04  0.1716
   5.0119E-08   6.3096E-08   3.4877E-04  0.1503
   6.3096E-08   7.9433E-08   3.7672E-04  0.1696
   7.9433E-08   1.0000E-07   3.0090E-04  0.1502
   1.0000E-07   1.2589E-07   3.5383E-04  0.1948
   1.2589E-07   1.5849E-07   2.5432E-04  0.2140
   1.5849E-07   1.9953E-07   6.3553E-05  0.3148
   1.9953E-07   2.5119E-07   9.8521E-05  0.3029
   2.5119E-07   3.1623E-07   5.4891E-05  0.4438
   3.1623E-07   3.9811E-07   4.6456E-05  0.6381
   3.9811E-07   5.0119E-07   7.6081E-05  0.4152
   5.0119E-07   6.3096E-07   1.0251E-04  0.3910
   6.3096E-07   7.9433E-07   1.1950E-04  0.3655
   7.9433E-07   1.0000E-06   7.8642E-05  0.5423
   1.0000E-06   1.2589E-06   1.5538E-04  0.4564
   1.2589E-06   1.5849E-06   1.3243E-04  0.4207
   1.5849E-06   1.9953E-06   1.6611E-04  0.4724
   1.9953E-06   2.5119E-06   8.1159E-05  0.6667
   2.5119E-06   3.1623E-06   1.2609E-04  0.5000
   3.1623E-06   3.9811E-06   2.5350E-04  0.3938
   3.9811E-06   5.0119E-06   2.6619E-04  0.4050
   5.0119E-06   6.3096E-06   2.0396E-04  0.3884
   6.3096E-06   7.9433E-06   1.5255E-04  0.4871
   7.9433E-06   1.0000E-05   1.6545E-04  0.5000
   1.0000E-05   1.2589E-05   1.2235E-04  0.5505
   1.2589E-05   1.5849E-05   2.5874E-04  0.5598
   1.5849E-05   1.9953E-05   2.7163E-04  0.3840
   1.9953E-05   2.5119E-05   2.2674E-04  0.3581
   2.5119E-05   3.1623E-05   2.4693E-04  0.4200
   3.1623E-05   3.9811E-05   4.6386E-05  0.6110
   3.9811E-05   5.0119E-05   2.7982E-04  0.3715
   5.0119E-05   6.3096E-05   9.9965E-05  0.7167
   6.3096E-05   7.9433E-05   1.5747E-04  0.4306
   7.9433E-05   1.0000E-04   2.3330E-04  0.5832
   1.0000E-04   1.2589E-04   1.5232E-04  0.5525
   1.2589E-04   1.5849E-04   4.4957E-04  0.3954
   1.5849E-04   1.9953E-04   3.0816E-04  0.3949
   1.9953E-04   2.5119E-04   4.6771E-04  0.4624
   2.5119E-04   3.1623E-04   5.9541E-04  0.2941
   3.1623E-04   3.9811E-04   1.6415E-04  0.6403
   3.9811E-04   5.0119E-04   2.1252E-04  0.4505
   5.0119E-04   6.3096E-04   3.0111E-04  0.4187
   6.3096E-04   7.9433E-04   6.4356E-04  0.3140
   7.9433E-04   1.0000E-03   4.3751E-04  0.3657
   1.0000E-03   1.2589E-03   5.2123E-04  0.3660
   1.2589E-03   1.5849E-03   4.2715E-04  0.3837
   1.5849E-03   1.9953E-03   3.6150E-04  0.3927
   1.9953E-03   2.5119E-03   2.5955E-04  0.3744
   2.5119E-03   3.1623E-03   1.3036E-04  0.6890
   3.1623E-03   3.9811E-03   3.6340E-04  0.3779
   3.9811E-03   5.0119E-03   4.2874E-04  0.3520
   5.0119E-03   6.3096E-03   5.2825E-04  0.3421
   6.3096E-03   7.9433E-03   2.3859E-04  0.5226
   7.9433E-03   1.0000E-02   5.8302E-04  0.3029
   1.0000E-02   1.2589E-02   3.7148E-04  0.3006
   1.2589E-02   1.5849E-02   4.2767E-04  0.3949
   1.5849E-02   1.9953E-02   4.1650E-04  0.3150
   1.9953E-02   2.5119E-02   3.4367E-04  0.3981
   2.5119E-02   3.1623E-02   6.2492E-04  0.4172
   3.1623E-02   3.9811E-02   1.2317E-04  0.4837
   3.9811E-02   5.0119E-02   3.8275E-04  0.4111
   5.0119E-02   6.3096E-02   8.8951E-04  0.2633
   6.3096E-02   7.9433E-02   5.7282E-04  0.3089
   7.9433E-02   1.0000E-01   6.0908E-04  0.2798
   1.0000E-01   1.2589E-01   6.6845E-04  0.2687
   1.2589E-01   1.5849E-01   4.5658E-04  0.2982
   1.5849E-01   1.9953E-01   1.2851E-03  0.2446
   1.9953E-01   2.5119E-01   1.0265E-03  0.2963
   2.5119E-01   3.1623E-01   7.8392E-04  0.2279
   3.1623E-01   3.9811E-01   1.1494E-03  0.3050
   3.9811E-01   5.0119E-01   1.4921E-03  0.1731
   5.0119E-01   6.3096E-01   1.0782E-03  0.2096
   6.3096E-01   7.9433E-01   1.7374E-03  0.1690
   7.9433E-01   1.0000E+00   1.8256E-03  0.1657
   1.0000E+00   1.2589E+00   2.0902E-03  0.1523
   1.2589E+00   1.5849E+00   2.7524E-03  0.1321
   1.5849E+00   1.9953E+00   2.5762E-03  0.1399
   1.9953E+00   2.5119E+00   3.8936E-03  0.1311
   2.5119E+00   3.1623E+00   3.2275E-03  0.1305
   3.1623E+00   3.9811E+00   2.5608E-03  0.1512
   3.9811E+00   5.0119E+00   3.7474E-03  0.1183
   5.0119E+00   6.3096E+00   3.4221E-03  0.1289
   6.3096E+00   7.9433E+00   3.6337E-03  0.1259
   7.9433E+00   1.0000E+01   5.2253E-03  0.1040
   1.0000E+01   1.2589E+01   5.4058E-03  0.0961
   1.2589E+01   1.5849E+01   8.7589E-03  0.0784
   1.5849E+01   1.9953E+01   3.0271E-02  0.0423
   1.9953E+01   2.5119E+01   6.5092E-02  0.0277
   2.5119E+01   3.1623E+01   0.0000E+00  0.0000
   3.1623E+01   3.9811E+01   0.0000E+00  0.0000
   3.9811E+01   5.0119E+01   0.0000E+00  0.0000
   5.0119E+01   6.3096E+01   0.0000E+00  0.0000
   6.3096E+01   7.9433E+01   0.0000E+00  0.0000
   7.9433E+01   1.0000E+02   0.0000E+00  0.0000
   1.0000E+02   1.2589E+02   0.0000E+00  0.0000
   1.2589E+02   1.5849E+02   0.0000E+00  0.0000
   1.5849E+02   1.9953E+02   0.0000E+00  0.0000
   1.9953E+02   2.5119E+02   0.0000E+00  0.0000
   2.5119E+02   3.1623E+02   0.0000E+00  0.0000
   3.1623E+02   3.9811E+02   0.0000E+00  0.0000
   3.9811E+02   5.0119E+02   0.0000E+00  0.0000
   5.0119E+02   6.3096E+02   0.0000E+00  0.0000
   6.3096E+02   7.9433E+02   0.0000E+00  0.0000
   7.9433E+02   1.0000E+03   0.0000E+00  0.0000

#   sum over                 1.7318E-01  0.0189

'no. =  2,  reg  =    201'
msuc: {\huge Neutron track length in active He-3 gas}
msdr: {\it plotted by \ANGEL \version}
msdl: {\it calculated by \PHITS  3.36}
wt: s(0.7)
\vspace{-3}
   vol  &=&   1.0000E+00 [cm^3]
e:

#------------------------------------------------------------------------------
 newpage:
#   no. =  3   reg =    301

x: Energy [MeV/n]
y: Flux [1/cm^2/source]              
p: xlog ylog afac(0.8) form(0.9)
h: n            x            y(neutron ),hh0l n  
#  e-lower      e-upper        neutron   r.err 
   1.0000E-10   1.2589E-10   0.0000E+00  0.0000
   1.2589E-10   1.5849E-10   0.0000E+00  0.0000
   1.5849E-10   1.9953E-10   0.0000E+00  0.0000
   1.9953E-10   2.5119E-10   0.0000E+00  0.0000
   2.5119E-10   3.1623E-10   0.0000E+00  0.0000
   3.1623E-10   3.9811E-10   0.0000E+00  0.0000
   3.9811E-10   5.0119E-10   0.0000E+00  0.0000
   5.0119E-10   6.3096E-10   0.0000E+00  0.0000
   6.3096E-10   7.9433E-10   0.0000E+00  0.0000
   7.9433E-10   1.0000E-09   0.0000E+00  0.0000
   1.0000E-09   1.2589E-09   0.0000E+00  0.0000
   1.2589E-09   1.5849E-09   0.0000E+00  0.0000
   1.5849E-09   1.9953E-09   0.0000E+00  0.0000
   1.9953E-09   2.5119E-09   0.0000E+00  0.0000
   2.5119E-09   3.1623E-09   0.0000E+00  0.0000
   3.1623E-09   3.9811E-09   0.0000E+00  0.0000
   3.9811E-09   5.0119E-09   0.0000E+00  0.0000
   5.0119E-09   6.3096E-09   0.0000E+00  0.0000
   6.3096E-09   7.9433E-09   0.0000E+00  0.0000
   7.9433E-09   1.0000E-08   0.0000E+00  0.0000
   1.0000E-08   1.2589E-08   0.0000E+00  0.0000
   1.2589E-08   1.5849E-08   0.0000E+00  0.0000
   1.5849E-08   1.9953E-08   0.0000E+00  0.0000
   1.9953E-08   2.5119E-08   0.0000E+00  0.0000
   2.5119E-08   3.1623E-08   0.0000E+00  0.0000
   3.1623E-08   3.9811E-08   0.0000E+00  0.0000
   3.9811E-08   5.0119E-08   0.0000E+00  0.0000
   5.0119E-08   6.3096E-08   0.0000E+00  0.0000
   6.3096E-08   7.9433E-08   0.0000E+00  0.0000
   7.9433E-08   1.0000E-07   0.0000E+00  0.0000
   1.0000E-07   1.2589E-07   0.0000E+00  0.0000
   1.2589E-07   1.5849E-07   0.0000E+00  0.0000
   1.5849E-07   1.9953E-07   0.0000E+00  0.0000
   1.9953E-07   2.5119E-07   0.0000E+00  0.0000
   2.5119E-07   3.1623E-07   0.0000E+00  0.0000
   3.1623E-07   3.9811E-07   0.0000E+00  0.0000
   3.9811E-07   5.0119E-07   0.0000E+00  0.0000
   5.0119E-07   6.3096E-07   0.0000E+00  0.0000
   6.3096E-07   7.9433E-07   0.0000E+00  0.0000
   7.9433E-07   1.0000E-06   0.0000E+00  0.0000
   1.0000E-06   1.2589E-06   0.0000E+00  0.0000
   1.2589E-06   1.5849E-06   0.0000E+00  0.0000
   1.5849E-06   1.9953E-06   0.0000E+00  0.0000
   1.9953E-06   2.5119E-06   0.0000E+00  0.0000
   2.5119E-06   3.1623E-06   0.0000E+00  0.0000
   3.1623E-06   3.9811E-06   0.0000E+00  0.0000
   3.9811E-06   5.0119E-06   0.0000E+00  0.0000
   5.0119E-06   6.3096E-06   0.0000E+00  0.0000
   6.3096E-06   7.9433E-06   0.0000E+00  0.0000
   7.9433E-06   1.0000E-05   0.0000E+00  0.0000
   1.0000E-05   1.2589E-05   0.0000E+00  0.0000
   1.2589E-05   1.5849E-05   0.0000E+00  0.0000
   1.5849E-05   1.9953E-05   0.0000E+00  0.0000
   1.9953E-05   2.5119E-05   0.0000E+00  0.0000
   2.5119E-05   3.1623E-05   0.0000E+00  0.0000
   3.1623E-05   3.9811E-05   0.0000E+00  0.0000
   3.9811E-05   5.0119E-05   0.0000E+00  0.0000
   5.0119E-05   6.3096E-05   0.0000E+00  0.0000
   6.3096E-05   7.9433E-05   0.0000E+00  0.0000
   7.9433E-05   1.0000E-04   0.0000E+00  0.0000
   1.0000E-04   1.2589E-04   0.0000E+00  0.0000
   1.2589E-04   1.5849E-04   0.0000E+00  0.0000
   1.5849E-04   1.9953E-04   0.0000E+00  0.0000
   1.9953E-04   2.5119E-04   0.0000E+00  0.0000
   2.5119E-04   3.1623E-04   0.0000E+00  0.0000
   3.1623E-04   3.9811E-04   0.0000E+00  0.0000
   3.9811E-04   5.0119E-04   0.0000E+00  0.0000
   5.0119E-04   6.3096E-04   0.0000E+00  0.0000
   6.3096E-04   7.9433E-04   0.0000E+00  0.0000
   7.9433E-04   1.0000E-03   0.0000E+00  0.0000
   1.0000E-03   1.2589E-03   0.0000E+00  0.0000
   1.2589E-03   1.5849E-03   0.0000E+00  0.0000
   1.5849E-03   1.9953E-03   0.0000E+00  0.0000
   1.9953E-03   2.5119E-03   0.0000E+00  0.0000
   2.5119E-03   3.1623E-03   0.0000E+00  0.0000
   3.1623E-03   3.9811E-03   0.0000E+00  0.0000
   3.9811E-03   5.0119E-03   0.0000E+00  0.0000
   5.0119E-03   6.3096E-03   0.0000E+00  0.0000
   6.3096E-03   7.9433E-03   0.0000E+00  0.0000
   7.9433E-03   1.0000E-02   0.0000E+00  0.0000
   1.0000E-02   1.2589E-02   0.0000E+00  0.0000
   1.2589E-02   1.5849E-02   0.0000E+00  0.0000
   1.5849E-02   1.9953E-02   0.0000E+00  0.0000
   1.9953E-02   2.5119E-02   0.0000E+00  0.0000
   2.5119E-02   3.1623E-02   0.0000E+00  0.0000
   3.1623E-02   3.9811E-02   0.0000E+00  0.0000
   3.9811E-02   5.0119E-02   0.0000E+00  0.0000
   5.0119E-02   6.3096E-02   0.0000E+00  0.0000
   6.3096E-02   7.9433E-02   1.1241E-05  1.0000
   7.9433E-02   1.0000E-01   0.0000E+00  0.0000
   1.0000E-01   1.2589E-01   6.5390E-05  0.7073
   1.2589E-01   1.5849E-01   2.0054E-05  1.0000
   1.5849E-01   1.9953E-01   4.2361E-05  0.7194
   1.9953E-01   2.5119E-01   9.7521E-05  0.5253
   2.5119E-01   3.1623E-01   1.0538E-04  0.5649
   3.1623E-01   3.9811E-01   7.6224E-05  0.4724
   3.9811E-01   5.0119E-01   2.4974E-04  0.3408
   5.0119E-01   6.3096E-01   1.2552E-04  0.4537
   6.3096E-01   7.9433E-01   1.2390E-04  0.5242
   7.9433E-01   1.0000E+00   2.6825E-04  0.2745
   1.0000E+00   1.2589E+00   4.0899E-04  0.3365
   1.2589E+00   1.5849E+00   5.3595E-04  0.2352
   1.5849E+00   1.9953E+00   4.3941E-04  0.2457
   1.9953E+00   2.5119E+00   4.8347E-04  0.2720
   2.5119E+00   3.1623E+00   4.9834E-04  0.3848
   3.1623E+00   3.9811E+00   4.2037E-04  0.3735
   3.9811E+00   5.0119E+00   3.3544E-04  0.3448
   5.0119E+00   6.3096E+00   3.4746E-04  0.3329
   6.3096E+00   7.9433E+00   2.2266E-04  0.3142
   7.9433E+00   1.0000E+01   2.1940E-04  0.3678
   1.0000E+01   1.2589E+01   6.2733E-05  0.7463
   1.2589E+01   1.5849E+01   2.8742E-04  0.2972
   1.5849E+01   1.9953E+01   1.1673E-03  0.1807
   1.9953E+01   2.5119E+01   9.8635E-02  0.0169
   2.5119E+01   3.1623E+01   0.0000E+00  0.0000
   3.1623E+01   3.9811E+01   0.0000E+00  0.0000
   3.9811E+01   5.0119E+01   0.0000E+00  0.0000
   5.0119E+01   6.3096E+01   0.0000E+00  0.0000
   6.3096E+01   7.9433E+01   0.0000E+00  0.0000
   7.9433E+01   1.0000E+02   0.0000E+00  0.0000
   1.0000E+02   1.2589E+02   0.0000E+00  0.0000
   1.2589E+02   1.5849E+02   0.0000E+00  0.0000
   1.5849E+02   1.9953E+02   0.0000E+00  0.0000
   1.9953E+02   2.5119E+02   0.0000E+00  0.0000
   2.5119E+02   3.1623E+02   0.0000E+00  0.0000
   3.1623E+02   3.9811E+02   0.0000E+00  0.0000
   3.9811E+02   5.0119E+02   0.0000E+00  0.0000
   5.0119E+02   6.3096E+02   0.0000E+00  0.0000
   6.3096E+02   7.9433E+02   0.0000E+00  0.0000
   7.9433E+02   1.0000E+03   0.0000E+00  0.0000

#   sum over                 1.0525E-01  0.0168

'no. =  3,  reg  =    301'
msuc: {\huge Neutron track length in active He-3 gas}
msdr: {\it plotted by \ANGEL \version}
msdl: {\it calculated by \PHITS  3.36}
wt: s(0.7)
\vspace{-3}
   vol  &=&   1.0000E+00 [cm^3]
e:

#------------------------------------------------------------------------------
 newpage:
#   no. =  4   reg =    401

x: Energy [MeV/n]
y: Flux [1/cm^2/source]              
p: xlog ylog afac(0.8) form(0.9)
h: n            x            y(neutron ),hh0l n  
#  e-lower      e-upper        neutron   r.err 
   1.0000E-10   1.2589E-10   0.0000E+00  0.0000
   1.2589E-10   1.5849E-10   0.0000E+00  0.0000
   1.5849E-10   1.9953E-10   0.0000E+00  0.0000
   1.9953E-10   2.5119E-10   0.0000E+00  0.0000
   2.5119E-10   3.1623E-10   0.0000E+00  0.0000
   3.1623E-10   3.9811E-10   0.0000E+00  0.0000
   3.9811E-10   5.0119E-10   0.0000E+00  0.0000
   5.0119E-10   6.3096E-10   0.0000E+00  0.0000
   6.3096E-10   7.9433E-10   0.0000E+00  0.0000
   7.9433E-10   1.0000E-09   0.0000E+00  0.0000
   1.0000E-09   1.2589E-09   0.0000E+00  0.0000
   1.2589E-09   1.5849E-09   0.0000E+00  0.0000
   1.5849E-09   1.9953E-09   0.0000E+00  0.0000
   1.9953E-09   2.5119E-09   0.0000E+00  0.0000
   2.5119E-09   3.1623E-09   0.0000E+00  0.0000
   3.1623E-09   3.9811E-09   0.0000E+00  0.0000
   3.9811E-09   5.0119E-09   1.3570E-06  0.7187
   5.0119E-09   6.3096E-09   0.0000E+00  0.0000
   6.3096E-09   7.9433E-09   2.9842E-06  0.8855
   7.9433E-09   1.0000E-08   7.0808E-06  0.4908
   1.0000E-08   1.2589E-08   6.7887E-06  0.5934
   1.2589E-08   1.5849E-08   7.3988E-06  0.4854
   1.5849E-08   1.9953E-08   2.0189E-05  0.3753
   1.9953E-08   2.5119E-08   4.6702E-05  0.4189
   2.5119E-08   3.1623E-08   3.7163E-05  0.2899
   3.1623E-08   3.9811E-08   7.7345E-05  0.2852
   3.9811E-08   5.0119E-08   1.0617E-04  0.2324
   5.0119E-08   6.3096E-08   1.4273E-04  0.2082
   6.3096E-08   7.9433E-08   1.0578E-04  0.2410
   7.9433E-08   1.0000E-07   1.2980E-04  0.2399
   1.0000E-07   1.2589E-07   7.1005E-05  0.3709
   1.2589E-07   1.5849E-07   4.8033E-05  0.3051
   1.5849E-07   1.9953E-07   6.8207E-05  0.4134
   1.9953E-07   2.5119E-07   3.2320E-05  0.5601
   2.5119E-07   3.1623E-07   3.0842E-05  0.5749
   3.1623E-07   3.9811E-07   5.5406E-05  0.5362
   3.9811E-07   5.0119E-07   1.8492E-05  0.7496
   5.0119E-07   6.3096E-07   3.1762E-05  0.5525
   6.3096E-07   7.9433E-07   4.2437E-05  0.6497
   7.9433E-07   1.0000E-06   1.2889E-04  0.4915
   1.0000E-06   1.2589E-06   7.1226E-05  0.4447
   1.2589E-06   1.5849E-06   5.9386E-05  0.7539
   1.5849E-06   1.9953E-06   3.7651E-05  0.6056
   1.9953E-06   2.5119E-06   5.1611E-05  0.5376
   2.5119E-06   3.1623E-06   1.2916E-04  0.3984
   3.1623E-06   3.9811E-06   5.1353E-05  0.6135
   3.9811E-06   5.0119E-06   4.6727E-05  0.7084
   5.0119E-06   6.3096E-06   8.1891E-06  1.0000
   6.3096E-06   7.9433E-06   1.2472E-04  0.5136
   7.9433E-06   1.0000E-05   6.4421E-05  0.5657
   1.0000E-05   1.2589E-05   9.0922E-05  0.5023
   1.2589E-05   1.5849E-05   6.0799E-05  0.7042
   1.5849E-05   1.9953E-05   9.0660E-05  0.4849
   1.9953E-05   2.5119E-05   1.2296E-04  0.5280
   2.5119E-05   3.1623E-05   1.4615E-04  0.3857
   3.1623E-05   3.9811E-05   1.3381E-04  0.4333
   3.9811E-05   5.0119E-05   5.9704E-05  0.5977
   5.0119E-05   6.3096E-05   1.0279E-04  0.4502
   6.3096E-05   7.9433E-05   6.2143E-05  0.5786
   7.9433E-05   1.0000E-04   1.1201E-04  0.4734
   1.0000E-04   1.2589E-04   1.0107E-04  0.5388
   1.2589E-04   1.5849E-04   4.5721E-05  0.6090
   1.5849E-04   1.9953E-04   1.0062E-04  0.5375
   1.9953E-04   2.5119E-04   4.4183E-05  0.7077
   2.5119E-04   3.1623E-04   8.7566E-05  0.5553
   3.1623E-04   3.9811E-04   1.3826E-04  0.6015
   3.9811E-04   5.0119E-04   9.5446E-05  0.5021
   5.0119E-04   6.3096E-04   6.1121E-05  0.5810
   6.3096E-04   7.9433E-04   7.8824E-05  0.4598
   7.9433E-04   1.0000E-03   1.7184E-04  0.3956
   1.0000E-03   1.2589E-03   1.0763E-04  0.4233
   1.2589E-03   1.5849E-03   8.2811E-05  0.4825
   1.5849E-03   1.9953E-03   1.9796E-04  0.3655
   1.9953E-03   2.5119E-03   1.0842E-04  0.4358
   2.5119E-03   3.1623E-03   2.3286E-04  0.4310
   3.1623E-03   3.9811E-03   1.2897E-04  0.4931
   3.9811E-03   5.0119E-03   1.2359E-04  0.4103
   5.0119E-03   6.3096E-03   6.9208E-05  0.6502
   6.3096E-03   7.9433E-03   7.3760E-05  0.5334
   7.9433E-03   1.0000E-02   1.0510E-04  0.5074
   1.0000E-02   1.2589E-02   1.1178E-04  0.5078
   1.2589E-02   1.5849E-02   1.5200E-04  0.4795
   1.5849E-02   1.9953E-02   5.5432E-05  0.5936
   1.9953E-02   2.5119E-02   1.3959E-04  0.4222
   2.5119E-02   3.1623E-02   1.8246E-04  0.3624
   3.1623E-02   3.9811E-02   1.4222E-04  0.4008
   3.9811E-02   5.0119E-02   2.4072E-04  0.3795
   5.0119E-02   6.3096E-02   1.5101E-04  0.3608
   6.3096E-02   7.9433E-02   1.6241E-04  0.3559
   7.9433E-02   1.0000E-01   6.9129E-05  0.5325
   1.0000E-01   1.2589E-01   2.9686E-04  0.3747
   1.2589E-01   1.5849E-01   1.9307E-04  0.3977
   1.5849E-01   1.9953E-01   1.5658E-04  0.3757
   1.9953E-01   2.5119E-01   1.2152E-04  0.3922
   2.5119E-01   3.1623E-01   1.4007E-04  0.3719
   3.1623E-01   3.9811E-01   3.4698E-04  0.2724
   3.9811E-01   5.0119E-01   3.3447E-04  0.2720
   5.0119E-01   6.3096E-01   6.2717E-04  0.2261
   6.3096E-01   7.9433E-01   5.3797E-04  0.2391
   7.9433E-01   1.0000E+00   7.5875E-04  0.1841
   1.0000E+00   1.2589E+00   6.3743E-04  0.1957
   1.2589E+00   1.5849E+00   8.8002E-04  0.1741
   1.5849E+00   1.9953E+00   9.0009E-04  0.1836
   1.9953E+00   2.5119E+00   1.1192E-03  0.1525
   2.5119E+00   3.1623E+00   9.7610E-04  0.1523
   3.1623E+00   3.9811E+00   8.7206E-04  0.1660
   3.9811E+00   5.0119E+00   1.0764E-03  0.1635
   5.0119E+00   6.3096E+00   1.0313E-03  0.1561
   6.3096E+00   7.9433E+00   1.4134E-03  0.1448
   7.9433E+00   1.0000E+01   1.8163E-03  0.1289
   1.0000E+01   1.2589E+01   1.7631E-03  0.1130
   1.2589E+01   1.5849E+01   3.0684E-03  0.0920
   1.5849E+01   1.9953E+01   1.1741E-02  0.0496
   1.9953E+01   2.5119E+01   3.2820E-02  0.0279
   2.5119E+01   3.1623E+01   0.0000E+00  0.0000
   3.1623E+01   3.9811E+01   0.0000E+00  0.0000
   3.9811E+01   5.0119E+01   0.0000E+00  0.0000
   5.0119E+01   6.3096E+01   0.0000E+00  0.0000
   6.3096E+01   7.9433E+01   0.0000E+00  0.0000
   7.9433E+01   1.0000E+02   0.0000E+00  0.0000
   1.0000E+02   1.2589E+02   0.0000E+00  0.0000
   1.2589E+02   1.5849E+02   0.0000E+00  0.0000
   1.5849E+02   1.9953E+02   0.0000E+00  0.0000
   1.9953E+02   2.5119E+02   0.0000E+00  0.0000
   2.5119E+02   3.1623E+02   0.0000E+00  0.0000
   3.1623E+02   3.9811E+02   0.0000E+00  0.0000
   3.9811E+02   5.0119E+02   0.0000E+00  0.0000
   5.0119E+02   6.3096E+02   0.0000E+00  0.0000
   6.3096E+02   7.9433E+02   0.0000E+00  0.0000
   7.9433E+02   1.0000E+03   0.0000E+00  0.0000

#   sum over                 7.0035E-02  0.0212

'no. =  4,  reg  =    401'
msuc: {\huge Neutron track length in active He-3 gas}
msdr: {\it plotted by \ANGEL \version}
msdl: {\it calculated by \PHITS  3.36}
wt: s(0.7)
\vspace{-3}
   vol  &=&   1.0000E+00 [cm^3]
e:
 
# Information for Restart Calculation
# This calculation was newly started
# istdev =  2 # 1:Batch variance, 2:History variance
# resc2  = 1.49949612151180540E+05 # Total source weight or Total source weight / maxcas
# resc3  = 1.50000000000000000E+05 # Total history number or Total batch number
# maxcas =      150000 # History / Batch, only used for istdev=1
# bitrseed = 1100111101100011110100001011100010110110100111000010101101000110 # bit data of rseed
