[ T-Track ]
    title = Cosmic-ray neutron flux, xz section, deep cavity
     mesh =  xyz            # mesh type is xyz scoring mesh
   x-type =    2            # x-mesh is linear given by xmin, xmax and nx
     xmin =  -1200.000      # minimum value of x-mesh points
     xmax =   1200.000      # maximum value of x-mesh points
#    xdel =   40.00000      # mesh width of x-mesh points
       nx =     60          # number of x-mesh points
#    data = ( x(i), i = 1, nx + 1 )
#          -1.20000E+03 -1.16000E+03 -1.12000E+03 -1.08000E+03 -1.04000E+03
#          -1.00000E+03 -9.60000E+02 -9.20000E+02 -8.80000E+02 -8.40000E+02
#          -8.00000E+02 -7.60000E+02 -7.20000E+02 -6.80000E+02 -6.40000E+02
#          -6.00000E+02 -5.60000E+02 -5.20000E+02 -4.80000E+02 -4.40000E+02
#          -4.00000E+02 -3.60000E+02 -3.20000E+02 -2.80000E+02 -2.40000E+02
#          -2.00000E+02 -1.60000E+02 -1.20000E+02 -8.00000E+01 -4.00000E+01
#           0.00000E+00  4.00000E+01  8.00000E+01  1.20000E+02  1.60000E+02
#           2.00000E+02  2.40000E+02  2.80000E+02  3.20000E+02  3.60000E+02
#           4.00000E+02  4.40000E+02  4.80000E+02  5.20000E+02  5.60000E+02
#           6.00000E+02  6.40000E+02  6.80000E+02  7.20000E+02  7.60000E+02
#           8.00000E+02  8.40000E+02  8.80000E+02  9.20000E+02  9.60000E+02
#           1.00000E+03  1.04000E+03  1.08000E+03  1.12000E+03  1.16000E+03
#           1.20000E+03
   y-type =    2            # y-mesh is linear given by ymin, ymax and ny
     ymin =  -300.0000      # minimum value of y-mesh points
     ymax =   300.0000      # maximum value of y-mesh points
#    ydel =   600.0000      # mesh width of y-mesh points
       ny =      1          # number of y-mesh points
#    data = ( y(i), i = 1, ny + 1 )
#          -3.00000E+02  3.00000E+02
   z-type =    2            # z-mesh is linear given by zmin, zmax and nz
     zmin =  -1400.000      # minimum value of z-mesh points
     zmax =   800.0000      # maximum value of z-mesh points
#    zdel =   40.00000      # mesh width of z-mesh points
       nz =     55          # number of z-mesh points
#    data = ( z(i), i = 1, nz + 1 )
#          -1.40000E+03 -1.36000E+03 -1.32000E+03 -1.28000E+03 -1.24000E+03
#          -1.20000E+03 -1.16000E+03 -1.12000E+03 -1.08000E+03 -1.04000E+03
#          -1.00000E+03 -9.60000E+02 -9.20000E+02 -8.80000E+02 -8.40000E+02
#          -8.00000E+02 -7.60000E+02 -7.20000E+02 -6.80000E+02 -6.40000E+02
#          -6.00000E+02 -5.60000E+02 -5.20000E+02 -4.80000E+02 -4.40000E+02
#          -4.00000E+02 -3.60000E+02 -3.20000E+02 -2.80000E+02 -2.40000E+02
#          -2.00000E+02 -1.60000E+02 -1.20000E+02 -8.00000E+01 -4.00000E+01
#           0.00000E+00  4.00000E+01  8.00000E+01  1.20000E+02  1.60000E+02
#           2.00000E+02  2.40000E+02  2.80000E+02  3.20000E+02  3.60000E+02
#           4.00000E+02  4.40000E+02  4.80000E+02  5.20000E+02  5.60000E+02
#           6.00000E+02  6.40000E+02  6.80000E+02  7.20000E+02  7.60000E+02
#           8.00000E+02
   e-type =    2            # e-mesh is linear given by emin, emax and ne
     emin =  1.0000000E-09  # minimum value of e-mesh points
     emax =   1000000.      # maximum value of e-mesh points
#    edel =   1000000.      # mesh width of e-mesh points
       ne =      1          # number of e-mesh points
#    data = ( e(i), i = 1, ne + 1 )
#           1.00000E-09  1.00000E+06
     unit =    1            # unit is [1/cm^2/source]
 material =  all            # (D=all) number of specific material
  2D-type =    3            # 1:Cont, 2:Clust, 3:Color, 4:xyz, 5:mat, 6:Clust+Cont, 7:Col+Cont
     axis =      xz            # axis of output
     file = map_xz.out      # file name of output for the above axis
     part =  neutron  
# kf/name :  2112     
    gshow =    1            # 0: no 1:bnd, 2:bnd+mat, 3:bnd+reg 4:bnd+lat 5:bmp style
    resol =    1            # (D=1) resolution of gshow or rshow
    width = 0.5000000       # (D=0.5) width of lines for gshow or rshow
   epsout =    1            # (D=0) generate eps file by ANGEL
#    used :        main (  %)        temp (  %)       total (  %)
#  memory :         125 (  0)           0 (  0)         125 (  0)

#------------------------------------------------------------------------------
#newpage:
#   no. =  1   ie  =  1   iy  =  1   part. = neutron 
#   e = (   1.0000E-09  -   1.0000E+06  )
#   y = (  -3.0000E+02  -   3.0000E+02  )

'no. =  1,  ie =  1,  iy =  1'
msuc: {\huge Cosmic-ray neutron flux, xz section, deep cavity}
msdr: {\it plotted by \ANGEL \version}
msdl: {\it calculated by \PHITS  3.36}

x: z [cm]
y: x [cm]
set: c1[ 1.091] c2[ 0.862] c5[ 0.800] c6[ 0.965] c7[ 0.061] c8[ 0.000]
p: h2fs form[c1] xfac[c2] afac[c5] scal[c6] xorg[c7] yorg[c8] nosp
set: c3[1.0e-4] c4[1.0]
p: cmin[c3] cmax[c4]
p: dmin(1e-31)
p: zlog
p: xmin( -1400.000    ) xmax(  800.0000    )
p: ymin( -1200.000    ) ymax(  1200.000    )
#  nx =  60   nz =  55
# ( ( data(z,x), z = 1, nz ), x = nx, 1, -1 )

hc:  y =   1180.000     to  -1180.000     by   40.00000     ; x =  -1380.000     to   780.0000     by   40.00000     ;
  0.000E+00  0.000E+00  0.000E+00  0.000E+00  0.000E+00  0.000E+00  0.000E+00  0.000E+00  8.046E-01  5.788E-01
  7.664E-01  1.000E+00  1.000E+00  0.000E+00  0.000E+00  0.000E+00  0.000E+00  0.000E+00  0.000E+00  0.000E+00
  0.000E+00  0.000E+00  0.000E+00  0.000E+00  1.000E+00  1.000E+00  1.000E+00  0.000E+00  0.000E+00  0.000E+00
  0.000E+00  0.000E+00  1.000E+00  7.843E-01  4.421E-01  4.971E-01  5.477E-01  6.480E-01  6.302E-01  7.079E-01
  8.292E-01  5.379E-01  3.355E-01  5.670E-01  5.031E-01  7.078E-01  6.343E-01  5.347E-01  6.653E-01  6.113E-01
  5.574E-01  5.889E-01  7.996E-01  7.276E-01  5.639E-01  0.000E+00  0.000E+00  0.000E+00  0.000E+00  0.000E+00
  0.000E+00  0.000E+00  1.000E+00  5.918E-01  6.388E-01  6.870E-01  1.000E+00  0.000E+00  0.000E+00  0.000E+00
  0.000E+00  0.000E+00  0.000E+00  0.000E+00  0.000E+00  0.000E+00  0.000E+00  0.000E+00  0.000E+00  1.000E+00
  1.000E+00  1.000E+00  1.000E+00  0.000E+00  0.000E+00  0.000E+00  0.000E+00  7.079E-01  7.964E-01  6.039E-01
  4.927E-01  5.510E-01  5.901E-01  6.504E-01  6.576E-01  4.752E-01  4.410E-01  4.367E-01  7.567E-01  7.553E-01
  5.035E-01  5.214E-01  4.613E-01  5.525E-01  7.196E-01  5.406E-01  6.205E-01  6.797E-01  6.362E-01  5.743E-01
  0.000E+00  0.000E+00  0.000E+00  0.000E+00  0.000E+00  0.000E+00  7.193E-01  5.957E-01  5.618E-01  6.999E-01
  1.000E+00  0.000E+00  0.000E+00  0.000E+00  0.000E+00  0.000E+00  0.000E+00  0.000E+00  0.000E+00  0.000E+00
  0.000E+00  0.000E+00  0.000E+00  0.000E+00  0.000E+00  1.000E+00  1.000E+00  0.000E+00  0.000E+00  0.000E+00
  1.000E+00  1.000E+00  1.000E+00  1.000E+00  7.150E-01  5.535E-01  9.347E-01  7.786E-01  5.635E-01  3.562E-01
  4.104E-01  4.666E-01  5.291E-01  4.995E-01  5.214E-01  4.497E-01  4.260E-01  4.109E-01  5.024E-01  6.218E-01
  4.682E-01  4.109E-01  3.813E-01  4.109E-01  4.312E-01  0.000E+00  0.000E+00  0.000E+00  0.000E+00  0.000E+00
  7.000E-01  7.474E-01  5.120E-01  7.071E-01  0.000E+00  0.000E+00  1.000E+00  0.000E+00  0.000E+00  0.000E+00
  0.000E+00  0.000E+00  0.000E+00  0.000E+00  0.000E+00  0.000E+00  0.000E+00  0.000E+00  0.000E+00  0.000E+00
  0.000E+00  0.000E+00  0.000E+00  0.000E+00  1.000E+00  8.907E-01  7.365E-01  0.000E+00  0.000E+00  7.816E-01
  5.607E-01  4.837E-01  5.647E-01  4.528E-01  6.135E-01  6.242E-01  4.328E-01  4.665E-01  6.168E-01  8.878E-01
  6.186E-01  4.506E-01  4.578E-01  4.385E-01  4.186E-01  4.592E-01  5.017E-01  4.627E-01  5.196E-01  4.279E-01
  0.000E+00  0.000E+00  0.000E+00  1.000E+00  5.710E-01  6.109E-01  6.153E-01  7.336E-01  1.000E+00  0.000E+00
  0.000E+00  0.000E+00  0.000E+00  0.000E+00  0.000E+00  0.000E+00  0.000E+00  0.000E+00  0.000E+00  0.000E+00
  0.000E+00  0.000E+00  0.000E+00  0.000E+00  0.000E+00  0.000E+00  0.000E+00  0.000E+00  1.000E+00  1.000E+00
  1.000E+00  1.000E+00  1.000E+00  0.000E+00  9.081E-01  6.819E-01  4.267E-01  4.376E-01  5.705E-01  1.000E+00
  6.387E-01  7.076E-01  5.321E-01  4.772E-01  4.523E-01  4.433E-01  4.205E-01  3.799E-01  5.196E-01  7.106E-01
  6.729E-01  6.880E-01  6.710E-01  5.215E-01  5.410E-01  0.000E+00  0.000E+00  1.000E+00  5.535E-01  5.829E-01
  8.725E-01  7.089E-01  0.000E+00  0.000E+00  0.000E+00  0.000E+00  0.000E+00  0.000E+00  0.000E+00  0.000E+00
  0.000E+00  0.000E+00  0.000E+00  0.000E+00  1.000E+00  1.000E+00  0.000E+00  0.000E+00  0.000E+00  0.000E+00
  0.000E+00  0.000E+00  0.000E+00  1.000E+00  1.000E+00  1.000E+00  1.000E+00  6.201E-01  7.071E-01  8.135E-01
  4.939E-01  4.241E-01  5.262E-01  1.000E+00  7.444E-01  6.405E-01  5.130E-01  5.301E-01  6.089E-01  5.301E-01
  4.889E-01  5.900E-01  4.096E-01  4.073E-01  5.119E-01  4.475E-01  5.957E-01  5.320E-01  4.368E-01  5.586E-01
  0.000E+00  7.239E-01  7.182E-01  9.791E-01  0.000E+00  5.777E-01  0.000E+00  0.000E+00  0.000E+00  0.000E+00
  0.000E+00  0.000E+00  0.000E+00  0.000E+00  0.000E+00  0.000E+00  0.000E+00  0.000E+00  0.000E+00  0.000E+00
  0.000E+00  0.000E+00  0.000E+00  0.000E+00  0.000E+00  0.000E+00  0.000E+00  0.000E+00  7.103E-01  7.651E-01
  7.509E-01  9.511E-01  1.000E+00  6.913E-01  3.928E-01  3.949E-01  3.877E-01  5.116E-01  7.441E-01  7.983E-01
  5.359E-01  5.614E-01  4.687E-01  5.495E-01  4.411E-01  5.430E-01  5.876E-01  4.658E-01  4.001E-01  3.890E-01
  5.250E-01  7.115E-01  7.305E-01  5.225E-01  6.175E-01  7.137E-01  7.753E-01  1.000E+00  1.000E+00  6.016E-01
  6.910E-01  0.000E+00  0.000E+00  0.000E+00  0.000E+00  0.000E+00  0.000E+00  1.000E+00  1.000E+00  0.000E+00
  0.000E+00  0.000E+00  0.000E+00  0.000E+00  0.000E+00  0.000E+00  0.000E+00  0.000E+00  0.000E+00  0.000E+00
  0.000E+00  0.000E+00  0.000E+00  6.553E-01  5.865E-01  6.844E-01  6.402E-01  5.253E-01  4.256E-01  5.913E-01
  6.703E-01  4.158E-01  4.489E-01  3.811E-01  3.962E-01  3.758E-01  5.283E-01  5.283E-01  5.318E-01  4.537E-01
  7.122E-01  5.881E-01  5.135E-01  3.761E-01  3.841E-01  3.607E-01  4.514E-01  5.075E-01  4.953E-01  1.000E+00
  8.906E-01  8.039E-01  0.000E+00  1.000E+00  6.866E-01  1.000E+00  0.000E+00  0.000E+00  0.000E+00  0.000E+00
  0.000E+00  0.000E+00  0.000E+00  1.000E+00  0.000E+00  0.000E+00  0.000E+00  0.000E+00  0.000E+00  0.000E+00
  0.000E+00  0.000E+00  0.000E+00  0.000E+00  0.000E+00  0.000E+00  0.000E+00  0.000E+00  7.189E-01  7.089E-01
  8.971E-01  7.544E-01  6.590E-01  6.426E-01  4.389E-01  5.441E-01  4.452E-01  4.673E-01  4.717E-01  4.534E-01
  5.208E-01  5.775E-01  5.861E-01  4.676E-01  6.490E-01  1.000E+00  5.992E-01  5.856E-01  4.407E-01  5.112E-01
  4.977E-01  4.146E-01  3.998E-01  4.214E-01  4.371E-01  0.000E+00  1.000E+00  1.000E+00  7.123E-01  1.000E+00
  0.000E+00  0.000E+00  0.000E+00  0.000E+00  0.000E+00  0.000E+00  0.000E+00  0.000E+00  0.000E+00  0.000E+00
  0.000E+00  0.000E+00  0.000E+00  0.000E+00  0.000E+00  0.000E+00  0.000E+00  0.000E+00  0.000E+00  0.000E+00
  0.000E+00  0.000E+00  0.000E+00  1.000E+00  1.000E+00  1.000E+00  7.090E-01  7.072E-01  7.415E-01  7.312E-01
  3.956E-01  4.513E-01  6.692E-01  7.269E-01  5.468E-01  5.303E-01  7.543E-01  4.313E-01  4.346E-01  5.882E-01
  1.000E+00  6.267E-01  5.026E-01  5.984E-01  5.456E-01  5.830E-01  5.614E-01  4.746E-01  5.660E-01  5.098E-01
  1.000E+00  8.194E-01  8.583E-01  1.000E+00  0.000E+00  0.000E+00  0.000E+00  0.000E+00  0.000E+00  0.000E+00
  0.000E+00  0.000E+00  0.000E+00  0.000E+00  0.000E+00  0.000E+00  0.000E+00  0.000E+00  0.000E+00  0.000E+00
  0.000E+00  0.000E+00  0.000E+00  0.000E+00  0.000E+00  0.000E+00  0.000E+00  1.000E+00  0.000E+00  0.000E+00
  0.000E+00  0.000E+00  9.605E-01  5.998E-01  4.197E-01  4.233E-01  3.651E-01  4.497E-01  5.915E-01  6.257E-01
  4.661E-01  5.612E-01  4.765E-01  5.806E-01  7.478E-01  5.766E-01  3.739E-01  4.181E-01  4.644E-01  5.128E-01
  5.089E-01  7.085E-01  6.048E-01  6.758E-01  5.659E-01  9.904E-01  1.000E+00  1.000E+00  0.000E+00  0.000E+00
  0.000E+00  0.000E+00  0.000E+00  0.000E+00  0.000E+00  0.000E+00  0.000E+00  0.000E+00  0.000E+00  0.000E+00
  0.000E+00  0.000E+00  0.000E+00  0.000E+00  0.000E+00  0.000E+00  0.000E+00  0.000E+00  0.000E+00  0.000E+00
  0.000E+00  0.000E+00  1.000E+00  0.000E+00  0.000E+00  0.000E+00  0.000E+00  0.000E+00  0.000E+00  5.887E-01
  4.656E-01  3.433E-01  3.494E-01  3.474E-01  3.547E-01  3.370E-01  3.340E-01  3.604E-01  3.655E-01  4.389E-01
  4.494E-01  4.166E-01  5.002E-01  3.998E-01  7.808E-01  4.599E-01  3.671E-01  3.976E-01  5.773E-01  4.067E-01
  6.970E-01  1.000E+00  1.000E+00  0.000E+00  0.000E+00  0.000E+00  0.000E+00  0.000E+00  0.000E+00  0.000E+00
  0.000E+00  0.000E+00  0.000E+00  0.000E+00  0.000E+00  0.000E+00  0.000E+00  0.000E+00  0.000E+00  0.000E+00
  0.000E+00  0.000E+00  0.000E+00  0.000E+00  0.000E+00  0.000E+00  0.000E+00  1.000E+00  1.000E+00  0.000E+00
  1.000E+00  1.000E+00  7.072E-01  7.137E-01  6.096E-01  4.659E-01  4.501E-01  4.722E-01  5.108E-01  3.833E-01
  4.839E-01  4.399E-01  4.656E-01  3.713E-01  4.110E-01  3.268E-01  3.587E-01  4.040E-01  4.382E-01  3.921E-01
  3.711E-01  4.552E-01  4.177E-01  4.605E-01  5.088E-01  8.388E-01  1.000E+00  0.000E+00  0.000E+00  0.000E+00
  0.000E+00  0.000E+00  0.000E+00  0.000E+00  0.000E+00  0.000E+00  0.000E+00  0.000E+00  0.000E+00  0.000E+00
  0.000E+00  0.000E+00  0.000E+00  0.000E+00  0.000E+00  0.000E+00  0.000E+00  0.000E+00  0.000E+00  0.000E+00
  1.000E+00  0.000E+00  0.000E+00  0.000E+00  0.000E+00  1.000E+00  9.843E-01  7.980E-01  1.000E+00  7.263E-01
  4.855E-01  5.239E-01  6.857E-01  6.551E-01  4.106E-01  4.031E-01  6.707E-01  5.981E-01  5.383E-01  4.001E-01
  3.387E-01  4.124E-01  4.357E-01  4.983E-01  1.000E+00  5.013E-01  4.045E-01  4.613E-01  4.557E-01  5.788E-01
  7.158E-01  1.000E+00  0.000E+00  0.000E+00  0.000E+00  0.000E+00  0.000E+00  0.000E+00  0.000E+00  0.000E+00
  0.000E+00  0.000E+00  0.000E+00  0.000E+00  0.000E+00  0.000E+00  0.000E+00  0.000E+00  0.000E+00  0.000E+00
  0.000E+00  0.000E+00  0.000E+00  0.000E+00  0.000E+00  1.000E+00  1.000E+00  0.000E+00  0.000E+00  0.000E+00
  1.000E+00  8.212E-01  7.097E-01  7.651E-01  6.054E-01  4.423E-01  5.330E-01  9.551E-01  6.307E-01  4.602E-01
  5.456E-01  3.998E-01  5.410E-01  7.971E-01  5.958E-01  4.698E-01  8.565E-01  5.115E-01  3.925E-01  4.066E-01
  3.838E-01  5.870E-01  6.836E-01  4.899E-01  5.823E-01  1.000E+00  1.000E+00  1.000E+00  0.000E+00  0.000E+00
  1.000E+00  1.000E+00  0.000E+00  0.000E+00  0.000E+00  0.000E+00  0.000E+00  0.000E+00  0.000E+00  0.000E+00
  0.000E+00  0.000E+00  0.000E+00  0.000E+00  0.000E+00  0.000E+00  0.000E+00  0.000E+00  0.000E+00  0.000E+00
  1.000E+00  0.000E+00  0.000E+00  0.000E+00  1.000E+00  1.000E+00  1.000E+00  8.582E-01  6.089E-01  6.636E-01
  4.573E-01  5.115E-01  7.149E-01  5.794E-01  6.454E-01  5.378E-01  5.675E-01  4.213E-01  3.796E-01  3.901E-01
  6.408E-01  0.000E+00  1.000E+00  6.674E-01  4.233E-01  3.973E-01  4.227E-01  4.858E-01  5.922E-01  1.000E+00
  0.000E+00  0.000E+00  1.000E+00  0.000E+00  0.000E+00  1.000E+00  1.000E+00  0.000E+00  0.000E+00  0.000E+00
  0.000E+00  0.000E+00  0.000E+00  0.000E+00  0.000E+00  0.000E+00  0.000E+00  0.000E+00  0.000E+00  0.000E+00
  0.000E+00  0.000E+00  0.000E+00  0.000E+00  0.000E+00  1.000E+00  0.000E+00  0.000E+00  0.000E+00  0.000E+00
  0.000E+00  0.000E+00  0.000E+00  7.655E-01  9.850E-01  7.396E-01  7.894E-01  6.556E-01  5.230E-01  9.336E-01
  5.380E-01  5.778E-01  4.545E-01  3.745E-01  4.479E-01  7.119E-01  5.846E-01  5.501E-01  4.808E-01  4.839E-01
  7.855E-01  7.679E-01  5.139E-01  5.356E-01  4.924E-01  0.000E+00  0.000E+00  0.000E+00  0.000E+00  0.000E+00
  0.000E+00  0.000E+00  0.000E+00  0.000E+00  0.000E+00  0.000E+00  0.000E+00  0.000E+00  0.000E+00  0.000E+00
  0.000E+00  0.000E+00  0.000E+00  0.000E+00  0.000E+00  0.000E+00  1.000E+00  1.000E+00  0.000E+00  0.000E+00
  0.000E+00  0.000E+00  0.000E+00  0.000E+00  0.000E+00  0.000E+00  0.000E+00  1.000E+00  1.000E+00  1.000E+00
  6.267E-01  6.230E-01  9.701E-01  1.000E+00  1.000E+00  5.016E-01  6.751E-01  4.479E-01  4.322E-01  4.764E-01
  4.609E-01  4.284E-01  5.063E-01  3.875E-01  6.472E-01  1.000E+00  0.000E+00  8.207E-01  4.519E-01  4.887E-01
  0.000E+00  0.000E+00  0.000E+00  0.000E+00  0.000E+00  0.000E+00  0.000E+00  0.000E+00  0.000E+00  0.000E+00
  0.000E+00  0.000E+00  0.000E+00  0.000E+00  0.000E+00  0.000E+00  0.000E+00  0.000E+00  0.000E+00  0.000E+00
  0.000E+00  0.000E+00  0.000E+00  0.000E+00  0.000E+00  0.000E+00  0.000E+00  0.000E+00  0.000E+00  0.000E+00
  0.000E+00  0.000E+00  0.000E+00  0.000E+00  1.000E+00  5.953E-01  5.359E-01  6.979E-01  6.029E-01  6.235E-01
  5.308E-01  4.382E-01  5.335E-01  4.693E-01  4.272E-01  4.487E-01  4.347E-01  5.212E-01  6.648E-01  7.070E-01
  5.248E-01  5.028E-01  4.590E-01  4.409E-01  3.816E-01  0.000E+00  0.000E+00  0.000E+00  0.000E+00  0.000E+00
  0.000E+00  0.000E+00  0.000E+00  0.000E+00  0.000E+00  0.000E+00  0.000E+00  0.000E+00  0.000E+00  0.000E+00
  0.000E+00  0.000E+00  0.000E+00  0.000E+00  0.000E+00  0.000E+00  0.000E+00  0.000E+00  0.000E+00  0.000E+00
  0.000E+00  0.000E+00  0.000E+00  0.000E+00  0.000E+00  0.000E+00  0.000E+00  1.000E+00  1.000E+00  1.000E+00
  6.684E-01  6.832E-01  7.073E-01  0.000E+00  9.233E-01  4.915E-01  4.579E-01  4.943E-01  4.552E-01  5.994E-01
  5.688E-01  5.013E-01  4.262E-01  5.063E-01  7.370E-01  8.155E-01  7.578E-01  5.633E-01  5.199E-01  4.819E-01
  0.000E+00  0.000E+00  0.000E+00  0.000E+00  0.000E+00  0.000E+00  0.000E+00  0.000E+00  0.000E+00  0.000E+00
  0.000E+00  0.000E+00  0.000E+00  0.000E+00  0.000E+00  0.000E+00  0.000E+00  0.000E+00  0.000E+00  0.000E+00
  0.000E+00  0.000E+00  0.000E+00  0.000E+00  0.000E+00  0.000E+00  0.000E+00  0.000E+00  0.000E+00  0.000E+00
  0.000E+00  0.000E+00  1.000E+00  6.606E-01  8.304E-01  4.509E-01  6.227E-01  5.038E-01  5.363E-01  4.263E-01
  4.072E-01  3.853E-01  4.660E-01  7.182E-01  1.000E+00  6.961E-01  5.284E-01  5.019E-01  6.637E-01  7.071E-01
  7.438E-01  1.000E+00  7.957E-01  4.586E-01  5.053E-01  0.000E+00  0.000E+00  0.000E+00  0.000E+00  0.000E+00
  0.000E+00  0.000E+00  0.000E+00  0.000E+00  0.000E+00  0.000E+00  0.000E+00  0.000E+00  0.000E+00  0.000E+00
  0.000E+00  0.000E+00  0.000E+00  0.000E+00  0.000E+00  0.000E+00  0.000E+00  0.000E+00  0.000E+00  1.000E+00
  0.000E+00  0.000E+00  0.000E+00  0.000E+00  0.000E+00  0.000E+00  0.000E+00  1.000E+00  8.576E-01  7.196E-01
  7.106E-01  1.000E+00  5.631E-01  5.557E-01  5.786E-01  6.776E-01  4.726E-01  5.097E-01  9.247E-01  5.779E-01
  5.072E-01  5.005E-01  4.064E-01  4.589E-01  5.188E-01  4.488E-01  5.352E-01  4.488E-01  5.056E-01  5.265E-01
  0.000E+00  0.000E+00  0.000E+00  0.000E+00  0.000E+00  0.000E+00  0.000E+00  0.000E+00  0.000E+00  0.000E+00
  0.000E+00  1.000E+00  1.000E+00  0.000E+00  0.000E+00  0.000E+00  0.000E+00  0.000E+00  0.000E+00  0.000E+00
  0.000E+00  1.000E+00  0.000E+00  0.000E+00  0.000E+00  0.000E+00  0.000E+00  0.000E+00  0.000E+00  0.000E+00
  0.000E+00  0.000E+00  0.000E+00  0.000E+00  6.713E-01  7.506E-01  6.045E-01  5.787E-01  4.338E-01  7.739E-01
  5.222E-01  4.582E-01  4.861E-01  8.595E-01  5.882E-01  7.439E-01  1.000E+00  8.389E-01  5.187E-01  5.146E-01
  8.913E-01  4.225E-01  3.626E-01  5.641E-01  7.664E-01  0.000E+00  0.000E+00  0.000E+00  0.000E+00  0.000E+00
  0.000E+00  0.000E+00  0.000E+00  0.000E+00  0.000E+00  0.000E+00  0.000E+00  1.000E+00  0.000E+00  0.000E+00
  0.000E+00  0.000E+00  0.000E+00  0.000E+00  0.000E+00  0.000E+00  0.000E+00  0.000E+00  0.000E+00  0.000E+00
  0.000E+00  0.000E+00  0.000E+00  0.000E+00  0.000E+00  0.000E+00  0.000E+00  0.000E+00  7.542E-01  1.000E+00
  7.839E-01  4.582E-01  5.339E-01  4.619E-01  5.983E-01  4.265E-01  5.067E-01  4.722E-01  4.662E-01  5.269E-01
  6.886E-01  5.006E-01  6.388E-01  4.182E-01  4.083E-01  3.725E-01  3.835E-01  4.061E-01  5.171E-01  7.521E-01
  0.000E+00  0.000E+00  0.000E+00  0.000E+00  0.000E+00  0.000E+00  0.000E+00  0.000E+00  0.000E+00  0.000E+00
  0.000E+00  0.000E+00  0.000E+00  0.000E+00  0.000E+00  0.000E+00  0.000E+00  0.000E+00  0.000E+00  0.000E+00
  0.000E+00  0.000E+00  0.000E+00  0.000E+00  0.000E+00  1.000E+00  1.000E+00  0.000E+00  0.000E+00  0.000E+00
  0.000E+00  0.000E+00  7.126E-01  6.047E-01  5.825E-01  5.854E-01  6.036E-01  3.987E-01  4.664E-01  3.917E-01
  4.622E-01  4.503E-01  7.074E-01  5.016E-01  1.000E+00  7.230E-01  5.708E-01  6.504E-01  8.864E-01  5.377E-01
  3.545E-01  4.050E-01  4.676E-01  5.533E-01  4.157E-01  0.000E+00  0.000E+00  0.000E+00  0.000E+00  0.000E+00
  0.000E+00  0.000E+00  0.000E+00  0.000E+00  0.000E+00  0.000E+00  0.000E+00  0.000E+00  0.000E+00  0.000E+00
  0.000E+00  0.000E+00  0.000E+00  0.000E+00  0.000E+00  0.000E+00  0.000E+00  0.000E+00  0.000E+00  0.000E+00
  0.000E+00  1.000E+00  1.000E+00  1.000E+00  1.000E+00  0.000E+00  0.000E+00  1.000E+00  7.870E-01  8.184E-01
  7.372E-01  5.238E-01  6.553E-01  5.285E-01  3.623E-01  5.006E-01  5.187E-01  5.105E-01  4.411E-01  5.215E-01
  6.973E-01  6.425E-01  7.079E-01  6.577E-01  4.401E-01  4.528E-01  4.989E-01  4.558E-01  4.862E-01  7.073E-01
  0.000E+00  0.000E+00  0.000E+00  0.000E+00  0.000E+00  0.000E+00  0.000E+00  0.000E+00  0.000E+00  0.000E+00
  0.000E+00  0.000E+00  0.000E+00  0.000E+00  0.000E+00  0.000E+00  0.000E+00  0.000E+00  0.000E+00  0.000E+00
  0.000E+00  0.000E+00  0.000E+00  0.000E+00  0.000E+00  0.000E+00  0.000E+00  0.000E+00  0.000E+00  1.000E+00
  1.000E+00  1.000E+00  1.000E+00  1.000E+00  7.558E-01  4.907E-01  5.788E-01  5.715E-01  4.259E-01  3.707E-01
  5.433E-01  5.470E-01  5.791E-01  1.000E+00  5.133E-01  4.937E-01  4.785E-01  4.145E-01  4.140E-01  4.109E-01
  5.493E-01  6.359E-01  6.321E-01  4.383E-01  4.208E-01  0.000E+00  0.000E+00  0.000E+00  0.000E+00  0.000E+00
  0.000E+00  0.000E+00  0.000E+00  0.000E+00  0.000E+00  0.000E+00  0.000E+00  0.000E+00  0.000E+00  0.000E+00
  0.000E+00  0.000E+00  0.000E+00  0.000E+00  0.000E+00  0.000E+00  0.000E+00  0.000E+00  0.000E+00  0.000E+00
  0.000E+00  0.000E+00  0.000E+00  0.000E+00  0.000E+00  0.000E+00  1.000E+00  6.997E-01  4.419E-01  5.574E-01
  5.936E-01  4.537E-01  5.106E-01  7.377E-01  4.956E-01  6.198E-01  4.108E-01  4.073E-01  5.845E-01  4.071E-01
  5.199E-01  7.907E-01  1.000E+00  5.944E-01  7.863E-01  5.290E-01  9.989E-01  5.026E-01  4.048E-01  4.569E-01
  0.000E+00  0.000E+00  0.000E+00  0.000E+00  0.000E+00  0.000E+00  0.000E+00  0.000E+00  0.000E+00  0.000E+00
  0.000E+00  1.000E+00  0.000E+00  0.000E+00  0.000E+00  0.000E+00  0.000E+00  0.000E+00  0.000E+00  0.000E+00
  0.000E+00  0.000E+00  1.000E+00  0.000E+00  0.000E+00  0.000E+00  0.000E+00  1.000E+00  1.000E+00  0.000E+00
  0.000E+00  1.000E+00  5.753E-01  5.302E-01  4.826E-01  4.515E-01  5.495E-01  4.752E-01  4.503E-01  4.702E-01
  3.715E-01  4.312E-01  4.755E-01  3.754E-01  4.876E-01  4.575E-01  6.118E-01  6.092E-01  4.305E-01  4.192E-01
  4.122E-01  4.111E-01  4.766E-01  4.607E-01  4.401E-01  0.000E+00  0.000E+00  0.000E+00  0.000E+00  0.000E+00
  0.000E+00  0.000E+00  0.000E+00  0.000E+00  0.000E+00  0.000E+00  1.000E+00  0.000E+00  0.000E+00  0.000E+00
  0.000E+00  0.000E+00  0.000E+00  0.000E+00  0.000E+00  0.000E+00  0.000E+00  1.000E+00  0.000E+00  0.000E+00
  0.000E+00  0.000E+00  1.000E+00  1.000E+00  1.000E+00  1.000E+00  1.000E+00  9.972E-01  8.304E-01  4.693E-01
  6.008E-01  5.334E-01  4.793E-01  4.982E-01  4.570E-01  3.729E-01  5.222E-01  5.910E-01  4.239E-01  4.774E-01
  6.754E-01  7.471E-01  5.061E-01  5.223E-01  4.767E-01  7.278E-01  7.081E-01  6.505E-01  7.177E-01  4.120E-01
  0.000E+00  0.000E+00  0.000E+00  0.000E+00  0.000E+00  0.000E+00  0.000E+00  0.000E+00  0.000E+00  0.000E+00
  0.000E+00  0.000E+00  0.000E+00  0.000E+00  0.000E+00  0.000E+00  0.000E+00  0.000E+00  0.000E+00  0.000E+00
  0.000E+00  0.000E+00  0.000E+00  0.000E+00  0.000E+00  0.000E+00  0.000E+00  0.000E+00  0.000E+00  1.000E+00
  7.920E-01  1.000E+00  1.000E+00  7.388E-01  4.480E-01  5.020E-01  3.950E-01  4.754E-01  6.178E-01  4.511E-01
  4.073E-01  5.371E-01  4.701E-01  5.470E-01  5.018E-01  4.797E-01  4.780E-01  4.494E-01  5.872E-01  6.673E-01
  5.930E-01  5.766E-01  6.234E-01  7.141E-01  4.849E-01  0.000E+00  0.000E+00  0.000E+00  0.000E+00  0.000E+00
  0.000E+00  0.000E+00  0.000E+00  0.000E+00  0.000E+00  0.000E+00  0.000E+00  0.000E+00  1.000E+00  0.000E+00
  0.000E+00  0.000E+00  0.000E+00  0.000E+00  0.000E+00  0.000E+00  0.000E+00  0.000E+00  0.000E+00  0.000E+00
  0.000E+00  0.000E+00  0.000E+00  0.000E+00  1.000E+00  1.000E+00  1.000E+00  0.000E+00  1.000E+00  5.796E-01
  5.005E-01  6.233E-01  7.075E-01  6.637E-01  5.320E-01  5.266E-01  4.037E-01  6.707E-01  7.247E-01  5.354E-01
  4.557E-01  4.788E-01  4.222E-01  6.447E-01  5.003E-01  6.113E-01  6.455E-01  5.890E-01  5.785E-01  5.808E-01
  0.000E+00  0.000E+00  0.000E+00  0.000E+00  0.000E+00  0.000E+00  0.000E+00  0.000E+00  0.000E+00  0.000E+00
  0.000E+00  0.000E+00  0.000E+00  0.000E+00  0.000E+00  0.000E+00  0.000E+00  0.000E+00  0.000E+00  0.000E+00
  0.000E+00  0.000E+00  0.000E+00  0.000E+00  0.000E+00  0.000E+00  0.000E+00  0.000E+00  0.000E+00  0.000E+00
  0.000E+00  7.224E-01  8.252E-01  6.468E-01  5.795E-01  4.618E-01  7.072E-01  7.676E-01  5.228E-01  4.193E-01
  6.532E-01  5.659E-01  5.127E-01  5.285E-01  5.348E-01  4.582E-01  8.233E-01  5.187E-01  4.662E-01  7.076E-01
  8.842E-01  7.188E-01  5.113E-01  4.504E-01  5.625E-01  0.000E+00  0.000E+00  0.000E+00  0.000E+00  0.000E+00
  0.000E+00  0.000E+00  0.000E+00  0.000E+00  0.000E+00  0.000E+00  0.000E+00  0.000E+00  0.000E+00  0.000E+00
  1.000E+00  0.000E+00  0.000E+00  0.000E+00  0.000E+00  0.000E+00  0.000E+00  0.000E+00  0.000E+00  0.000E+00
  0.000E+00  0.000E+00  0.000E+00  0.000E+00  0.000E+00  0.000E+00  1.000E+00  1.000E+00  5.518E-01  5.770E-01
  4.993E-01  5.022E-01  5.861E-01  5.101E-01  6.728E-01  6.986E-01  5.134E-01  4.438E-01  5.211E-01  4.888E-01
  4.516E-01  4.505E-01  4.637E-01  4.629E-01  4.845E-01  6.235E-01  5.254E-01  4.101E-01  4.686E-01  5.123E-01
  0.000E+00  0.000E+00  0.000E+00  0.000E+00  0.000E+00  0.000E+00  0.000E+00  0.000E+00  0.000E+00  1.000E+00
  1.000E+00  0.000E+00  0.000E+00  0.000E+00  0.000E+00  1.000E+00  0.000E+00  0.000E+00  0.000E+00  0.000E+00
  0.000E+00  0.000E+00  0.000E+00  0.000E+00  0.000E+00  0.000E+00  0.000E+00  0.000E+00  0.000E+00  0.000E+00
  1.000E+00  1.000E+00  0.000E+00  6.837E-01  5.483E-01  6.674E-01  8.664E-01  4.822E-01  5.061E-01  5.774E-01
  5.933E-01  7.071E-01  6.452E-01  8.285E-01  6.292E-01  7.906E-01  4.700E-01  4.153E-01  5.777E-01  4.235E-01
  3.432E-01  3.733E-01  4.651E-01  5.611E-01  4.581E-01  0.000E+00  0.000E+00  0.000E+00  0.000E+00  0.000E+00
  0.000E+00  0.000E+00  0.000E+00  0.000E+00  0.000E+00  0.000E+00  0.000E+00  0.000E+00  0.000E+00  0.000E+00
  0.000E+00  0.000E+00  0.000E+00  0.000E+00  0.000E+00  1.000E+00  1.000E+00  0.000E+00  0.000E+00  0.000E+00
  0.000E+00  0.000E+00  0.000E+00  0.000E+00  0.000E+00  1.000E+00  8.679E-01  8.002E-01  1.000E+00  6.531E-01
  6.731E-01  5.282E-01  5.161E-01  5.836E-01  5.633E-01  1.000E+00  9.718E-01  4.919E-01  4.127E-01  4.073E-01
  3.776E-01  3.314E-01  3.718E-01  4.646E-01  6.115E-01  5.568E-01  4.089E-01  3.662E-01  3.936E-01  3.504E-01
  0.000E+00  0.000E+00  0.000E+00  0.000E+00  0.000E+00  0.000E+00  0.000E+00  0.000E+00  0.000E+00  0.000E+00
  0.000E+00  0.000E+00  0.000E+00  0.000E+00  0.000E+00  0.000E+00  0.000E+00  0.000E+00  0.000E+00  0.000E+00
  0.000E+00  0.000E+00  0.000E+00  0.000E+00  0.000E+00  0.000E+00  0.000E+00  0.000E+00  0.000E+00  0.000E+00
  0.000E+00  0.000E+00  8.726E-01  0.000E+00  1.000E+00  1.000E+00  7.181E-01  6.080E-01  1.000E+00  8.167E-01
  5.874E-01  5.803E-01  4.891E-01  4.527E-01  3.941E-01  4.116E-01  4.480E-01  3.845E-01  3.400E-01  4.147E-01
  4.422E-01  3.619E-01  3.259E-01  3.926E-01  3.454E-01  0.000E+00  0.000E+00  0.000E+00  0.000E+00  0.000E+00
  0.000E+00  0.000E+00  0.000E+00  0.000E+00  0.000E+00  0.000E+00  0.000E+00  1.000E+00  0.000E+00  0.000E+00
  0.000E+00  0.000E+00  0.000E+00  0.000E+00  0.000E+00  0.000E+00  0.000E+00  0.000E+00  0.000E+00  0.000E+00
  0.000E+00  0.000E+00  0.000E+00  0.000E+00  0.000E+00  0.000E+00  0.000E+00  7.133E-01  7.970E-01  5.972E-01
  1.000E+00  7.482E-01  1.000E+00  7.723E-01  6.065E-01  4.785E-01  5.418E-01  3.550E-01  4.042E-01  4.830E-01
  5.314E-01  3.852E-01  4.754E-01  5.247E-01  4.554E-01  4.722E-01  5.771E-01  4.855E-01  4.130E-01  3.144E-01
  0.000E+00  0.000E+00  0.000E+00  0.000E+00  0.000E+00  0.000E+00  0.000E+00  0.000E+00  1.000E+00  0.000E+00
  0.000E+00  0.000E+00  1.000E+00  1.000E+00  0.000E+00  0.000E+00  0.000E+00  0.000E+00  0.000E+00  0.000E+00
  0.000E+00  0.000E+00  0.000E+00  0.000E+00  0.000E+00  0.000E+00  0.000E+00  0.000E+00  0.000E+00  0.000E+00
  0.000E+00  0.000E+00  7.651E-01  7.111E-01  6.593E-01  7.268E-01  8.274E-01  7.587E-01  5.519E-01  3.953E-01
  3.962E-01  3.815E-01  3.720E-01  4.190E-01  5.244E-01  4.576E-01  5.582E-01  5.063E-01  4.871E-01  5.081E-01
  7.113E-01  5.773E-01  5.996E-01  7.479E-01  4.329E-01  0.000E+00  0.000E+00  0.000E+00  0.000E+00  0.000E+00
  0.000E+00  0.000E+00  0.000E+00  1.000E+00  0.000E+00  0.000E+00  0.000E+00  0.000E+00  0.000E+00  0.000E+00
  0.000E+00  0.000E+00  0.000E+00  0.000E+00  0.000E+00  0.000E+00  0.000E+00  0.000E+00  0.000E+00  0.000E+00
  0.000E+00  0.000E+00  0.000E+00  0.000E+00  0.000E+00  0.000E+00  0.000E+00  0.000E+00  1.000E+00  6.471E-01
  4.058E-01  4.081E-01  3.701E-01  4.607E-01  5.094E-01  6.588E-01  6.942E-01  7.513E-01  5.608E-01  4.473E-01
  4.722E-01  7.059E-01  8.979E-01  6.409E-01  4.983E-01  3.581E-01  4.812E-01  5.006E-01  4.772E-01  4.748E-01
  0.000E+00  0.000E+00  0.000E+00  0.000E+00  0.000E+00  0.000E+00  0.000E+00  0.000E+00  0.000E+00  0.000E+00
  0.000E+00  0.000E+00  0.000E+00  0.000E+00  0.000E+00  0.000E+00  0.000E+00  0.000E+00  0.000E+00  0.000E+00
  0.000E+00  0.000E+00  0.000E+00  0.000E+00  0.000E+00  0.000E+00  0.000E+00  0.000E+00  0.000E+00  0.000E+00
  0.000E+00  0.000E+00  0.000E+00  1.000E+00  5.326E-01  4.043E-01  3.807E-01  4.314E-01  5.954E-01  6.341E-01
  5.091E-01  5.094E-01  5.131E-01  4.879E-01  3.751E-01  3.656E-01  3.846E-01  4.806E-01  6.095E-01  7.085E-01
  5.222E-01  5.143E-01  5.838E-01  5.079E-01  3.713E-01  0.000E+00  0.000E+00  0.000E+00  0.000E+00  0.000E+00
  0.000E+00  0.000E+00  0.000E+00  0.000E+00  0.000E+00  0.000E+00  0.000E+00  0.000E+00  0.000E+00  0.000E+00
  0.000E+00  0.000E+00  0.000E+00  0.000E+00  0.000E+00  0.000E+00  0.000E+00  0.000E+00  0.000E+00  0.000E+00
  0.000E+00  0.000E+00  0.000E+00  0.000E+00  0.000E+00  0.000E+00  1.000E+00  7.115E-01  6.464E-01  6.348E-01
  7.098E-01  5.913E-01  6.112E-01  4.619E-01  6.271E-01  4.422E-01  4.220E-01  4.486E-01  4.311E-01  4.359E-01
  7.000E-01  5.407E-01  4.132E-01  4.628E-01  4.381E-01  4.380E-01  4.569E-01  4.801E-01  4.174E-01  3.801E-01
  0.000E+00  0.000E+00  0.000E+00  0.000E+00  0.000E+00  0.000E+00  0.000E+00  0.000E+00  0.000E+00  0.000E+00
  0.000E+00  0.000E+00  0.000E+00  0.000E+00  0.000E+00  0.000E+00  0.000E+00  0.000E+00  0.000E+00  0.000E+00
  0.000E+00  0.000E+00  0.000E+00  0.000E+00  0.000E+00  0.000E+00  0.000E+00  0.000E+00  0.000E+00  0.000E+00
  0.000E+00  0.000E+00  1.000E+00  5.717E-01  4.598E-01  6.310E-01  7.812E-01  7.542E-01  5.046E-01  4.313E-01
  5.532E-01  5.785E-01  8.687E-01  6.109E-01  1.000E+00  5.847E-01  6.146E-01  5.243E-01  4.626E-01  4.328E-01
  4.658E-01  4.830E-01  4.516E-01  4.515E-01  7.082E-01  0.000E+00  0.000E+00  0.000E+00  0.000E+00  0.000E+00
  0.000E+00  0.000E+00  0.000E+00  0.000E+00  0.000E+00  0.000E+00  0.000E+00  0.000E+00  0.000E+00  0.000E+00
  0.000E+00  0.000E+00  0.000E+00  0.000E+00  0.000E+00  0.000E+00  0.000E+00  0.000E+00  0.000E+00  0.000E+00
  0.000E+00  0.000E+00  0.000E+00  0.000E+00  0.000E+00  0.000E+00  0.000E+00  6.412E-01  8.383E-01  1.000E+00
  4.575E-01  5.016E-01  4.246E-01  4.203E-01  4.287E-01  5.297E-01  6.747E-01  5.813E-01  8.589E-01  1.000E+00
  1.000E+00  0.000E+00  0.000E+00  6.226E-01  4.336E-01  4.264E-01  3.888E-01  4.106E-01  3.494E-01  4.057E-01
  1.000E+00  0.000E+00  0.000E+00  0.000E+00  0.000E+00  0.000E+00  0.000E+00  0.000E+00  0.000E+00  0.000E+00
  0.000E+00  0.000E+00  0.000E+00  0.000E+00  0.000E+00  0.000E+00  0.000E+00  0.000E+00  0.000E+00  0.000E+00
  0.000E+00  0.000E+00  0.000E+00  0.000E+00  0.000E+00  0.000E+00  0.000E+00  0.000E+00  0.000E+00  0.000E+00
  0.000E+00  0.000E+00  7.363E-01  8.213E-01  6.996E-01  8.225E-01  4.798E-01  4.795E-01  7.743E-01  7.162E-01
  6.101E-01  5.274E-01  5.194E-01  6.190E-01  6.205E-01  5.020E-01  7.154E-01  5.952E-01  4.121E-01  4.684E-01
  4.511E-01  4.609E-01  3.260E-01  3.336E-01  4.546E-01  1.000E+00  0.000E+00  0.000E+00  0.000E+00  0.000E+00
  0.000E+00  0.000E+00  0.000E+00  0.000E+00  0.000E+00  1.000E+00  1.000E+00  1.000E+00  0.000E+00  0.000E+00
  0.000E+00  0.000E+00  0.000E+00  0.000E+00  0.000E+00  0.000E+00  0.000E+00  0.000E+00  0.000E+00  0.000E+00
  0.000E+00  0.000E+00  0.000E+00  0.000E+00  0.000E+00  0.000E+00  0.000E+00  9.493E-01  7.635E-01  6.109E-01
  6.709E-01  7.766E-01  6.009E-01  8.819E-01  5.232E-01  5.856E-01  5.333E-01  5.244E-01  5.522E-01  9.539E-01
  6.126E-01  7.495E-01  8.260E-01  4.669E-01  4.992E-01  4.647E-01  3.501E-01  3.633E-01  3.060E-01  3.260E-01
  1.000E+00  1.000E+00  0.000E+00  0.000E+00  0.000E+00  0.000E+00  0.000E+00  0.000E+00  0.000E+00  0.000E+00
  1.000E+00  1.000E+00  1.000E+00  0.000E+00  0.000E+00  0.000E+00  0.000E+00  0.000E+00  0.000E+00  0.000E+00
  0.000E+00  0.000E+00  0.000E+00  0.000E+00  0.000E+00  0.000E+00  0.000E+00  1.000E+00  0.000E+00  0.000E+00
  1.000E+00  1.000E+00  1.000E+00  1.000E+00  8.816E-01  7.189E-01  7.189E-01  5.391E-01  5.752E-01  6.786E-01
  5.558E-01  4.289E-01  4.866E-01  4.869E-01  5.030E-01  7.146E-01  6.170E-01  5.831E-01  5.308E-01  5.570E-01
  8.209E-01  5.113E-01  5.491E-01  7.265E-01  3.983E-01  0.000E+00  1.000E+00  0.000E+00  0.000E+00  0.000E+00
  0.000E+00  0.000E+00  0.000E+00  0.000E+00  0.000E+00  0.000E+00  0.000E+00  0.000E+00  0.000E+00  0.000E+00
  0.000E+00  0.000E+00  0.000E+00  0.000E+00  0.000E+00  0.000E+00  0.000E+00  0.000E+00  0.000E+00  0.000E+00
  0.000E+00  0.000E+00  0.000E+00  0.000E+00  1.000E+00  1.000E+00  1.000E+00  1.000E+00  0.000E+00  0.000E+00
  1.000E+00  7.490E-01  7.446E-01  5.845E-01  4.802E-01  4.166E-01  8.014E-01  7.269E-01  5.226E-01  3.978E-01
  3.834E-01  4.029E-01  4.596E-01  5.242E-01  4.290E-01  5.079E-01  8.090E-01  6.099E-01  5.388E-01  6.006E-01
  0.000E+00  1.000E+00  0.000E+00  0.000E+00  0.000E+00  0.000E+00  0.000E+00  0.000E+00  0.000E+00  0.000E+00
  0.000E+00  0.000E+00  0.000E+00  0.000E+00  0.000E+00  0.000E+00  0.000E+00  0.000E+00  0.000E+00  0.000E+00
  0.000E+00  0.000E+00  0.000E+00  0.000E+00  0.000E+00  0.000E+00  0.000E+00  0.000E+00  0.000E+00  9.560E-01
  9.976E-01  1.000E+00  0.000E+00  1.000E+00  1.000E+00  7.534E-01  7.726E-01  5.920E-01  5.121E-01  4.381E-01
  4.292E-01  6.332E-01  5.533E-01  6.683E-01  4.182E-01  4.480E-01  4.373E-01  4.298E-01  3.978E-01  3.923E-01
  5.222E-01  6.425E-01  4.411E-01  5.555E-01  7.529E-01  0.000E+00  1.000E+00  1.000E+00  0.000E+00  0.000E+00
  0.000E+00  0.000E+00  0.000E+00  0.000E+00  0.000E+00  0.000E+00  1.000E+00  1.000E+00  0.000E+00  0.000E+00
  0.000E+00  0.000E+00  0.000E+00  0.000E+00  0.000E+00  1.000E+00  0.000E+00  1.000E+00  1.000E+00  1.000E+00
  0.000E+00  0.000E+00  0.000E+00  0.000E+00  0.000E+00  7.120E-01  7.688E-01  8.781E-01  5.669E-01  7.193E-01
  1.000E+00  7.692E-01  7.072E-01  5.793E-01  4.842E-01  4.788E-01  4.376E-01  4.955E-01  5.041E-01  5.673E-01
  4.604E-01  3.945E-01  5.164E-01  6.033E-01  3.823E-01  4.506E-01  5.055E-01  4.965E-01  7.656E-01  1.000E+00
  0.000E+00  0.000E+00  1.000E+00  0.000E+00  0.000E+00  0.000E+00  0.000E+00  0.000E+00  0.000E+00  0.000E+00
  0.000E+00  0.000E+00  0.000E+00  0.000E+00  0.000E+00  0.000E+00  0.000E+00  0.000E+00  0.000E+00  0.000E+00
  1.000E+00  1.000E+00  1.000E+00  1.000E+00  1.000E+00  0.000E+00  0.000E+00  0.000E+00  0.000E+00  0.000E+00
  0.000E+00  0.000E+00  1.000E+00  6.177E-01  3.870E-01  3.975E-01  4.426E-01  4.343E-01  4.290E-01  5.259E-01
  6.425E-01  5.385E-01  5.187E-01  0.000E+00  8.922E-01  4.730E-01  3.981E-01  4.637E-01  5.617E-01  4.528E-01
  4.388E-01  5.376E-01  7.072E-01  1.000E+00  0.000E+00  0.000E+00  0.000E+00  1.000E+00  1.000E+00  0.000E+00
  0.000E+00  0.000E+00  0.000E+00  0.000E+00  0.000E+00  0.000E+00  0.000E+00  0.000E+00  0.000E+00  0.000E+00
  0.000E+00  0.000E+00  0.000E+00  0.000E+00  0.000E+00  1.000E+00  1.000E+00  1.000E+00  1.000E+00  1.000E+00
  0.000E+00  0.000E+00  0.000E+00  0.000E+00  1.000E+00  8.088E-01  1.000E+00  1.000E+00  7.070E-01  7.072E-01
  5.500E-01  4.571E-01  3.950E-01  6.203E-01  5.335E-01  5.291E-01  4.188E-01  5.977E-01  6.159E-01  6.033E-01
  7.184E-01  6.906E-01  4.030E-01  4.005E-01  6.062E-01  4.893E-01  7.187E-01  7.208E-01  1.000E+00  8.458E-01
  0.000E+00  0.000E+00  0.000E+00  1.000E+00  0.000E+00  0.000E+00  0.000E+00  0.000E+00  0.000E+00  1.000E+00
  1.000E+00  0.000E+00  0.000E+00  0.000E+00  0.000E+00  0.000E+00  0.000E+00  0.000E+00  0.000E+00  0.000E+00
  1.000E+00  1.000E+00  1.000E+00  1.000E+00  1.000E+00  0.000E+00  0.000E+00  0.000E+00  0.000E+00  1.000E+00
  1.000E+00  0.000E+00  0.000E+00  7.767E-01  7.653E-01  7.094E-01  4.672E-01  6.001E-01  4.866E-01  4.110E-01
  4.760E-01  4.166E-01  4.481E-01  4.704E-01  6.013E-01  7.837E-01  1.000E+00  7.003E-01  5.011E-01  4.521E-01
  5.017E-01  5.214E-01  4.762E-01  6.332E-01  7.100E-01  0.000E+00  0.000E+00  0.000E+00  1.000E+00  0.000E+00
  0.000E+00  0.000E+00  0.000E+00  0.000E+00  0.000E+00  0.000E+00  0.000E+00  0.000E+00  0.000E+00  0.000E+00
  0.000E+00  0.000E+00  0.000E+00  0.000E+00  0.000E+00  0.000E+00  0.000E+00  1.000E+00  0.000E+00  1.000E+00
  1.000E+00  0.000E+00  0.000E+00  0.000E+00  0.000E+00  0.000E+00  0.000E+00  1.000E+00  6.353E-01  7.655E-01
  5.832E-01  4.261E-01  4.775E-01  3.892E-01  4.071E-01  3.394E-01  3.326E-01  3.505E-01  3.891E-01  4.285E-01
  5.087E-01  5.014E-01  4.415E-01  5.815E-01  5.519E-01  5.472E-01  4.994E-01  5.361E-01  4.602E-01  5.730E-01
  0.000E+00  1.000E+00  1.000E+00  8.933E-01  7.094E-01  1.000E+00  1.000E+00  0.000E+00  0.000E+00  0.000E+00
  0.000E+00  0.000E+00  1.000E+00  0.000E+00  0.000E+00  0.000E+00  0.000E+00  0.000E+00  0.000E+00  0.000E+00
  0.000E+00  0.000E+00  0.000E+00  0.000E+00  0.000E+00  0.000E+00  0.000E+00  0.000E+00  0.000E+00  0.000E+00
  0.000E+00  0.000E+00  0.000E+00  1.000E+00  8.770E-01  6.622E-01  5.228E-01  5.855E-01  5.672E-01  5.443E-01
  3.919E-01  3.793E-01  5.119E-01  5.478E-01  5.903E-01  4.401E-01  5.054E-01  4.434E-01  5.452E-01  4.033E-01
  3.604E-01  3.704E-01  4.416E-01  4.386E-01  3.686E-01  6.436E-01  7.936E-01  7.079E-01  8.066E-01  7.099E-01
  0.000E+00  1.000E+00  0.000E+00  0.000E+00  0.000E+00  0.000E+00  0.000E+00  0.000E+00  0.000E+00  0.000E+00
  0.000E+00  0.000E+00  0.000E+00  0.000E+00  0.000E+00  0.000E+00  0.000E+00  0.000E+00  1.000E+00  0.000E+00
  0.000E+00  0.000E+00  0.000E+00  0.000E+00  0.000E+00  0.000E+00  0.000E+00  0.000E+00  1.000E+00  5.785E-01
  5.014E-01  6.156E-01  5.614E-01  7.065E-01  5.892E-01  4.165E-01  3.880E-01  5.506E-01  9.939E-01  5.904E-01
  6.015E-01  3.767E-01  5.718E-01  5.066E-01  5.396E-01  7.234E-01  4.185E-01  5.672E-01  4.701E-01  3.875E-01
  7.364E-01  7.409E-01  7.099E-01  7.724E-01  7.146E-01  1.000E+00  7.232E-01  0.000E+00  0.000E+00  0.000E+00
  0.000E+00  0.000E+00  0.000E+00  0.000E+00  0.000E+00  0.000E+00  0.000E+00  0.000E+00  0.000E+00  0.000E+00
  0.000E+00  0.000E+00  0.000E+00  1.000E+00  1.000E+00  0.000E+00  0.000E+00  0.000E+00  0.000E+00  0.000E+00
  0.000E+00  0.000E+00  0.000E+00  1.000E+00  5.197E-01  5.645E-01  7.413E-01  5.112E-01  6.875E-01  4.003E-01
  6.600E-01  5.051E-01  4.813E-01  6.254E-01  5.297E-01  4.518E-01  4.240E-01  5.062E-01  5.767E-01  4.931E-01
  4.729E-01  4.314E-01  6.622E-01  7.941E-01  5.829E-01  1.000E+00  1.000E+00  0.000E+00  1.000E+00  9.940E-01
  7.523E-01  6.722E-01  7.710E-01  1.000E+00  0.000E+00  0.000E+00  0.000E+00  1.000E+00  1.000E+00  0.000E+00
  0.000E+00  0.000E+00  0.000E+00  0.000E+00  0.000E+00  0.000E+00  0.000E+00  0.000E+00  0.000E+00  1.000E+00
  0.000E+00  0.000E+00  0.000E+00  0.000E+00  0.000E+00  0.000E+00  0.000E+00  0.000E+00  1.000E+00  5.906E-01
  8.138E-01  8.864E-01  4.652E-01  5.862E-01  4.795E-01  7.440E-01  7.035E-01  4.445E-01  4.904E-01  5.167E-01
  4.948E-01  7.906E-01  6.253E-01  3.628E-01  4.321E-01  5.596E-01  5.489E-01  4.793E-01  4.099E-01  5.525E-01
  0.000E+00  1.000E+00  1.000E+00  1.000E+00  1.000E+00  1.000E+00  1.000E+00  7.170E-01  1.000E+00  1.000E+00
  1.000E+00  1.000E+00  0.000E+00  0.000E+00  0.000E+00  0.000E+00  0.000E+00  0.000E+00  0.000E+00  0.000E+00
  0.000E+00  0.000E+00  0.000E+00  0.000E+00  1.000E+00  1.000E+00  0.000E+00  0.000E+00  0.000E+00  0.000E+00
  0.000E+00  0.000E+00  0.000E+00  7.091E-01  8.722E-01  4.863E-01  5.245E-01  6.964E-01  1.000E+00  7.265E-01
  1.000E+00  7.290E-01  5.851E-01  4.522E-01  5.518E-01  5.846E-01  7.089E-01  1.000E+00  4.206E-01  5.683E-01
  5.942E-01  3.759E-01  4.249E-01  3.592E-01  3.984E-01  0.000E+00  0.000E+00  0.000E+00  0.000E+00  1.000E+00
  1.000E+00  7.142E-01  7.272E-01  7.080E-01  1.000E+00  0.000E+00  1.000E+00  1.000E+00  0.000E+00  0.000E+00
  0.000E+00  0.000E+00  0.000E+00  0.000E+00  0.000E+00  0.000E+00  0.000E+00  0.000E+00  0.000E+00  0.000E+00
  1.000E+00  1.000E+00  0.000E+00  0.000E+00  0.000E+00  0.000E+00  0.000E+00  1.000E+00  7.380E-01  6.586E-01
  6.856E-01  4.953E-01  5.422E-01  5.188E-01  9.535E-01  7.107E-01  7.114E-01  4.286E-01  4.152E-01  4.914E-01
  6.628E-01  5.067E-01  3.957E-01  4.274E-01  4.538E-01  3.579E-01  3.938E-01  3.765E-01  4.481E-01  4.110E-01

#------------------------------------------------------------------------------
# gshow
#------------------------------------------------------------------------------

p: legs[c5*0.875]

hb:   line clip z  
frame:
 -1.3999973E+03 -1.1999945E+03
  8.0000267E+02 -1.1999945E+03
  8.0000267E+02  1.2000055E+03
 -1.3999973E+03  1.2000055E+03
clip:
 -1.43928300E+03 -1.23933863E+03
 -8.45008730E+02 -1.23933863E+03
 -8.53461105E+02 -1.23353319E+03
 -8.59282998E+02 -1.22948474E+03
 -8.94955885E+02 -1.20376657E+03
 -9.00711570E+02 -1.19946599E+03
 -9.02624468E+02 -1.19802716E+03
 -9.24944456E+02 -1.18088008E+03
 -9.42140141E+02 -1.16720690E+03
 -9.54991535E+02 -1.15671568E+03
 -9.70527681E+02 -1.14371151E+03
 -9.83568713E+02 -1.13251604E+03
 -1.00293243E+03 -1.11540421E+03
 -1.01447753E+03 -1.10491418E+03
 -1.02499728E+03 -1.09516235E+03
 -1.04705530E+03 -1.07409273E+03
 -1.05680616E+03 -1.06450023E+03
 -1.06642586E+03 -1.05486297E+03
 -1.08782484E+03 -1.03278126E+03
 -1.09751825E+03 -1.02247430E+03
 -1.10785443E+03 -1.01126583E+03
 -1.12560547E+03 -9.91469780E+02
 -1.13661105E+03 -9.78833651E+02
 -1.14928300E+03 -9.63923539E+02
 -1.16068910E+03 -9.50158305E+02
 -1.17407435E+03 -9.33568111E+02
 -1.19071157E+03 -9.12253231E+02
 -1.19331364E+03 -9.08846829E+02
 -1.20989023E+03 -8.86659811E+02
 -1.22367578E+03 -8.67535354E+02
 -1.22717259E+03 -8.62581843E+02
 -1.23214014E+03 -8.55471024E+02
 -1.25194014E+03 -8.26223879E+02
 -1.26046581E+03 -8.13158009E+02
 -1.27356871E+03 -7.92478854E+02
 -1.27824588E+03 -7.84912403E+02
 -1.29202980E+03 -7.62009837E+02
 -1.30271166E+03 -7.43600928E+02
 -1.30714824E+03 -7.35774068E+02
 -1.31499728E+03 -7.21652370E+02
 -1.32543937E+03 -7.02289452E+02
 -1.33602165E+03 -6.81942920E+02
 -1.34651703E+03 -6.60977977E+02
 -1.34975973E+03 -6.54330697E+02
 -1.35642586E+03 -6.40397454E+02
 -1.36602102E+03 -6.19666502E+02
 -1.37578977E+03 -5.97664210E+02
 -1.38401787E+03 -5.78355026E+02
 -1.38805918E+03 -5.68587467E+02
 -1.39785443E+03 -5.44061579E+02
 -1.40056568E+03 -5.37043551E+02
 -1.41104179E+03 -5.08882167E+02
 -1.41571526E+03 -4.95732075E+02
 -1.42172503E+03 -4.78223734E+02
 -1.42951108E+03 -4.54420600E+02
 -1.43184704E+03 -4.47005658E+02
 -1.43928300E+03 -4.22450531E+02
 -1.43928300E+03 -4.54420600E+02
 -1.43928300E+03 -4.95732075E+02
 -1.43928300E+03 -5.37043551E+02
 -1.43928300E+03 -5.78355026E+02
 -1.43928300E+03 -6.19666502E+02
 -1.43928300E+03 -6.60977977E+02
 -1.43928300E+03 -7.02289452E+02
 -1.43928300E+03 -7.43600928E+02
 -1.43928300E+03 -7.84912403E+02
 -1.43928300E+03 -8.26223879E+02
 -1.43928300E+03 -8.67535354E+02
 -1.43928300E+03 -9.08846829E+02
 -1.43928300E+03 -9.50158305E+02
 -1.43928300E+03 -9.91469780E+02
 -1.43928300E+03 -1.03278126E+03
 -1.43928300E+03 -1.07409273E+03
 -1.43928300E+03 -1.11540421E+03
 -1.43928300E+03 -1.15671568E+03
 -1.43928300E+03 -1.19802716E+03
 -1.43928300E+03 -1.23933863E+03

hb:   line clip z  
frame:
 -1.3999973E+03 -1.1999945E+03
  8.0000267E+02 -1.1999945E+03
  8.0000267E+02  1.2000055E+03
 -1.3999973E+03  1.2000055E+03
clip:
 -8.17854427E+02 -1.23933863E+03
 -5.00000000E+02 -1.23933863E+03
 -5.00000000E+02 -1.21156294E+03
 -5.00000000E+02 -1.19802716E+03
 -5.00000000E+02 -1.17025146E+03
 -5.00000000E+02 -1.15671568E+03
 -5.00000000E+02 -1.12893998E+03
 -5.00000000E+02 -1.11540421E+03
 -5.00000000E+02 -1.08762851E+03
 -5.00000000E+02 -1.07409273E+03
 -5.00000000E+02 -1.04631703E+03
 -5.00000000E+02 -1.03278126E+03
 -5.00000000E+02 -1.00500556E+03
 -5.00000000E+02 -9.91469780E+02
 -5.00000000E+02 -9.63694083E+02
 -5.00000000E+02 -9.50158305E+02
 -5.00000000E+02 -9.22382607E+02
 -5.00000000E+02 -9.08846829E+02
 -5.00000000E+02 -8.81071132E+02
 -5.00000000E+02 -8.67535354E+02
 -5.00000000E+02 -8.39759656E+02
 -5.00000000E+02 -8.26223879E+02
 -5.00000000E+02 -7.98448181E+02
 -5.00000000E+02 -7.84912403E+02
 -5.00000000E+02 -7.57136706E+02
 -5.00000000E+02 -7.43600928E+02
 -5.00000000E+02 -7.15825230E+02
 -5.00000000E+02 -7.02289452E+02
 -5.00000000E+02 -6.74513755E+02
 -5.00000000E+02 -6.60977977E+02
 -5.00000000E+02 -6.33202279E+02
 -5.00000000E+02 -6.19666502E+02
 -5.00000000E+02 -5.91890804E+02
 -5.00000000E+02 -5.78355026E+02
 -5.00000000E+02 -5.50579329E+02
 -5.00000000E+02 -5.37043551E+02
 -5.00000000E+02 -5.09267853E+02
 -5.00000000E+02 -4.95732075E+02
 -5.00000000E+02 -4.67956378E+02
 -5.00000000E+02 -4.54420600E+02
 -5.00000000E+02 -4.26644902E+02
 -5.00000000E+02 -4.13109124E+02
 -5.00000000E+02 -3.85333427E+02
 -5.00000000E+02 -3.71797649E+02
 -5.00000000E+02 -3.44021952E+02
 -5.00000000E+02 -3.30486174E+02
 -5.00000000E+02 -3.02710476E+02
 -5.00000000E+02 -2.89174698E+02
 -5.00000000E+02 -2.61399001E+02
 -5.00000000E+02 -2.47863223E+02
 -5.00000000E+02 -2.20087525E+02
 -5.00000000E+02 -2.06551747E+02
 -5.00000000E+02 -1.78776050E+02
 -5.00000000E+02 -1.65240272E+02
 -5.00000000E+02 -1.37464575E+02
 -5.00000000E+02 -1.23928797E+02
 -5.00000000E+02 -9.61530991E+01
 -5.00000000E+02 -8.26173212E+01
 -5.00000000E+02 -5.48416237E+01
 -5.00000000E+02 -4.13058458E+01
 -5.00000000E+02 -1.35301483E+01
 -5.00000000E+02  5.62962936E-03
 -5.00000000E+02  2.77813271E+01
 -5.00000000E+02  4.13171050E+01
 -5.00000000E+02  6.90928025E+01
 -5.00000000E+02  8.26285804E+01
 -5.00000000E+02  1.10404278E+02
 -5.00000000E+02  1.23940056E+02
 -5.00000000E+02  1.51715753E+02
 -5.00000000E+02  1.65251531E+02
 -5.00000000E+02  1.93027229E+02
 -5.00000000E+02  2.06563007E+02
 -5.00000000E+02  2.34338704E+02
 -5.00000000E+02  2.47874482E+02
 -5.00000000E+02  2.75650180E+02
 -5.00000000E+02  2.89185957E+02
 -5.00000000E+02  3.16961655E+02
 -5.00000000E+02  3.30497433E+02
 -5.00000000E+02  3.58273130E+02
 -5.00000000E+02  3.71808908E+02
 -5.00000000E+02  3.99584606E+02
 -5.00000000E+02  4.13120384E+02
 -5.00000000E+02  4.40896081E+02
 -5.00000000E+02  4.54431859E+02
 -5.00000000E+02  4.82207557E+02
 -5.00000000E+02  4.95743335E+02
 -5.00000000E+02  5.23519032E+02
 -5.00000000E+02  5.37054810E+02
 -5.00000000E+02  5.64830507E+02
 -5.00000000E+02  5.78366285E+02
 -5.00000000E+02  6.06141983E+02
 -5.00000000E+02  6.19677761E+02
 -5.00000000E+02  6.47453458E+02
 -5.00000000E+02  6.60989236E+02
 -5.00000000E+02  6.88764934E+02
 -5.00000000E+02  7.02300712E+02
 -5.00000000E+02  7.30076409E+02
 -5.00000000E+02  7.43612187E+02
 -5.00000000E+02  7.71387885E+02
 -5.00000000E+02  7.84923662E+02
 -5.00000000E+02  8.12699360E+02
 -5.00000000E+02  8.26235138E+02
 -5.00000000E+02  8.54010835E+02
 -5.00000000E+02  8.67546613E+02
 -5.00000000E+02  8.95322311E+02
 -5.00000000E+02  9.08858089E+02
 -5.00000000E+02  9.36633786E+02
 -5.00000000E+02  9.50169564E+02
 -5.00000000E+02  9.77945262E+02
 -5.00000000E+02  9.91481039E+02
 -5.00000000E+02  1.01925674E+03
 -5.00000000E+02  1.03279251E+03
 -5.00000000E+02  1.06056821E+03
 -5.00000000E+02  1.07410399E+03
 -5.00000000E+02  1.10187969E+03
 -5.00000000E+02  1.11541547E+03
 -5.00000000E+02  1.14319116E+03
 -5.00000000E+02  1.15672694E+03
 -5.00000000E+02  1.18450264E+03
 -5.00000000E+02  1.19803842E+03
 -5.00000000E+02  1.22581411E+03
 -5.00000000E+02  1.23934989E+03
 -5.27854427E+02  1.23934989E+03
 -5.69282998E+02  1.23934989E+03
 -6.10711570E+02  1.23934989E+03
 -6.52140141E+02  1.23934989E+03
 -6.93568713E+02  1.23934989E+03
 -7.34997284E+02  1.23934989E+03
 -7.76425855E+02  1.23934989E+03
 -8.17854427E+02  1.23934989E+03
 -8.44992216E+02  1.23934989E+03
 -8.59282998E+02  1.22948474E+03
 -8.77701331E+02  1.21640469E+03
 -9.00711570E+02  1.19946599E+03
 -9.01527965E+02  1.19885250E+03
 -9.02609524E+02  1.19803842E+03
 -9.42140141E+02  1.16720690E+03
 -9.47935091E+02  1.16250551E+03
 -9.54977897E+02  1.15672694E+03
 -9.83568713E+02  1.13251604E+03
 -9.92699848E+02  1.12452079E+03
 -1.00291991E+03  1.11541547E+03
 -1.02499728E+03  1.09516235E+03
 -1.03583826E+03  1.08491433E+03
 -1.04704375E+03  1.07410399E+03
 -1.06642586E+03  1.05486297E+03
 -1.07735873E+03  1.04369448E+03
 -1.08781415E+03  1.03279251E+03
 -1.10785443E+03  1.01126583E+03
 -1.11726220E+03  1.00086222E+03
 -1.12559555E+03  9.91481039E+02
 -1.14928300E+03  9.63923539E+02
 -1.15554222E+03  9.56411094E+02
 -1.16067989E+03  9.50169564E+02
 -1.19071157E+03  9.12253231E+02
 -1.19218477E+03  9.10327125E+02
 -1.19330506E+03  9.08858089E+02
 -1.20119550E+03  8.98403791E+02
 -1.22366780E+03  8.67546613E+02
 -1.23214014E+03  8.55471024E+02
 -1.24402812E+03  8.38089516E+02
 -1.25193270E+03  8.26235138E+02
 -1.27356871E+03  7.92478854E+02
 -1.27646251E+03  7.87809280E+02
 -1.27823896E+03  7.84923662E+02
 -1.28542266E+03  7.73103222E+02
 -1.30270523E+03  7.43612187E+02
 -1.31499728E+03  7.21652370E+02
 -1.32181093E+03  7.09095101E+02
 -1.32543340E+03  7.02300712E+02
 -1.33665134E+03  6.80707856E+02
 -1.34651150E+03  6.60989236E+02
 -1.35642586E+03  6.40397454E+02
 -1.36301580E+03  6.26249084E+02
 -1.36601591E+03  6.19677761E+02
 -1.37369959E+03  6.02452849E+02
 -1.38401316E+03  5.78366285E+02
 -1.39785443E+03  5.44061579E+02
 -1.39981148E+03  5.39006330E+02
 -1.40056136E+03  5.37054810E+02
 -1.40222465E+03  5.32696938E+02
 -1.41571132E+03  4.95743335E+02
 -1.42485338E+03  4.68820691E+02
 -1.42950750E+03  4.54431859E+02
 -1.43928300E+03  4.22450531E+02
 -1.43928300E+03  4.13120384E+02
 -1.43928300E+03  3.71808908E+02
 -1.43928300E+03  3.30497433E+02
 -1.43928300E+03  2.89185957E+02
 -1.43928300E+03  2.47874482E+02
 -1.43928300E+03  2.06563007E+02
 -1.43928300E+03  1.65251531E+02
 -1.43928300E+03  1.23940056E+02
 -1.43928300E+03  8.26285804E+01
 -1.43928300E+03  4.13171050E+01
 -1.43928300E+03  5.62962936E-03
 -1.43928300E+03 -4.13058458E+01
 -1.43928300E+03 -8.26173212E+01
 -1.43928300E+03 -1.23928797E+02
 -1.43928300E+03 -1.65240272E+02
 -1.43928300E+03 -2.06551747E+02
 -1.43928300E+03 -2.47863223E+02
 -1.43928300E+03 -2.89174698E+02
 -1.43928300E+03 -3.30486174E+02
 -1.43928300E+03 -3.71797649E+02
 -1.43928300E+03 -4.13109124E+02
 -1.42951108E+03 -4.54420600E+02
 -1.41571526E+03 -4.95732075E+02
 -1.40056568E+03 -5.37043551E+02
 -1.39785443E+03 -5.44061579E+02
 -1.38401787E+03 -5.78355026E+02
 -1.37578977E+03 -5.97664210E+02
 -1.36602102E+03 -6.19666502E+02
 -1.35642586E+03 -6.40397454E+02
 -1.34651703E+03 -6.60977977E+02
 -1.33602165E+03 -6.81942920E+02
 -1.32543937E+03 -7.02289452E+02
 -1.31499728E+03 -7.21652370E+02
 -1.30271166E+03 -7.43600928E+02
 -1.27824588E+03 -7.84912403E+02
 -1.27356871E+03 -7.92478854E+02
 -1.25194014E+03 -8.26223879E+02
 -1.24403266E+03 -8.38082781E+02
 -1.23214014E+03 -8.55471024E+02
 -1.22367578E+03 -8.67535354E+02
 -1.20989023E+03 -8.86659811E+02
 -1.19331364E+03 -9.08846829E+02
 -1.19071157E+03 -9.12253231E+02
 -1.16068910E+03 -9.50158305E+02
 -1.15554732E+03 -9.56404925E+02
 -1.14928300E+03 -9.63923539E+02
 -1.12560547E+03 -9.91469780E+02
 -1.11726752E+03 -1.00085627E+03
 -1.10785443E+03 -1.01126583E+03
 -1.08782484E+03 -1.03278126E+03
 -1.07736427E+03 -1.04368876E+03
 -1.06642586E+03 -1.05486297E+03
 -1.04705530E+03 -1.07409273E+03
 -1.03584403E+03 -1.08490882E+03
 -1.02499728E+03 -1.09516235E+03
 -1.00293243E+03 -1.11540421E+03
 -9.92705837E+02 -1.12451551E+03
 -9.83568713E+02 -1.13251604E+03
 -9.54991535E+02 -1.15671568E+03
 -9.47941302E+02 -1.16250045E+03
 -9.42140141E+02 -1.16720690E+03
 -9.02624468E+02 -1.19802716E+03
 -8.94955885E+02 -1.20376657E+03
 -8.59282998E+02 -1.22948474E+03
 -8.45008730E+02 -1.23933863E+03

hb:   line clip z  
frame:
 -1.3999973E+03 -1.1999945E+03
  8.0000267E+02 -1.1999945E+03
  8.0000267E+02  1.2000055E+03
 -1.3999973E+03  1.2000055E+03
clip:
 -4.86425855E+02 -1.23933863E+03
 -3.00000000E+02 -1.23933863E+03
 -3.00000000E+02 -1.21868560E+03
 -3.00000000E+02 -1.19802716E+03
 -3.00000000E+02 -1.17737413E+03
 -3.00000000E+02 -1.15671568E+03
 -3.00000000E+02 -1.13606265E+03
 -3.00000000E+02 -1.11540421E+03
 -3.00000000E+02 -1.09475118E+03
 -3.00000000E+02 -1.07409273E+03
 -3.00000000E+02 -1.05343970E+03
 -3.00000000E+02 -1.03278126E+03
 -3.00000000E+02 -1.01212823E+03
 -3.00000000E+02 -9.91469780E+02
 -3.00000000E+02 -9.70816751E+02
 -3.00000000E+02 -9.50158305E+02
 -3.00000000E+02 -9.29505275E+02
 -3.00000000E+02 -9.08846829E+02
 -3.00000000E+02 -8.88193800E+02
 -3.00000000E+02 -8.67535354E+02
 -3.00000000E+02 -8.46882325E+02
 -3.00000000E+02 -8.26223879E+02
 -3.00000000E+02 -8.05570849E+02
 -3.00000000E+02 -7.84912403E+02
 -3.00000000E+02 -7.64259374E+02
 -3.00000000E+02 -7.43600928E+02
 -3.00000000E+02 -7.22947898E+02
 -3.00000000E+02 -7.02289452E+02
 -3.00000000E+02 -6.81636423E+02
 -3.00000000E+02 -6.60977977E+02
 -3.00000000E+02 -6.40324948E+02
 -3.00000000E+02 -6.19666502E+02
 -3.00000000E+02 -5.99013472E+02
 -3.00000000E+02 -5.78355026E+02
 -3.00000000E+02 -5.57701997E+02
 -3.00000000E+02 -5.37043551E+02
 -3.00000000E+02 -5.16390521E+02
 -3.00000000E+02 -4.95732075E+02
 -3.00000000E+02 -4.75079046E+02
 -3.00000000E+02 -4.54420600E+02
 -3.00000000E+02 -4.33767571E+02
 -3.00000000E+02 -4.13109124E+02
 -3.00000000E+02 -3.92456095E+02
 -3.00000000E+02 -3.71797649E+02
 -3.00000000E+02 -3.51144620E+02
 -3.00000000E+02 -3.30486174E+02
 -3.00000000E+02 -3.09833144E+02
 -3.00000000E+02 -2.89174698E+02
 -3.00000000E+02 -2.68521669E+02
 -3.00000000E+02 -2.47863223E+02
 -3.00000000E+02 -2.27210193E+02
 -3.00000000E+02 -2.06551747E+02
 -3.00000000E+02 -1.85898718E+02
 -3.00000000E+02 -1.65240272E+02
 -3.00000000E+02 -1.44587243E+02
 -3.00000000E+02 -1.23928797E+02
 -3.00000000E+02 -1.03275767E+02
 -3.00000000E+02 -8.26173212E+01
 -3.00000000E+02 -6.19642919E+01
 -3.00000000E+02 -4.13058458E+01
 -3.00000000E+02 -2.06528164E+01
 -3.00000000E+02  5.62962936E-03
 -3.00000000E+02  2.06586590E+01
 -3.00000000E+02  4.13171050E+01
 -3.00000000E+02  6.19701344E+01
 -3.00000000E+02  8.26285804E+01
 -3.00000000E+02  1.03281610E+02
 -3.00000000E+02  1.23940056E+02
 -3.00000000E+02  1.44593085E+02
 -3.00000000E+02  1.65251531E+02
 -3.00000000E+02  1.85904561E+02
 -3.00000000E+02  2.06563007E+02
 -3.00000000E+02  2.27216036E+02
 -3.00000000E+02  2.47874482E+02
 -3.00000000E+02  2.68527511E+02
 -3.00000000E+02  2.89185957E+02
 -3.00000000E+02  3.09838987E+02
 -3.00000000E+02  3.30497433E+02
 -3.00000000E+02  3.51150462E+02
 -3.00000000E+02  3.71808908E+02
 -3.00000000E+02  3.92461938E+02
 -3.00000000E+02  4.13120384E+02
 -3.00000000E+02  4.33773413E+02
 -3.00000000E+02  4.54431859E+02
 -3.00000000E+02  4.75084888E+02
 -3.00000000E+02  4.95743335E+02
 -3.00000000E+02  5.16396364E+02
 -3.00000000E+02  5.37054810E+02
 -3.00000000E+02  5.57707839E+02
 -3.00000000E+02  5.78366285E+02
 -3.00000000E+02  5.99019315E+02
 -3.00000000E+02  6.19677761E+02
 -3.00000000E+02  6.40330790E+02
 -3.00000000E+02  6.60989236E+02
 -3.00000000E+02  6.81642266E+02
 -3.00000000E+02  7.02300712E+02
 -3.00000000E+02  7.22953741E+02
 -3.00000000E+02  7.43612187E+02
 -3.00000000E+02  7.64265216E+02
 -3.00000000E+02  7.84923662E+02
 -3.00000000E+02  8.05576692E+02
 -3.00000000E+02  8.26235138E+02
 -3.00000000E+02  8.46888167E+02
 -3.00000000E+02  8.67546613E+02
 -3.00000000E+02  8.88199643E+02
 -3.00000000E+02  9.08858089E+02
 -3.00000000E+02  9.29511118E+02
 -3.00000000E+02  9.50169564E+02
 -3.00000000E+02  9.70822593E+02
 -3.00000000E+02  9.91481039E+02
 -3.00000000E+02  1.01213407E+03
 -3.00000000E+02  1.03279251E+03
 -3.00000000E+02  1.05344554E+03
 -3.00000000E+02  1.07410399E+03
 -3.00000000E+02  1.09475702E+03
 -3.00000000E+02  1.11541547E+03
 -3.00000000E+02  1.13606850E+03
 -3.00000000E+02  1.15672694E+03
 -3.00000000E+02  1.17737997E+03
 -3.00000000E+02  1.19803842E+03
 -3.00000000E+02  1.21869145E+03
 -3.00000000E+02  1.23934989E+03
 -3.20711570E+02  1.23934989E+03
 -3.62140141E+02  1.23934989E+03
 -4.03568713E+02  1.23934989E+03
 -4.44997284E+02  1.23934989E+03
 -4.86425855E+02  1.23934989E+03
 -5.00000000E+02  1.23934989E+03
 -5.00000000E+02  1.22581411E+03
 -5.00000000E+02  1.19803842E+03
 -5.00000000E+02  1.18450264E+03
 -5.00000000E+02  1.15672694E+03
 -5.00000000E+02  1.14319116E+03
 -5.00000000E+02  1.11541547E+03
 -5.00000000E+02  1.10187969E+03
 -5.00000000E+02  1.07410399E+03
 -5.00000000E+02  1.06056821E+03
 -5.00000000E+02  1.03279251E+03
 -5.00000000E+02  1.01925674E+03
 -5.00000000E+02  9.91481039E+02
 -5.00000000E+02  9.77945262E+02
 -5.00000000E+02  9.50169564E+02
 -5.00000000E+02  9.36633786E+02
 -5.00000000E+02  9.08858089E+02
 -5.00000000E+02  8.95322311E+02
 -5.00000000E+02  8.67546613E+02
 -5.00000000E+02  8.54010835E+02
 -5.00000000E+02  8.26235138E+02
 -5.00000000E+02  8.12699360E+02
 -5.00000000E+02  7.84923662E+02
 -5.00000000E+02  7.71387885E+02
 -5.00000000E+02  7.43612187E+02
 -5.00000000E+02  7.30076409E+02
 -5.00000000E+02  7.02300712E+02
 -5.00000000E+02  6.88764934E+02
 -5.00000000E+02  6.60989236E+02
 -5.00000000E+02  6.47453458E+02
 -5.00000000E+02  6.19677761E+02
 -5.00000000E+02  6.06141983E+02
 -5.00000000E+02  5.78366285E+02
 -5.00000000E+02  5.64830507E+02
 -5.00000000E+02  5.37054810E+02
 -5.00000000E+02  5.23519032E+02
 -5.00000000E+02  4.95743335E+02
 -5.00000000E+02  4.82207557E+02
 -5.00000000E+02  4.54431859E+02
 -5.00000000E+02  4.40896081E+02
 -5.00000000E+02  4.13120384E+02
 -5.00000000E+02  3.99584606E+02
 -5.00000000E+02  3.71808908E+02
 -5.00000000E+02  3.58273130E+02
 -5.00000000E+02  3.30497433E+02
 -5.00000000E+02  3.16961655E+02
 -5.00000000E+02  2.89185957E+02
 -5.00000000E+02  2.75650180E+02
 -5.00000000E+02  2.47874482E+02
 -5.00000000E+02  2.34338704E+02
 -5.00000000E+02  2.06563007E+02
 -5.00000000E+02  1.93027229E+02
 -5.00000000E+02  1.65251531E+02
 -5.00000000E+02  1.51715753E+02
 -5.00000000E+02  1.23940056E+02
 -5.00000000E+02  1.10404278E+02
 -5.00000000E+02  8.26285804E+01
 -5.00000000E+02  6.90928025E+01
 -5.00000000E+02  4.13171050E+01
 -5.00000000E+02  2.77813271E+01
 -5.00000000E+02  5.62962936E-03
 -5.00000000E+02 -1.35301483E+01
 -5.00000000E+02 -4.13058458E+01
 -5.00000000E+02 -5.48416237E+01
 -5.00000000E+02 -8.26173212E+01
 -5.00000000E+02 -9.61530991E+01
 -5.00000000E+02 -1.23928797E+02
 -5.00000000E+02 -1.37464575E+02
 -5.00000000E+02 -1.65240272E+02
 -5.00000000E+02 -1.78776050E+02
 -5.00000000E+02 -2.06551747E+02
 -5.00000000E+02 -2.20087525E+02
 -5.00000000E+02 -2.47863223E+02
 -5.00000000E+02 -2.61399001E+02
 -5.00000000E+02 -2.89174698E+02
 -5.00000000E+02 -3.02710476E+02
 -5.00000000E+02 -3.30486174E+02
 -5.00000000E+02 -3.44021952E+02
 -5.00000000E+02 -3.71797649E+02
 -5.00000000E+02 -3.85333427E+02
 -5.00000000E+02 -4.13109124E+02
 -5.00000000E+02 -4.26644902E+02
 -5.00000000E+02 -4.54420600E+02
 -5.00000000E+02 -4.67956378E+02
 -5.00000000E+02 -4.95732075E+02
 -5.00000000E+02 -5.09267853E+02
 -5.00000000E+02 -5.37043551E+02
 -5.00000000E+02 -5.50579329E+02
 -5.00000000E+02 -5.78355026E+02
 -5.00000000E+02 -5.91890804E+02
 -5.00000000E+02 -6.19666502E+02
 -5.00000000E+02 -6.33202279E+02
 -5.00000000E+02 -6.60977977E+02
 -5.00000000E+02 -6.74513755E+02
 -5.00000000E+02 -7.02289452E+02
 -5.00000000E+02 -7.15825230E+02
 -5.00000000E+02 -7.43600928E+02
 -5.00000000E+02 -7.57136706E+02
 -5.00000000E+02 -7.84912403E+02
 -5.00000000E+02 -7.98448181E+02
 -5.00000000E+02 -8.26223879E+02
 -5.00000000E+02 -8.39759656E+02
 -5.00000000E+02 -8.67535354E+02
 -5.00000000E+02 -8.81071132E+02
 -5.00000000E+02 -9.08846829E+02
 -5.00000000E+02 -9.22382607E+02
 -5.00000000E+02 -9.50158305E+02
 -5.00000000E+02 -9.63694083E+02
 -5.00000000E+02 -9.91469780E+02
 -5.00000000E+02 -1.00500556E+03
 -5.00000000E+02 -1.03278126E+03
 -5.00000000E+02 -1.04631703E+03
 -5.00000000E+02 -1.07409273E+03
 -5.00000000E+02 -1.08762851E+03
 -5.00000000E+02 -1.11540421E+03
 -5.00000000E+02 -1.12893998E+03
 -5.00000000E+02 -1.15671568E+03
 -5.00000000E+02 -1.17025146E+03
 -5.00000000E+02 -1.19802716E+03
 -5.00000000E+02 -1.21156294E+03
 -5.00000000E+02 -1.23933863E+03

hb:   line clip z  
frame:
 -1.3999973E+03 -1.1999945E+03
  8.0000267E+02 -1.1999945E+03
  8.0000267E+02  1.2000055E+03
 -1.3999973E+03  1.2000055E+03
clip:
 -2.79282998E+02 -1.23933863E+03
  0.00000000E+00 -1.23933863E+03
  0.00000000E+00 -1.20871387E+03
  0.00000000E+00 -1.19802716E+03
  0.00000000E+00 -1.16740239E+03
  0.00000000E+00 -1.15671568E+03
  0.00000000E+00 -1.12609092E+03
  0.00000000E+00 -1.11540421E+03
  0.00000000E+00 -1.08477944E+03
  0.00000000E+00 -1.07409273E+03
  0.00000000E+00 -1.04346797E+03
  0.00000000E+00 -1.03278126E+03
  0.00000000E+00 -1.00215649E+03
  0.00000000E+00 -9.91469780E+02
  0.00000000E+00 -9.60845015E+02
  0.00000000E+00 -9.50158305E+02
  0.00000000E+00 -9.19533540E+02
  0.00000000E+00 -9.08846829E+02
  0.00000000E+00 -8.78222065E+02
  0.00000000E+00 -8.67535354E+02
  0.00000000E+00 -8.36910589E+02
  0.00000000E+00 -8.26223879E+02
  0.00000000E+00 -7.95599114E+02
  0.00000000E+00 -7.84912403E+02
  0.00000000E+00 -7.54287638E+02
  0.00000000E+00 -7.43600928E+02
  0.00000000E+00 -7.12976163E+02
  0.00000000E+00 -7.02289452E+02
  0.00000000E+00 -6.71664688E+02
  0.00000000E+00 -6.60977977E+02
  0.00000000E+00 -6.30353212E+02
  0.00000000E+00 -6.19666502E+02
  0.00000000E+00 -5.89041737E+02
  0.00000000E+00 -5.78355026E+02
  0.00000000E+00 -5.47730261E+02
  0.00000000E+00 -5.37043551E+02
  0.00000000E+00 -5.06418786E+02
  0.00000000E+00 -4.95732075E+02
  0.00000000E+00 -4.65107311E+02
  0.00000000E+00 -4.54420600E+02
  0.00000000E+00 -4.23795835E+02
  0.00000000E+00 -4.13109124E+02
  0.00000000E+00 -3.82484360E+02
  0.00000000E+00 -3.71797649E+02
  0.00000000E+00 -3.41172884E+02
  0.00000000E+00 -3.30486174E+02
  0.00000000E+00 -2.99861409E+02
  0.00000000E+00 -2.89174698E+02
  0.00000000E+00 -2.58549933E+02
  0.00000000E+00 -2.47863223E+02
  0.00000000E+00 -2.17238458E+02
  0.00000000E+00 -2.06551747E+02
  0.00000000E+00 -1.75926983E+02
  0.00000000E+00 -1.65240272E+02
  0.00000000E+00 -1.34615507E+02
  0.00000000E+00 -1.23928797E+02
  0.00000000E+00 -9.33040318E+01
  0.00000000E+00 -8.26173212E+01
  0.00000000E+00 -5.19925564E+01
  0.00000000E+00 -4.13058458E+01
  0.00000000E+00 -1.06810810E+01
  0.00000000E+00  5.62962936E-03
  0.00000000E+00  3.06303944E+01
  0.00000000E+00  4.13171050E+01
  0.00000000E+00  7.19418698E+01
  0.00000000E+00  8.26285804E+01
  0.00000000E+00  1.13253345E+02
  0.00000000E+00  1.23940056E+02
  0.00000000E+00  1.54564821E+02
  0.00000000E+00  1.65251531E+02
  0.00000000E+00  1.95876296E+02
  0.00000000E+00  2.06563007E+02
  0.00000000E+00  2.37187771E+02
  0.00000000E+00  2.47874482E+02
  0.00000000E+00  2.78499247E+02
  0.00000000E+00  2.89185957E+02
  0.00000000E+00  3.19810722E+02
  0.00000000E+00  3.30497433E+02
  0.00000000E+00  3.61122198E+02
  0.00000000E+00  3.71808908E+02
  0.00000000E+00  4.02433673E+02
  0.00000000E+00  4.13120384E+02
  0.00000000E+00  4.43745149E+02
  0.00000000E+00  4.54431859E+02
  0.00000000E+00  4.85056624E+02
  0.00000000E+00  4.95743335E+02
  0.00000000E+00  5.26368099E+02
  0.00000000E+00  5.37054810E+02
  0.00000000E+00  5.67679575E+02
  0.00000000E+00  5.78366285E+02
  0.00000000E+00  6.08991050E+02
  0.00000000E+00  6.19677761E+02
  0.00000000E+00  6.50302526E+02
  0.00000000E+00  6.60989236E+02
  0.00000000E+00  6.91614001E+02
  0.00000000E+00  7.02300712E+02
  0.00000000E+00  7.32925476E+02
  0.00000000E+00  7.43612187E+02
  0.00000000E+00  7.74236952E+02
  0.00000000E+00  7.84923662E+02
  0.00000000E+00  8.15548427E+02
  0.00000000E+00  8.26235138E+02
  0.00000000E+00  8.56859903E+02
  0.00000000E+00  8.67546613E+02
  0.00000000E+00  8.98171378E+02
  0.00000000E+00  9.08858089E+02
  0.00000000E+00  9.39482853E+02
  0.00000000E+00  9.50169564E+02
  0.00000000E+00  9.80794329E+02
  0.00000000E+00  9.91481039E+02
  0.00000000E+00  1.02210580E+03
  0.00000000E+00  1.03279251E+03
  0.00000000E+00  1.06341728E+03
  0.00000000E+00  1.07410399E+03
  0.00000000E+00  1.10472876E+03
  0.00000000E+00  1.11541547E+03
  0.00000000E+00  1.14604023E+03
  0.00000000E+00  1.15672694E+03
  0.00000000E+00  1.18735171E+03
  0.00000000E+00  1.19803842E+03
  0.00000000E+00  1.22866318E+03
  0.00000000E+00  1.23934989E+03
 -3.07115697E+01  1.23934989E+03
 -7.21401411E+01  1.23934989E+03
 -1.13568713E+02  1.23934989E+03
 -1.54997284E+02  1.23934989E+03
 -1.96425855E+02  1.23934989E+03
 -2.37854427E+02  1.23934989E+03
 -2.79282998E+02  1.23934989E+03
 -3.00000000E+02  1.23934989E+03
 -3.00000000E+02  1.21869145E+03
 -3.00000000E+02  1.19803842E+03
 -3.00000000E+02  1.17737997E+03
 -3.00000000E+02  1.15672694E+03
 -3.00000000E+02  1.13606850E+03
 -3.00000000E+02  1.11541547E+03
 -3.00000000E+02  1.09475702E+03
 -3.00000000E+02  1.07410399E+03
 -3.00000000E+02  1.05344554E+03
 -3.00000000E+02  1.03279251E+03
 -3.00000000E+02  1.01213407E+03
 -3.00000000E+02  9.91481039E+02
 -3.00000000E+02  9.70822593E+02
 -3.00000000E+02  9.50169564E+02
 -3.00000000E+02  9.29511118E+02
 -3.00000000E+02  9.08858089E+02
 -3.00000000E+02  8.88199643E+02
 -3.00000000E+02  8.67546613E+02
 -3.00000000E+02  8.46888167E+02
 -3.00000000E+02  8.26235138E+02
 -3.00000000E+02  8.05576692E+02
 -3.00000000E+02  7.84923662E+02
 -3.00000000E+02  7.64265216E+02
 -3.00000000E+02  7.43612187E+02
 -3.00000000E+02  7.22953741E+02
 -3.00000000E+02  7.02300712E+02
 -3.00000000E+02  6.81642266E+02
 -3.00000000E+02  6.60989236E+02
 -3.00000000E+02  6.40330790E+02
 -3.00000000E+02  6.19677761E+02
 -3.00000000E+02  5.99019315E+02
 -3.00000000E+02  5.78366285E+02
 -3.00000000E+02  5.57707839E+02
 -3.00000000E+02  5.37054810E+02
 -3.00000000E+02  5.16396364E+02
 -3.00000000E+02  4.95743335E+02
 -3.00000000E+02  4.75084888E+02
 -3.00000000E+02  4.54431859E+02
 -3.00000000E+02  4.33773413E+02
 -3.00000000E+02  4.13120384E+02
 -3.00000000E+02  3.92461938E+02
 -3.00000000E+02  3.71808908E+02
 -3.00000000E+02  3.51150462E+02
 -3.00000000E+02  3.30497433E+02
 -3.00000000E+02  3.09838987E+02
 -3.00000000E+02  2.89185957E+02
 -3.00000000E+02  2.68527511E+02
 -3.00000000E+02  2.47874482E+02
 -3.00000000E+02  2.27216036E+02
 -3.00000000E+02  2.06563007E+02
 -3.00000000E+02  1.85904561E+02
 -3.00000000E+02  1.65251531E+02
 -3.00000000E+02  1.44593085E+02
 -3.00000000E+02  1.23940056E+02
 -3.00000000E+02  1.03281610E+02
 -3.00000000E+02  8.26285804E+01
 -3.00000000E+02  6.19701344E+01
 -3.00000000E+02  4.13171050E+01
 -3.00000000E+02  2.06586590E+01
 -3.00000000E+02  5.62962936E-03
 -3.00000000E+02 -2.06528164E+01
 -3.00000000E+02 -4.13058458E+01
 -3.00000000E+02 -6.19642919E+01
 -3.00000000E+02 -8.26173212E+01
 -3.00000000E+02 -1.03275767E+02
 -3.00000000E+02 -1.23928797E+02
 -3.00000000E+02 -1.44587243E+02
 -3.00000000E+02 -1.65240272E+02
 -3.00000000E+02 -1.85898718E+02
 -3.00000000E+02 -2.06551747E+02
 -3.00000000E+02 -2.27210193E+02
 -3.00000000E+02 -2.47863223E+02
 -3.00000000E+02 -2.68521669E+02
 -3.00000000E+02 -2.89174698E+02
 -3.00000000E+02 -3.09833144E+02
 -3.00000000E+02 -3.30486174E+02
 -3.00000000E+02 -3.51144620E+02
 -3.00000000E+02 -3.71797649E+02
 -3.00000000E+02 -3.92456095E+02
 -3.00000000E+02 -4.13109124E+02
 -3.00000000E+02 -4.33767571E+02
 -3.00000000E+02 -4.54420600E+02
 -3.00000000E+02 -4.75079046E+02
 -3.00000000E+02 -4.95732075E+02
 -3.00000000E+02 -5.16390521E+02
 -3.00000000E+02 -5.37043551E+02
 -3.00000000E+02 -5.57701997E+02
 -3.00000000E+02 -5.78355026E+02
 -3.00000000E+02 -5.99013472E+02
 -3.00000000E+02 -6.19666502E+02
 -3.00000000E+02 -6.40324948E+02
 -3.00000000E+02 -6.60977977E+02
 -3.00000000E+02 -6.81636423E+02
 -3.00000000E+02 -7.02289452E+02
 -3.00000000E+02 -7.22947898E+02
 -3.00000000E+02 -7.43600928E+02
 -3.00000000E+02 -7.64259374E+02
 -3.00000000E+02 -7.84912403E+02
 -3.00000000E+02 -8.05570849E+02
 -3.00000000E+02 -8.26223879E+02
 -3.00000000E+02 -8.46882325E+02
 -3.00000000E+02 -8.67535354E+02
 -3.00000000E+02 -8.88193800E+02
 -3.00000000E+02 -9.08846829E+02
 -3.00000000E+02 -9.29505275E+02
 -3.00000000E+02 -9.50158305E+02
 -3.00000000E+02 -9.70816751E+02
 -3.00000000E+02 -9.91469780E+02
 -3.00000000E+02 -1.01212823E+03
 -3.00000000E+02 -1.03278126E+03
 -3.00000000E+02 -1.05343970E+03
 -3.00000000E+02 -1.07409273E+03
 -3.00000000E+02 -1.09475118E+03
 -3.00000000E+02 -1.11540421E+03
 -3.00000000E+02 -1.13606265E+03
 -3.00000000E+02 -1.15671568E+03
 -3.00000000E+02 -1.17737413E+03
 -3.00000000E+02 -1.19802716E+03
 -3.00000000E+02 -1.21868560E+03
 -3.00000000E+02 -1.23933863E+03

hb:   line clip z  
frame:
 -1.3999973E+03 -1.1999945E+03
  8.0000267E+02 -1.1999945E+03
  8.0000267E+02  1.2000055E+03
 -1.3999973E+03  1.2000055E+03
clip:
  1.07170018E+01 -1.23933863E+03
  8.39288430E+02 -1.23933863E+03
  8.39288430E+02 -1.19802716E+03
  8.39288430E+02 -1.15671568E+03
  8.39288430E+02 -1.11540421E+03
  8.39288430E+02 -1.07409273E+03
  8.39288430E+02 -1.03278126E+03
  8.39288430E+02 -9.91469780E+02
  8.39288430E+02 -9.50158305E+02
  8.39288430E+02 -9.08846829E+02
  8.39288430E+02 -8.67535354E+02
  8.39288430E+02 -8.26223879E+02
  8.39288430E+02 -7.84912403E+02
  8.39288430E+02 -7.43600928E+02
  8.39288430E+02 -7.02289452E+02
  8.39288430E+02 -6.60977977E+02
  8.39288430E+02 -6.19666502E+02
  8.39288430E+02 -5.78355026E+02
  8.39288430E+02 -5.37043551E+02
  8.39288430E+02 -4.95732075E+02
  8.39288430E+02 -4.54420600E+02
  8.39288430E+02 -4.13109124E+02
  8.39288430E+02 -3.71797649E+02
  8.39288430E+02 -3.30486174E+02
  8.39288430E+02 -2.89174698E+02
  8.39288430E+02 -2.47863223E+02
  8.39288430E+02 -2.06551747E+02
  8.39288430E+02 -1.65240272E+02
  8.39288430E+02 -1.23928797E+02
  8.39288430E+02 -8.26173212E+01
  8.39288430E+02 -4.13058458E+01
  8.39288430E+02  5.62962936E-03
  8.39288430E+02  4.13171050E+01
  8.39288430E+02  8.26285804E+01
  8.39288430E+02  1.23940056E+02
  8.39288430E+02  1.65251531E+02
  8.39288430E+02  2.06563007E+02
  8.39288430E+02  2.47874482E+02
  8.39288430E+02  2.89185957E+02
  8.39288430E+02  3.30497433E+02
  8.39288430E+02  3.71808908E+02
  8.39288430E+02  4.13120384E+02
  8.39288430E+02  4.54431859E+02
  8.39288430E+02  4.95743335E+02
  8.39288430E+02  5.37054810E+02
  8.39288430E+02  5.78366285E+02
  8.39288430E+02  6.19677761E+02
  8.39288430E+02  6.60989236E+02
  8.39288430E+02  7.02300712E+02
  8.39288430E+02  7.43612187E+02
  8.39288430E+02  7.84923662E+02
  8.39288430E+02  8.26235138E+02
  8.39288430E+02  8.67546613E+02
  8.39288430E+02  9.08858089E+02
  8.39288430E+02  9.50169564E+02
  8.39288430E+02  9.91481039E+02
  8.39288430E+02  1.03279251E+03
  8.39288430E+02  1.07410399E+03
  8.39288430E+02  1.11541547E+03
  8.39288430E+02  1.15672694E+03
  8.39288430E+02  1.19803842E+03
  8.39288430E+02  1.23934989E+03
  7.97859859E+02  1.23934989E+03
  7.56431287E+02  1.23934989E+03
  7.15002716E+02  1.23934989E+03
  6.73574145E+02  1.23934989E+03
  6.32145573E+02  1.23934989E+03
  5.90717002E+02  1.23934989E+03
  5.49288430E+02  1.23934989E+03
  5.07859859E+02  1.23934989E+03
  4.66431287E+02  1.23934989E+03
  4.25002716E+02  1.23934989E+03
  3.83574145E+02  1.23934989E+03
  3.42145573E+02  1.23934989E+03
  3.00717002E+02  1.23934989E+03
  2.59288430E+02  1.23934989E+03
  2.17859859E+02  1.23934989E+03
  1.76431287E+02  1.23934989E+03
  1.35002716E+02  1.23934989E+03
  9.35741446E+01  1.23934989E+03
  5.21455732E+01  1.23934989E+03
  1.07170018E+01  1.23934989E+03
  0.00000000E+00  1.23934989E+03
  0.00000000E+00  1.22866318E+03
  0.00000000E+00  1.19803842E+03
  0.00000000E+00  1.18735171E+03
  0.00000000E+00  1.15672694E+03
  0.00000000E+00  1.14604023E+03
  0.00000000E+00  1.11541547E+03
  0.00000000E+00  1.10472876E+03
  0.00000000E+00  1.07410399E+03
  0.00000000E+00  1.06341728E+03
  0.00000000E+00  1.03279251E+03
  0.00000000E+00  1.02210580E+03
  0.00000000E+00  9.91481039E+02
  0.00000000E+00  9.80794329E+02
  0.00000000E+00  9.50169564E+02
  0.00000000E+00  9.39482853E+02
  0.00000000E+00  9.08858089E+02
  0.00000000E+00  8.98171378E+02
  0.00000000E+00  8.67546613E+02
  0.00000000E+00  8.56859903E+02
  0.00000000E+00  8.26235138E+02
  0.00000000E+00  8.15548427E+02
  0.00000000E+00  7.84923662E+02
  0.00000000E+00  7.74236952E+02
  0.00000000E+00  7.43612187E+02
  0.00000000E+00  7.32925476E+02
  0.00000000E+00  7.02300712E+02
  0.00000000E+00  6.91614001E+02
  0.00000000E+00  6.60989236E+02
  0.00000000E+00  6.50302526E+02
  0.00000000E+00  6.19677761E+02
  0.00000000E+00  6.08991050E+02
  0.00000000E+00  5.78366285E+02
  0.00000000E+00  5.67679575E+02
  0.00000000E+00  5.37054810E+02
  0.00000000E+00  5.26368099E+02
  0.00000000E+00  4.95743335E+02
  0.00000000E+00  4.85056624E+02
  0.00000000E+00  4.54431859E+02
  0.00000000E+00  4.43745149E+02
  0.00000000E+00  4.13120384E+02
  0.00000000E+00  4.02433673E+02
  0.00000000E+00  3.71808908E+02
  0.00000000E+00  3.61122198E+02
  0.00000000E+00  3.30497433E+02
  0.00000000E+00  3.19810722E+02
  0.00000000E+00  2.89185957E+02
  0.00000000E+00  2.78499247E+02
  0.00000000E+00  2.47874482E+02
  0.00000000E+00  2.37187771E+02
  0.00000000E+00  2.06563007E+02
  0.00000000E+00  1.95876296E+02
  0.00000000E+00  1.65251531E+02
  0.00000000E+00  1.54564821E+02
  0.00000000E+00  1.23940056E+02
  0.00000000E+00  1.13253345E+02
  0.00000000E+00  8.26285804E+01
  0.00000000E+00  7.19418698E+01
  0.00000000E+00  4.13171050E+01
  0.00000000E+00  3.06303944E+01
  0.00000000E+00  5.62962936E-03
  0.00000000E+00 -1.06810810E+01
  0.00000000E+00 -4.13058458E+01
  0.00000000E+00 -5.19925564E+01
  0.00000000E+00 -8.26173212E+01
  0.00000000E+00 -9.33040318E+01
  0.00000000E+00 -1.23928797E+02
  0.00000000E+00 -1.34615507E+02
  0.00000000E+00 -1.65240272E+02
  0.00000000E+00 -1.75926983E+02
  0.00000000E+00 -2.06551747E+02
  0.00000000E+00 -2.17238458E+02
  0.00000000E+00 -2.47863223E+02
  0.00000000E+00 -2.58549933E+02
  0.00000000E+00 -2.89174698E+02
  0.00000000E+00 -2.99861409E+02
  0.00000000E+00 -3.30486174E+02
  0.00000000E+00 -3.41172884E+02
  0.00000000E+00 -3.71797649E+02
  0.00000000E+00 -3.82484360E+02
  0.00000000E+00 -4.13109124E+02
  0.00000000E+00 -4.23795835E+02
  0.00000000E+00 -4.54420600E+02
  0.00000000E+00 -4.65107311E+02
  0.00000000E+00 -4.95732075E+02
  0.00000000E+00 -5.06418786E+02
  0.00000000E+00 -5.37043551E+02
  0.00000000E+00 -5.47730261E+02
  0.00000000E+00 -5.78355026E+02
  0.00000000E+00 -5.89041737E+02
  0.00000000E+00 -6.19666502E+02
  0.00000000E+00 -6.30353212E+02
  0.00000000E+00 -6.60977977E+02
  0.00000000E+00 -6.71664688E+02
  0.00000000E+00 -7.02289452E+02
  0.00000000E+00 -7.12976163E+02
  0.00000000E+00 -7.43600928E+02
  0.00000000E+00 -7.54287638E+02
  0.00000000E+00 -7.84912403E+02
  0.00000000E+00 -7.95599114E+02
  0.00000000E+00 -8.26223879E+02
  0.00000000E+00 -8.36910589E+02
  0.00000000E+00 -8.67535354E+02
  0.00000000E+00 -8.78222065E+02
  0.00000000E+00 -9.08846829E+02
  0.00000000E+00 -9.19533540E+02
  0.00000000E+00 -9.50158305E+02
  0.00000000E+00 -9.60845015E+02
  0.00000000E+00 -9.91469780E+02
  0.00000000E+00 -1.00215649E+03
  0.00000000E+00 -1.03278126E+03
  0.00000000E+00 -1.04346797E+03
  0.00000000E+00 -1.07409273E+03
  0.00000000E+00 -1.08477944E+03
  0.00000000E+00 -1.11540421E+03
  0.00000000E+00 -1.12609092E+03
  0.00000000E+00 -1.15671568E+03
  0.00000000E+00 -1.16740239E+03
  0.00000000E+00 -1.19802716E+03
  0.00000000E+00 -1.20871387E+03
  0.00000000E+00 -1.23933863E+03

hb:   line clip z  
clip:
  5.00000000E+01 -1.67379781E+02
  5.21455732E+01 -2.00000000E+02
  8.70038265E+01 -2.00000000E+02
  9.35741446E+01 -2.00000000E+02
  1.28432398E+02 -2.00000000E+02
  1.35002716E+02 -2.00000000E+02
  1.69860969E+02 -2.00000000E+02
  1.76431287E+02 -2.00000000E+02
  2.11289541E+02 -2.00000000E+02
  2.17859859E+02 -2.00000000E+02
  2.50000000E+02 -1.97289570E+02
  2.50000000E+02 -1.65240272E+02
  2.50000000E+02 -1.33190974E+02
  2.50000000E+02 -1.23928797E+02
  2.50000000E+02 -9.18794982E+01
  2.50000000E+02 -8.26173212E+01
  2.50000000E+02 -5.05680228E+01
  2.50000000E+02 -4.13058458E+01
  2.50000000E+02 -9.25654737E+00
  2.50000000E+02  5.62962936E-03
  2.50000000E+02  3.20549280E+01
  2.50000000E+02  4.13171050E+01
  2.50000000E+02  7.33664035E+01
  2.50000000E+02  8.26285804E+01
  2.50000000E+02  1.14677879E+02
  2.50000000E+02  1.23940056E+02
  2.50000000E+02  1.55989354E+02
  2.50000000E+02  1.65251531E+02
  2.50000000E+02  1.97300830E+02
  2.17859859E+02  2.00000000E+02
  1.83012897E+02  2.00000000E+02
  1.76431287E+02  2.00000000E+02
  1.41584325E+02  2.00000000E+02
  1.35002716E+02  2.00000000E+02
  1.00155754E+02  2.00000000E+02
  9.35741446E+01  2.00000000E+02
  5.87271825E+01  2.00000000E+02
  5.00000000E+01  1.67391040E+02
  5.00000000E+01 -1.65240272E+02

hb:   line clip z  
clip:
 -1.05000000E+03  3.05565386E+02
 -1.02499728E+03  3.00000000E+02
 -9.94413407E+02  3.00000000E+02
 -7.76425855E+02  3.00000000E+02
 -7.50000000E+02  3.04146269E+02
 -7.50000000E+02  3.30497433E+02
 -7.50000000E+02  3.56848597E+02
 -7.50000000E+02  3.71808908E+02
 -7.50000000E+02  3.98160072E+02
 -7.50000000E+02  4.13120384E+02
 -7.50000000E+02  4.39471548E+02
 -7.50000000E+02  4.54431859E+02
 -7.50000000E+02  4.80783023E+02
 -7.50000000E+02  4.95743335E+02
 -7.50000000E+02  5.22094498E+02
 -7.50000000E+02  5.37054810E+02
 -7.50000000E+02  5.63405974E+02
 -7.50000000E+02  5.78366285E+02
 -7.50000000E+02  6.04717449E+02
 -7.50000000E+02  6.19677761E+02
 -7.50000000E+02  6.46028925E+02
 -7.50000000E+02  6.60989236E+02
 -7.50000000E+02  6.87340400E+02
 -7.50000000E+02  7.02300712E+02
 -7.50000000E+02  7.28651875E+02
 -7.50000000E+02  7.43612187E+02
 -7.50000000E+02  7.69963351E+02
 -7.50000000E+02  7.84923662E+02
 -7.61306784E+02  8.00000000E+02
 -7.76425855E+02  8.00000000E+02
 -7.91544926E+02  8.00000000E+02
 -8.17854427E+02  8.00000000E+02
 -8.32973498E+02  8.00000000E+02
 -8.59282998E+02  8.00000000E+02
 -8.74402069E+02  8.00000000E+02
 -9.00711570E+02  8.00000000E+02
 -9.15830641E+02  8.00000000E+02
 -9.42140141E+02  8.00000000E+02
 -9.57259212E+02  8.00000000E+02
 -9.83568713E+02  8.00000000E+02
 -9.98687783E+02  8.00000000E+02
 -1.02499728E+03  8.00000000E+02
 -1.04011635E+03  8.00000000E+02
 -1.05000000E+03  7.84923662E+02
 -1.05000000E+03  7.59991615E+02
 -1.05000000E+03  7.43612187E+02
 -1.05000000E+03  7.18680140E+02
 -1.05000000E+03  7.02300712E+02
 -1.05000000E+03  6.77368665E+02
 -1.05000000E+03  6.60989236E+02
 -1.05000000E+03  6.36057189E+02
 -1.05000000E+03  6.19677761E+02
 -1.05000000E+03  5.94745714E+02
 -1.05000000E+03  5.78366285E+02
 -1.05000000E+03  5.53434238E+02
 -1.05000000E+03  5.37054810E+02
 -1.05000000E+03  5.12122763E+02
 -1.05000000E+03  4.95743335E+02
 -1.05000000E+03  4.70811288E+02
 -1.05000000E+03  4.54431859E+02
 -1.05000000E+03  4.29499812E+02
 -1.05000000E+03  4.13120384E+02
 -1.05000000E+03  3.88188337E+02
 -1.05000000E+03  3.71808908E+02
 -1.05000000E+03  3.46876861E+02
 -1.05000000E+03  3.30497433E+02

hb:   line clip z  
clip:
 -1.00000000E+03  3.55424063E+02
 -9.83568713E+02  3.50000000E+02
 -9.61697988E+02  3.50000000E+02
 -9.42140141E+02  3.50000000E+02
 -9.20269416E+02  3.50000000E+02
 -9.00711570E+02  3.50000000E+02
 -8.78840845E+02  3.50000000E+02
 -8.59282998E+02  3.50000000E+02
 -8.37412273E+02  3.50000000E+02
 -8.17854427E+02  3.50000000E+02
 -8.00000000E+02  3.54004946E+02
 -8.00000000E+02  3.71808908E+02
 -8.00000000E+02  3.89612870E+02
 -8.00000000E+02  4.13120384E+02
 -8.00000000E+02  4.30924346E+02
 -8.00000000E+02  4.54431859E+02
 -8.00000000E+02  4.72235821E+02
 -8.00000000E+02  4.95743335E+02
 -8.00000000E+02  5.13547297E+02
 -8.00000000E+02  5.37054810E+02
 -8.00000000E+02  5.54858772E+02
 -8.00000000E+02  5.78366285E+02
 -8.00000000E+02  5.96170247E+02
 -8.00000000E+02  6.19677761E+02
 -8.00000000E+02  6.37481723E+02
 -8.00000000E+02  6.60989236E+02
 -8.00000000E+02  6.78793198E+02
 -8.00000000E+02  7.02300712E+02
 -8.00000000E+02  7.20104674E+02
 -8.00000000E+02  7.43612187E+02
 -8.11448508E+02  7.50000000E+02
 -8.17854427E+02  7.50000000E+02
 -8.24260346E+02  7.50000000E+02
 -8.59282998E+02  7.50000000E+02
 -8.65688917E+02  7.50000000E+02
 -9.00711570E+02  7.50000000E+02
 -9.07117489E+02  7.50000000E+02
 -9.42140141E+02  7.50000000E+02
 -9.48546060E+02  7.50000000E+02
 -9.83568713E+02  7.50000000E+02
 -9.89974632E+02  7.50000000E+02
 -1.00000000E+03  7.43612187E+02
 -1.00000000E+03  7.27227342E+02
 -1.00000000E+03  7.02300712E+02
 -1.00000000E+03  6.85915866E+02
 -1.00000000E+03  6.60989236E+02
 -1.00000000E+03  6.44604391E+02
 -1.00000000E+03  6.19677761E+02
 -1.00000000E+03  6.03292916E+02
 -1.00000000E+03  5.78366285E+02
 -1.00000000E+03  5.61981440E+02
 -1.00000000E+03  5.37054810E+02
 -1.00000000E+03  5.20669965E+02
 -1.00000000E+03  4.95743335E+02
 -1.00000000E+03  4.79358489E+02
 -1.00000000E+03  4.54431859E+02
 -1.00000000E+03  4.38047014E+02
 -1.00000000E+03  4.13120384E+02
 -1.00000000E+03  3.96735539E+02
 -1.00000000E+03  3.71808908E+02

hb:   line clip z  
frame:
 -1.3999973E+03 -1.1999945E+03
  8.0000267E+02 -1.1999945E+03
  8.0000267E+02  1.2000055E+03
 -1.3999973E+03  1.2000055E+03
clip:
 -1.43928300E+03  4.22450531E+02
 -1.42950750E+03  4.54431859E+02
 -1.41571132E+03  4.95743335E+02
 -1.40056136E+03  5.37054810E+02
 -1.38805591E+03  5.68595461E+02
 -1.37369959E+03  6.02452849E+02
 -1.35642586E+03  6.40397454E+02
 -1.34651150E+03  6.60989236E+02
 -1.32543340E+03  7.02300712E+02
 -1.30714418E+03  7.35781280E+02
 -1.28542266E+03  7.73103222E+02
 -1.27356871E+03  7.92478854E+02
 -1.26046139E+03  8.13164860E+02
 -1.23214014E+03  8.55471024E+02
 -1.22366780E+03  8.67546613E+02
 -1.20119550E+03  8.98403791E+02
 -1.19071157E+03  9.12253231E+02
 -1.17406936E+03  9.33574391E+02
 -1.16067989E+03  9.50169564E+02
 -1.14928300E+03  9.63923539E+02
 -1.13660584E+03  9.78839708E+02
 -1.10785443E+03  1.01126583E+03
 -1.08781415E+03  1.03279251E+03
 -1.06642586E+03  1.05486297E+03
 -1.04704375E+03  1.07410399E+03
 -1.02499728E+03  1.09516235E+03
 -1.00291991E+03  1.11541547E+03
 -9.70521581E+02  1.14371669E+03
 -9.42140141E+02  1.16720690E+03
 -9.02609524E+02  1.19803842E+03
 -8.77701331E+02  1.21640469E+03
 -8.44992216E+02  1.23934989E+03
 -8.59282998E+02  1.23934989E+03
 -9.00711570E+02  1.23934989E+03
 -9.42140141E+02  1.23934989E+03
 -9.83568713E+02  1.23934989E+03
 -1.02499728E+03  1.23934989E+03
 -1.06642586E+03  1.23934989E+03
 -1.10785443E+03  1.23934989E+03
 -1.14928300E+03  1.23934989E+03
 -1.19071157E+03  1.23934989E+03
 -1.23214014E+03  1.23934989E+03
 -1.27356871E+03  1.23934989E+03
 -1.31499728E+03  1.23934989E+03
 -1.35642586E+03  1.23934989E+03
 -1.39785443E+03  1.23934989E+03
 -1.43928300E+03  1.23934989E+03
 -1.43928300E+03  1.19803842E+03
 -1.43928300E+03  1.15672694E+03
 -1.43928300E+03  1.11541547E+03
 -1.43928300E+03  1.07410399E+03
 -1.43928300E+03  1.03279251E+03
 -1.43928300E+03  9.91481039E+02
 -1.43928300E+03  9.50169564E+02
 -1.43928300E+03  9.08858089E+02
 -1.43928300E+03  8.67546613E+02
 -1.43928300E+03  8.26235138E+02
 -1.43928300E+03  7.84923662E+02
 -1.43928300E+03  7.43612187E+02
 -1.43928300E+03  7.02300712E+02
 -1.43928300E+03  6.60989236E+02
 -1.43928300E+03  6.19677761E+02
 -1.43928300E+03  5.78366285E+02
 -1.43928300E+03  5.37054810E+02
 -1.43928300E+03  4.95743335E+02
 -1.43928300E+03  4.54431859E+02

#------------------------------------------------------------------------------
z: xorg(1.03)
p: xfac[c2*0.05] form[c1/0.05] notc noxt noyt dmin(1)
p: ymin(0) ymax(1) xmin(0) xmax(1) cmin(1) cmax(100) nosp
hc: y= 0.005 to 0.995 by 0.01 ; x= 0.5 to 0.5 by 1 ;
 1  2  3  4  5  6  7  8  9 10 11 12 13 14 15 16 17 18 19 20
21 22 23 24 25 26 27 28 29 30 31 32 33 34 35 36 37 38 39 40
41 42 43 44 45 46 47 48 49 50 51 52 53 54 55 56 57 58 59 60
61 62 63 64 65 66 67 68 69 70 71 72 73 74 75 76 77 78 79 80
81 82 83 84 85 86 87 88 89 90 91 92 93 94 95 96 97 98 99 100
z: xorg(0.0)
p: xfac[c2*0.05] form[c1/0.05] nosp afac[c5*0.625] ymin[c3] ymax[c4]
p: noxt noxn ytxt(-1) ynum(-1) xltd(-1) xstd(-1) itic(1) ylog
y: Relative Error
#------------------------------------------------------------------------------

wt: s[c5]
\vspace{-3}
  emin  &=&   1.0000E-09 [MeV/n]
  emax  &=&   1.0000E+06 [MeV/n]
  ymin  &=&  -3.0000E+02 [cm]
  ymax  &=&   3.0000E+02 [cm]
  part. &=& neutron 
e:

#------------------------------------------------------------------------------
z: xorg[-1.03/0.05]
p: form[c1] xfac[c2] afac[c5] nosp notf
p: xmin( -1400.000    ) xmax(  800.0000    )
p: ymin( -1200.000    ) ymax(  1200.000    )
 
# Information for Restart Calculation
# This calculation was newly started
# istdev =  2 # 1:Batch variance, 2:History variance
# resc2  = 4.91896166728404520E-03 # Total source weight or Total source weight / maxcas
# resc3  = 5.00000000000000000E+03 # Total history number or Total batch number
# maxcas =         500 # History / Batch, only used for istdev=1
# bitrseed = 1101111111001101100001000101010101010011110110101000101010011110 # bit data of rseed
