[phits-web] uploaded 1 auxiliary file(s)
[phits-web] running deep_pnint.inp on https://phits.kek.jp (session cli_1787498663_efbgawsz) ...
Executing with standard PHITS installation
Command: $PHITSPATH/bin/phits.sh 'deep_pnint.inp'
bash: /root/.bashrc: Permission denied
Mon Aug 24 00:24:28 JST 2026
Program is started                on 2026/08/24 at 00h 24m 28s
Initialization is completed          on 2026/08/24 at 00h 24m 31s
bat[       1] ncas =            500. on 2026/08/24 at 00h 25m 10s
bat[       2] ncas =           1000. on 2026/08/24 at 00h 25m 21s
bat[       3] ncas =           1500. on 2026/08/24 at 00h 25m 33s
bat[       4] ncas =           2000. on 2026/08/24 at 00h 25m 45s
bat[       5] ncas =           2500. on 2026/08/24 at 00h 25m 57s
bat[       6] ncas =           3000. on 2026/08/24 at 00h 26m 08s
bat[       7] ncas =           3500. on 2026/08/24 at 00h 26m 19s
bat[       8] ncas =           4000. on 2026/08/24 at 00h 26m 30s
bat[       9] ncas =           4500. on 2026/08/24 at 00h 26m 41s
bat[      10] ncas =           5000. on 2026/08/24 at 00h 26m 52s
Program is finished               on 2026/08/24 at 00h 26m 52s
[phits-web] PHITS finished normally in 148 s — 11 output file(s) on the server
[phits-web] downloaded 10 result file(s) into /Users/yuto/KEK_summer/04_PHITS_sim/theory_research_runs/12_deep_pnint
exit=0
