[ T-Track ]
    title = Neutron track length in active He-3 gas
     mesh =  reg            # mesh type is region-wise
      reg = 101 201 301 401
   e-type =    3            # e-mesh is log given by emin, emax and ne
     emin =  1.0000000E-10  # minimum value of e-mesh points
     emax =   1000.000      # maximum value of e-mesh points
#    edel =  0.2302585      # mesh width of e-mesh points
       ne =    130          # number of e-mesh points
#    data = ( e(i), i = 1, ne + 1 )
#           1.00000E-10  1.25893E-10  1.58489E-10  1.99526E-10  2.51189E-10
#           3.16228E-10  3.98107E-10  5.01187E-10  6.30957E-10  7.94328E-10
#           1.00000E-09  1.25893E-09  1.58489E-09  1.99526E-09  2.51189E-09
#           3.16228E-09  3.98107E-09  5.01187E-09  6.30957E-09  7.94328E-09
#           1.00000E-08  1.25893E-08  1.58489E-08  1.99526E-08  2.51189E-08
#           3.16228E-08  3.98107E-08  5.01187E-08  6.30957E-08  7.94328E-08
#           1.00000E-07  1.25893E-07  1.58489E-07  1.99526E-07  2.51189E-07
#           3.16228E-07  3.98107E-07  5.01187E-07  6.30957E-07  7.94328E-07
#           1.00000E-06  1.25893E-06  1.58489E-06  1.99526E-06  2.51189E-06
#           3.16228E-06  3.98107E-06  5.01187E-06  6.30957E-06  7.94328E-06
#           1.00000E-05  1.25893E-05  1.58489E-05  1.99526E-05  2.51189E-05
#           3.16228E-05  3.98107E-05  5.01187E-05  6.30957E-05  7.94328E-05
#           1.00000E-04  1.25893E-04  1.58489E-04  1.99526E-04  2.51189E-04
#           3.16228E-04  3.98107E-04  5.01187E-04  6.30957E-04  7.94328E-04
#           1.00000E-03  1.25893E-03  1.58489E-03  1.99526E-03  2.51189E-03
#           3.16228E-03  3.98107E-03  5.01187E-03  6.30957E-03  7.94328E-03
#           1.00000E-02  1.25893E-02  1.58489E-02  1.99526E-02  2.51189E-02
#           3.16228E-02  3.98107E-02  5.01187E-02  6.30957E-02  7.94328E-02
#           1.00000E-01  1.25893E-01  1.58489E-01  1.99526E-01  2.51189E-01
#           3.16228E-01  3.98107E-01  5.01187E-01  6.30957E-01  7.94328E-01
#           1.00000E+00  1.25893E+00  1.58489E+00  1.99526E+00  2.51189E+00
#           3.16228E+00  3.98107E+00  5.01187E+00  6.30957E+00  7.94328E+00
#           1.00000E+01  1.25893E+01  1.58489E+01  1.99526E+01  2.51189E+01
#           3.16228E+01  3.98107E+01  5.01187E+01  6.30957E+01  7.94328E+01
#           1.00000E+02  1.25893E+02  1.58489E+02  1.99526E+02  2.51189E+02
#           3.16228E+02  3.98107E+02  5.01187E+02  6.30957E+02  7.94328E+02
#           1.00000E+03
     unit =    1            # unit is [1/cm^2/source]
 material =  all            # (D=all) number of specific material
     axis =     eng            # axis of output
     file = gas_track.out   # file name of output for the above axis
     part =  neutron  
# kf/name :  2112     
#    used :        main (  %)        temp (  %)       total (  %)
#  memory :         139 (  0)           0 (  0)         139 (  0)

#------------------------------------------------------------------------------
#newpage:
#   no. =  1   reg =    101

x: Energy [MeV/n]
y: Flux [1/cm^2/source]              
p: xlog ylog afac(0.8) form(0.9)
h: n            x            y(neutron ),hh0l n  
#  e-lower      e-upper        neutron   r.err 
   1.0000E-10   1.2589E-10   0.0000E+00  0.0000
   1.2589E-10   1.5849E-10   0.0000E+00  0.0000
   1.5849E-10   1.9953E-10   0.0000E+00  0.0000
   1.9953E-10   2.5119E-10   0.0000E+00  0.0000
   2.5119E-10   3.1623E-10   0.0000E+00  0.0000
   3.1623E-10   3.9811E-10   0.0000E+00  0.0000
   3.9811E-10   5.0119E-10   0.0000E+00  0.0000
   5.0119E-10   6.3096E-10   0.0000E+00  0.0000
   6.3096E-10   7.9433E-10   0.0000E+00  0.0000
   7.9433E-10   1.0000E-09   0.0000E+00  0.0000
   1.0000E-09   1.2589E-09   0.0000E+00  0.0000
   1.2589E-09   1.5849E-09   0.0000E+00  0.0000
   1.5849E-09   1.9953E-09   0.0000E+00  0.0000
   1.9953E-09   2.5119E-09   0.0000E+00  0.0000
   2.5119E-09   3.1623E-09   0.0000E+00  0.0000
   3.1623E-09   3.9811E-09   0.0000E+00  0.0000
   3.9811E-09   5.0119E-09   0.0000E+00  0.0000
   5.0119E-09   6.3096E-09   0.0000E+00  0.0000
   6.3096E-09   7.9433E-09   0.0000E+00  0.0000
   7.9433E-09   1.0000E-08   0.0000E+00  0.0000
   1.0000E-08   1.2589E-08   0.0000E+00  0.0000
   1.2589E-08   1.5849E-08   0.0000E+00  0.0000
   1.5849E-08   1.9953E-08   0.0000E+00  0.0000
   1.9953E-08   2.5119E-08   0.0000E+00  0.0000
   2.5119E-08   3.1623E-08   0.0000E+00  0.0000
   3.1623E-08   3.9811E-08   0.0000E+00  0.0000
   3.9811E-08   5.0119E-08   0.0000E+00  0.0000
   5.0119E-08   6.3096E-08   0.0000E+00  0.0000
   6.3096E-08   7.9433E-08   0.0000E+00  0.0000
   7.9433E-08   1.0000E-07   0.0000E+00  0.0000
   1.0000E-07   1.2589E-07   0.0000E+00  0.0000
   1.2589E-07   1.5849E-07   0.0000E+00  0.0000
   1.5849E-07   1.9953E-07   0.0000E+00  0.0000
   1.9953E-07   2.5119E-07   0.0000E+00  0.0000
   2.5119E-07   3.1623E-07   0.0000E+00  0.0000
   3.1623E-07   3.9811E-07   0.0000E+00  0.0000
   3.9811E-07   5.0119E-07   0.0000E+00  0.0000
   5.0119E-07   6.3096E-07   0.0000E+00  0.0000
   6.3096E-07   7.9433E-07   0.0000E+00  0.0000
   7.9433E-07   1.0000E-06   0.0000E+00  0.0000
   1.0000E-06   1.2589E-06   0.0000E+00  0.0000
   1.2589E-06   1.5849E-06   0.0000E+00  0.0000
   1.5849E-06   1.9953E-06   0.0000E+00  0.0000
   1.9953E-06   2.5119E-06   0.0000E+00  0.0000
   2.5119E-06   3.1623E-06   0.0000E+00  0.0000
   3.1623E-06   3.9811E-06   0.0000E+00  0.0000
   3.9811E-06   5.0119E-06   0.0000E+00  0.0000
   5.0119E-06   6.3096E-06   0.0000E+00  0.0000
   6.3096E-06   7.9433E-06   0.0000E+00  0.0000
   7.9433E-06   1.0000E-05   0.0000E+00  0.0000
   1.0000E-05   1.2589E-05   0.0000E+00  0.0000
   1.2589E-05   1.5849E-05   0.0000E+00  0.0000
   1.5849E-05   1.9953E-05   0.0000E+00  0.0000
   1.9953E-05   2.5119E-05   0.0000E+00  0.0000
   2.5119E-05   3.1623E-05   0.0000E+00  0.0000
   3.1623E-05   3.9811E-05   0.0000E+00  0.0000
   3.9811E-05   5.0119E-05   0.0000E+00  0.0000
   5.0119E-05   6.3096E-05   0.0000E+00  0.0000
   6.3096E-05   7.9433E-05   0.0000E+00  0.0000
   7.9433E-05   1.0000E-04   0.0000E+00  0.0000
   1.0000E-04   1.2589E-04   0.0000E+00  0.0000
   1.2589E-04   1.5849E-04   0.0000E+00  0.0000
   1.5849E-04   1.9953E-04   0.0000E+00  0.0000
   1.9953E-04   2.5119E-04   0.0000E+00  0.0000
   2.5119E-04   3.1623E-04   0.0000E+00  0.0000
   3.1623E-04   3.9811E-04   0.0000E+00  0.0000
   3.9811E-04   5.0119E-04   0.0000E+00  0.0000
   5.0119E-04   6.3096E-04   0.0000E+00  0.0000
   6.3096E-04   7.9433E-04   0.0000E+00  0.0000
   7.9433E-04   1.0000E-03   0.0000E+00  0.0000
   1.0000E-03   1.2589E-03   0.0000E+00  0.0000
   1.2589E-03   1.5849E-03   0.0000E+00  0.0000
   1.5849E-03   1.9953E-03   0.0000E+00  0.0000
   1.9953E-03   2.5119E-03   0.0000E+00  0.0000
   2.5119E-03   3.1623E-03   0.0000E+00  0.0000
   3.1623E-03   3.9811E-03   0.0000E+00  0.0000
   3.9811E-03   5.0119E-03   0.0000E+00  0.0000
   5.0119E-03   6.3096E-03   0.0000E+00  0.0000
   6.3096E-03   7.9433E-03   0.0000E+00  0.0000
   7.9433E-03   1.0000E-02   0.0000E+00  0.0000
   1.0000E-02   1.2589E-02   0.0000E+00  0.0000
   1.2589E-02   1.5849E-02   0.0000E+00  0.0000
   1.5849E-02   1.9953E-02   0.0000E+00  0.0000
   1.9953E-02   2.5119E-02   0.0000E+00  0.0000
   2.5119E-02   3.1623E-02   0.0000E+00  0.0000
   3.1623E-02   3.9811E-02   0.0000E+00  0.0000
   3.9811E-02   5.0119E-02   0.0000E+00  0.0000
   5.0119E-02   6.3096E-02   0.0000E+00  0.0000
   6.3096E-02   7.9433E-02   3.6069E-05  1.0000
   7.9433E-02   1.0000E-01   0.0000E+00  0.0000
   1.0000E-01   1.2589E-01   0.0000E+00  0.0000
   1.2589E-01   1.5849E-01   0.0000E+00  0.0000
   1.5849E-01   1.9953E-01   4.2116E-08  1.0000
   1.9953E-01   2.5119E-01   4.8789E-05  1.0000
   2.5119E-01   3.1623E-01   2.5113E-05  1.0000
   3.1623E-01   3.9811E-01   1.3068E-04  0.6501
   3.9811E-01   5.0119E-01   3.7834E-04  0.3501
   5.0119E-01   6.3096E-01   9.9656E-04  0.2370
   6.3096E-01   7.9433E-01   2.5682E-04  0.5110
   7.9433E-01   1.0000E+00   4.4906E-04  0.3430
   1.0000E+00   1.2589E+00   3.6329E-03  0.1288
   1.2589E+00   1.5849E+00   1.7093E-04  0.4431
   1.5849E+00   1.9953E+00   1.2968E-02  0.0709
   1.9953E+00   2.5119E+00   2.4566E-01  0.0145
   2.5119E+00   3.1623E+00   0.0000E+00  0.0000
   3.1623E+00   3.9811E+00   0.0000E+00  0.0000
   3.9811E+00   5.0119E+00   0.0000E+00  0.0000
   5.0119E+00   6.3096E+00   0.0000E+00  0.0000
   6.3096E+00   7.9433E+00   0.0000E+00  0.0000
   7.9433E+00   1.0000E+01   0.0000E+00  0.0000
   1.0000E+01   1.2589E+01   0.0000E+00  0.0000
   1.2589E+01   1.5849E+01   0.0000E+00  0.0000
   1.5849E+01   1.9953E+01   0.0000E+00  0.0000
   1.9953E+01   2.5119E+01   0.0000E+00  0.0000
   2.5119E+01   3.1623E+01   0.0000E+00  0.0000
   3.1623E+01   3.9811E+01   0.0000E+00  0.0000
   3.9811E+01   5.0119E+01   0.0000E+00  0.0000
   5.0119E+01   6.3096E+01   0.0000E+00  0.0000
   6.3096E+01   7.9433E+01   0.0000E+00  0.0000
   7.9433E+01   1.0000E+02   0.0000E+00  0.0000
   1.0000E+02   1.2589E+02   0.0000E+00  0.0000
   1.2589E+02   1.5849E+02   0.0000E+00  0.0000
   1.5849E+02   1.9953E+02   0.0000E+00  0.0000
   1.9953E+02   2.5119E+02   0.0000E+00  0.0000
   2.5119E+02   3.1623E+02   0.0000E+00  0.0000
   3.1623E+02   3.9811E+02   0.0000E+00  0.0000
   3.9811E+02   5.0119E+02   0.0000E+00  0.0000
   5.0119E+02   6.3096E+02   0.0000E+00  0.0000
   6.3096E+02   7.9433E+02   0.0000E+00  0.0000
   7.9433E+02   1.0000E+03   0.0000E+00  0.0000

#   sum over                 2.6475E-01  0.0144

'no. =  1,  reg  =    101'
msuc: {\huge Neutron track length in active He-3 gas}
msdr: {\it plotted by \ANGEL \version}
msdl: {\it calculated by \PHITS  3.36}
wt: s(0.7)
\vspace{-3}
   vol  &=&   1.0000E+00 [cm^3]
e:

#------------------------------------------------------------------------------
 newpage:
#   no. =  2   reg =    201

x: Energy [MeV/n]
y: Flux [1/cm^2/source]              
p: xlog ylog afac(0.8) form(0.9)
h: n            x            y(neutron ),hh0l n  
#  e-lower      e-upper        neutron   r.err 
   1.0000E-10   1.2589E-10   0.0000E+00  0.0000
   1.2589E-10   1.5849E-10   0.0000E+00  0.0000
   1.5849E-10   1.9953E-10   0.0000E+00  0.0000
   1.9953E-10   2.5119E-10   0.0000E+00  0.0000
   2.5119E-10   3.1623E-10   0.0000E+00  0.0000
   3.1623E-10   3.9811E-10   0.0000E+00  0.0000
   3.9811E-10   5.0119E-10   0.0000E+00  0.0000
   5.0119E-10   6.3096E-10   0.0000E+00  0.0000
   6.3096E-10   7.9433E-10   0.0000E+00  0.0000
   7.9433E-10   1.0000E-09   0.0000E+00  0.0000
   1.0000E-09   1.2589E-09   0.0000E+00  0.0000
   1.2589E-09   1.5849E-09   0.0000E+00  0.0000
   1.5849E-09   1.9953E-09   1.3607E-06  0.7071
   1.9953E-09   2.5119E-09   7.3753E-07  0.8725
   2.5119E-09   3.1623E-09   3.5065E-07  1.0000
   3.1623E-09   3.9811E-09   3.7707E-06  0.4850
   3.9811E-09   5.0119E-09   2.9312E-06  0.6295
   5.0119E-09   6.3096E-09   1.1049E-05  0.4229
   6.3096E-09   7.9433E-09   1.8064E-05  0.3150
   7.9433E-09   1.0000E-08   4.6647E-05  0.2729
   1.0000E-08   1.2589E-08   5.4063E-05  0.2063
   1.2589E-08   1.5849E-08   1.0587E-04  0.1722
   1.5849E-08   1.9953E-08   1.5686E-04  0.1539
   1.9953E-08   2.5119E-08   2.1153E-04  0.1296
   2.5119E-08   3.1623E-08   3.0559E-04  0.1197
   3.1623E-08   3.9811E-08   4.9442E-04  0.1006
   3.9811E-08   5.0119E-08   5.5540E-04  0.0977
   5.0119E-08   6.3096E-08   6.4525E-04  0.0897
   6.3096E-08   7.9433E-08   8.6453E-04  0.1026
   7.9433E-08   1.0000E-07   6.2466E-04  0.1184
   1.0000E-07   1.2589E-07   7.2162E-04  0.1222
   1.2589E-07   1.5849E-07   5.9067E-04  0.1406
   1.5849E-07   1.9953E-07   5.3225E-04  0.1697
   1.9953E-07   2.5119E-07   2.2373E-04  0.2810
   2.5119E-07   3.1623E-07   3.5547E-04  0.2691
   3.1623E-07   3.9811E-07   2.5293E-04  0.2820
   3.9811E-07   5.0119E-07   4.4629E-04  0.2603
   5.0119E-07   6.3096E-07   2.0917E-04  0.2989
   6.3096E-07   7.9433E-07   2.5975E-04  0.3302
   7.9433E-07   1.0000E-06   4.0918E-04  0.2523
   1.0000E-06   1.2589E-06   2.0425E-04  0.4478
   1.2589E-06   1.5849E-06   4.8037E-04  0.2520
   1.5849E-06   1.9953E-06   3.0049E-04  0.3489
   1.9953E-06   2.5119E-06   3.8365E-04  0.3411
   2.5119E-06   3.1623E-06   2.4765E-04  0.3567
   3.1623E-06   3.9811E-06   4.9945E-04  0.2911
   3.9811E-06   5.0119E-06   4.0830E-04  0.3355
   5.0119E-06   6.3096E-06   4.9760E-04  0.2979
   6.3096E-06   7.9433E-06   4.5722E-04  0.3187
   7.9433E-06   1.0000E-05   2.9880E-04  0.3669
   1.0000E-05   1.2589E-05   5.2276E-04  0.3536
   1.2589E-05   1.5849E-05   2.7564E-04  0.3991
   1.5849E-05   1.9953E-05   6.8459E-04  0.2542
   1.9953E-05   2.5119E-05   4.3966E-04  0.3037
   2.5119E-05   3.1623E-05   5.1927E-04  0.2957
   3.1623E-05   3.9811E-05   7.4208E-04  0.2830
   3.9811E-05   5.0119E-05   6.1934E-04  0.2870
   5.0119E-05   6.3096E-05   6.1689E-04  0.2832
   6.3096E-05   7.9433E-05   1.0159E-03  0.2620
   7.9433E-05   1.0000E-04   9.6401E-04  0.2378
   1.0000E-04   1.2589E-04   5.4382E-04  0.2718
   1.2589E-04   1.5849E-04   5.3874E-04  0.3281
   1.5849E-04   1.9953E-04   5.5937E-04  0.3373
   1.9953E-04   2.5119E-04   8.4825E-04  0.3083
   2.5119E-04   3.1623E-04   9.0230E-04  0.2461
   3.1623E-04   3.9811E-04   6.1364E-04  0.3438
   3.9811E-04   5.0119E-04   9.4806E-04  0.2519
   5.0119E-04   6.3096E-04   7.5606E-04  0.2937
   6.3096E-04   7.9433E-04   6.7783E-04  0.2531
   7.9433E-04   1.0000E-03   6.3530E-04  0.3070
   1.0000E-03   1.2589E-03   8.1122E-04  0.2581
   1.2589E-03   1.5849E-03   1.0503E-03  0.2410
   1.5849E-03   1.9953E-03   1.0543E-03  0.2340
   1.9953E-03   2.5119E-03   6.7898E-04  0.2990
   2.5119E-03   3.1623E-03   1.2129E-03  0.2672
   3.1623E-03   3.9811E-03   6.1243E-04  0.3006
   3.9811E-03   5.0119E-03   6.6605E-04  0.3287
   5.0119E-03   6.3096E-03   8.2111E-04  0.2469
   6.3096E-03   7.9433E-03   1.1088E-03  0.2610
   7.9433E-03   1.0000E-02   1.3271E-03  0.2069
   1.0000E-02   1.2589E-02   9.5395E-04  0.2543
   1.2589E-02   1.5849E-02   1.1126E-03  0.3047
   1.5849E-02   1.9953E-02   4.6787E-04  0.3614
   1.9953E-02   2.5119E-02   1.0714E-03  0.2101
   2.5119E-02   3.1623E-02   8.0412E-04  0.2554
   3.1623E-02   3.9811E-02   8.3539E-04  0.2242
   3.9811E-02   5.0119E-02   1.1758E-03  0.2340
   5.0119E-02   6.3096E-02   8.9131E-04  0.2481
   6.3096E-02   7.9433E-02   1.6727E-03  0.2115
   7.9433E-02   1.0000E-01   1.1484E-03  0.2647
   1.0000E-01   1.2589E-01   1.2175E-03  0.1998
   1.2589E-01   1.5849E-01   1.5339E-03  0.2018
   1.5849E-01   1.9953E-01   1.6095E-03  0.1784
   1.9953E-01   2.5119E-01   1.3147E-03  0.1981
   2.5119E-01   3.1623E-01   2.4000E-03  0.1720
   3.1623E-01   3.9811E-01   2.0941E-03  0.1579
   3.9811E-01   5.0119E-01   2.9633E-03  0.1448
   5.0119E-01   6.3096E-01   3.0257E-03  0.1435
   6.3096E-01   7.9433E-01   3.4599E-03  0.1437
   7.9433E-01   1.0000E+00   4.0412E-03  0.1211
   1.0000E+00   1.2589E+00   4.8647E-03  0.1073
   1.2589E+00   1.5849E+00   5.6258E-03  0.1040
   1.5849E+00   1.9953E+00   8.5503E-03  0.0790
   1.9953E+00   2.5119E+00   1.3053E-02  0.0654
   2.5119E+00   3.1623E+00   0.0000E+00  0.0000
   3.1623E+00   3.9811E+00   0.0000E+00  0.0000
   3.9811E+00   5.0119E+00   0.0000E+00  0.0000
   5.0119E+00   6.3096E+00   0.0000E+00  0.0000
   6.3096E+00   7.9433E+00   0.0000E+00  0.0000
   7.9433E+00   1.0000E+01   0.0000E+00  0.0000
   1.0000E+01   1.2589E+01   0.0000E+00  0.0000
   1.2589E+01   1.5849E+01   0.0000E+00  0.0000
   1.5849E+01   1.9953E+01   0.0000E+00  0.0000
   1.9953E+01   2.5119E+01   0.0000E+00  0.0000
   2.5119E+01   3.1623E+01   0.0000E+00  0.0000
   3.1623E+01   3.9811E+01   0.0000E+00  0.0000
   3.9811E+01   5.0119E+01   0.0000E+00  0.0000
   5.0119E+01   6.3096E+01   0.0000E+00  0.0000
   6.3096E+01   7.9433E+01   0.0000E+00  0.0000
   7.9433E+01   1.0000E+02   0.0000E+00  0.0000
   1.0000E+02   1.2589E+02   0.0000E+00  0.0000
   1.2589E+02   1.5849E+02   0.0000E+00  0.0000
   1.5849E+02   1.9953E+02   0.0000E+00  0.0000
   1.9953E+02   2.5119E+02   0.0000E+00  0.0000
   2.5119E+02   3.1623E+02   0.0000E+00  0.0000
   3.1623E+02   3.9811E+02   0.0000E+00  0.0000
   3.9811E+02   5.0119E+02   0.0000E+00  0.0000
   5.0119E+02   6.3096E+02   0.0000E+00  0.0000
   6.3096E+02   7.9433E+02   0.0000E+00  0.0000
   7.9433E+02   1.0000E+03   0.0000E+00  0.0000

#   sum over                 1.0054E-01  0.0267

'no. =  2,  reg  =    201'
msuc: {\huge Neutron track length in active He-3 gas}
msdr: {\it plotted by \ANGEL \version}
msdl: {\it calculated by \PHITS  3.36}
wt: s(0.7)
\vspace{-3}
   vol  &=&   1.0000E+00 [cm^3]
e:

#------------------------------------------------------------------------------
 newpage:
#   no. =  3   reg =    301

x: Energy [MeV/n]
y: Flux [1/cm^2/source]              
p: xlog ylog afac(0.8) form(0.9)
h: n            x            y(neutron ),hh0l n  
#  e-lower      e-upper        neutron   r.err 
   1.0000E-10   1.2589E-10   0.0000E+00  0.0000
   1.2589E-10   1.5849E-10   0.0000E+00  0.0000
   1.5849E-10   1.9953E-10   0.0000E+00  0.0000
   1.9953E-10   2.5119E-10   0.0000E+00  0.0000
   2.5119E-10   3.1623E-10   0.0000E+00  0.0000
   3.1623E-10   3.9811E-10   0.0000E+00  0.0000
   3.9811E-10   5.0119E-10   0.0000E+00  0.0000
   5.0119E-10   6.3096E-10   0.0000E+00  0.0000
   6.3096E-10   7.9433E-10   0.0000E+00  0.0000
   7.9433E-10   1.0000E-09   0.0000E+00  0.0000
   1.0000E-09   1.2589E-09   0.0000E+00  0.0000
   1.2589E-09   1.5849E-09   0.0000E+00  0.0000
   1.5849E-09   1.9953E-09   0.0000E+00  0.0000
   1.9953E-09   2.5119E-09   0.0000E+00  0.0000
   2.5119E-09   3.1623E-09   0.0000E+00  0.0000
   3.1623E-09   3.9811E-09   0.0000E+00  0.0000
   3.9811E-09   5.0119E-09   0.0000E+00  0.0000
   5.0119E-09   6.3096E-09   0.0000E+00  0.0000
   6.3096E-09   7.9433E-09   0.0000E+00  0.0000
   7.9433E-09   1.0000E-08   0.0000E+00  0.0000
   1.0000E-08   1.2589E-08   0.0000E+00  0.0000
   1.2589E-08   1.5849E-08   0.0000E+00  0.0000
   1.5849E-08   1.9953E-08   0.0000E+00  0.0000
   1.9953E-08   2.5119E-08   0.0000E+00  0.0000
   2.5119E-08   3.1623E-08   0.0000E+00  0.0000
   3.1623E-08   3.9811E-08   0.0000E+00  0.0000
   3.9811E-08   5.0119E-08   0.0000E+00  0.0000
   5.0119E-08   6.3096E-08   0.0000E+00  0.0000
   6.3096E-08   7.9433E-08   0.0000E+00  0.0000
   7.9433E-08   1.0000E-07   0.0000E+00  0.0000
   1.0000E-07   1.2589E-07   0.0000E+00  0.0000
   1.2589E-07   1.5849E-07   0.0000E+00  0.0000
   1.5849E-07   1.9953E-07   0.0000E+00  0.0000
   1.9953E-07   2.5119E-07   0.0000E+00  0.0000
   2.5119E-07   3.1623E-07   0.0000E+00  0.0000
   3.1623E-07   3.9811E-07   0.0000E+00  0.0000
   3.9811E-07   5.0119E-07   0.0000E+00  0.0000
   5.0119E-07   6.3096E-07   0.0000E+00  0.0000
   6.3096E-07   7.9433E-07   0.0000E+00  0.0000
   7.9433E-07   1.0000E-06   0.0000E+00  0.0000
   1.0000E-06   1.2589E-06   0.0000E+00  0.0000
   1.2589E-06   1.5849E-06   0.0000E+00  0.0000
   1.5849E-06   1.9953E-06   0.0000E+00  0.0000
   1.9953E-06   2.5119E-06   0.0000E+00  0.0000
   2.5119E-06   3.1623E-06   0.0000E+00  0.0000
   3.1623E-06   3.9811E-06   0.0000E+00  0.0000
   3.9811E-06   5.0119E-06   0.0000E+00  0.0000
   5.0119E-06   6.3096E-06   0.0000E+00  0.0000
   6.3096E-06   7.9433E-06   0.0000E+00  0.0000
   7.9433E-06   1.0000E-05   0.0000E+00  0.0000
   1.0000E-05   1.2589E-05   0.0000E+00  0.0000
   1.2589E-05   1.5849E-05   0.0000E+00  0.0000
   1.5849E-05   1.9953E-05   0.0000E+00  0.0000
   1.9953E-05   2.5119E-05   0.0000E+00  0.0000
   2.5119E-05   3.1623E-05   0.0000E+00  0.0000
   3.1623E-05   3.9811E-05   0.0000E+00  0.0000
   3.9811E-05   5.0119E-05   0.0000E+00  0.0000
   5.0119E-05   6.3096E-05   0.0000E+00  0.0000
   6.3096E-05   7.9433E-05   0.0000E+00  0.0000
   7.9433E-05   1.0000E-04   0.0000E+00  0.0000
   1.0000E-04   1.2589E-04   0.0000E+00  0.0000
   1.2589E-04   1.5849E-04   0.0000E+00  0.0000
   1.5849E-04   1.9953E-04   0.0000E+00  0.0000
   1.9953E-04   2.5119E-04   0.0000E+00  0.0000
   2.5119E-04   3.1623E-04   0.0000E+00  0.0000
   3.1623E-04   3.9811E-04   0.0000E+00  0.0000
   3.9811E-04   5.0119E-04   0.0000E+00  0.0000
   5.0119E-04   6.3096E-04   0.0000E+00  0.0000
   6.3096E-04   7.9433E-04   0.0000E+00  0.0000
   7.9433E-04   1.0000E-03   0.0000E+00  0.0000
   1.0000E-03   1.2589E-03   0.0000E+00  0.0000
   1.2589E-03   1.5849E-03   0.0000E+00  0.0000
   1.5849E-03   1.9953E-03   0.0000E+00  0.0000
   1.9953E-03   2.5119E-03   0.0000E+00  0.0000
   2.5119E-03   3.1623E-03   0.0000E+00  0.0000
   3.1623E-03   3.9811E-03   0.0000E+00  0.0000
   3.9811E-03   5.0119E-03   0.0000E+00  0.0000
   5.0119E-03   6.3096E-03   0.0000E+00  0.0000
   6.3096E-03   7.9433E-03   0.0000E+00  0.0000
   7.9433E-03   1.0000E-02   0.0000E+00  0.0000
   1.0000E-02   1.2589E-02   0.0000E+00  0.0000
   1.2589E-02   1.5849E-02   0.0000E+00  0.0000
   1.5849E-02   1.9953E-02   0.0000E+00  0.0000
   1.9953E-02   2.5119E-02   0.0000E+00  0.0000
   2.5119E-02   3.1623E-02   0.0000E+00  0.0000
   3.1623E-02   3.9811E-02   0.0000E+00  0.0000
   3.9811E-02   5.0119E-02   0.0000E+00  0.0000
   5.0119E-02   6.3096E-02   0.0000E+00  0.0000
   6.3096E-02   7.9433E-02   0.0000E+00  0.0000
   7.9433E-02   1.0000E-01   0.0000E+00  0.0000
   1.0000E-01   1.2589E-01   0.0000E+00  0.0000
   1.2589E-01   1.5849E-01   0.0000E+00  0.0000
   1.5849E-01   1.9953E-01   9.2875E-06  1.0000
   1.9953E-01   2.5119E-01   0.0000E+00  0.0000
   2.5119E-01   3.1623E-01   0.0000E+00  0.0000
   3.1623E-01   3.9811E-01   2.4509E-05  1.0000
   3.9811E-01   5.0119E-01   2.3361E-04  0.3561
   5.0119E-01   6.3096E-01   2.8288E-04  0.3094
   6.3096E-01   7.9433E-01   1.5477E-04  0.3960
   7.9433E-01   1.0000E+00   1.2560E-04  0.4499
   1.0000E+00   1.2589E+00   1.7976E-03  0.1520
   1.2589E+00   1.5849E+00   2.9700E-05  0.5376
   1.5849E+00   1.9953E+00   4.6811E-03  0.0961
   1.9953E+00   2.5119E+00   9.4624E-02  0.0171
   2.5119E+00   3.1623E+00   0.0000E+00  0.0000
   3.1623E+00   3.9811E+00   0.0000E+00  0.0000
   3.9811E+00   5.0119E+00   0.0000E+00  0.0000
   5.0119E+00   6.3096E+00   0.0000E+00  0.0000
   6.3096E+00   7.9433E+00   0.0000E+00  0.0000
   7.9433E+00   1.0000E+01   0.0000E+00  0.0000
   1.0000E+01   1.2589E+01   0.0000E+00  0.0000
   1.2589E+01   1.5849E+01   0.0000E+00  0.0000
   1.5849E+01   1.9953E+01   0.0000E+00  0.0000
   1.9953E+01   2.5119E+01   0.0000E+00  0.0000
   2.5119E+01   3.1623E+01   0.0000E+00  0.0000
   3.1623E+01   3.9811E+01   0.0000E+00  0.0000
   3.9811E+01   5.0119E+01   0.0000E+00  0.0000
   5.0119E+01   6.3096E+01   0.0000E+00  0.0000
   6.3096E+01   7.9433E+01   0.0000E+00  0.0000
   7.9433E+01   1.0000E+02   0.0000E+00  0.0000
   1.0000E+02   1.2589E+02   0.0000E+00  0.0000
   1.2589E+02   1.5849E+02   0.0000E+00  0.0000
   1.5849E+02   1.9953E+02   0.0000E+00  0.0000
   1.9953E+02   2.5119E+02   0.0000E+00  0.0000
   2.5119E+02   3.1623E+02   0.0000E+00  0.0000
   3.1623E+02   3.9811E+02   0.0000E+00  0.0000
   3.9811E+02   5.0119E+02   0.0000E+00  0.0000
   5.0119E+02   6.3096E+02   0.0000E+00  0.0000
   6.3096E+02   7.9433E+02   0.0000E+00  0.0000
   7.9433E+02   1.0000E+03   0.0000E+00  0.0000

#   sum over                 1.0196E-01  0.0171

'no. =  3,  reg  =    301'
msuc: {\huge Neutron track length in active He-3 gas}
msdr: {\it plotted by \ANGEL \version}
msdl: {\it calculated by \PHITS  3.36}
wt: s(0.7)
\vspace{-3}
   vol  &=&   1.0000E+00 [cm^3]
e:

#------------------------------------------------------------------------------
 newpage:
#   no. =  4   reg =    401

x: Energy [MeV/n]
y: Flux [1/cm^2/source]              
p: xlog ylog afac(0.8) form(0.9)
h: n            x            y(neutron ),hh0l n  
#  e-lower      e-upper        neutron   r.err 
   1.0000E-10   1.2589E-10   0.0000E+00  0.0000
   1.2589E-10   1.5849E-10   0.0000E+00  0.0000
   1.5849E-10   1.9953E-10   0.0000E+00  0.0000
   1.9953E-10   2.5119E-10   0.0000E+00  0.0000
   2.5119E-10   3.1623E-10   0.0000E+00  0.0000
   3.1623E-10   3.9811E-10   0.0000E+00  0.0000
   3.9811E-10   5.0119E-10   0.0000E+00  0.0000
   5.0119E-10   6.3096E-10   0.0000E+00  0.0000
   6.3096E-10   7.9433E-10   0.0000E+00  0.0000
   7.9433E-10   1.0000E-09   0.0000E+00  0.0000
   1.0000E-09   1.2589E-09   0.0000E+00  0.0000
   1.2589E-09   1.5849E-09   0.0000E+00  0.0000
   1.5849E-09   1.9953E-09   0.0000E+00  0.0000
   1.9953E-09   2.5119E-09   0.0000E+00  0.0000
   2.5119E-09   3.1623E-09   1.5576E-08  1.0000
   3.1623E-09   3.9811E-09   5.6365E-06  0.8280
   3.9811E-09   5.0119E-09   2.0164E-06  0.9029
   5.0119E-09   6.3096E-09   6.8463E-07  0.6433
   6.3096E-09   7.9433E-09   1.3364E-05  0.3690
   7.9433E-09   1.0000E-08   1.9231E-05  0.4577
   1.0000E-08   1.2589E-08   4.4364E-05  0.2873
   1.2589E-08   1.5849E-08   4.7486E-05  0.2321
   1.5849E-08   1.9953E-08   1.2470E-04  0.1824
   1.9953E-08   2.5119E-08   1.6823E-04  0.2181
   2.5119E-08   3.1623E-08   2.0789E-04  0.1451
   3.1623E-08   3.9811E-08   3.1934E-04  0.1203
   3.9811E-08   5.0119E-08   3.1352E-04  0.1382
   5.0119E-08   6.3096E-08   5.4358E-04  0.1132
   6.3096E-08   7.9433E-08   6.0566E-04  0.1104
   7.9433E-08   1.0000E-07   5.4210E-04  0.1254
   1.0000E-07   1.2589E-07   5.5651E-04  0.1708
   1.2589E-07   1.5849E-07   3.7318E-04  0.1678
   1.5849E-07   1.9953E-07   1.6667E-04  0.2486
   1.9953E-07   2.5119E-07   2.0160E-04  0.2623
   2.5119E-07   3.1623E-07   1.7285E-04  0.2645
   3.1623E-07   3.9811E-07   1.8709E-04  0.3895
   3.9811E-07   5.0119E-07   1.6504E-04  0.3305
   5.0119E-07   6.3096E-07   1.2564E-04  0.3616
   6.3096E-07   7.9433E-07   2.4725E-04  0.2794
   7.9433E-07   1.0000E-06   1.7504E-04  0.3170
   1.0000E-06   1.2589E-06   3.3355E-04  0.2640
   1.2589E-06   1.5849E-06   1.8137E-04  0.3201
   1.5849E-06   1.9953E-06   2.2395E-04  0.3432
   1.9953E-06   2.5119E-06   1.9816E-04  0.3272
   2.5119E-06   3.1623E-06   2.7047E-04  0.2716
   3.1623E-06   3.9811E-06   2.9775E-04  0.2772
   3.9811E-06   5.0119E-06   4.0451E-04  0.2727
   5.0119E-06   6.3096E-06   3.9795E-04  0.3611
   6.3096E-06   7.9433E-06   2.9558E-04  0.2813
   7.9433E-06   1.0000E-05   2.5733E-04  0.3171
   1.0000E-05   1.2589E-05   2.6782E-04  0.2648
   1.2589E-05   1.5849E-05   2.9501E-04  0.2673
   1.5849E-05   1.9953E-05   2.3837E-04  0.2948
   1.9953E-05   2.5119E-05   3.0736E-04  0.2836
   2.5119E-05   3.1623E-05   3.2450E-04  0.2853
   3.1623E-05   3.9811E-05   3.8895E-04  0.2696
   3.9811E-05   5.0119E-05   2.7158E-04  0.3327
   5.0119E-05   6.3096E-05   3.7867E-04  0.2622
   6.3096E-05   7.9433E-05   4.0065E-04  0.2347
   7.9433E-05   1.0000E-04   4.5887E-04  0.2598
   1.0000E-04   1.2589E-04   6.5375E-04  0.2957
   1.2589E-04   1.5849E-04   6.5758E-04  0.1977
   1.5849E-04   1.9953E-04   2.8588E-04  0.3133
   1.9953E-04   2.5119E-04   6.6284E-04  0.2169
   2.5119E-04   3.1623E-04   8.7920E-04  0.2426
   3.1623E-04   3.9811E-04   4.3896E-04  0.2752
   3.9811E-04   5.0119E-04   3.8971E-04  0.3300
   5.0119E-04   6.3096E-04   4.1835E-04  0.2457
   6.3096E-04   7.9433E-04   4.1691E-04  0.2571
   7.9433E-04   1.0000E-03   4.9093E-04  0.2472
   1.0000E-03   1.2589E-03   6.0067E-04  0.2415
   1.2589E-03   1.5849E-03   5.4449E-04  0.2337
   1.5849E-03   1.9953E-03   3.3992E-04  0.3260
   1.9953E-03   2.5119E-03   4.9446E-04  0.2300
   2.5119E-03   3.1623E-03   3.5127E-04  0.2732
   3.1623E-03   3.9811E-03   6.7853E-04  0.2258
   3.9811E-03   5.0119E-03   5.1568E-04  0.2449
   5.0119E-03   6.3096E-03   3.1464E-04  0.4001
   6.3096E-03   7.9433E-03   3.7367E-04  0.2876
   7.9433E-03   1.0000E-02   3.7184E-04  0.2581
   1.0000E-02   1.2589E-02   7.2084E-04  0.2074
   1.2589E-02   1.5849E-02   5.9774E-04  0.2354
   1.5849E-02   1.9953E-02   5.8509E-04  0.2204
   1.9953E-02   2.5119E-02   6.2636E-04  0.2135
   2.5119E-02   3.1623E-02   6.1057E-04  0.2695
   3.1623E-02   3.9811E-02   5.8162E-04  0.2054
   3.9811E-02   5.0119E-02   7.8314E-04  0.1889
   5.0119E-02   6.3096E-02   5.7880E-04  0.2024
   6.3096E-02   7.9433E-02   6.9443E-04  0.2179
   7.9433E-02   1.0000E-01   5.9637E-04  0.2244
   1.0000E-01   1.2589E-01   7.6593E-04  0.2090
   1.2589E-01   1.5849E-01   8.1714E-04  0.1851
   1.5849E-01   1.9953E-01   1.1597E-03  0.1595
   1.9953E-01   2.5119E-01   9.2315E-04  0.1683
   2.5119E-01   3.1623E-01   1.1884E-03  0.1433
   3.1623E-01   3.9811E-01   1.2381E-03  0.1467
   3.9811E-01   5.0119E-01   1.6316E-03  0.1325
   5.0119E-01   6.3096E-01   2.0328E-03  0.1254
   6.3096E-01   7.9433E-01   2.0399E-03  0.1206
   7.9433E-01   1.0000E+00   2.9293E-03  0.1017
   1.0000E+00   1.2589E+00   2.7478E-03  0.0975
   1.2589E+00   1.5849E+00   3.8808E-03  0.0862
   1.5849E+00   1.9953E+00   6.1905E-03  0.0692
   1.9953E+00   2.5119E+00   9.5993E-03  0.0522
   2.5119E+00   3.1623E+00   0.0000E+00  0.0000
   3.1623E+00   3.9811E+00   0.0000E+00  0.0000
   3.9811E+00   5.0119E+00   0.0000E+00  0.0000
   5.0119E+00   6.3096E+00   0.0000E+00  0.0000
   6.3096E+00   7.9433E+00   0.0000E+00  0.0000
   7.9433E+00   1.0000E+01   0.0000E+00  0.0000
   1.0000E+01   1.2589E+01   0.0000E+00  0.0000
   1.2589E+01   1.5849E+01   0.0000E+00  0.0000
   1.5849E+01   1.9953E+01   0.0000E+00  0.0000
   1.9953E+01   2.5119E+01   0.0000E+00  0.0000
   2.5119E+01   3.1623E+01   0.0000E+00  0.0000
   3.1623E+01   3.9811E+01   0.0000E+00  0.0000
   3.9811E+01   5.0119E+01   0.0000E+00  0.0000
   5.0119E+01   6.3096E+01   0.0000E+00  0.0000
   6.3096E+01   7.9433E+01   0.0000E+00  0.0000
   7.9433E+01   1.0000E+02   0.0000E+00  0.0000
   1.0000E+02   1.2589E+02   0.0000E+00  0.0000
   1.2589E+02   1.5849E+02   0.0000E+00  0.0000
   1.5849E+02   1.9953E+02   0.0000E+00  0.0000
   1.9953E+02   2.5119E+02   0.0000E+00  0.0000
   2.5119E+02   3.1623E+02   0.0000E+00  0.0000
   3.1623E+02   3.9811E+02   0.0000E+00  0.0000
   3.9811E+02   5.0119E+02   0.0000E+00  0.0000
   5.0119E+02   6.3096E+02   0.0000E+00  0.0000
   6.3096E+02   7.9433E+02   0.0000E+00  0.0000
   7.9433E+02   1.0000E+03   0.0000E+00  0.0000

#   sum over                 6.4920E-02  0.0246

'no. =  4,  reg  =    401'
msuc: {\huge Neutron track length in active He-3 gas}
msdr: {\it plotted by \ANGEL \version}
msdl: {\it calculated by \PHITS  3.36}
wt: s(0.7)
\vspace{-3}
   vol  &=&   1.0000E+00 [cm^3]
e:
 
# Information for Restart Calculation
# This calculation was newly started
# istdev =  2 # 1:Batch variance, 2:History variance
# resc2  = 1.49831508076812694E+05 # Total source weight or Total source weight / maxcas
# resc3  = 1.50000000000000000E+05 # Total history number or Total batch number
# maxcas =      150000 # History / Batch, only used for istdev=1
# bitrseed = 1011000011010100110111110111001110100010100111110010110011001111 # bit data of rseed
