[ T-Track ]
    title = All particle flux in air (region mesh)
     mesh =  reg            # mesh type is region-wise
      reg = 10
   e-type =    2            # e-mesh is linear given by emin, emax and ne
     emin =  1.0000000E-09  # minimum value of e-mesh points
     emax =   100000.0      # maximum value of e-mesh points
#    edel =   1666.667      # mesh width of e-mesh points
       ne =     60          # number of e-mesh points
#    data = ( e(i), i = 1, ne + 1 )
#           1.00000E-09  1.66667E+03  3.33333E+03  5.00000E+03  6.66667E+03
#           8.33333E+03  1.00000E+04  1.16667E+04  1.33333E+04  1.50000E+04
#           1.66667E+04  1.83333E+04  2.00000E+04  2.16667E+04  2.33333E+04
#           2.50000E+04  2.66667E+04  2.83333E+04  3.00000E+04  3.16667E+04
#           3.33333E+04  3.50000E+04  3.66667E+04  3.83333E+04  4.00000E+04
#           4.16667E+04  4.33333E+04  4.50000E+04  4.66667E+04  4.83333E+04
#           5.00000E+04  5.16667E+04  5.33333E+04  5.50000E+04  5.66667E+04
#           5.83333E+04  6.00000E+04  6.16667E+04  6.33333E+04  6.50000E+04
#           6.66667E+04  6.83333E+04  7.00000E+04  7.16667E+04  7.33333E+04
#           7.50000E+04  7.66667E+04  7.83333E+04  8.00000E+04  8.16667E+04
#           8.33333E+04  8.50000E+04  8.66667E+04  8.83333E+04  9.00000E+04
#           9.16667E+04  9.33333E+04  9.50000E+04  9.66667E+04  9.83333E+04
#           1.00000E+05
     unit =    1            # unit is [1/cm^2/source]
 material =  all            # (D=all) number of specific material
     axis =     eng            # axis of output
     file = allparticle_flux_energy.out  # file name of output for the above axis
     part =  all      
# kf/name :  0        
   epsout =    1            # (D=0) generate eps file by ANGEL
#    used :        main (  %)        temp (  %)       total (  %)
#  memory :          67 (  0)           0 (  0)          67 (  0)

#------------------------------------------------------------------------------
#newpage:
#   no. =  1   reg =     10

x: Energy [MeV/n]
y: Flux [1/cm^2/source]              
p: xlin ylog afac(0.8) form(0.9)
h: n            x            y(all     ),hh0l n  
#  e-lower      e-upper        all       r.err 
   1.0000E-09   1.6667E+03   3.7215E+07  0.0219
   1.6667E+03   3.3333E+03   1.0023E+07  0.0440
   3.3333E+03   5.0000E+03   3.0514E+06  0.0807
   5.0000E+03   6.6667E+03   1.6722E+06  0.1116
   6.6667E+03   8.3333E+03   1.0632E+06  0.1382
   8.3333E+03   1.0000E+04   6.1562E+05  0.1824
   1.0000E+04   1.1667E+04   4.5597E+05  0.2152
   1.1667E+04   1.3333E+04   2.9117E+05  0.2605
   1.3333E+04   1.5000E+04   1.9574E+05  0.3338
   1.5000E+04   1.6667E+04   1.3581E+05  0.3696
   1.6667E+04   1.8333E+04   9.1452E+04  0.4620
   1.8333E+04   2.0000E+04   1.0870E+05  0.4513
   2.0000E+04   2.1667E+04   1.1047E+05  0.4306
   2.1667E+04   2.3333E+04   6.5206E+04  0.5377
   2.3333E+04   2.5000E+04   1.5413E+05  0.3821
   2.5000E+04   2.6667E+04   3.6300E+04  0.7082
   2.6667E+04   2.8333E+04   3.6584E+04  0.7085
   2.8333E+04   3.0000E+04   2.6283E+04  1.0000
   3.0000E+04   3.1667E+04   2.6043E+04  1.0000
   3.1667E+04   3.3333E+04   0.0000E+00  0.0000
   3.3333E+04   3.5000E+04   2.5600E+04  1.0000
   3.5000E+04   3.6667E+04   1.7825E+04  1.0000
   3.6667E+04   3.8333E+04   0.0000E+00  0.0000
   3.8333E+04   4.0000E+04   2.7687E+04  1.0000
   4.0000E+04   4.1667E+04   0.0000E+00  0.0000
   4.1667E+04   4.3333E+04   2.3746E+04  1.0000
   4.3333E+04   4.5000E+04   0.0000E+00  0.0000
   4.5000E+04   4.6667E+04   2.2348E+04  1.0000
   4.6667E+04   4.8333E+04   0.0000E+00  0.0000
   4.8333E+04   5.0000E+04   0.0000E+00  0.0000
   5.0000E+04   5.1667E+04   0.0000E+00  0.0000
   5.1667E+04   5.3333E+04   1.7875E+04  1.0000
   5.3333E+04   5.5000E+04   1.6160E+04  1.0000
   5.5000E+04   5.6667E+04   1.8752E+04  1.0000
   5.6667E+04   5.8333E+04   0.0000E+00  0.0000
   5.8333E+04   6.0000E+04   1.8811E+04  1.0000
   6.0000E+04   6.1667E+04   3.5008E+04  0.7624
   6.1667E+04   6.3333E+04   2.2958E+04  1.0000
   6.3333E+04   6.5000E+04   0.0000E+00  0.0000
   6.5000E+04   6.6667E+04   0.0000E+00  0.0000
   6.6667E+04   6.8333E+04   0.0000E+00  0.0000
   6.8333E+04   7.0000E+04   0.0000E+00  0.0000
   7.0000E+04   7.1667E+04   0.0000E+00  0.0000
   7.1667E+04   7.3333E+04   0.0000E+00  0.0000
   7.3333E+04   7.5000E+04   0.0000E+00  0.0000
   7.5000E+04   7.6667E+04   0.0000E+00  0.0000
   7.6667E+04   7.8333E+04   0.0000E+00  0.0000
   7.8333E+04   8.0000E+04   0.0000E+00  0.0000
   8.0000E+04   8.1667E+04   0.0000E+00  0.0000
   8.1667E+04   8.3333E+04   0.0000E+00  0.0000
   8.3333E+04   8.5000E+04   0.0000E+00  0.0000
   8.5000E+04   8.6667E+04   0.0000E+00  0.0000
   8.6667E+04   8.8333E+04   0.0000E+00  0.0000
   8.8333E+04   9.0000E+04   0.0000E+00  0.0000
   9.0000E+04   9.1667E+04   0.0000E+00  0.0000
   9.1667E+04   9.3333E+04   0.0000E+00  0.0000
   9.3333E+04   9.5000E+04   0.0000E+00  0.0000
   9.5000E+04   9.6667E+04   0.0000E+00  0.0000
   9.6667E+04   9.8333E+04   0.0000E+00  0.0000
   9.8333E+04   1.0000E+05   0.0000E+00  0.0000

#   sum over                 5.5621E+07  0.0169

'no. =  1,  reg  =     10'
msuc: {\huge All particle flux in air (region mesh)}
msdr: {\it plotted by \ANGEL \version}
msdl: {\it calculated by \PHITS  3.36}
wt: s(0.7)
\vspace{-3}
   vol  &=&   1.0000E+00 [cm^3]
e:
 
# Information for Restart Calculation
# This calculation was newly started
# istdev =  2 # 1:Batch variance, 2:History variance
# resc2  = 1.44468634178834994E-02 # Total source weight or Total source weight / maxcas
# resc3  = 1.00000000000000000E+04 # Total history number or Total batch number
# maxcas =        1000 # History / Batch, only used for istdev=1
# bitrseed = 0111011010010100011001101100101001110100011011011011110011011010 # bit data of rseed
