           _________________________________________________________
          |                                                         |
          |       _/_/_/_/                                          |
          |      _/      _/                  _/_/_/_/_/_/           |
          |     _/      _/  _/      _/   _/      _/      _/_/_/_/_/ |
          |    _/_/_/_/    _/      _/   _/      _/      _/          |
          |   _/          _/_/_/_/_/   _/      _/       _/_/_/_/    |
          |  _/          _/      _/   _/      _/              _/    |
          | _/          _/      _/   _/      _/      _/_/_/_/_/     |
          |                                                         |
          |                                                         |
          |       Particle and Heavy Ion Transport code System      |
          |                      Version =  3.360                   |
          |                       developed by                      |
          |                                                         |
          |  Tatsuhiko SATO, Yosuke IWAMOTO, Shintaro HASHIMOTO,    |
          |    Tatsuhiko OGAWA, Takuya FURUTA, Shinichiro ABE,      |
          |    Takeshi KAI, Norihiro MATSUDA, Yusuke MATSUYA,       |
          |      Yuho HIRATA, Takuya SEKIKAWA, Seiki Ohnish,        |
          |                     Yao LAN (JAEA),                     |
          |  Hiroshi IWASE, Yasuhito SAKAKI, Kenta SUGIHARA (KEK),  |
          |           Nobuhiro SHIGYO (Kyushu University),          |
          |     Hunter RATLIFF (Haukeland University Hospital),     |
          |  Lembit SIHVER (University of Texas Rio Grande Valley), |
          |                  and Koji NIITA (RIST)                  |
          |                                                         |
          |                 Last Revised  2026-03-24                |
          |_________________________________________________________|

                        Starting Date = 2026-08-18
                        Starting Time = 17h 14m 09

>>> Input Echo >>>=============================================================

[ Title ]
宇宙線中性子フラックス計算 (KEK つくば, 海抜0m)
Cosmic-ray neutron flux simulation for KEK Tsukuba (sea level)

[ Parameters ]
 icntl    =           0     # (D=0) 3:ECH 5:NOR 6:SRC 7,8:GSH 11:DSH 12:DUMP
 maxcas   =        1000     # (D=10) number of particles per one batch
 maxbch   =          10     # (D=10) number of batches
 e-mode   =           2     # (D=0) 0: Normal, 1: Event generator mode Ver.1, 2: Ver.2
 irqmd    =           1     # (D=0) 0: JQMD legacy version, 1: JQMD-2.0
 negs     =           2     # (D=-1) =-1:original, =0:No, =1:EGS, =2:EGS(HE)
 mdbatima =        3000     # (D=500) max database size of ATIMA
 maxbnk   =      100000     # (D=10000) maximum bank memory length
 imevperu =           1     # (D=1) currently recommended to use iMeVperN instead of iMeVperU
 esmax    =  100000000.     # (D=1.0e6) max energy/u for charged particle range
 emin(12) =  1.00000000     # (D=1.e+9) cut-off energy of electron (MeV)
 emin(13) =  1.00000000     # (D=1.e+9) cut-off energy of positron (MeV)

[ Source ]
  totfact =  6.92192E+05    # (D=1.0) global factor
$ totfact =  6.92192E+05    # revised global factor by e-type = 25,26,28 or 29

 <Source> =   5.0432        # weight of this sub-source
$<Source> =   5.0432        # revised <source> by e-type=25,26,28 or 29
   s-type =   9             # spherical source
     proj =  proton         # kind of incident particle         
       x0 =   0.0000        # (D=0.0) center position of x-axis [cm]
       y0 =   0.0000        # (D=0.0) center position of y-axis [cm]
       z0 =   0.0000        # (D=0.0) center position of z-axis [cm]
       r1 =   200.00        # inner radius [cm]
       r2 =   200.00        # outer radius [cm]
      dir =  iso            # inner direction with uniform dis. by analog
      ag1 =  -1.0000        # minimum zenith angle in cosine
      ag2 =   1.0000        # maximum zenith angle in cosine
      pg1 =   0.0000        # minimum azimuth angle in degree
      pg2 =   360.00        # maximum azimuth angle in degree
   e-type =  25             # Cosmic-ray source
      eg1 =   1.0000        # minimum cutoff energy [MeV]
      eg2 =  1.00000E+06    # maximum cutoff energy [MeV]
       nm = -200            # number of energy mesh
                            # nm>0: lin, nm<0: log mesh and interpolation
#   e-type = 21             # energy distribution given by data
#      ne = -200            # number of energy bin
#  e-lower      fluence(/cm2/s/(MeV/n))
#  1.00000E+00  1.12497E-05
#  1.07152E+00  1.26077E-05
#  1.14815E+00  1.41217E-05
#  1.23027E+00  1.58085E-05
#  1.31826E+00  1.76864E-05
#  1.41254E+00  1.97755E-05
#  1.51356E+00  2.20977E-05
#  1.62181E+00  2.46770E-05
#  1.73780E+00  2.75393E-05
#  1.86209E+00  3.07132E-05
#  1.99526E+00  3.42292E-05
#  2.13796E+00  3.81210E-05
#  2.29087E+00  4.24246E-05
#  2.45471E+00  4.71790E-05
#  2.63027E+00  5.24265E-05
#  2.81838E+00  5.82123E-05
#  3.01995E+00  6.45851E-05
#  3.23594E+00  7.15970E-05
#  3.46737E+00  7.93038E-05
#  3.71535E+00  8.77649E-05
#  3.98107E+00  9.70436E-05
#  4.26580E+00  1.07207E-04
#  4.57088E+00  1.18326E-04
#  4.89779E+00  1.30476E-04
#  5.24807E+00  1.43735E-04
#  5.62341E+00  1.58186E-04
#  6.02560E+00  1.73916E-04
#  6.45654E+00  1.91013E-04
#  6.91831E+00  2.09572E-04
#  7.41310E+00  2.29688E-04
#  7.94328E+00  2.51461E-04
#  8.51138E+00  2.74991E-04
#  9.12011E+00  3.00381E-04
#  9.77237E+00  3.27735E-04
#  1.04713E+01  3.57157E-04
#  1.12202E+01  3.88751E-04
#  1.20226E+01  4.22621E-04
#  1.28825E+01  4.58866E-04
#  1.38038E+01  4.97584E-04
#  1.47911E+01  5.38868E-04
#  1.58489E+01  5.82804E-04
#  1.69824E+01  6.29473E-04
#  1.81970E+01  6.78947E-04
#  1.94984E+01  7.31286E-04
#  2.08930E+01  7.86539E-04
#  2.23872E+01  8.44744E-04
#  2.39883E+01  9.05920E-04
#  2.57040E+01  9.70070E-04
#  2.75423E+01  1.03718E-03
#  2.95121E+01  1.10721E-03
#  3.16228E+01  1.18011E-03
#  3.38844E+01  1.25579E-03
#  3.63078E+01  1.33413E-03
#  3.89045E+01  1.41501E-03
#  4.16869E+01  1.49826E-03
#  4.46684E+01  1.58367E-03
#  4.78630E+01  1.67103E-03
#  5.12861E+01  1.76006E-03
#  5.49541E+01  1.85047E-03
#  5.88844E+01  1.94193E-03
#  6.30957E+01  2.03408E-03
#  6.76083E+01  2.12652E-03
#  7.24436E+01  2.21883E-03
#  7.76247E+01  2.31053E-03
#  8.31764E+01  2.40115E-03
#  8.91251E+01  2.49016E-03
#  9.54993E+01  2.57703E-03
#  1.02329E+02  2.66120E-03
#  1.09648E+02  2.74208E-03
#  1.17490E+02  2.81910E-03
#  1.25893E+02  2.89165E-03
#  1.34896E+02  2.95915E-03
#  1.44544E+02  3.02100E-03
#  1.54882E+02  3.07663E-03
#  1.65959E+02  3.12549E-03
#  1.77828E+02  3.16705E-03
#  1.90546E+02  3.20084E-03
#  2.04174E+02  3.22640E-03
#  2.18776E+02  3.24334E-03
#  2.34423E+02  3.25134E-03
#  2.51189E+02  3.25015E-03
#  2.69153E+02  3.23956E-03
#  2.88403E+02  3.21949E-03
#  3.09030E+02  3.18991E-03
#  3.31131E+02  3.15091E-03
#  3.54813E+02  3.10264E-03
#  3.80189E+02  3.04537E-03
#  4.07380E+02  2.97946E-03
#  4.36516E+02  2.90535E-03
#  4.67735E+02  2.82358E-03
#  5.01187E+02  2.73477E-03
#  5.37032E+02  2.63959E-03
#  5.75440E+02  2.53879E-03
#  6.16595E+02  2.43319E-03
#  6.60693E+02  2.32363E-03
#  7.07946E+02  2.21096E-03
#  7.58578E+02  2.09609E-03
#  8.12831E+02  1.97988E-03
#  8.70964E+02  1.86320E-03
#  9.33254E+02  1.74690E-03
#  1.00000E+03  1.63176E-03
#  1.07152E+03  1.51855E-03
#  1.14815E+03  1.40793E-03
#  1.23027E+03  1.30053E-03
#  1.31826E+03  1.19688E-03
#  1.41254E+03  1.09745E-03
#  1.51356E+03  1.00261E-03
#  1.62181E+03  9.12658E-04
#  1.73780E+03  8.27807E-04
#  1.86209E+03  7.48196E-04
#  1.99526E+03  6.73889E-04
#  2.13796E+03  6.04885E-04
#  2.29087E+03  5.41123E-04
#  2.45471E+03  4.82486E-04
#  2.63027E+03  4.28816E-04
#  2.81838E+03  3.79915E-04
#  3.01995E+03  3.35556E-04
#  3.23594E+03  2.95489E-04
#  3.46737E+03  2.59448E-04
#  3.71535E+03  2.27160E-04
#  3.98107E+03  1.98346E-04
#  4.26580E+03  1.72728E-04
#  4.57088E+03  1.50034E-04
#  4.89779E+03  1.30000E-04
#  5.24807E+03  1.12374E-04
#  5.62341E+03  9.69155E-05
#  6.02560E+03  8.34001E-05
#  6.45654E+03  7.16184E-05
#  6.91831E+03  6.13772E-05
#  7.41310E+03  5.24990E-05
#  7.94328E+03  4.48224E-05
#  8.51138E+03  3.82010E-05
#  9.12011E+03  3.25032E-05
#  9.77237E+03  2.76112E-05
#  1.04713E+04  2.34199E-05
#  1.12202E+04  1.98363E-05
#  1.20226E+04  1.67780E-05
#  1.28825E+04  1.41728E-05
#  1.38038E+04  1.19575E-05
#  1.47911E+04  1.00767E-05
#  1.58489E+04  8.48240E-06
#  1.69824E+04  7.13293E-06
#  1.81970E+04  5.99227E-06
#  1.94984E+04  5.02935E-06
#  2.08930E+04  4.21748E-06
#  2.23872E+04  3.53376E-06
#  2.39883E+04  2.95859E-06
#  2.57040E+04  2.47523E-06
#  2.75423E+04  2.06941E-06
#  2.95121E+04  1.72902E-06
#  3.16228E+04  1.44374E-06
#  3.38844E+04  1.20484E-06
#  3.63078E+04  1.00493E-06
#  3.89045E+04  8.37772E-07
#  4.16869E+04  6.98089E-07
#  4.46684E+04  5.81438E-07
#  4.78630E+04  4.84078E-07
#  5.12861E+04  4.02865E-07
#  5.49541E+04  3.35154E-07
#  5.88844E+04  2.78728E-07
#  6.30957E+04  2.31728E-07
#  6.76083E+04  1.92595E-07
#  7.24436E+04  1.60026E-07
#  7.76247E+04  1.32930E-07
#  8.31764E+04  1.10394E-07
#  8.91251E+04  9.16583E-08
#  9.54993E+04  7.60857E-08
#  1.02329E+05  6.31462E-08
#  1.09648E+05  5.23973E-08
#  1.17490E+05  4.34705E-08
#  1.25893E+05  3.60586E-08
#  1.34896E+05  2.99058E-08
#  1.44544E+05  2.47993E-08
#  1.54882E+05  2.05621E-08
#  1.65959E+05  1.70466E-08
#  1.77828E+05  1.41305E-08
#  1.90546E+05  1.17120E-08
#  2.04174E+05  9.70643E-09
#  2.18776E+05  8.04353E-09
#  2.34423E+05  6.66491E-09
#  2.51189E+05  5.52212E-09
#  2.69153E+05  4.57492E-09
#  2.88403E+05  3.78991E-09
#  3.09030E+05  3.13939E-09
#  3.31131E+05  2.60036E-09
#  3.54813E+05  2.15376E-09
#  3.80189E+05  1.78376E-09
#  4.07380E+05  1.47724E-09
#  4.36516E+05  1.22334E-09
#  4.67735E+05  1.01303E-09
#  5.01187E+05  8.38841E-10
#  5.37032E+05  6.94576E-10
#  5.75440E+05  5.75100E-10
#  6.16595E+05  4.76160E-10
#  6.60693E+05  3.94229E-10
#  7.07946E+05  3.26385E-10
#  7.58578E+05  2.70209E-10
#  8.12831E+05  2.23697E-10
#  8.70964E+05  1.85186E-10
#  9.33254E+05  1.53301E-10
    icenv =   0             # 0>: Terrestiral GCR, D=0: Free-space GCR, <0:Free-space SEP
 solarmod =   0.0000        # Solar activity W-index
    rigid =   0.0000        # Cut-off rigidity in GV
  depatom =   0.0000        # Atmospheric depth in g/cm2
  environ =  0.15000        # Surrounding environment (icenv=2-4) or SPE index (icenv=-1)

 <Source> =  0.46505        # weight of this sub-source
$<Source> =  0.46505        # revised <source> by e-type=25,26,28 or 29
   s-type =   9             # spherical source
     proj =  alpha          # kind of incident particle         
       x0 =   0.0000        # (D=0.0) center position of x-axis [cm]
       y0 =   0.0000        # (D=0.0) center position of y-axis [cm]
       z0 =   0.0000        # (D=0.0) center position of z-axis [cm]
       r1 =   200.00        # inner radius [cm]
       r2 =   200.00        # outer radius [cm]
      dir =  iso            # inner direction with uniform dis. by analog
      ag1 =  -1.0000        # minimum zenith angle in cosine
      ag2 =   1.0000        # maximum zenith angle in cosine
      pg1 =   0.0000        # minimum azimuth angle in degree
      pg2 =   360.00        # maximum azimuth angle in degree
   e-type =  25             # Cosmic-ray source
      eg1 =   1.0000        # minimum cutoff energy [MeV]
      eg2 =  1.00000E+06    # maximum cutoff energy [MeV]
       nm = -200            # number of energy mesh
                            # nm>0: lin, nm<0: log mesh and interpolation
#   e-type = 21             # energy distribution given by data
#      ne = -200            # number of energy bin
#  e-lower      fluence(/cm2/s/(MeV/n))
#  1.00000E+00  5.11071E-06
#  1.07152E+00  5.69413E-06
#  1.14815E+00  6.33846E-06
#  1.23027E+00  7.04923E-06
#  1.31826E+00  7.83235E-06
#  1.41254E+00  8.69415E-06
#  1.51356E+00  9.64137E-06
#  1.62181E+00  1.06811E-05
#  1.73780E+00  1.18210E-05
#  1.86209E+00  1.30691E-05
#  1.99526E+00  1.44336E-05
#  2.13796E+00  1.59236E-05
#  2.29087E+00  1.75481E-05
#  2.45471E+00  1.93169E-05
#  2.63027E+00  2.12399E-05
#  2.81838E+00  2.33276E-05
#  3.01995E+00  2.55904E-05
#  3.23594E+00  2.80395E-05
#  3.46737E+00  3.06859E-05
#  3.71535E+00  3.35409E-05
#  3.98107E+00  3.66160E-05
#  4.26580E+00  3.99227E-05
#  4.57088E+00  4.34723E-05
#  4.89779E+00  4.72763E-05
#  5.24807E+00  5.13456E-05
#  5.62341E+00  5.56911E-05
#  6.02560E+00  6.03231E-05
#  6.45654E+00  6.52513E-05
#  6.91831E+00  7.04849E-05
#  7.41310E+00  7.60322E-05
#  7.94328E+00  8.19006E-05
#  8.51138E+00  8.80963E-05
#  9.12011E+00  9.46244E-05
#  9.77237E+00  1.01489E-04
#  1.04713E+01  1.08691E-04
#  1.12202E+01  1.16232E-04
#  1.20226E+01  1.24111E-04
#  1.28825E+01  1.32324E-04
#  1.38038E+01  1.40867E-04
#  1.47911E+01  1.49730E-04
#  1.58489E+01  1.58906E-04
#  1.69824E+01  1.68380E-04
#  1.81970E+01  1.78139E-04
#  1.94984E+01  1.88166E-04
#  2.08930E+01  1.98439E-04
#  2.23872E+01  2.08936E-04
#  2.39883E+01  2.19632E-04
#  2.57040E+01  2.30498E-04
#  2.75423E+01  2.41502E-04
#  2.95121E+01  2.52611E-04
#  3.16228E+01  2.63787E-04
#  3.38844E+01  2.74993E-04
#  3.63078E+01  2.86185E-04
#  3.89045E+01  2.97319E-04
#  4.16869E+01  3.08349E-04
#  4.46684E+01  3.19226E-04
#  4.78630E+01  3.29900E-04
#  5.12861E+01  3.40318E-04
#  5.49541E+01  3.50428E-04
#  5.88844E+01  3.60174E-04
#  6.30957E+01  3.69502E-04
#  6.76083E+01  3.78356E-04
#  7.24436E+01  3.86681E-04
#  7.76247E+01  3.94421E-04
#  8.31764E+01  4.01523E-04
#  8.91251E+01  4.07934E-04
#  9.54993E+01  4.13603E-04
#  1.02329E+02  4.18481E-04
#  1.09648E+02  4.22524E-04
#  1.17490E+02  4.25688E-04
#  1.25893E+02  4.27937E-04
#  1.34896E+02  4.29236E-04
#  1.44544E+02  4.29557E-04
#  1.54882E+02  4.28878E-04
#  1.65959E+02  4.27182E-04
#  1.77828E+02  4.24460E-04
#  1.90546E+02  4.20708E-04
#  2.04174E+02  4.15933E-04
#  2.18776E+02  4.10145E-04
#  2.34423E+02  4.03367E-04
#  2.51189E+02  3.95626E-04
#  2.69153E+02  3.86961E-04
#  2.88403E+02  3.77416E-04
#  3.09030E+02  3.67045E-04
#  3.31131E+02  3.55907E-04
#  3.54813E+02  3.44072E-04
#  3.80189E+02  3.31611E-04
#  4.07380E+02  3.18606E-04
#  4.36516E+02  3.05140E-04
#  4.67735E+02  2.91302E-04
#  5.01187E+02  2.77180E-04
#  5.37032E+02  2.62868E-04
#  5.75440E+02  2.48457E-04
#  6.16595E+02  2.34038E-04
#  6.60693E+02  2.19698E-04
#  7.07946E+02  2.05523E-04
#  7.58578E+02  1.91591E-04
#  8.12831E+02  1.77978E-04
#  8.70964E+02  1.64751E-04
#  9.33254E+02  1.51968E-04
#  1.00000E+03  1.39683E-04
#  1.07152E+03  1.27940E-04
#  1.14815E+03  1.16772E-04
#  1.23027E+03  1.06207E-04
#  1.31826E+03  9.62636E-05
#  1.41254E+03  8.69513E-05
#  1.51356E+03  7.82730E-05
#  1.62181E+03  7.02245E-05
#  1.73780E+03  6.27953E-05
#  1.86209E+03  5.59695E-05
#  1.99526E+03  4.97264E-05
#  2.13796E+03  4.40415E-05
#  2.29087E+03  3.88871E-05
#  2.45471E+03  3.42333E-05
#  2.63027E+03  3.00487E-05
#  2.81838E+03  2.63008E-05
#  3.01995E+03  2.29570E-05
#  3.23594E+03  1.99848E-05
#  3.46737E+03  1.73524E-05
#  3.71535E+03  1.50291E-05
#  3.98107E+03  1.29855E-05
#  4.26580E+03  1.11937E-05
#  4.57088E+03  9.62750E-06
#  4.89779E+03  8.26268E-06
#  5.24807E+03  7.07672E-06
#  5.62341E+03  6.04901E-06
#  6.02560E+03  5.16077E-06
#  6.45654E+03  4.39500E-06
#  6.91831E+03  3.73641E-06
#  7.41310E+03  3.17128E-06
#  7.94328E+03  2.68742E-06
#  8.51138E+03  2.27399E-06
#  9.12011E+03  1.92143E-06
#  9.77237E+03  1.62135E-06
#  1.04713E+04  1.36640E-06
#  1.12202E+04  1.15014E-06
#  1.20226E+04  9.67002E-07
#  1.28825E+04  8.12145E-07
#  1.38038E+04  6.81390E-07
#  1.47911E+04  5.71134E-07
#  1.58489E+04  4.78281E-07
#  1.69824E+04  4.00180E-07
#  1.81970E+04  3.34560E-07
#  1.94984E+04  2.79487E-07
#  2.08930E+04  2.33312E-07
#  2.23872E+04  1.94633E-07
#  2.39883E+04  1.62264E-07
#  2.57040E+04  1.35196E-07
#  2.75423E+04  1.12581E-07
#  2.95121E+04  9.36987E-08
#  3.16228E+04  7.79449E-08
#  3.38844E+04  6.48096E-08
#  3.63078E+04  5.38643E-08
#  3.89045E+04  4.47491E-08
#  4.16869E+04  3.71622E-08
#  4.46684E+04  3.08505E-08
#  4.78630E+04  2.56021E-08
#  5.12861E+04  2.12398E-08
#  5.49541E+04  1.76157E-08
#  5.88844E+04  1.46058E-08
#  6.30957E+04  1.21071E-08
#  6.76083E+04  1.00334E-08
#  7.24436E+04  8.31301E-09
#  7.76247E+04  6.88614E-09
#  8.31764E+04  5.70304E-09
#  8.91251E+04  4.72233E-09
#  9.54993E+04  3.90959E-09
#  1.02329E+05  3.23619E-09
#  1.09648E+05  2.67838E-09
#  1.17490E+05  2.21640E-09
#  1.25893E+05  1.83385E-09
#  1.34896E+05  1.51715E-09
#  1.44544E+05  1.25499E-09
#  1.54882E+05  1.03803E-09
#  1.65959E+05  8.58479E-10
#  1.77828E+05  7.09922E-10
#  1.90546E+05  5.87020E-10
#  2.04174E+05  4.85355E-10
#  2.18776E+05  4.01265E-10
#  2.34423E+05  3.31721E-10
#  2.51189E+05  2.74211E-10
#  2.69153E+05  2.26657E-10
#  2.88403E+05  1.87339E-10
#  3.09030E+05  1.54833E-10
#  3.31131E+05  1.27961E-10
#  3.54813E+05  1.05747E-10
#  3.80189E+05  8.73861E-11
#  4.07380E+05  7.22099E-11
#  4.36516E+05  5.96670E-11
#  4.67735E+05  4.93011E-11
#  5.01187E+05  4.07346E-11
#  5.37032E+05  3.36556E-11
#  5.75440E+05  2.78059E-11
#  6.16595E+05  2.29724E-11
#  6.60693E+05  1.89785E-11
#  7.07946E+05  1.56787E-11
#  7.58578E+05  1.29523E-11
#  8.12831E+05  1.06998E-11
#  8.70964E+05  8.83881E-12
#  9.33254E+05  7.30138E-12
    icenv =   0             # 0>: Terrestiral GCR, D=0: Free-space GCR, <0:Free-space SEP
 solarmod =   0.0000        # Solar activity W-index
    rigid =   0.0000        # Cut-off rigidity in GV
  depatom =   0.0000        # Atmospheric depth in g/cm2
  environ =  0.15000        # Surrounding environment (icenv=2-4) or SPE index (icenv=-1)

[ Material ]
MAT[ 1 ] 
           N          7.5530000E-01
           O          2.3180000E-01
           Ar         1.2900000E-02

[ Cell ]
 10          1 -1.2050000E-03  -2 1 
 99         -1                 2 

[ Surface ]
 1             so    1.0000000E-03
 2             so    2.0000000E+02

[ T-Track ]
    title = Neutron flux in air (region mesh)
     mesh =  reg            # mesh type is region-wise
      reg = 10
   e-type =    2            # e-mesh is linear given by emin, emax and ne
     emin =  1.0000000E-09  # minimum value of e-mesh points
     emax =   100000.0      # maximum value of e-mesh points
#    edel =   1666.667      # mesh width of e-mesh points
       ne =     60          # number of e-mesh points
#    data = ( e(i), i = 1, ne + 1 )
#           1.00000E-09  1.66667E+03  3.33333E+03  5.00000E+03  6.66667E+03
#           8.33333E+03  1.00000E+04  1.16667E+04  1.33333E+04  1.50000E+04
#           1.66667E+04  1.83333E+04  2.00000E+04  2.16667E+04  2.33333E+04
#           2.50000E+04  2.66667E+04  2.83333E+04  3.00000E+04  3.16667E+04
#           3.33333E+04  3.50000E+04  3.66667E+04  3.83333E+04  4.00000E+04
#           4.16667E+04  4.33333E+04  4.50000E+04  4.66667E+04  4.83333E+04
#           5.00000E+04  5.16667E+04  5.33333E+04  5.50000E+04  5.66667E+04
#           5.83333E+04  6.00000E+04  6.16667E+04  6.33333E+04  6.50000E+04
#           6.66667E+04  6.83333E+04  7.00000E+04  7.16667E+04  7.33333E+04
#           7.50000E+04  7.66667E+04  7.83333E+04  8.00000E+04  8.16667E+04
#           8.33333E+04  8.50000E+04  8.66667E+04  8.83333E+04  9.00000E+04
#           9.16667E+04  9.33333E+04  9.50000E+04  9.66667E+04  9.83333E+04
#           1.00000E+05
     unit =    1            # unit is [1/cm^2/source]
 material =  all            # (D=all) number of specific material
     axis =     eng            # axis of output
     file = neutron_flux_energy.out  # file name of output for the above axis
     part =  neutron  
# kf/name :  2112     
   epsout =    1            # (D=0) generate eps file by ANGEL
#    used :        main (  %)        temp (  %)       total (  %)
#  memory :          67 (  0)           0 (  0)          67 (  0)

[ T-Track ]
    title = All particle flux in air (region mesh)
     mesh =  reg            # mesh type is region-wise
      reg = 10
   e-type =    2            # e-mesh is linear given by emin, emax and ne
     emin =  1.0000000E-09  # minimum value of e-mesh points
     emax =   100000.0      # maximum value of e-mesh points
#    edel =   1666.667      # mesh width of e-mesh points
       ne =     60          # number of e-mesh points
#    data = ( e(i), i = 1, ne + 1 )
#           1.00000E-09  1.66667E+03  3.33333E+03  5.00000E+03  6.66667E+03
#           8.33333E+03  1.00000E+04  1.16667E+04  1.33333E+04  1.50000E+04
#           1.66667E+04  1.83333E+04  2.00000E+04  2.16667E+04  2.33333E+04
#           2.50000E+04  2.66667E+04  2.83333E+04  3.00000E+04  3.16667E+04
#           3.33333E+04  3.50000E+04  3.66667E+04  3.83333E+04  4.00000E+04
#           4.16667E+04  4.33333E+04  4.50000E+04  4.66667E+04  4.83333E+04
#           5.00000E+04  5.16667E+04  5.33333E+04  5.50000E+04  5.66667E+04
#           5.83333E+04  6.00000E+04  6.16667E+04  6.33333E+04  6.50000E+04
#           6.66667E+04  6.83333E+04  7.00000E+04  7.16667E+04  7.33333E+04
#           7.50000E+04  7.66667E+04  7.83333E+04  8.00000E+04  8.16667E+04
#           8.33333E+04  8.50000E+04  8.66667E+04  8.83333E+04  9.00000E+04
#           9.16667E+04  9.33333E+04  9.50000E+04  9.66667E+04  9.83333E+04
#           1.00000E+05
     unit =    1            # unit is [1/cm^2/source]
 material =  all            # (D=all) number of specific material
     axis =     eng            # axis of output
     file = allparticle_flux_energy.out  # file name of output for the above axis
     part =  all      
# kf/name :  0        
   epsout =    1            # (D=0) generate eps file by ANGEL
#    used :        main (  %)        temp (  %)       total (  %)
#  memory :          67 (  0)           0 (  0)          67 (  0)

[END] of Input Echo <<<========================================================

<<< Report of real Geometry memory >>>
*           GG/CG memory =        2
*     total memory: mdas = 80000000
*                percent =     0.00 %

<<< Report of material memory for high energy>>>
*   high energy material =        1
*     total memory: mdas = 80000000
*                percent =     0.00 %

<<< Report of material memory for low energy>>>
*    low energy material =   128124
*     total memory: mdas = 80000000
*                percent =     0.16 %

<<< Report of real tally memory >>>
*      real tally memory =      134
*     total memory: mdas = 80000000
*                percent =     0.00 %

<<< Report of temporary tally memory >>>
* temporary tally memory =   128129
*     total memory: mdas = 80000000
*                percent =     0.16 %

<<< Report of total memory >>>
*      used total memory =   128130
*     total memory: mdas = 80000000
*                percent =     0.16 %
*                ---------------------

-------------------------------------------------------------------------------
bat[       1] ncas =           1000.
 bitrseed = 0100001010011000001011101100011110011000110110100110010000000000
          cpu time =   0.035 s.

-------------------------------------------------------------------------------
bat[       2] ncas =           2000.
 bitrseed = 0101000011000111010110101100111000100101101011010111101101011101
          cpu time =   0.010 s.

-------------------------------------------------------------------------------
bat[       3] ncas =           3000.
 bitrseed = 0101100011011011110001100101110111100110110100101110100101001100
          cpu time =   0.030 s.

-------------------------------------------------------------------------------
bat[       4] ncas =           4000.
 bitrseed = 0111101111011110101110001110111000001110000010010001000010100001
          cpu time =   0.023 s.

-------------------------------------------------------------------------------
bat[       5] ncas =           5000.
 bitrseed = 1000101001001101001010000000111010011100000001000110000001000000
          cpu time =   0.002 s.

-------------------------------------------------------------------------------
bat[       6] ncas =           6000.
 bitrseed = 1101111111001101100001000101010101010011110110101000101010011110
          cpu time =   0.012 s.

-------------------------------------------------------------------------------
bat[       7] ncas =           7000.
 bitrseed = 1001000011100101101101101011000010001010100000111001111101111011
          cpu time =   0.023 s.

-------------------------------------------------------------------------------
bat[       8] ncas =           8000.
 bitrseed = 1001011010111010111011011110110001001010000110111001011110011110
          cpu time =   0.012 s.

-------------------------------------------------------------------------------
bat[       9] ncas =           9000.
 bitrseed = 1101001111101111111101001001110111010001010011111101010010001001
          cpu time =   0.010 s.

-------------------------------------------------------------------------------
bat[      10] ncas =          10000.
 bitrseed = 1011100001101001100100111110100001000001010100101110010000011100
          cpu time =   0.018 s.

===============================================================================

 Summary for the end of job

-------------------------------------------------------------------------------
 number of analyz call vs ncol
-------------------------------------------------------------------------------
     ncol          number
        1              1.   : start of calculation            
        2              1.   : end of calculation              
        3             10.   : end of a batch                  
        4          10000.   : source                          
        5              0.   : detection of geometry error/warn
        6              0.   : recovery from geometry warning  
        7              0.   : termination by geometry error   
        8              0.   : termination by weight cut-off   
        9              0.   : termination by time cut-off     
       10              0.   : geometry boundary crossing      
       11             39.   : termination by energy cut-off   
       12          10063.   : termination by escape or leakage
       13              8.   : reaction : (n,x) type           
       14             17.   : reaction : (n,n'x) type         
       15             57.   : sequential transport for tally  

-------------------------------------------------------------------------------
 List of transport particles (not including source)
-------------------------------------------------------------------------------
     Name      kf-code        mass       charge   baryon
     proton       2212        938.3         1       1
     neutron      2112        939.6         0       1
     pion+         211        139.6         1       0
     pion0         111        135.0         0       0
     pion-        -211        139.6        -1       0
     muon+         -13        105.7         1       0
     photon         22          0.0         0       0
     deuteron  1000002       1875.6         1       2
     triton    1000003       2808.9         1       3
     3he       2000003       2808.4         2       3
     alpha     2000004       3727.4         2       4

     nu_mu          14          0.0         0       0

-------------------------------------------------------------------------------
 prod. particles       number        weight        weight per source
-------------------------------------------------------------------------------
     proton               34.     3.4000000E+01     2.3534520E+03
     neutron              24.     2.4000000E+01     1.6612603E+03
     photon               21.     2.1000000E+01     1.4536027E+03
     alpha                15.     1.5000000E+01     1.0382877E+03
     pion0                 5.     5.0000000E+00     3.4609589E+02
     deuteron              4.     4.0000000E+00     2.7687671E+02
     pion+                 4.     4.0000000E+00     2.7687671E+02
     other                 2.     2.0000000E+00     1.3843835E+02
     muon+                 2.     2.0000000E+00     1.3843835E+02
     triton                1.     1.0000000E+00     6.9219177E+01
     3he                   1.     1.0000000E+00     6.9219177E+01
     pion-                 1.     1.0000000E+00     6.9219177E+01

-------------------------------------------------------------------------------
 the other kind of produced particles
-------------------------------------------------------------------------------
     Name      kf-code        number     mass       charge   baryon
     nu_mu          14             2       0.0         0       0

-------------------------------------------------------------------------------
 particle decays       number        weight        weight per source
-------------------------------------------------------------------------------
     pion0                 5.     5.0000000E+00     3.4609589E+02
     pion+                 2.     2.0000000E+00     1.3843835E+02

-------------------------------------------------------------------------------
 stop. particles.    number        weight        weight per source
-------------------------------------------------------------------------------
     alpha                15.     1.5000000E+01     1.0382877E+03
     nucleus              13.     1.3000000E+01     8.9984930E+02
     proton                6.     6.0000000E+00     4.1531506E+02
     deuteron              3.     3.0000000E+00     2.0765753E+02
     triton                1.     1.0000000E+00     6.9219177E+01
     3he                   1.     1.0000000E+00     6.9219177E+01

-------------------------------------------------------------------------------
 leak. particles       number        weight        weight per source
-------------------------------------------------------------------------------
     proton             9170.     9.1700000E+03     6.3473986E+05
     alpha               840.     8.4000000E+02     5.8144109E+04
     neutron              24.     2.4000000E+01     1.6612603E+03
     photon               21.     2.1000000E+01     1.4536027E+03
     other                 2.     2.0000000E+00     1.3843835E+02
     pion+                 2.     2.0000000E+00     1.3843835E+02
     muon+                 2.     2.0000000E+00     1.3843835E+02
     deuteron              1.     1.0000000E+00     6.9219177E+01
     pion-                 1.     1.0000000E+00     6.9219177E+01

-------------------------------------------------------------------------------
 the other kind of leakage particles
-------------------------------------------------------------------------------
     Name      kf-code        number     mass       charge   baryon
     nu_mu          14             2       0.0         0       0

-------------------------------------------------------------------------------
 source: maxcas    maxbch      irskip   average weight          total source
-------------------------------------------------------------------------------
        1000          10           0    1.4446863E-06    1.4446863417883E-02

-------------------------------------------------------------------------------
 used ATIMA database
-------------------------------------------------------------------------------
     for dedx  =       17 / mdbatima =     3000

-------------------------------------------------------------------------------
 Geometry error summary
-------------------------------------------------------------------------------
 Number of lost particles     =     0 / nlost =       10
 Number of geometry recovering =     0
 Number of unrecovered errors =     0

-------------------------------------------------------------------------------
 initial random seed:
   bitrseed = 0100001010011000001011101100011110011000110110100110010000000000
 next initial random seed:
   bitrseed = 0111011010010100011001101100101001110100011011011011110011011010

-------------------------------------------------------------------------------
 job termination date : 2026/08/18
                 time :   17:14:09

-------------------------------------------------------------------------------
    CPU time and number of event called in PHITS
-------------------------------------------------------------------------------

                             sec
total cpu time =            0.60


                           count
      analysis =          20194.  : data processing
         nevap =             19.  : evaporation
        dexgam =              8.  : de-excitation
         nreac =             25.  : atomic and nuclear reactions
         dklos =              7.  : particle decay
         hydro =              0.  : nucleon-nucleon scattering
        n-data =              0.  : neutron data library
        h-data =              0.  : p, d, a data library
        p-data =              0.  : photon data library
        e-data =              0.  : electron data library
        p-egs5 =              0.  : photon interaction with EGS5
        e-egs5 =              0.  : electron interaction with EGS5
      e-tsmode =              0.  : electron track structure mode
    ion-tsmode =              0.  : ion track structure mode
     photonucl =              0.  : photo-nuclear reaction
 photonucl lib =              0.  : photo-nuclear reaction with library
       mu-reac =              0.  : muon-induced nuclear reaction
       mu-brem =              0.  : muon-induced bremsstrahlung
       mu-pprd =              0.  : muon-induced pair production
        mu-cap =              0.  : muon capture in nucleus
         elast =              3.  : elastic scattering
         ncasc =             66.  : nuclear reaction model

       bertini =              0.  : Bertini model
        isobar =              0.  : isobar model
           JAM =             19.  : JAM model
           QMD =              0.  : JQMD model
        JAMQMD =              0.  : JAMQMD model
          INCL =             47.  : INCL model
        INCELF =              0.  : INCELF model
     frag data =              0.  : user defined cross section
       SCINFUL =              0.  : SCINFUL mode

>>> Citation Request >>>=======================================================

 This execution uses model(s) that must be explicitly cited in addition to
 the PHITS original document: T.Sato et al., J.Nucl.Sci.Technol.61, 127-135 (2024).
 Please refer the following document(s) in your publication using this result

 The INCL model:
    A. Boudard et al., Phys. Rev C87, 014606 (2013).

 The EGS5 code:
    H. Hirayama et al., SLAC-R-730 (2005) and KEK Report 2005-8 (2005)

 The KUROTAMA model:
    K. Iida, A. Kohama, and K. Oyamatsu, J. Phys. Soc. Japan 76, 044201 (2007).

 END 
