[ T-Track ]
    title = Cosmic-ray neutron flux, xz section, deep cavity
     mesh =  xyz            # mesh type is xyz scoring mesh
   x-type =    2            # x-mesh is linear given by xmin, xmax and nx
     xmin =  -1200.000      # minimum value of x-mesh points
     xmax =   1200.000      # maximum value of x-mesh points
#    xdel =   40.00000      # mesh width of x-mesh points
       nx =     60          # number of x-mesh points
#    data = ( x(i), i = 1, nx + 1 )
#          -1.20000E+03 -1.16000E+03 -1.12000E+03 -1.08000E+03 -1.04000E+03
#          -1.00000E+03 -9.60000E+02 -9.20000E+02 -8.80000E+02 -8.40000E+02
#          -8.00000E+02 -7.60000E+02 -7.20000E+02 -6.80000E+02 -6.40000E+02
#          -6.00000E+02 -5.60000E+02 -5.20000E+02 -4.80000E+02 -4.40000E+02
#          -4.00000E+02 -3.60000E+02 -3.20000E+02 -2.80000E+02 -2.40000E+02
#          -2.00000E+02 -1.60000E+02 -1.20000E+02 -8.00000E+01 -4.00000E+01
#           0.00000E+00  4.00000E+01  8.00000E+01  1.20000E+02  1.60000E+02
#           2.00000E+02  2.40000E+02  2.80000E+02  3.20000E+02  3.60000E+02
#           4.00000E+02  4.40000E+02  4.80000E+02  5.20000E+02  5.60000E+02
#           6.00000E+02  6.40000E+02  6.80000E+02  7.20000E+02  7.60000E+02
#           8.00000E+02  8.40000E+02  8.80000E+02  9.20000E+02  9.60000E+02
#           1.00000E+03  1.04000E+03  1.08000E+03  1.12000E+03  1.16000E+03
#           1.20000E+03
   y-type =    2            # y-mesh is linear given by ymin, ymax and ny
     ymin =  -300.0000      # minimum value of y-mesh points
     ymax =   300.0000      # maximum value of y-mesh points
#    ydel =   600.0000      # mesh width of y-mesh points
       ny =      1          # number of y-mesh points
#    data = ( y(i), i = 1, ny + 1 )
#          -3.00000E+02  3.00000E+02
   z-type =    2            # z-mesh is linear given by zmin, zmax and nz
     zmin =  -1400.000      # minimum value of z-mesh points
     zmax =   800.0000      # maximum value of z-mesh points
#    zdel =   40.00000      # mesh width of z-mesh points
       nz =     55          # number of z-mesh points
#    data = ( z(i), i = 1, nz + 1 )
#          -1.40000E+03 -1.36000E+03 -1.32000E+03 -1.28000E+03 -1.24000E+03
#          -1.20000E+03 -1.16000E+03 -1.12000E+03 -1.08000E+03 -1.04000E+03
#          -1.00000E+03 -9.60000E+02 -9.20000E+02 -8.80000E+02 -8.40000E+02
#          -8.00000E+02 -7.60000E+02 -7.20000E+02 -6.80000E+02 -6.40000E+02
#          -6.00000E+02 -5.60000E+02 -5.20000E+02 -4.80000E+02 -4.40000E+02
#          -4.00000E+02 -3.60000E+02 -3.20000E+02 -2.80000E+02 -2.40000E+02
#          -2.00000E+02 -1.60000E+02 -1.20000E+02 -8.00000E+01 -4.00000E+01
#           0.00000E+00  4.00000E+01  8.00000E+01  1.20000E+02  1.60000E+02
#           2.00000E+02  2.40000E+02  2.80000E+02  3.20000E+02  3.60000E+02
#           4.00000E+02  4.40000E+02  4.80000E+02  5.20000E+02  5.60000E+02
#           6.00000E+02  6.40000E+02  6.80000E+02  7.20000E+02  7.60000E+02
#           8.00000E+02
   e-type =    2            # e-mesh is linear given by emin, emax and ne
     emin =  1.0000000E-09  # minimum value of e-mesh points
     emax =   1000000.      # maximum value of e-mesh points
#    edel =   1000000.      # mesh width of e-mesh points
       ne =      1          # number of e-mesh points
#    data = ( e(i), i = 1, ne + 1 )
#           1.00000E-09  1.00000E+06
     unit =    1            # unit is [1/cm^2/source]
 material =  all            # (D=all) number of specific material
  2D-type =    3            # 1:Cont, 2:Clust, 3:Color, 4:xyz, 5:mat, 6:Clust+Cont, 7:Col+Cont
     axis =      xz            # axis of output
     file = map_xz.out      # file name of output for the above axis
     part =  neutron  
# kf/name :  2112     
    gshow =    1            # 0: no 1:bnd, 2:bnd+mat, 3:bnd+reg 4:bnd+lat 5:bmp style
    resol =    1            # (D=1) resolution of gshow or rshow
    width = 0.5000000       # (D=0.5) width of lines for gshow or rshow
   epsout =    1            # (D=0) generate eps file by ANGEL
#    used :        main (  %)        temp (  %)       total (  %)
#  memory :         125 (  0)           0 (  0)         125 (  0)

#------------------------------------------------------------------------------
#newpage:
#   no. =  1   ie  =  1   iy  =  1   part. = neutron 
#   e = (   1.0000E-09  -   1.0000E+06  )
#   y = (  -3.0000E+02  -   3.0000E+02  )

'no. =  1,  ie =  1,  iy =  1'
msuc: {\huge Cosmic-ray neutron flux, xz section, deep cavity}
msdr: {\it plotted by \ANGEL \version}
msdl: {\it calculated by \PHITS  3.36}

x: z [cm]
y: x [cm]
set: c1[ 1.091] c2[ 0.862] c5[ 0.800] c6[ 0.965] c7[ 0.061] c8[ 0.000]
p: h2fs form[c1] xfac[c2] afac[c5] scal[c6] xorg[c7] yorg[c8] nosp
set: c3[   5.780278E-07] c4[   7.525303E-03]
p: cmin[c3] cmax[c4]
p: dmin(1e-31)
p: zlog
p: xmin( -1400.000    ) xmax(  800.0000    )
p: ymin( -1200.000    ) ymax(  1200.000    )
#  nx =  60   nz =  55
# ( ( data(z,x), z = 1, nz ), x = nx, 1, -1 )

hc:  y =   1180.000     to  -1180.000     by   40.00000     ; x =  -1380.000     to   780.0000     by   40.00000     ;
  3.623E-04  4.765E-04  3.920E-04  4.965E-04  5.638E-04  6.951E-04  8.813E-04  9.624E-04  1.117E-03  1.404E-03
  9.718E-04  1.184E-03  1.764E-03  2.911E-04  6.682E-05  0.000E+00  0.000E+00  0.000E+00  0.000E+00  0.000E+00
  0.000E+00  0.000E+00  9.661E-05  0.000E+00  0.000E+00  1.522E-06  1.748E-04  7.033E-05  2.308E-04  5.549E-04
  1.329E-03  7.765E-04  3.081E-03  3.165E-03  3.962E-03  4.353E-03  6.212E-03  5.349E-03  3.603E-03  4.145E-03
  3.322E-03  3.443E-03  4.059E-03  3.029E-03  3.544E-03  3.049E-03  3.205E-03  3.743E-03  3.088E-03  3.065E-03
  3.052E-03  5.064E-03  4.060E-03  4.101E-03  3.618E-03  4.585E-04  7.025E-04  1.000E-03  1.004E-03  8.204E-04
  5.795E-04  5.131E-04  4.163E-04  7.233E-04  1.283E-03  1.150E-03  3.255E-04  1.480E-04  1.136E-05  0.000E+00
  0.000E+00  0.000E+00  0.000E+00  0.000E+00  0.000E+00  0.000E+00  0.000E+00  0.000E+00  0.000E+00  0.000E+00
  4.528E-05  3.028E-04  0.000E+00  6.332E-05  3.854E-04  3.608E-04  1.006E-03  1.353E-03  2.649E-03  7.525E-03
  5.052E-03  5.257E-03  4.473E-03  3.683E-03  3.497E-03  4.001E-03  4.150E-03  3.665E-03  4.328E-03  3.773E-03
  3.797E-03  3.439E-03  3.753E-03  3.754E-03  3.960E-03  3.725E-03  4.112E-03  5.005E-03  3.848E-03  3.697E-03
  6.283E-04  3.647E-04  5.660E-04  5.978E-04  1.103E-03  7.152E-04  7.212E-04  7.429E-04  7.315E-04  1.383E-03
  3.325E-04  0.000E+00  0.000E+00  0.000E+00  0.000E+00  0.000E+00  0.000E+00  0.000E+00  0.000E+00  0.000E+00
  0.000E+00  0.000E+00  0.000E+00  0.000E+00  0.000E+00  0.000E+00  1.545E-05  1.464E-05  2.405E-05  1.054E-03
  1.176E-03  1.734E-03  1.725E-03  2.226E-03  4.888E-03  4.251E-03  4.789E-03  4.567E-03  3.796E-03  3.993E-03
  4.054E-03  5.002E-03  4.436E-03  4.277E-03  4.054E-03  3.957E-03  3.760E-03  4.253E-03  4.633E-03  3.559E-03
  4.087E-03  3.604E-03  4.222E-03  3.867E-03  3.626E-03  2.540E-04  2.325E-04  3.293E-04  3.971E-04  6.434E-04
  4.925E-04  1.919E-03  1.016E-03  1.057E-03  6.102E-04  3.618E-05  0.000E+00  0.000E+00  0.000E+00  0.000E+00
  0.000E+00  0.000E+00  0.000E+00  0.000E+00  0.000E+00  0.000E+00  0.000E+00  0.000E+00  0.000E+00  0.000E+00
  0.000E+00  1.690E-04  2.202E-04  3.329E-04  5.621E-04  8.258E-04  8.872E-04  1.216E-03  3.715E-03  5.757E-03
  3.947E-03  3.988E-03  4.082E-03  4.282E-03  4.327E-03  4.340E-03  4.140E-03  5.014E-03  4.542E-03  4.829E-03
  4.413E-03  4.260E-03  4.088E-03  4.320E-03  4.173E-03  3.352E-03  3.218E-03  3.708E-03  3.854E-03  3.216E-03
  3.165E-04  3.081E-04  3.855E-04  3.476E-04  6.137E-04  1.411E-03  9.696E-04  7.967E-04  3.747E-04  0.000E+00
  0.000E+00  0.000E+00  0.000E+00  0.000E+00  0.000E+00  0.000E+00  0.000E+00  0.000E+00  0.000E+00  0.000E+00
  0.000E+00  0.000E+00  0.000E+00  0.000E+00  0.000E+00  4.589E-05  1.935E-04  2.675E-05  6.598E-04  9.664E-05
  2.437E-04  1.110E-03  2.829E-03  2.401E-03  3.053E-03  3.530E-03  3.493E-03  3.710E-03  4.365E-03  3.739E-03
  3.989E-03  4.982E-03  4.203E-03  4.510E-03  4.152E-03  3.626E-03  3.072E-03  4.543E-03  4.118E-03  3.792E-03
  3.377E-03  2.964E-03  3.791E-03  3.360E-03  3.241E-03  2.819E-04  2.538E-04  3.521E-04  4.049E-04  7.120E-04
  7.599E-04  7.790E-04  4.036E-04  5.780E-07  0.000E+00  0.000E+00  0.000E+00  0.000E+00  0.000E+00  0.000E+00
  0.000E+00  0.000E+00  0.000E+00  0.000E+00  0.000E+00  0.000E+00  0.000E+00  0.000E+00  0.000E+00  0.000E+00
  0.000E+00  3.473E-04  1.594E-04  9.440E-04  3.154E-04  5.038E-04  1.416E-03  1.443E-03  3.015E-03  4.194E-03
  3.311E-03  3.419E-03  4.291E-03  4.142E-03  4.710E-03  5.407E-03  4.894E-03  4.053E-03  3.261E-03  4.218E-03
  3.876E-03  3.756E-03  3.238E-03  3.489E-03  3.795E-03  4.119E-03  3.796E-03  4.866E-03  4.127E-03  4.088E-03
  6.580E-04  5.285E-04  7.077E-04  7.523E-04  8.529E-04  8.522E-04  6.083E-04  2.196E-05  0.000E+00  0.000E+00
  0.000E+00  0.000E+00  0.000E+00  0.000E+00  0.000E+00  0.000E+00  0.000E+00  0.000E+00  0.000E+00  0.000E+00
  0.000E+00  0.000E+00  0.000E+00  0.000E+00  0.000E+00  0.000E+00  6.231E-06  1.130E-05  1.168E-06  4.275E-04
  5.287E-04  7.886E-04  1.642E-03  2.356E-03  4.196E-03  3.573E-03  4.024E-03  4.694E-03  4.824E-03  4.825E-03
  4.871E-03  5.454E-03  5.195E-03  4.023E-03  3.965E-03  4.327E-03  3.401E-03  4.028E-03  3.522E-03  3.409E-03
  3.922E-03  3.949E-03  2.725E-03  3.619E-03  4.162E-03  4.670E-04  6.255E-04  6.270E-04  1.265E-03  1.369E-03
  6.605E-04  2.457E-06  0.000E+00  0.000E+00  0.000E+00  0.000E+00  0.000E+00  0.000E+00  0.000E+00  0.000E+00
  0.000E+00  0.000E+00  0.000E+00  0.000E+00  0.000E+00  0.000E+00  0.000E+00  0.000E+00  0.000E+00  0.000E+00
  0.000E+00  4.750E-04  1.915E-04  2.557E-04  2.206E-04  8.141E-04  1.255E-03  1.996E-03  3.630E-03  4.555E-03
  4.684E-03  5.113E-03  5.891E-03  4.728E-03  3.458E-03  4.806E-03  6.332E-03  4.354E-03  5.957E-03  5.380E-03
  4.366E-03  3.294E-03  2.891E-03  2.882E-03  3.116E-03  3.109E-03  2.617E-03  2.976E-03  3.552E-03  4.320E-03
  3.275E-04  6.499E-04  4.357E-04  1.307E-03  6.432E-04  3.543E-04  0.000E+00  0.000E+00  0.000E+00  0.000E+00
  0.000E+00  0.000E+00  0.000E+00  0.000E+00  0.000E+00  0.000E+00  0.000E+00  0.000E+00  9.895E-05  3.143E-04
  0.000E+00  0.000E+00  0.000E+00  2.407E-04  3.583E-04  6.905E-05  1.398E-04  4.627E-04  4.661E-04  7.976E-04
  8.034E-04  8.996E-04  1.210E-03  3.030E-03  3.828E-03  4.052E-03  4.716E-03  4.955E-03  4.218E-03  3.293E-03
  3.614E-03  3.853E-03  4.428E-03  4.591E-03  4.076E-03  3.467E-03  4.078E-03  3.728E-03  3.682E-03  3.698E-03
  4.438E-03  4.254E-03  4.037E-03  3.970E-03  3.736E-03  1.779E-04  6.552E-04  6.215E-04  1.123E-03  5.808E-05
  7.537E-05  0.000E+00  0.000E+00  0.000E+00  0.000E+00  0.000E+00  0.000E+00  0.000E+00  0.000E+00  0.000E+00
  0.000E+00  0.000E+00  0.000E+00  0.000E+00  2.814E-04  5.694E-05  0.000E+00  0.000E+00  0.000E+00  1.926E-05
  0.000E+00  0.000E+00  5.465E-05  5.106E-04  8.467E-04  1.276E-03  1.270E-03  1.858E-03  2.261E-03  3.611E-03
  4.365E-03  4.067E-03  4.296E-03  5.709E-03  4.663E-03  4.188E-03  3.628E-03  4.111E-03  3.980E-03  3.950E-03
  5.242E-03  3.881E-03  3.419E-03  4.650E-03  4.543E-03  4.367E-03  4.338E-03  3.884E-03  3.961E-03  3.656E-03
  1.155E-03  8.528E-04  9.505E-04  3.441E-04  6.094E-06  0.000E+00  0.000E+00  0.000E+00  0.000E+00  0.000E+00
  0.000E+00  0.000E+00  0.000E+00  0.000E+00  0.000E+00  0.000E+00  0.000E+00  0.000E+00  0.000E+00  0.000E+00
  3.098E-05  8.628E-05  3.957E-06  1.224E-05  1.730E-04  1.108E-04  1.644E-05  2.238E-04  4.917E-04  4.916E-04
  9.429E-04  5.843E-04  1.025E-03  2.330E-03  4.482E-03  3.329E-03  4.206E-03  4.350E-03  5.111E-03  5.198E-03
  4.646E-03  4.181E-03  3.734E-03  3.946E-03  3.907E-03  3.847E-03  3.897E-03  4.190E-03  3.737E-03  3.590E-03
  4.247E-03  4.444E-03  4.290E-03  4.177E-03  4.118E-03  8.482E-04  4.411E-04  1.817E-04  7.396E-04  0.000E+00
  0.000E+00  0.000E+00  0.000E+00  0.000E+00  0.000E+00  0.000E+00  0.000E+00  0.000E+00  0.000E+00  0.000E+00
  0.000E+00  0.000E+00  0.000E+00  0.000E+00  0.000E+00  2.268E-04  8.621E-05  8.635E-05  1.526E-04  2.882E-04
  7.096E-05  1.447E-04  3.139E-04  3.315E-04  1.013E-03  1.553E-03  1.477E-03  1.452E-03  2.901E-03  4.758E-03
  4.276E-03  5.304E-03  4.659E-03  4.075E-03  4.994E-03  4.595E-03  4.607E-03  4.130E-03  3.537E-03  3.732E-03
  3.086E-03  4.392E-03  3.911E-03  4.388E-03  3.915E-03  3.505E-03  4.350E-03  3.916E-03  4.287E-03  3.668E-03
  2.514E-04  1.849E-04  1.397E-04  4.414E-04  8.102E-05  0.000E+00  0.000E+00  0.000E+00  0.000E+00  0.000E+00
  0.000E+00  0.000E+00  0.000E+00  0.000E+00  0.000E+00  0.000E+00  0.000E+00  0.000E+00  0.000E+00  0.000E+00
  0.000E+00  0.000E+00  1.121E-04  1.152E-04  4.198E-04  5.663E-05  0.000E+00  7.166E-04  5.796E-04  1.568E-03
  1.308E-03  1.188E-03  1.516E-03  3.773E-03  4.577E-03  5.074E-03  4.478E-03  5.109E-03  5.003E-03  5.005E-03
  4.068E-03  4.008E-03  3.898E-03  3.354E-03  2.904E-03  2.876E-03  2.987E-03  4.312E-03  3.298E-03  3.912E-03
  3.594E-03  4.399E-03  4.085E-03  3.839E-03  3.174E-03  3.135E-04  1.933E-04  0.000E+00  1.968E-05  0.000E+00
  0.000E+00  0.000E+00  0.000E+00  0.000E+00  0.000E+00  0.000E+00  0.000E+00  0.000E+00  0.000E+00  0.000E+00
  0.000E+00  0.000E+00  0.000E+00  0.000E+00  0.000E+00  0.000E+00  0.000E+00  0.000E+00  7.153E-07  1.756E-04
  5.048E-04  2.897E-04  1.503E-03  1.636E-03  1.283E-03  2.195E-03  1.095E-03  2.136E-03  1.479E-03  3.602E-03
  3.348E-03  5.047E-03  4.358E-03  4.746E-03  3.974E-03  4.001E-03  3.968E-03  2.914E-03  2.730E-03  2.960E-03
  3.028E-03  3.058E-03  3.824E-03  4.569E-03  4.076E-03  3.110E-03  3.140E-03  2.766E-03  2.292E-03  2.929E-03
  0.000E+00  0.000E+00  0.000E+00  0.000E+00  0.000E+00  0.000E+00  0.000E+00  0.000E+00  0.000E+00  0.000E+00
  0.000E+00  0.000E+00  0.000E+00  0.000E+00  0.000E+00  0.000E+00  0.000E+00  0.000E+00  0.000E+00  0.000E+00
  0.000E+00  0.000E+00  0.000E+00  1.750E-04  2.136E-04  1.408E-04  6.594E-04  5.359E-04  2.825E-04  6.784E-05
  5.550E-04  3.781E-04  1.763E-03  2.544E-03  6.139E-03  4.641E-03  3.563E-03  3.701E-03  4.514E-03  4.552E-03
  3.684E-03  3.990E-03  4.026E-03  3.144E-03  2.820E-03  3.588E-03  4.698E-03  4.154E-03  4.039E-03  3.459E-03
  3.394E-03  3.493E-03  3.892E-03  3.614E-03  4.243E-03  0.000E+00  0.000E+00  0.000E+00  0.000E+00  0.000E+00
  0.000E+00  0.000E+00  0.000E+00  0.000E+00  0.000E+00  0.000E+00  0.000E+00  0.000E+00  0.000E+00  0.000E+00
  0.000E+00  0.000E+00  0.000E+00  0.000E+00  0.000E+00  0.000E+00  0.000E+00  0.000E+00  8.237E-05  5.319E-04
  1.789E-05  5.617E-04  5.696E-04  2.139E-04  2.916E-04  2.989E-04  1.060E-03  3.127E-03  2.335E-03  4.357E-03
  4.364E-03  4.271E-03  3.532E-03  3.583E-03  4.090E-03  3.883E-03  4.358E-03  4.412E-03  4.550E-03  3.291E-03
  3.987E-03  3.056E-03  3.463E-03  3.548E-03  3.867E-03  3.246E-03  3.404E-03  3.076E-03  3.567E-03  3.129E-03
  3.077E-04  0.000E+00  0.000E+00  0.000E+00  0.000E+00  0.000E+00  0.000E+00  0.000E+00  0.000E+00  0.000E+00
  0.000E+00  0.000E+00  0.000E+00  0.000E+00  0.000E+00  0.000E+00  0.000E+00  0.000E+00  0.000E+00  0.000E+00
  0.000E+00  0.000E+00  0.000E+00  0.000E+00  0.000E+00  0.000E+00  6.840E-04  3.201E-04  3.263E-04  1.617E-04
  1.322E-04  9.310E-04  2.009E-03  3.387E-03  5.361E-03  4.427E-03  4.338E-03  3.924E-03  4.023E-03  4.145E-03
  4.251E-03  3.709E-03  3.994E-03  4.504E-03  4.414E-03  3.356E-03  3.452E-03  3.669E-03  3.706E-03  2.798E-03
  3.134E-03  3.482E-03  3.541E-03  3.827E-03  3.273E-03  0.000E+00  0.000E+00  0.000E+00  0.000E+00  0.000E+00
  0.000E+00  0.000E+00  0.000E+00  0.000E+00  0.000E+00  0.000E+00  0.000E+00  0.000E+00  0.000E+00  0.000E+00
  0.000E+00  0.000E+00  0.000E+00  0.000E+00  0.000E+00  0.000E+00  0.000E+00  0.000E+00  0.000E+00  0.000E+00
  0.000E+00  2.867E-05  1.652E-04  7.816E-05  7.121E-04  2.046E-03  8.044E-04  1.486E-03  2.960E-03  4.875E-03
  4.524E-03  4.939E-03  4.364E-03  4.077E-03  4.026E-03  4.156E-03  3.772E-03  3.885E-03  3.925E-03  3.855E-03
  4.276E-03  4.285E-03  3.357E-03  2.701E-03  4.346E-03  3.864E-03  4.010E-03  3.579E-03  3.059E-03  3.801E-03
  7.661E-06  0.000E+00  0.000E+00  0.000E+00  0.000E+00  0.000E+00  0.000E+00  0.000E+00  0.000E+00  0.000E+00
  0.000E+00  0.000E+00  0.000E+00  0.000E+00  0.000E+00  0.000E+00  0.000E+00  0.000E+00  0.000E+00  0.000E+00
  0.000E+00  0.000E+00  0.000E+00  0.000E+00  0.000E+00  0.000E+00  0.000E+00  0.000E+00  8.820E-06  5.775E-04
  1.310E-03  7.385E-04  1.128E-03  2.549E-03  4.998E-03  4.572E-03  3.923E-03  4.620E-03  5.224E-03  3.995E-03
  4.221E-03  4.364E-03  3.399E-03  4.306E-03  4.635E-03  5.320E-03  3.339E-03  3.282E-03  3.755E-03  3.857E-03
  3.639E-03  3.402E-03  3.528E-03  4.052E-03  3.983E-03  0.000E+00  0.000E+00  0.000E+00  0.000E+00  0.000E+00
  0.000E+00  0.000E+00  0.000E+00  0.000E+00  0.000E+00  0.000E+00  0.000E+00  0.000E+00  0.000E+00  0.000E+00
  0.000E+00  0.000E+00  0.000E+00  0.000E+00  0.000E+00  0.000E+00  0.000E+00  0.000E+00  0.000E+00  0.000E+00
  0.000E+00  0.000E+00  0.000E+00  3.003E-06  1.877E-04  1.540E-03  6.007E-04  8.993E-04  2.602E-03  4.225E-03
  4.696E-03  4.230E-03  3.694E-03  3.350E-03  3.953E-03  4.364E-03  4.377E-03  4.039E-03  5.404E-03  6.028E-03
  4.468E-03  5.111E-03  3.932E-03  4.174E-03  3.480E-03  3.570E-03  3.617E-03  3.566E-03  3.560E-03  3.775E-03
  0.000E+00  0.000E+00  0.000E+00  0.000E+00  0.000E+00  0.000E+00  0.000E+00  0.000E+00  0.000E+00  0.000E+00
  0.000E+00  0.000E+00  0.000E+00  0.000E+00  0.000E+00  0.000E+00  0.000E+00  0.000E+00  0.000E+00  0.000E+00
  0.000E+00  0.000E+00  0.000E+00  0.000E+00  0.000E+00  0.000E+00  0.000E+00  0.000E+00  2.063E-04  1.788E-04
  1.608E-04  3.726E-04  1.290E-03  2.944E-03  4.390E-03  4.958E-03  4.580E-03  3.953E-03  4.155E-03  3.425E-03
  4.255E-03  4.325E-03  5.193E-03  4.555E-03  4.794E-03  5.566E-03  4.123E-03  3.963E-03  3.984E-03  3.345E-03
  3.938E-03  3.682E-03  3.454E-03  3.237E-03  3.564E-03  0.000E+00  0.000E+00  0.000E+00  0.000E+00  0.000E+00
  0.000E+00  0.000E+00  0.000E+00  0.000E+00  0.000E+00  0.000E+00  0.000E+00  0.000E+00  0.000E+00  0.000E+00
  0.000E+00  0.000E+00  0.000E+00  0.000E+00  0.000E+00  0.000E+00  0.000E+00  0.000E+00  1.262E-04  2.997E-05
  4.578E-05  0.000E+00  0.000E+00  6.027E-05  4.066E-04  1.817E-04  6.890E-04  1.176E-03  1.711E-03  3.344E-03
  3.425E-03  4.631E-03  5.185E-03  3.953E-03  5.660E-03  4.510E-03  4.268E-03  4.344E-03  4.233E-03  3.722E-03
  3.857E-03  3.160E-03  3.202E-03  3.154E-03  2.919E-03  4.149E-03  3.645E-03  2.240E-03  3.395E-03  3.364E-03
  0.000E+00  0.000E+00  0.000E+00  0.000E+00  0.000E+00  0.000E+00  0.000E+00  0.000E+00  0.000E+00  0.000E+00
  0.000E+00  0.000E+00  0.000E+00  0.000E+00  0.000E+00  0.000E+00  0.000E+00  0.000E+00  0.000E+00  0.000E+00
  0.000E+00  2.128E-05  9.384E-05  1.773E-05  8.090E-05  0.000E+00  0.000E+00  3.682E-04  3.691E-04  3.224E-04
  6.293E-04  5.869E-04  9.305E-04  1.590E-03  4.233E-03  4.248E-03  5.203E-03  4.657E-03  5.474E-03  4.473E-03
  4.970E-03  4.195E-03  3.873E-03  4.098E-03  3.726E-03  3.302E-03  3.658E-03  3.090E-03  4.593E-03  3.909E-03
  3.605E-03  3.178E-03  2.640E-03  3.421E-03  3.990E-03  0.000E+00  0.000E+00  0.000E+00  0.000E+00  0.000E+00
  0.000E+00  0.000E+00  0.000E+00  0.000E+00  0.000E+00  0.000E+00  0.000E+00  0.000E+00  0.000E+00  0.000E+00
  0.000E+00  0.000E+00  0.000E+00  0.000E+00  0.000E+00  0.000E+00  1.172E-05  2.245E-04  7.173E-05  0.000E+00
  1.207E-04  1.332E-04  3.192E-04  2.360E-04  3.854E-04  4.867E-04  9.430E-04  1.506E-03  1.874E-03  4.782E-03
  4.613E-03  4.700E-03  4.763E-03  4.564E-03  4.588E-03  3.662E-03  3.510E-03  4.171E-03  4.593E-03  3.976E-03
  4.027E-03  4.051E-03  3.480E-03  3.778E-03  4.050E-03  3.047E-03  3.095E-03  3.246E-03  3.537E-03  3.925E-03
  0.000E+00  0.000E+00  0.000E+00  0.000E+00  0.000E+00  0.000E+00  0.000E+00  0.000E+00  0.000E+00  0.000E+00
  0.000E+00  0.000E+00  0.000E+00  0.000E+00  0.000E+00  0.000E+00  0.000E+00  0.000E+00  0.000E+00  0.000E+00
  0.000E+00  0.000E+00  0.000E+00  0.000E+00  0.000E+00  0.000E+00  0.000E+00  4.696E-04  3.872E-04  7.600E-04
  1.027E-03  1.749E-03  2.614E-03  3.239E-03  4.629E-03  3.803E-03  3.607E-03  3.978E-03  4.276E-03  3.776E-03
  4.985E-03  4.412E-03  4.178E-03  4.254E-03  3.905E-03  3.348E-03  3.435E-03  3.956E-03  4.187E-03  3.503E-03
  3.508E-03  3.749E-03  3.197E-03  4.207E-03  3.505E-03  0.000E+00  0.000E+00  0.000E+00  0.000E+00  0.000E+00
  0.000E+00  0.000E+00  0.000E+00  0.000E+00  0.000E+00  0.000E+00  0.000E+00  0.000E+00  0.000E+00  0.000E+00
  0.000E+00  0.000E+00  0.000E+00  0.000E+00  0.000E+00  0.000E+00  0.000E+00  0.000E+00  0.000E+00  0.000E+00
  0.000E+00  0.000E+00  2.303E-04  1.688E-04  6.652E-04  6.190E-04  1.062E-03  2.562E-03  4.091E-03  5.995E-03
  4.219E-03  4.387E-03  4.176E-03  5.410E-03  5.259E-03  4.954E-03  4.805E-03  4.367E-03  4.225E-03  3.482E-03
  4.153E-03  3.088E-03  4.015E-03  3.428E-03  2.975E-03  3.787E-03  3.537E-03  4.385E-03  3.961E-03  3.026E-03
  0.000E+00  0.000E+00  0.000E+00  0.000E+00  0.000E+00  0.000E+00  0.000E+00  0.000E+00  0.000E+00  0.000E+00
  0.000E+00  0.000E+00  0.000E+00  0.000E+00  0.000E+00  0.000E+00  0.000E+00  0.000E+00  0.000E+00  0.000E+00
  0.000E+00  0.000E+00  0.000E+00  0.000E+00  0.000E+00  0.000E+00  8.247E-05  5.512E-05  0.000E+00  0.000E+00
  6.584E-05  1.280E-03  1.436E-03  3.373E-03  5.326E-03  5.014E-03  4.425E-03  4.546E-03  4.761E-03  4.989E-03
  4.416E-03  4.344E-03  3.513E-03  4.313E-03  3.377E-03  2.595E-03  3.434E-03  2.994E-03  3.651E-03  3.780E-03
  3.478E-03  3.772E-03  4.319E-03  2.936E-03  4.549E-03  0.000E+00  0.000E+00  0.000E+00  0.000E+00  0.000E+00
  0.000E+00  0.000E+00  0.000E+00  0.000E+00  0.000E+00  0.000E+00  0.000E+00  0.000E+00  0.000E+00  0.000E+00
  0.000E+00  0.000E+00  0.000E+00  0.000E+00  0.000E+00  0.000E+00  0.000E+00  0.000E+00  0.000E+00  0.000E+00
  0.000E+00  0.000E+00  0.000E+00  0.000E+00  2.592E-05  3.637E-04  1.316E-03  1.806E-03  1.814E-03  4.424E-03
  4.486E-03  3.813E-03  4.813E-03  5.875E-03  4.275E-03  4.419E-03  3.870E-03  4.451E-03  3.584E-03  3.358E-03
  3.721E-03  3.781E-03  3.205E-03  2.622E-03  2.960E-03  2.985E-03  4.136E-03  3.381E-03  3.754E-03  3.373E-03
  0.000E+00  0.000E+00  0.000E+00  0.000E+00  0.000E+00  0.000E+00  0.000E+00  0.000E+00  0.000E+00  0.000E+00
  0.000E+00  0.000E+00  0.000E+00  0.000E+00  0.000E+00  0.000E+00  0.000E+00  0.000E+00  0.000E+00  0.000E+00
  0.000E+00  0.000E+00  0.000E+00  0.000E+00  0.000E+00  0.000E+00  0.000E+00  0.000E+00  7.288E-06  1.237E-04
  7.497E-04  9.944E-04  2.438E-03  4.107E-03  4.437E-03  4.808E-03  5.001E-03  4.760E-03  5.554E-03  4.332E-03
  4.304E-03  3.583E-03  3.995E-03  2.875E-03  3.021E-03  4.293E-03  4.298E-03  3.907E-03  3.376E-03  3.874E-03
  3.088E-03  2.537E-03  4.145E-03  4.090E-03  3.878E-03  0.000E+00  0.000E+00  0.000E+00  0.000E+00  0.000E+00
  0.000E+00  0.000E+00  0.000E+00  0.000E+00  0.000E+00  0.000E+00  0.000E+00  0.000E+00  0.000E+00  0.000E+00
  0.000E+00  0.000E+00  0.000E+00  0.000E+00  0.000E+00  0.000E+00  0.000E+00  0.000E+00  0.000E+00  0.000E+00
  3.687E-05  8.838E-05  3.602E-05  1.765E-04  3.085E-05  3.177E-04  1.341E-03  1.712E-03  2.970E-03  5.281E-03
  4.621E-03  4.623E-03  5.011E-03  4.328E-03  4.853E-03  4.194E-03  4.037E-03  2.969E-03  2.779E-03  3.810E-03
  4.357E-03  3.216E-03  3.380E-03  3.597E-03  3.795E-03  4.430E-03  4.380E-03  3.869E-03  4.398E-03  3.498E-03
  0.000E+00  0.000E+00  0.000E+00  0.000E+00  0.000E+00  0.000E+00  0.000E+00  0.000E+00  0.000E+00  0.000E+00
  0.000E+00  0.000E+00  0.000E+00  0.000E+00  0.000E+00  0.000E+00  0.000E+00  0.000E+00  0.000E+00  0.000E+00
  0.000E+00  0.000E+00  0.000E+00  1.190E-04  7.905E-04  6.074E-04  5.351E-04  5.852E-04  5.870E-04  8.053E-04
  8.464E-04  9.242E-04  2.261E-03  2.997E-03  4.030E-03  4.601E-03  4.467E-03  6.121E-03  4.602E-03  4.646E-03
  3.755E-03  3.478E-03  4.171E-03  4.526E-03  4.519E-03  3.356E-03  3.752E-03  4.645E-03  5.217E-03  3.474E-03
  3.488E-03  3.292E-03  4.036E-03  4.033E-03  3.880E-03  0.000E+00  0.000E+00  0.000E+00  0.000E+00  0.000E+00
  0.000E+00  0.000E+00  0.000E+00  0.000E+00  0.000E+00  0.000E+00  0.000E+00  0.000E+00  0.000E+00  0.000E+00
  0.000E+00  0.000E+00  0.000E+00  0.000E+00  0.000E+00  0.000E+00  0.000E+00  0.000E+00  0.000E+00  0.000E+00
  2.653E-04  8.512E-04  2.036E-04  5.576E-04  3.504E-04  9.976E-04  1.339E-03  1.253E-03  2.567E-03  3.019E-03
  5.730E-03  4.787E-03  4.516E-03  3.108E-03  3.407E-03  3.748E-03  3.647E-03  3.796E-03  5.006E-03  3.724E-03
  3.601E-03  4.671E-03  4.837E-03  5.115E-03  4.776E-03  3.458E-03  3.116E-03  3.987E-03  4.194E-03  4.263E-03
  0.000E+00  0.000E+00  0.000E+00  0.000E+00  0.000E+00  0.000E+00  0.000E+00  0.000E+00  0.000E+00  0.000E+00
  0.000E+00  0.000E+00  0.000E+00  0.000E+00  0.000E+00  0.000E+00  0.000E+00  0.000E+00  0.000E+00  0.000E+00
  0.000E+00  0.000E+00  0.000E+00  0.000E+00  4.489E-05  3.112E-05  2.267E-04  4.886E-04  6.219E-04  1.344E-03
  1.009E-03  2.472E-03  2.684E-03  2.826E-03  5.450E-03  5.260E-03  5.242E-03  4.526E-03  3.490E-03  4.176E-03
  4.080E-03  4.353E-03  3.904E-03  3.984E-03  3.985E-03  3.333E-03  4.145E-03  4.380E-03  4.037E-03  4.606E-03
  4.266E-03  4.350E-03  4.174E-03  3.512E-03  4.199E-03  0.000E+00  0.000E+00  0.000E+00  0.000E+00  0.000E+00
  0.000E+00  0.000E+00  0.000E+00  0.000E+00  0.000E+00  0.000E+00  0.000E+00  0.000E+00  0.000E+00  0.000E+00
  0.000E+00  0.000E+00  0.000E+00  0.000E+00  0.000E+00  0.000E+00  0.000E+00  0.000E+00  0.000E+00  0.000E+00
  0.000E+00  4.615E-04  6.669E-04  4.856E-04  1.217E-03  7.871E-04  1.483E-03  1.559E-03  2.140E-03  4.727E-03
  4.873E-03  3.757E-03  4.762E-03  4.822E-03  4.245E-03  3.923E-03  4.896E-03  5.210E-03  4.359E-03  4.753E-03
  4.629E-03  4.203E-03  3.717E-03  3.917E-03  3.909E-03  3.686E-03  4.076E-03  3.848E-03  3.777E-03  3.888E-03
  0.000E+00  0.000E+00  0.000E+00  0.000E+00  0.000E+00  0.000E+00  0.000E+00  0.000E+00  0.000E+00  0.000E+00
  0.000E+00  0.000E+00  0.000E+00  0.000E+00  0.000E+00  0.000E+00  0.000E+00  0.000E+00  0.000E+00  0.000E+00
  0.000E+00  2.630E-05  1.860E-05  0.000E+00  0.000E+00  4.287E-05  5.106E-05  2.181E-04  7.165E-04  4.038E-04
  7.566E-04  1.508E-03  1.100E-03  3.692E-03  5.440E-03  3.220E-03  3.839E-03  4.544E-03  4.296E-03  4.796E-03
  5.086E-03  4.658E-03  4.250E-03  4.333E-03  4.313E-03  4.083E-03  4.642E-03  3.662E-03  4.152E-03  3.721E-03
  2.962E-03  3.522E-03  3.187E-03  3.857E-03  3.413E-03  0.000E+00  0.000E+00  0.000E+00  0.000E+00  0.000E+00
  0.000E+00  0.000E+00  0.000E+00  0.000E+00  0.000E+00  0.000E+00  0.000E+00  0.000E+00  0.000E+00  0.000E+00
  0.000E+00  0.000E+00  0.000E+00  0.000E+00  0.000E+00  4.822E-06  4.798E-05  5.633E-05  8.925E-05  1.350E-04
  3.184E-04  4.537E-04  1.085E-04  4.953E-04  3.933E-04  4.713E-04  1.148E-03  1.308E-03  2.060E-03  4.022E-03
  4.865E-03  4.179E-03  3.915E-03  3.755E-03  3.896E-03  5.352E-03  4.175E-03  4.252E-03  4.008E-03  4.632E-03
  4.401E-03  3.988E-03  3.500E-03  3.065E-03  2.907E-03  3.639E-03  3.194E-03  3.166E-03  3.746E-03  3.583E-03
  0.000E+00  0.000E+00  0.000E+00  0.000E+00  0.000E+00  0.000E+00  0.000E+00  0.000E+00  0.000E+00  0.000E+00
  0.000E+00  0.000E+00  0.000E+00  0.000E+00  0.000E+00  0.000E+00  0.000E+00  0.000E+00  0.000E+00  0.000E+00
  0.000E+00  0.000E+00  0.000E+00  9.432E-05  3.080E-05  5.896E-04  4.138E-04  7.731E-04  3.359E-04  7.254E-04
  3.651E-04  1.636E-03  1.808E-03  2.465E-03  4.925E-03  4.289E-03  5.585E-03  5.842E-03  4.806E-03  3.807E-03
  3.917E-03  4.732E-03  4.960E-03  5.075E-03  4.782E-03  3.504E-03  3.293E-03  4.115E-03  3.772E-03  3.117E-03
  2.837E-03  3.242E-03  3.251E-03  3.249E-03  3.085E-03  0.000E+00  0.000E+00  0.000E+00  0.000E+00  0.000E+00
  0.000E+00  0.000E+00  0.000E+00  0.000E+00  0.000E+00  0.000E+00  0.000E+00  0.000E+00  0.000E+00  0.000E+00
  0.000E+00  0.000E+00  0.000E+00  0.000E+00  0.000E+00  0.000E+00  0.000E+00  0.000E+00  0.000E+00  0.000E+00
  0.000E+00  2.025E-04  6.044E-04  2.357E-04  4.724E-04  2.757E-04  8.113E-04  2.213E-03  2.633E-03  4.216E-03
  4.633E-03  5.404E-03  4.441E-03  4.527E-03  3.867E-03  3.419E-03  3.975E-03  4.019E-03  3.631E-03  3.238E-03
  3.651E-03  4.130E-03  3.670E-03  3.641E-03  2.634E-03  2.920E-03  3.157E-03  3.726E-03  3.680E-03  3.682E-03
  0.000E+00  0.000E+00  0.000E+00  0.000E+00  0.000E+00  0.000E+00  0.000E+00  0.000E+00  0.000E+00  0.000E+00
  0.000E+00  0.000E+00  0.000E+00  0.000E+00  0.000E+00  0.000E+00  0.000E+00  0.000E+00  0.000E+00  0.000E+00
  0.000E+00  0.000E+00  0.000E+00  0.000E+00  0.000E+00  1.128E-05  1.356E-05  7.107E-04  5.767E-04  8.037E-04
  8.719E-04  9.163E-04  1.837E-03  3.023E-03  5.236E-03  5.278E-03  5.047E-03  5.277E-03  5.495E-03  4.719E-03
  4.768E-03  3.914E-03  4.088E-03  3.770E-03  3.301E-03  3.170E-03  3.507E-03  3.712E-03  3.286E-03  3.466E-03
  3.329E-03  3.018E-03  3.438E-03  3.489E-03  3.466E-03  2.069E-04  1.158E-05  0.000E+00  0.000E+00  0.000E+00
  0.000E+00  0.000E+00  0.000E+00  0.000E+00  0.000E+00  0.000E+00  0.000E+00  0.000E+00  0.000E+00  0.000E+00
  0.000E+00  0.000E+00  0.000E+00  0.000E+00  0.000E+00  0.000E+00  0.000E+00  0.000E+00  0.000E+00  0.000E+00
  0.000E+00  4.774E-04  1.432E-04  2.135E-04  2.679E-04  6.632E-04  1.118E-03  1.756E-03  3.613E-03  4.662E-03
  5.542E-03  4.583E-03  5.392E-03  3.972E-03  3.955E-03  3.489E-03  4.974E-03  4.118E-03  2.950E-03  3.336E-03
  4.006E-03  3.951E-03  3.093E-03  3.731E-03  4.323E-03  4.013E-03  2.942E-03  2.561E-03  3.089E-03  3.282E-03
  1.365E-04  0.000E+00  0.000E+00  0.000E+00  0.000E+00  0.000E+00  0.000E+00  0.000E+00  0.000E+00  0.000E+00
  0.000E+00  0.000E+00  0.000E+00  0.000E+00  0.000E+00  0.000E+00  0.000E+00  0.000E+00  0.000E+00  0.000E+00
  0.000E+00  0.000E+00  0.000E+00  0.000E+00  0.000E+00  0.000E+00  3.855E-04  3.334E-05  2.118E-05  3.784E-05
  1.811E-04  6.844E-04  1.863E-03  2.959E-03  4.203E-03  3.940E-03  4.755E-03  3.950E-03  3.963E-03  5.014E-03
  5.057E-03  4.038E-03  4.236E-03  3.799E-03  3.943E-03  3.292E-03  4.507E-03  3.586E-03  3.874E-03  3.770E-03
  4.305E-03  3.850E-03  2.708E-03  2.946E-03  3.186E-03  7.440E-05  0.000E+00  0.000E+00  0.000E+00  0.000E+00
  0.000E+00  0.000E+00  0.000E+00  0.000E+00  0.000E+00  0.000E+00  0.000E+00  0.000E+00  0.000E+00  0.000E+00
  0.000E+00  0.000E+00  0.000E+00  0.000E+00  0.000E+00  0.000E+00  0.000E+00  0.000E+00  0.000E+00  0.000E+00
  0.000E+00  0.000E+00  8.330E-05  0.000E+00  0.000E+00  2.890E-04  1.281E-03  2.802E-03  3.288E-03  5.801E-03
  5.324E-03  5.717E-03  4.886E-03  4.786E-03  5.547E-03  5.869E-03  4.712E-03  4.641E-03  3.799E-03  4.310E-03
  3.866E-03  3.741E-03  3.127E-03  3.945E-03  4.636E-03  4.249E-03  3.543E-03  3.072E-03  3.893E-03  3.914E-03
  3.037E-04  0.000E+00  0.000E+00  0.000E+00  0.000E+00  0.000E+00  0.000E+00  0.000E+00  0.000E+00  0.000E+00
  0.000E+00  0.000E+00  0.000E+00  0.000E+00  0.000E+00  0.000E+00  0.000E+00  0.000E+00  0.000E+00  0.000E+00
  0.000E+00  0.000E+00  0.000E+00  5.716E-04  0.000E+00  0.000E+00  0.000E+00  1.829E-05  5.933E-05  6.196E-05
  6.475E-04  1.085E-03  1.915E-03  3.907E-03  5.731E-03  4.254E-03  4.652E-03  5.286E-03  3.993E-03  4.663E-03
  4.535E-03  5.315E-03  3.732E-03  4.161E-03  4.181E-03  4.277E-03  4.469E-03  4.129E-03  3.451E-03  3.137E-03
  3.447E-03  3.369E-03  3.244E-03  4.214E-03  3.645E-03  3.421E-04  0.000E+00  0.000E+00  0.000E+00  0.000E+00
  0.000E+00  0.000E+00  0.000E+00  0.000E+00  0.000E+00  0.000E+00  0.000E+00  0.000E+00  0.000E+00  0.000E+00
  0.000E+00  0.000E+00  0.000E+00  0.000E+00  0.000E+00  0.000E+00  0.000E+00  0.000E+00  4.534E-05  6.775E-05
  0.000E+00  1.704E-05  0.000E+00  4.123E-04  7.662E-04  1.200E-03  2.075E-03  2.796E-03  4.977E-03  5.601E-03
  4.953E-03  3.982E-03  4.323E-03  4.389E-03  3.821E-03  3.449E-03  4.087E-03  4.346E-03  4.170E-03  3.812E-03
  3.375E-03  3.772E-03  3.831E-03  3.860E-03  3.546E-03  3.209E-03  3.821E-03  4.407E-03  3.393E-03  2.921E-03
  3.774E-04  7.549E-05  0.000E+00  0.000E+00  0.000E+00  0.000E+00  0.000E+00  0.000E+00  0.000E+00  0.000E+00
  0.000E+00  0.000E+00  0.000E+00  0.000E+00  0.000E+00  0.000E+00  0.000E+00  0.000E+00  0.000E+00  0.000E+00
  0.000E+00  0.000E+00  0.000E+00  0.000E+00  1.263E-05  7.497E-05  4.321E-04  3.074E-04  8.635E-04  1.251E-03
  1.101E-03  1.021E-03  2.623E-03  2.613E-03  5.366E-03  4.721E-03  4.482E-03  4.677E-03  3.743E-03  4.664E-03
  4.058E-03  2.844E-03  3.478E-03  3.581E-03  4.080E-03  3.908E-03  4.036E-03  4.086E-03  3.575E-03  4.073E-03
  4.103E-03  3.745E-03  4.091E-03  4.990E-03  3.579E-03  3.990E-04  1.409E-04  0.000E+00  0.000E+00  0.000E+00
  0.000E+00  0.000E+00  0.000E+00  0.000E+00  0.000E+00  0.000E+00  0.000E+00  0.000E+00  0.000E+00  0.000E+00
  0.000E+00  0.000E+00  0.000E+00  0.000E+00  0.000E+00  0.000E+00  0.000E+00  1.365E-05  4.403E-04  1.026E-04
  7.333E-05  3.881E-04  1.824E-03  1.566E-04  6.766E-04  1.543E-03  1.960E-03  3.255E-03  4.283E-03  5.303E-03
  3.440E-03  3.223E-03  3.452E-03  3.044E-03  3.312E-03  3.037E-03  4.412E-03  4.207E-03  4.820E-03  5.455E-03
  3.750E-03  3.316E-03  3.598E-03  3.896E-03  3.886E-03  3.969E-03  3.896E-03  4.045E-03  4.300E-03  4.334E-03
  3.648E-04  5.439E-04  5.336E-05  0.000E+00  0.000E+00  0.000E+00  0.000E+00  0.000E+00  0.000E+00  0.000E+00
  0.000E+00  0.000E+00  0.000E+00  0.000E+00  0.000E+00  0.000E+00  0.000E+00  0.000E+00  0.000E+00  0.000E+00
  0.000E+00  0.000E+00  1.491E-05  2.769E-05  8.346E-05  2.492E-04  1.651E-03  2.814E-04  7.275E-05  6.766E-04
  1.898E-03  1.333E-03  2.244E-03  3.660E-03  3.868E-03  3.871E-03  3.190E-03  2.984E-03  3.636E-03  3.574E-03
  3.564E-03  3.986E-03  4.393E-03  4.143E-03  4.986E-03  5.157E-03  4.344E-03  4.425E-03  4.223E-03  4.725E-03
  3.966E-03  4.579E-03  4.820E-03  4.380E-03  4.239E-03  8.720E-04  1.001E-03  1.216E-04  0.000E+00  0.000E+00
  0.000E+00  0.000E+00  0.000E+00  0.000E+00  0.000E+00  0.000E+00  0.000E+00  0.000E+00  0.000E+00  0.000E+00
  0.000E+00  0.000E+00  0.000E+00  0.000E+00  0.000E+00  0.000E+00  0.000E+00  0.000E+00  0.000E+00  1.908E-04
  1.770E-04  1.756E-04  6.492E-04  8.752E-04  5.654E-04  5.948E-04  7.320E-04  2.777E-03  2.612E-03  4.610E-03
  3.865E-03  4.668E-03  4.411E-03  4.181E-03  3.744E-03  4.346E-03  4.285E-03  5.245E-03  4.503E-03  4.618E-03
  4.549E-03  3.699E-03  4.412E-03  4.373E-03  3.865E-03  3.542E-03  4.470E-03  3.899E-03  3.739E-03  4.022E-03
  1.043E-03  1.083E-03  3.130E-04  0.000E+00  1.455E-04  0.000E+00  0.000E+00  0.000E+00  0.000E+00  0.000E+00
  0.000E+00  0.000E+00  0.000E+00  0.000E+00  0.000E+00  0.000E+00  0.000E+00  0.000E+00  0.000E+00  0.000E+00
  0.000E+00  0.000E+00  0.000E+00  0.000E+00  1.813E-04  3.952E-04  5.311E-04  4.387E-04  4.126E-04  6.480E-04
  9.904E-04  1.636E-03  2.228E-03  1.738E-03  3.937E-03  4.520E-03  4.251E-03  3.609E-03  4.157E-03  4.425E-03
  3.880E-03  4.468E-03  5.216E-03  4.306E-03  3.893E-03  3.596E-03  2.525E-03  2.972E-03  3.340E-03  3.981E-03
  4.219E-03  3.367E-03  3.727E-03  4.013E-03  3.651E-03  7.200E-04  1.256E-03  7.354E-04  7.429E-04  2.608E-04
  6.658E-05  1.444E-04  0.000E+00  0.000E+00  0.000E+00  0.000E+00  0.000E+00  0.000E+00  0.000E+00  0.000E+00
  0.000E+00  0.000E+00  0.000E+00  0.000E+00  0.000E+00  1.769E-04  0.000E+00  0.000E+00  5.074E-05  1.931E-04
  5.649E-04  1.430E-03  3.106E-04  5.158E-04  1.115E-03  1.182E-03  1.956E-03  1.790E-03  1.918E-03  4.875E-03
  4.136E-03  4.359E-03  4.291E-03  3.623E-03  3.326E-03  3.607E-03  4.123E-03  4.459E-03  4.079E-03  4.618E-03
  3.230E-03  2.427E-03  2.982E-03  3.063E-03  2.933E-03  3.360E-03  4.437E-03  4.135E-03  3.342E-03  3.140E-03
  5.396E-04  8.558E-04  1.038E-03  7.974E-04  2.591E-04  3.048E-04  1.554E-04  3.398E-05  0.000E+00  0.000E+00
  0.000E+00  0.000E+00  0.000E+00  0.000E+00  0.000E+00  0.000E+00  0.000E+00  7.751E-05  0.000E+00  0.000E+00
  3.070E-04  5.308E-04  7.327E-05  7.330E-05  3.379E-04  2.208E-04  3.853E-04  8.148E-05  3.997E-04  1.348E-03
  9.872E-04  1.328E-03  2.295E-03  3.673E-03  4.615E-03  4.232E-03  4.302E-03  3.886E-03  5.239E-03  5.253E-03
  5.167E-03  4.157E-03  4.241E-03  4.629E-03  3.613E-03  4.155E-03  2.929E-03  2.774E-03  2.982E-03  3.087E-03
  2.510E-03  3.844E-03  4.018E-03  3.197E-03  2.675E-03  6.803E-04  8.217E-04  1.370E-03  6.625E-04  1.076E-03
  2.151E-04  2.565E-04  1.828E-04  0.000E+00  0.000E+00  0.000E+00  0.000E+00  0.000E+00  0.000E+00  0.000E+00
  0.000E+00  0.000E+00  1.626E-04  0.000E+00  3.333E-05  4.992E-04  4.660E-04  0.000E+00  0.000E+00  0.000E+00
  1.398E-05  4.243E-04  2.124E-04  4.004E-04  6.405E-04  4.936E-04  1.160E-03  2.076E-03  2.846E-03  3.063E-03
  4.168E-03  4.054E-03  5.059E-03  3.466E-03  2.813E-03  4.138E-03  4.253E-03  4.196E-03  3.947E-03  3.641E-03
  4.099E-03  4.713E-03  4.115E-03  3.509E-03  2.655E-03  3.450E-03  2.824E-03  4.892E-03  3.500E-03  3.512E-03
  4.220E-04  4.535E-04  6.037E-04  7.725E-04  1.160E-03  3.161E-04  3.421E-05  0.000E+00  0.000E+00  0.000E+00
  0.000E+00  0.000E+00  0.000E+00  0.000E+00  0.000E+00  0.000E+00  0.000E+00  1.849E-04  1.017E-04  4.308E-05
  0.000E+00  1.148E-04  0.000E+00  0.000E+00  0.000E+00  0.000E+00  4.562E-04  6.057E-05  6.329E-04  3.083E-04
  9.047E-04  1.967E-03  2.023E-03  2.478E-03  3.619E-03  3.404E-03  3.759E-03  3.335E-03  3.850E-03  3.974E-03
  4.372E-03  4.122E-03  3.742E-03  3.584E-03  3.856E-03  3.882E-03  3.724E-03  3.132E-03  4.424E-03  3.968E-03
  3.623E-03  4.409E-03  3.628E-03  3.162E-03  3.249E-03  3.827E-04  2.946E-04  5.877E-04  6.259E-04  8.594E-04
  1.785E-03  3.411E-04  6.160E-05  0.000E+00  0.000E+00  0.000E+00  0.000E+00  0.000E+00  0.000E+00  0.000E+00
  0.000E+00  0.000E+00  2.427E-04  4.138E-05  0.000E+00  0.000E+00  0.000E+00  0.000E+00  0.000E+00  0.000E+00
  0.000E+00  0.000E+00  1.478E-04  6.474E-05  7.000E-04  1.334E-03  1.633E-03  3.619E-03  3.813E-03  4.915E-03
  3.794E-03  3.491E-03  3.657E-03  4.229E-03  3.386E-03  2.866E-03  4.106E-03  4.100E-03  3.933E-03  3.419E-03
  4.017E-03  4.014E-03  3.894E-03  4.054E-03  4.319E-03  4.087E-03  3.480E-03  3.073E-03  3.012E-03  2.533E-03
  4.892E-04  4.602E-04  5.377E-04  4.756E-04  6.768E-04  1.260E-03  1.160E-03  3.402E-04  1.579E-04  2.501E-04
  1.387E-04  0.000E+00  0.000E+00  1.009E-04  1.531E-04  0.000E+00  0.000E+00  0.000E+00  0.000E+00  0.000E+00
  0.000E+00  0.000E+00  0.000E+00  0.000E+00  4.786E-05  1.038E-04  0.000E+00  1.338E-05  9.981E-05  5.228E-04
  4.746E-04  1.229E-03  2.106E-03  4.670E-03  4.690E-03  4.409E-03  4.591E-03  4.404E-03  3.606E-03  3.557E-03
  4.540E-03  3.955E-03  3.708E-03  4.157E-03  4.080E-03  4.466E-03  4.626E-03  5.832E-03  4.634E-03  3.510E-03
  4.037E-03  3.648E-03  3.688E-03  2.448E-03  2.606E-03  3.914E-04  4.828E-04  3.274E-04  6.386E-04  8.206E-04
  1.501E-03  1.386E-03  4.729E-04  6.354E-05  8.240E-05  3.673E-05  0.000E+00  0.000E+00  3.469E-05  6.505E-05
  0.000E+00  0.000E+00  0.000E+00  0.000E+00  0.000E+00  0.000E+00  0.000E+00  0.000E+00  0.000E+00  2.103E-04
  4.882E-05  7.894E-05  1.490E-04  2.202E-04  6.558E-04  6.650E-04  1.890E-03  1.595E-03  3.453E-03  5.034E-03
  5.267E-03  4.372E-03  3.436E-03  3.908E-03  4.354E-03  5.079E-03  3.537E-03  3.623E-03  4.965E-03  4.594E-03
  4.994E-03  4.063E-03  4.069E-03  3.075E-03  3.649E-03  3.425E-03  2.776E-03  3.507E-03  3.205E-03  3.253E-03
  1.730E-04  2.164E-04  4.451E-04  3.515E-04  6.184E-04  9.913E-04  1.967E-03  1.021E-03  5.847E-04  2.536E-05
  1.718E-04  2.299E-04  7.718E-05  3.120E-04  0.000E+00  0.000E+00  0.000E+00  0.000E+00  0.000E+00  0.000E+00
  0.000E+00  0.000E+00  0.000E+00  0.000E+00  0.000E+00  0.000E+00  0.000E+00  5.638E-05  2.425E-04  1.984E-04
  8.913E-04  9.858E-04  6.441E-04  2.756E-03  4.893E-03  4.793E-03  3.578E-03  3.708E-03  3.426E-03  3.713E-03
  3.399E-03  3.746E-03  4.483E-03  4.927E-03  3.912E-03  4.840E-03  5.110E-03  3.236E-03  3.245E-03  3.158E-03
  3.502E-03  3.511E-03  4.646E-03  4.008E-03  3.400E-03  3.773E-04  2.737E-04  2.953E-04  8.840E-04  7.721E-04
  7.493E-04  1.660E-03  1.356E-03  9.072E-04  1.150E-04  5.851E-04  3.154E-05  0.000E+00  5.279E-05  1.005E-04
  2.855E-05  2.786E-05  0.000E+00  0.000E+00  0.000E+00  0.000E+00  0.000E+00  0.000E+00  0.000E+00  0.000E+00
  0.000E+00  0.000E+00  4.940E-05  0.000E+00  4.637E-06  1.146E-03  6.533E-04  5.421E-04  3.335E-03  5.185E-03
  4.974E-03  4.215E-03  3.856E-03  4.279E-03  5.430E-03  4.097E-03  3.676E-03  3.831E-03  4.221E-03  4.528E-03
  4.706E-03  4.270E-03  3.245E-03  3.554E-03  3.469E-03  3.707E-03  3.673E-03  3.725E-03  3.085E-03  3.048E-03
  1.347E-04  1.882E-04  2.973E-04  2.721E-04  1.583E-04  3.816E-04  9.549E-04  1.200E-03  1.493E-03  7.069E-04
  8.563E-04  4.434E-04  0.000E+00  1.171E-04  3.423E-04  5.718E-04  5.658E-05  0.000E+00  0.000E+00  1.701E-04
  5.427E-05  0.000E+00  0.000E+00  0.000E+00  0.000E+00  0.000E+00  0.000E+00  3.446E-05  3.570E-04  3.282E-04
  1.541E-04  7.120E-04  1.848E-03  1.526E-03  3.357E-03  5.902E-03  3.716E-03  4.151E-03  4.496E-03  4.496E-03
  3.738E-03  3.469E-03  4.011E-03  3.956E-03  4.655E-03  3.896E-03  3.574E-03  3.054E-03  2.928E-03  3.614E-03
  3.093E-03  3.837E-03  3.201E-03  2.854E-03  3.065E-03  7.101E-05  7.101E-05  2.082E-04  7.152E-05  1.501E-04
  4.999E-04  2.649E-04  3.735E-04  9.550E-04  1.500E-03  1.559E-03  1.344E-03  3.881E-04  1.020E-04  1.861E-04
  5.054E-04  0.000E+00  0.000E+00  0.000E+00  0.000E+00  3.715E-05  9.024E-05  1.815E-04  1.113E-04  4.100E-04
  0.000E+00  0.000E+00  0.000E+00  8.496E-04  4.890E-04  1.204E-03  2.514E-03  2.552E-03  2.581E-03  5.349E-03
  5.711E-03  4.118E-03  4.753E-03  4.791E-03  3.687E-03  3.336E-03  3.522E-03  4.088E-03  3.691E-03  2.945E-03
  3.795E-03  4.254E-03  4.233E-03  2.976E-03  3.814E-03  3.465E-03  3.715E-03  4.158E-03  3.950E-03  4.095E-03

#------------------------------------------------------------------------------
# gshow
#------------------------------------------------------------------------------

p: legs[c5*0.875]

hb:   line clip z  
frame:
 -1.3999973E+03 -1.1999945E+03
  8.0000267E+02 -1.1999945E+03
  8.0000267E+02  1.2000055E+03
 -1.3999973E+03  1.2000055E+03
clip:
 -1.43928300E+03 -1.23933863E+03
 -8.45008730E+02 -1.23933863E+03
 -8.53461105E+02 -1.23353319E+03
 -8.59282998E+02 -1.22948474E+03
 -8.94955885E+02 -1.20376657E+03
 -9.00711570E+02 -1.19946599E+03
 -9.02624468E+02 -1.19802716E+03
 -9.24944456E+02 -1.18088008E+03
 -9.42140141E+02 -1.16720690E+03
 -9.54991535E+02 -1.15671568E+03
 -9.70527681E+02 -1.14371151E+03
 -9.83568713E+02 -1.13251604E+03
 -1.00293243E+03 -1.11540421E+03
 -1.01447753E+03 -1.10491418E+03
 -1.02499728E+03 -1.09516235E+03
 -1.04705530E+03 -1.07409273E+03
 -1.05680616E+03 -1.06450023E+03
 -1.06642586E+03 -1.05486297E+03
 -1.08782484E+03 -1.03278126E+03
 -1.09751825E+03 -1.02247430E+03
 -1.10785443E+03 -1.01126583E+03
 -1.12560547E+03 -9.91469780E+02
 -1.13661105E+03 -9.78833651E+02
 -1.14928300E+03 -9.63923539E+02
 -1.16068910E+03 -9.50158305E+02
 -1.17407435E+03 -9.33568111E+02
 -1.19071157E+03 -9.12253231E+02
 -1.19331364E+03 -9.08846829E+02
 -1.20989023E+03 -8.86659811E+02
 -1.22367578E+03 -8.67535354E+02
 -1.22717259E+03 -8.62581843E+02
 -1.23214014E+03 -8.55471024E+02
 -1.25194014E+03 -8.26223879E+02
 -1.26046581E+03 -8.13158009E+02
 -1.27356871E+03 -7.92478854E+02
 -1.27824588E+03 -7.84912403E+02
 -1.29202980E+03 -7.62009837E+02
 -1.30271166E+03 -7.43600928E+02
 -1.30714824E+03 -7.35774068E+02
 -1.31499728E+03 -7.21652370E+02
 -1.32543937E+03 -7.02289452E+02
 -1.33602165E+03 -6.81942920E+02
 -1.34651703E+03 -6.60977977E+02
 -1.34975973E+03 -6.54330697E+02
 -1.35642586E+03 -6.40397454E+02
 -1.36602102E+03 -6.19666502E+02
 -1.37578977E+03 -5.97664210E+02
 -1.38401787E+03 -5.78355026E+02
 -1.38805918E+03 -5.68587467E+02
 -1.39785443E+03 -5.44061579E+02
 -1.40056568E+03 -5.37043551E+02
 -1.41104179E+03 -5.08882167E+02
 -1.41571526E+03 -4.95732075E+02
 -1.42172503E+03 -4.78223734E+02
 -1.42951108E+03 -4.54420600E+02
 -1.43184704E+03 -4.47005658E+02
 -1.43928300E+03 -4.22450531E+02
 -1.43928300E+03 -4.54420600E+02
 -1.43928300E+03 -4.95732075E+02
 -1.43928300E+03 -5.37043551E+02
 -1.43928300E+03 -5.78355026E+02
 -1.43928300E+03 -6.19666502E+02
 -1.43928300E+03 -6.60977977E+02
 -1.43928300E+03 -7.02289452E+02
 -1.43928300E+03 -7.43600928E+02
 -1.43928300E+03 -7.84912403E+02
 -1.43928300E+03 -8.26223879E+02
 -1.43928300E+03 -8.67535354E+02
 -1.43928300E+03 -9.08846829E+02
 -1.43928300E+03 -9.50158305E+02
 -1.43928300E+03 -9.91469780E+02
 -1.43928300E+03 -1.03278126E+03
 -1.43928300E+03 -1.07409273E+03
 -1.43928300E+03 -1.11540421E+03
 -1.43928300E+03 -1.15671568E+03
 -1.43928300E+03 -1.19802716E+03
 -1.43928300E+03 -1.23933863E+03

hb:   line clip z  
frame:
 -1.3999973E+03 -1.1999945E+03
  8.0000267E+02 -1.1999945E+03
  8.0000267E+02  1.2000055E+03
 -1.3999973E+03  1.2000055E+03
clip:
 -8.17854427E+02 -1.23933863E+03
 -5.00000000E+02 -1.23933863E+03
 -5.00000000E+02 -1.21156294E+03
 -5.00000000E+02 -1.19802716E+03
 -5.00000000E+02 -1.17025146E+03
 -5.00000000E+02 -1.15671568E+03
 -5.00000000E+02 -1.12893998E+03
 -5.00000000E+02 -1.11540421E+03
 -5.00000000E+02 -1.08762851E+03
 -5.00000000E+02 -1.07409273E+03
 -5.00000000E+02 -1.04631703E+03
 -5.00000000E+02 -1.03278126E+03
 -5.00000000E+02 -1.00500556E+03
 -5.00000000E+02 -9.91469780E+02
 -5.00000000E+02 -9.63694083E+02
 -5.00000000E+02 -9.50158305E+02
 -5.00000000E+02 -9.22382607E+02
 -5.00000000E+02 -9.08846829E+02
 -5.00000000E+02 -8.81071132E+02
 -5.00000000E+02 -8.67535354E+02
 -5.00000000E+02 -8.39759656E+02
 -5.00000000E+02 -8.26223879E+02
 -5.00000000E+02 -7.98448181E+02
 -5.00000000E+02 -7.84912403E+02
 -5.00000000E+02 -7.57136706E+02
 -5.00000000E+02 -7.43600928E+02
 -5.00000000E+02 -7.15825230E+02
 -5.00000000E+02 -7.02289452E+02
 -5.00000000E+02 -6.74513755E+02
 -5.00000000E+02 -6.60977977E+02
 -5.00000000E+02 -6.33202279E+02
 -5.00000000E+02 -6.19666502E+02
 -5.00000000E+02 -5.91890804E+02
 -5.00000000E+02 -5.78355026E+02
 -5.00000000E+02 -5.50579329E+02
 -5.00000000E+02 -5.37043551E+02
 -5.00000000E+02 -5.09267853E+02
 -5.00000000E+02 -4.95732075E+02
 -5.00000000E+02 -4.67956378E+02
 -5.00000000E+02 -4.54420600E+02
 -5.00000000E+02 -4.26644902E+02
 -5.00000000E+02 -4.13109124E+02
 -5.00000000E+02 -3.85333427E+02
 -5.00000000E+02 -3.71797649E+02
 -5.00000000E+02 -3.44021952E+02
 -5.00000000E+02 -3.30486174E+02
 -5.00000000E+02 -3.02710476E+02
 -5.00000000E+02 -2.89174698E+02
 -5.00000000E+02 -2.61399001E+02
 -5.00000000E+02 -2.47863223E+02
 -5.00000000E+02 -2.20087525E+02
 -5.00000000E+02 -2.06551747E+02
 -5.00000000E+02 -1.78776050E+02
 -5.00000000E+02 -1.65240272E+02
 -5.00000000E+02 -1.37464575E+02
 -5.00000000E+02 -1.23928797E+02
 -5.00000000E+02 -9.61530991E+01
 -5.00000000E+02 -8.26173212E+01
 -5.00000000E+02 -5.48416237E+01
 -5.00000000E+02 -4.13058458E+01
 -5.00000000E+02 -1.35301483E+01
 -5.00000000E+02  5.62962936E-03
 -5.00000000E+02  2.77813271E+01
 -5.00000000E+02  4.13171050E+01
 -5.00000000E+02  6.90928025E+01
 -5.00000000E+02  8.26285804E+01
 -5.00000000E+02  1.10404278E+02
 -5.00000000E+02  1.23940056E+02
 -5.00000000E+02  1.51715753E+02
 -5.00000000E+02  1.65251531E+02
 -5.00000000E+02  1.93027229E+02
 -5.00000000E+02  2.06563007E+02
 -5.00000000E+02  2.34338704E+02
 -5.00000000E+02  2.47874482E+02
 -5.00000000E+02  2.75650180E+02
 -5.00000000E+02  2.89185957E+02
 -5.00000000E+02  3.16961655E+02
 -5.00000000E+02  3.30497433E+02
 -5.00000000E+02  3.58273130E+02
 -5.00000000E+02  3.71808908E+02
 -5.00000000E+02  3.99584606E+02
 -5.00000000E+02  4.13120384E+02
 -5.00000000E+02  4.40896081E+02
 -5.00000000E+02  4.54431859E+02
 -5.00000000E+02  4.82207557E+02
 -5.00000000E+02  4.95743335E+02
 -5.00000000E+02  5.23519032E+02
 -5.00000000E+02  5.37054810E+02
 -5.00000000E+02  5.64830507E+02
 -5.00000000E+02  5.78366285E+02
 -5.00000000E+02  6.06141983E+02
 -5.00000000E+02  6.19677761E+02
 -5.00000000E+02  6.47453458E+02
 -5.00000000E+02  6.60989236E+02
 -5.00000000E+02  6.88764934E+02
 -5.00000000E+02  7.02300712E+02
 -5.00000000E+02  7.30076409E+02
 -5.00000000E+02  7.43612187E+02
 -5.00000000E+02  7.71387885E+02
 -5.00000000E+02  7.84923662E+02
 -5.00000000E+02  8.12699360E+02
 -5.00000000E+02  8.26235138E+02
 -5.00000000E+02  8.54010835E+02
 -5.00000000E+02  8.67546613E+02
 -5.00000000E+02  8.95322311E+02
 -5.00000000E+02  9.08858089E+02
 -5.00000000E+02  9.36633786E+02
 -5.00000000E+02  9.50169564E+02
 -5.00000000E+02  9.77945262E+02
 -5.00000000E+02  9.91481039E+02
 -5.00000000E+02  1.01925674E+03
 -5.00000000E+02  1.03279251E+03
 -5.00000000E+02  1.06056821E+03
 -5.00000000E+02  1.07410399E+03
 -5.00000000E+02  1.10187969E+03
 -5.00000000E+02  1.11541547E+03
 -5.00000000E+02  1.14319116E+03
 -5.00000000E+02  1.15672694E+03
 -5.00000000E+02  1.18450264E+03
 -5.00000000E+02  1.19803842E+03
 -5.00000000E+02  1.22581411E+03
 -5.00000000E+02  1.23934989E+03
 -5.27854427E+02  1.23934989E+03
 -5.69282998E+02  1.23934989E+03
 -6.10711570E+02  1.23934989E+03
 -6.52140141E+02  1.23934989E+03
 -6.93568713E+02  1.23934989E+03
 -7.34997284E+02  1.23934989E+03
 -7.76425855E+02  1.23934989E+03
 -8.17854427E+02  1.23934989E+03
 -8.44992216E+02  1.23934989E+03
 -8.59282998E+02  1.22948474E+03
 -8.77701331E+02  1.21640469E+03
 -9.00711570E+02  1.19946599E+03
 -9.01527965E+02  1.19885250E+03
 -9.02609524E+02  1.19803842E+03
 -9.42140141E+02  1.16720690E+03
 -9.47935091E+02  1.16250551E+03
 -9.54977897E+02  1.15672694E+03
 -9.83568713E+02  1.13251604E+03
 -9.92699848E+02  1.12452079E+03
 -1.00291991E+03  1.11541547E+03
 -1.02499728E+03  1.09516235E+03
 -1.03583826E+03  1.08491433E+03
 -1.04704375E+03  1.07410399E+03
 -1.06642586E+03  1.05486297E+03
 -1.07735873E+03  1.04369448E+03
 -1.08781415E+03  1.03279251E+03
 -1.10785443E+03  1.01126583E+03
 -1.11726220E+03  1.00086222E+03
 -1.12559555E+03  9.91481039E+02
 -1.14928300E+03  9.63923539E+02
 -1.15554222E+03  9.56411094E+02
 -1.16067989E+03  9.50169564E+02
 -1.19071157E+03  9.12253231E+02
 -1.19218477E+03  9.10327125E+02
 -1.19330506E+03  9.08858089E+02
 -1.20119550E+03  8.98403791E+02
 -1.22366780E+03  8.67546613E+02
 -1.23214014E+03  8.55471024E+02
 -1.24402812E+03  8.38089516E+02
 -1.25193270E+03  8.26235138E+02
 -1.27356871E+03  7.92478854E+02
 -1.27646251E+03  7.87809280E+02
 -1.27823896E+03  7.84923662E+02
 -1.28542266E+03  7.73103222E+02
 -1.30270523E+03  7.43612187E+02
 -1.31499728E+03  7.21652370E+02
 -1.32181093E+03  7.09095101E+02
 -1.32543340E+03  7.02300712E+02
 -1.33665134E+03  6.80707856E+02
 -1.34651150E+03  6.60989236E+02
 -1.35642586E+03  6.40397454E+02
 -1.36301580E+03  6.26249084E+02
 -1.36601591E+03  6.19677761E+02
 -1.37369959E+03  6.02452849E+02
 -1.38401316E+03  5.78366285E+02
 -1.39785443E+03  5.44061579E+02
 -1.39981148E+03  5.39006330E+02
 -1.40056136E+03  5.37054810E+02
 -1.40222465E+03  5.32696938E+02
 -1.41571132E+03  4.95743335E+02
 -1.42485338E+03  4.68820691E+02
 -1.42950750E+03  4.54431859E+02
 -1.43928300E+03  4.22450531E+02
 -1.43928300E+03  4.13120384E+02
 -1.43928300E+03  3.71808908E+02
 -1.43928300E+03  3.30497433E+02
 -1.43928300E+03  2.89185957E+02
 -1.43928300E+03  2.47874482E+02
 -1.43928300E+03  2.06563007E+02
 -1.43928300E+03  1.65251531E+02
 -1.43928300E+03  1.23940056E+02
 -1.43928300E+03  8.26285804E+01
 -1.43928300E+03  4.13171050E+01
 -1.43928300E+03  5.62962936E-03
 -1.43928300E+03 -4.13058458E+01
 -1.43928300E+03 -8.26173212E+01
 -1.43928300E+03 -1.23928797E+02
 -1.43928300E+03 -1.65240272E+02
 -1.43928300E+03 -2.06551747E+02
 -1.43928300E+03 -2.47863223E+02
 -1.43928300E+03 -2.89174698E+02
 -1.43928300E+03 -3.30486174E+02
 -1.43928300E+03 -3.71797649E+02
 -1.43928300E+03 -4.13109124E+02
 -1.42951108E+03 -4.54420600E+02
 -1.41571526E+03 -4.95732075E+02
 -1.40056568E+03 -5.37043551E+02
 -1.39785443E+03 -5.44061579E+02
 -1.38401787E+03 -5.78355026E+02
 -1.37578977E+03 -5.97664210E+02
 -1.36602102E+03 -6.19666502E+02
 -1.35642586E+03 -6.40397454E+02
 -1.34651703E+03 -6.60977977E+02
 -1.33602165E+03 -6.81942920E+02
 -1.32543937E+03 -7.02289452E+02
 -1.31499728E+03 -7.21652370E+02
 -1.30271166E+03 -7.43600928E+02
 -1.27824588E+03 -7.84912403E+02
 -1.27356871E+03 -7.92478854E+02
 -1.25194014E+03 -8.26223879E+02
 -1.24403266E+03 -8.38082781E+02
 -1.23214014E+03 -8.55471024E+02
 -1.22367578E+03 -8.67535354E+02
 -1.20989023E+03 -8.86659811E+02
 -1.19331364E+03 -9.08846829E+02
 -1.19071157E+03 -9.12253231E+02
 -1.16068910E+03 -9.50158305E+02
 -1.15554732E+03 -9.56404925E+02
 -1.14928300E+03 -9.63923539E+02
 -1.12560547E+03 -9.91469780E+02
 -1.11726752E+03 -1.00085627E+03
 -1.10785443E+03 -1.01126583E+03
 -1.08782484E+03 -1.03278126E+03
 -1.07736427E+03 -1.04368876E+03
 -1.06642586E+03 -1.05486297E+03
 -1.04705530E+03 -1.07409273E+03
 -1.03584403E+03 -1.08490882E+03
 -1.02499728E+03 -1.09516235E+03
 -1.00293243E+03 -1.11540421E+03
 -9.92705837E+02 -1.12451551E+03
 -9.83568713E+02 -1.13251604E+03
 -9.54991535E+02 -1.15671568E+03
 -9.47941302E+02 -1.16250045E+03
 -9.42140141E+02 -1.16720690E+03
 -9.02624468E+02 -1.19802716E+03
 -8.94955885E+02 -1.20376657E+03
 -8.59282998E+02 -1.22948474E+03
 -8.45008730E+02 -1.23933863E+03

hb:   line clip z  
frame:
 -1.3999973E+03 -1.1999945E+03
  8.0000267E+02 -1.1999945E+03
  8.0000267E+02  1.2000055E+03
 -1.3999973E+03  1.2000055E+03
clip:
 -4.86425855E+02 -1.23933863E+03
 -3.00000000E+02 -1.23933863E+03
 -3.00000000E+02 -1.21868560E+03
 -3.00000000E+02 -1.19802716E+03
 -3.00000000E+02 -1.17737413E+03
 -3.00000000E+02 -1.15671568E+03
 -3.00000000E+02 -1.13606265E+03
 -3.00000000E+02 -1.11540421E+03
 -3.00000000E+02 -1.09475118E+03
 -3.00000000E+02 -1.07409273E+03
 -3.00000000E+02 -1.05343970E+03
 -3.00000000E+02 -1.03278126E+03
 -3.00000000E+02 -1.01212823E+03
 -3.00000000E+02 -9.91469780E+02
 -3.00000000E+02 -9.70816751E+02
 -3.00000000E+02 -9.50158305E+02
 -3.00000000E+02 -9.29505275E+02
 -3.00000000E+02 -9.08846829E+02
 -3.00000000E+02 -8.88193800E+02
 -3.00000000E+02 -8.67535354E+02
 -3.00000000E+02 -8.46882325E+02
 -3.00000000E+02 -8.26223879E+02
 -3.00000000E+02 -8.05570849E+02
 -3.00000000E+02 -7.84912403E+02
 -3.00000000E+02 -7.64259374E+02
 -3.00000000E+02 -7.43600928E+02
 -3.00000000E+02 -7.22947898E+02
 -3.00000000E+02 -7.02289452E+02
 -3.00000000E+02 -6.81636423E+02
 -3.00000000E+02 -6.60977977E+02
 -3.00000000E+02 -6.40324948E+02
 -3.00000000E+02 -6.19666502E+02
 -3.00000000E+02 -5.99013472E+02
 -3.00000000E+02 -5.78355026E+02
 -3.00000000E+02 -5.57701997E+02
 -3.00000000E+02 -5.37043551E+02
 -3.00000000E+02 -5.16390521E+02
 -3.00000000E+02 -4.95732075E+02
 -3.00000000E+02 -4.75079046E+02
 -3.00000000E+02 -4.54420600E+02
 -3.00000000E+02 -4.33767571E+02
 -3.00000000E+02 -4.13109124E+02
 -3.00000000E+02 -3.92456095E+02
 -3.00000000E+02 -3.71797649E+02
 -3.00000000E+02 -3.51144620E+02
 -3.00000000E+02 -3.30486174E+02
 -3.00000000E+02 -3.09833144E+02
 -3.00000000E+02 -2.89174698E+02
 -3.00000000E+02 -2.68521669E+02
 -3.00000000E+02 -2.47863223E+02
 -3.00000000E+02 -2.27210193E+02
 -3.00000000E+02 -2.06551747E+02
 -3.00000000E+02 -1.85898718E+02
 -3.00000000E+02 -1.65240272E+02
 -3.00000000E+02 -1.44587243E+02
 -3.00000000E+02 -1.23928797E+02
 -3.00000000E+02 -1.03275767E+02
 -3.00000000E+02 -8.26173212E+01
 -3.00000000E+02 -6.19642919E+01
 -3.00000000E+02 -4.13058458E+01
 -3.00000000E+02 -2.06528164E+01
 -3.00000000E+02  5.62962936E-03
 -3.00000000E+02  2.06586590E+01
 -3.00000000E+02  4.13171050E+01
 -3.00000000E+02  6.19701344E+01
 -3.00000000E+02  8.26285804E+01
 -3.00000000E+02  1.03281610E+02
 -3.00000000E+02  1.23940056E+02
 -3.00000000E+02  1.44593085E+02
 -3.00000000E+02  1.65251531E+02
 -3.00000000E+02  1.85904561E+02
 -3.00000000E+02  2.06563007E+02
 -3.00000000E+02  2.27216036E+02
 -3.00000000E+02  2.47874482E+02
 -3.00000000E+02  2.68527511E+02
 -3.00000000E+02  2.89185957E+02
 -3.00000000E+02  3.09838987E+02
 -3.00000000E+02  3.30497433E+02
 -3.00000000E+02  3.51150462E+02
 -3.00000000E+02  3.71808908E+02
 -3.00000000E+02  3.92461938E+02
 -3.00000000E+02  4.13120384E+02
 -3.00000000E+02  4.33773413E+02
 -3.00000000E+02  4.54431859E+02
 -3.00000000E+02  4.75084888E+02
 -3.00000000E+02  4.95743335E+02
 -3.00000000E+02  5.16396364E+02
 -3.00000000E+02  5.37054810E+02
 -3.00000000E+02  5.57707839E+02
 -3.00000000E+02  5.78366285E+02
 -3.00000000E+02  5.99019315E+02
 -3.00000000E+02  6.19677761E+02
 -3.00000000E+02  6.40330790E+02
 -3.00000000E+02  6.60989236E+02
 -3.00000000E+02  6.81642266E+02
 -3.00000000E+02  7.02300712E+02
 -3.00000000E+02  7.22953741E+02
 -3.00000000E+02  7.43612187E+02
 -3.00000000E+02  7.64265216E+02
 -3.00000000E+02  7.84923662E+02
 -3.00000000E+02  8.05576692E+02
 -3.00000000E+02  8.26235138E+02
 -3.00000000E+02  8.46888167E+02
 -3.00000000E+02  8.67546613E+02
 -3.00000000E+02  8.88199643E+02
 -3.00000000E+02  9.08858089E+02
 -3.00000000E+02  9.29511118E+02
 -3.00000000E+02  9.50169564E+02
 -3.00000000E+02  9.70822593E+02
 -3.00000000E+02  9.91481039E+02
 -3.00000000E+02  1.01213407E+03
 -3.00000000E+02  1.03279251E+03
 -3.00000000E+02  1.05344554E+03
 -3.00000000E+02  1.07410399E+03
 -3.00000000E+02  1.09475702E+03
 -3.00000000E+02  1.11541547E+03
 -3.00000000E+02  1.13606850E+03
 -3.00000000E+02  1.15672694E+03
 -3.00000000E+02  1.17737997E+03
 -3.00000000E+02  1.19803842E+03
 -3.00000000E+02  1.21869145E+03
 -3.00000000E+02  1.23934989E+03
 -3.20711570E+02  1.23934989E+03
 -3.62140141E+02  1.23934989E+03
 -4.03568713E+02  1.23934989E+03
 -4.44997284E+02  1.23934989E+03
 -4.86425855E+02  1.23934989E+03
 -5.00000000E+02  1.23934989E+03
 -5.00000000E+02  1.22581411E+03
 -5.00000000E+02  1.19803842E+03
 -5.00000000E+02  1.18450264E+03
 -5.00000000E+02  1.15672694E+03
 -5.00000000E+02  1.14319116E+03
 -5.00000000E+02  1.11541547E+03
 -5.00000000E+02  1.10187969E+03
 -5.00000000E+02  1.07410399E+03
 -5.00000000E+02  1.06056821E+03
 -5.00000000E+02  1.03279251E+03
 -5.00000000E+02  1.01925674E+03
 -5.00000000E+02  9.91481039E+02
 -5.00000000E+02  9.77945262E+02
 -5.00000000E+02  9.50169564E+02
 -5.00000000E+02  9.36633786E+02
 -5.00000000E+02  9.08858089E+02
 -5.00000000E+02  8.95322311E+02
 -5.00000000E+02  8.67546613E+02
 -5.00000000E+02  8.54010835E+02
 -5.00000000E+02  8.26235138E+02
 -5.00000000E+02  8.12699360E+02
 -5.00000000E+02  7.84923662E+02
 -5.00000000E+02  7.71387885E+02
 -5.00000000E+02  7.43612187E+02
 -5.00000000E+02  7.30076409E+02
 -5.00000000E+02  7.02300712E+02
 -5.00000000E+02  6.88764934E+02
 -5.00000000E+02  6.60989236E+02
 -5.00000000E+02  6.47453458E+02
 -5.00000000E+02  6.19677761E+02
 -5.00000000E+02  6.06141983E+02
 -5.00000000E+02  5.78366285E+02
 -5.00000000E+02  5.64830507E+02
 -5.00000000E+02  5.37054810E+02
 -5.00000000E+02  5.23519032E+02
 -5.00000000E+02  4.95743335E+02
 -5.00000000E+02  4.82207557E+02
 -5.00000000E+02  4.54431859E+02
 -5.00000000E+02  4.40896081E+02
 -5.00000000E+02  4.13120384E+02
 -5.00000000E+02  3.99584606E+02
 -5.00000000E+02  3.71808908E+02
 -5.00000000E+02  3.58273130E+02
 -5.00000000E+02  3.30497433E+02
 -5.00000000E+02  3.16961655E+02
 -5.00000000E+02  2.89185957E+02
 -5.00000000E+02  2.75650180E+02
 -5.00000000E+02  2.47874482E+02
 -5.00000000E+02  2.34338704E+02
 -5.00000000E+02  2.06563007E+02
 -5.00000000E+02  1.93027229E+02
 -5.00000000E+02  1.65251531E+02
 -5.00000000E+02  1.51715753E+02
 -5.00000000E+02  1.23940056E+02
 -5.00000000E+02  1.10404278E+02
 -5.00000000E+02  8.26285804E+01
 -5.00000000E+02  6.90928025E+01
 -5.00000000E+02  4.13171050E+01
 -5.00000000E+02  2.77813271E+01
 -5.00000000E+02  5.62962936E-03
 -5.00000000E+02 -1.35301483E+01
 -5.00000000E+02 -4.13058458E+01
 -5.00000000E+02 -5.48416237E+01
 -5.00000000E+02 -8.26173212E+01
 -5.00000000E+02 -9.61530991E+01
 -5.00000000E+02 -1.23928797E+02
 -5.00000000E+02 -1.37464575E+02
 -5.00000000E+02 -1.65240272E+02
 -5.00000000E+02 -1.78776050E+02
 -5.00000000E+02 -2.06551747E+02
 -5.00000000E+02 -2.20087525E+02
 -5.00000000E+02 -2.47863223E+02
 -5.00000000E+02 -2.61399001E+02
 -5.00000000E+02 -2.89174698E+02
 -5.00000000E+02 -3.02710476E+02
 -5.00000000E+02 -3.30486174E+02
 -5.00000000E+02 -3.44021952E+02
 -5.00000000E+02 -3.71797649E+02
 -5.00000000E+02 -3.85333427E+02
 -5.00000000E+02 -4.13109124E+02
 -5.00000000E+02 -4.26644902E+02
 -5.00000000E+02 -4.54420600E+02
 -5.00000000E+02 -4.67956378E+02
 -5.00000000E+02 -4.95732075E+02
 -5.00000000E+02 -5.09267853E+02
 -5.00000000E+02 -5.37043551E+02
 -5.00000000E+02 -5.50579329E+02
 -5.00000000E+02 -5.78355026E+02
 -5.00000000E+02 -5.91890804E+02
 -5.00000000E+02 -6.19666502E+02
 -5.00000000E+02 -6.33202279E+02
 -5.00000000E+02 -6.60977977E+02
 -5.00000000E+02 -6.74513755E+02
 -5.00000000E+02 -7.02289452E+02
 -5.00000000E+02 -7.15825230E+02
 -5.00000000E+02 -7.43600928E+02
 -5.00000000E+02 -7.57136706E+02
 -5.00000000E+02 -7.84912403E+02
 -5.00000000E+02 -7.98448181E+02
 -5.00000000E+02 -8.26223879E+02
 -5.00000000E+02 -8.39759656E+02
 -5.00000000E+02 -8.67535354E+02
 -5.00000000E+02 -8.81071132E+02
 -5.00000000E+02 -9.08846829E+02
 -5.00000000E+02 -9.22382607E+02
 -5.00000000E+02 -9.50158305E+02
 -5.00000000E+02 -9.63694083E+02
 -5.00000000E+02 -9.91469780E+02
 -5.00000000E+02 -1.00500556E+03
 -5.00000000E+02 -1.03278126E+03
 -5.00000000E+02 -1.04631703E+03
 -5.00000000E+02 -1.07409273E+03
 -5.00000000E+02 -1.08762851E+03
 -5.00000000E+02 -1.11540421E+03
 -5.00000000E+02 -1.12893998E+03
 -5.00000000E+02 -1.15671568E+03
 -5.00000000E+02 -1.17025146E+03
 -5.00000000E+02 -1.19802716E+03
 -5.00000000E+02 -1.21156294E+03
 -5.00000000E+02 -1.23933863E+03

hb:   line clip z  
frame:
 -1.3999973E+03 -1.1999945E+03
  8.0000267E+02 -1.1999945E+03
  8.0000267E+02  1.2000055E+03
 -1.3999973E+03  1.2000055E+03
clip:
 -2.79282998E+02 -1.23933863E+03
  0.00000000E+00 -1.23933863E+03
  0.00000000E+00 -1.20871387E+03
  0.00000000E+00 -1.19802716E+03
  0.00000000E+00 -1.16740239E+03
  0.00000000E+00 -1.15671568E+03
  0.00000000E+00 -1.12609092E+03
  0.00000000E+00 -1.11540421E+03
  0.00000000E+00 -1.08477944E+03
  0.00000000E+00 -1.07409273E+03
  0.00000000E+00 -1.04346797E+03
  0.00000000E+00 -1.03278126E+03
  0.00000000E+00 -1.00215649E+03
  0.00000000E+00 -9.91469780E+02
  0.00000000E+00 -9.60845015E+02
  0.00000000E+00 -9.50158305E+02
  0.00000000E+00 -9.19533540E+02
  0.00000000E+00 -9.08846829E+02
  0.00000000E+00 -8.78222065E+02
  0.00000000E+00 -8.67535354E+02
  0.00000000E+00 -8.36910589E+02
  0.00000000E+00 -8.26223879E+02
  0.00000000E+00 -7.95599114E+02
  0.00000000E+00 -7.84912403E+02
  0.00000000E+00 -7.54287638E+02
  0.00000000E+00 -7.43600928E+02
  0.00000000E+00 -7.12976163E+02
  0.00000000E+00 -7.02289452E+02
  0.00000000E+00 -6.71664688E+02
  0.00000000E+00 -6.60977977E+02
  0.00000000E+00 -6.30353212E+02
  0.00000000E+00 -6.19666502E+02
  0.00000000E+00 -5.89041737E+02
  0.00000000E+00 -5.78355026E+02
  0.00000000E+00 -5.47730261E+02
  0.00000000E+00 -5.37043551E+02
  0.00000000E+00 -5.06418786E+02
  0.00000000E+00 -4.95732075E+02
  0.00000000E+00 -4.65107311E+02
  0.00000000E+00 -4.54420600E+02
  0.00000000E+00 -4.23795835E+02
  0.00000000E+00 -4.13109124E+02
  0.00000000E+00 -3.82484360E+02
  0.00000000E+00 -3.71797649E+02
  0.00000000E+00 -3.41172884E+02
  0.00000000E+00 -3.30486174E+02
  0.00000000E+00 -2.99861409E+02
  0.00000000E+00 -2.89174698E+02
  0.00000000E+00 -2.58549933E+02
  0.00000000E+00 -2.47863223E+02
  0.00000000E+00 -2.17238458E+02
  0.00000000E+00 -2.06551747E+02
  0.00000000E+00 -1.75926983E+02
  0.00000000E+00 -1.65240272E+02
  0.00000000E+00 -1.34615507E+02
  0.00000000E+00 -1.23928797E+02
  0.00000000E+00 -9.33040318E+01
  0.00000000E+00 -8.26173212E+01
  0.00000000E+00 -5.19925564E+01
  0.00000000E+00 -4.13058458E+01
  0.00000000E+00 -1.06810810E+01
  0.00000000E+00  5.62962936E-03
  0.00000000E+00  3.06303944E+01
  0.00000000E+00  4.13171050E+01
  0.00000000E+00  7.19418698E+01
  0.00000000E+00  8.26285804E+01
  0.00000000E+00  1.13253345E+02
  0.00000000E+00  1.23940056E+02
  0.00000000E+00  1.54564821E+02
  0.00000000E+00  1.65251531E+02
  0.00000000E+00  1.95876296E+02
  0.00000000E+00  2.06563007E+02
  0.00000000E+00  2.37187771E+02
  0.00000000E+00  2.47874482E+02
  0.00000000E+00  2.78499247E+02
  0.00000000E+00  2.89185957E+02
  0.00000000E+00  3.19810722E+02
  0.00000000E+00  3.30497433E+02
  0.00000000E+00  3.61122198E+02
  0.00000000E+00  3.71808908E+02
  0.00000000E+00  4.02433673E+02
  0.00000000E+00  4.13120384E+02
  0.00000000E+00  4.43745149E+02
  0.00000000E+00  4.54431859E+02
  0.00000000E+00  4.85056624E+02
  0.00000000E+00  4.95743335E+02
  0.00000000E+00  5.26368099E+02
  0.00000000E+00  5.37054810E+02
  0.00000000E+00  5.67679575E+02
  0.00000000E+00  5.78366285E+02
  0.00000000E+00  6.08991050E+02
  0.00000000E+00  6.19677761E+02
  0.00000000E+00  6.50302526E+02
  0.00000000E+00  6.60989236E+02
  0.00000000E+00  6.91614001E+02
  0.00000000E+00  7.02300712E+02
  0.00000000E+00  7.32925476E+02
  0.00000000E+00  7.43612187E+02
  0.00000000E+00  7.74236952E+02
  0.00000000E+00  7.84923662E+02
  0.00000000E+00  8.15548427E+02
  0.00000000E+00  8.26235138E+02
  0.00000000E+00  8.56859903E+02
  0.00000000E+00  8.67546613E+02
  0.00000000E+00  8.98171378E+02
  0.00000000E+00  9.08858089E+02
  0.00000000E+00  9.39482853E+02
  0.00000000E+00  9.50169564E+02
  0.00000000E+00  9.80794329E+02
  0.00000000E+00  9.91481039E+02
  0.00000000E+00  1.02210580E+03
  0.00000000E+00  1.03279251E+03
  0.00000000E+00  1.06341728E+03
  0.00000000E+00  1.07410399E+03
  0.00000000E+00  1.10472876E+03
  0.00000000E+00  1.11541547E+03
  0.00000000E+00  1.14604023E+03
  0.00000000E+00  1.15672694E+03
  0.00000000E+00  1.18735171E+03
  0.00000000E+00  1.19803842E+03
  0.00000000E+00  1.22866318E+03
  0.00000000E+00  1.23934989E+03
 -3.07115697E+01  1.23934989E+03
 -7.21401411E+01  1.23934989E+03
 -1.13568713E+02  1.23934989E+03
 -1.54997284E+02  1.23934989E+03
 -1.96425855E+02  1.23934989E+03
 -2.37854427E+02  1.23934989E+03
 -2.79282998E+02  1.23934989E+03
 -3.00000000E+02  1.23934989E+03
 -3.00000000E+02  1.21869145E+03
 -3.00000000E+02  1.19803842E+03
 -3.00000000E+02  1.17737997E+03
 -3.00000000E+02  1.15672694E+03
 -3.00000000E+02  1.13606850E+03
 -3.00000000E+02  1.11541547E+03
 -3.00000000E+02  1.09475702E+03
 -3.00000000E+02  1.07410399E+03
 -3.00000000E+02  1.05344554E+03
 -3.00000000E+02  1.03279251E+03
 -3.00000000E+02  1.01213407E+03
 -3.00000000E+02  9.91481039E+02
 -3.00000000E+02  9.70822593E+02
 -3.00000000E+02  9.50169564E+02
 -3.00000000E+02  9.29511118E+02
 -3.00000000E+02  9.08858089E+02
 -3.00000000E+02  8.88199643E+02
 -3.00000000E+02  8.67546613E+02
 -3.00000000E+02  8.46888167E+02
 -3.00000000E+02  8.26235138E+02
 -3.00000000E+02  8.05576692E+02
 -3.00000000E+02  7.84923662E+02
 -3.00000000E+02  7.64265216E+02
 -3.00000000E+02  7.43612187E+02
 -3.00000000E+02  7.22953741E+02
 -3.00000000E+02  7.02300712E+02
 -3.00000000E+02  6.81642266E+02
 -3.00000000E+02  6.60989236E+02
 -3.00000000E+02  6.40330790E+02
 -3.00000000E+02  6.19677761E+02
 -3.00000000E+02  5.99019315E+02
 -3.00000000E+02  5.78366285E+02
 -3.00000000E+02  5.57707839E+02
 -3.00000000E+02  5.37054810E+02
 -3.00000000E+02  5.16396364E+02
 -3.00000000E+02  4.95743335E+02
 -3.00000000E+02  4.75084888E+02
 -3.00000000E+02  4.54431859E+02
 -3.00000000E+02  4.33773413E+02
 -3.00000000E+02  4.13120384E+02
 -3.00000000E+02  3.92461938E+02
 -3.00000000E+02  3.71808908E+02
 -3.00000000E+02  3.51150462E+02
 -3.00000000E+02  3.30497433E+02
 -3.00000000E+02  3.09838987E+02
 -3.00000000E+02  2.89185957E+02
 -3.00000000E+02  2.68527511E+02
 -3.00000000E+02  2.47874482E+02
 -3.00000000E+02  2.27216036E+02
 -3.00000000E+02  2.06563007E+02
 -3.00000000E+02  1.85904561E+02
 -3.00000000E+02  1.65251531E+02
 -3.00000000E+02  1.44593085E+02
 -3.00000000E+02  1.23940056E+02
 -3.00000000E+02  1.03281610E+02
 -3.00000000E+02  8.26285804E+01
 -3.00000000E+02  6.19701344E+01
 -3.00000000E+02  4.13171050E+01
 -3.00000000E+02  2.06586590E+01
 -3.00000000E+02  5.62962936E-03
 -3.00000000E+02 -2.06528164E+01
 -3.00000000E+02 -4.13058458E+01
 -3.00000000E+02 -6.19642919E+01
 -3.00000000E+02 -8.26173212E+01
 -3.00000000E+02 -1.03275767E+02
 -3.00000000E+02 -1.23928797E+02
 -3.00000000E+02 -1.44587243E+02
 -3.00000000E+02 -1.65240272E+02
 -3.00000000E+02 -1.85898718E+02
 -3.00000000E+02 -2.06551747E+02
 -3.00000000E+02 -2.27210193E+02
 -3.00000000E+02 -2.47863223E+02
 -3.00000000E+02 -2.68521669E+02
 -3.00000000E+02 -2.89174698E+02
 -3.00000000E+02 -3.09833144E+02
 -3.00000000E+02 -3.30486174E+02
 -3.00000000E+02 -3.51144620E+02
 -3.00000000E+02 -3.71797649E+02
 -3.00000000E+02 -3.92456095E+02
 -3.00000000E+02 -4.13109124E+02
 -3.00000000E+02 -4.33767571E+02
 -3.00000000E+02 -4.54420600E+02
 -3.00000000E+02 -4.75079046E+02
 -3.00000000E+02 -4.95732075E+02
 -3.00000000E+02 -5.16390521E+02
 -3.00000000E+02 -5.37043551E+02
 -3.00000000E+02 -5.57701997E+02
 -3.00000000E+02 -5.78355026E+02
 -3.00000000E+02 -5.99013472E+02
 -3.00000000E+02 -6.19666502E+02
 -3.00000000E+02 -6.40324948E+02
 -3.00000000E+02 -6.60977977E+02
 -3.00000000E+02 -6.81636423E+02
 -3.00000000E+02 -7.02289452E+02
 -3.00000000E+02 -7.22947898E+02
 -3.00000000E+02 -7.43600928E+02
 -3.00000000E+02 -7.64259374E+02
 -3.00000000E+02 -7.84912403E+02
 -3.00000000E+02 -8.05570849E+02
 -3.00000000E+02 -8.26223879E+02
 -3.00000000E+02 -8.46882325E+02
 -3.00000000E+02 -8.67535354E+02
 -3.00000000E+02 -8.88193800E+02
 -3.00000000E+02 -9.08846829E+02
 -3.00000000E+02 -9.29505275E+02
 -3.00000000E+02 -9.50158305E+02
 -3.00000000E+02 -9.70816751E+02
 -3.00000000E+02 -9.91469780E+02
 -3.00000000E+02 -1.01212823E+03
 -3.00000000E+02 -1.03278126E+03
 -3.00000000E+02 -1.05343970E+03
 -3.00000000E+02 -1.07409273E+03
 -3.00000000E+02 -1.09475118E+03
 -3.00000000E+02 -1.11540421E+03
 -3.00000000E+02 -1.13606265E+03
 -3.00000000E+02 -1.15671568E+03
 -3.00000000E+02 -1.17737413E+03
 -3.00000000E+02 -1.19802716E+03
 -3.00000000E+02 -1.21868560E+03
 -3.00000000E+02 -1.23933863E+03

hb:   line clip z  
frame:
 -1.3999973E+03 -1.1999945E+03
  8.0000267E+02 -1.1999945E+03
  8.0000267E+02  1.2000055E+03
 -1.3999973E+03  1.2000055E+03
clip:
  1.07170018E+01 -1.23933863E+03
  8.39288430E+02 -1.23933863E+03
  8.39288430E+02 -1.19802716E+03
  8.39288430E+02 -1.15671568E+03
  8.39288430E+02 -1.11540421E+03
  8.39288430E+02 -1.07409273E+03
  8.39288430E+02 -1.03278126E+03
  8.39288430E+02 -9.91469780E+02
  8.39288430E+02 -9.50158305E+02
  8.39288430E+02 -9.08846829E+02
  8.39288430E+02 -8.67535354E+02
  8.39288430E+02 -8.26223879E+02
  8.39288430E+02 -7.84912403E+02
  8.39288430E+02 -7.43600928E+02
  8.39288430E+02 -7.02289452E+02
  8.39288430E+02 -6.60977977E+02
  8.39288430E+02 -6.19666502E+02
  8.39288430E+02 -5.78355026E+02
  8.39288430E+02 -5.37043551E+02
  8.39288430E+02 -4.95732075E+02
  8.39288430E+02 -4.54420600E+02
  8.39288430E+02 -4.13109124E+02
  8.39288430E+02 -3.71797649E+02
  8.39288430E+02 -3.30486174E+02
  8.39288430E+02 -2.89174698E+02
  8.39288430E+02 -2.47863223E+02
  8.39288430E+02 -2.06551747E+02
  8.39288430E+02 -1.65240272E+02
  8.39288430E+02 -1.23928797E+02
  8.39288430E+02 -8.26173212E+01
  8.39288430E+02 -4.13058458E+01
  8.39288430E+02  5.62962936E-03
  8.39288430E+02  4.13171050E+01
  8.39288430E+02  8.26285804E+01
  8.39288430E+02  1.23940056E+02
  8.39288430E+02  1.65251531E+02
  8.39288430E+02  2.06563007E+02
  8.39288430E+02  2.47874482E+02
  8.39288430E+02  2.89185957E+02
  8.39288430E+02  3.30497433E+02
  8.39288430E+02  3.71808908E+02
  8.39288430E+02  4.13120384E+02
  8.39288430E+02  4.54431859E+02
  8.39288430E+02  4.95743335E+02
  8.39288430E+02  5.37054810E+02
  8.39288430E+02  5.78366285E+02
  8.39288430E+02  6.19677761E+02
  8.39288430E+02  6.60989236E+02
  8.39288430E+02  7.02300712E+02
  8.39288430E+02  7.43612187E+02
  8.39288430E+02  7.84923662E+02
  8.39288430E+02  8.26235138E+02
  8.39288430E+02  8.67546613E+02
  8.39288430E+02  9.08858089E+02
  8.39288430E+02  9.50169564E+02
  8.39288430E+02  9.91481039E+02
  8.39288430E+02  1.03279251E+03
  8.39288430E+02  1.07410399E+03
  8.39288430E+02  1.11541547E+03
  8.39288430E+02  1.15672694E+03
  8.39288430E+02  1.19803842E+03
  8.39288430E+02  1.23934989E+03
  7.97859859E+02  1.23934989E+03
  7.56431287E+02  1.23934989E+03
  7.15002716E+02  1.23934989E+03
  6.73574145E+02  1.23934989E+03
  6.32145573E+02  1.23934989E+03
  5.90717002E+02  1.23934989E+03
  5.49288430E+02  1.23934989E+03
  5.07859859E+02  1.23934989E+03
  4.66431287E+02  1.23934989E+03
  4.25002716E+02  1.23934989E+03
  3.83574145E+02  1.23934989E+03
  3.42145573E+02  1.23934989E+03
  3.00717002E+02  1.23934989E+03
  2.59288430E+02  1.23934989E+03
  2.17859859E+02  1.23934989E+03
  1.76431287E+02  1.23934989E+03
  1.35002716E+02  1.23934989E+03
  9.35741446E+01  1.23934989E+03
  5.21455732E+01  1.23934989E+03
  1.07170018E+01  1.23934989E+03
  0.00000000E+00  1.23934989E+03
  0.00000000E+00  1.22866318E+03
  0.00000000E+00  1.19803842E+03
  0.00000000E+00  1.18735171E+03
  0.00000000E+00  1.15672694E+03
  0.00000000E+00  1.14604023E+03
  0.00000000E+00  1.11541547E+03
  0.00000000E+00  1.10472876E+03
  0.00000000E+00  1.07410399E+03
  0.00000000E+00  1.06341728E+03
  0.00000000E+00  1.03279251E+03
  0.00000000E+00  1.02210580E+03
  0.00000000E+00  9.91481039E+02
  0.00000000E+00  9.80794329E+02
  0.00000000E+00  9.50169564E+02
  0.00000000E+00  9.39482853E+02
  0.00000000E+00  9.08858089E+02
  0.00000000E+00  8.98171378E+02
  0.00000000E+00  8.67546613E+02
  0.00000000E+00  8.56859903E+02
  0.00000000E+00  8.26235138E+02
  0.00000000E+00  8.15548427E+02
  0.00000000E+00  7.84923662E+02
  0.00000000E+00  7.74236952E+02
  0.00000000E+00  7.43612187E+02
  0.00000000E+00  7.32925476E+02
  0.00000000E+00  7.02300712E+02
  0.00000000E+00  6.91614001E+02
  0.00000000E+00  6.60989236E+02
  0.00000000E+00  6.50302526E+02
  0.00000000E+00  6.19677761E+02
  0.00000000E+00  6.08991050E+02
  0.00000000E+00  5.78366285E+02
  0.00000000E+00  5.67679575E+02
  0.00000000E+00  5.37054810E+02
  0.00000000E+00  5.26368099E+02
  0.00000000E+00  4.95743335E+02
  0.00000000E+00  4.85056624E+02
  0.00000000E+00  4.54431859E+02
  0.00000000E+00  4.43745149E+02
  0.00000000E+00  4.13120384E+02
  0.00000000E+00  4.02433673E+02
  0.00000000E+00  3.71808908E+02
  0.00000000E+00  3.61122198E+02
  0.00000000E+00  3.30497433E+02
  0.00000000E+00  3.19810722E+02
  0.00000000E+00  2.89185957E+02
  0.00000000E+00  2.78499247E+02
  0.00000000E+00  2.47874482E+02
  0.00000000E+00  2.37187771E+02
  0.00000000E+00  2.06563007E+02
  0.00000000E+00  1.95876296E+02
  0.00000000E+00  1.65251531E+02
  0.00000000E+00  1.54564821E+02
  0.00000000E+00  1.23940056E+02
  0.00000000E+00  1.13253345E+02
  0.00000000E+00  8.26285804E+01
  0.00000000E+00  7.19418698E+01
  0.00000000E+00  4.13171050E+01
  0.00000000E+00  3.06303944E+01
  0.00000000E+00  5.62962936E-03
  0.00000000E+00 -1.06810810E+01
  0.00000000E+00 -4.13058458E+01
  0.00000000E+00 -5.19925564E+01
  0.00000000E+00 -8.26173212E+01
  0.00000000E+00 -9.33040318E+01
  0.00000000E+00 -1.23928797E+02
  0.00000000E+00 -1.34615507E+02
  0.00000000E+00 -1.65240272E+02
  0.00000000E+00 -1.75926983E+02
  0.00000000E+00 -2.06551747E+02
  0.00000000E+00 -2.17238458E+02
  0.00000000E+00 -2.47863223E+02
  0.00000000E+00 -2.58549933E+02
  0.00000000E+00 -2.89174698E+02
  0.00000000E+00 -2.99861409E+02
  0.00000000E+00 -3.30486174E+02
  0.00000000E+00 -3.41172884E+02
  0.00000000E+00 -3.71797649E+02
  0.00000000E+00 -3.82484360E+02
  0.00000000E+00 -4.13109124E+02
  0.00000000E+00 -4.23795835E+02
  0.00000000E+00 -4.54420600E+02
  0.00000000E+00 -4.65107311E+02
  0.00000000E+00 -4.95732075E+02
  0.00000000E+00 -5.06418786E+02
  0.00000000E+00 -5.37043551E+02
  0.00000000E+00 -5.47730261E+02
  0.00000000E+00 -5.78355026E+02
  0.00000000E+00 -5.89041737E+02
  0.00000000E+00 -6.19666502E+02
  0.00000000E+00 -6.30353212E+02
  0.00000000E+00 -6.60977977E+02
  0.00000000E+00 -6.71664688E+02
  0.00000000E+00 -7.02289452E+02
  0.00000000E+00 -7.12976163E+02
  0.00000000E+00 -7.43600928E+02
  0.00000000E+00 -7.54287638E+02
  0.00000000E+00 -7.84912403E+02
  0.00000000E+00 -7.95599114E+02
  0.00000000E+00 -8.26223879E+02
  0.00000000E+00 -8.36910589E+02
  0.00000000E+00 -8.67535354E+02
  0.00000000E+00 -8.78222065E+02
  0.00000000E+00 -9.08846829E+02
  0.00000000E+00 -9.19533540E+02
  0.00000000E+00 -9.50158305E+02
  0.00000000E+00 -9.60845015E+02
  0.00000000E+00 -9.91469780E+02
  0.00000000E+00 -1.00215649E+03
  0.00000000E+00 -1.03278126E+03
  0.00000000E+00 -1.04346797E+03
  0.00000000E+00 -1.07409273E+03
  0.00000000E+00 -1.08477944E+03
  0.00000000E+00 -1.11540421E+03
  0.00000000E+00 -1.12609092E+03
  0.00000000E+00 -1.15671568E+03
  0.00000000E+00 -1.16740239E+03
  0.00000000E+00 -1.19802716E+03
  0.00000000E+00 -1.20871387E+03
  0.00000000E+00 -1.23933863E+03

hb:   line clip z  
clip:
  5.00000000E+01 -1.67379781E+02
  5.21455732E+01 -2.00000000E+02
  8.70038265E+01 -2.00000000E+02
  9.35741446E+01 -2.00000000E+02
  1.28432398E+02 -2.00000000E+02
  1.35002716E+02 -2.00000000E+02
  1.69860969E+02 -2.00000000E+02
  1.76431287E+02 -2.00000000E+02
  2.11289541E+02 -2.00000000E+02
  2.17859859E+02 -2.00000000E+02
  2.50000000E+02 -1.97289570E+02
  2.50000000E+02 -1.65240272E+02
  2.50000000E+02 -1.33190974E+02
  2.50000000E+02 -1.23928797E+02
  2.50000000E+02 -9.18794982E+01
  2.50000000E+02 -8.26173212E+01
  2.50000000E+02 -5.05680228E+01
  2.50000000E+02 -4.13058458E+01
  2.50000000E+02 -9.25654737E+00
  2.50000000E+02  5.62962936E-03
  2.50000000E+02  3.20549280E+01
  2.50000000E+02  4.13171050E+01
  2.50000000E+02  7.33664035E+01
  2.50000000E+02  8.26285804E+01
  2.50000000E+02  1.14677879E+02
  2.50000000E+02  1.23940056E+02
  2.50000000E+02  1.55989354E+02
  2.50000000E+02  1.65251531E+02
  2.50000000E+02  1.97300830E+02
  2.17859859E+02  2.00000000E+02
  1.83012897E+02  2.00000000E+02
  1.76431287E+02  2.00000000E+02
  1.41584325E+02  2.00000000E+02
  1.35002716E+02  2.00000000E+02
  1.00155754E+02  2.00000000E+02
  9.35741446E+01  2.00000000E+02
  5.87271825E+01  2.00000000E+02
  5.00000000E+01  1.67391040E+02
  5.00000000E+01 -1.65240272E+02

hb:   line clip z  
clip:
 -1.05000000E+03  3.05565386E+02
 -1.02499728E+03  3.00000000E+02
 -9.94413407E+02  3.00000000E+02
 -7.76425855E+02  3.00000000E+02
 -7.50000000E+02  3.04146269E+02
 -7.50000000E+02  3.30497433E+02
 -7.50000000E+02  3.56848597E+02
 -7.50000000E+02  3.71808908E+02
 -7.50000000E+02  3.98160072E+02
 -7.50000000E+02  4.13120384E+02
 -7.50000000E+02  4.39471548E+02
 -7.50000000E+02  4.54431859E+02
 -7.50000000E+02  4.80783023E+02
 -7.50000000E+02  4.95743335E+02
 -7.50000000E+02  5.22094498E+02
 -7.50000000E+02  5.37054810E+02
 -7.50000000E+02  5.63405974E+02
 -7.50000000E+02  5.78366285E+02
 -7.50000000E+02  6.04717449E+02
 -7.50000000E+02  6.19677761E+02
 -7.50000000E+02  6.46028925E+02
 -7.50000000E+02  6.60989236E+02
 -7.50000000E+02  6.87340400E+02
 -7.50000000E+02  7.02300712E+02
 -7.50000000E+02  7.28651875E+02
 -7.50000000E+02  7.43612187E+02
 -7.50000000E+02  7.69963351E+02
 -7.50000000E+02  7.84923662E+02
 -7.61306784E+02  8.00000000E+02
 -7.76425855E+02  8.00000000E+02
 -7.91544926E+02  8.00000000E+02
 -8.17854427E+02  8.00000000E+02
 -8.32973498E+02  8.00000000E+02
 -8.59282998E+02  8.00000000E+02
 -8.74402069E+02  8.00000000E+02
 -9.00711570E+02  8.00000000E+02
 -9.15830641E+02  8.00000000E+02
 -9.42140141E+02  8.00000000E+02
 -9.57259212E+02  8.00000000E+02
 -9.83568713E+02  8.00000000E+02
 -9.98687783E+02  8.00000000E+02
 -1.02499728E+03  8.00000000E+02
 -1.04011635E+03  8.00000000E+02
 -1.05000000E+03  7.84923662E+02
 -1.05000000E+03  7.59991615E+02
 -1.05000000E+03  7.43612187E+02
 -1.05000000E+03  7.18680140E+02
 -1.05000000E+03  7.02300712E+02
 -1.05000000E+03  6.77368665E+02
 -1.05000000E+03  6.60989236E+02
 -1.05000000E+03  6.36057189E+02
 -1.05000000E+03  6.19677761E+02
 -1.05000000E+03  5.94745714E+02
 -1.05000000E+03  5.78366285E+02
 -1.05000000E+03  5.53434238E+02
 -1.05000000E+03  5.37054810E+02
 -1.05000000E+03  5.12122763E+02
 -1.05000000E+03  4.95743335E+02
 -1.05000000E+03  4.70811288E+02
 -1.05000000E+03  4.54431859E+02
 -1.05000000E+03  4.29499812E+02
 -1.05000000E+03  4.13120384E+02
 -1.05000000E+03  3.88188337E+02
 -1.05000000E+03  3.71808908E+02
 -1.05000000E+03  3.46876861E+02
 -1.05000000E+03  3.30497433E+02

hb:   line clip z  
clip:
 -1.00000000E+03  3.55424063E+02
 -9.83568713E+02  3.50000000E+02
 -9.61697988E+02  3.50000000E+02
 -9.42140141E+02  3.50000000E+02
 -9.20269416E+02  3.50000000E+02
 -9.00711570E+02  3.50000000E+02
 -8.78840845E+02  3.50000000E+02
 -8.59282998E+02  3.50000000E+02
 -8.37412273E+02  3.50000000E+02
 -8.17854427E+02  3.50000000E+02
 -8.00000000E+02  3.54004946E+02
 -8.00000000E+02  3.71808908E+02
 -8.00000000E+02  3.89612870E+02
 -8.00000000E+02  4.13120384E+02
 -8.00000000E+02  4.30924346E+02
 -8.00000000E+02  4.54431859E+02
 -8.00000000E+02  4.72235821E+02
 -8.00000000E+02  4.95743335E+02
 -8.00000000E+02  5.13547297E+02
 -8.00000000E+02  5.37054810E+02
 -8.00000000E+02  5.54858772E+02
 -8.00000000E+02  5.78366285E+02
 -8.00000000E+02  5.96170247E+02
 -8.00000000E+02  6.19677761E+02
 -8.00000000E+02  6.37481723E+02
 -8.00000000E+02  6.60989236E+02
 -8.00000000E+02  6.78793198E+02
 -8.00000000E+02  7.02300712E+02
 -8.00000000E+02  7.20104674E+02
 -8.00000000E+02  7.43612187E+02
 -8.11448508E+02  7.50000000E+02
 -8.17854427E+02  7.50000000E+02
 -8.24260346E+02  7.50000000E+02
 -8.59282998E+02  7.50000000E+02
 -8.65688917E+02  7.50000000E+02
 -9.00711570E+02  7.50000000E+02
 -9.07117489E+02  7.50000000E+02
 -9.42140141E+02  7.50000000E+02
 -9.48546060E+02  7.50000000E+02
 -9.83568713E+02  7.50000000E+02
 -9.89974632E+02  7.50000000E+02
 -1.00000000E+03  7.43612187E+02
 -1.00000000E+03  7.27227342E+02
 -1.00000000E+03  7.02300712E+02
 -1.00000000E+03  6.85915866E+02
 -1.00000000E+03  6.60989236E+02
 -1.00000000E+03  6.44604391E+02
 -1.00000000E+03  6.19677761E+02
 -1.00000000E+03  6.03292916E+02
 -1.00000000E+03  5.78366285E+02
 -1.00000000E+03  5.61981440E+02
 -1.00000000E+03  5.37054810E+02
 -1.00000000E+03  5.20669965E+02
 -1.00000000E+03  4.95743335E+02
 -1.00000000E+03  4.79358489E+02
 -1.00000000E+03  4.54431859E+02
 -1.00000000E+03  4.38047014E+02
 -1.00000000E+03  4.13120384E+02
 -1.00000000E+03  3.96735539E+02
 -1.00000000E+03  3.71808908E+02

hb:   line clip z  
frame:
 -1.3999973E+03 -1.1999945E+03
  8.0000267E+02 -1.1999945E+03
  8.0000267E+02  1.2000055E+03
 -1.3999973E+03  1.2000055E+03
clip:
 -1.43928300E+03  4.22450531E+02
 -1.42950750E+03  4.54431859E+02
 -1.41571132E+03  4.95743335E+02
 -1.40056136E+03  5.37054810E+02
 -1.38805591E+03  5.68595461E+02
 -1.37369959E+03  6.02452849E+02
 -1.35642586E+03  6.40397454E+02
 -1.34651150E+03  6.60989236E+02
 -1.32543340E+03  7.02300712E+02
 -1.30714418E+03  7.35781280E+02
 -1.28542266E+03  7.73103222E+02
 -1.27356871E+03  7.92478854E+02
 -1.26046139E+03  8.13164860E+02
 -1.23214014E+03  8.55471024E+02
 -1.22366780E+03  8.67546613E+02
 -1.20119550E+03  8.98403791E+02
 -1.19071157E+03  9.12253231E+02
 -1.17406936E+03  9.33574391E+02
 -1.16067989E+03  9.50169564E+02
 -1.14928300E+03  9.63923539E+02
 -1.13660584E+03  9.78839708E+02
 -1.10785443E+03  1.01126583E+03
 -1.08781415E+03  1.03279251E+03
 -1.06642586E+03  1.05486297E+03
 -1.04704375E+03  1.07410399E+03
 -1.02499728E+03  1.09516235E+03
 -1.00291991E+03  1.11541547E+03
 -9.70521581E+02  1.14371669E+03
 -9.42140141E+02  1.16720690E+03
 -9.02609524E+02  1.19803842E+03
 -8.77701331E+02  1.21640469E+03
 -8.44992216E+02  1.23934989E+03
 -8.59282998E+02  1.23934989E+03
 -9.00711570E+02  1.23934989E+03
 -9.42140141E+02  1.23934989E+03
 -9.83568713E+02  1.23934989E+03
 -1.02499728E+03  1.23934989E+03
 -1.06642586E+03  1.23934989E+03
 -1.10785443E+03  1.23934989E+03
 -1.14928300E+03  1.23934989E+03
 -1.19071157E+03  1.23934989E+03
 -1.23214014E+03  1.23934989E+03
 -1.27356871E+03  1.23934989E+03
 -1.31499728E+03  1.23934989E+03
 -1.35642586E+03  1.23934989E+03
 -1.39785443E+03  1.23934989E+03
 -1.43928300E+03  1.23934989E+03
 -1.43928300E+03  1.19803842E+03
 -1.43928300E+03  1.15672694E+03
 -1.43928300E+03  1.11541547E+03
 -1.43928300E+03  1.07410399E+03
 -1.43928300E+03  1.03279251E+03
 -1.43928300E+03  9.91481039E+02
 -1.43928300E+03  9.50169564E+02
 -1.43928300E+03  9.08858089E+02
 -1.43928300E+03  8.67546613E+02
 -1.43928300E+03  8.26235138E+02
 -1.43928300E+03  7.84923662E+02
 -1.43928300E+03  7.43612187E+02
 -1.43928300E+03  7.02300712E+02
 -1.43928300E+03  6.60989236E+02
 -1.43928300E+03  6.19677761E+02
 -1.43928300E+03  5.78366285E+02
 -1.43928300E+03  5.37054810E+02
 -1.43928300E+03  4.95743335E+02
 -1.43928300E+03  4.54431859E+02

#------------------------------------------------------------------------------
z: xorg(1.03)
p: xfac[c2*0.05] form[c1/0.05] notc noxt noyt dmin(1)
p: ymin(0) ymax(1) xmin(0) xmax(1) cmin(1) cmax(100) nosp
hc: y= 0.005 to 0.995 by 0.01 ; x= 0.5 to 0.5 by 1 ;
 1  2  3  4  5  6  7  8  9 10 11 12 13 14 15 16 17 18 19 20
21 22 23 24 25 26 27 28 29 30 31 32 33 34 35 36 37 38 39 40
41 42 43 44 45 46 47 48 49 50 51 52 53 54 55 56 57 58 59 60
61 62 63 64 65 66 67 68 69 70 71 72 73 74 75 76 77 78 79 80
81 82 83 84 85 86 87 88 89 90 91 92 93 94 95 96 97 98 99 100
z: xorg(0.0)
p: xfac[c2*0.05] form[c1/0.05] nosp afac[c5*0.625] ymin[c3] ymax[c4]
p: noxt noxn ytxt(-1) ynum(-1) xltd(-1) xstd(-1) itic(1) ylog
y: Flux [1/cm^2/source]              
#------------------------------------------------------------------------------

wt: s[c5]
\vspace{-3}
  emin  &=&   1.0000E-09 [MeV/n]
  emax  &=&   1.0000E+06 [MeV/n]
  ymin  &=&  -3.0000E+02 [cm]
  ymax  &=&   3.0000E+02 [cm]
  part. &=& neutron 
e:

#------------------------------------------------------------------------------
z: xorg[-1.03/0.05]
p: form[c1] xfac[c2] afac[c5] nosp notf
p: xmin( -1400.000    ) xmax(  800.0000    )
p: ymin( -1200.000    ) ymax(  1200.000    )
 
# Information for Restart Calculation
# This calculation was newly started
# istdev =  2 # 1:Batch variance, 2:History variance
# resc2  = 6.12939854596625699E-01 # Total source weight or Total source weight / maxcas
# resc3  = 1.50000000000000000E+04 # Total history number or Total batch number
# maxcas =        1500 # History / Batch, only used for istdev=1
# bitrseed = 1011100101110110110001110111011000111100110100001101101101110101 # bit data of rseed
