           _________________________________________________________
          |                                                         |
          |       _/_/_/_/                                          |
          |      _/      _/                  _/_/_/_/_/_/           |
          |     _/      _/  _/      _/   _/      _/      _/_/_/_/_/ |
          |    _/_/_/_/    _/      _/   _/      _/      _/          |
          |   _/          _/_/_/_/_/   _/      _/       _/_/_/_/    |
          |  _/          _/      _/   _/      _/              _/    |
          | _/          _/      _/   _/      _/      _/_/_/_/_/     |
          |                                                         |
          |                                                         |
          |       Particle and Heavy Ion Transport code System      |
          |                      Version =  3.360                   |
          |                       developed by                      |
          |                                                         |
          |  Tatsuhiko SATO, Yosuke IWAMOTO, Shintaro HASHIMOTO,    |
          |    Tatsuhiko OGAWA, Takuya FURUTA, Shinichiro ABE,      |
          |    Takeshi KAI, Norihiro MATSUDA, Yusuke MATSUYA,       |
          |      Yuho HIRATA, Takuya SEKIKAWA, Seiki Ohnish,        |
          |                     Yao LAN (JAEA),                     |
          |  Hiroshi IWASE, Yasuhito SAKAKI, Kenta SUGIHARA (KEK),  |
          |           Nobuhiro SHIGYO (Kyushu University),          |
          |     Hunter RATLIFF (Haukeland University Hospital),     |
          |  Lembit SIHVER (University of Texas Rio Grande Valley), |
          |                  and Koji NIITA (RIST)                  |
          |                                                         |
          |                 Last Revised  2026-03-24                |
          |_________________________________________________________|

                        Starting Date = 2026-08-24
                        Starting Time = 00h 22m 58

>>> Input Echo >>>=============================================================

[ Title ]
Deep cavity at 12 mwe under soil only, NEUTRON-ONLY cosmic source
S6 theory_research: 10_deep_allsrc と同一ジオメトリで線源を中性子のみに。
深部空洞のフラックスが 10 と比べゼロに落ちれば深部フロアはミューオン起源。

[ Parameters ]
 icntl    =           0     # (D=0) 3:ECH 5:NOR 6:SRC 7,8:GSH 11:DSH 12:DUMP
 maxcas   =        1500     # (D=10) number of particles per one batch
 maxbch   =          10     # (D=10) number of batches
 e-mode   =           2     # (D=0) 0: Normal, 1: Event generator mode Ver.1, 2: Ver.2
 irqmd    =           1     # (D=0) 0: JQMD legacy version, 1: JQMD-2.0
 negs     =           2     # (D=-1) =-1:original, =0:No, =1:EGS, =2:EGS(HE)
 mdbatima =        3000     # (D=500) max database size of ATIMA
 maxbnk   =      100000     # (D=10000) maximum bank memory length
 imevperu =           1     # (D=1) currently recommended to use iMeVperN instead of iMeVperU
 emin(12) =  1.00000000     # (D=1.e+9) cut-off energy of electron (MeV)
 emin(13) =  1.00000000     # (D=1.e+9) cut-off energy of positron (MeV)

[ Source ]
  totfact = -8.04248E+06    # (D=1.0) global factor
$ totfact =  -24472.        # revised global factor by e-type = 25,26,28 or 29
   s-type =   9             # spherical source
     proj =  neutron        # kind of incident particle         
       x0 =   0.0000        # (D=0.0) center position of x-axis [cm]
       y0 =   0.0000        # (D=0.0) center position of y-axis [cm]
       z0 =   0.0000        # (D=0.0) center position of z-axis [cm]
       r1 =   1600.0        # inner radius [cm]
       r2 =   1600.0        # outer radius [cm]
      dir =  iso            # inner direction with uniform dis. by analog
      ag1 =  -1.0000        # minimum zenith angle in cosine
      ag2 =   1.0000        # maximum zenith angle in cosine
      pg1 =   0.0000        # minimum azimuth angle in degree
      pg2 =   360.00        # maximum azimuth angle in degree
   e-type =  25             # Cosmic-ray source
      eg1 =  1.00000E-08    # minimum cutoff energy [MeV]
      eg2 =   10000.        # maximum cutoff energy [MeV]
       nm = -200            # number of energy mesh
                            # nm>0: lin, nm<0: log mesh and interpolation
#   e-type = 21             # energy distribution given by data
#      ne = -200            # number of energy bin
#  e-lower      fluence(/cm2/s/(MeV/n))
#  1.00000E-08  3.49620E+01
#  1.14815E-08  3.57466E+01
#  1.31826E-08  3.64882E+01
#  1.51356E-08  3.71749E+01
#  1.73780E-08  3.77933E+01
#  1.99526E-08  3.83289E+01
#  2.29087E-08  3.87658E+01
#  2.63027E-08  3.90872E+01
#  3.01995E-08  3.92762E+01
#  3.46737E-08  3.93159E+01
#  3.98107E-08  3.91904E+01
#  4.57088E-08  3.88860E+01
#  5.24807E-08  3.83918E+01
#  6.02560E-08  3.77011E+01
#  6.91831E-08  3.68122E+01
#  7.94328E-08  3.57292E+01
#  9.12011E-08  3.44623E+01
#  1.04713E-07  3.30273E+01
#  1.20226E-07  3.14463E+01
#  1.38038E-07  2.97460E+01
#  1.58489E-07  2.79565E+01
#  1.81970E-07  2.61091E+01
#  2.08930E-07  2.42355E+01
#  2.39883E-07  2.23659E+01
#  2.75423E-07  2.05274E+01
#  3.16228E-07  1.87438E+01
#  3.63078E-07  1.70343E+01
#  4.16869E-07  1.54136E+01
#  4.78630E-07  1.38923E+01
#  5.49541E-07  1.24768E+01
#  6.30957E-07  1.11700E+01
#  7.24436E-07  9.97192E+00
#  8.31764E-07  8.88027E+00
#  9.54993E-07  7.89091E+00
#  1.09648E-06  6.99848E+00
#  1.25893E-06  6.19676E+00
#  1.44544E-06  5.47908E+00
#  1.65959E-06  4.83859E+00
#  1.90546E-06  4.26849E+00
#  2.18776E-06  3.76218E+00
#  2.51189E-06  3.31338E+00
#  2.88403E-06  2.91621E+00
#  3.31131E-06  2.56523E+00
#  3.80189E-06  2.25543E+00
#  4.36516E-06  1.98226E+00
#  5.01187E-06  1.74159E+00
#  5.75440E-06  1.52971E+00
#  6.60693E-06  1.34330E+00
#  7.58578E-06  1.17939E+00
#  8.70964E-06  1.03532E+00
#  1.00000E-05  9.08741E-01
#  1.14815E-05  7.97571E-01
#  1.31826E-05  6.99960E-01
#  1.51356E-05  6.14275E-01
#  1.73780E-05  5.39074E-01
#  1.99526E-05  4.73085E-01
#  2.29087E-05  4.15188E-01
#  2.63027E-05  3.64397E-01
#  3.01995E-05  3.19843E-01
#  3.46737E-05  2.80764E-01
#  3.98107E-05  2.46487E-01
#  4.57088E-05  2.16425E-01
#  5.24807E-05  1.90059E-01
#  6.02560E-05  1.66936E-01
#  6.91831E-05  1.46655E-01
#  7.94328E-05  1.28866E-01
#  9.12011E-05  1.13264E-01
#  1.04713E-04  9.95786E-02
#  1.20226E-04  8.75730E-02
#  1.38038E-04  7.70406E-02
#  1.58489E-04  6.77995E-02
#  1.81970E-04  5.96905E-02
#  2.08930E-04  5.25741E-02
#  2.39883E-04  4.63277E-02
#  2.75423E-04  4.08443E-02
#  3.16228E-04  3.60297E-02
#  3.63078E-04  3.18015E-02
#  4.16869E-04  2.80875E-02
#  4.78630E-04  2.48245E-02
#  5.49541E-04  2.19570E-02
#  6.30957E-04  1.94363E-02
#  7.24436E-04  1.72199E-02
#  8.31764E-04  1.52705E-02
#  9.54993E-04  1.35553E-02
#  1.09648E-03  1.20458E-02
#  1.25893E-03  1.07167E-02
#  1.44544E-03  9.54611E-03
#  1.65959E-03  8.51471E-03
#  1.90546E-03  7.60559E-03
#  2.18776E-03  6.80392E-03
#  2.51189E-03  6.09671E-03
#  2.88403E-03  5.47254E-03
#  3.31131E-03  4.92139E-03
#  3.80189E-03  4.43444E-03
#  4.36516E-03  4.00393E-03
#  5.01187E-03  3.62299E-03
#  5.75440E-03  3.28554E-03
#  6.60693E-03  2.98614E-03
#  7.58578E-03  2.71993E-03
#  8.70964E-03  2.48254E-03
#  1.00000E-02  2.26997E-03
#  1.14815E-02  2.07861E-03
#  1.31826E-02  1.90514E-03
#  1.51356E-02  1.74657E-03
#  1.73780E-02  1.60028E-03
#  1.99526E-02  1.46407E-03
#  2.29087E-02  1.33629E-03
#  2.63027E-02  1.21605E-03
#  3.01995E-02  1.10334E-03
#  3.46737E-02  9.99037E-04
#  3.98107E-02  9.04641E-04
#  4.57088E-02  8.21654E-04
#  5.24807E-02  7.50906E-04
#  6.02560E-02  6.92121E-04
#  6.91831E-02  6.43944E-04
#  7.94328E-02  6.04290E-04
#  9.12011E-02  5.70774E-04
#  1.04713E-01  5.41139E-04
#  1.20226E-01  5.13651E-04
#  1.38038E-01  4.87313E-04
#  1.58489E-01  4.61774E-04
#  1.81970E-01  4.37059E-04
#  2.08930E-01  4.13321E-04
#  2.39883E-01  3.90699E-04
#  2.75423E-01  3.69279E-04
#  3.16228E-01  3.49086E-04
#  3.63078E-01  3.30101E-04
#  4.16869E-01  3.12269E-04
#  4.78630E-01  2.95504E-04
#  5.49541E-01  2.79694E-04
#  6.30957E-01  2.64703E-04
#  7.24436E-01  2.50376E-04
#  8.31764E-01  2.36599E-04
#  9.54993E-01  2.23627E-04
#  1.09648E+00  2.13062E-04
#  1.25893E+00  2.04634E-04
#  1.44544E+00  1.92198E-04
#  1.65959E+00  1.76677E-04
#  1.90546E+00  1.59923E-04
#  2.18776E+00  1.42431E-04
#  2.51189E+00  1.24556E-04
#  2.88403E+00  1.06802E-04
#  3.31131E+00  8.97864E-05
#  3.80189E+00  7.41294E-05
#  4.36516E+00  6.03336E-05
#  5.01187E+00  4.87123E-05
#  5.75440E+00  3.94001E-05
#  6.60693E+00  3.23154E-05
#  7.58578E+00  2.70044E-05
#  8.70964E+00  2.29875E-05
#  1.00000E+01  1.98093E-05
#  1.14815E+01  1.71575E-05
#  1.31826E+01  1.49135E-05
#  1.51356E+01  1.30622E-05
#  1.73780E+01  1.16602E-05
#  1.99526E+01  1.07901E-05
#  2.29087E+01  1.01024E-05
#  2.63027E+01  9.51191E-06
#  3.01995E+01  9.13037E-06
#  3.46737E+01  8.95063E-06
#  3.98107E+01  8.92108E-06
#  4.57088E+01  8.97132E-06
#  5.24807E+01  9.02085E-06
#  6.02560E+01  8.96021E-06
#  6.91831E+01  8.73584E-06
#  7.94328E+01  8.34657E-06
#  9.12011E+01  7.78559E-06
#  1.04713E+02  7.07405E-06
#  1.20226E+02  6.25148E-06
#  1.38038E+02  5.36563E-06
#  1.58489E+02  4.46571E-06
#  1.81970E+02  3.60295E-06
#  2.08930E+02  2.82061E-06
#  2.39883E+02  2.14307E-06
#  2.75423E+02  1.57962E-06
#  3.16228E+02  1.12978E-06
#  3.63078E+02  7.86078E-07
#  4.16869E+02  5.33796E-07
#  4.78630E+02  3.56056E-07
#  5.49541E+02  2.35094E-07
#  6.30957E+02  1.54353E-07
#  7.24436E+02  1.02056E-07
#  8.31764E+02  6.84822E-08
#  9.54993E+02  4.68362E-08
#  1.09648E+03  3.26674E-08
#  1.25893E+03  2.31832E-08
#  1.44544E+03  1.66759E-08
#  1.65959E+03  1.21089E-08
#  1.90546E+03  8.84585E-09
#  2.18776E+03  6.48481E-09
#  2.51189E+03  4.76278E-09
#  2.88403E+03  3.50105E-09
#  3.31131E+03  2.57441E-09
#  3.80189E+03  1.89315E-09
#  4.36516E+03  1.39212E-09
#  5.01187E+03  1.02363E-09
#  5.75440E+03  7.52651E-10
#  6.60693E+03  5.53395E-10
#  7.58578E+03  4.06893E-10
#  8.70964E+03  2.99184E-10
    icenv =   5             # 0>: Terrestiral GCR, D=0: Free-space GCR, <0:Free-space SEP
 solarmod =   100.00        # Solar activity W-index
    rigid =   10.924        # Cut-off rigidity in GV
  depatom =   1029.6        # Atmospheric depth in g/cm2
  environ =  0.15000        # Surrounding environment (icenv=2-4) or SPE index (icenv=-1)

[ Material ]
MAT[ 1 ] 
           N         -7.5530000E-01
           O         -2.3180000E-01
           Ar        -1.2900000E-02
MAT[ 3 ] 
           H         -4.4800000E-02
           O         -6.3360000E-01
           Si        -1.3860000E-01
           Al        -8.7000000E-02
           Fe        -6.0000000E-02
           Ca        -9.6000000E-03
           Mg        -7.8000000E-03
           K         -5.4000000E-03
           Na        -4.8000000E-03
           Ti        -7.8000000E-03
MAT[ 4 ] 
           H         -2.2400000E-02
           O         -5.4880000E-01
           Si        -1.8480000E-01
           Al        -1.1600000E-01
           Fe        -8.0000000E-02
           Ca        -1.2800000E-02
           Mg        -1.0400000E-02
           K         -7.2000000E-03
           Na        -6.4000000E-03
           Ti        -1.0400000E-02
MAT[ 5 ] 
           H         -2.2400000E-02
           O         -5.4880000E-01
           Si        -1.8480000E-01
           Al        -1.1600000E-01
           Fe        -8.0000000E-02
           Ca        -1.2800000E-02
           Mg        -1.0400000E-02
           K         -7.2000000E-03
           Na        -6.4000000E-03
           Ti        -1.0400000E-02

[ Cell ]
 111         1 -1.2050000E-03  -50 
 220         1 -1.2050000E-03  -42 51 
 221         1 -1.2050000E-03  -51 
 310         1 -1.2050000E-03  -10 20 50 
 400         3 -1.3500000E+00  -10 -20 21 42 
 410         4 -1.6500000E+00  -10 -21 22 42 
 420         5 -1.8500000E+00  -10 -22 42 
 900         0                 10 -12 
 999        -1                 12 

[ Surface ]
 10            so    1.5000000E+03
 12            so    2.2000000E+03
 20            pz    0.0000000E+00
 21            pz   -3.0000000E+02
 22            pz   -5.0000000E+02
 42            rpp   3.0000000E+02  8.0000000E+02 -6.0000000E+02
                     6.0000000E+02 -1.0500000E+03 -7.5000000E+02
 50            rpp  -2.0000000E+02  2.0000000E+02 -6.0000000E+02
                     6.0000000E+02  5.0000000E+01  2.5000000E+02
 51            rpp   3.5000000E+02  7.5000000E+02 -4.5000000E+02
                     4.5000000E+02 -1.0000000E+03 -8.0000000E+02

[ Volume ]
    reg        vol
    111     9.6000000E+07
    220     3.7800000E+07
    221     7.2000000E+07

[ Mat Name Color ]
   mat        name     size            color   # HSB color value
     0        void     1.00        lightgray   # { -0.800  1.000  1.000 }
     1         Air     1.00      yellowgreen   # {  0.700  1.000  1.000 }
     3        Loam     1.00     orangeyellow   # {  0.867  1.000  1.000 }
     4        Clay     1.00        mossgreen   # {  0.500  1.000  0.300 }
     5    Shimousa     1.00        mossgreen   # {  0.500  1.000  0.300 }

[ T-Track ]
    title = Flux spectra, deep cavity 12 mwe [1/cm2/s]
     mesh =  reg            # mesh type is region-wise
      reg = 111 221 220
   e-type =    3            # e-mesh is log given by emin, emax and ne
     emin =  1.0000000E-09  # minimum value of e-mesh points
     emax =   1000000.      # maximum value of e-mesh points
#    edel =  0.4605170      # mesh width of e-mesh points
       ne =     75          # number of e-mesh points
#    data = ( e(i), i = 1, ne + 1 )
#           1.00000E-09  1.58489E-09  2.51189E-09  3.98107E-09  6.30957E-09
#           1.00000E-08  1.58489E-08  2.51189E-08  3.98107E-08  6.30957E-08
#           1.00000E-07  1.58489E-07  2.51189E-07  3.98107E-07  6.30957E-07
#           1.00000E-06  1.58489E-06  2.51189E-06  3.98107E-06  6.30957E-06
#           1.00000E-05  1.58489E-05  2.51189E-05  3.98107E-05  6.30957E-05
#           1.00000E-04  1.58489E-04  2.51189E-04  3.98107E-04  6.30957E-04
#           1.00000E-03  1.58489E-03  2.51189E-03  3.98107E-03  6.30957E-03
#           1.00000E-02  1.58489E-02  2.51189E-02  3.98107E-02  6.30957E-02
#           1.00000E-01  1.58489E-01  2.51189E-01  3.98107E-01  6.30957E-01
#           1.00000E+00  1.58489E+00  2.51189E+00  3.98107E+00  6.30957E+00
#           1.00000E+01  1.58489E+01  2.51189E+01  3.98107E+01  6.30957E+01
#           1.00000E+02  1.58489E+02  2.51189E+02  3.98107E+02  6.30957E+02
#           1.00000E+03  1.58489E+03  2.51189E+03  3.98107E+03  6.30957E+03
#           1.00000E+04  1.58489E+04  2.51189E+04  3.98107E+04  6.30957E+04
#           1.00000E+05  1.58489E+05  2.51189E+05  3.98107E+05  6.30957E+05
#           1.00000E+06
     unit =    1            # unit is [1/cm^2/source]
 material =  all            # (D=all) number of specific material
     axis =     eng            # axis of output
     file = spectrum_reg.out  # file name of output for the above axis
     part =  neutron    photon    ( muon+      muon-    ) 
# kf/name :  2112       22        ( -13        13       ) 
   epsout =    1            # (D=0) generate eps file by ANGEL
#    used :        main (  %)        temp (  %)       total (  %)
#  memory :          84 (  0)           0 (  0)          84 (  0)

[ T-Track ]
    title = Neutron flux vs depth, undisturbed soil column
     mesh =  xyz            # mesh type is xyz scoring mesh
   x-type =    2            # x-mesh is linear given by xmin, xmax and nx
     xmin =  -250.0000      # minimum value of x-mesh points
     xmax =   250.0000      # maximum value of x-mesh points
#    xdel =   500.0000      # mesh width of x-mesh points
       nx =      1          # number of x-mesh points
#    data = ( x(i), i = 1, nx + 1 )
#          -2.50000E+02  2.50000E+02
   y-type =    2            # y-mesh is linear given by ymin, ymax and ny
     ymin =  -300.0000      # minimum value of y-mesh points
     ymax =   300.0000      # maximum value of y-mesh points
#    ydel =   600.0000      # mesh width of y-mesh points
       ny =      1          # number of y-mesh points
#    data = ( y(i), i = 1, ny + 1 )
#          -3.00000E+02  3.00000E+02
   z-type =    2            # z-mesh is linear given by zmin, zmax and nz
     zmin =  -1400.000      # minimum value of z-mesh points
     zmax =   600.0000      # maximum value of z-mesh points
#    zdel =   25.00000      # mesh width of z-mesh points
       nz =     80          # number of z-mesh points
#    data = ( z(i), i = 1, nz + 1 )
#          -1.40000E+03 -1.37500E+03 -1.35000E+03 -1.32500E+03 -1.30000E+03
#          -1.27500E+03 -1.25000E+03 -1.22500E+03 -1.20000E+03 -1.17500E+03
#          -1.15000E+03 -1.12500E+03 -1.10000E+03 -1.07500E+03 -1.05000E+03
#          -1.02500E+03 -1.00000E+03 -9.75000E+02 -9.50000E+02 -9.25000E+02
#          -9.00000E+02 -8.75000E+02 -8.50000E+02 -8.25000E+02 -8.00000E+02
#          -7.75000E+02 -7.50000E+02 -7.25000E+02 -7.00000E+02 -6.75000E+02
#          -6.50000E+02 -6.25000E+02 -6.00000E+02 -5.75000E+02 -5.50000E+02
#          -5.25000E+02 -5.00000E+02 -4.75000E+02 -4.50000E+02 -4.25000E+02
#          -4.00000E+02 -3.75000E+02 -3.50000E+02 -3.25000E+02 -3.00000E+02
#          -2.75000E+02 -2.50000E+02 -2.25000E+02 -2.00000E+02 -1.75000E+02
#          -1.50000E+02 -1.25000E+02 -1.00000E+02 -7.50000E+01 -5.00000E+01
#          -2.50000E+01  0.00000E+00  2.50000E+01  5.00000E+01  7.50000E+01
#           1.00000E+02  1.25000E+02  1.50000E+02  1.75000E+02  2.00000E+02
#           2.25000E+02  2.50000E+02  2.75000E+02  3.00000E+02  3.25000E+02
#           3.50000E+02  3.75000E+02  4.00000E+02  4.25000E+02  4.50000E+02
#           4.75000E+02  5.00000E+02  5.25000E+02  5.50000E+02  5.75000E+02
#           6.00000E+02
   e-type =    1            # e-mesh is given by the below data
       ne =      3          # number of e-mesh points
#    data = ( e(i), i = 1, ne + 1 )
            1.00000E-09  1.00000E-06  1.00000E-01  1.00000E+06
     unit =    1            # unit is [1/cm^2/source]
 material =  all            # (D=all) number of specific material
     axis =       z            # axis of output
     file = depth_profile.out  # file name of output for the above axis
     part =  neutron  
# kf/name :  2112     
   epsout =    1            # (D=0) generate eps file by ANGEL
#    used :        main (  %)        temp (  %)       total (  %)
#  memory :          93 (  0)           0 (  0)          93 (  0)

[ T-Track ]
    title = Cosmic-ray neutron flux, xz section, deep cavity
     mesh =  xyz            # mesh type is xyz scoring mesh
   x-type =    2            # x-mesh is linear given by xmin, xmax and nx
     xmin =  -1200.000      # minimum value of x-mesh points
     xmax =   1200.000      # maximum value of x-mesh points
#    xdel =   40.00000      # mesh width of x-mesh points
       nx =     60          # number of x-mesh points
#    data = ( x(i), i = 1, nx + 1 )
#          -1.20000E+03 -1.16000E+03 -1.12000E+03 -1.08000E+03 -1.04000E+03
#          -1.00000E+03 -9.60000E+02 -9.20000E+02 -8.80000E+02 -8.40000E+02
#          -8.00000E+02 -7.60000E+02 -7.20000E+02 -6.80000E+02 -6.40000E+02
#          -6.00000E+02 -5.60000E+02 -5.20000E+02 -4.80000E+02 -4.40000E+02
#          -4.00000E+02 -3.60000E+02 -3.20000E+02 -2.80000E+02 -2.40000E+02
#          -2.00000E+02 -1.60000E+02 -1.20000E+02 -8.00000E+01 -4.00000E+01
#           0.00000E+00  4.00000E+01  8.00000E+01  1.20000E+02  1.60000E+02
#           2.00000E+02  2.40000E+02  2.80000E+02  3.20000E+02  3.60000E+02
#           4.00000E+02  4.40000E+02  4.80000E+02  5.20000E+02  5.60000E+02
#           6.00000E+02  6.40000E+02  6.80000E+02  7.20000E+02  7.60000E+02
#           8.00000E+02  8.40000E+02  8.80000E+02  9.20000E+02  9.60000E+02
#           1.00000E+03  1.04000E+03  1.08000E+03  1.12000E+03  1.16000E+03
#           1.20000E+03
   y-type =    2            # y-mesh is linear given by ymin, ymax and ny
     ymin =  -300.0000      # minimum value of y-mesh points
     ymax =   300.0000      # maximum value of y-mesh points
#    ydel =   600.0000      # mesh width of y-mesh points
       ny =      1          # number of y-mesh points
#    data = ( y(i), i = 1, ny + 1 )
#          -3.00000E+02  3.00000E+02
   z-type =    2            # z-mesh is linear given by zmin, zmax and nz
     zmin =  -1400.000      # minimum value of z-mesh points
     zmax =   800.0000      # maximum value of z-mesh points
#    zdel =   40.00000      # mesh width of z-mesh points
       nz =     55          # number of z-mesh points
#    data = ( z(i), i = 1, nz + 1 )
#          -1.40000E+03 -1.36000E+03 -1.32000E+03 -1.28000E+03 -1.24000E+03
#          -1.20000E+03 -1.16000E+03 -1.12000E+03 -1.08000E+03 -1.04000E+03
#          -1.00000E+03 -9.60000E+02 -9.20000E+02 -8.80000E+02 -8.40000E+02
#          -8.00000E+02 -7.60000E+02 -7.20000E+02 -6.80000E+02 -6.40000E+02
#          -6.00000E+02 -5.60000E+02 -5.20000E+02 -4.80000E+02 -4.40000E+02
#          -4.00000E+02 -3.60000E+02 -3.20000E+02 -2.80000E+02 -2.40000E+02
#          -2.00000E+02 -1.60000E+02 -1.20000E+02 -8.00000E+01 -4.00000E+01
#           0.00000E+00  4.00000E+01  8.00000E+01  1.20000E+02  1.60000E+02
#           2.00000E+02  2.40000E+02  2.80000E+02  3.20000E+02  3.60000E+02
#           4.00000E+02  4.40000E+02  4.80000E+02  5.20000E+02  5.60000E+02
#           6.00000E+02  6.40000E+02  6.80000E+02  7.20000E+02  7.60000E+02
#           8.00000E+02
   e-type =    2            # e-mesh is linear given by emin, emax and ne
     emin =  1.0000000E-09  # minimum value of e-mesh points
     emax =   1000000.      # maximum value of e-mesh points
#    edel =   1000000.      # mesh width of e-mesh points
       ne =      1          # number of e-mesh points
#    data = ( e(i), i = 1, ne + 1 )
#           1.00000E-09  1.00000E+06
     unit =    1            # unit is [1/cm^2/source]
 material =  all            # (D=all) number of specific material
  2D-type =    3            # 1:Cont, 2:Clust, 3:Color, 4:xyz, 5:mat, 6:Clust+Cont, 7:Col+Cont
     axis =      xz            # axis of output
     file = map_xz.out      # file name of output for the above axis
     part =  neutron  
# kf/name :  2112     
    gshow =    1            # 0: no 1:bnd, 2:bnd+mat, 3:bnd+reg 4:bnd+lat 5:bmp style
    resol =    1            # (D=1) resolution of gshow or rshow
    width = 0.5000000       # (D=0.5) width of lines for gshow or rshow
   epsout =    1            # (D=0) generate eps file by ANGEL
#    used :        main (  %)        temp (  %)       total (  %)
#  memory :         125 (  0)           0 (  0)         125 (  0)

[END] of Input Echo <<<========================================================

<<< Report of real Geometry memory >>>
*           GG/CG memory =        2
*     total memory: mdas = 80000000
*                percent =     0.00 %

<<< Report of material memory for high energy>>>
*   high energy material =        1
*     total memory: mdas = 80000000
*                percent =     0.00 %

<<< Report of material memory for low energy>>>
*    low energy material =   518659
*     total memory: mdas = 80000000
*                percent =     0.65 %

<<< Report of real tally memory >>>
*      real tally memory =      302
*     total memory: mdas = 80000000
*                percent =     0.00 %

<<< Report of temporary tally memory >>>
* temporary tally memory =   518664
*     total memory: mdas = 80000000
*                percent =     0.65 %

<<< Report of total memory >>>
*      used total memory =   518665
*     total memory: mdas = 80000000
*                percent =     0.65 %
*                ---------------------

-------------------------------------------------------------------------------
bat[       1] ncas =           1500.
 bitrseed = 0100001010011000001011101100011110011000110110100110010000000000
          cpu time =  10.380 s.

-------------------------------------------------------------------------------
bat[       2] ncas =           3000.
 bitrseed = 1000101111011001110100000100111110101111111101000011010101010010
          cpu time =   3.968 s.

-------------------------------------------------------------------------------
bat[       3] ncas =           4500.
 bitrseed = 0111101111011110101110001110111000001110000010010001000010100001
          cpu time =   2.758 s.

-------------------------------------------------------------------------------
bat[       4] ncas =           6000.
 bitrseed = 0100010001111111010001100001001110110111100100101011001100111100
          cpu time =   2.338 s.

-------------------------------------------------------------------------------
bat[       5] ncas =           7500.
 bitrseed = 1001000011100101101101101011000010001010100000111001111101111011
          cpu time =   1.915 s.

-------------------------------------------------------------------------------
bat[       6] ncas =           9000.
 bitrseed = 0001110001100100101011010110110011101110000111101110000111011000
          cpu time =   2.118 s.

-------------------------------------------------------------------------------
bat[       7] ncas =          10500.
 bitrseed = 1011100001101001100100111110100001000001010100101110010000011100
          cpu time =   1.879 s.

-------------------------------------------------------------------------------
bat[       8] ncas =          12000.
 bitrseed = 0111010000101110111110111011110011111111011001001000100011110000
          cpu time =   1.831 s.

-------------------------------------------------------------------------------
bat[       9] ncas =          13500.
 bitrseed = 1010100111001111100001110010001010110101110001001010000111110100
          cpu time =   1.770 s.

-------------------------------------------------------------------------------
bat[      10] ncas =          15000.
 bitrseed = 0001000000010010100111010001110100101110010100001110010101001001
          cpu time =   1.780 s.

===============================================================================

 Summary for the end of job

-------------------------------------------------------------------------------
 number of analyz call vs ncol
-------------------------------------------------------------------------------
     ncol          number
        1              1.   : start of calculation            
        2              1.   : end of calculation              
        3             10.   : end of a batch                  
        4          15000.   : source                          
        5              0.   : detection of geometry error/warn
        6              0.   : recovery from geometry warning  
        7              0.   : termination by geometry error   
        8              0.   : termination by weight cut-off   
        9              0.   : termination by time cut-off     
       10          47162.   : geometry boundary crossing      
       11         236362.   : termination by energy cut-off   
       12          14277.   : termination by escape or leakage
       13          99522.   : reaction : (n,x) type           
       14        3678449.   : reaction : (n,n'x) type         
       15           1703.   : sequential transport for tally  

-------------------------------------------------------------------------------
 List of transport particles (not including source)
-------------------------------------------------------------------------------
     Name      kf-code        mass       charge   baryon
     proton       2212        938.3         1       1
     neutron      2112        939.6         0       1
     pion+         211        139.6         1       0
     pion0         111        135.0         0       0
     pion-        -211        139.6        -1       0
     muon+         -13        105.7         1       0
     muon-          13        105.7        -1       0
     kaon+         321        493.6         1       0
     kaon0         311        497.7         0       0
     electron       11          0.5        -1       0
     positron      -11          0.5         1       0
     photon         22          0.0         0       0
     deuteron  1000002       1875.6         1       2
     triton    1000003       2808.9         1       3
     3he       2000003       2808.4         2       3
     alpha     2000004       3727.4         2       4

     nu_e           12          0.0         0       0
     nu_ebar       -12          0.0         0       0
     nu_mu          14          0.0         0       0
     nu_muba       -14          0.0         0       0
     Sigma+       3222       1189.4         1       1
     Sigma-       3112       1197.4        -1       1

-------------------------------------------------------------------------------
 prod. particles       number        weight        weight per source
-------------------------------------------------------------------------------
     neutron         1386887.     1.3868870E+06     2.2626804E+06
     proton          1127016.     1.1270160E+06     1.8387057E+06
     photon            52667.     5.2667000E+04     8.5925233E+04
     deuteron          12291.     1.2291000E+04     2.0052538E+04
     alpha              9324.     9.3240000E+03     1.5211933E+04
     electron           7175.     7.1750000E+03     1.1705879E+04
     positron           3266.     3.2660000E+03     5.3284184E+03
     triton              679.     6.7900000E+02     1.1077759E+03
     3he                 425.     4.2500000E+02     6.9337961E+02
     pion-               201.     2.0100000E+02     3.2792777E+02
     pion0               188.     1.8800000E+02     3.0671851E+02
     other               180.     1.8000000E+02     2.9366666E+02
     pion+                99.     9.9000000E+01     1.6151666E+02
     muon+                56.     5.6000000E+01     9.1362961E+01
     muon-                 4.     4.0000000E+00     6.5259258E+00
     kaon+                 1.     1.0000000E+00     1.6314814E+00
     kaon0                 1.     1.0000000E+00     1.6314814E+00

-------------------------------------------------------------------------------
 the other kind of produced particles
-------------------------------------------------------------------------------
     Name      kf-code        number     mass       charge   baryon
     nu_muba       -14            60       0.0         0       0
     nu_mu          14            58       0.0         0       0
     nu_e           12            56       0.0         0       0
     Sigma-       3112             3    1197.4        -1       1
     Sigma+       3222             2    1189.4         1       1
     nu_ebar       -12             1       0.0         0       0

-------------------------------------------------------------------------------
 the other kind of particles into JAM
-------------------------------------------------------------------------------
     Name      kf-code        number     mass       charge   baryon
     Sigma-       3112            71    1197.4        -1       1
     Sigma+       3222             9    1189.4         1       1

-------------------------------------------------------------------------------
 particle decays       number        weight        weight per source
-------------------------------------------------------------------------------
     positron           3213.     3.2130000E+03     5.2419499E+03
     pion0               188.     1.8800000E+02     3.0671851E+02
     muon+                56.     5.6000000E+01     9.1362961E+01
     pion+                56.     5.6000000E+01     9.1362961E+01
     pion-                 4.     4.0000000E+00     6.5259258E+00
     other                 3.     3.0000000E+00     4.8944443E+00
     muon-                 1.     1.0000000E+00     1.6314814E+00
     kaon+                 1.     1.0000000E+00     1.6314814E+00

-------------------------------------------------------------------------------
 the other kind of decay particles
-------------------------------------------------------------------------------
     Sigma-  ->  n0      +  pi-                            1
     Sigma+  ->  n0      +  pi+                            1
     K_S0    ->  pi0     +  pi0                            1

-------------------------------------------------------------------------------
 stop. particles.    number        weight        weight per source
-------------------------------------------------------------------------------
     proton          1125519.     1.1255190E+06     1.8362634E+06
     electron         914321.     9.1432100E+05     1.4916977E+06
     nucleus          268029.     2.6802900E+05     4.3728434E+05
     deuteron          12163.     1.2163000E+04     1.9843709E+04
     alpha              9319.     9.3190000E+03     1.5203776E+04
     positron           3213.     3.2130000E+03     5.2419499E+03
     triton              676.     6.7600000E+02     1.1028815E+03
     photon              439.     4.3900000E+02     7.1622035E+02
     3he                 424.     4.2400000E+02     6.9174813E+02
     neutron               3.     3.0000000E+00     4.8944443E+00

-------------------------------------------------------------------------------
 leak. particles       number        weight        weight per source
-------------------------------------------------------------------------------
     neutron            8451.     8.4510000E+03     1.3787650E+04
     photon             5552.     5.5520000E+03     9.0579850E+03
     other               175.     1.7500000E+02     2.8550925E+02
     electron             45.     4.5000000E+01     7.3416665E+01
     proton               36.     3.6000000E+01     5.8733332E+01
     positron             10.     1.0000000E+01     1.6314814E+01
     muon-                 2.     2.0000000E+00     3.2629629E+00
     deuteron              2.     2.0000000E+00     3.2629629E+00
     alpha                 2.     2.0000000E+00     3.2629629E+00
     pion-                 1.     1.0000000E+00     1.6314814E+00
     pion+                 1.     1.0000000E+00     1.6314814E+00

-------------------------------------------------------------------------------
 the other kind of leakage particles
-------------------------------------------------------------------------------
     Name      kf-code        number     mass       charge   baryon
     nu_muba       -14            60       0.0         0       0
     nu_mu          14            58       0.0         0       0
     nu_e           12            56       0.0         0       0
     nu_ebar       -12             1       0.0         0       0

-------------------------------------------------------------------------------
 source: maxcas    maxbch      irskip   average weight          total source
-------------------------------------------------------------------------------
        1500          10           0    4.0862657E-05    6.1293985459663E-01

-------------------------------------------------------------------------------
 used ATIMA database
-------------------------------------------------------------------------------
     for dedx  =      353 / mdbatima =     3000

-------------------------------------------------------------------------------
 Geometry error summary
-------------------------------------------------------------------------------
 Number of lost particles     =     0 / nlost =       10
 Number of geometry recovering =     0
 Number of unrecovered errors =     0

-------------------------------------------------------------------------------
 initial random seed:
   bitrseed = 0100001010011000001011101100011110011000110110100110010000000000
 next initial random seed:
   bitrseed = 1011100101110110110001110111011000111100110100001101101101110101

-------------------------------------------------------------------------------
 job termination date : 2026/08/24
                 time :   00:23:33

-------------------------------------------------------------------------------
    CPU time and number of event called in PHITS
-------------------------------------------------------------------------------

                             sec
total cpu time =           34.65


                           count
      analysis =        4092485.  : data processing
         nevap =          52014.  : evaporation
        dexgam =          29553.  : de-excitation
         nreac =        3777975.  : atomic and nuclear reactions
         dklos =           3522.  : particle decay
         hydro =             59.  : nucleon-nucleon scattering
        n-data =        1356118.  : neutron data library
        h-data =              0.  : p, d, a data library
        p-data =              0.  : photon data library
        e-data =              0.  : electron data library
        p-egs5 =         504975.  : photon interaction with EGS5
        e-egs5 =        1878010.  : electron interaction with EGS5
      e-tsmode =              0.  : electron track structure mode
    ion-tsmode =              0.  : ion track structure mode
     photonucl =              0.  : photo-nuclear reaction
 photonucl lib =              0.  : photo-nuclear reaction with library
       mu-reac =              0.  : muon-induced nuclear reaction
       mu-brem =              0.  : muon-induced bremsstrahlung
       mu-pprd =              0.  : muon-induced pair production
        mu-cap =              1.  : muon capture in nucleus
         elast =          20900.  : elastic scattering
         ncasc =          57636.  : nuclear reaction model

       bertini =              0.  : Bertini model
        isobar =              0.  : isobar model
           JAM =            156.  : JAM model
           QMD =              0.  : JQMD model
        JAMQMD =              0.  : JAMQMD model
          INCL =          57480.  : INCL model
        INCELF =              0.  : INCELF model
     frag data =              0.  : user defined cross section
       SCINFUL =              0.  : SCINFUL mode

>>> Citation Request >>>=======================================================

 This execution uses model(s) that must be explicitly cited in addition to
 the PHITS original document: T.Sato et al., J.Nucl.Sci.Technol.61, 127-135 (2024).
 Please refer the following document(s) in your publication using this result

 The INCL model:
    A. Boudard et al., Phys. Rev C87, 014606 (2013).

 The EGS5 code:
    H. Hirayama et al., SLAC-R-730 (2005) and KEK Report 2005-8 (2005)

 The KUROTAMA model:
    K. Iida, A. Kohama, and K. Oyamatsu, J. Phys. Soc. Japan 76, 044201 (2007).

 END 
