[phits-web] uploaded 1 auxiliary file(s)
[phits-web] running deep_nonly.inp on https://phits.kek.jp (session cli_1787498575_gyqsaonv) ...
Executing with standard PHITS installation
Command: $PHITSPATH/bin/phits.sh 'deep_nonly.inp'
bash: /root/.bashrc: Permission denied
Mon Aug 24 00:22:58 JST 2026
Program is started                on 2026/08/24 at 00h 22m 58s
Initialization is completed          on 2026/08/24 at 00h 23m 02s
bat[       1] ncas =           1500. on 2026/08/24 at 00h 23m 12s
bat[       2] ncas =           3000. on 2026/08/24 at 00h 23m 16s
bat[       3] ncas =           4500. on 2026/08/24 at 00h 23m 19s
bat[       4] ncas =           6000. on 2026/08/24 at 00h 23m 22s
bat[       5] ncas =           7500. on 2026/08/24 at 00h 23m 23s
bat[       6] ncas =           9000. on 2026/08/24 at 00h 23m 26s
bat[       7] ncas =          10500. on 2026/08/24 at 00h 23m 27s
bat[       8] ncas =          12000. on 2026/08/24 at 00h 23m 29s
bat[       9] ncas =          13500. on 2026/08/24 at 00h 23m 31s
bat[      10] ncas =          15000. on 2026/08/24 at 00h 23m 33s
Program is finished               on 2026/08/24 at 00h 23m 33s
[phits-web] PHITS finished normally in 38 s — 11 output file(s) on the server
[phits-web] downloaded 10 result file(s) into /Users/yuto/KEK_summer/04_PHITS_sim/theory_research_runs/11_deep_nonly
exit=0
