[ T-Track ]
    title = Flux spectra, deep cavity 12 mwe [1/cm2/s]
     mesh =  reg            # mesh type is region-wise
      reg = 111 221 220
   e-type =    3            # e-mesh is log given by emin, emax and ne
     emin =  1.0000000E-09  # minimum value of e-mesh points
     emax =   1000000.      # maximum value of e-mesh points
#    edel =  0.4605170      # mesh width of e-mesh points
       ne =     75          # number of e-mesh points
#    data = ( e(i), i = 1, ne + 1 )
#           1.00000E-09  1.58489E-09  2.51189E-09  3.98107E-09  6.30957E-09
#           1.00000E-08  1.58489E-08  2.51189E-08  3.98107E-08  6.30957E-08
#           1.00000E-07  1.58489E-07  2.51189E-07  3.98107E-07  6.30957E-07
#           1.00000E-06  1.58489E-06  2.51189E-06  3.98107E-06  6.30957E-06
#           1.00000E-05  1.58489E-05  2.51189E-05  3.98107E-05  6.30957E-05
#           1.00000E-04  1.58489E-04  2.51189E-04  3.98107E-04  6.30957E-04
#           1.00000E-03  1.58489E-03  2.51189E-03  3.98107E-03  6.30957E-03
#           1.00000E-02  1.58489E-02  2.51189E-02  3.98107E-02  6.30957E-02
#           1.00000E-01  1.58489E-01  2.51189E-01  3.98107E-01  6.30957E-01
#           1.00000E+00  1.58489E+00  2.51189E+00  3.98107E+00  6.30957E+00
#           1.00000E+01  1.58489E+01  2.51189E+01  3.98107E+01  6.30957E+01
#           1.00000E+02  1.58489E+02  2.51189E+02  3.98107E+02  6.30957E+02
#           1.00000E+03  1.58489E+03  2.51189E+03  3.98107E+03  6.30957E+03
#           1.00000E+04  1.58489E+04  2.51189E+04  3.98107E+04  6.30957E+04
#           1.00000E+05  1.58489E+05  2.51189E+05  3.98107E+05  6.30957E+05
#           1.00000E+06
     unit =    1            # unit is [1/cm^2/source]
 material =  all            # (D=all) number of specific material
     axis =     eng            # axis of output
     file = spectrum_reg.out  # file name of output for the above axis
     part =  neutron    photon    ( muon+      muon-    ) 
# kf/name :  2112       22        ( -13        13       ) 
   epsout =    1            # (D=0) generate eps file by ANGEL
#    used :        main (  %)        temp (  %)       total (  %)
#  memory :          84 (  0)           0 (  0)          84 (  0)

#------------------------------------------------------------------------------
#newpage:
#   no. =  1   reg =    111

x: Energy [MeV/n]
y: Flux [1/cm^2/source]              
p: xlog ylog afac(0.8) form(0.9)
h: n            x            y(neutron ),hh0l n  y(photon  ),hh0dr n  y(p3-group),hh0ub n  
#  e-lower      e-upper        neutron   r.err      photon    r.err      p3-group  r.err 
   1.0000E-09   1.5849E-09   0.0000E+00  0.0000   0.0000E+00  0.0000   0.0000E+00  0.0000
   1.5849E-09   2.5119E-09   0.0000E+00  0.0000   0.0000E+00  0.0000   0.0000E+00  0.0000
   2.5119E-09   3.9811E-09   0.0000E+00  0.0000   0.0000E+00  0.0000   0.0000E+00  0.0000
   3.9811E-09   6.3096E-09   4.9166E-06  1.0000   0.0000E+00  0.0000   0.0000E+00  0.0000
   6.3096E-09   1.0000E-08   3.3442E-06  0.8480   0.0000E+00  0.0000   0.0000E+00  0.0000
   1.0000E-08   1.5849E-08   9.8507E-06  0.6558   0.0000E+00  0.0000   0.0000E+00  0.0000
   1.5849E-08   2.5119E-08   3.8098E-05  0.3389   0.0000E+00  0.0000   0.0000E+00  0.0000
   2.5119E-08   3.9811E-08   7.4743E-05  0.2455   0.0000E+00  0.0000   0.0000E+00  0.0000
   3.9811E-08   6.3096E-08   6.8391E-05  0.2907   0.0000E+00  0.0000   0.0000E+00  0.0000
   6.3096E-08   1.0000E-07   4.6923E-05  0.3201   0.0000E+00  0.0000   0.0000E+00  0.0000
   1.0000E-07   1.5849E-07   3.5799E-05  0.5063   0.0000E+00  0.0000   0.0000E+00  0.0000
   1.5849E-07   2.5119E-07   2.1466E-05  0.4348   0.0000E+00  0.0000   0.0000E+00  0.0000
   2.5119E-07   3.9811E-07   2.5927E-05  0.6574   0.0000E+00  0.0000   0.0000E+00  0.0000
   3.9811E-07   6.3096E-07   1.7183E-05  0.4568   0.0000E+00  0.0000   0.0000E+00  0.0000
   6.3096E-07   1.0000E-06   1.2903E-05  0.7608   0.0000E+00  0.0000   0.0000E+00  0.0000
   1.0000E-06   1.5849E-06   1.4958E-05  0.5023   0.0000E+00  0.0000   0.0000E+00  0.0000
   1.5849E-06   2.5119E-06   1.1200E-05  0.7264   0.0000E+00  0.0000   0.0000E+00  0.0000
   2.5119E-06   3.9811E-06   1.1046E-05  0.6890   0.0000E+00  0.0000   0.0000E+00  0.0000
   3.9811E-06   6.3096E-06   1.1874E-05  0.6822   0.0000E+00  0.0000   0.0000E+00  0.0000
   6.3096E-06   1.0000E-05   7.5206E-06  1.0000   0.0000E+00  0.0000   0.0000E+00  0.0000
   1.0000E-05   1.5849E-05   3.6526E-05  0.3651   0.0000E+00  0.0000   0.0000E+00  0.0000
   1.5849E-05   2.5119E-05   2.8265E-05  0.3768   0.0000E+00  0.0000   0.0000E+00  0.0000
   2.5119E-05   3.9811E-05   3.7159E-06  0.8078   0.0000E+00  0.0000   0.0000E+00  0.0000
   3.9811E-05   6.3096E-05   2.4847E-05  0.4546   0.0000E+00  0.0000   0.0000E+00  0.0000
   6.3096E-05   1.0000E-04   5.1225E-06  0.7941   0.0000E+00  0.0000   0.0000E+00  0.0000
   1.0000E-04   1.5849E-04   1.3194E-05  0.6482   0.0000E+00  0.0000   0.0000E+00  0.0000
   1.5849E-04   2.5119E-04   1.3728E-05  0.5406   0.0000E+00  0.0000   0.0000E+00  0.0000
   2.5119E-04   3.9811E-04   7.0698E-06  0.7089   0.0000E+00  0.0000   0.0000E+00  0.0000
   3.9811E-04   6.3096E-04   2.1856E-05  0.5504   0.0000E+00  0.0000   0.0000E+00  0.0000
   6.3096E-04   1.0000E-03   1.7295E-05  0.6122   0.0000E+00  0.0000   0.0000E+00  0.0000
   1.0000E-03   1.5849E-03   3.0805E-05  0.3794   0.0000E+00  0.0000   0.0000E+00  0.0000
   1.5849E-03   2.5119E-03   6.8641E-06  0.7135   0.0000E+00  0.0000   0.0000E+00  0.0000
   2.5119E-03   3.9811E-03   2.0747E-06  1.0000   0.0000E+00  0.0000   0.0000E+00  0.0000
   3.9811E-03   6.3096E-03   4.7289E-06  1.0000   0.0000E+00  0.0000   0.0000E+00  0.0000
   6.3096E-03   1.0000E-02   9.5338E-06  0.5706   0.0000E+00  0.0000   0.0000E+00  0.0000
   1.0000E-02   1.5849E-02   1.9175E-05  0.4893   1.4215E-08  1.0000   0.0000E+00  0.0000
   1.5849E-02   2.5119E-02   3.0796E-05  0.3910   3.4240E-06  1.0000   0.0000E+00  0.0000
   2.5119E-02   3.9811E-02   2.9694E-05  0.4889   0.0000E+00  0.0000   0.0000E+00  0.0000
   3.9811E-02   6.3096E-02   4.4398E-05  0.4180   2.0331E-05  0.5499   0.0000E+00  0.0000
   6.3096E-02   1.0000E-01   3.3087E-05  0.3650   1.3713E-04  0.1973   0.0000E+00  0.0000
   1.0000E-01   1.5849E-01   8.9674E-05  0.2581   1.6973E-04  0.1613   0.0000E+00  0.0000
   1.5849E-01   2.5119E-01   7.3430E-05  0.2885   1.6332E-04  0.1683   0.0000E+00  0.0000
   2.5119E-01   3.9811E-01   6.1730E-05  0.2781   1.6639E-04  0.1700   0.0000E+00  0.0000
   3.9811E-01   6.3096E-01   1.0349E-04  0.2169   1.9080E-04  0.1629   0.0000E+00  0.0000
   6.3096E-01   1.0000E+00   1.5353E-04  0.1910   6.8880E-05  0.2460   0.0000E+00  0.0000
   1.0000E+00   1.5849E+00   1.8893E-04  0.1601   1.5328E-04  0.1991   0.0000E+00  0.0000
   1.5849E+00   2.5119E+00   1.7618E-04  0.1856   2.2651E-04  0.1526   0.0000E+00  0.0000
   2.5119E+00   3.9811E+00   2.2406E-04  0.1595   1.0679E-04  0.2160   0.0000E+00  0.0000
   3.9811E+00   6.3096E+00   1.6029E-04  0.1711   1.6922E-04  0.1811   0.0000E+00  0.0000
   6.3096E+00   1.0000E+01   8.9355E-05  0.2199   1.0550E-04  0.2321   0.0000E+00  0.0000
   1.0000E+01   1.5849E+01   1.0782E-04  0.2044   5.7468E-06  1.0000   0.0000E+00  0.0000
   1.5849E+01   2.5119E+01   1.8482E-04  0.1622   0.0000E+00  0.0000   0.0000E+00  0.0000
   2.5119E+01   3.9811E+01   1.8549E-04  0.1620   0.0000E+00  0.0000   0.0000E+00  0.0000
   3.9811E+01   6.3096E+01   2.6793E-04  0.1360   0.0000E+00  0.0000   0.0000E+00  0.0000
   6.3096E+01   1.0000E+02   3.7498E-04  0.1149   5.4710E-06  1.0000   0.0000E+00  0.0000
   1.0000E+02   1.5849E+02   4.3537E-04  0.1115   0.0000E+00  0.0000   0.0000E+00  0.0000
   1.5849E+02   2.5119E+02   3.7598E-04  0.1090   0.0000E+00  0.0000   0.0000E+00  0.0000
   2.5119E+02   3.9811E+02   1.6191E-04  0.1511   0.0000E+00  0.0000   0.0000E+00  0.0000
   3.9811E+02   6.3096E+02   9.5376E-05  0.2225   0.0000E+00  0.0000   0.0000E+00  0.0000
   6.3096E+02   1.0000E+03   3.8929E-05  0.3023   0.0000E+00  0.0000   0.0000E+00  0.0000
   1.0000E+03   1.5849E+03   2.0405E-05  0.4186   0.0000E+00  0.0000   0.0000E+00  0.0000
   1.5849E+03   2.5119E+03   1.6437E-05  0.4654   0.0000E+00  0.0000   0.0000E+00  0.0000
   2.5119E+03   3.9811E+03   7.3548E-06  0.6612   0.0000E+00  0.0000   0.0000E+00  0.0000
   3.9811E+03   6.3096E+03   0.0000E+00  0.0000   0.0000E+00  0.0000   0.0000E+00  0.0000
   6.3096E+03   1.0000E+04   3.6237E-06  1.0000   0.0000E+00  0.0000   0.0000E+00  0.0000
   1.0000E+04   1.5849E+04   0.0000E+00  0.0000   0.0000E+00  0.0000   0.0000E+00  0.0000
   1.5849E+04   2.5119E+04   0.0000E+00  0.0000   0.0000E+00  0.0000   0.0000E+00  0.0000
   2.5119E+04   3.9811E+04   0.0000E+00  0.0000   0.0000E+00  0.0000   0.0000E+00  0.0000
   3.9811E+04   6.3096E+04   0.0000E+00  0.0000   0.0000E+00  0.0000   0.0000E+00  0.0000
   6.3096E+04   1.0000E+05   0.0000E+00  0.0000   0.0000E+00  0.0000   0.0000E+00  0.0000
   1.0000E+05   1.5849E+05   0.0000E+00  0.0000   0.0000E+00  0.0000   0.0000E+00  0.0000
   1.5849E+05   2.5119E+05   0.0000E+00  0.0000   0.0000E+00  0.0000   0.0000E+00  0.0000
   2.5119E+05   3.9811E+05   0.0000E+00  0.0000   0.0000E+00  0.0000   0.0000E+00  0.0000
   3.9811E+05   6.3096E+05   0.0000E+00  0.0000   0.0000E+00  0.0000   0.0000E+00  0.0000
   6.3096E+05   1.0000E+06   0.0000E+00  0.0000   0.0000E+00  0.0000   0.0000E+00  0.0000

#   sum over                 4.3960E-03  0.0372   1.6925E-03  0.0664   0.0000E+00  0.0000

'no. =  1,  reg  =    111'
msuc: {\huge Flux spectra, deep cavity 12 mwe [1/cm2/s]}
msdr: {\it plotted by \ANGEL \version}
msdl: {\it calculated by \PHITS  3.36}
wt: s(0.7)
\vspace{-3}
   vol  &=&   9.6000E+07 [cm^3]
e:

#------------------------------------------------------------------------------
 newpage:
#   no. =  2   reg =    221

x: Energy [MeV/n]
y: Flux [1/cm^2/source]              
p: xlog ylog afac(0.8) form(0.9)
h: n            x            y(neutron ),hh0l n  y(photon  ),hh0dr n  y(p3-group),hh0ub n  
#  e-lower      e-upper        neutron   r.err      photon    r.err      p3-group  r.err 
   1.0000E-09   1.5849E-09   0.0000E+00  0.0000   0.0000E+00  0.0000   0.0000E+00  0.0000
   1.5849E-09   2.5119E-09   0.0000E+00  0.0000   0.0000E+00  0.0000   0.0000E+00  0.0000
   2.5119E-09   3.9811E-09   0.0000E+00  0.0000   0.0000E+00  0.0000   0.0000E+00  0.0000
   3.9811E-09   6.3096E-09   0.0000E+00  0.0000   0.0000E+00  0.0000   0.0000E+00  0.0000
   6.3096E-09   1.0000E-08   0.0000E+00  0.0000   0.0000E+00  0.0000   0.0000E+00  0.0000
   1.0000E-08   1.5849E-08   0.0000E+00  0.0000   0.0000E+00  0.0000   0.0000E+00  0.0000
   1.5849E-08   2.5119E-08   0.0000E+00  0.0000   0.0000E+00  0.0000   0.0000E+00  0.0000
   2.5119E-08   3.9811E-08   0.0000E+00  0.0000   0.0000E+00  0.0000   0.0000E+00  0.0000
   3.9811E-08   6.3096E-08   0.0000E+00  0.0000   0.0000E+00  0.0000   0.0000E+00  0.0000
   6.3096E-08   1.0000E-07   0.0000E+00  0.0000   0.0000E+00  0.0000   0.0000E+00  0.0000
   1.0000E-07   1.5849E-07   0.0000E+00  0.0000   0.0000E+00  0.0000   0.0000E+00  0.0000
   1.5849E-07   2.5119E-07   0.0000E+00  0.0000   0.0000E+00  0.0000   0.0000E+00  0.0000
   2.5119E-07   3.9811E-07   0.0000E+00  0.0000   0.0000E+00  0.0000   0.0000E+00  0.0000
   3.9811E-07   6.3096E-07   0.0000E+00  0.0000   0.0000E+00  0.0000   0.0000E+00  0.0000
   6.3096E-07   1.0000E-06   0.0000E+00  0.0000   0.0000E+00  0.0000   0.0000E+00  0.0000
   1.0000E-06   1.5849E-06   0.0000E+00  0.0000   0.0000E+00  0.0000   0.0000E+00  0.0000
   1.5849E-06   2.5119E-06   0.0000E+00  0.0000   0.0000E+00  0.0000   0.0000E+00  0.0000
   2.5119E-06   3.9811E-06   0.0000E+00  0.0000   0.0000E+00  0.0000   0.0000E+00  0.0000
   3.9811E-06   6.3096E-06   0.0000E+00  0.0000   0.0000E+00  0.0000   0.0000E+00  0.0000
   6.3096E-06   1.0000E-05   0.0000E+00  0.0000   0.0000E+00  0.0000   0.0000E+00  0.0000
   1.0000E-05   1.5849E-05   0.0000E+00  0.0000   0.0000E+00  0.0000   0.0000E+00  0.0000
   1.5849E-05   2.5119E-05   0.0000E+00  0.0000   0.0000E+00  0.0000   0.0000E+00  0.0000
   2.5119E-05   3.9811E-05   0.0000E+00  0.0000   0.0000E+00  0.0000   0.0000E+00  0.0000
   3.9811E-05   6.3096E-05   0.0000E+00  0.0000   0.0000E+00  0.0000   0.0000E+00  0.0000
   6.3096E-05   1.0000E-04   0.0000E+00  0.0000   0.0000E+00  0.0000   0.0000E+00  0.0000
   1.0000E-04   1.5849E-04   0.0000E+00  0.0000   0.0000E+00  0.0000   0.0000E+00  0.0000
   1.5849E-04   2.5119E-04   0.0000E+00  0.0000   0.0000E+00  0.0000   0.0000E+00  0.0000
   2.5119E-04   3.9811E-04   0.0000E+00  0.0000   0.0000E+00  0.0000   0.0000E+00  0.0000
   3.9811E-04   6.3096E-04   0.0000E+00  0.0000   0.0000E+00  0.0000   0.0000E+00  0.0000
   6.3096E-04   1.0000E-03   0.0000E+00  0.0000   0.0000E+00  0.0000   0.0000E+00  0.0000
   1.0000E-03   1.5849E-03   0.0000E+00  0.0000   0.0000E+00  0.0000   0.0000E+00  0.0000
   1.5849E-03   2.5119E-03   0.0000E+00  0.0000   0.0000E+00  0.0000   0.0000E+00  0.0000
   2.5119E-03   3.9811E-03   0.0000E+00  0.0000   0.0000E+00  0.0000   0.0000E+00  0.0000
   3.9811E-03   6.3096E-03   0.0000E+00  0.0000   0.0000E+00  0.0000   0.0000E+00  0.0000
   6.3096E-03   1.0000E-02   0.0000E+00  0.0000   0.0000E+00  0.0000   0.0000E+00  0.0000
   1.0000E-02   1.5849E-02   0.0000E+00  0.0000   0.0000E+00  0.0000   0.0000E+00  0.0000
   1.5849E-02   2.5119E-02   0.0000E+00  0.0000   0.0000E+00  0.0000   0.0000E+00  0.0000
   2.5119E-02   3.9811E-02   0.0000E+00  0.0000   0.0000E+00  0.0000   0.0000E+00  0.0000
   3.9811E-02   6.3096E-02   0.0000E+00  0.0000   0.0000E+00  0.0000   0.0000E+00  0.0000
   6.3096E-02   1.0000E-01   0.0000E+00  0.0000   0.0000E+00  0.0000   0.0000E+00  0.0000
   1.0000E-01   1.5849E-01   0.0000E+00  0.0000   0.0000E+00  0.0000   0.0000E+00  0.0000
   1.5849E-01   2.5119E-01   0.0000E+00  0.0000   0.0000E+00  0.0000   0.0000E+00  0.0000
   2.5119E-01   3.9811E-01   0.0000E+00  0.0000   0.0000E+00  0.0000   0.0000E+00  0.0000
   3.9811E-01   6.3096E-01   0.0000E+00  0.0000   0.0000E+00  0.0000   0.0000E+00  0.0000
   6.3096E-01   1.0000E+00   0.0000E+00  0.0000   0.0000E+00  0.0000   0.0000E+00  0.0000
   1.0000E+00   1.5849E+00   0.0000E+00  0.0000   0.0000E+00  0.0000   0.0000E+00  0.0000
   1.5849E+00   2.5119E+00   0.0000E+00  0.0000   0.0000E+00  0.0000   0.0000E+00  0.0000
   2.5119E+00   3.9811E+00   0.0000E+00  0.0000   0.0000E+00  0.0000   0.0000E+00  0.0000
   3.9811E+00   6.3096E+00   0.0000E+00  0.0000   0.0000E+00  0.0000   0.0000E+00  0.0000
   6.3096E+00   1.0000E+01   0.0000E+00  0.0000   0.0000E+00  0.0000   0.0000E+00  0.0000
   1.0000E+01   1.5849E+01   0.0000E+00  0.0000   0.0000E+00  0.0000   0.0000E+00  0.0000
   1.5849E+01   2.5119E+01   0.0000E+00  0.0000   0.0000E+00  0.0000   0.0000E+00  0.0000
   2.5119E+01   3.9811E+01   0.0000E+00  0.0000   0.0000E+00  0.0000   0.0000E+00  0.0000
   3.9811E+01   6.3096E+01   0.0000E+00  0.0000   0.0000E+00  0.0000   0.0000E+00  0.0000
   6.3096E+01   1.0000E+02   0.0000E+00  0.0000   0.0000E+00  0.0000   0.0000E+00  0.0000
   1.0000E+02   1.5849E+02   0.0000E+00  0.0000   0.0000E+00  0.0000   0.0000E+00  0.0000
   1.5849E+02   2.5119E+02   0.0000E+00  0.0000   0.0000E+00  0.0000   0.0000E+00  0.0000
   2.5119E+02   3.9811E+02   0.0000E+00  0.0000   0.0000E+00  0.0000   0.0000E+00  0.0000
   3.9811E+02   6.3096E+02   0.0000E+00  0.0000   0.0000E+00  0.0000   0.0000E+00  0.0000
   6.3096E+02   1.0000E+03   0.0000E+00  0.0000   0.0000E+00  0.0000   0.0000E+00  0.0000
   1.0000E+03   1.5849E+03   0.0000E+00  0.0000   0.0000E+00  0.0000   0.0000E+00  0.0000
   1.5849E+03   2.5119E+03   0.0000E+00  0.0000   0.0000E+00  0.0000   0.0000E+00  0.0000
   2.5119E+03   3.9811E+03   0.0000E+00  0.0000   0.0000E+00  0.0000   0.0000E+00  0.0000
   3.9811E+03   6.3096E+03   0.0000E+00  0.0000   0.0000E+00  0.0000   0.0000E+00  0.0000
   6.3096E+03   1.0000E+04   0.0000E+00  0.0000   0.0000E+00  0.0000   0.0000E+00  0.0000
   1.0000E+04   1.5849E+04   0.0000E+00  0.0000   0.0000E+00  0.0000   0.0000E+00  0.0000
   1.5849E+04   2.5119E+04   0.0000E+00  0.0000   0.0000E+00  0.0000   0.0000E+00  0.0000
   2.5119E+04   3.9811E+04   0.0000E+00  0.0000   0.0000E+00  0.0000   0.0000E+00  0.0000
   3.9811E+04   6.3096E+04   0.0000E+00  0.0000   0.0000E+00  0.0000   0.0000E+00  0.0000
   6.3096E+04   1.0000E+05   0.0000E+00  0.0000   0.0000E+00  0.0000   0.0000E+00  0.0000
   1.0000E+05   1.5849E+05   0.0000E+00  0.0000   0.0000E+00  0.0000   0.0000E+00  0.0000
   1.5849E+05   2.5119E+05   0.0000E+00  0.0000   0.0000E+00  0.0000   0.0000E+00  0.0000
   2.5119E+05   3.9811E+05   0.0000E+00  0.0000   0.0000E+00  0.0000   0.0000E+00  0.0000
   3.9811E+05   6.3096E+05   0.0000E+00  0.0000   0.0000E+00  0.0000   0.0000E+00  0.0000
   6.3096E+05   1.0000E+06   0.0000E+00  0.0000   0.0000E+00  0.0000   0.0000E+00  0.0000

#   sum over                 0.0000E+00  0.0000   0.0000E+00  0.0000   0.0000E+00  0.0000

'no. =  2,  reg  =    221'
msuc: {\huge Flux spectra, deep cavity 12 mwe [1/cm2/s]}
msdr: {\it plotted by \ANGEL \version}
msdl: {\it calculated by \PHITS  3.36}
wt: s(0.7)
\vspace{-3}
   vol  &=&   7.2000E+07 [cm^3]
e:

#------------------------------------------------------------------------------
 newpage:
#   no. =  3   reg =    220

x: Energy [MeV/n]
y: Flux [1/cm^2/source]              
p: xlog ylog afac(0.8) form(0.9)
h: n            x            y(neutron ),hh0l n  y(photon  ),hh0dr n  y(p3-group),hh0ub n  
#  e-lower      e-upper        neutron   r.err      photon    r.err      p3-group  r.err 
   1.0000E-09   1.5849E-09   0.0000E+00  0.0000   0.0000E+00  0.0000   0.0000E+00  0.0000
   1.5849E-09   2.5119E-09   0.0000E+00  0.0000   0.0000E+00  0.0000   0.0000E+00  0.0000
   2.5119E-09   3.9811E-09   0.0000E+00  0.0000   0.0000E+00  0.0000   0.0000E+00  0.0000
   3.9811E-09   6.3096E-09   0.0000E+00  0.0000   0.0000E+00  0.0000   0.0000E+00  0.0000
   6.3096E-09   1.0000E-08   0.0000E+00  0.0000   0.0000E+00  0.0000   0.0000E+00  0.0000
   1.0000E-08   1.5849E-08   0.0000E+00  0.0000   0.0000E+00  0.0000   0.0000E+00  0.0000
   1.5849E-08   2.5119E-08   0.0000E+00  0.0000   0.0000E+00  0.0000   0.0000E+00  0.0000
   2.5119E-08   3.9811E-08   0.0000E+00  0.0000   0.0000E+00  0.0000   0.0000E+00  0.0000
   3.9811E-08   6.3096E-08   0.0000E+00  0.0000   0.0000E+00  0.0000   0.0000E+00  0.0000
   6.3096E-08   1.0000E-07   0.0000E+00  0.0000   0.0000E+00  0.0000   0.0000E+00  0.0000
   1.0000E-07   1.5849E-07   0.0000E+00  0.0000   0.0000E+00  0.0000   0.0000E+00  0.0000
   1.5849E-07   2.5119E-07   0.0000E+00  0.0000   0.0000E+00  0.0000   0.0000E+00  0.0000
   2.5119E-07   3.9811E-07   0.0000E+00  0.0000   0.0000E+00  0.0000   0.0000E+00  0.0000
   3.9811E-07   6.3096E-07   0.0000E+00  0.0000   0.0000E+00  0.0000   0.0000E+00  0.0000
   6.3096E-07   1.0000E-06   0.0000E+00  0.0000   0.0000E+00  0.0000   0.0000E+00  0.0000
   1.0000E-06   1.5849E-06   0.0000E+00  0.0000   0.0000E+00  0.0000   0.0000E+00  0.0000
   1.5849E-06   2.5119E-06   0.0000E+00  0.0000   0.0000E+00  0.0000   0.0000E+00  0.0000
   2.5119E-06   3.9811E-06   0.0000E+00  0.0000   0.0000E+00  0.0000   0.0000E+00  0.0000
   3.9811E-06   6.3096E-06   0.0000E+00  0.0000   0.0000E+00  0.0000   0.0000E+00  0.0000
   6.3096E-06   1.0000E-05   0.0000E+00  0.0000   0.0000E+00  0.0000   0.0000E+00  0.0000
   1.0000E-05   1.5849E-05   0.0000E+00  0.0000   0.0000E+00  0.0000   0.0000E+00  0.0000
   1.5849E-05   2.5119E-05   0.0000E+00  0.0000   0.0000E+00  0.0000   0.0000E+00  0.0000
   2.5119E-05   3.9811E-05   0.0000E+00  0.0000   0.0000E+00  0.0000   0.0000E+00  0.0000
   3.9811E-05   6.3096E-05   0.0000E+00  0.0000   0.0000E+00  0.0000   0.0000E+00  0.0000
   6.3096E-05   1.0000E-04   0.0000E+00  0.0000   0.0000E+00  0.0000   0.0000E+00  0.0000
   1.0000E-04   1.5849E-04   0.0000E+00  0.0000   0.0000E+00  0.0000   0.0000E+00  0.0000
   1.5849E-04   2.5119E-04   0.0000E+00  0.0000   0.0000E+00  0.0000   0.0000E+00  0.0000
   2.5119E-04   3.9811E-04   0.0000E+00  0.0000   0.0000E+00  0.0000   0.0000E+00  0.0000
   3.9811E-04   6.3096E-04   0.0000E+00  0.0000   0.0000E+00  0.0000   0.0000E+00  0.0000
   6.3096E-04   1.0000E-03   0.0000E+00  0.0000   0.0000E+00  0.0000   0.0000E+00  0.0000
   1.0000E-03   1.5849E-03   0.0000E+00  0.0000   0.0000E+00  0.0000   0.0000E+00  0.0000
   1.5849E-03   2.5119E-03   0.0000E+00  0.0000   0.0000E+00  0.0000   0.0000E+00  0.0000
   2.5119E-03   3.9811E-03   0.0000E+00  0.0000   0.0000E+00  0.0000   0.0000E+00  0.0000
   3.9811E-03   6.3096E-03   0.0000E+00  0.0000   0.0000E+00  0.0000   0.0000E+00  0.0000
   6.3096E-03   1.0000E-02   0.0000E+00  0.0000   0.0000E+00  0.0000   0.0000E+00  0.0000
   1.0000E-02   1.5849E-02   0.0000E+00  0.0000   0.0000E+00  0.0000   0.0000E+00  0.0000
   1.5849E-02   2.5119E-02   0.0000E+00  0.0000   0.0000E+00  0.0000   0.0000E+00  0.0000
   2.5119E-02   3.9811E-02   0.0000E+00  0.0000   0.0000E+00  0.0000   0.0000E+00  0.0000
   3.9811E-02   6.3096E-02   0.0000E+00  0.0000   0.0000E+00  0.0000   0.0000E+00  0.0000
   6.3096E-02   1.0000E-01   0.0000E+00  0.0000   0.0000E+00  0.0000   0.0000E+00  0.0000
   1.0000E-01   1.5849E-01   0.0000E+00  0.0000   0.0000E+00  0.0000   0.0000E+00  0.0000
   1.5849E-01   2.5119E-01   0.0000E+00  0.0000   0.0000E+00  0.0000   0.0000E+00  0.0000
   2.5119E-01   3.9811E-01   0.0000E+00  0.0000   0.0000E+00  0.0000   0.0000E+00  0.0000
   3.9811E-01   6.3096E-01   0.0000E+00  0.0000   0.0000E+00  0.0000   0.0000E+00  0.0000
   6.3096E-01   1.0000E+00   0.0000E+00  0.0000   0.0000E+00  0.0000   0.0000E+00  0.0000
   1.0000E+00   1.5849E+00   0.0000E+00  0.0000   0.0000E+00  0.0000   0.0000E+00  0.0000
   1.5849E+00   2.5119E+00   0.0000E+00  0.0000   0.0000E+00  0.0000   0.0000E+00  0.0000
   2.5119E+00   3.9811E+00   1.2126E-05  1.0000   0.0000E+00  0.0000   0.0000E+00  0.0000
   3.9811E+00   6.3096E+00   0.0000E+00  0.0000   0.0000E+00  0.0000   0.0000E+00  0.0000
   6.3096E+00   1.0000E+01   0.0000E+00  0.0000   0.0000E+00  0.0000   0.0000E+00  0.0000
   1.0000E+01   1.5849E+01   0.0000E+00  0.0000   0.0000E+00  0.0000   0.0000E+00  0.0000
   1.5849E+01   2.5119E+01   0.0000E+00  0.0000   0.0000E+00  0.0000   0.0000E+00  0.0000
   2.5119E+01   3.9811E+01   0.0000E+00  0.0000   0.0000E+00  0.0000   0.0000E+00  0.0000
   3.9811E+01   6.3096E+01   0.0000E+00  0.0000   0.0000E+00  0.0000   0.0000E+00  0.0000
   6.3096E+01   1.0000E+02   0.0000E+00  0.0000   0.0000E+00  0.0000   0.0000E+00  0.0000
   1.0000E+02   1.5849E+02   0.0000E+00  0.0000   0.0000E+00  0.0000   0.0000E+00  0.0000
   1.5849E+02   2.5119E+02   0.0000E+00  0.0000   0.0000E+00  0.0000   0.0000E+00  0.0000
   2.5119E+02   3.9811E+02   0.0000E+00  0.0000   0.0000E+00  0.0000   0.0000E+00  0.0000
   3.9811E+02   6.3096E+02   0.0000E+00  0.0000   0.0000E+00  0.0000   0.0000E+00  0.0000
   6.3096E+02   1.0000E+03   0.0000E+00  0.0000   0.0000E+00  0.0000   0.0000E+00  0.0000
   1.0000E+03   1.5849E+03   0.0000E+00  0.0000   0.0000E+00  0.0000   0.0000E+00  0.0000
   1.5849E+03   2.5119E+03   0.0000E+00  0.0000   0.0000E+00  0.0000   0.0000E+00  0.0000
   2.5119E+03   3.9811E+03   0.0000E+00  0.0000   0.0000E+00  0.0000   0.0000E+00  0.0000
   3.9811E+03   6.3096E+03   0.0000E+00  0.0000   0.0000E+00  0.0000   0.0000E+00  0.0000
   6.3096E+03   1.0000E+04   0.0000E+00  0.0000   0.0000E+00  0.0000   0.0000E+00  0.0000
   1.0000E+04   1.5849E+04   0.0000E+00  0.0000   0.0000E+00  0.0000   0.0000E+00  0.0000
   1.5849E+04   2.5119E+04   0.0000E+00  0.0000   0.0000E+00  0.0000   0.0000E+00  0.0000
   2.5119E+04   3.9811E+04   0.0000E+00  0.0000   0.0000E+00  0.0000   0.0000E+00  0.0000
   3.9811E+04   6.3096E+04   0.0000E+00  0.0000   0.0000E+00  0.0000   0.0000E+00  0.0000
   6.3096E+04   1.0000E+05   0.0000E+00  0.0000   0.0000E+00  0.0000   0.0000E+00  0.0000
   1.0000E+05   1.5849E+05   0.0000E+00  0.0000   0.0000E+00  0.0000   0.0000E+00  0.0000
   1.5849E+05   2.5119E+05   0.0000E+00  0.0000   0.0000E+00  0.0000   0.0000E+00  0.0000
   2.5119E+05   3.9811E+05   0.0000E+00  0.0000   0.0000E+00  0.0000   0.0000E+00  0.0000
   3.9811E+05   6.3096E+05   0.0000E+00  0.0000   0.0000E+00  0.0000   0.0000E+00  0.0000
   6.3096E+05   1.0000E+06   0.0000E+00  0.0000   0.0000E+00  0.0000   0.0000E+00  0.0000

#   sum over                 1.2126E-05  1.0000   0.0000E+00  0.0000   0.0000E+00  0.0000

'no. =  3,  reg  =    220'
msuc: {\huge Flux spectra, deep cavity 12 mwe [1/cm2/s]}
msdr: {\it plotted by \ANGEL \version}
msdl: {\it calculated by \PHITS  3.36}
wt: s(0.7)
\vspace{-3}
   vol  &=&   3.7800E+07 [cm^3]
e:
 
# Information for Restart Calculation
# This calculation was newly started
# istdev =  2 # 1:Batch variance, 2:History variance
# resc2  = 6.12939854596625699E-01 # Total source weight or Total source weight / maxcas
# resc3  = 1.50000000000000000E+04 # Total history number or Total batch number
# maxcas =        1500 # History / Batch, only used for istdev=1
# bitrseed = 1011100101110110110001110111011000111100110100001101101101110101 # bit data of rseed
