[ T-Track ]
    title = Flux spectrum in open air above ground
     mesh =  reg            # mesh type is region-wise
      reg = 111
   e-type =    3            # e-mesh is log given by emin, emax and ne
     emin =  1.0000000E-10  # minimum value of e-mesh points
     emax =   100000.0      # maximum value of e-mesh points
#    edel =  0.5756463      # mesh width of e-mesh points
       ne =     60          # number of e-mesh points
#    data = ( e(i), i = 1, ne + 1 )
#           1.00000E-10  1.77828E-10  3.16228E-10  5.62341E-10  1.00000E-09
#           1.77828E-09  3.16228E-09  5.62341E-09  1.00000E-08  1.77828E-08
#           3.16228E-08  5.62341E-08  1.00000E-07  1.77828E-07  3.16228E-07
#           5.62341E-07  1.00000E-06  1.77828E-06  3.16228E-06  5.62341E-06
#           1.00000E-05  1.77828E-05  3.16228E-05  5.62341E-05  1.00000E-04
#           1.77828E-04  3.16228E-04  5.62341E-04  1.00000E-03  1.77828E-03
#           3.16228E-03  5.62341E-03  1.00000E-02  1.77828E-02  3.16228E-02
#           5.62341E-02  1.00000E-01  1.77828E-01  3.16228E-01  5.62341E-01
#           1.00000E+00  1.77828E+00  3.16228E+00  5.62341E+00  1.00000E+01
#           1.77828E+01  3.16228E+01  5.62341E+01  1.00000E+02  1.77828E+02
#           3.16228E+02  5.62341E+02  1.00000E+03  1.77828E+03  3.16228E+03
#           5.62341E+03  1.00000E+04  1.77828E+04  3.16228E+04  5.62341E+04
#           1.00000E+05
     unit =    1            # unit is [1/cm^2/source]
 material =  all            # (D=all) number of specific material
     axis =     eng            # axis of output
     file = air_spec.out    # file name of output for the above axis
     part =  neutron    muon-      muon+      proton   
# kf/name :  2112       13         -13        2212     
#    used :        main (  %)        temp (  %)       total (  %)
#  memory :          67 (  0)           0 (  0)          67 (  0)

#------------------------------------------------------------------------------
#newpage:
#   no. =  1   reg =    111

x: Energy [MeV/n]
y: Flux [1/cm^2/source]              
p: xlog ylog afac(0.8) form(0.9)
h: n            x            y(neutron ),hh0l n  y(muon-   ),hh0dr n  y(muon+   ),hh0ub n  y(proton  ),hh0mg n  
#  e-lower      e-upper        neutron   r.err      muon-     r.err      muon+     r.err      proton    r.err 
   1.0000E-10   1.7783E-10   0.0000E+00  0.0000   0.0000E+00  0.0000   0.0000E+00  0.0000   0.0000E+00  0.0000
   1.7783E-10   3.1623E-10   0.0000E+00  0.0000   0.0000E+00  0.0000   0.0000E+00  0.0000   0.0000E+00  0.0000
   3.1623E-10   5.6234E-10   0.0000E+00  0.0000   0.0000E+00  0.0000   0.0000E+00  0.0000   0.0000E+00  0.0000
   5.6234E-10   1.0000E-09   0.0000E+00  0.0000   0.0000E+00  0.0000   0.0000E+00  0.0000   0.0000E+00  0.0000
   1.0000E-09   1.7783E-09   0.0000E+00  0.0000   0.0000E+00  0.0000   0.0000E+00  0.0000   0.0000E+00  0.0000
   1.7783E-09   3.1623E-09   0.0000E+00  0.0000   0.0000E+00  0.0000   0.0000E+00  0.0000   0.0000E+00  0.0000
   3.1623E-09   5.6234E-09   0.0000E+00  0.0000   0.0000E+00  0.0000   0.0000E+00  0.0000   0.0000E+00  0.0000
   5.6234E-09   1.0000E-08   1.7531E-06  1.0000   0.0000E+00  0.0000   0.0000E+00  0.0000   0.0000E+00  0.0000
   1.0000E-08   1.7783E-08   1.9658E-05  0.5716   0.0000E+00  0.0000   0.0000E+00  0.0000   0.0000E+00  0.0000
   1.7783E-08   3.1623E-08   5.3962E-05  0.8097   0.0000E+00  0.0000   0.0000E+00  0.0000   0.0000E+00  0.0000
   3.1623E-08   5.6234E-08   4.8068E-05  0.4020   0.0000E+00  0.0000   0.0000E+00  0.0000   0.0000E+00  0.0000
   5.6234E-08   1.0000E-07   1.4400E-04  0.3804   0.0000E+00  0.0000   0.0000E+00  0.0000   0.0000E+00  0.0000
   1.0000E-07   1.7783E-07   1.0077E-05  0.8649   0.0000E+00  0.0000   0.0000E+00  0.0000   0.0000E+00  0.0000
   1.7783E-07   3.1623E-07   0.0000E+00  0.0000   0.0000E+00  0.0000   0.0000E+00  0.0000   0.0000E+00  0.0000
   3.1623E-07   5.6234E-07   3.8163E-05  0.7276   0.0000E+00  0.0000   0.0000E+00  0.0000   0.0000E+00  0.0000
   5.6234E-07   1.0000E-06   0.0000E+00  0.0000   0.0000E+00  0.0000   0.0000E+00  0.0000   0.0000E+00  0.0000
   1.0000E-06   1.7783E-06   0.0000E+00  0.0000   0.0000E+00  0.0000   0.0000E+00  0.0000   0.0000E+00  0.0000
   1.7783E-06   3.1623E-06   9.3362E-06  0.7109   0.0000E+00  0.0000   0.0000E+00  0.0000   0.0000E+00  0.0000
   3.1623E-06   5.6234E-06   0.0000E+00  0.0000   0.0000E+00  0.0000   0.0000E+00  0.0000   0.0000E+00  0.0000
   5.6234E-06   1.0000E-05   1.8876E-05  0.7157   0.0000E+00  0.0000   0.0000E+00  0.0000   0.0000E+00  0.0000
   1.0000E-05   1.7783E-05   0.0000E+00  0.0000   0.0000E+00  0.0000   0.0000E+00  0.0000   0.0000E+00  0.0000
   1.7783E-05   3.1623E-05   1.7765E-05  1.0000   0.0000E+00  0.0000   0.0000E+00  0.0000   0.0000E+00  0.0000
   3.1623E-05   5.6234E-05   2.6017E-05  1.0000   0.0000E+00  0.0000   0.0000E+00  0.0000   0.0000E+00  0.0000
   5.6234E-05   1.0000E-04   0.0000E+00  0.0000   0.0000E+00  0.0000   0.0000E+00  0.0000   0.0000E+00  0.0000
   1.0000E-04   1.7783E-04   2.3725E-05  1.0000   0.0000E+00  0.0000   0.0000E+00  0.0000   0.0000E+00  0.0000
   1.7783E-04   3.1623E-04   0.0000E+00  0.0000   0.0000E+00  0.0000   0.0000E+00  0.0000   0.0000E+00  0.0000
   3.1623E-04   5.6234E-04   1.6859E-05  1.0000   0.0000E+00  0.0000   0.0000E+00  0.0000   0.0000E+00  0.0000
   5.6234E-04   1.0000E-03   0.0000E+00  0.0000   0.0000E+00  0.0000   0.0000E+00  0.0000   0.0000E+00  0.0000
   1.0000E-03   1.7783E-03   1.6028E-05  1.0000   0.0000E+00  0.0000   0.0000E+00  0.0000   2.1917E-11  1.0000
   1.7783E-03   3.1623E-03   3.6858E-05  0.8439   0.0000E+00  0.0000   0.0000E+00  0.0000   3.1451E-11  1.0000
   3.1623E-03   5.6234E-03   2.4725E-05  1.0000   0.0000E+00  0.0000   0.0000E+00  0.0000   4.4500E-11  1.0000
   5.6234E-03   1.0000E-02   4.5837E-05  0.7234   0.0000E+00  0.0000   0.0000E+00  0.0000   6.2248E-11  1.0000
   1.0000E-02   1.7783E-02   0.0000E+00  0.0000   0.0000E+00  0.0000   0.0000E+00  0.0000   8.6386E-11  1.0000
   1.7783E-02   3.1623E-02   2.4116E-05  0.7110   0.0000E+00  0.0000   0.0000E+00  0.0000   1.2052E-10  1.0000
   3.1623E-02   5.6234E-02   1.6815E-05  1.0000   0.0000E+00  0.0000   0.0000E+00  0.0000   1.8443E-10  1.0000
   5.6234E-02   1.0000E-01   6.0858E-05  0.5059   0.0000E+00  0.0000   0.0000E+00  0.0000   2.9910E-10  1.0000
   1.0000E-01   1.7783E-01   9.5668E-05  0.5193   0.0000E+00  0.0000   0.0000E+00  0.0000   5.2968E-10  1.0000
   1.7783E-01   3.1623E-01   1.3885E-04  0.4069   0.0000E+00  0.0000   0.0000E+00  0.0000   1.0881E-09  1.0000
   3.1623E-01   5.6234E-01   1.4988E-04  0.5215   0.0000E+00  0.0000   0.0000E+00  0.0000   2.6184E-09  1.0000
   5.6234E-01   1.0000E+00   1.1045E-04  0.4032   0.0000E+00  0.0000   0.0000E+00  0.0000   6.8051E-09  1.0000
   1.0000E+00   1.7783E+00   1.0015E-04  0.5223   0.0000E+00  0.0000   0.0000E+00  0.0000   1.7858E-08  1.0000
   1.7783E+00   3.1623E+00   1.5516E-04  0.3223   0.0000E+00  0.0000   0.0000E+00  0.0000   4.7395E-08  1.0000
   3.1623E+00   5.6234E+00   3.1511E-04  0.3142   0.0000E+00  0.0000   0.0000E+00  0.0000   1.5001E-07  0.8703
   5.6234E+00   1.0000E+01   2.0120E-04  0.3037   0.0000E+00  0.0000   0.0000E+00  0.0000   7.1776E-07  0.7069
   1.0000E+01   1.7783E+01   2.8617E-04  0.4509   0.0000E+00  0.0000   0.0000E+00  0.0000   2.2101E-06  0.5496
   1.7783E+01   3.1623E+01   1.7900E-04  0.4861   0.0000E+00  0.0000   0.0000E+00  0.0000   9.2387E-06  0.4330
   3.1623E+01   5.6234E+01   2.7556E-04  0.3363   0.0000E+00  0.0000   0.0000E+00  0.0000   1.3409E-05  0.3558
   5.6234E+01   1.0000E+02   3.2094E-04  0.2189   0.0000E+00  0.0000   0.0000E+00  0.0000   2.6635E-05  0.2243
   1.0000E+02   1.7783E+02   3.8190E-04  0.2201   0.0000E+00  0.0000   0.0000E+00  0.0000   3.1444E-05  0.2101
   1.7783E+02   3.1623E+02   3.5588E-04  0.2270   0.0000E+00  0.0000   6.8868E-07  1.0000   4.5334E-05  0.1760
   3.1623E+02   5.6234E+02   1.6056E-04  0.3154   0.0000E+00  0.0000   0.0000E+00  0.0000   2.2810E-05  0.2438
   5.6234E+02   1.0000E+03   6.6812E-05  0.5017   0.0000E+00  0.0000   0.0000E+00  0.0000   2.3803E-05  0.2235
   1.0000E+03   1.7783E+03   1.4887E-05  1.0000   0.0000E+00  0.0000   0.0000E+00  0.0000   1.5765E-05  0.2691
   1.7783E+03   3.1623E+03   1.4497E-05  1.0000   0.0000E+00  0.0000   0.0000E+00  0.0000   1.6050E-05  0.2547
   3.1623E+03   5.6234E+03   0.0000E+00  0.0000   0.0000E+00  0.0000   0.0000E+00  0.0000   8.8817E-06  0.3557
   5.6234E+03   1.0000E+04   0.0000E+00  0.0000   0.0000E+00  0.0000   0.0000E+00  0.0000   5.4381E-06  0.4485
   1.0000E+04   1.7783E+04   0.0000E+00  0.0000   0.0000E+00  0.0000   0.0000E+00  0.0000   2.9172E-06  0.5810
   1.7783E+04   3.1623E+04   0.0000E+00  0.0000   0.0000E+00  0.0000   0.0000E+00  0.0000   2.3737E-06  0.7077
   3.1623E+04   5.6234E+04   0.0000E+00  0.0000   0.0000E+00  0.0000   0.0000E+00  0.0000   1.0481E-06  1.0000
   5.6234E+04   1.0000E+05   0.0000E+00  0.0000   0.0000E+00  0.0000   0.0000E+00  0.0000   9.8765E-07  1.0000

#   sum over                 3.9762E-03  0.0876   0.0000E+00  0.0000   6.8868E-07  1.0000   2.2929E-04  0.0736

'no. =  1,  reg  =    111'
msuc: {\huge Flux spectrum in open air above ground}
msdr: {\it plotted by \ANGEL \version}
msdl: {\it calculated by \PHITS  3.36}
wt: s(0.7)
\vspace{-3}
   vol  &=&   5.1200E+08 [cm^3]
e:
 
# Information for Restart Calculation
# This calculation was newly started
# istdev =  2 # 1:Batch variance, 2:History variance
# resc2  = 5.48988638155441591E-02 # Total source weight or Total source weight / maxcas
# resc3  = 1.50000000000000000E+03 # Total history number or Total batch number
# maxcas =        1500 # History / Batch, only used for istdev=1
# bitrseed = 1010100001000101000000001101010110010010010010010100100010001110 # bit data of rseed
