[ T-Track ]
    title = Neutron flux vs depth, undisturbed soil column
     mesh =  xyz            # mesh type is xyz scoring mesh
   x-type =    2            # x-mesh is linear given by xmin, xmax and nx
     xmin =  -250.0000      # minimum value of x-mesh points
     xmax =   250.0000      # maximum value of x-mesh points
#    xdel =   500.0000      # mesh width of x-mesh points
       nx =      1          # number of x-mesh points
#    data = ( x(i), i = 1, nx + 1 )
#          -2.50000E+02  2.50000E+02
   y-type =    2            # y-mesh is linear given by ymin, ymax and ny
     ymin =  -300.0000      # minimum value of y-mesh points
     ymax =   300.0000      # maximum value of y-mesh points
#    ydel =   600.0000      # mesh width of y-mesh points
       ny =      1          # number of y-mesh points
#    data = ( y(i), i = 1, ny + 1 )
#          -3.00000E+02  3.00000E+02
   z-type =    2            # z-mesh is linear given by zmin, zmax and nz
     zmin =  -1400.000      # minimum value of z-mesh points
     zmax =   600.0000      # maximum value of z-mesh points
#    zdel =   25.00000      # mesh width of z-mesh points
       nz =     80          # number of z-mesh points
#    data = ( z(i), i = 1, nz + 1 )
#          -1.40000E+03 -1.37500E+03 -1.35000E+03 -1.32500E+03 -1.30000E+03
#          -1.27500E+03 -1.25000E+03 -1.22500E+03 -1.20000E+03 -1.17500E+03
#          -1.15000E+03 -1.12500E+03 -1.10000E+03 -1.07500E+03 -1.05000E+03
#          -1.02500E+03 -1.00000E+03 -9.75000E+02 -9.50000E+02 -9.25000E+02
#          -9.00000E+02 -8.75000E+02 -8.50000E+02 -8.25000E+02 -8.00000E+02
#          -7.75000E+02 -7.50000E+02 -7.25000E+02 -7.00000E+02 -6.75000E+02
#          -6.50000E+02 -6.25000E+02 -6.00000E+02 -5.75000E+02 -5.50000E+02
#          -5.25000E+02 -5.00000E+02 -4.75000E+02 -4.50000E+02 -4.25000E+02
#          -4.00000E+02 -3.75000E+02 -3.50000E+02 -3.25000E+02 -3.00000E+02
#          -2.75000E+02 -2.50000E+02 -2.25000E+02 -2.00000E+02 -1.75000E+02
#          -1.50000E+02 -1.25000E+02 -1.00000E+02 -7.50000E+01 -5.00000E+01
#          -2.50000E+01  0.00000E+00  2.50000E+01  5.00000E+01  7.50000E+01
#           1.00000E+02  1.25000E+02  1.50000E+02  1.75000E+02  2.00000E+02
#           2.25000E+02  2.50000E+02  2.75000E+02  3.00000E+02  3.25000E+02
#           3.50000E+02  3.75000E+02  4.00000E+02  4.25000E+02  4.50000E+02
#           4.75000E+02  5.00000E+02  5.25000E+02  5.50000E+02  5.75000E+02
#           6.00000E+02
   e-type =    1            # e-mesh is given by the below data
       ne =      3          # number of e-mesh points
#    data = ( e(i), i = 1, ne + 1 )
            1.00000E-09  1.00000E-06  1.00000E-01  1.00000E+06
     unit =    1            # unit is [1/cm^2/source]
 material =  all            # (D=all) number of specific material
     axis =       z            # axis of output
     file = depth_profile.out  # file name of output for the above axis
     part =  neutron  
# kf/name :  2112     
   epsout =    1            # (D=0) generate eps file by ANGEL
#    used :        main (  %)        temp (  %)       total (  %)
#  memory :          93 (  0)           0 (  0)          93 (  0)

#------------------------------------------------------------------------------
#newpage:
#   no. =  1   ie  =  1   ix  =  1   iy  =  1
#   e = (   1.0000E-09  -   1.0000E-06  )
#   x = (  -2.5000E+02  -   2.5000E+02  )
#   y = (  -3.0000E+02  -   3.0000E+02  )

x: z[cm]
y: Flux [1/cm^2/source]              
p: xlin ylog afac(0.8) form(0.9)
h: n            x            y(neutron ),hh0l n 
#  z-lower      z-upper        neutron   r.err 
  -1.4000E+03  -1.3750E+03   0.0000E+00  0.0000
  -1.3750E+03  -1.3500E+03   0.0000E+00  0.0000
  -1.3500E+03  -1.3250E+03   0.0000E+00  0.0000
  -1.3250E+03  -1.3000E+03   0.0000E+00  0.0000
  -1.3000E+03  -1.2750E+03   0.0000E+00  0.0000
  -1.2750E+03  -1.2500E+03   0.0000E+00  0.0000
  -1.2500E+03  -1.2250E+03   0.0000E+00  0.0000
  -1.2250E+03  -1.2000E+03   0.0000E+00  0.0000
  -1.2000E+03  -1.1750E+03   0.0000E+00  0.0000
  -1.1750E+03  -1.1500E+03   0.0000E+00  0.0000
  -1.1500E+03  -1.1250E+03   0.0000E+00  0.0000
  -1.1250E+03  -1.1000E+03   0.0000E+00  0.0000
  -1.1000E+03  -1.0750E+03   0.0000E+00  0.0000
  -1.0750E+03  -1.0500E+03   0.0000E+00  0.0000
  -1.0500E+03  -1.0250E+03   0.0000E+00  0.0000
  -1.0250E+03  -1.0000E+03   0.0000E+00  0.0000
  -1.0000E+03  -9.7500E+02   1.8236E-04  1.0000
  -9.7500E+02  -9.5000E+02   0.0000E+00  0.0000
  -9.5000E+02  -9.2500E+02   9.2628E-05  1.0000
  -9.2500E+02  -9.0000E+02   0.0000E+00  0.0000
  -9.0000E+02  -8.7500E+02   0.0000E+00  0.0000
  -8.7500E+02  -8.5000E+02   0.0000E+00  0.0000
  -8.5000E+02  -8.2500E+02   0.0000E+00  0.0000
  -8.2500E+02  -8.0000E+02   0.0000E+00  0.0000
  -8.0000E+02  -7.7500E+02   8.4873E-04  1.0000
  -7.7500E+02  -7.5000E+02   0.0000E+00  0.0000
  -7.5000E+02  -7.2500E+02   0.0000E+00  0.0000
  -7.2500E+02  -7.0000E+02   0.0000E+00  0.0000
  -7.0000E+02  -6.7500E+02   0.0000E+00  0.0000
  -6.7500E+02  -6.5000E+02   0.0000E+00  0.0000
  -6.5000E+02  -6.2500E+02   0.0000E+00  0.0000
  -6.2500E+02  -6.0000E+02   0.0000E+00  0.0000
  -6.0000E+02  -5.7500E+02   0.0000E+00  0.0000
  -5.7500E+02  -5.5000E+02   2.0306E-04  1.0000
  -5.5000E+02  -5.2500E+02   0.0000E+00  0.0000
  -5.2500E+02  -5.0000E+02   1.2270E-04  1.0000
  -5.0000E+02  -4.7500E+02   0.0000E+00  0.0000
  -4.7500E+02  -4.5000E+02   0.0000E+00  0.0000
  -4.5000E+02  -4.2500E+02   0.0000E+00  0.0000
  -4.2500E+02  -4.0000E+02   0.0000E+00  0.0000
  -4.0000E+02  -3.7500E+02   0.0000E+00  0.0000
  -3.7500E+02  -3.5000E+02   3.1594E-04  1.0000
  -3.5000E+02  -3.2500E+02   0.0000E+00  0.0000
  -3.2500E+02  -3.0000E+02   1.1373E-04  1.0000
  -3.0000E+02  -2.7500E+02   5.9641E-05  1.0000
  -2.7500E+02  -2.5000E+02   0.0000E+00  0.0000
  -2.5000E+02  -2.2500E+02   0.0000E+00  0.0000
  -2.2500E+02  -2.0000E+02   2.9767E-05  1.0000
  -2.0000E+02  -1.7500E+02   3.5833E-06  1.0000
  -1.7500E+02  -1.5000E+02   5.3517E-05  0.7603
  -1.5000E+02  -1.2500E+02   2.5533E-04  1.0000
  -1.2500E+02  -1.0000E+02   4.2324E-04  0.5295
  -1.0000E+02  -7.5000E+01   1.8624E-03  0.4115
  -7.5000E+01  -5.0000E+01   2.1795E-03  0.4217
  -5.0000E+01  -2.5000E+01   1.1201E-03  0.3534
  -2.5000E+01   0.0000E+00   1.0700E-03  0.5481
   0.0000E+00   2.5000E+01   1.5422E-04  0.7090
   2.5000E+01   5.0000E+01   1.5422E-04  0.7090
   5.0000E+01   7.5000E+01   1.5422E-04  0.7090
   7.5000E+01   1.0000E+02   2.1774E-04  0.5807
   1.0000E+02   1.2500E+02   2.7167E-04  0.5813
   1.2500E+02   1.5000E+02   1.6588E-04  0.7070
   1.5000E+02   1.7500E+02   1.9544E-04  0.7149
   1.7500E+02   2.0000E+02   2.0599E-04  0.7201
   2.0000E+02   2.2500E+02   2.0599E-04  0.7201
   2.2500E+02   2.5000E+02   9.0213E-05  0.9242
   2.5000E+02   2.7500E+02   8.3071E-05  1.0000
   2.7500E+02   3.0000E+02   8.3071E-05  1.0000
   3.0000E+02   3.2500E+02   8.3071E-05  1.0000
   3.2500E+02   3.5000E+02   8.3071E-05  1.0000
   3.5000E+02   3.7500E+02   8.3071E-05  1.0000
   3.7500E+02   4.0000E+02   8.3071E-05  1.0000
   4.0000E+02   4.2500E+02   8.3071E-05  1.0000
   4.2500E+02   4.5000E+02   8.3071E-05  1.0000
   4.5000E+02   4.7500E+02   8.3071E-05  1.0000
   4.7500E+02   5.0000E+02   1.3725E-04  1.0000
   5.0000E+02   5.2500E+02   1.5942E-04  1.0000
   5.2500E+02   5.5000E+02   1.5942E-04  1.0000
   5.5000E+02   5.7500E+02   2.1387E-04  0.7876
   5.7500E+02   6.0000E+02   2.5124E-04  0.7322

#   sum over    6.0000E+08   1.5526E-04  0.2526

'no. =  1,  ie =  1,  ix =  1,  iy =  1'
msuc: {\huge Neutron flux vs depth, undisturbed soil column}
msdr: {\it plotted by \ANGEL \version}
msdl: {\it calculated by \PHITS  3.36}
wt: s(0.7)
\vspace{-3}
  emin  &=&   1.0000E-09 [MeV/n]
  emax  &=&   1.0000E-06 [MeV/n]
  xmin  &=&  -2.5000E+02 [cm]
  xmax  &=&   2.5000E+02 [cm]
  ymin  &=&  -3.0000E+02 [cm]
  ymax  &=&   3.0000E+02 [cm]
e:

#------------------------------------------------------------------------------
 newpage:
#   no. =  2   ie  =  2   ix  =  1   iy  =  1
#   e = (   1.0000E-06  -   1.0000E-01  )
#   x = (  -2.5000E+02  -   2.5000E+02  )
#   y = (  -3.0000E+02  -   3.0000E+02  )

x: z[cm]
y: Flux [1/cm^2/source]              
p: xlin ylog afac(0.8) form(0.9)
h: n            x            y(neutron ),hh0l n 
#  z-lower      z-upper        neutron   r.err 
  -1.4000E+03  -1.3750E+03   0.0000E+00  0.0000
  -1.3750E+03  -1.3500E+03   0.0000E+00  0.0000
  -1.3500E+03  -1.3250E+03   0.0000E+00  0.0000
  -1.3250E+03  -1.3000E+03   0.0000E+00  0.0000
  -1.3000E+03  -1.2750E+03   0.0000E+00  0.0000
  -1.2750E+03  -1.2500E+03   0.0000E+00  0.0000
  -1.2500E+03  -1.2250E+03   0.0000E+00  0.0000
  -1.2250E+03  -1.2000E+03   0.0000E+00  0.0000
  -1.2000E+03  -1.1750E+03   0.0000E+00  0.0000
  -1.1750E+03  -1.1500E+03   0.0000E+00  0.0000
  -1.1500E+03  -1.1250E+03   0.0000E+00  0.0000
  -1.1250E+03  -1.1000E+03   0.0000E+00  0.0000
  -1.1000E+03  -1.0750E+03   0.0000E+00  0.0000
  -1.0750E+03  -1.0500E+03   0.0000E+00  0.0000
  -1.0500E+03  -1.0250E+03   0.0000E+00  0.0000
  -1.0250E+03  -1.0000E+03   0.0000E+00  0.0000
  -1.0000E+03  -9.7500E+02   1.9420E-04  1.0000
  -9.7500E+02  -9.5000E+02   0.0000E+00  0.0000
  -9.5000E+02  -9.2500E+02   9.6144E-05  1.0000
  -9.2500E+02  -9.0000E+02   0.0000E+00  0.0000
  -9.0000E+02  -8.7500E+02   0.0000E+00  0.0000
  -8.7500E+02  -8.5000E+02   0.0000E+00  0.0000
  -8.5000E+02  -8.2500E+02   0.0000E+00  0.0000
  -8.2500E+02  -8.0000E+02   0.0000E+00  0.0000
  -8.0000E+02  -7.7500E+02   1.5162E-04  1.0000
  -7.7500E+02  -7.5000E+02   0.0000E+00  0.0000
  -7.5000E+02  -7.2500E+02   0.0000E+00  0.0000
  -7.2500E+02  -7.0000E+02   0.0000E+00  0.0000
  -7.0000E+02  -6.7500E+02   0.0000E+00  0.0000
  -6.7500E+02  -6.5000E+02   0.0000E+00  0.0000
  -6.5000E+02  -6.2500E+02   0.0000E+00  0.0000
  -6.2500E+02  -6.0000E+02   0.0000E+00  0.0000
  -6.0000E+02  -5.7500E+02   0.0000E+00  0.0000
  -5.7500E+02  -5.5000E+02   1.2736E-04  1.0000
  -5.5000E+02  -5.2500E+02   0.0000E+00  0.0000
  -5.2500E+02  -5.0000E+02   1.4113E-04  1.0000
  -5.0000E+02  -4.7500E+02   0.0000E+00  0.0000
  -4.7500E+02  -4.5000E+02   0.0000E+00  0.0000
  -4.5000E+02  -4.2500E+02   0.0000E+00  0.0000
  -4.2500E+02  -4.0000E+02   0.0000E+00  0.0000
  -4.0000E+02  -3.7500E+02   0.0000E+00  0.0000
  -3.7500E+02  -3.5000E+02   1.2242E-04  1.0000
  -3.5000E+02  -3.2500E+02   0.0000E+00  0.0000
  -3.2500E+02  -3.0000E+02   1.1340E-05  1.0000
  -3.0000E+02  -2.7500E+02   1.0519E-04  1.0000
  -2.7500E+02  -2.5000E+02   0.0000E+00  0.0000
  -2.5000E+02  -2.2500E+02   0.0000E+00  0.0000
  -2.2500E+02  -2.0000E+02   4.4481E-05  1.0000
  -2.0000E+02  -1.7500E+02   4.9532E-05  0.8826
  -1.7500E+02  -1.5000E+02   9.0659E-06  1.0000
  -1.5000E+02  -1.2500E+02   1.1855E-04  0.9724
  -1.2500E+02  -1.0000E+02   3.5865E-04  0.5505
  -1.0000E+02  -7.5000E+01   2.7586E-04  0.4781
  -7.5000E+01  -5.0000E+01   7.4908E-04  0.3629
  -5.0000E+01  -2.5000E+01   3.8057E-04  0.3485
  -2.5000E+01   0.0000E+00   2.7530E-04  0.3834
   0.0000E+00   2.5000E+01   4.2171E-04  0.6493
   2.5000E+01   5.0000E+01   5.1934E-04  0.5916
   5.0000E+01   7.5000E+01   4.6922E-04  0.5800
   7.5000E+01   1.0000E+02   2.9136E-04  0.7072
   1.0000E+02   1.2500E+02   2.9136E-04  0.7072
   1.2500E+02   1.5000E+02   3.0458E-04  0.6778
   1.5000E+02   1.7500E+02   6.9988E-04  0.5248
   1.7500E+02   2.0000E+02   8.6718E-04  0.5809
   2.0000E+02   2.2500E+02   8.3238E-04  0.5946
   2.2500E+02   2.5000E+02   7.2422E-04  0.6670
   2.5000E+02   2.7500E+02   2.9077E-04  0.6947
   2.7500E+02   3.0000E+02   2.8535E-04  0.7076
   3.0000E+02   3.2500E+02   3.2399E-04  0.6419
   3.2500E+02   3.5000E+02   3.3216E-04  0.7178
   3.5000E+02   3.7500E+02   2.8716E-04  0.7514
   3.7500E+02   4.0000E+02   1.9521E-04  1.0000
   4.0000E+02   4.2500E+02   1.9521E-04  1.0000
   4.2500E+02   4.5000E+02   1.9521E-04  1.0000
   4.5000E+02   4.7500E+02   1.9521E-04  1.0000
   4.7500E+02   5.0000E+02   7.3850E-05  1.0000
   5.0000E+02   5.2500E+02   0.0000E+00  0.0000
   5.2500E+02   5.5000E+02   0.0000E+00  0.0000
   5.5000E+02   5.7500E+02   0.0000E+00  0.0000
   5.7500E+02   6.0000E+02   1.1723E-04  1.0000

#   sum over    6.0000E+08   1.3904E-04  0.3025

'no. =  2,  ie =  2,  ix =  1,  iy =  1'
msuc: {\huge Neutron flux vs depth, undisturbed soil column}
msdr: {\it plotted by \ANGEL \version}
msdl: {\it calculated by \PHITS  3.36}
wt: s(0.7)
\vspace{-3}
  emin  &=&   1.0000E-06 [MeV/n]
  emax  &=&   1.0000E-01 [MeV/n]
  xmin  &=&  -2.5000E+02 [cm]
  xmax  &=&   2.5000E+02 [cm]
  ymin  &=&  -3.0000E+02 [cm]
  ymax  &=&   3.0000E+02 [cm]
e:

#------------------------------------------------------------------------------
 newpage:
#   no. =  3   ie  =  3   ix  =  1   iy  =  1
#   e = (   1.0000E-01  -   1.0000E+06  )
#   x = (  -2.5000E+02  -   2.5000E+02  )
#   y = (  -3.0000E+02  -   3.0000E+02  )

x: z[cm]
y: Flux [1/cm^2/source]              
p: xlin ylog afac(0.8) form(0.9)
h: n            x            y(neutron ),hh0l n 
#  z-lower      z-upper        neutron   r.err 
  -1.4000E+03  -1.3750E+03   0.0000E+00  0.0000
  -1.3750E+03  -1.3500E+03   0.0000E+00  0.0000
  -1.3500E+03  -1.3250E+03   0.0000E+00  0.0000
  -1.3250E+03  -1.3000E+03   0.0000E+00  0.0000
  -1.3000E+03  -1.2750E+03   0.0000E+00  0.0000
  -1.2750E+03  -1.2500E+03   0.0000E+00  0.0000
  -1.2500E+03  -1.2250E+03   0.0000E+00  0.0000
  -1.2250E+03  -1.2000E+03   0.0000E+00  0.0000
  -1.2000E+03  -1.1750E+03   0.0000E+00  0.0000
  -1.1750E+03  -1.1500E+03   0.0000E+00  0.0000
  -1.1500E+03  -1.1250E+03   0.0000E+00  0.0000
  -1.1250E+03  -1.1000E+03   0.0000E+00  0.0000
  -1.1000E+03  -1.0750E+03   0.0000E+00  0.0000
  -1.0750E+03  -1.0500E+03   0.0000E+00  0.0000
  -1.0500E+03  -1.0250E+03   0.0000E+00  0.0000
  -1.0250E+03  -1.0000E+03   1.5455E-05  1.0000
  -1.0000E+03  -9.7500E+02   1.8206E-04  1.0000
  -9.7500E+02  -9.5000E+02   8.1554E-05  1.0000
  -9.5000E+02  -9.2500E+02   8.3399E-05  1.0000
  -9.2500E+02  -9.0000E+02   0.0000E+00  0.0000
  -9.0000E+02  -8.7500E+02   0.0000E+00  0.0000
  -8.7500E+02  -8.5000E+02   5.9970E-05  1.0000
  -8.5000E+02  -8.2500E+02   0.0000E+00  0.0000
  -8.2500E+02  -8.0000E+02   0.0000E+00  0.0000
  -8.0000E+02  -7.7500E+02   2.2224E-04  1.0000
  -7.7500E+02  -7.5000E+02   0.0000E+00  0.0000
  -7.5000E+02  -7.2500E+02   0.0000E+00  0.0000
  -7.2500E+02  -7.0000E+02   0.0000E+00  0.0000
  -7.0000E+02  -6.7500E+02   0.0000E+00  0.0000
  -6.7500E+02  -6.5000E+02   0.0000E+00  0.0000
  -6.5000E+02  -6.2500E+02   0.0000E+00  0.0000
  -6.2500E+02  -6.0000E+02   0.0000E+00  0.0000
  -6.0000E+02  -5.7500E+02   0.0000E+00  0.0000
  -5.7500E+02  -5.5000E+02   3.0509E-04  1.0000
  -5.5000E+02  -5.2500E+02   0.0000E+00  0.0000
  -5.2500E+02  -5.0000E+02   3.7272E-04  1.0000
  -5.0000E+02  -4.7500E+02   1.2479E-04  1.0000
  -4.7500E+02  -4.5000E+02   0.0000E+00  0.0000
  -4.5000E+02  -4.2500E+02   0.0000E+00  0.0000
  -4.2500E+02  -4.0000E+02   0.0000E+00  0.0000
  -4.0000E+02  -3.7500E+02   0.0000E+00  0.0000
  -3.7500E+02  -3.5000E+02   1.8114E-04  1.0000
  -3.5000E+02  -3.2500E+02   7.0209E-05  1.0000
  -3.2500E+02  -3.0000E+02   7.0139E-05  1.0000
  -3.0000E+02  -2.7500E+02   2.7831E-04  0.7898
  -2.7500E+02  -2.5000E+02   1.4372E-04  0.7073
  -2.5000E+02  -2.2500E+02   1.4372E-04  0.7073
  -2.2500E+02  -2.0000E+02   2.0867E-04  0.5773
  -2.0000E+02  -1.7500E+02   2.9472E-04  0.5798
  -1.7500E+02  -1.5000E+02   3.0281E-04  0.5030
  -1.5000E+02  -1.2500E+02   8.2170E-04  0.6677
  -1.2500E+02  -1.0000E+02   5.8375E-04  0.4238
  -1.0000E+02  -7.5000E+01   1.0516E-03  0.3900
  -7.5000E+01  -5.0000E+01   2.4014E-03  0.3177
  -5.0000E+01  -2.5000E+01   3.9982E-03  0.2578
  -2.5000E+01   0.0000E+00   3.2660E-03  0.2215
   0.0000E+00   2.5000E+01   3.0451E-03  0.2491
   2.5000E+01   5.0000E+01   2.6964E-03  0.2001
   5.0000E+01   7.5000E+01   2.6699E-03  0.2011
   7.5000E+01   1.0000E+02   2.8685E-03  0.1954
   1.0000E+02   1.2500E+02   2.7023E-03  0.2014
   1.2500E+02   1.5000E+02   2.8037E-03  0.2002
   1.5000E+02   1.7500E+02   3.3471E-03  0.1944
   1.7500E+02   2.0000E+02   3.4845E-03  0.1980
   2.0000E+02   2.2500E+02   3.1210E-03  0.2095
   2.2500E+02   2.5000E+02   3.2880E-03  0.2096
   2.5000E+02   2.7500E+02   3.1501E-03  0.2079
   2.7500E+02   3.0000E+02   2.9288E-03  0.2015
   3.0000E+02   3.2500E+02   3.0098E-03  0.1868
   3.2500E+02   3.5000E+02   3.0984E-03  0.1900
   3.5000E+02   3.7500E+02   3.1127E-03  0.1933
   3.7500E+02   4.0000E+02   3.2298E-03  0.1910
   4.0000E+02   4.2500E+02   3.2962E-03  0.1850
   4.2500E+02   4.5000E+02   3.0081E-03  0.1836
   4.5000E+02   4.7500E+02   3.1055E-03  0.1775
   4.7500E+02   5.0000E+02   3.3679E-03  0.1737
   5.0000E+02   5.2500E+02   3.1532E-03  0.1792
   5.2500E+02   5.5000E+02   2.9904E-03  0.1864
   5.5000E+02   5.7500E+02   3.1277E-03  0.1838
   5.7500E+02   6.0000E+02   3.0817E-03  0.1888

#   sum over    6.0000E+08   1.1119E-03  0.1297

'no. =  3,  ie =  3,  ix =  1,  iy =  1'
msuc: {\huge Neutron flux vs depth, undisturbed soil column}
msdr: {\it plotted by \ANGEL \version}
msdl: {\it calculated by \PHITS  3.36}
wt: s(0.7)
\vspace{-3}
  emin  &=&   1.0000E-01 [MeV/n]
  emax  &=&   1.0000E+06 [MeV/n]
  xmin  &=&  -2.5000E+02 [cm]
  xmax  &=&   2.5000E+02 [cm]
  ymin  &=&  -3.0000E+02 [cm]
  ymax  &=&   3.0000E+02 [cm]
e:
 
# Information for Restart Calculation
# This calculation was newly started
# istdev =  2 # 1:Batch variance, 2:History variance
# resc2  = 4.91896166728404520E-03 # Total source weight or Total source weight / maxcas
# resc3  = 5.00000000000000000E+03 # Total history number or Total batch number
# maxcas =         500 # History / Batch, only used for istdev=1
# bitrseed = 1101111111001101100001000101010101010011110110101000101010011110 # bit data of rseed
