[ T-Track ]
    title = Cosmic-ray neutron flux, xz section, deep cavity
     mesh =  xyz            # mesh type is xyz scoring mesh
   x-type =    2            # x-mesh is linear given by xmin, xmax and nx
     xmin =  -1200.000      # minimum value of x-mesh points
     xmax =   1200.000      # maximum value of x-mesh points
#    xdel =   40.00000      # mesh width of x-mesh points
       nx =     60          # number of x-mesh points
#    data = ( x(i), i = 1, nx + 1 )
#          -1.20000E+03 -1.16000E+03 -1.12000E+03 -1.08000E+03 -1.04000E+03
#          -1.00000E+03 -9.60000E+02 -9.20000E+02 -8.80000E+02 -8.40000E+02
#          -8.00000E+02 -7.60000E+02 -7.20000E+02 -6.80000E+02 -6.40000E+02
#          -6.00000E+02 -5.60000E+02 -5.20000E+02 -4.80000E+02 -4.40000E+02
#          -4.00000E+02 -3.60000E+02 -3.20000E+02 -2.80000E+02 -2.40000E+02
#          -2.00000E+02 -1.60000E+02 -1.20000E+02 -8.00000E+01 -4.00000E+01
#           0.00000E+00  4.00000E+01  8.00000E+01  1.20000E+02  1.60000E+02
#           2.00000E+02  2.40000E+02  2.80000E+02  3.20000E+02  3.60000E+02
#           4.00000E+02  4.40000E+02  4.80000E+02  5.20000E+02  5.60000E+02
#           6.00000E+02  6.40000E+02  6.80000E+02  7.20000E+02  7.60000E+02
#           8.00000E+02  8.40000E+02  8.80000E+02  9.20000E+02  9.60000E+02
#           1.00000E+03  1.04000E+03  1.08000E+03  1.12000E+03  1.16000E+03
#           1.20000E+03
   y-type =    2            # y-mesh is linear given by ymin, ymax and ny
     ymin =  -300.0000      # minimum value of y-mesh points
     ymax =   300.0000      # maximum value of y-mesh points
#    ydel =   600.0000      # mesh width of y-mesh points
       ny =      1          # number of y-mesh points
#    data = ( y(i), i = 1, ny + 1 )
#          -3.00000E+02  3.00000E+02
   z-type =    2            # z-mesh is linear given by zmin, zmax and nz
     zmin =  -1400.000      # minimum value of z-mesh points
     zmax =   800.0000      # maximum value of z-mesh points
#    zdel =   40.00000      # mesh width of z-mesh points
       nz =     55          # number of z-mesh points
#    data = ( z(i), i = 1, nz + 1 )
#          -1.40000E+03 -1.36000E+03 -1.32000E+03 -1.28000E+03 -1.24000E+03
#          -1.20000E+03 -1.16000E+03 -1.12000E+03 -1.08000E+03 -1.04000E+03
#          -1.00000E+03 -9.60000E+02 -9.20000E+02 -8.80000E+02 -8.40000E+02
#          -8.00000E+02 -7.60000E+02 -7.20000E+02 -6.80000E+02 -6.40000E+02
#          -6.00000E+02 -5.60000E+02 -5.20000E+02 -4.80000E+02 -4.40000E+02
#          -4.00000E+02 -3.60000E+02 -3.20000E+02 -2.80000E+02 -2.40000E+02
#          -2.00000E+02 -1.60000E+02 -1.20000E+02 -8.00000E+01 -4.00000E+01
#           0.00000E+00  4.00000E+01  8.00000E+01  1.20000E+02  1.60000E+02
#           2.00000E+02  2.40000E+02  2.80000E+02  3.20000E+02  3.60000E+02
#           4.00000E+02  4.40000E+02  4.80000E+02  5.20000E+02  5.60000E+02
#           6.00000E+02  6.40000E+02  6.80000E+02  7.20000E+02  7.60000E+02
#           8.00000E+02
   e-type =    2            # e-mesh is linear given by emin, emax and ne
     emin =  1.0000000E-09  # minimum value of e-mesh points
     emax =   1000000.      # maximum value of e-mesh points
#    edel =   1000000.      # mesh width of e-mesh points
       ne =      1          # number of e-mesh points
#    data = ( e(i), i = 1, ne + 1 )
#           1.00000E-09  1.00000E+06
     unit =    1            # unit is [1/cm^2/source]
 material =  all            # (D=all) number of specific material
  2D-type =    3            # 1:Cont, 2:Clust, 3:Color, 4:xyz, 5:mat, 6:Clust+Cont, 7:Col+Cont
     axis =      xz            # axis of output
     file = map_xz.out      # file name of output for the above axis
     part =  neutron  
# kf/name :  2112     
    gshow =    1            # 0: no 1:bnd, 2:bnd+mat, 3:bnd+reg 4:bnd+lat 5:bmp style
    resol =    1            # (D=1) resolution of gshow or rshow
    width = 0.5000000       # (D=0.5) width of lines for gshow or rshow
   epsout =    1            # (D=0) generate eps file by ANGEL
#    used :        main (  %)        temp (  %)       total (  %)
#  memory :         125 (  0)           0 (  0)         125 (  0)

#------------------------------------------------------------------------------
#newpage:
#   no. =  1   ie  =  1   iy  =  1   part. = neutron 
#   e = (   1.0000E-09  -   1.0000E+06  )
#   y = (  -3.0000E+02  -   3.0000E+02  )

'no. =  1,  ie =  1,  iy =  1'
msuc: {\huge Cosmic-ray neutron flux, xz section, deep cavity}
msdr: {\it plotted by \ANGEL \version}
msdl: {\it calculated by \PHITS  3.36}

x: z [cm]
y: x [cm]
set: c1[ 1.091] c2[ 0.862] c5[ 0.800] c6[ 0.965] c7[ 0.061] c8[ 0.000]
p: h2fs form[c1] xfac[c2] afac[c5] scal[c6] xorg[c7] yorg[c8] nosp
set: c3[   5.002019E-06] c4[   2.236553E-02]
p: cmin[c3] cmax[c4]
p: dmin(1e-31)
p: zlog
p: xmin( -1400.000    ) xmax(  800.0000    )
p: ymin( -1200.000    ) ymax(  1200.000    )
#  nx =  60   nz =  55
# ( ( data(z,x), z = 1, nz ), x = nx, 1, -1 )

hc:  y =   1180.000     to  -1180.000     by   40.00000     ; x =  -1380.000     to   780.0000     by   40.00000     ;
  0.000E+00  0.000E+00  0.000E+00  0.000E+00  0.000E+00  0.000E+00  0.000E+00  0.000E+00  1.820E-04  2.865E-03
  1.395E-03  1.629E-03  5.007E-04  0.000E+00  0.000E+00  0.000E+00  0.000E+00  0.000E+00  0.000E+00  0.000E+00
  0.000E+00  0.000E+00  0.000E+00  0.000E+00  2.762E-03  1.779E-03  3.438E-05  0.000E+00  0.000E+00  0.000E+00
  0.000E+00  0.000E+00  6.975E-06  1.584E-03  7.027E-03  5.984E-03  4.743E-03  4.284E-03  3.647E-03  1.590E-03
  1.034E-03  2.608E-03  9.067E-03  2.216E-03  4.228E-03  1.957E-03  3.354E-03  4.090E-03  1.153E-03  2.231E-03
  3.402E-03  2.327E-03  1.090E-03  1.251E-03  2.885E-03  0.000E+00  0.000E+00  0.000E+00  0.000E+00  0.000E+00
  0.000E+00  0.000E+00  3.857E-04  2.409E-03  2.688E-03  3.701E-03  4.793E-04  0.000E+00  0.000E+00  0.000E+00
  0.000E+00  0.000E+00  0.000E+00  0.000E+00  0.000E+00  0.000E+00  0.000E+00  0.000E+00  0.000E+00  7.347E-03
  1.992E-02  2.237E-02  6.901E-04  0.000E+00  0.000E+00  0.000E+00  0.000E+00  7.003E-03  3.389E-04  4.847E-03
  4.628E-03  2.672E-03  3.979E-03  1.986E-03  1.742E-03  3.164E-03  4.575E-03  5.610E-03  1.234E-03  8.684E-04
  3.401E-03  3.989E-03  5.231E-03  2.661E-03  1.345E-03  2.662E-03  2.958E-03  1.257E-03  2.063E-03  2.815E-03
  0.000E+00  0.000E+00  0.000E+00  0.000E+00  0.000E+00  0.000E+00  1.552E-03  1.756E-03  4.113E-03  2.457E-03
  6.812E-04  0.000E+00  0.000E+00  0.000E+00  0.000E+00  0.000E+00  0.000E+00  0.000E+00  0.000E+00  0.000E+00
  0.000E+00  0.000E+00  0.000E+00  0.000E+00  0.000E+00  6.364E-04  3.213E-04  0.000E+00  0.000E+00  0.000E+00
  2.105E-03  1.076E-03  3.945E-03  7.907E-04  2.726E-03  2.962E-03  1.588E-03  3.400E-04  2.718E-03  6.160E-03
  4.670E-03  4.228E-03  2.525E-03  3.040E-03  3.178E-03  5.958E-03  4.768E-03  5.701E-03  3.745E-03  1.670E-03
  2.564E-03  4.887E-03  5.672E-03  5.669E-03  3.939E-03  0.000E+00  0.000E+00  0.000E+00  0.000E+00  0.000E+00
  1.976E-03  2.659E-03  3.262E-03  1.107E-03  0.000E+00  0.000E+00  1.427E-03  0.000E+00  0.000E+00  0.000E+00
  0.000E+00  0.000E+00  0.000E+00  0.000E+00  0.000E+00  0.000E+00  0.000E+00  0.000E+00  0.000E+00  0.000E+00
  0.000E+00  0.000E+00  0.000E+00  0.000E+00  1.894E-03  1.324E-02  9.370E-04  0.000E+00  0.000E+00  6.403E-03
  2.995E-03  4.581E-03  2.666E-03  5.520E-03  1.445E-03  1.899E-03  5.910E-03  3.861E-03  1.609E-03  1.782E-03
  1.963E-03  3.758E-03  4.192E-03  3.899E-03  4.619E-03  4.159E-03  3.121E-03  5.023E-03  3.427E-03  5.651E-03
  0.000E+00  0.000E+00  0.000E+00  6.810E-05  3.109E-03  3.629E-03  1.745E-03  3.251E-03  1.020E-03  0.000E+00
  0.000E+00  0.000E+00  0.000E+00  0.000E+00  0.000E+00  0.000E+00  0.000E+00  0.000E+00  0.000E+00  0.000E+00
  0.000E+00  0.000E+00  0.000E+00  0.000E+00  0.000E+00  0.000E+00  0.000E+00  0.000E+00  1.465E-03  3.730E-03
  1.067E-03  8.497E-04  7.130E-04  0.000E+00  1.677E-02  3.570E-03  3.759E-03  5.563E-03  2.168E-03  1.068E-03
  1.727E-03  2.054E-03  2.901E-03  3.793E-03  4.891E-03  4.323E-03  5.109E-03  6.563E-03  2.501E-03  1.828E-03
  1.302E-03  2.709E-03  1.504E-03  2.424E-03  2.928E-03  0.000E+00  0.000E+00  3.134E-04  2.796E-03  2.427E-03
  1.175E-03  1.839E-03  0.000E+00  0.000E+00  0.000E+00  0.000E+00  0.000E+00  0.000E+00  0.000E+00  0.000E+00
  0.000E+00  0.000E+00  0.000E+00  0.000E+00  4.121E-04  8.731E-03  0.000E+00  0.000E+00  0.000E+00  0.000E+00
  0.000E+00  0.000E+00  0.000E+00  2.111E-03  1.474E-03  8.032E-04  7.891E-05  1.091E-03  2.168E-03  4.491E-03
  3.689E-03  6.121E-03  2.901E-03  7.455E-04  1.247E-03  2.957E-03  3.281E-03  3.334E-03  3.425E-03  2.872E-03
  3.342E-03  2.580E-03  5.577E-03  5.062E-03  2.654E-03  5.779E-03  3.649E-03  3.397E-03  3.084E-03  2.183E-03
  0.000E+00  1.432E-03  1.801E-03  1.106E-03  0.000E+00  3.014E-03  0.000E+00  0.000E+00  0.000E+00  0.000E+00
  0.000E+00  0.000E+00  0.000E+00  0.000E+00  0.000E+00  0.000E+00  0.000E+00  0.000E+00  0.000E+00  0.000E+00
  0.000E+00  0.000E+00  0.000E+00  0.000E+00  0.000E+00  0.000E+00  0.000E+00  0.000E+00  4.249E-03  4.325E-03
  2.354E-03  7.698E-03  1.753E-03  3.795E-03  9.584E-03  7.785E-03  5.054E-03  3.401E-03  9.312E-04  1.205E-03
  4.256E-03  3.079E-03  4.337E-03  3.320E-03  4.265E-03  3.510E-03  3.237E-03  4.622E-03  5.214E-03  6.139E-03
  3.661E-03  1.638E-03  1.095E-03  2.610E-03  2.387E-03  1.865E-03  6.826E-04  8.776E-04  1.927E-04  2.208E-03
  8.057E-04  0.000E+00  0.000E+00  0.000E+00  0.000E+00  0.000E+00  0.000E+00  4.148E-04  1.230E-03  0.000E+00
  0.000E+00  0.000E+00  0.000E+00  0.000E+00  0.000E+00  0.000E+00  0.000E+00  0.000E+00  0.000E+00  0.000E+00
  0.000E+00  0.000E+00  0.000E+00  1.030E-03  4.777E-03  3.102E-03  6.375E-03  4.362E-03  4.479E-03  5.935E-03
  2.682E-03  6.976E-03  6.621E-03  7.253E-03  7.218E-03  7.625E-03  4.322E-03  4.332E-03  3.951E-03  5.669E-03
  3.064E-03  4.127E-03  5.091E-03  8.028E-03  7.942E-03  9.353E-03  5.129E-03  4.205E-03  4.718E-03  1.437E-03
  2.131E-03  2.231E-03  0.000E+00  6.672E-04  3.512E-03  2.338E-03  0.000E+00  0.000E+00  0.000E+00  0.000E+00
  0.000E+00  0.000E+00  0.000E+00  1.004E-02  0.000E+00  0.000E+00  0.000E+00  0.000E+00  0.000E+00  0.000E+00
  0.000E+00  0.000E+00  0.000E+00  0.000E+00  0.000E+00  0.000E+00  0.000E+00  0.000E+00  4.879E-03  3.305E-03
  2.030E-03  3.388E-03  1.864E-03  1.358E-02  7.826E-03  5.367E-03  6.360E-03  4.485E-03  4.066E-03  4.739E-03
  2.770E-03  2.558E-03  1.109E-03  3.784E-03  2.070E-03  8.383E-04  2.418E-03  2.490E-03  5.292E-03  4.290E-03
  2.757E-03  4.711E-03  5.684E-03  4.030E-03  4.648E-03  0.000E+00  9.507E-04  4.479E-04  1.363E-03  1.834E-04
  0.000E+00  0.000E+00  0.000E+00  0.000E+00  0.000E+00  0.000E+00  0.000E+00  0.000E+00  0.000E+00  0.000E+00
  0.000E+00  0.000E+00  0.000E+00  0.000E+00  0.000E+00  0.000E+00  0.000E+00  0.000E+00  0.000E+00  0.000E+00
  0.000E+00  0.000E+00  0.000E+00  7.917E-05  1.463E-04  3.432E-03  7.935E-04  8.848E-04  1.956E-03  1.453E-02
  5.701E-03  3.894E-03  3.134E-03  2.834E-03  3.527E-03  4.239E-03  3.293E-03  3.134E-03  5.244E-03  1.984E-03
  8.432E-04  2.288E-03  3.877E-03  1.940E-03  3.648E-03  2.758E-03  2.135E-03  3.589E-03  2.832E-03  4.355E-03
  7.588E-05  1.103E-03  9.686E-04  7.975E-04  0.000E+00  0.000E+00  0.000E+00  0.000E+00  0.000E+00  0.000E+00
  0.000E+00  0.000E+00  0.000E+00  0.000E+00  0.000E+00  0.000E+00  0.000E+00  0.000E+00  0.000E+00  0.000E+00
  0.000E+00  0.000E+00  0.000E+00  0.000E+00  0.000E+00  0.000E+00  0.000E+00  4.205E-03  0.000E+00  0.000E+00
  0.000E+00  0.000E+00  6.786E-04  2.921E-03  7.094E-03  5.625E-03  6.576E-03  3.768E-03  4.327E-03  4.012E-03
  5.010E-03  3.043E-03  2.558E-03  3.100E-03  2.347E-03  2.470E-03  4.424E-03  5.138E-03  5.516E-03  2.728E-03
  1.407E-03  1.767E-03  2.639E-03  2.508E-03  3.156E-03  9.600E-04  1.037E-03  9.486E-04  0.000E+00  0.000E+00
  0.000E+00  0.000E+00  0.000E+00  0.000E+00  0.000E+00  0.000E+00  0.000E+00  0.000E+00  0.000E+00  0.000E+00
  0.000E+00  0.000E+00  0.000E+00  0.000E+00  0.000E+00  0.000E+00  0.000E+00  0.000E+00  0.000E+00  0.000E+00
  0.000E+00  0.000E+00  1.012E-02  0.000E+00  0.000E+00  0.000E+00  0.000E+00  0.000E+00  0.000E+00  5.455E-03
  5.430E-03  9.243E-03  9.810E-03  7.782E-03  8.204E-03  8.223E-03  8.987E-03  8.464E-03  8.103E-03  3.942E-03
  4.468E-03  5.633E-03  3.389E-03  4.818E-03  1.112E-03  3.190E-03  7.243E-03  4.291E-03  2.493E-03  4.551E-03
  2.028E-03  4.855E-04  4.630E-04  0.000E+00  0.000E+00  0.000E+00  0.000E+00  0.000E+00  0.000E+00  0.000E+00
  0.000E+00  0.000E+00  0.000E+00  0.000E+00  0.000E+00  0.000E+00  0.000E+00  0.000E+00  0.000E+00  0.000E+00
  0.000E+00  0.000E+00  0.000E+00  0.000E+00  0.000E+00  0.000E+00  0.000E+00  1.461E-03  3.742E-03  0.000E+00
  1.491E-03  1.914E-03  2.124E-03  2.225E-03  4.039E-03  3.659E-03  4.632E-03  3.808E-03  3.863E-03  7.185E-03
  5.202E-03  5.487E-03  5.388E-03  7.191E-03  5.144E-03  7.848E-03  6.146E-03  5.066E-03  5.037E-03  7.844E-03
  7.604E-03  5.551E-03  6.298E-03  5.773E-03  4.497E-03  1.161E-03  9.486E-04  0.000E+00  0.000E+00  0.000E+00
  0.000E+00  0.000E+00  0.000E+00  0.000E+00  0.000E+00  0.000E+00  0.000E+00  0.000E+00  0.000E+00  0.000E+00
  0.000E+00  0.000E+00  0.000E+00  0.000E+00  0.000E+00  0.000E+00  0.000E+00  0.000E+00  0.000E+00  0.000E+00
  2.799E-03  0.000E+00  0.000E+00  0.000E+00  0.000E+00  2.872E-03  1.517E-04  1.941E-03  8.354E-04  1.845E-03
  3.534E-03  4.504E-03  1.952E-03  1.978E-03  4.776E-03  5.398E-03  2.581E-03  2.914E-03  2.796E-03  4.694E-03
  6.789E-03  5.627E-03  4.827E-03  4.069E-03  8.211E-04  3.621E-03  5.431E-03  5.131E-03  4.226E-03  2.915E-03
  1.416E-03  1.286E-04  0.000E+00  0.000E+00  0.000E+00  0.000E+00  0.000E+00  0.000E+00  0.000E+00  0.000E+00
  0.000E+00  0.000E+00  0.000E+00  0.000E+00  0.000E+00  0.000E+00  0.000E+00  0.000E+00  0.000E+00  0.000E+00
  0.000E+00  0.000E+00  0.000E+00  0.000E+00  0.000E+00  7.124E-03  3.011E-03  0.000E+00  0.000E+00  0.000E+00
  7.507E-03  4.549E-03  2.623E-03  1.230E-03  2.073E-03  4.892E-03  2.784E-03  8.738E-04  1.920E-03  3.999E-03
  2.338E-03  6.364E-03  2.807E-03  9.634E-04  2.891E-03  3.708E-03  9.988E-04  2.591E-03  5.808E-03  5.421E-03
  5.981E-03  2.981E-03  1.917E-03  3.487E-03  2.190E-03  7.427E-04  5.002E-06  6.487E-04  0.000E+00  0.000E+00
  8.260E-04  6.877E-03  0.000E+00  0.000E+00  0.000E+00  0.000E+00  0.000E+00  0.000E+00  0.000E+00  0.000E+00
  0.000E+00  0.000E+00  0.000E+00  0.000E+00  0.000E+00  0.000E+00  0.000E+00  0.000E+00  0.000E+00  0.000E+00
  7.225E-03  0.000E+00  0.000E+00  0.000E+00  1.313E-03  1.196E-03  7.282E-04  5.254E-03  3.988E-03  2.130E-03
  6.168E-03  4.171E-03  2.124E-03  2.659E-03  1.805E-03  3.334E-03  2.952E-03  4.811E-03  6.155E-03  7.155E-03
  6.990E-04  0.000E+00  9.380E-05  2.277E-03  5.939E-03  5.463E-03  5.048E-03  4.079E-03  2.333E-03  5.961E-04
  0.000E+00  0.000E+00  1.264E-02  0.000E+00  0.000E+00  2.426E-03  2.267E-03  0.000E+00  0.000E+00  0.000E+00
  0.000E+00  0.000E+00  0.000E+00  0.000E+00  0.000E+00  0.000E+00  0.000E+00  0.000E+00  0.000E+00  0.000E+00
  0.000E+00  0.000E+00  0.000E+00  0.000E+00  0.000E+00  3.414E-03  0.000E+00  0.000E+00  0.000E+00  0.000E+00
  0.000E+00  0.000E+00  0.000E+00  4.817E-03  1.376E-03  1.569E-03  1.105E-03  2.587E-03  3.915E-03  8.806E-04
  4.051E-03  2.474E-03  3.145E-03  6.564E-03  4.934E-03  1.481E-03  2.786E-03  3.121E-03  5.568E-03  3.555E-03
  4.754E-03  8.285E-03  5.702E-03  2.947E-03  3.819E-03  0.000E+00  0.000E+00  0.000E+00  0.000E+00  0.000E+00
  0.000E+00  0.000E+00  0.000E+00  0.000E+00  0.000E+00  0.000E+00  0.000E+00  0.000E+00  0.000E+00  0.000E+00
  0.000E+00  0.000E+00  0.000E+00  0.000E+00  0.000E+00  0.000E+00  2.425E-03  3.482E-03  0.000E+00  0.000E+00
  0.000E+00  0.000E+00  0.000E+00  0.000E+00  0.000E+00  0.000E+00  0.000E+00  2.319E-03  9.260E-04  1.452E-04
  5.064E-03  3.080E-03  1.010E-03  9.842E-04  1.398E-03  5.560E-03  4.587E-04  4.390E-03  3.788E-03  3.846E-03
  4.465E-03  3.535E-03  5.140E-03  5.391E-03  1.940E-03  3.389E-04  0.000E+00  5.844E-04  4.692E-03  3.614E-03
  0.000E+00  0.000E+00  0.000E+00  0.000E+00  0.000E+00  0.000E+00  0.000E+00  0.000E+00  0.000E+00  0.000E+00
  0.000E+00  0.000E+00  0.000E+00  0.000E+00  0.000E+00  0.000E+00  0.000E+00  0.000E+00  0.000E+00  0.000E+00
  0.000E+00  0.000E+00  0.000E+00  0.000E+00  0.000E+00  0.000E+00  0.000E+00  0.000E+00  0.000E+00  0.000E+00
  0.000E+00  0.000E+00  0.000E+00  0.000E+00  9.013E-04  3.383E-03  2.711E-03  2.554E-03  3.396E-03  3.072E-03
  3.610E-03  4.507E-03  2.333E-03  4.448E-03  4.630E-03  4.574E-03  4.490E-03  3.033E-03  1.888E-03  1.641E-03
  2.644E-03  3.492E-03  3.539E-03  4.274E-03  5.351E-03  0.000E+00  0.000E+00  0.000E+00  0.000E+00  0.000E+00
  0.000E+00  0.000E+00  0.000E+00  0.000E+00  0.000E+00  0.000E+00  0.000E+00  0.000E+00  0.000E+00  0.000E+00
  0.000E+00  0.000E+00  0.000E+00  0.000E+00  0.000E+00  0.000E+00  0.000E+00  0.000E+00  0.000E+00  0.000E+00
  0.000E+00  0.000E+00  0.000E+00  0.000E+00  0.000E+00  0.000E+00  0.000E+00  6.312E-04  2.424E-03  1.013E-03
  3.416E-03  9.667E-03  4.213E-04  0.000E+00  1.457E-03  5.171E-03  5.344E-03  3.625E-03  5.010E-03  2.015E-03
  1.946E-03  3.295E-03  2.988E-03  3.091E-03  2.306E-03  2.390E-03  1.880E-03  2.700E-03  2.884E-03  3.366E-03
  0.000E+00  0.000E+00  0.000E+00  0.000E+00  0.000E+00  0.000E+00  0.000E+00  0.000E+00  0.000E+00  0.000E+00
  0.000E+00  0.000E+00  0.000E+00  0.000E+00  0.000E+00  0.000E+00  0.000E+00  0.000E+00  0.000E+00  0.000E+00
  0.000E+00  0.000E+00  0.000E+00  0.000E+00  0.000E+00  0.000E+00  0.000E+00  0.000E+00  0.000E+00  0.000E+00
  0.000E+00  0.000E+00  3.301E-03  2.743E-03  1.031E-03  4.417E-03  6.506E-03  3.643E-03  2.491E-03  4.645E-03
  8.044E-03  5.714E-03  4.651E-03  2.195E-03  7.392E-05  2.342E-03  2.802E-03  3.393E-03  9.493E-04  2.090E-03
  6.936E-04  6.745E-04  1.406E-03  4.728E-03  4.354E-03  0.000E+00  0.000E+00  0.000E+00  0.000E+00  0.000E+00
  0.000E+00  0.000E+00  0.000E+00  0.000E+00  0.000E+00  0.000E+00  0.000E+00  0.000E+00  0.000E+00  0.000E+00
  0.000E+00  0.000E+00  0.000E+00  0.000E+00  0.000E+00  0.000E+00  0.000E+00  0.000E+00  0.000E+00  2.470E-03
  0.000E+00  0.000E+00  0.000E+00  0.000E+00  0.000E+00  0.000E+00  0.000E+00  4.426E-04  9.753E-03  2.593E-03
  2.193E-04  6.186E-04  3.521E-03  2.563E-03  3.100E-03  2.432E-03  5.609E-03  4.733E-03  8.809E-04  2.075E-03
  3.494E-03  3.327E-03  5.646E-03  3.525E-03  2.774E-03  4.361E-03  2.513E-03  4.640E-03  3.055E-03  3.660E-03
  0.000E+00  0.000E+00  0.000E+00  0.000E+00  0.000E+00  0.000E+00  0.000E+00  0.000E+00  0.000E+00  0.000E+00
  0.000E+00  7.532E-03  7.195E-03  0.000E+00  0.000E+00  0.000E+00  0.000E+00  0.000E+00  0.000E+00  0.000E+00
  0.000E+00  4.837E-03  0.000E+00  0.000E+00  0.000E+00  0.000E+00  0.000E+00  0.000E+00  0.000E+00  0.000E+00
  0.000E+00  0.000E+00  0.000E+00  0.000E+00  2.365E-03  3.008E-03  9.663E-04  2.737E-03  5.860E-03  1.138E-03
  4.026E-03  5.722E-03  4.308E-03  8.558E-04  2.446E-03  1.479E-03  9.256E-04  1.020E-03  3.957E-03  2.516E-03
  8.722E-04  3.077E-03  6.040E-03  2.369E-03  3.710E-03  0.000E+00  0.000E+00  0.000E+00  0.000E+00  0.000E+00
  0.000E+00  0.000E+00  0.000E+00  0.000E+00  0.000E+00  0.000E+00  0.000E+00  1.262E-03  0.000E+00  0.000E+00
  0.000E+00  0.000E+00  0.000E+00  0.000E+00  0.000E+00  0.000E+00  0.000E+00  0.000E+00  0.000E+00  0.000E+00
  0.000E+00  0.000E+00  0.000E+00  0.000E+00  0.000E+00  0.000E+00  0.000E+00  0.000E+00  4.949E-03  8.193E-04
  1.309E-03  4.972E-03  4.035E-03  4.298E-03  2.402E-03  6.847E-03  3.700E-03  5.124E-03  3.624E-03  3.146E-03
  1.725E-03  3.554E-03  1.886E-03  4.559E-03  5.149E-03  5.575E-03  5.476E-03  4.805E-03  4.251E-03  3.779E-03
  0.000E+00  0.000E+00  0.000E+00  0.000E+00  0.000E+00  0.000E+00  0.000E+00  0.000E+00  0.000E+00  0.000E+00
  0.000E+00  0.000E+00  0.000E+00  0.000E+00  0.000E+00  0.000E+00  0.000E+00  0.000E+00  0.000E+00  0.000E+00
  0.000E+00  0.000E+00  0.000E+00  0.000E+00  0.000E+00  3.158E-03  2.045E-03  0.000E+00  0.000E+00  0.000E+00
  0.000E+00  0.000E+00  1.725E-03  2.811E-03  2.855E-03  2.838E-03  3.657E-03  5.740E-03  4.453E-03  6.587E-03
  3.976E-03  6.310E-03  9.225E-04  4.458E-03  1.615E-05  1.370E-03  2.138E-03  2.082E-03  4.537E-04  2.881E-03
  6.828E-03  5.374E-03  4.139E-03  1.847E-03  9.108E-03  0.000E+00  0.000E+00  0.000E+00  0.000E+00  0.000E+00
  0.000E+00  0.000E+00  0.000E+00  0.000E+00  0.000E+00  0.000E+00  0.000E+00  0.000E+00  0.000E+00  0.000E+00
  0.000E+00  0.000E+00  0.000E+00  0.000E+00  0.000E+00  0.000E+00  0.000E+00  0.000E+00  0.000E+00  0.000E+00
  0.000E+00  2.954E-04  8.751E-04  8.736E-04  3.374E-05  0.000E+00  0.000E+00  3.275E-04  6.693E-04  1.173E-03
  3.764E-03  3.171E-03  2.171E-03  4.449E-03  8.771E-03  3.853E-03  3.269E-03  2.859E-03  4.474E-03  2.581E-03
  1.786E-03  2.041E-03  1.868E-03  1.567E-03  4.277E-03  4.005E-03  3.553E-03  4.899E-03  5.222E-03  1.603E-03
  0.000E+00  0.000E+00  0.000E+00  0.000E+00  0.000E+00  0.000E+00  0.000E+00  0.000E+00  0.000E+00  0.000E+00
  0.000E+00  0.000E+00  0.000E+00  0.000E+00  0.000E+00  0.000E+00  0.000E+00  0.000E+00  0.000E+00  0.000E+00
  0.000E+00  0.000E+00  0.000E+00  0.000E+00  0.000E+00  0.000E+00  0.000E+00  0.000E+00  0.000E+00  8.399E-04
  8.736E-04  3.849E-04  1.984E-03  8.490E-04  2.239E-03  4.006E-03  4.231E-03  4.690E-03  7.456E-03  8.997E-03
  4.362E-03  4.861E-03  3.271E-03  4.749E-04  4.506E-03  3.756E-03  3.215E-03  5.059E-03  4.407E-03  4.876E-03
  2.642E-03  1.915E-03  2.049E-03  3.242E-03  6.362E-03  0.000E+00  0.000E+00  0.000E+00  0.000E+00  0.000E+00
  0.000E+00  0.000E+00  0.000E+00  0.000E+00  0.000E+00  0.000E+00  0.000E+00  0.000E+00  0.000E+00  0.000E+00
  0.000E+00  0.000E+00  0.000E+00  0.000E+00  0.000E+00  0.000E+00  0.000E+00  0.000E+00  0.000E+00  0.000E+00
  0.000E+00  0.000E+00  0.000E+00  0.000E+00  0.000E+00  0.000E+00  4.887E-04  3.456E-03  8.647E-03  8.470E-03
  3.728E-03  4.751E-03  4.111E-03  2.693E-03  4.946E-03  2.555E-03  4.851E-03  5.592E-03  2.351E-03  5.789E-03
  3.494E-03  1.335E-03  4.573E-05  2.647E-03  1.268E-03  2.928E-03  9.542E-04  3.579E-03  5.072E-03  3.534E-03
  0.000E+00  0.000E+00  0.000E+00  0.000E+00  0.000E+00  0.000E+00  0.000E+00  0.000E+00  0.000E+00  0.000E+00
  0.000E+00  2.435E-03  0.000E+00  0.000E+00  0.000E+00  0.000E+00  0.000E+00  0.000E+00  0.000E+00  0.000E+00
  0.000E+00  0.000E+00  2.413E-04  0.000E+00  0.000E+00  0.000E+00  0.000E+00  2.751E-03  9.792E-06  0.000E+00
  0.000E+00  1.841E-04  5.917E-03  1.742E-02  7.428E-03  4.826E-03  3.558E-03  3.501E-03  4.192E-03  3.114E-03
  8.380E-03  4.180E-03  3.950E-03  5.513E-03  3.726E-03  5.059E-03  2.378E-03  2.399E-03  4.707E-03  5.306E-03
  4.880E-03  5.616E-03  4.110E-03  4.003E-03  4.497E-03  0.000E+00  0.000E+00  0.000E+00  0.000E+00  0.000E+00
  0.000E+00  0.000E+00  0.000E+00  0.000E+00  0.000E+00  0.000E+00  3.288E-04  0.000E+00  0.000E+00  0.000E+00
  0.000E+00  0.000E+00  0.000E+00  0.000E+00  0.000E+00  0.000E+00  0.000E+00  5.707E-03  0.000E+00  0.000E+00
  0.000E+00  0.000E+00  1.027E-03  9.131E-04  8.949E-04  1.738E-04  3.214E-05  5.260E-04  5.919E-03  1.158E-02
  3.545E-03  1.677E-03  5.195E-03  2.799E-03  3.962E-03  7.759E-03  2.859E-03  2.167E-03  5.885E-03  3.593E-03
  1.322E-03  2.456E-03  3.120E-03  3.568E-03  3.949E-03  1.245E-03  1.920E-03  2.276E-03  1.244E-03  5.279E-03
  0.000E+00  0.000E+00  0.000E+00  0.000E+00  0.000E+00  0.000E+00  0.000E+00  0.000E+00  0.000E+00  0.000E+00
  0.000E+00  0.000E+00  0.000E+00  0.000E+00  0.000E+00  0.000E+00  0.000E+00  0.000E+00  0.000E+00  0.000E+00
  0.000E+00  0.000E+00  0.000E+00  0.000E+00  0.000E+00  0.000E+00  0.000E+00  0.000E+00  0.000E+00  4.238E-04
  9.195E-04  8.683E-04  8.177E-04  5.861E-03  3.380E-03  3.605E-03  6.546E-03  3.675E-03  2.001E-03  4.501E-03
  6.113E-03  3.139E-03  4.656E-03  5.480E-03  6.612E-03  4.029E-03  3.992E-03  3.984E-03  2.604E-03  6.572E-04
  2.402E-03  1.984E-03  1.314E-03  1.488E-03  3.752E-03  0.000E+00  0.000E+00  0.000E+00  0.000E+00  0.000E+00
  0.000E+00  0.000E+00  0.000E+00  0.000E+00  0.000E+00  0.000E+00  0.000E+00  0.000E+00  4.685E-04  0.000E+00
  0.000E+00  0.000E+00  0.000E+00  0.000E+00  0.000E+00  0.000E+00  0.000E+00  0.000E+00  0.000E+00  0.000E+00
  0.000E+00  0.000E+00  0.000E+00  0.000E+00  6.917E-04  1.281E-03  4.447E-04  0.000E+00  2.566E-03  1.344E-02
  3.907E-03  3.358E-03  1.878E-03  2.504E-03  3.222E-03  2.331E-03  5.701E-03  2.905E-03  1.016E-03  2.891E-03
  5.290E-03  6.610E-03  4.632E-03  2.089E-03  3.611E-03  5.721E-03  2.018E-03  2.352E-03  2.854E-03  2.653E-03
  0.000E+00  0.000E+00  0.000E+00  0.000E+00  0.000E+00  0.000E+00  0.000E+00  0.000E+00  0.000E+00  0.000E+00
  0.000E+00  0.000E+00  0.000E+00  0.000E+00  0.000E+00  0.000E+00  0.000E+00  0.000E+00  0.000E+00  0.000E+00
  0.000E+00  0.000E+00  0.000E+00  0.000E+00  0.000E+00  0.000E+00  0.000E+00  0.000E+00  0.000E+00  0.000E+00
  0.000E+00  6.489E-04  6.034E-03  5.207E-03  2.877E-03  3.949E-03  1.675E-03  1.154E-03  1.906E-03  4.853E-03
  1.731E-03  3.084E-03  2.445E-03  4.054E-03  2.232E-03  5.184E-03  5.924E-04  2.772E-03  3.313E-03  9.743E-04
  1.101E-03  2.591E-03  1.571E-03  3.885E-03  6.217E-03  0.000E+00  0.000E+00  0.000E+00  0.000E+00  0.000E+00
  0.000E+00  0.000E+00  0.000E+00  0.000E+00  0.000E+00  0.000E+00  0.000E+00  0.000E+00  0.000E+00  0.000E+00
  3.698E-03  0.000E+00  0.000E+00  0.000E+00  0.000E+00  0.000E+00  0.000E+00  0.000E+00  0.000E+00  0.000E+00
  0.000E+00  0.000E+00  0.000E+00  0.000E+00  0.000E+00  0.000E+00  9.507E-05  5.513E-04  8.756E-03  5.153E-03
  5.651E-03  3.332E-03  1.995E-03  3.167E-03  1.550E-03  1.670E-03  3.946E-03  3.749E-03  3.035E-03  3.553E-03
  3.355E-03  4.613E-03  3.711E-03  3.210E-03  3.400E-03  8.607E-04  2.732E-03  5.487E-03  4.064E-03  3.755E-03
  0.000E+00  0.000E+00  0.000E+00  0.000E+00  0.000E+00  0.000E+00  0.000E+00  0.000E+00  0.000E+00  1.207E-04
  4.364E-03  0.000E+00  0.000E+00  0.000E+00  0.000E+00  5.853E-03  0.000E+00  0.000E+00  0.000E+00  0.000E+00
  0.000E+00  0.000E+00  0.000E+00  0.000E+00  0.000E+00  0.000E+00  0.000E+00  0.000E+00  0.000E+00  0.000E+00
  9.444E-04  1.192E-03  0.000E+00  1.610E-03  4.671E-03  2.066E-03  1.119E-03  2.498E-03  2.974E-03  2.581E-03
  3.057E-03  1.670E-03  2.396E-03  1.009E-03  2.359E-03  1.744E-03  2.419E-03  4.140E-03  2.357E-03  6.230E-03
  7.467E-03  5.280E-03  4.078E-03  2.534E-03  3.703E-03  0.000E+00  0.000E+00  0.000E+00  0.000E+00  0.000E+00
  0.000E+00  0.000E+00  0.000E+00  0.000E+00  0.000E+00  0.000E+00  0.000E+00  0.000E+00  0.000E+00  0.000E+00
  0.000E+00  0.000E+00  0.000E+00  0.000E+00  0.000E+00  1.312E-03  3.653E-03  0.000E+00  0.000E+00  0.000E+00
  0.000E+00  0.000E+00  0.000E+00  0.000E+00  0.000E+00  3.281E-04  7.628E-03  8.844E-04  3.335E-04  1.413E-03
  1.671E-03  3.146E-03  3.027E-03  2.390E-03  2.072E-03  8.738E-04  8.995E-04  3.359E-03  4.559E-03  5.156E-03
  5.853E-03  8.581E-03  6.813E-03  5.110E-03  2.893E-03  2.244E-03  5.112E-03  4.886E-03  5.822E-03  6.182E-03
  0.000E+00  0.000E+00  0.000E+00  0.000E+00  0.000E+00  0.000E+00  0.000E+00  0.000E+00  0.000E+00  0.000E+00
  0.000E+00  0.000E+00  0.000E+00  0.000E+00  0.000E+00  0.000E+00  0.000E+00  0.000E+00  0.000E+00  0.000E+00
  0.000E+00  0.000E+00  0.000E+00  0.000E+00  0.000E+00  0.000E+00  0.000E+00  0.000E+00  0.000E+00  0.000E+00
  0.000E+00  0.000E+00  3.453E-03  0.000E+00  8.115E-04  2.567E-04  1.933E-03  2.376E-03  7.704E-04  1.068E-03
  1.971E-03  2.514E-03  3.124E-03  4.682E-03  5.033E-03  4.936E-03  4.189E-03  7.182E-03  8.137E-03  5.039E-03
  4.229E-03  7.068E-03  7.474E-03  7.522E-03  6.513E-03  0.000E+00  0.000E+00  0.000E+00  0.000E+00  0.000E+00
  0.000E+00  0.000E+00  0.000E+00  0.000E+00  0.000E+00  0.000E+00  0.000E+00  9.496E-04  0.000E+00  0.000E+00
  0.000E+00  0.000E+00  0.000E+00  0.000E+00  0.000E+00  0.000E+00  0.000E+00  0.000E+00  0.000E+00  0.000E+00
  0.000E+00  0.000E+00  0.000E+00  0.000E+00  0.000E+00  0.000E+00  0.000E+00  4.522E-03  1.809E-03  2.703E-03
  2.070E-03  1.455E-03  1.422E-04  1.342E-03  2.293E-03  2.999E-03  2.762E-03  7.025E-03  5.593E-03  3.883E-03
  3.595E-03  6.996E-03  4.328E-03  3.417E-03  4.412E-03  4.885E-03  3.181E-03  4.226E-03  6.034E-03  1.040E-02
  0.000E+00  0.000E+00  0.000E+00  0.000E+00  0.000E+00  0.000E+00  0.000E+00  0.000E+00  6.818E-04  0.000E+00
  0.000E+00  0.000E+00  1.240E-02  9.866E-04  0.000E+00  0.000E+00  0.000E+00  0.000E+00  0.000E+00  0.000E+00
  0.000E+00  0.000E+00  0.000E+00  0.000E+00  0.000E+00  0.000E+00  0.000E+00  0.000E+00  0.000E+00  0.000E+00
  0.000E+00  0.000E+00  9.266E-04  2.097E-03  4.546E-03  1.788E-03  3.703E-04  1.117E-03  2.996E-03  4.959E-03
  5.041E-03  5.328E-03  5.657E-03  4.451E-03  3.678E-03  4.963E-03  3.933E-03  3.686E-03  3.873E-03  4.563E-03
  2.319E-03  3.789E-03  2.984E-03  2.712E-03  5.371E-03  0.000E+00  0.000E+00  0.000E+00  0.000E+00  0.000E+00
  0.000E+00  0.000E+00  0.000E+00  2.252E-03  0.000E+00  0.000E+00  0.000E+00  0.000E+00  0.000E+00  0.000E+00
  0.000E+00  0.000E+00  0.000E+00  0.000E+00  0.000E+00  0.000E+00  0.000E+00  0.000E+00  0.000E+00  0.000E+00
  0.000E+00  0.000E+00  0.000E+00  0.000E+00  0.000E+00  0.000E+00  0.000E+00  0.000E+00  4.127E-04  9.246E-03
  5.829E-03  5.592E-03  6.053E-03  3.729E-03  2.733E-03  1.933E-03  1.827E-03  1.490E-03  2.844E-03  4.155E-03
  6.837E-03  1.973E-03  9.916E-04  2.255E-03  3.399E-03  8.098E-03  4.231E-03  4.307E-03  4.820E-03  5.891E-03
  0.000E+00  0.000E+00  0.000E+00  0.000E+00  0.000E+00  0.000E+00  0.000E+00  0.000E+00  0.000E+00  0.000E+00
  0.000E+00  0.000E+00  0.000E+00  0.000E+00  0.000E+00  0.000E+00  0.000E+00  0.000E+00  0.000E+00  0.000E+00
  0.000E+00  0.000E+00  0.000E+00  0.000E+00  0.000E+00  0.000E+00  0.000E+00  0.000E+00  0.000E+00  0.000E+00
  0.000E+00  0.000E+00  0.000E+00  6.626E-04  5.782E-03  5.609E-03  5.673E-03  7.263E-03  5.048E-03  4.782E-03
  6.194E-03  6.823E-03  4.577E-03  4.011E-03  7.266E-03  9.345E-03  5.418E-03  4.279E-03  1.962E-03  1.945E-03
  2.931E-03  3.344E-03  2.528E-03  3.385E-03  7.755E-03  0.000E+00  0.000E+00  0.000E+00  0.000E+00  0.000E+00
  0.000E+00  0.000E+00  0.000E+00  0.000E+00  0.000E+00  0.000E+00  0.000E+00  0.000E+00  0.000E+00  0.000E+00
  0.000E+00  0.000E+00  0.000E+00  0.000E+00  0.000E+00  0.000E+00  0.000E+00  0.000E+00  0.000E+00  0.000E+00
  0.000E+00  0.000E+00  0.000E+00  0.000E+00  0.000E+00  0.000E+00  2.350E-03  1.967E-03  1.057E-02  9.202E-03
  8.960E-04  2.331E-03  1.951E-03  4.646E-03  2.880E-03  5.179E-03  4.566E-03  4.660E-03  4.710E-03  4.603E-03
  2.064E-03  5.229E-03  5.469E-03  4.174E-03  4.957E-03  4.630E-03  4.229E-03  3.608E-03  4.837E-03  5.231E-03
  0.000E+00  0.000E+00  0.000E+00  0.000E+00  0.000E+00  0.000E+00  0.000E+00  0.000E+00  0.000E+00  0.000E+00
  0.000E+00  0.000E+00  0.000E+00  0.000E+00  0.000E+00  0.000E+00  0.000E+00  0.000E+00  0.000E+00  0.000E+00
  0.000E+00  0.000E+00  0.000E+00  0.000E+00  0.000E+00  0.000E+00  0.000E+00  0.000E+00  0.000E+00  0.000E+00
  0.000E+00  0.000E+00  6.941E-05  7.015E-03  5.193E-03  2.719E-03  1.239E-03  1.328E-03  3.875E-03  4.578E-03
  3.591E-03  3.221E-03  3.328E-04  2.517E-03  8.198E-04  2.533E-03  3.784E-03  2.728E-03  4.118E-03  4.595E-03
  4.914E-03  4.273E-03  4.576E-03  4.210E-03  1.375E-03  0.000E+00  0.000E+00  0.000E+00  0.000E+00  0.000E+00
  0.000E+00  0.000E+00  0.000E+00  0.000E+00  0.000E+00  0.000E+00  0.000E+00  0.000E+00  0.000E+00  0.000E+00
  0.000E+00  0.000E+00  0.000E+00  0.000E+00  0.000E+00  0.000E+00  0.000E+00  0.000E+00  0.000E+00  0.000E+00
  0.000E+00  0.000E+00  0.000E+00  0.000E+00  0.000E+00  0.000E+00  0.000E+00  2.633E-03  6.219E-03  9.922E-04
  4.119E-03  4.298E-03  4.402E-03  4.977E-03  4.326E-03  3.232E-03  1.582E-03  3.171E-03  3.713E-04  8.380E-04
  1.022E-03  0.000E+00  0.000E+00  2.230E-03  5.454E-03  4.507E-03  6.159E-03  5.981E-03  7.770E-03  4.273E-03
  5.665E-04  0.000E+00  0.000E+00  0.000E+00  0.000E+00  0.000E+00  0.000E+00  0.000E+00  0.000E+00  0.000E+00
  0.000E+00  0.000E+00  0.000E+00  0.000E+00  0.000E+00  0.000E+00  0.000E+00  0.000E+00  0.000E+00  0.000E+00
  0.000E+00  0.000E+00  0.000E+00  0.000E+00  0.000E+00  0.000E+00  0.000E+00  0.000E+00  0.000E+00  0.000E+00
  0.000E+00  0.000E+00  4.964E-03  2.621E-03  3.370E-03  2.441E-03  5.704E-03  3.608E-03  1.584E-03  2.263E-03
  1.684E-03  3.113E-03  3.558E-03  2.246E-03  2.298E-03  3.788E-03  1.616E-03  5.079E-03  5.970E-03  4.621E-03
  7.564E-03  4.036E-03  8.861E-03  8.504E-03  5.404E-03  9.472E-04  0.000E+00  0.000E+00  0.000E+00  0.000E+00
  0.000E+00  0.000E+00  0.000E+00  0.000E+00  0.000E+00  6.236E-03  3.740E-03  5.814E-03  0.000E+00  0.000E+00
  0.000E+00  0.000E+00  0.000E+00  0.000E+00  0.000E+00  0.000E+00  0.000E+00  0.000E+00  0.000E+00  0.000E+00
  0.000E+00  0.000E+00  0.000E+00  0.000E+00  0.000E+00  0.000E+00  0.000E+00  1.668E-04  2.283E-03  5.972E-03
  4.597E-03  2.308E-03  2.946E-03  2.257E-03  5.369E-03  3.524E-03  3.735E-03  2.594E-03  3.794E-03  1.004E-03
  5.161E-03  7.689E-03  1.258E-03  4.596E-03  3.936E-03  5.087E-03  7.162E-03  6.589E-03  8.596E-03  8.531E-03
  7.747E-04  1.725E-04  0.000E+00  0.000E+00  0.000E+00  0.000E+00  0.000E+00  0.000E+00  0.000E+00  0.000E+00
  1.527E-03  9.796E-04  3.821E-03  0.000E+00  0.000E+00  0.000E+00  0.000E+00  0.000E+00  0.000E+00  0.000E+00
  0.000E+00  0.000E+00  0.000E+00  0.000E+00  0.000E+00  0.000E+00  0.000E+00  4.261E-03  0.000E+00  0.000E+00
  3.992E-04  2.954E-03  2.587E-03  1.187E-03  4.148E-03  2.350E-03  2.350E-03  3.538E-03  3.521E-03  2.319E-03
  3.407E-03  5.559E-03  4.673E-03  4.579E-03  4.411E-03  1.437E-03  1.601E-03  2.695E-03  3.622E-03  5.325E-03
  9.612E-04  3.591E-03  2.740E-03  1.655E-03  5.489E-03  0.000E+00  9.472E-04  0.000E+00  0.000E+00  0.000E+00
  0.000E+00  0.000E+00  0.000E+00  0.000E+00  0.000E+00  0.000E+00  0.000E+00  0.000E+00  0.000E+00  0.000E+00
  0.000E+00  0.000E+00  0.000E+00  0.000E+00  0.000E+00  0.000E+00  0.000E+00  0.000E+00  0.000E+00  0.000E+00
  0.000E+00  0.000E+00  0.000E+00  0.000E+00  2.251E-04  1.143E-04  4.042E-03  6.259E-04  0.000E+00  0.000E+00
  3.097E-04  2.886E-03  3.199E-03  2.889E-03  3.109E-03  6.292E-03  1.223E-03  1.527E-03  3.527E-03  4.753E-03
  6.970E-03  6.755E-03  3.679E-03  4.864E-03  3.536E-03  3.612E-03  1.039E-03  2.084E-03  2.903E-03  2.821E-03
  0.000E+00  9.472E-04  0.000E+00  0.000E+00  0.000E+00  0.000E+00  0.000E+00  0.000E+00  0.000E+00  0.000E+00
  0.000E+00  0.000E+00  0.000E+00  0.000E+00  0.000E+00  0.000E+00  0.000E+00  0.000E+00  0.000E+00  0.000E+00
  0.000E+00  0.000E+00  0.000E+00  0.000E+00  0.000E+00  0.000E+00  0.000E+00  0.000E+00  0.000E+00  2.245E-03
  4.412E-03  8.959E-04  0.000E+00  4.906E-04  8.081E-04  2.557E-03  1.122E-03  2.298E-03  3.804E-03  6.604E-03
  6.082E-03  2.168E-03  3.004E-03  1.682E-03  5.064E-03  5.414E-03  4.720E-03  4.668E-03  5.266E-03  4.699E-03
  3.647E-03  3.116E-03  6.184E-03  4.170E-03  2.565E-03  0.000E+00  2.214E-04  7.258E-04  0.000E+00  0.000E+00
  0.000E+00  0.000E+00  0.000E+00  0.000E+00  0.000E+00  0.000E+00  1.279E-03  8.023E-03  0.000E+00  0.000E+00
  0.000E+00  0.000E+00  0.000E+00  0.000E+00  0.000E+00  3.085E-03  0.000E+00  1.088E-03  7.747E-03  1.007E-04
  0.000E+00  0.000E+00  0.000E+00  0.000E+00  0.000E+00  1.768E-03  3.190E-03  3.654E-03  4.521E-03  3.184E-03
  2.408E-03  1.661E-03  2.290E-03  1.963E-03  3.046E-03  3.481E-03  7.143E-03  3.327E-03  4.008E-03  2.536E-03
  4.479E-03  6.232E-03  3.531E-03  2.271E-03  5.071E-03  4.998E-03  4.771E-03  3.431E-03  1.319E-03  9.337E-04
  0.000E+00  0.000E+00  9.472E-04  0.000E+00  0.000E+00  0.000E+00  0.000E+00  0.000E+00  0.000E+00  0.000E+00
  0.000E+00  0.000E+00  0.000E+00  0.000E+00  0.000E+00  0.000E+00  0.000E+00  0.000E+00  0.000E+00  0.000E+00
  1.051E-02  7.085E-03  7.834E-03  9.423E-03  1.956E-02  0.000E+00  0.000E+00  0.000E+00  0.000E+00  0.000E+00
  0.000E+00  0.000E+00  4.005E-04  1.316E-02  5.300E-03  7.526E-03  6.756E-03  4.904E-03  5.880E-03  2.754E-03
  2.080E-03  3.155E-03  2.932E-03  0.000E+00  7.700E-04  3.280E-03  5.757E-03  3.487E-03  3.347E-03  5.541E-03
  3.527E-03  1.857E-03  1.859E-03  8.315E-04  0.000E+00  0.000E+00  0.000E+00  6.153E-04  3.319E-04  0.000E+00
  0.000E+00  0.000E+00  0.000E+00  0.000E+00  0.000E+00  0.000E+00  0.000E+00  0.000E+00  0.000E+00  0.000E+00
  0.000E+00  0.000E+00  0.000E+00  0.000E+00  0.000E+00  8.520E-03  2.158E-02  1.912E-02  1.957E-02  8.484E-03
  0.000E+00  0.000E+00  0.000E+00  0.000E+00  2.793E-03  1.190E-03  7.556E-05  6.488E-04  4.788E-04  2.414E-03
  1.648E-03  4.417E-03  6.998E-03  6.310E-03  8.064E-03  7.151E-03  4.968E-03  1.261E-03  1.499E-03  2.693E-03
  1.379E-03  3.194E-03  7.231E-03  5.527E-03  2.427E-03  2.975E-03  1.327E-03  1.520E-03  1.170E-04  1.145E-03
  0.000E+00  0.000E+00  0.000E+00  9.472E-04  0.000E+00  0.000E+00  0.000E+00  0.000E+00  0.000E+00  3.520E-03
  1.519E-03  0.000E+00  0.000E+00  0.000E+00  0.000E+00  0.000E+00  0.000E+00  0.000E+00  0.000E+00  0.000E+00
  5.574E-03  1.493E-03  6.955E-03  4.129E-03  1.537E-03  0.000E+00  0.000E+00  0.000E+00  0.000E+00  4.548E-04
  7.509E-03  0.000E+00  0.000E+00  1.452E-03  5.444E-03  1.774E-03  4.138E-03  1.551E-03  3.542E-03  5.523E-03
  2.946E-03  4.889E-03  4.409E-03  4.098E-03  1.574E-03  1.314E-03  3.932E-04  2.074E-03  3.641E-03  6.743E-03
  4.995E-03  2.873E-03  3.816E-03  1.614E-03  1.826E-03  0.000E+00  0.000E+00  0.000E+00  9.472E-04  0.000E+00
  0.000E+00  0.000E+00  0.000E+00  0.000E+00  0.000E+00  0.000E+00  0.000E+00  0.000E+00  0.000E+00  0.000E+00
  0.000E+00  0.000E+00  0.000E+00  0.000E+00  0.000E+00  0.000E+00  0.000E+00  1.027E-02  0.000E+00  1.072E-02
  9.403E-04  0.000E+00  0.000E+00  0.000E+00  0.000E+00  0.000E+00  0.000E+00  6.151E-04  3.675E-03  1.140E-03
  2.226E-03  4.789E-03  3.329E-03  5.452E-03  5.203E-03  8.614E-03  7.029E-03  6.773E-03  4.871E-03  4.438E-03
  2.550E-03  3.448E-03  4.290E-03  2.732E-03  2.980E-03  2.671E-03  5.233E-03  2.806E-03  3.983E-03  2.266E-03
  0.000E+00  1.621E-03  9.801E-04  5.446E-04  1.928E-03  1.043E-03  1.068E-03  0.000E+00  0.000E+00  0.000E+00
  0.000E+00  0.000E+00  3.293E-03  0.000E+00  0.000E+00  0.000E+00  0.000E+00  0.000E+00  0.000E+00  0.000E+00
  0.000E+00  0.000E+00  0.000E+00  0.000E+00  0.000E+00  0.000E+00  0.000E+00  0.000E+00  0.000E+00  0.000E+00
  0.000E+00  0.000E+00  0.000E+00  9.086E-04  6.146E-03  3.494E-03  2.283E-03  3.043E-03  2.186E-03  4.590E-03
  6.681E-03  5.930E-03  3.060E-03  2.844E-03  2.000E-03  5.349E-03  4.064E-03  5.385E-03  3.529E-03  6.459E-03
  7.020E-03  5.604E-03  5.191E-03  4.765E-03  5.993E-03  1.746E-03  1.382E-03  1.988E-03  2.485E-03  2.081E-03
  0.000E+00  8.320E-04  0.000E+00  0.000E+00  0.000E+00  0.000E+00  0.000E+00  0.000E+00  0.000E+00  0.000E+00
  0.000E+00  0.000E+00  0.000E+00  0.000E+00  0.000E+00  0.000E+00  0.000E+00  0.000E+00  1.220E-03  0.000E+00
  0.000E+00  0.000E+00  0.000E+00  0.000E+00  0.000E+00  0.000E+00  0.000E+00  0.000E+00  2.269E-04  2.023E-03
  4.130E-03  2.932E-03  4.367E-03  1.873E-03  1.240E-03  5.214E-03  5.800E-03  1.840E-03  9.045E-04  2.576E-03
  2.429E-03  6.710E-03  3.065E-03  3.608E-03  3.680E-03  1.378E-03  6.238E-03  3.629E-03  4.979E-03  6.243E-03
  1.292E-03  1.655E-03  1.994E-03  1.510E-03  1.875E-03  1.925E-03  2.120E-03  0.000E+00  0.000E+00  0.000E+00
  0.000E+00  0.000E+00  0.000E+00  0.000E+00  0.000E+00  0.000E+00  0.000E+00  0.000E+00  0.000E+00  0.000E+00
  0.000E+00  0.000E+00  0.000E+00  1.576E-03  3.495E-04  0.000E+00  0.000E+00  0.000E+00  0.000E+00  0.000E+00
  0.000E+00  0.000E+00  0.000E+00  1.835E-04  6.851E-03  2.034E-03  1.580E-03  3.571E-03  3.329E-03  5.998E-03
  2.968E-03  3.418E-03  4.549E-03  2.382E-03  3.484E-03  3.993E-03  4.086E-03  4.521E-03  2.324E-03  4.341E-03
  4.465E-03  4.677E-03  1.966E-03  1.439E-03  1.737E-03  9.831E-04  3.959E-04  0.000E+00  4.841E-04  9.127E-04
  1.594E-03  1.195E-03  2.683E-03  4.717E-04  0.000E+00  0.000E+00  0.000E+00  9.097E-04  8.230E-04  0.000E+00
  0.000E+00  0.000E+00  0.000E+00  0.000E+00  0.000E+00  0.000E+00  0.000E+00  0.000E+00  0.000E+00  9.892E-04
  0.000E+00  0.000E+00  0.000E+00  0.000E+00  0.000E+00  0.000E+00  0.000E+00  0.000E+00  7.239E-03  8.353E-03
  3.393E-03  1.042E-03  4.229E-03  3.800E-03  4.247E-03  3.038E-03  2.259E-03  3.135E-03  3.578E-03  3.025E-03
  2.821E-03  1.302E-03  2.485E-03  8.263E-03  4.794E-03  2.597E-03  2.605E-03  3.586E-03  5.250E-03  5.390E-03
  0.000E+00  5.871E-04  9.831E-04  9.831E-04  6.104E-04  3.998E-04  9.072E-04  1.424E-03  1.719E-03  9.338E-04
  5.982E-04  1.710E-04  0.000E+00  0.000E+00  0.000E+00  0.000E+00  0.000E+00  0.000E+00  0.000E+00  0.000E+00
  0.000E+00  0.000E+00  0.000E+00  0.000E+00  4.227E-04  5.803E-04  0.000E+00  0.000E+00  0.000E+00  0.000E+00
  0.000E+00  0.000E+00  0.000E+00  8.396E-04  6.728E-03  3.322E-03  7.170E-03  2.854E-03  9.417E-04  1.676E-03
  8.900E-04  1.337E-03  2.686E-03  3.818E-03  2.114E-03  2.475E-03  1.618E-03  7.298E-04  5.807E-03  2.659E-03
  2.792E-03  6.206E-03  5.795E-03  5.958E-03  5.895E-03  0.000E+00  0.000E+00  0.000E+00  0.000E+00  3.727E-04
  9.831E-04  1.721E-03  3.691E-03  1.724E-03  6.760E-04  0.000E+00  8.472E-04  7.256E-04  0.000E+00  0.000E+00
  0.000E+00  0.000E+00  0.000E+00  0.000E+00  0.000E+00  0.000E+00  0.000E+00  0.000E+00  0.000E+00  0.000E+00
  7.905E-04  2.125E-04  0.000E+00  0.000E+00  0.000E+00  0.000E+00  0.000E+00  8.274E-04  1.513E-03  1.004E-03
  4.540E-03  4.871E-03  2.934E-03  4.398E-03  8.850E-04  1.259E-03  1.896E-03  4.181E-03  3.934E-03  3.483E-03
  2.094E-03  2.706E-03  5.990E-03  5.608E-03  4.549E-03  6.610E-03  6.710E-03  6.603E-03  4.479E-03  4.793E-03

#------------------------------------------------------------------------------
# gshow
#------------------------------------------------------------------------------

p: legs[c5*0.875]

hb:   line clip z  
frame:
 -1.3999973E+03 -1.1999945E+03
  8.0000267E+02 -1.1999945E+03
  8.0000267E+02  1.2000055E+03
 -1.3999973E+03  1.2000055E+03
clip:
 -1.43928300E+03 -1.23933863E+03
 -8.45008730E+02 -1.23933863E+03
 -8.53461105E+02 -1.23353319E+03
 -8.59282998E+02 -1.22948474E+03
 -8.94955885E+02 -1.20376657E+03
 -9.00711570E+02 -1.19946599E+03
 -9.02624468E+02 -1.19802716E+03
 -9.24944456E+02 -1.18088008E+03
 -9.42140141E+02 -1.16720690E+03
 -9.54991535E+02 -1.15671568E+03
 -9.70527681E+02 -1.14371151E+03
 -9.83568713E+02 -1.13251604E+03
 -1.00293243E+03 -1.11540421E+03
 -1.01447753E+03 -1.10491418E+03
 -1.02499728E+03 -1.09516235E+03
 -1.04705530E+03 -1.07409273E+03
 -1.05680616E+03 -1.06450023E+03
 -1.06642586E+03 -1.05486297E+03
 -1.08782484E+03 -1.03278126E+03
 -1.09751825E+03 -1.02247430E+03
 -1.10785443E+03 -1.01126583E+03
 -1.12560547E+03 -9.91469780E+02
 -1.13661105E+03 -9.78833651E+02
 -1.14928300E+03 -9.63923539E+02
 -1.16068910E+03 -9.50158305E+02
 -1.17407435E+03 -9.33568111E+02
 -1.19071157E+03 -9.12253231E+02
 -1.19331364E+03 -9.08846829E+02
 -1.20989023E+03 -8.86659811E+02
 -1.22367578E+03 -8.67535354E+02
 -1.22717259E+03 -8.62581843E+02
 -1.23214014E+03 -8.55471024E+02
 -1.25194014E+03 -8.26223879E+02
 -1.26046581E+03 -8.13158009E+02
 -1.27356871E+03 -7.92478854E+02
 -1.27824588E+03 -7.84912403E+02
 -1.29202980E+03 -7.62009837E+02
 -1.30271166E+03 -7.43600928E+02
 -1.30714824E+03 -7.35774068E+02
 -1.31499728E+03 -7.21652370E+02
 -1.32543937E+03 -7.02289452E+02
 -1.33602165E+03 -6.81942920E+02
 -1.34651703E+03 -6.60977977E+02
 -1.34975973E+03 -6.54330697E+02
 -1.35642586E+03 -6.40397454E+02
 -1.36602102E+03 -6.19666502E+02
 -1.37578977E+03 -5.97664210E+02
 -1.38401787E+03 -5.78355026E+02
 -1.38805918E+03 -5.68587467E+02
 -1.39785443E+03 -5.44061579E+02
 -1.40056568E+03 -5.37043551E+02
 -1.41104179E+03 -5.08882167E+02
 -1.41571526E+03 -4.95732075E+02
 -1.42172503E+03 -4.78223734E+02
 -1.42951108E+03 -4.54420600E+02
 -1.43184704E+03 -4.47005658E+02
 -1.43928300E+03 -4.22450531E+02
 -1.43928300E+03 -4.54420600E+02
 -1.43928300E+03 -4.95732075E+02
 -1.43928300E+03 -5.37043551E+02
 -1.43928300E+03 -5.78355026E+02
 -1.43928300E+03 -6.19666502E+02
 -1.43928300E+03 -6.60977977E+02
 -1.43928300E+03 -7.02289452E+02
 -1.43928300E+03 -7.43600928E+02
 -1.43928300E+03 -7.84912403E+02
 -1.43928300E+03 -8.26223879E+02
 -1.43928300E+03 -8.67535354E+02
 -1.43928300E+03 -9.08846829E+02
 -1.43928300E+03 -9.50158305E+02
 -1.43928300E+03 -9.91469780E+02
 -1.43928300E+03 -1.03278126E+03
 -1.43928300E+03 -1.07409273E+03
 -1.43928300E+03 -1.11540421E+03
 -1.43928300E+03 -1.15671568E+03
 -1.43928300E+03 -1.19802716E+03
 -1.43928300E+03 -1.23933863E+03

hb:   line clip z  
frame:
 -1.3999973E+03 -1.1999945E+03
  8.0000267E+02 -1.1999945E+03
  8.0000267E+02  1.2000055E+03
 -1.3999973E+03  1.2000055E+03
clip:
 -8.17854427E+02 -1.23933863E+03
 -5.00000000E+02 -1.23933863E+03
 -5.00000000E+02 -1.21156294E+03
 -5.00000000E+02 -1.19802716E+03
 -5.00000000E+02 -1.17025146E+03
 -5.00000000E+02 -1.15671568E+03
 -5.00000000E+02 -1.12893998E+03
 -5.00000000E+02 -1.11540421E+03
 -5.00000000E+02 -1.08762851E+03
 -5.00000000E+02 -1.07409273E+03
 -5.00000000E+02 -1.04631703E+03
 -5.00000000E+02 -1.03278126E+03
 -5.00000000E+02 -1.00500556E+03
 -5.00000000E+02 -9.91469780E+02
 -5.00000000E+02 -9.63694083E+02
 -5.00000000E+02 -9.50158305E+02
 -5.00000000E+02 -9.22382607E+02
 -5.00000000E+02 -9.08846829E+02
 -5.00000000E+02 -8.81071132E+02
 -5.00000000E+02 -8.67535354E+02
 -5.00000000E+02 -8.39759656E+02
 -5.00000000E+02 -8.26223879E+02
 -5.00000000E+02 -7.98448181E+02
 -5.00000000E+02 -7.84912403E+02
 -5.00000000E+02 -7.57136706E+02
 -5.00000000E+02 -7.43600928E+02
 -5.00000000E+02 -7.15825230E+02
 -5.00000000E+02 -7.02289452E+02
 -5.00000000E+02 -6.74513755E+02
 -5.00000000E+02 -6.60977977E+02
 -5.00000000E+02 -6.33202279E+02
 -5.00000000E+02 -6.19666502E+02
 -5.00000000E+02 -5.91890804E+02
 -5.00000000E+02 -5.78355026E+02
 -5.00000000E+02 -5.50579329E+02
 -5.00000000E+02 -5.37043551E+02
 -5.00000000E+02 -5.09267853E+02
 -5.00000000E+02 -4.95732075E+02
 -5.00000000E+02 -4.67956378E+02
 -5.00000000E+02 -4.54420600E+02
 -5.00000000E+02 -4.26644902E+02
 -5.00000000E+02 -4.13109124E+02
 -5.00000000E+02 -3.85333427E+02
 -5.00000000E+02 -3.71797649E+02
 -5.00000000E+02 -3.44021952E+02
 -5.00000000E+02 -3.30486174E+02
 -5.00000000E+02 -3.02710476E+02
 -5.00000000E+02 -2.89174698E+02
 -5.00000000E+02 -2.61399001E+02
 -5.00000000E+02 -2.47863223E+02
 -5.00000000E+02 -2.20087525E+02
 -5.00000000E+02 -2.06551747E+02
 -5.00000000E+02 -1.78776050E+02
 -5.00000000E+02 -1.65240272E+02
 -5.00000000E+02 -1.37464575E+02
 -5.00000000E+02 -1.23928797E+02
 -5.00000000E+02 -9.61530991E+01
 -5.00000000E+02 -8.26173212E+01
 -5.00000000E+02 -5.48416237E+01
 -5.00000000E+02 -4.13058458E+01
 -5.00000000E+02 -1.35301483E+01
 -5.00000000E+02  5.62962936E-03
 -5.00000000E+02  2.77813271E+01
 -5.00000000E+02  4.13171050E+01
 -5.00000000E+02  6.90928025E+01
 -5.00000000E+02  8.26285804E+01
 -5.00000000E+02  1.10404278E+02
 -5.00000000E+02  1.23940056E+02
 -5.00000000E+02  1.51715753E+02
 -5.00000000E+02  1.65251531E+02
 -5.00000000E+02  1.93027229E+02
 -5.00000000E+02  2.06563007E+02
 -5.00000000E+02  2.34338704E+02
 -5.00000000E+02  2.47874482E+02
 -5.00000000E+02  2.75650180E+02
 -5.00000000E+02  2.89185957E+02
 -5.00000000E+02  3.16961655E+02
 -5.00000000E+02  3.30497433E+02
 -5.00000000E+02  3.58273130E+02
 -5.00000000E+02  3.71808908E+02
 -5.00000000E+02  3.99584606E+02
 -5.00000000E+02  4.13120384E+02
 -5.00000000E+02  4.40896081E+02
 -5.00000000E+02  4.54431859E+02
 -5.00000000E+02  4.82207557E+02
 -5.00000000E+02  4.95743335E+02
 -5.00000000E+02  5.23519032E+02
 -5.00000000E+02  5.37054810E+02
 -5.00000000E+02  5.64830507E+02
 -5.00000000E+02  5.78366285E+02
 -5.00000000E+02  6.06141983E+02
 -5.00000000E+02  6.19677761E+02
 -5.00000000E+02  6.47453458E+02
 -5.00000000E+02  6.60989236E+02
 -5.00000000E+02  6.88764934E+02
 -5.00000000E+02  7.02300712E+02
 -5.00000000E+02  7.30076409E+02
 -5.00000000E+02  7.43612187E+02
 -5.00000000E+02  7.71387885E+02
 -5.00000000E+02  7.84923662E+02
 -5.00000000E+02  8.12699360E+02
 -5.00000000E+02  8.26235138E+02
 -5.00000000E+02  8.54010835E+02
 -5.00000000E+02  8.67546613E+02
 -5.00000000E+02  8.95322311E+02
 -5.00000000E+02  9.08858089E+02
 -5.00000000E+02  9.36633786E+02
 -5.00000000E+02  9.50169564E+02
 -5.00000000E+02  9.77945262E+02
 -5.00000000E+02  9.91481039E+02
 -5.00000000E+02  1.01925674E+03
 -5.00000000E+02  1.03279251E+03
 -5.00000000E+02  1.06056821E+03
 -5.00000000E+02  1.07410399E+03
 -5.00000000E+02  1.10187969E+03
 -5.00000000E+02  1.11541547E+03
 -5.00000000E+02  1.14319116E+03
 -5.00000000E+02  1.15672694E+03
 -5.00000000E+02  1.18450264E+03
 -5.00000000E+02  1.19803842E+03
 -5.00000000E+02  1.22581411E+03
 -5.00000000E+02  1.23934989E+03
 -5.27854427E+02  1.23934989E+03
 -5.69282998E+02  1.23934989E+03
 -6.10711570E+02  1.23934989E+03
 -6.52140141E+02  1.23934989E+03
 -6.93568713E+02  1.23934989E+03
 -7.34997284E+02  1.23934989E+03
 -7.76425855E+02  1.23934989E+03
 -8.17854427E+02  1.23934989E+03
 -8.44992216E+02  1.23934989E+03
 -8.59282998E+02  1.22948474E+03
 -8.77701331E+02  1.21640469E+03
 -9.00711570E+02  1.19946599E+03
 -9.01527965E+02  1.19885250E+03
 -9.02609524E+02  1.19803842E+03
 -9.42140141E+02  1.16720690E+03
 -9.47935091E+02  1.16250551E+03
 -9.54977897E+02  1.15672694E+03
 -9.83568713E+02  1.13251604E+03
 -9.92699848E+02  1.12452079E+03
 -1.00291991E+03  1.11541547E+03
 -1.02499728E+03  1.09516235E+03
 -1.03583826E+03  1.08491433E+03
 -1.04704375E+03  1.07410399E+03
 -1.06642586E+03  1.05486297E+03
 -1.07735873E+03  1.04369448E+03
 -1.08781415E+03  1.03279251E+03
 -1.10785443E+03  1.01126583E+03
 -1.11726220E+03  1.00086222E+03
 -1.12559555E+03  9.91481039E+02
 -1.14928300E+03  9.63923539E+02
 -1.15554222E+03  9.56411094E+02
 -1.16067989E+03  9.50169564E+02
 -1.19071157E+03  9.12253231E+02
 -1.19218477E+03  9.10327125E+02
 -1.19330506E+03  9.08858089E+02
 -1.20119550E+03  8.98403791E+02
 -1.22366780E+03  8.67546613E+02
 -1.23214014E+03  8.55471024E+02
 -1.24402812E+03  8.38089516E+02
 -1.25193270E+03  8.26235138E+02
 -1.27356871E+03  7.92478854E+02
 -1.27646251E+03  7.87809280E+02
 -1.27823896E+03  7.84923662E+02
 -1.28542266E+03  7.73103222E+02
 -1.30270523E+03  7.43612187E+02
 -1.31499728E+03  7.21652370E+02
 -1.32181093E+03  7.09095101E+02
 -1.32543340E+03  7.02300712E+02
 -1.33665134E+03  6.80707856E+02
 -1.34651150E+03  6.60989236E+02
 -1.35642586E+03  6.40397454E+02
 -1.36301580E+03  6.26249084E+02
 -1.36601591E+03  6.19677761E+02
 -1.37369959E+03  6.02452849E+02
 -1.38401316E+03  5.78366285E+02
 -1.39785443E+03  5.44061579E+02
 -1.39981148E+03  5.39006330E+02
 -1.40056136E+03  5.37054810E+02
 -1.40222465E+03  5.32696938E+02
 -1.41571132E+03  4.95743335E+02
 -1.42485338E+03  4.68820691E+02
 -1.42950750E+03  4.54431859E+02
 -1.43928300E+03  4.22450531E+02
 -1.43928300E+03  4.13120384E+02
 -1.43928300E+03  3.71808908E+02
 -1.43928300E+03  3.30497433E+02
 -1.43928300E+03  2.89185957E+02
 -1.43928300E+03  2.47874482E+02
 -1.43928300E+03  2.06563007E+02
 -1.43928300E+03  1.65251531E+02
 -1.43928300E+03  1.23940056E+02
 -1.43928300E+03  8.26285804E+01
 -1.43928300E+03  4.13171050E+01
 -1.43928300E+03  5.62962936E-03
 -1.43928300E+03 -4.13058458E+01
 -1.43928300E+03 -8.26173212E+01
 -1.43928300E+03 -1.23928797E+02
 -1.43928300E+03 -1.65240272E+02
 -1.43928300E+03 -2.06551747E+02
 -1.43928300E+03 -2.47863223E+02
 -1.43928300E+03 -2.89174698E+02
 -1.43928300E+03 -3.30486174E+02
 -1.43928300E+03 -3.71797649E+02
 -1.43928300E+03 -4.13109124E+02
 -1.42951108E+03 -4.54420600E+02
 -1.41571526E+03 -4.95732075E+02
 -1.40056568E+03 -5.37043551E+02
 -1.39785443E+03 -5.44061579E+02
 -1.38401787E+03 -5.78355026E+02
 -1.37578977E+03 -5.97664210E+02
 -1.36602102E+03 -6.19666502E+02
 -1.35642586E+03 -6.40397454E+02
 -1.34651703E+03 -6.60977977E+02
 -1.33602165E+03 -6.81942920E+02
 -1.32543937E+03 -7.02289452E+02
 -1.31499728E+03 -7.21652370E+02
 -1.30271166E+03 -7.43600928E+02
 -1.27824588E+03 -7.84912403E+02
 -1.27356871E+03 -7.92478854E+02
 -1.25194014E+03 -8.26223879E+02
 -1.24403266E+03 -8.38082781E+02
 -1.23214014E+03 -8.55471024E+02
 -1.22367578E+03 -8.67535354E+02
 -1.20989023E+03 -8.86659811E+02
 -1.19331364E+03 -9.08846829E+02
 -1.19071157E+03 -9.12253231E+02
 -1.16068910E+03 -9.50158305E+02
 -1.15554732E+03 -9.56404925E+02
 -1.14928300E+03 -9.63923539E+02
 -1.12560547E+03 -9.91469780E+02
 -1.11726752E+03 -1.00085627E+03
 -1.10785443E+03 -1.01126583E+03
 -1.08782484E+03 -1.03278126E+03
 -1.07736427E+03 -1.04368876E+03
 -1.06642586E+03 -1.05486297E+03
 -1.04705530E+03 -1.07409273E+03
 -1.03584403E+03 -1.08490882E+03
 -1.02499728E+03 -1.09516235E+03
 -1.00293243E+03 -1.11540421E+03
 -9.92705837E+02 -1.12451551E+03
 -9.83568713E+02 -1.13251604E+03
 -9.54991535E+02 -1.15671568E+03
 -9.47941302E+02 -1.16250045E+03
 -9.42140141E+02 -1.16720690E+03
 -9.02624468E+02 -1.19802716E+03
 -8.94955885E+02 -1.20376657E+03
 -8.59282998E+02 -1.22948474E+03
 -8.45008730E+02 -1.23933863E+03

hb:   line clip z  
frame:
 -1.3999973E+03 -1.1999945E+03
  8.0000267E+02 -1.1999945E+03
  8.0000267E+02  1.2000055E+03
 -1.3999973E+03  1.2000055E+03
clip:
 -4.86425855E+02 -1.23933863E+03
 -3.00000000E+02 -1.23933863E+03
 -3.00000000E+02 -1.21868560E+03
 -3.00000000E+02 -1.19802716E+03
 -3.00000000E+02 -1.17737413E+03
 -3.00000000E+02 -1.15671568E+03
 -3.00000000E+02 -1.13606265E+03
 -3.00000000E+02 -1.11540421E+03
 -3.00000000E+02 -1.09475118E+03
 -3.00000000E+02 -1.07409273E+03
 -3.00000000E+02 -1.05343970E+03
 -3.00000000E+02 -1.03278126E+03
 -3.00000000E+02 -1.01212823E+03
 -3.00000000E+02 -9.91469780E+02
 -3.00000000E+02 -9.70816751E+02
 -3.00000000E+02 -9.50158305E+02
 -3.00000000E+02 -9.29505275E+02
 -3.00000000E+02 -9.08846829E+02
 -3.00000000E+02 -8.88193800E+02
 -3.00000000E+02 -8.67535354E+02
 -3.00000000E+02 -8.46882325E+02
 -3.00000000E+02 -8.26223879E+02
 -3.00000000E+02 -8.05570849E+02
 -3.00000000E+02 -7.84912403E+02
 -3.00000000E+02 -7.64259374E+02
 -3.00000000E+02 -7.43600928E+02
 -3.00000000E+02 -7.22947898E+02
 -3.00000000E+02 -7.02289452E+02
 -3.00000000E+02 -6.81636423E+02
 -3.00000000E+02 -6.60977977E+02
 -3.00000000E+02 -6.40324948E+02
 -3.00000000E+02 -6.19666502E+02
 -3.00000000E+02 -5.99013472E+02
 -3.00000000E+02 -5.78355026E+02
 -3.00000000E+02 -5.57701997E+02
 -3.00000000E+02 -5.37043551E+02
 -3.00000000E+02 -5.16390521E+02
 -3.00000000E+02 -4.95732075E+02
 -3.00000000E+02 -4.75079046E+02
 -3.00000000E+02 -4.54420600E+02
 -3.00000000E+02 -4.33767571E+02
 -3.00000000E+02 -4.13109124E+02
 -3.00000000E+02 -3.92456095E+02
 -3.00000000E+02 -3.71797649E+02
 -3.00000000E+02 -3.51144620E+02
 -3.00000000E+02 -3.30486174E+02
 -3.00000000E+02 -3.09833144E+02
 -3.00000000E+02 -2.89174698E+02
 -3.00000000E+02 -2.68521669E+02
 -3.00000000E+02 -2.47863223E+02
 -3.00000000E+02 -2.27210193E+02
 -3.00000000E+02 -2.06551747E+02
 -3.00000000E+02 -1.85898718E+02
 -3.00000000E+02 -1.65240272E+02
 -3.00000000E+02 -1.44587243E+02
 -3.00000000E+02 -1.23928797E+02
 -3.00000000E+02 -1.03275767E+02
 -3.00000000E+02 -8.26173212E+01
 -3.00000000E+02 -6.19642919E+01
 -3.00000000E+02 -4.13058458E+01
 -3.00000000E+02 -2.06528164E+01
 -3.00000000E+02  5.62962936E-03
 -3.00000000E+02  2.06586590E+01
 -3.00000000E+02  4.13171050E+01
 -3.00000000E+02  6.19701344E+01
 -3.00000000E+02  8.26285804E+01
 -3.00000000E+02  1.03281610E+02
 -3.00000000E+02  1.23940056E+02
 -3.00000000E+02  1.44593085E+02
 -3.00000000E+02  1.65251531E+02
 -3.00000000E+02  1.85904561E+02
 -3.00000000E+02  2.06563007E+02
 -3.00000000E+02  2.27216036E+02
 -3.00000000E+02  2.47874482E+02
 -3.00000000E+02  2.68527511E+02
 -3.00000000E+02  2.89185957E+02
 -3.00000000E+02  3.09838987E+02
 -3.00000000E+02  3.30497433E+02
 -3.00000000E+02  3.51150462E+02
 -3.00000000E+02  3.71808908E+02
 -3.00000000E+02  3.92461938E+02
 -3.00000000E+02  4.13120384E+02
 -3.00000000E+02  4.33773413E+02
 -3.00000000E+02  4.54431859E+02
 -3.00000000E+02  4.75084888E+02
 -3.00000000E+02  4.95743335E+02
 -3.00000000E+02  5.16396364E+02
 -3.00000000E+02  5.37054810E+02
 -3.00000000E+02  5.57707839E+02
 -3.00000000E+02  5.78366285E+02
 -3.00000000E+02  5.99019315E+02
 -3.00000000E+02  6.19677761E+02
 -3.00000000E+02  6.40330790E+02
 -3.00000000E+02  6.60989236E+02
 -3.00000000E+02  6.81642266E+02
 -3.00000000E+02  7.02300712E+02
 -3.00000000E+02  7.22953741E+02
 -3.00000000E+02  7.43612187E+02
 -3.00000000E+02  7.64265216E+02
 -3.00000000E+02  7.84923662E+02
 -3.00000000E+02  8.05576692E+02
 -3.00000000E+02  8.26235138E+02
 -3.00000000E+02  8.46888167E+02
 -3.00000000E+02  8.67546613E+02
 -3.00000000E+02  8.88199643E+02
 -3.00000000E+02  9.08858089E+02
 -3.00000000E+02  9.29511118E+02
 -3.00000000E+02  9.50169564E+02
 -3.00000000E+02  9.70822593E+02
 -3.00000000E+02  9.91481039E+02
 -3.00000000E+02  1.01213407E+03
 -3.00000000E+02  1.03279251E+03
 -3.00000000E+02  1.05344554E+03
 -3.00000000E+02  1.07410399E+03
 -3.00000000E+02  1.09475702E+03
 -3.00000000E+02  1.11541547E+03
 -3.00000000E+02  1.13606850E+03
 -3.00000000E+02  1.15672694E+03
 -3.00000000E+02  1.17737997E+03
 -3.00000000E+02  1.19803842E+03
 -3.00000000E+02  1.21869145E+03
 -3.00000000E+02  1.23934989E+03
 -3.20711570E+02  1.23934989E+03
 -3.62140141E+02  1.23934989E+03
 -4.03568713E+02  1.23934989E+03
 -4.44997284E+02  1.23934989E+03
 -4.86425855E+02  1.23934989E+03
 -5.00000000E+02  1.23934989E+03
 -5.00000000E+02  1.22581411E+03
 -5.00000000E+02  1.19803842E+03
 -5.00000000E+02  1.18450264E+03
 -5.00000000E+02  1.15672694E+03
 -5.00000000E+02  1.14319116E+03
 -5.00000000E+02  1.11541547E+03
 -5.00000000E+02  1.10187969E+03
 -5.00000000E+02  1.07410399E+03
 -5.00000000E+02  1.06056821E+03
 -5.00000000E+02  1.03279251E+03
 -5.00000000E+02  1.01925674E+03
 -5.00000000E+02  9.91481039E+02
 -5.00000000E+02  9.77945262E+02
 -5.00000000E+02  9.50169564E+02
 -5.00000000E+02  9.36633786E+02
 -5.00000000E+02  9.08858089E+02
 -5.00000000E+02  8.95322311E+02
 -5.00000000E+02  8.67546613E+02
 -5.00000000E+02  8.54010835E+02
 -5.00000000E+02  8.26235138E+02
 -5.00000000E+02  8.12699360E+02
 -5.00000000E+02  7.84923662E+02
 -5.00000000E+02  7.71387885E+02
 -5.00000000E+02  7.43612187E+02
 -5.00000000E+02  7.30076409E+02
 -5.00000000E+02  7.02300712E+02
 -5.00000000E+02  6.88764934E+02
 -5.00000000E+02  6.60989236E+02
 -5.00000000E+02  6.47453458E+02
 -5.00000000E+02  6.19677761E+02
 -5.00000000E+02  6.06141983E+02
 -5.00000000E+02  5.78366285E+02
 -5.00000000E+02  5.64830507E+02
 -5.00000000E+02  5.37054810E+02
 -5.00000000E+02  5.23519032E+02
 -5.00000000E+02  4.95743335E+02
 -5.00000000E+02  4.82207557E+02
 -5.00000000E+02  4.54431859E+02
 -5.00000000E+02  4.40896081E+02
 -5.00000000E+02  4.13120384E+02
 -5.00000000E+02  3.99584606E+02
 -5.00000000E+02  3.71808908E+02
 -5.00000000E+02  3.58273130E+02
 -5.00000000E+02  3.30497433E+02
 -5.00000000E+02  3.16961655E+02
 -5.00000000E+02  2.89185957E+02
 -5.00000000E+02  2.75650180E+02
 -5.00000000E+02  2.47874482E+02
 -5.00000000E+02  2.34338704E+02
 -5.00000000E+02  2.06563007E+02
 -5.00000000E+02  1.93027229E+02
 -5.00000000E+02  1.65251531E+02
 -5.00000000E+02  1.51715753E+02
 -5.00000000E+02  1.23940056E+02
 -5.00000000E+02  1.10404278E+02
 -5.00000000E+02  8.26285804E+01
 -5.00000000E+02  6.90928025E+01
 -5.00000000E+02  4.13171050E+01
 -5.00000000E+02  2.77813271E+01
 -5.00000000E+02  5.62962936E-03
 -5.00000000E+02 -1.35301483E+01
 -5.00000000E+02 -4.13058458E+01
 -5.00000000E+02 -5.48416237E+01
 -5.00000000E+02 -8.26173212E+01
 -5.00000000E+02 -9.61530991E+01
 -5.00000000E+02 -1.23928797E+02
 -5.00000000E+02 -1.37464575E+02
 -5.00000000E+02 -1.65240272E+02
 -5.00000000E+02 -1.78776050E+02
 -5.00000000E+02 -2.06551747E+02
 -5.00000000E+02 -2.20087525E+02
 -5.00000000E+02 -2.47863223E+02
 -5.00000000E+02 -2.61399001E+02
 -5.00000000E+02 -2.89174698E+02
 -5.00000000E+02 -3.02710476E+02
 -5.00000000E+02 -3.30486174E+02
 -5.00000000E+02 -3.44021952E+02
 -5.00000000E+02 -3.71797649E+02
 -5.00000000E+02 -3.85333427E+02
 -5.00000000E+02 -4.13109124E+02
 -5.00000000E+02 -4.26644902E+02
 -5.00000000E+02 -4.54420600E+02
 -5.00000000E+02 -4.67956378E+02
 -5.00000000E+02 -4.95732075E+02
 -5.00000000E+02 -5.09267853E+02
 -5.00000000E+02 -5.37043551E+02
 -5.00000000E+02 -5.50579329E+02
 -5.00000000E+02 -5.78355026E+02
 -5.00000000E+02 -5.91890804E+02
 -5.00000000E+02 -6.19666502E+02
 -5.00000000E+02 -6.33202279E+02
 -5.00000000E+02 -6.60977977E+02
 -5.00000000E+02 -6.74513755E+02
 -5.00000000E+02 -7.02289452E+02
 -5.00000000E+02 -7.15825230E+02
 -5.00000000E+02 -7.43600928E+02
 -5.00000000E+02 -7.57136706E+02
 -5.00000000E+02 -7.84912403E+02
 -5.00000000E+02 -7.98448181E+02
 -5.00000000E+02 -8.26223879E+02
 -5.00000000E+02 -8.39759656E+02
 -5.00000000E+02 -8.67535354E+02
 -5.00000000E+02 -8.81071132E+02
 -5.00000000E+02 -9.08846829E+02
 -5.00000000E+02 -9.22382607E+02
 -5.00000000E+02 -9.50158305E+02
 -5.00000000E+02 -9.63694083E+02
 -5.00000000E+02 -9.91469780E+02
 -5.00000000E+02 -1.00500556E+03
 -5.00000000E+02 -1.03278126E+03
 -5.00000000E+02 -1.04631703E+03
 -5.00000000E+02 -1.07409273E+03
 -5.00000000E+02 -1.08762851E+03
 -5.00000000E+02 -1.11540421E+03
 -5.00000000E+02 -1.12893998E+03
 -5.00000000E+02 -1.15671568E+03
 -5.00000000E+02 -1.17025146E+03
 -5.00000000E+02 -1.19802716E+03
 -5.00000000E+02 -1.21156294E+03
 -5.00000000E+02 -1.23933863E+03

hb:   line clip z  
frame:
 -1.3999973E+03 -1.1999945E+03
  8.0000267E+02 -1.1999945E+03
  8.0000267E+02  1.2000055E+03
 -1.3999973E+03  1.2000055E+03
clip:
 -2.79282998E+02 -1.23933863E+03
  0.00000000E+00 -1.23933863E+03
  0.00000000E+00 -1.20871387E+03
  0.00000000E+00 -1.19802716E+03
  0.00000000E+00 -1.16740239E+03
  0.00000000E+00 -1.15671568E+03
  0.00000000E+00 -1.12609092E+03
  0.00000000E+00 -1.11540421E+03
  0.00000000E+00 -1.08477944E+03
  0.00000000E+00 -1.07409273E+03
  0.00000000E+00 -1.04346797E+03
  0.00000000E+00 -1.03278126E+03
  0.00000000E+00 -1.00215649E+03
  0.00000000E+00 -9.91469780E+02
  0.00000000E+00 -9.60845015E+02
  0.00000000E+00 -9.50158305E+02
  0.00000000E+00 -9.19533540E+02
  0.00000000E+00 -9.08846829E+02
  0.00000000E+00 -8.78222065E+02
  0.00000000E+00 -8.67535354E+02
  0.00000000E+00 -8.36910589E+02
  0.00000000E+00 -8.26223879E+02
  0.00000000E+00 -7.95599114E+02
  0.00000000E+00 -7.84912403E+02
  0.00000000E+00 -7.54287638E+02
  0.00000000E+00 -7.43600928E+02
  0.00000000E+00 -7.12976163E+02
  0.00000000E+00 -7.02289452E+02
  0.00000000E+00 -6.71664688E+02
  0.00000000E+00 -6.60977977E+02
  0.00000000E+00 -6.30353212E+02
  0.00000000E+00 -6.19666502E+02
  0.00000000E+00 -5.89041737E+02
  0.00000000E+00 -5.78355026E+02
  0.00000000E+00 -5.47730261E+02
  0.00000000E+00 -5.37043551E+02
  0.00000000E+00 -5.06418786E+02
  0.00000000E+00 -4.95732075E+02
  0.00000000E+00 -4.65107311E+02
  0.00000000E+00 -4.54420600E+02
  0.00000000E+00 -4.23795835E+02
  0.00000000E+00 -4.13109124E+02
  0.00000000E+00 -3.82484360E+02
  0.00000000E+00 -3.71797649E+02
  0.00000000E+00 -3.41172884E+02
  0.00000000E+00 -3.30486174E+02
  0.00000000E+00 -2.99861409E+02
  0.00000000E+00 -2.89174698E+02
  0.00000000E+00 -2.58549933E+02
  0.00000000E+00 -2.47863223E+02
  0.00000000E+00 -2.17238458E+02
  0.00000000E+00 -2.06551747E+02
  0.00000000E+00 -1.75926983E+02
  0.00000000E+00 -1.65240272E+02
  0.00000000E+00 -1.34615507E+02
  0.00000000E+00 -1.23928797E+02
  0.00000000E+00 -9.33040318E+01
  0.00000000E+00 -8.26173212E+01
  0.00000000E+00 -5.19925564E+01
  0.00000000E+00 -4.13058458E+01
  0.00000000E+00 -1.06810810E+01
  0.00000000E+00  5.62962936E-03
  0.00000000E+00  3.06303944E+01
  0.00000000E+00  4.13171050E+01
  0.00000000E+00  7.19418698E+01
  0.00000000E+00  8.26285804E+01
  0.00000000E+00  1.13253345E+02
  0.00000000E+00  1.23940056E+02
  0.00000000E+00  1.54564821E+02
  0.00000000E+00  1.65251531E+02
  0.00000000E+00  1.95876296E+02
  0.00000000E+00  2.06563007E+02
  0.00000000E+00  2.37187771E+02
  0.00000000E+00  2.47874482E+02
  0.00000000E+00  2.78499247E+02
  0.00000000E+00  2.89185957E+02
  0.00000000E+00  3.19810722E+02
  0.00000000E+00  3.30497433E+02
  0.00000000E+00  3.61122198E+02
  0.00000000E+00  3.71808908E+02
  0.00000000E+00  4.02433673E+02
  0.00000000E+00  4.13120384E+02
  0.00000000E+00  4.43745149E+02
  0.00000000E+00  4.54431859E+02
  0.00000000E+00  4.85056624E+02
  0.00000000E+00  4.95743335E+02
  0.00000000E+00  5.26368099E+02
  0.00000000E+00  5.37054810E+02
  0.00000000E+00  5.67679575E+02
  0.00000000E+00  5.78366285E+02
  0.00000000E+00  6.08991050E+02
  0.00000000E+00  6.19677761E+02
  0.00000000E+00  6.50302526E+02
  0.00000000E+00  6.60989236E+02
  0.00000000E+00  6.91614001E+02
  0.00000000E+00  7.02300712E+02
  0.00000000E+00  7.32925476E+02
  0.00000000E+00  7.43612187E+02
  0.00000000E+00  7.74236952E+02
  0.00000000E+00  7.84923662E+02
  0.00000000E+00  8.15548427E+02
  0.00000000E+00  8.26235138E+02
  0.00000000E+00  8.56859903E+02
  0.00000000E+00  8.67546613E+02
  0.00000000E+00  8.98171378E+02
  0.00000000E+00  9.08858089E+02
  0.00000000E+00  9.39482853E+02
  0.00000000E+00  9.50169564E+02
  0.00000000E+00  9.80794329E+02
  0.00000000E+00  9.91481039E+02
  0.00000000E+00  1.02210580E+03
  0.00000000E+00  1.03279251E+03
  0.00000000E+00  1.06341728E+03
  0.00000000E+00  1.07410399E+03
  0.00000000E+00  1.10472876E+03
  0.00000000E+00  1.11541547E+03
  0.00000000E+00  1.14604023E+03
  0.00000000E+00  1.15672694E+03
  0.00000000E+00  1.18735171E+03
  0.00000000E+00  1.19803842E+03
  0.00000000E+00  1.22866318E+03
  0.00000000E+00  1.23934989E+03
 -3.07115697E+01  1.23934989E+03
 -7.21401411E+01  1.23934989E+03
 -1.13568713E+02  1.23934989E+03
 -1.54997284E+02  1.23934989E+03
 -1.96425855E+02  1.23934989E+03
 -2.37854427E+02  1.23934989E+03
 -2.79282998E+02  1.23934989E+03
 -3.00000000E+02  1.23934989E+03
 -3.00000000E+02  1.21869145E+03
 -3.00000000E+02  1.19803842E+03
 -3.00000000E+02  1.17737997E+03
 -3.00000000E+02  1.15672694E+03
 -3.00000000E+02  1.13606850E+03
 -3.00000000E+02  1.11541547E+03
 -3.00000000E+02  1.09475702E+03
 -3.00000000E+02  1.07410399E+03
 -3.00000000E+02  1.05344554E+03
 -3.00000000E+02  1.03279251E+03
 -3.00000000E+02  1.01213407E+03
 -3.00000000E+02  9.91481039E+02
 -3.00000000E+02  9.70822593E+02
 -3.00000000E+02  9.50169564E+02
 -3.00000000E+02  9.29511118E+02
 -3.00000000E+02  9.08858089E+02
 -3.00000000E+02  8.88199643E+02
 -3.00000000E+02  8.67546613E+02
 -3.00000000E+02  8.46888167E+02
 -3.00000000E+02  8.26235138E+02
 -3.00000000E+02  8.05576692E+02
 -3.00000000E+02  7.84923662E+02
 -3.00000000E+02  7.64265216E+02
 -3.00000000E+02  7.43612187E+02
 -3.00000000E+02  7.22953741E+02
 -3.00000000E+02  7.02300712E+02
 -3.00000000E+02  6.81642266E+02
 -3.00000000E+02  6.60989236E+02
 -3.00000000E+02  6.40330790E+02
 -3.00000000E+02  6.19677761E+02
 -3.00000000E+02  5.99019315E+02
 -3.00000000E+02  5.78366285E+02
 -3.00000000E+02  5.57707839E+02
 -3.00000000E+02  5.37054810E+02
 -3.00000000E+02  5.16396364E+02
 -3.00000000E+02  4.95743335E+02
 -3.00000000E+02  4.75084888E+02
 -3.00000000E+02  4.54431859E+02
 -3.00000000E+02  4.33773413E+02
 -3.00000000E+02  4.13120384E+02
 -3.00000000E+02  3.92461938E+02
 -3.00000000E+02  3.71808908E+02
 -3.00000000E+02  3.51150462E+02
 -3.00000000E+02  3.30497433E+02
 -3.00000000E+02  3.09838987E+02
 -3.00000000E+02  2.89185957E+02
 -3.00000000E+02  2.68527511E+02
 -3.00000000E+02  2.47874482E+02
 -3.00000000E+02  2.27216036E+02
 -3.00000000E+02  2.06563007E+02
 -3.00000000E+02  1.85904561E+02
 -3.00000000E+02  1.65251531E+02
 -3.00000000E+02  1.44593085E+02
 -3.00000000E+02  1.23940056E+02
 -3.00000000E+02  1.03281610E+02
 -3.00000000E+02  8.26285804E+01
 -3.00000000E+02  6.19701344E+01
 -3.00000000E+02  4.13171050E+01
 -3.00000000E+02  2.06586590E+01
 -3.00000000E+02  5.62962936E-03
 -3.00000000E+02 -2.06528164E+01
 -3.00000000E+02 -4.13058458E+01
 -3.00000000E+02 -6.19642919E+01
 -3.00000000E+02 -8.26173212E+01
 -3.00000000E+02 -1.03275767E+02
 -3.00000000E+02 -1.23928797E+02
 -3.00000000E+02 -1.44587243E+02
 -3.00000000E+02 -1.65240272E+02
 -3.00000000E+02 -1.85898718E+02
 -3.00000000E+02 -2.06551747E+02
 -3.00000000E+02 -2.27210193E+02
 -3.00000000E+02 -2.47863223E+02
 -3.00000000E+02 -2.68521669E+02
 -3.00000000E+02 -2.89174698E+02
 -3.00000000E+02 -3.09833144E+02
 -3.00000000E+02 -3.30486174E+02
 -3.00000000E+02 -3.51144620E+02
 -3.00000000E+02 -3.71797649E+02
 -3.00000000E+02 -3.92456095E+02
 -3.00000000E+02 -4.13109124E+02
 -3.00000000E+02 -4.33767571E+02
 -3.00000000E+02 -4.54420600E+02
 -3.00000000E+02 -4.75079046E+02
 -3.00000000E+02 -4.95732075E+02
 -3.00000000E+02 -5.16390521E+02
 -3.00000000E+02 -5.37043551E+02
 -3.00000000E+02 -5.57701997E+02
 -3.00000000E+02 -5.78355026E+02
 -3.00000000E+02 -5.99013472E+02
 -3.00000000E+02 -6.19666502E+02
 -3.00000000E+02 -6.40324948E+02
 -3.00000000E+02 -6.60977977E+02
 -3.00000000E+02 -6.81636423E+02
 -3.00000000E+02 -7.02289452E+02
 -3.00000000E+02 -7.22947898E+02
 -3.00000000E+02 -7.43600928E+02
 -3.00000000E+02 -7.64259374E+02
 -3.00000000E+02 -7.84912403E+02
 -3.00000000E+02 -8.05570849E+02
 -3.00000000E+02 -8.26223879E+02
 -3.00000000E+02 -8.46882325E+02
 -3.00000000E+02 -8.67535354E+02
 -3.00000000E+02 -8.88193800E+02
 -3.00000000E+02 -9.08846829E+02
 -3.00000000E+02 -9.29505275E+02
 -3.00000000E+02 -9.50158305E+02
 -3.00000000E+02 -9.70816751E+02
 -3.00000000E+02 -9.91469780E+02
 -3.00000000E+02 -1.01212823E+03
 -3.00000000E+02 -1.03278126E+03
 -3.00000000E+02 -1.05343970E+03
 -3.00000000E+02 -1.07409273E+03
 -3.00000000E+02 -1.09475118E+03
 -3.00000000E+02 -1.11540421E+03
 -3.00000000E+02 -1.13606265E+03
 -3.00000000E+02 -1.15671568E+03
 -3.00000000E+02 -1.17737413E+03
 -3.00000000E+02 -1.19802716E+03
 -3.00000000E+02 -1.21868560E+03
 -3.00000000E+02 -1.23933863E+03

hb:   line clip z  
frame:
 -1.3999973E+03 -1.1999945E+03
  8.0000267E+02 -1.1999945E+03
  8.0000267E+02  1.2000055E+03
 -1.3999973E+03  1.2000055E+03
clip:
  1.07170018E+01 -1.23933863E+03
  8.39288430E+02 -1.23933863E+03
  8.39288430E+02 -1.19802716E+03
  8.39288430E+02 -1.15671568E+03
  8.39288430E+02 -1.11540421E+03
  8.39288430E+02 -1.07409273E+03
  8.39288430E+02 -1.03278126E+03
  8.39288430E+02 -9.91469780E+02
  8.39288430E+02 -9.50158305E+02
  8.39288430E+02 -9.08846829E+02
  8.39288430E+02 -8.67535354E+02
  8.39288430E+02 -8.26223879E+02
  8.39288430E+02 -7.84912403E+02
  8.39288430E+02 -7.43600928E+02
  8.39288430E+02 -7.02289452E+02
  8.39288430E+02 -6.60977977E+02
  8.39288430E+02 -6.19666502E+02
  8.39288430E+02 -5.78355026E+02
  8.39288430E+02 -5.37043551E+02
  8.39288430E+02 -4.95732075E+02
  8.39288430E+02 -4.54420600E+02
  8.39288430E+02 -4.13109124E+02
  8.39288430E+02 -3.71797649E+02
  8.39288430E+02 -3.30486174E+02
  8.39288430E+02 -2.89174698E+02
  8.39288430E+02 -2.47863223E+02
  8.39288430E+02 -2.06551747E+02
  8.39288430E+02 -1.65240272E+02
  8.39288430E+02 -1.23928797E+02
  8.39288430E+02 -8.26173212E+01
  8.39288430E+02 -4.13058458E+01
  8.39288430E+02  5.62962936E-03
  8.39288430E+02  4.13171050E+01
  8.39288430E+02  8.26285804E+01
  8.39288430E+02  1.23940056E+02
  8.39288430E+02  1.65251531E+02
  8.39288430E+02  2.06563007E+02
  8.39288430E+02  2.47874482E+02
  8.39288430E+02  2.89185957E+02
  8.39288430E+02  3.30497433E+02
  8.39288430E+02  3.71808908E+02
  8.39288430E+02  4.13120384E+02
  8.39288430E+02  4.54431859E+02
  8.39288430E+02  4.95743335E+02
  8.39288430E+02  5.37054810E+02
  8.39288430E+02  5.78366285E+02
  8.39288430E+02  6.19677761E+02
  8.39288430E+02  6.60989236E+02
  8.39288430E+02  7.02300712E+02
  8.39288430E+02  7.43612187E+02
  8.39288430E+02  7.84923662E+02
  8.39288430E+02  8.26235138E+02
  8.39288430E+02  8.67546613E+02
  8.39288430E+02  9.08858089E+02
  8.39288430E+02  9.50169564E+02
  8.39288430E+02  9.91481039E+02
  8.39288430E+02  1.03279251E+03
  8.39288430E+02  1.07410399E+03
  8.39288430E+02  1.11541547E+03
  8.39288430E+02  1.15672694E+03
  8.39288430E+02  1.19803842E+03
  8.39288430E+02  1.23934989E+03
  7.97859859E+02  1.23934989E+03
  7.56431287E+02  1.23934989E+03
  7.15002716E+02  1.23934989E+03
  6.73574145E+02  1.23934989E+03
  6.32145573E+02  1.23934989E+03
  5.90717002E+02  1.23934989E+03
  5.49288430E+02  1.23934989E+03
  5.07859859E+02  1.23934989E+03
  4.66431287E+02  1.23934989E+03
  4.25002716E+02  1.23934989E+03
  3.83574145E+02  1.23934989E+03
  3.42145573E+02  1.23934989E+03
  3.00717002E+02  1.23934989E+03
  2.59288430E+02  1.23934989E+03
  2.17859859E+02  1.23934989E+03
  1.76431287E+02  1.23934989E+03
  1.35002716E+02  1.23934989E+03
  9.35741446E+01  1.23934989E+03
  5.21455732E+01  1.23934989E+03
  1.07170018E+01  1.23934989E+03
  0.00000000E+00  1.23934989E+03
  0.00000000E+00  1.22866318E+03
  0.00000000E+00  1.19803842E+03
  0.00000000E+00  1.18735171E+03
  0.00000000E+00  1.15672694E+03
  0.00000000E+00  1.14604023E+03
  0.00000000E+00  1.11541547E+03
  0.00000000E+00  1.10472876E+03
  0.00000000E+00  1.07410399E+03
  0.00000000E+00  1.06341728E+03
  0.00000000E+00  1.03279251E+03
  0.00000000E+00  1.02210580E+03
  0.00000000E+00  9.91481039E+02
  0.00000000E+00  9.80794329E+02
  0.00000000E+00  9.50169564E+02
  0.00000000E+00  9.39482853E+02
  0.00000000E+00  9.08858089E+02
  0.00000000E+00  8.98171378E+02
  0.00000000E+00  8.67546613E+02
  0.00000000E+00  8.56859903E+02
  0.00000000E+00  8.26235138E+02
  0.00000000E+00  8.15548427E+02
  0.00000000E+00  7.84923662E+02
  0.00000000E+00  7.74236952E+02
  0.00000000E+00  7.43612187E+02
  0.00000000E+00  7.32925476E+02
  0.00000000E+00  7.02300712E+02
  0.00000000E+00  6.91614001E+02
  0.00000000E+00  6.60989236E+02
  0.00000000E+00  6.50302526E+02
  0.00000000E+00  6.19677761E+02
  0.00000000E+00  6.08991050E+02
  0.00000000E+00  5.78366285E+02
  0.00000000E+00  5.67679575E+02
  0.00000000E+00  5.37054810E+02
  0.00000000E+00  5.26368099E+02
  0.00000000E+00  4.95743335E+02
  0.00000000E+00  4.85056624E+02
  0.00000000E+00  4.54431859E+02
  0.00000000E+00  4.43745149E+02
  0.00000000E+00  4.13120384E+02
  0.00000000E+00  4.02433673E+02
  0.00000000E+00  3.71808908E+02
  0.00000000E+00  3.61122198E+02
  0.00000000E+00  3.30497433E+02
  0.00000000E+00  3.19810722E+02
  0.00000000E+00  2.89185957E+02
  0.00000000E+00  2.78499247E+02
  0.00000000E+00  2.47874482E+02
  0.00000000E+00  2.37187771E+02
  0.00000000E+00  2.06563007E+02
  0.00000000E+00  1.95876296E+02
  0.00000000E+00  1.65251531E+02
  0.00000000E+00  1.54564821E+02
  0.00000000E+00  1.23940056E+02
  0.00000000E+00  1.13253345E+02
  0.00000000E+00  8.26285804E+01
  0.00000000E+00  7.19418698E+01
  0.00000000E+00  4.13171050E+01
  0.00000000E+00  3.06303944E+01
  0.00000000E+00  5.62962936E-03
  0.00000000E+00 -1.06810810E+01
  0.00000000E+00 -4.13058458E+01
  0.00000000E+00 -5.19925564E+01
  0.00000000E+00 -8.26173212E+01
  0.00000000E+00 -9.33040318E+01
  0.00000000E+00 -1.23928797E+02
  0.00000000E+00 -1.34615507E+02
  0.00000000E+00 -1.65240272E+02
  0.00000000E+00 -1.75926983E+02
  0.00000000E+00 -2.06551747E+02
  0.00000000E+00 -2.17238458E+02
  0.00000000E+00 -2.47863223E+02
  0.00000000E+00 -2.58549933E+02
  0.00000000E+00 -2.89174698E+02
  0.00000000E+00 -2.99861409E+02
  0.00000000E+00 -3.30486174E+02
  0.00000000E+00 -3.41172884E+02
  0.00000000E+00 -3.71797649E+02
  0.00000000E+00 -3.82484360E+02
  0.00000000E+00 -4.13109124E+02
  0.00000000E+00 -4.23795835E+02
  0.00000000E+00 -4.54420600E+02
  0.00000000E+00 -4.65107311E+02
  0.00000000E+00 -4.95732075E+02
  0.00000000E+00 -5.06418786E+02
  0.00000000E+00 -5.37043551E+02
  0.00000000E+00 -5.47730261E+02
  0.00000000E+00 -5.78355026E+02
  0.00000000E+00 -5.89041737E+02
  0.00000000E+00 -6.19666502E+02
  0.00000000E+00 -6.30353212E+02
  0.00000000E+00 -6.60977977E+02
  0.00000000E+00 -6.71664688E+02
  0.00000000E+00 -7.02289452E+02
  0.00000000E+00 -7.12976163E+02
  0.00000000E+00 -7.43600928E+02
  0.00000000E+00 -7.54287638E+02
  0.00000000E+00 -7.84912403E+02
  0.00000000E+00 -7.95599114E+02
  0.00000000E+00 -8.26223879E+02
  0.00000000E+00 -8.36910589E+02
  0.00000000E+00 -8.67535354E+02
  0.00000000E+00 -8.78222065E+02
  0.00000000E+00 -9.08846829E+02
  0.00000000E+00 -9.19533540E+02
  0.00000000E+00 -9.50158305E+02
  0.00000000E+00 -9.60845015E+02
  0.00000000E+00 -9.91469780E+02
  0.00000000E+00 -1.00215649E+03
  0.00000000E+00 -1.03278126E+03
  0.00000000E+00 -1.04346797E+03
  0.00000000E+00 -1.07409273E+03
  0.00000000E+00 -1.08477944E+03
  0.00000000E+00 -1.11540421E+03
  0.00000000E+00 -1.12609092E+03
  0.00000000E+00 -1.15671568E+03
  0.00000000E+00 -1.16740239E+03
  0.00000000E+00 -1.19802716E+03
  0.00000000E+00 -1.20871387E+03
  0.00000000E+00 -1.23933863E+03

hb:   line clip z  
clip:
  5.00000000E+01 -1.67379781E+02
  5.21455732E+01 -2.00000000E+02
  8.70038265E+01 -2.00000000E+02
  9.35741446E+01 -2.00000000E+02
  1.28432398E+02 -2.00000000E+02
  1.35002716E+02 -2.00000000E+02
  1.69860969E+02 -2.00000000E+02
  1.76431287E+02 -2.00000000E+02
  2.11289541E+02 -2.00000000E+02
  2.17859859E+02 -2.00000000E+02
  2.50000000E+02 -1.97289570E+02
  2.50000000E+02 -1.65240272E+02
  2.50000000E+02 -1.33190974E+02
  2.50000000E+02 -1.23928797E+02
  2.50000000E+02 -9.18794982E+01
  2.50000000E+02 -8.26173212E+01
  2.50000000E+02 -5.05680228E+01
  2.50000000E+02 -4.13058458E+01
  2.50000000E+02 -9.25654737E+00
  2.50000000E+02  5.62962936E-03
  2.50000000E+02  3.20549280E+01
  2.50000000E+02  4.13171050E+01
  2.50000000E+02  7.33664035E+01
  2.50000000E+02  8.26285804E+01
  2.50000000E+02  1.14677879E+02
  2.50000000E+02  1.23940056E+02
  2.50000000E+02  1.55989354E+02
  2.50000000E+02  1.65251531E+02
  2.50000000E+02  1.97300830E+02
  2.17859859E+02  2.00000000E+02
  1.83012897E+02  2.00000000E+02
  1.76431287E+02  2.00000000E+02
  1.41584325E+02  2.00000000E+02
  1.35002716E+02  2.00000000E+02
  1.00155754E+02  2.00000000E+02
  9.35741446E+01  2.00000000E+02
  5.87271825E+01  2.00000000E+02
  5.00000000E+01  1.67391040E+02
  5.00000000E+01 -1.65240272E+02

hb:   line clip z  
clip:
 -1.05000000E+03  3.05565386E+02
 -1.02499728E+03  3.00000000E+02
 -9.94413407E+02  3.00000000E+02
 -7.76425855E+02  3.00000000E+02
 -7.50000000E+02  3.04146269E+02
 -7.50000000E+02  3.30497433E+02
 -7.50000000E+02  3.56848597E+02
 -7.50000000E+02  3.71808908E+02
 -7.50000000E+02  3.98160072E+02
 -7.50000000E+02  4.13120384E+02
 -7.50000000E+02  4.39471548E+02
 -7.50000000E+02  4.54431859E+02
 -7.50000000E+02  4.80783023E+02
 -7.50000000E+02  4.95743335E+02
 -7.50000000E+02  5.22094498E+02
 -7.50000000E+02  5.37054810E+02
 -7.50000000E+02  5.63405974E+02
 -7.50000000E+02  5.78366285E+02
 -7.50000000E+02  6.04717449E+02
 -7.50000000E+02  6.19677761E+02
 -7.50000000E+02  6.46028925E+02
 -7.50000000E+02  6.60989236E+02
 -7.50000000E+02  6.87340400E+02
 -7.50000000E+02  7.02300712E+02
 -7.50000000E+02  7.28651875E+02
 -7.50000000E+02  7.43612187E+02
 -7.50000000E+02  7.69963351E+02
 -7.50000000E+02  7.84923662E+02
 -7.61306784E+02  8.00000000E+02
 -7.76425855E+02  8.00000000E+02
 -7.91544926E+02  8.00000000E+02
 -8.17854427E+02  8.00000000E+02
 -8.32973498E+02  8.00000000E+02
 -8.59282998E+02  8.00000000E+02
 -8.74402069E+02  8.00000000E+02
 -9.00711570E+02  8.00000000E+02
 -9.15830641E+02  8.00000000E+02
 -9.42140141E+02  8.00000000E+02
 -9.57259212E+02  8.00000000E+02
 -9.83568713E+02  8.00000000E+02
 -9.98687783E+02  8.00000000E+02
 -1.02499728E+03  8.00000000E+02
 -1.04011635E+03  8.00000000E+02
 -1.05000000E+03  7.84923662E+02
 -1.05000000E+03  7.59991615E+02
 -1.05000000E+03  7.43612187E+02
 -1.05000000E+03  7.18680140E+02
 -1.05000000E+03  7.02300712E+02
 -1.05000000E+03  6.77368665E+02
 -1.05000000E+03  6.60989236E+02
 -1.05000000E+03  6.36057189E+02
 -1.05000000E+03  6.19677761E+02
 -1.05000000E+03  5.94745714E+02
 -1.05000000E+03  5.78366285E+02
 -1.05000000E+03  5.53434238E+02
 -1.05000000E+03  5.37054810E+02
 -1.05000000E+03  5.12122763E+02
 -1.05000000E+03  4.95743335E+02
 -1.05000000E+03  4.70811288E+02
 -1.05000000E+03  4.54431859E+02
 -1.05000000E+03  4.29499812E+02
 -1.05000000E+03  4.13120384E+02
 -1.05000000E+03  3.88188337E+02
 -1.05000000E+03  3.71808908E+02
 -1.05000000E+03  3.46876861E+02
 -1.05000000E+03  3.30497433E+02

hb:   line clip z  
clip:
 -1.00000000E+03  3.55424063E+02
 -9.83568713E+02  3.50000000E+02
 -9.61697988E+02  3.50000000E+02
 -9.42140141E+02  3.50000000E+02
 -9.20269416E+02  3.50000000E+02
 -9.00711570E+02  3.50000000E+02
 -8.78840845E+02  3.50000000E+02
 -8.59282998E+02  3.50000000E+02
 -8.37412273E+02  3.50000000E+02
 -8.17854427E+02  3.50000000E+02
 -8.00000000E+02  3.54004946E+02
 -8.00000000E+02  3.71808908E+02
 -8.00000000E+02  3.89612870E+02
 -8.00000000E+02  4.13120384E+02
 -8.00000000E+02  4.30924346E+02
 -8.00000000E+02  4.54431859E+02
 -8.00000000E+02  4.72235821E+02
 -8.00000000E+02  4.95743335E+02
 -8.00000000E+02  5.13547297E+02
 -8.00000000E+02  5.37054810E+02
 -8.00000000E+02  5.54858772E+02
 -8.00000000E+02  5.78366285E+02
 -8.00000000E+02  5.96170247E+02
 -8.00000000E+02  6.19677761E+02
 -8.00000000E+02  6.37481723E+02
 -8.00000000E+02  6.60989236E+02
 -8.00000000E+02  6.78793198E+02
 -8.00000000E+02  7.02300712E+02
 -8.00000000E+02  7.20104674E+02
 -8.00000000E+02  7.43612187E+02
 -8.11448508E+02  7.50000000E+02
 -8.17854427E+02  7.50000000E+02
 -8.24260346E+02  7.50000000E+02
 -8.59282998E+02  7.50000000E+02
 -8.65688917E+02  7.50000000E+02
 -9.00711570E+02  7.50000000E+02
 -9.07117489E+02  7.50000000E+02
 -9.42140141E+02  7.50000000E+02
 -9.48546060E+02  7.50000000E+02
 -9.83568713E+02  7.50000000E+02
 -9.89974632E+02  7.50000000E+02
 -1.00000000E+03  7.43612187E+02
 -1.00000000E+03  7.27227342E+02
 -1.00000000E+03  7.02300712E+02
 -1.00000000E+03  6.85915866E+02
 -1.00000000E+03  6.60989236E+02
 -1.00000000E+03  6.44604391E+02
 -1.00000000E+03  6.19677761E+02
 -1.00000000E+03  6.03292916E+02
 -1.00000000E+03  5.78366285E+02
 -1.00000000E+03  5.61981440E+02
 -1.00000000E+03  5.37054810E+02
 -1.00000000E+03  5.20669965E+02
 -1.00000000E+03  4.95743335E+02
 -1.00000000E+03  4.79358489E+02
 -1.00000000E+03  4.54431859E+02
 -1.00000000E+03  4.38047014E+02
 -1.00000000E+03  4.13120384E+02
 -1.00000000E+03  3.96735539E+02
 -1.00000000E+03  3.71808908E+02

hb:   line clip z  
frame:
 -1.3999973E+03 -1.1999945E+03
  8.0000267E+02 -1.1999945E+03
  8.0000267E+02  1.2000055E+03
 -1.3999973E+03  1.2000055E+03
clip:
 -1.43928300E+03  4.22450531E+02
 -1.42950750E+03  4.54431859E+02
 -1.41571132E+03  4.95743335E+02
 -1.40056136E+03  5.37054810E+02
 -1.38805591E+03  5.68595461E+02
 -1.37369959E+03  6.02452849E+02
 -1.35642586E+03  6.40397454E+02
 -1.34651150E+03  6.60989236E+02
 -1.32543340E+03  7.02300712E+02
 -1.30714418E+03  7.35781280E+02
 -1.28542266E+03  7.73103222E+02
 -1.27356871E+03  7.92478854E+02
 -1.26046139E+03  8.13164860E+02
 -1.23214014E+03  8.55471024E+02
 -1.22366780E+03  8.67546613E+02
 -1.20119550E+03  8.98403791E+02
 -1.19071157E+03  9.12253231E+02
 -1.17406936E+03  9.33574391E+02
 -1.16067989E+03  9.50169564E+02
 -1.14928300E+03  9.63923539E+02
 -1.13660584E+03  9.78839708E+02
 -1.10785443E+03  1.01126583E+03
 -1.08781415E+03  1.03279251E+03
 -1.06642586E+03  1.05486297E+03
 -1.04704375E+03  1.07410399E+03
 -1.02499728E+03  1.09516235E+03
 -1.00291991E+03  1.11541547E+03
 -9.70521581E+02  1.14371669E+03
 -9.42140141E+02  1.16720690E+03
 -9.02609524E+02  1.19803842E+03
 -8.77701331E+02  1.21640469E+03
 -8.44992216E+02  1.23934989E+03
 -8.59282998E+02  1.23934989E+03
 -9.00711570E+02  1.23934989E+03
 -9.42140141E+02  1.23934989E+03
 -9.83568713E+02  1.23934989E+03
 -1.02499728E+03  1.23934989E+03
 -1.06642586E+03  1.23934989E+03
 -1.10785443E+03  1.23934989E+03
 -1.14928300E+03  1.23934989E+03
 -1.19071157E+03  1.23934989E+03
 -1.23214014E+03  1.23934989E+03
 -1.27356871E+03  1.23934989E+03
 -1.31499728E+03  1.23934989E+03
 -1.35642586E+03  1.23934989E+03
 -1.39785443E+03  1.23934989E+03
 -1.43928300E+03  1.23934989E+03
 -1.43928300E+03  1.19803842E+03
 -1.43928300E+03  1.15672694E+03
 -1.43928300E+03  1.11541547E+03
 -1.43928300E+03  1.07410399E+03
 -1.43928300E+03  1.03279251E+03
 -1.43928300E+03  9.91481039E+02
 -1.43928300E+03  9.50169564E+02
 -1.43928300E+03  9.08858089E+02
 -1.43928300E+03  8.67546613E+02
 -1.43928300E+03  8.26235138E+02
 -1.43928300E+03  7.84923662E+02
 -1.43928300E+03  7.43612187E+02
 -1.43928300E+03  7.02300712E+02
 -1.43928300E+03  6.60989236E+02
 -1.43928300E+03  6.19677761E+02
 -1.43928300E+03  5.78366285E+02
 -1.43928300E+03  5.37054810E+02
 -1.43928300E+03  4.95743335E+02
 -1.43928300E+03  4.54431859E+02

#------------------------------------------------------------------------------
z: xorg(1.03)
p: xfac[c2*0.05] form[c1/0.05] notc noxt noyt dmin(1)
p: ymin(0) ymax(1) xmin(0) xmax(1) cmin(1) cmax(100) nosp
hc: y= 0.005 to 0.995 by 0.01 ; x= 0.5 to 0.5 by 1 ;
 1  2  3  4  5  6  7  8  9 10 11 12 13 14 15 16 17 18 19 20
21 22 23 24 25 26 27 28 29 30 31 32 33 34 35 36 37 38 39 40
41 42 43 44 45 46 47 48 49 50 51 52 53 54 55 56 57 58 59 60
61 62 63 64 65 66 67 68 69 70 71 72 73 74 75 76 77 78 79 80
81 82 83 84 85 86 87 88 89 90 91 92 93 94 95 96 97 98 99 100
z: xorg(0.0)
p: xfac[c2*0.05] form[c1/0.05] nosp afac[c5*0.625] ymin[c3] ymax[c4]
p: noxt noxn ytxt(-1) ynum(-1) xltd(-1) xstd(-1) itic(1) ylog
y: Flux [1/cm^2/source]              
#------------------------------------------------------------------------------

wt: s[c5]
\vspace{-3}
  emin  &=&   1.0000E-09 [MeV/n]
  emax  &=&   1.0000E+06 [MeV/n]
  ymin  &=&  -3.0000E+02 [cm]
  ymax  &=&   3.0000E+02 [cm]
  part. &=& neutron 
e:

#------------------------------------------------------------------------------
z: xorg[-1.03/0.05]
p: form[c1] xfac[c2] afac[c5] nosp notf
p: xmin( -1400.000    ) xmax(  800.0000    )
p: ymin( -1200.000    ) ymax(  1200.000    )
 
# Information for Restart Calculation
# This calculation was newly started
# istdev =  2 # 1:Batch variance, 2:History variance
# resc2  = 4.91896166728404520E-03 # Total source weight or Total source weight / maxcas
# resc3  = 5.00000000000000000E+03 # Total history number or Total batch number
# maxcas =         500 # History / Batch, only used for istdev=1
# bitrseed = 1101111111001101100001000101010101010011110110101000101010011110 # bit data of rseed
