[ T-Track ]
    title = Flux spectra, deep cavity 12 mwe [1/cm2/s]
     mesh =  reg            # mesh type is region-wise
      reg = 111 221 220
   e-type =    3            # e-mesh is log given by emin, emax and ne
     emin =  1.0000000E-09  # minimum value of e-mesh points
     emax =   1000000.      # maximum value of e-mesh points
#    edel =  0.4605170      # mesh width of e-mesh points
       ne =     75          # number of e-mesh points
#    data = ( e(i), i = 1, ne + 1 )
#           1.00000E-09  1.58489E-09  2.51189E-09  3.98107E-09  6.30957E-09
#           1.00000E-08  1.58489E-08  2.51189E-08  3.98107E-08  6.30957E-08
#           1.00000E-07  1.58489E-07  2.51189E-07  3.98107E-07  6.30957E-07
#           1.00000E-06  1.58489E-06  2.51189E-06  3.98107E-06  6.30957E-06
#           1.00000E-05  1.58489E-05  2.51189E-05  3.98107E-05  6.30957E-05
#           1.00000E-04  1.58489E-04  2.51189E-04  3.98107E-04  6.30957E-04
#           1.00000E-03  1.58489E-03  2.51189E-03  3.98107E-03  6.30957E-03
#           1.00000E-02  1.58489E-02  2.51189E-02  3.98107E-02  6.30957E-02
#           1.00000E-01  1.58489E-01  2.51189E-01  3.98107E-01  6.30957E-01
#           1.00000E+00  1.58489E+00  2.51189E+00  3.98107E+00  6.30957E+00
#           1.00000E+01  1.58489E+01  2.51189E+01  3.98107E+01  6.30957E+01
#           1.00000E+02  1.58489E+02  2.51189E+02  3.98107E+02  6.30957E+02
#           1.00000E+03  1.58489E+03  2.51189E+03  3.98107E+03  6.30957E+03
#           1.00000E+04  1.58489E+04  2.51189E+04  3.98107E+04  6.30957E+04
#           1.00000E+05  1.58489E+05  2.51189E+05  3.98107E+05  6.30957E+05
#           1.00000E+06
     unit =    1            # unit is [1/cm^2/source]
 material =  all            # (D=all) number of specific material
     axis =     eng            # axis of output
     file = spectrum_reg.out  # file name of output for the above axis
     part =  neutron    photon    ( muon+      muon-    ) 
# kf/name :  2112       22        ( -13        13       ) 
   epsout =    1            # (D=0) generate eps file by ANGEL
#    used :        main (  %)        temp (  %)       total (  %)
#  memory :          84 (  0)           0 (  0)          84 (  0)

#------------------------------------------------------------------------------
#newpage:
#   no. =  1   reg =    111

x: Energy [MeV/n]
y: Flux [1/cm^2/source]              
p: xlog ylog afac(0.8) form(0.9)
h: n            x            y(neutron ),hh0l n  y(photon  ),hh0dr n  y(p3-group),hh0ub n  
#  e-lower      e-upper        neutron   r.err      photon    r.err      p3-group  r.err 
   1.0000E-09   1.5849E-09   0.0000E+00  0.0000   0.0000E+00  0.0000   0.0000E+00  0.0000
   1.5849E-09   2.5119E-09   0.0000E+00  0.0000   0.0000E+00  0.0000   0.0000E+00  0.0000
   2.5119E-09   3.9811E-09   0.0000E+00  0.0000   0.0000E+00  0.0000   0.0000E+00  0.0000
   3.9811E-09   6.3096E-09   0.0000E+00  0.0000   0.0000E+00  0.0000   0.0000E+00  0.0000
   6.3096E-09   1.0000E-08   0.0000E+00  0.0000   0.0000E+00  0.0000   0.0000E+00  0.0000
   1.0000E-08   1.5849E-08   0.0000E+00  0.0000   0.0000E+00  0.0000   0.0000E+00  0.0000
   1.5849E-08   2.5119E-08   0.0000E+00  0.0000   0.0000E+00  0.0000   0.0000E+00  0.0000
   2.5119E-08   3.9811E-08   0.0000E+00  0.0000   0.0000E+00  0.0000   0.0000E+00  0.0000
   3.9811E-08   6.3096E-08   9.0184E-05  0.7293   0.0000E+00  0.0000   0.0000E+00  0.0000
   6.3096E-08   1.0000E-07   2.7559E-05  1.0000   0.0000E+00  0.0000   0.0000E+00  0.0000
   1.0000E-07   1.5849E-07   0.0000E+00  0.0000   0.0000E+00  0.0000   0.0000E+00  0.0000
   1.5849E-07   2.5119E-07   5.0035E-05  1.0000   0.0000E+00  0.0000   0.0000E+00  0.0000
   2.5119E-07   3.9811E-07   1.5107E-06  1.0000   0.0000E+00  0.0000   0.0000E+00  0.0000
   3.9811E-07   6.3096E-07   0.0000E+00  0.0000   0.0000E+00  0.0000   0.0000E+00  0.0000
   6.3096E-07   1.0000E-06   0.0000E+00  0.0000   0.0000E+00  0.0000   0.0000E+00  0.0000
   1.0000E-06   1.5849E-06   7.3405E-05  1.0000   0.0000E+00  0.0000   0.0000E+00  0.0000
   1.5849E-06   2.5119E-06   0.0000E+00  0.0000   0.0000E+00  0.0000   0.0000E+00  0.0000
   2.5119E-06   3.9811E-06   0.0000E+00  0.0000   0.0000E+00  0.0000   0.0000E+00  0.0000
   3.9811E-06   6.3096E-06   0.0000E+00  0.0000   0.0000E+00  0.0000   0.0000E+00  0.0000
   6.3096E-06   1.0000E-05   0.0000E+00  0.0000   0.0000E+00  0.0000   0.0000E+00  0.0000
   1.0000E-05   1.5849E-05   0.0000E+00  0.0000   0.0000E+00  0.0000   0.0000E+00  0.0000
   1.5849E-05   2.5119E-05   1.0548E-04  1.0000   0.0000E+00  0.0000   0.0000E+00  0.0000
   2.5119E-05   3.9811E-05   0.0000E+00  0.0000   0.0000E+00  0.0000   0.0000E+00  0.0000
   3.9811E-05   6.3096E-05   0.0000E+00  0.0000   0.0000E+00  0.0000   0.0000E+00  0.0000
   6.3096E-05   1.0000E-04   0.0000E+00  0.0000   0.0000E+00  0.0000   0.0000E+00  0.0000
   1.0000E-04   1.5849E-04   7.0870E-06  1.0000   0.0000E+00  0.0000   0.0000E+00  0.0000
   1.5849E-04   2.5119E-04   0.0000E+00  0.0000   0.0000E+00  0.0000   0.0000E+00  0.0000
   2.5119E-04   3.9811E-04   0.0000E+00  0.0000   0.0000E+00  0.0000   0.0000E+00  0.0000
   3.9811E-04   6.3096E-04   5.8786E-05  1.0000   0.0000E+00  0.0000   0.0000E+00  0.0000
   6.3096E-04   1.0000E-03   0.0000E+00  0.0000   0.0000E+00  0.0000   0.0000E+00  0.0000
   1.0000E-03   1.5849E-03   0.0000E+00  0.0000   0.0000E+00  0.0000   0.0000E+00  0.0000
   1.5849E-03   2.5119E-03   0.0000E+00  0.0000   0.0000E+00  0.0000   0.0000E+00  0.0000
   2.5119E-03   3.9811E-03   0.0000E+00  0.0000   0.0000E+00  0.0000   0.0000E+00  0.0000
   3.9811E-03   6.3096E-03   0.0000E+00  0.0000   0.0000E+00  0.0000   0.0000E+00  0.0000
   6.3096E-03   1.0000E-02   0.0000E+00  0.0000   0.0000E+00  0.0000   0.0000E+00  0.0000
   1.0000E-02   1.5849E-02   3.7567E-05  1.0000   0.0000E+00  0.0000   0.0000E+00  0.0000
   1.5849E-02   2.5119E-02   7.8206E-05  0.8400   0.0000E+00  0.0000   0.0000E+00  0.0000
   2.5119E-02   3.9811E-02   0.0000E+00  0.0000   7.1218E-03  0.5375   0.0000E+00  0.0000
   3.9811E-02   6.3096E-02   0.0000E+00  0.0000   1.7583E-02  0.3616   0.0000E+00  0.0000
   6.3096E-02   1.0000E-01   9.2750E-05  1.0000   2.7680E-02  0.2989   0.0000E+00  0.0000
   1.0000E-01   1.5849E-01   4.7613E-05  1.0000   1.3039E-02  0.4009   0.0000E+00  0.0000
   1.5849E-01   2.5119E-01   2.5356E-06  1.0000   1.7840E-02  0.3306   0.0000E+00  0.0000
   2.5119E-01   3.9811E-01   1.5884E-05  0.8698   1.0361E-02  0.5257   0.0000E+00  0.0000
   3.9811E-01   6.3096E-01   0.0000E+00  0.0000   1.1583E-02  0.3805   0.0000E+00  0.0000
   6.3096E-01   1.0000E+00   2.0594E-04  0.5376   1.5055E-02  0.6215   0.0000E+00  0.0000
   1.0000E+00   1.5849E+00   1.5330E-04  0.7193   3.5615E-03  0.6190   0.0000E+00  0.0000
   1.5849E+00   2.5119E+00   1.3408E-04  0.6934   2.0444E-03  0.8705   0.0000E+00  0.0000
   2.5119E+00   3.9811E+00   3.5637E-05  1.0000   4.0294E-03  0.6273   0.0000E+00  0.0000
   3.9811E+00   6.3096E+00   2.2848E-04  0.5252   6.6102E-05  0.7525   0.0000E+00  0.0000
   6.3096E+00   1.0000E+01   1.9205E-04  0.5316   9.0520E-04  0.9844   0.0000E+00  0.0000
   1.0000E+01   1.5849E+01   0.0000E+00  0.0000   4.6651E-03  0.5789   0.0000E+00  0.0000
   1.5849E+01   2.5119E+01   4.5108E-05  1.0000   1.4497E-03  1.0000   0.0000E+00  0.0000
   2.5119E+01   3.9811E+01   9.3633E-05  0.7088   6.3705E-04  1.0000   0.0000E+00  0.0000
   3.9811E+01   6.3096E+01   1.5692E-04  0.5007   0.0000E+00  0.0000   0.0000E+00  0.0000
   6.3096E+01   1.0000E+02   2.7063E-04  0.4629   0.0000E+00  0.0000   1.3815E-04  1.0000
   1.0000E+02   1.5849E+02   3.9422E-04  0.3441   0.0000E+00  0.0000   1.7543E-04  0.7446
   1.5849E+02   2.5119E+02   4.6492E-04  0.3918   8.9128E-04  1.0000   3.3399E-04  0.6638
   2.5119E+02   3.9811E+02   3.1737E-04  0.3572   0.0000E+00  0.0000   4.9469E-04  0.4871
   3.9811E+02   6.3096E+02   1.7855E-04  0.4717   0.0000E+00  0.0000   1.2977E-03  0.3102
   6.3096E+02   1.0000E+03   6.2873E-05  0.7850   0.0000E+00  0.0000   1.6692E-03  0.2957
   1.0000E+03   1.5849E+03   0.0000E+00  0.0000   0.0000E+00  0.0000   6.3005E-04  0.4187
   1.5849E+03   2.5119E+03   0.0000E+00  0.0000   0.0000E+00  0.0000   1.2890E-03  0.3182
   2.5119E+03   3.9811E+03   0.0000E+00  0.0000   0.0000E+00  0.0000   1.9660E-03  0.2658
   3.9811E+03   6.3096E+03   0.0000E+00  0.0000   0.0000E+00  0.0000   2.8846E-03  0.2107
   6.3096E+03   1.0000E+04   0.0000E+00  0.0000   0.0000E+00  0.0000   1.1593E-03  0.3172
   1.0000E+04   1.5849E+04   0.0000E+00  0.0000   0.0000E+00  0.0000   1.3795E-03  0.3215
   1.5849E+04   2.5119E+04   0.0000E+00  0.0000   0.0000E+00  0.0000   7.2599E-04  0.4005
   2.5119E+04   3.9811E+04   0.0000E+00  0.0000   0.0000E+00  0.0000   7.0848E-04  0.5200
   3.9811E+04   6.3096E+04   0.0000E+00  0.0000   0.0000E+00  0.0000   7.3827E-04  0.4461
   6.3096E+04   1.0000E+05   0.0000E+00  0.0000   0.0000E+00  0.0000   1.5190E-04  1.0000
   1.0000E+05   1.5849E+05   0.0000E+00  0.0000   0.0000E+00  0.0000   0.0000E+00  0.0000
   1.5849E+05   2.5119E+05   0.0000E+00  0.0000   0.0000E+00  0.0000   0.0000E+00  0.0000
   2.5119E+05   3.9811E+05   0.0000E+00  0.0000   0.0000E+00  0.0000   2.8806E-05  1.0000
   3.9811E+05   6.3096E+05   0.0000E+00  0.0000   0.0000E+00  0.0000   0.0000E+00  0.0000
   6.3096E+05   1.0000E+06   0.0000E+00  0.0000   0.0000E+00  0.0000   0.0000E+00  0.0000

#   sum over                 3.6223E-03  0.1360   1.3851E-01  0.1453   1.5771E-02  0.0912

'no. =  1,  reg  =    111'
msuc: {\huge Flux spectra, deep cavity 12 mwe [1/cm2/s]}
msdr: {\it plotted by \ANGEL \version}
msdl: {\it calculated by \PHITS  3.36}
wt: s(0.7)
\vspace{-3}
   vol  &=&   9.6000E+07 [cm^3]
e:

#------------------------------------------------------------------------------
 newpage:
#   no. =  2   reg =    221

x: Energy [MeV/n]
y: Flux [1/cm^2/source]              
p: xlog ylog afac(0.8) form(0.9)
h: n            x            y(neutron ),hh0l n  y(photon  ),hh0dr n  y(p3-group),hh0ub n  
#  e-lower      e-upper        neutron   r.err      photon    r.err      p3-group  r.err 
   1.0000E-09   1.5849E-09   0.0000E+00  0.0000   0.0000E+00  0.0000   0.0000E+00  0.0000
   1.5849E-09   2.5119E-09   0.0000E+00  0.0000   0.0000E+00  0.0000   0.0000E+00  0.0000
   2.5119E-09   3.9811E-09   0.0000E+00  0.0000   0.0000E+00  0.0000   0.0000E+00  0.0000
   3.9811E-09   6.3096E-09   0.0000E+00  0.0000   0.0000E+00  0.0000   0.0000E+00  0.0000
   6.3096E-09   1.0000E-08   0.0000E+00  0.0000   0.0000E+00  0.0000   0.0000E+00  0.0000
   1.0000E-08   1.5849E-08   0.0000E+00  0.0000   0.0000E+00  0.0000   0.0000E+00  0.0000
   1.5849E-08   2.5119E-08   0.0000E+00  0.0000   0.0000E+00  0.0000   0.0000E+00  0.0000
   2.5119E-08   3.9811E-08   0.0000E+00  0.0000   0.0000E+00  0.0000   0.0000E+00  0.0000
   3.9811E-08   6.3096E-08   0.0000E+00  0.0000   0.0000E+00  0.0000   0.0000E+00  0.0000
   6.3096E-08   1.0000E-07   0.0000E+00  0.0000   0.0000E+00  0.0000   0.0000E+00  0.0000
   1.0000E-07   1.5849E-07   0.0000E+00  0.0000   0.0000E+00  0.0000   0.0000E+00  0.0000
   1.5849E-07   2.5119E-07   0.0000E+00  0.0000   0.0000E+00  0.0000   0.0000E+00  0.0000
   2.5119E-07   3.9811E-07   0.0000E+00  0.0000   0.0000E+00  0.0000   0.0000E+00  0.0000
   3.9811E-07   6.3096E-07   0.0000E+00  0.0000   0.0000E+00  0.0000   0.0000E+00  0.0000
   6.3096E-07   1.0000E-06   0.0000E+00  0.0000   0.0000E+00  0.0000   0.0000E+00  0.0000
   1.0000E-06   1.5849E-06   0.0000E+00  0.0000   0.0000E+00  0.0000   0.0000E+00  0.0000
   1.5849E-06   2.5119E-06   0.0000E+00  0.0000   0.0000E+00  0.0000   0.0000E+00  0.0000
   2.5119E-06   3.9811E-06   0.0000E+00  0.0000   0.0000E+00  0.0000   0.0000E+00  0.0000
   3.9811E-06   6.3096E-06   0.0000E+00  0.0000   0.0000E+00  0.0000   0.0000E+00  0.0000
   6.3096E-06   1.0000E-05   0.0000E+00  0.0000   0.0000E+00  0.0000   0.0000E+00  0.0000
   1.0000E-05   1.5849E-05   0.0000E+00  0.0000   0.0000E+00  0.0000   0.0000E+00  0.0000
   1.5849E-05   2.5119E-05   0.0000E+00  0.0000   0.0000E+00  0.0000   0.0000E+00  0.0000
   2.5119E-05   3.9811E-05   0.0000E+00  0.0000   0.0000E+00  0.0000   0.0000E+00  0.0000
   3.9811E-05   6.3096E-05   0.0000E+00  0.0000   0.0000E+00  0.0000   0.0000E+00  0.0000
   6.3096E-05   1.0000E-04   0.0000E+00  0.0000   0.0000E+00  0.0000   0.0000E+00  0.0000
   1.0000E-04   1.5849E-04   0.0000E+00  0.0000   0.0000E+00  0.0000   0.0000E+00  0.0000
   1.5849E-04   2.5119E-04   0.0000E+00  0.0000   0.0000E+00  0.0000   0.0000E+00  0.0000
   2.5119E-04   3.9811E-04   0.0000E+00  0.0000   0.0000E+00  0.0000   0.0000E+00  0.0000
   3.9811E-04   6.3096E-04   0.0000E+00  0.0000   0.0000E+00  0.0000   0.0000E+00  0.0000
   6.3096E-04   1.0000E-03   0.0000E+00  0.0000   0.0000E+00  0.0000   0.0000E+00  0.0000
   1.0000E-03   1.5849E-03   0.0000E+00  0.0000   0.0000E+00  0.0000   0.0000E+00  0.0000
   1.5849E-03   2.5119E-03   0.0000E+00  0.0000   0.0000E+00  0.0000   0.0000E+00  0.0000
   2.5119E-03   3.9811E-03   0.0000E+00  0.0000   0.0000E+00  0.0000   0.0000E+00  0.0000
   3.9811E-03   6.3096E-03   0.0000E+00  0.0000   0.0000E+00  0.0000   0.0000E+00  0.0000
   6.3096E-03   1.0000E-02   0.0000E+00  0.0000   0.0000E+00  0.0000   0.0000E+00  0.0000
   1.0000E-02   1.5849E-02   0.0000E+00  0.0000   0.0000E+00  0.0000   0.0000E+00  0.0000
   1.5849E-02   2.5119E-02   0.0000E+00  0.0000   0.0000E+00  0.0000   0.0000E+00  0.0000
   2.5119E-02   3.9811E-02   0.0000E+00  0.0000   0.0000E+00  0.0000   0.0000E+00  0.0000
   3.9811E-02   6.3096E-02   0.0000E+00  0.0000   2.4023E-04  1.0000   0.0000E+00  0.0000
   6.3096E-02   1.0000E-01   0.0000E+00  0.0000   0.0000E+00  0.0000   0.0000E+00  0.0000
   1.0000E-01   1.5849E-01   0.0000E+00  0.0000   4.0516E-04  0.7104   0.0000E+00  0.0000
   1.5849E-01   2.5119E-01   0.0000E+00  0.0000   3.0931E-04  1.0000   0.0000E+00  0.0000
   2.5119E-01   3.9811E-01   0.0000E+00  0.0000   0.0000E+00  0.0000   0.0000E+00  0.0000
   3.9811E-01   6.3096E-01   0.0000E+00  0.0000   1.7574E-04  1.0000   0.0000E+00  0.0000
   6.3096E-01   1.0000E+00   0.0000E+00  0.0000   0.0000E+00  0.0000   0.0000E+00  0.0000
   1.0000E+00   1.5849E+00   0.0000E+00  0.0000   0.0000E+00  0.0000   0.0000E+00  0.0000
   1.5849E+00   2.5119E+00   0.0000E+00  0.0000   0.0000E+00  0.0000   0.0000E+00  0.0000
   2.5119E+00   3.9811E+00   0.0000E+00  0.0000   0.0000E+00  0.0000   0.0000E+00  0.0000
   3.9811E+00   6.3096E+00   0.0000E+00  0.0000   0.0000E+00  0.0000   0.0000E+00  0.0000
   6.3096E+00   1.0000E+01   0.0000E+00  0.0000   0.0000E+00  0.0000   0.0000E+00  0.0000
   1.0000E+01   1.5849E+01   0.0000E+00  0.0000   0.0000E+00  0.0000   0.0000E+00  0.0000
   1.5849E+01   2.5119E+01   0.0000E+00  0.0000   0.0000E+00  0.0000   0.0000E+00  0.0000
   2.5119E+01   3.9811E+01   0.0000E+00  0.0000   0.0000E+00  0.0000   0.0000E+00  0.0000
   3.9811E+01   6.3096E+01   0.0000E+00  0.0000   0.0000E+00  0.0000   0.0000E+00  0.0000
   6.3096E+01   1.0000E+02   0.0000E+00  0.0000   0.0000E+00  0.0000   0.0000E+00  0.0000
   1.0000E+02   1.5849E+02   0.0000E+00  0.0000   0.0000E+00  0.0000   0.0000E+00  0.0000
   1.5849E+02   2.5119E+02   0.0000E+00  0.0000   0.0000E+00  0.0000   4.9832E-04  0.7355
   2.5119E+02   3.9811E+02   0.0000E+00  0.0000   0.0000E+00  0.0000   0.0000E+00  0.0000
   3.9811E+02   6.3096E+02   0.0000E+00  0.0000   0.0000E+00  0.0000   4.7747E-04  0.5921
   6.3096E+02   1.0000E+03   0.0000E+00  0.0000   0.0000E+00  0.0000   7.4689E-04  0.5138
   1.0000E+03   1.5849E+03   0.0000E+00  0.0000   0.0000E+00  0.0000   7.8342E-04  0.4519
   1.5849E+03   2.5119E+03   0.0000E+00  0.0000   0.0000E+00  0.0000   1.9559E-04  0.7161
   2.5119E+03   3.9811E+03   0.0000E+00  0.0000   0.0000E+00  0.0000   2.9821E-04  0.6453
   3.9811E+03   6.3096E+03   0.0000E+00  0.0000   0.0000E+00  0.0000   6.9543E-04  0.4611
   6.3096E+03   1.0000E+04   0.0000E+00  0.0000   0.0000E+00  0.0000   1.3746E-03  0.4181
   1.0000E+04   1.5849E+04   0.0000E+00  0.0000   0.0000E+00  0.0000   7.1864E-04  0.5333
   1.5849E+04   2.5119E+04   0.0000E+00  0.0000   0.0000E+00  0.0000   2.2798E-04  0.8271
   2.5119E+04   3.9811E+04   0.0000E+00  0.0000   0.0000E+00  0.0000   0.0000E+00  0.0000
   3.9811E+04   6.3096E+04   0.0000E+00  0.0000   0.0000E+00  0.0000   0.0000E+00  0.0000
   6.3096E+04   1.0000E+05   0.0000E+00  0.0000   0.0000E+00  0.0000   0.0000E+00  0.0000
   1.0000E+05   1.5849E+05   0.0000E+00  0.0000   0.0000E+00  0.0000   0.0000E+00  0.0000
   1.5849E+05   2.5119E+05   0.0000E+00  0.0000   0.0000E+00  0.0000   0.0000E+00  0.0000
   2.5119E+05   3.9811E+05   0.0000E+00  0.0000   0.0000E+00  0.0000   0.0000E+00  0.0000
   3.9811E+05   6.3096E+05   0.0000E+00  0.0000   0.0000E+00  0.0000   0.0000E+00  0.0000
   6.3096E+05   1.0000E+06   0.0000E+00  0.0000   0.0000E+00  0.0000   0.0000E+00  0.0000

#   sum over                 0.0000E+00  0.0000   1.1304E-03  0.7129   6.0165E-03  0.1785

'no. =  2,  reg  =    221'
msuc: {\huge Flux spectra, deep cavity 12 mwe [1/cm2/s]}
msdr: {\it plotted by \ANGEL \version}
msdl: {\it calculated by \PHITS  3.36}
wt: s(0.7)
\vspace{-3}
   vol  &=&   7.2000E+07 [cm^3]
e:

#------------------------------------------------------------------------------
 newpage:
#   no. =  3   reg =    220

x: Energy [MeV/n]
y: Flux [1/cm^2/source]              
p: xlog ylog afac(0.8) form(0.9)
h: n            x            y(neutron ),hh0l n  y(photon  ),hh0dr n  y(p3-group),hh0ub n  
#  e-lower      e-upper        neutron   r.err      photon    r.err      p3-group  r.err 
   1.0000E-09   1.5849E-09   0.0000E+00  0.0000   0.0000E+00  0.0000   0.0000E+00  0.0000
   1.5849E-09   2.5119E-09   0.0000E+00  0.0000   0.0000E+00  0.0000   0.0000E+00  0.0000
   2.5119E-09   3.9811E-09   0.0000E+00  0.0000   0.0000E+00  0.0000   0.0000E+00  0.0000
   3.9811E-09   6.3096E-09   0.0000E+00  0.0000   0.0000E+00  0.0000   0.0000E+00  0.0000
   6.3096E-09   1.0000E-08   0.0000E+00  0.0000   0.0000E+00  0.0000   0.0000E+00  0.0000
   1.0000E-08   1.5849E-08   0.0000E+00  0.0000   0.0000E+00  0.0000   0.0000E+00  0.0000
   1.5849E-08   2.5119E-08   0.0000E+00  0.0000   0.0000E+00  0.0000   0.0000E+00  0.0000
   2.5119E-08   3.9811E-08   0.0000E+00  0.0000   0.0000E+00  0.0000   0.0000E+00  0.0000
   3.9811E-08   6.3096E-08   0.0000E+00  0.0000   0.0000E+00  0.0000   0.0000E+00  0.0000
   6.3096E-08   1.0000E-07   0.0000E+00  0.0000   0.0000E+00  0.0000   0.0000E+00  0.0000
   1.0000E-07   1.5849E-07   0.0000E+00  0.0000   0.0000E+00  0.0000   0.0000E+00  0.0000
   1.5849E-07   2.5119E-07   0.0000E+00  0.0000   0.0000E+00  0.0000   0.0000E+00  0.0000
   2.5119E-07   3.9811E-07   0.0000E+00  0.0000   0.0000E+00  0.0000   0.0000E+00  0.0000
   3.9811E-07   6.3096E-07   0.0000E+00  0.0000   0.0000E+00  0.0000   0.0000E+00  0.0000
   6.3096E-07   1.0000E-06   0.0000E+00  0.0000   0.0000E+00  0.0000   0.0000E+00  0.0000
   1.0000E-06   1.5849E-06   0.0000E+00  0.0000   0.0000E+00  0.0000   0.0000E+00  0.0000
   1.5849E-06   2.5119E-06   0.0000E+00  0.0000   0.0000E+00  0.0000   0.0000E+00  0.0000
   2.5119E-06   3.9811E-06   0.0000E+00  0.0000   0.0000E+00  0.0000   0.0000E+00  0.0000
   3.9811E-06   6.3096E-06   0.0000E+00  0.0000   0.0000E+00  0.0000   0.0000E+00  0.0000
   6.3096E-06   1.0000E-05   0.0000E+00  0.0000   0.0000E+00  0.0000   0.0000E+00  0.0000
   1.0000E-05   1.5849E-05   0.0000E+00  0.0000   0.0000E+00  0.0000   0.0000E+00  0.0000
   1.5849E-05   2.5119E-05   0.0000E+00  0.0000   0.0000E+00  0.0000   0.0000E+00  0.0000
   2.5119E-05   3.9811E-05   0.0000E+00  0.0000   0.0000E+00  0.0000   0.0000E+00  0.0000
   3.9811E-05   6.3096E-05   0.0000E+00  0.0000   0.0000E+00  0.0000   0.0000E+00  0.0000
   6.3096E-05   1.0000E-04   0.0000E+00  0.0000   0.0000E+00  0.0000   0.0000E+00  0.0000
   1.0000E-04   1.5849E-04   0.0000E+00  0.0000   0.0000E+00  0.0000   0.0000E+00  0.0000
   1.5849E-04   2.5119E-04   0.0000E+00  0.0000   0.0000E+00  0.0000   0.0000E+00  0.0000
   2.5119E-04   3.9811E-04   0.0000E+00  0.0000   0.0000E+00  0.0000   0.0000E+00  0.0000
   3.9811E-04   6.3096E-04   0.0000E+00  0.0000   0.0000E+00  0.0000   0.0000E+00  0.0000
   6.3096E-04   1.0000E-03   0.0000E+00  0.0000   0.0000E+00  0.0000   0.0000E+00  0.0000
   1.0000E-03   1.5849E-03   0.0000E+00  0.0000   0.0000E+00  0.0000   0.0000E+00  0.0000
   1.5849E-03   2.5119E-03   0.0000E+00  0.0000   0.0000E+00  0.0000   0.0000E+00  0.0000
   2.5119E-03   3.9811E-03   0.0000E+00  0.0000   0.0000E+00  0.0000   0.0000E+00  0.0000
   3.9811E-03   6.3096E-03   0.0000E+00  0.0000   0.0000E+00  0.0000   0.0000E+00  0.0000
   6.3096E-03   1.0000E-02   0.0000E+00  0.0000   0.0000E+00  0.0000   0.0000E+00  0.0000
   1.0000E-02   1.5849E-02   0.0000E+00  0.0000   0.0000E+00  0.0000   0.0000E+00  0.0000
   1.5849E-02   2.5119E-02   0.0000E+00  0.0000   0.0000E+00  0.0000   0.0000E+00  0.0000
   2.5119E-02   3.9811E-02   0.0000E+00  0.0000   0.0000E+00  0.0000   0.0000E+00  0.0000
   3.9811E-02   6.3096E-02   0.0000E+00  0.0000   3.7836E-04  0.7224   0.0000E+00  0.0000
   6.3096E-02   1.0000E-01   0.0000E+00  0.0000   2.1527E-04  1.0000   0.0000E+00  0.0000
   1.0000E-01   1.5849E-01   0.0000E+00  0.0000   6.8724E-04  0.5859   0.0000E+00  0.0000
   1.5849E-01   2.5119E-01   0.0000E+00  0.0000   8.4466E-04  0.7085   0.0000E+00  0.0000
   2.5119E-01   3.9811E-01   0.0000E+00  0.0000   0.0000E+00  0.0000   0.0000E+00  0.0000
   3.9811E-01   6.3096E-01   0.0000E+00  0.0000   1.6737E-04  1.0000   0.0000E+00  0.0000
   6.3096E-01   1.0000E+00   0.0000E+00  0.0000   0.0000E+00  0.0000   0.0000E+00  0.0000
   1.0000E+00   1.5849E+00   0.0000E+00  0.0000   0.0000E+00  0.0000   0.0000E+00  0.0000
   1.5849E+00   2.5119E+00   0.0000E+00  0.0000   0.0000E+00  0.0000   0.0000E+00  0.0000
   2.5119E+00   3.9811E+00   0.0000E+00  0.0000   0.0000E+00  0.0000   0.0000E+00  0.0000
   3.9811E+00   6.3096E+00   0.0000E+00  0.0000   0.0000E+00  0.0000   0.0000E+00  0.0000
   6.3096E+00   1.0000E+01   0.0000E+00  0.0000   0.0000E+00  0.0000   0.0000E+00  0.0000
   1.0000E+01   1.5849E+01   0.0000E+00  0.0000   0.0000E+00  0.0000   0.0000E+00  0.0000
   1.5849E+01   2.5119E+01   0.0000E+00  0.0000   0.0000E+00  0.0000   0.0000E+00  0.0000
   2.5119E+01   3.9811E+01   0.0000E+00  0.0000   0.0000E+00  0.0000   0.0000E+00  0.0000
   3.9811E+01   6.3096E+01   0.0000E+00  0.0000   0.0000E+00  0.0000   0.0000E+00  0.0000
   6.3096E+01   1.0000E+02   0.0000E+00  0.0000   0.0000E+00  0.0000   0.0000E+00  0.0000
   1.0000E+02   1.5849E+02   0.0000E+00  0.0000   0.0000E+00  0.0000   1.3843E-03  0.5505
   1.5849E+02   2.5119E+02   0.0000E+00  0.0000   0.0000E+00  0.0000   4.5502E-04  0.7298
   2.5119E+02   3.9811E+02   0.0000E+00  0.0000   0.0000E+00  0.0000   1.1944E-04  1.0000
   3.9811E+02   6.3096E+02   0.0000E+00  0.0000   0.0000E+00  0.0000   1.3102E-03  0.4465
   6.3096E+02   1.0000E+03   0.0000E+00  0.0000   0.0000E+00  0.0000   2.6146E-03  0.3766
   1.0000E+03   1.5849E+03   0.0000E+00  0.0000   0.0000E+00  0.0000   2.5935E-03  0.3645
   1.5849E+03   2.5119E+03   0.0000E+00  0.0000   0.0000E+00  0.0000   1.8959E-03  0.4392
   2.5119E+03   3.9811E+03   0.0000E+00  0.0000   0.0000E+00  0.0000   3.4529E-03  0.3393
   3.9811E+03   6.3096E+03   0.0000E+00  0.0000   0.0000E+00  0.0000   1.7613E-03  0.3578
   6.3096E+03   1.0000E+04   0.0000E+00  0.0000   0.0000E+00  0.0000   2.3727E-03  0.3656
   1.0000E+04   1.5849E+04   0.0000E+00  0.0000   0.0000E+00  0.0000   1.3235E-03  0.4506
   1.5849E+04   2.5119E+04   0.0000E+00  0.0000   0.0000E+00  0.0000   7.4412E-04  0.4987
   2.5119E+04   3.9811E+04   0.0000E+00  0.0000   0.0000E+00  0.0000   5.5421E-04  0.7699
   3.9811E+04   6.3096E+04   0.0000E+00  0.0000   0.0000E+00  0.0000   1.0028E-03  0.6227
   6.3096E+04   1.0000E+05   0.0000E+00  0.0000   0.0000E+00  0.0000   0.0000E+00  0.0000
   1.0000E+05   1.5849E+05   0.0000E+00  0.0000   0.0000E+00  0.0000   0.0000E+00  0.0000
   1.5849E+05   2.5119E+05   0.0000E+00  0.0000   0.0000E+00  0.0000   0.0000E+00  0.0000
   2.5119E+05   3.9811E+05   0.0000E+00  0.0000   0.0000E+00  0.0000   0.0000E+00  0.0000
   3.9811E+05   6.3096E+05   0.0000E+00  0.0000   0.0000E+00  0.0000   0.0000E+00  0.0000
   6.3096E+05   1.0000E+06   0.0000E+00  0.0000   0.0000E+00  0.0000   0.0000E+00  0.0000

#   sum over                 0.0000E+00  0.0000   2.2929E-03  0.5916   2.1585E-02  0.1235

'no. =  3,  reg  =    220'
msuc: {\huge Flux spectra, deep cavity 12 mwe [1/cm2/s]}
msdr: {\it plotted by \ANGEL \version}
msdl: {\it calculated by \PHITS  3.36}
wt: s(0.7)
\vspace{-3}
   vol  &=&   3.7800E+07 [cm^3]
e:
 
# Information for Restart Calculation
# This calculation was newly started
# istdev =  2 # 1:Batch variance, 2:History variance
# resc2  = 4.91896166728404520E-03 # Total source weight or Total source weight / maxcas
# resc3  = 5.00000000000000000E+03 # Total history number or Total batch number
# maxcas =         500 # History / Batch, only used for istdev=1
# bitrseed = 1101111111001101100001000101010101010011110110101000101010011110 # bit data of rseed
