[ T-Track ]
    title = Flux spectrum in open air above ground
     mesh =  reg            # mesh type is region-wise
      reg = 111
   e-type =    3            # e-mesh is log given by emin, emax and ne
     emin =  1.0000000E-10  # minimum value of e-mesh points
     emax =   100000.0      # maximum value of e-mesh points
#    edel =  0.5756463      # mesh width of e-mesh points
       ne =     60          # number of e-mesh points
#    data = ( e(i), i = 1, ne + 1 )
#           1.00000E-10  1.77828E-10  3.16228E-10  5.62341E-10  1.00000E-09
#           1.77828E-09  3.16228E-09  5.62341E-09  1.00000E-08  1.77828E-08
#           3.16228E-08  5.62341E-08  1.00000E-07  1.77828E-07  3.16228E-07
#           5.62341E-07  1.00000E-06  1.77828E-06  3.16228E-06  5.62341E-06
#           1.00000E-05  1.77828E-05  3.16228E-05  5.62341E-05  1.00000E-04
#           1.77828E-04  3.16228E-04  5.62341E-04  1.00000E-03  1.77828E-03
#           3.16228E-03  5.62341E-03  1.00000E-02  1.77828E-02  3.16228E-02
#           5.62341E-02  1.00000E-01  1.77828E-01  3.16228E-01  5.62341E-01
#           1.00000E+00  1.77828E+00  3.16228E+00  5.62341E+00  1.00000E+01
#           1.77828E+01  3.16228E+01  5.62341E+01  1.00000E+02  1.77828E+02
#           3.16228E+02  5.62341E+02  1.00000E+03  1.77828E+03  3.16228E+03
#           5.62341E+03  1.00000E+04  1.77828E+04  3.16228E+04  5.62341E+04
#           1.00000E+05
     unit =    1            # unit is [1/cm^2/source]
 material =  all            # (D=all) number of specific material
     axis =     eng            # axis of output
     file = air_spec.out    # file name of output for the above axis
     part =  neutron    muon-      muon+      proton   
# kf/name :  2112       13         -13        2212     
#    used :        main (  %)        temp (  %)       total (  %)
#  memory :          67 (  0)           0 (  0)          67 (  0)

#------------------------------------------------------------------------------
#newpage:
#   no. =  1   reg =    111

x: Energy [MeV/n]
y: Flux [1/cm^2/source]              
p: xlog ylog afac(0.8) form(0.9)
h: n            x            y(neutron ),hh0l n  y(muon-   ),hh0dr n  y(muon+   ),hh0ub n  y(proton  ),hh0mg n  
#  e-lower      e-upper        neutron   r.err      muon-     r.err      muon+     r.err      proton    r.err 
   1.0000E-10   1.7783E-10   0.0000E+00  0.0000   0.0000E+00  0.0000   0.0000E+00  0.0000   0.0000E+00  0.0000
   1.7783E-10   3.1623E-10   0.0000E+00  0.0000   0.0000E+00  0.0000   0.0000E+00  0.0000   0.0000E+00  0.0000
   3.1623E-10   5.6234E-10   0.0000E+00  0.0000   0.0000E+00  0.0000   0.0000E+00  0.0000   0.0000E+00  0.0000
   5.6234E-10   1.0000E-09   0.0000E+00  0.0000   0.0000E+00  0.0000   0.0000E+00  0.0000   0.0000E+00  0.0000
   1.0000E-09   1.7783E-09   0.0000E+00  0.0000   0.0000E+00  0.0000   0.0000E+00  0.0000   0.0000E+00  0.0000
   1.7783E-09   3.1623E-09   2.2162E-06  1.0000   0.0000E+00  0.0000   0.0000E+00  0.0000   0.0000E+00  0.0000
   3.1623E-09   5.6234E-09   2.3843E-05  1.0000   0.0000E+00  0.0000   0.0000E+00  0.0000   0.0000E+00  0.0000
   5.6234E-09   1.0000E-08   4.9415E-05  1.0000   0.0000E+00  0.0000   0.0000E+00  0.0000   0.0000E+00  0.0000
   1.0000E-08   1.7783E-08   7.9666E-05  0.3836   0.0000E+00  0.0000   0.0000E+00  0.0000   0.0000E+00  0.0000
   1.7783E-08   3.1623E-08   3.5992E-05  0.4332   0.0000E+00  0.0000   0.0000E+00  0.0000   0.0000E+00  0.0000
   3.1623E-08   5.6234E-08   1.7061E-04  0.4741   0.0000E+00  0.0000   0.0000E+00  0.0000   0.0000E+00  0.0000
   5.6234E-08   1.0000E-07   5.8555E-05  0.4744   0.0000E+00  0.0000   0.0000E+00  0.0000   0.0000E+00  0.0000
   1.0000E-07   1.7783E-07   5.4067E-05  0.5862   0.0000E+00  0.0000   0.0000E+00  0.0000   0.0000E+00  0.0000
   1.7783E-07   3.1623E-07   4.1984E-05  0.6970   0.0000E+00  0.0000   0.0000E+00  0.0000   0.0000E+00  0.0000
   3.1623E-07   5.6234E-07   2.1723E-05  0.9209   0.0000E+00  0.0000   0.0000E+00  0.0000   0.0000E+00  0.0000
   5.6234E-07   1.0000E-06   5.8754E-06  0.7339   0.0000E+00  0.0000   0.0000E+00  0.0000   0.0000E+00  0.0000
   1.0000E-06   1.7783E-06   0.0000E+00  0.0000   0.0000E+00  0.0000   0.0000E+00  0.0000   0.0000E+00  0.0000
   1.7783E-06   3.1623E-06   0.0000E+00  0.0000   0.0000E+00  0.0000   0.0000E+00  0.0000   0.0000E+00  0.0000
   3.1623E-06   5.6234E-06   1.2502E-06  0.9944   0.0000E+00  0.0000   0.0000E+00  0.0000   0.0000E+00  0.0000
   5.6234E-06   1.0000E-05   1.4817E-08  1.0000   0.0000E+00  0.0000   0.0000E+00  0.0000   0.0000E+00  0.0000
   1.0000E-05   1.7783E-05   2.8666E-05  1.0000   0.0000E+00  0.0000   0.0000E+00  0.0000   0.0000E+00  0.0000
   1.7783E-05   3.1623E-05   3.1860E-05  0.9159   0.0000E+00  0.0000   0.0000E+00  0.0000   0.0000E+00  0.0000
   3.1623E-05   5.6234E-05   2.3841E-06  1.0000   0.0000E+00  0.0000   0.0000E+00  0.0000   0.0000E+00  0.0000
   5.6234E-05   1.0000E-04   2.2160E-06  1.0000   0.0000E+00  0.0000   0.0000E+00  0.0000   0.0000E+00  0.0000
   1.0000E-04   1.7783E-04   2.0143E-05  1.0000   0.0000E+00  0.0000   0.0000E+00  0.0000   0.0000E+00  0.0000
   1.7783E-04   3.1623E-04   2.0836E-05  1.0000   0.0000E+00  0.0000   0.0000E+00  0.0000   0.0000E+00  0.0000
   3.1623E-04   5.6234E-04   4.1816E-05  0.8628   0.0000E+00  0.0000   0.0000E+00  0.0000   0.0000E+00  0.0000
   5.6234E-04   1.0000E-03   2.0062E-05  1.0000   0.0000E+00  0.0000   0.0000E+00  0.0000   0.0000E+00  0.0000
   1.0000E-03   1.7783E-03   0.0000E+00  0.0000   0.0000E+00  0.0000   0.0000E+00  0.0000   3.2015E-11  1.0000
   1.7783E-03   3.1623E-03   2.4432E-05  0.9389   0.0000E+00  0.0000   0.0000E+00  0.0000   4.5942E-11  1.0000
   3.1623E-03   5.6234E-03   3.1098E-05  0.7311   0.0000E+00  0.0000   0.0000E+00  0.0000   6.5002E-11  1.0000
   5.6234E-03   1.0000E-02   2.5729E-05  1.0000   0.0000E+00  0.0000   0.0000E+00  0.0000   9.0928E-11  1.0000
   1.0000E-02   1.7783E-02   0.0000E+00  0.0000   0.0000E+00  0.0000   0.0000E+00  0.0000   1.2619E-10  1.0000
   1.7783E-02   3.1623E-02   2.0032E-06  1.0000   0.0000E+00  0.0000   0.0000E+00  0.0000   1.7605E-10  1.0000
   3.1623E-02   5.6234E-02   7.9252E-05  0.5537   0.0000E+00  0.0000   0.0000E+00  0.0000   2.6941E-10  1.0000
   5.6234E-02   1.0000E-01   7.6411E-05  0.6532   0.0000E+00  0.0000   0.0000E+00  0.0000   4.3691E-10  1.0000
   1.0000E-01   1.7783E-01   5.4642E-05  0.7177   0.0000E+00  0.0000   0.0000E+00  0.0000   7.7372E-10  1.0000
   1.7783E-01   3.1623E-01   9.3948E-05  0.5115   0.0000E+00  0.0000   0.0000E+00  0.0000   1.5894E-09  1.0000
   3.1623E-01   5.6234E-01   1.6681E-04  0.3985   0.0000E+00  0.0000   0.0000E+00  0.0000   3.8248E-09  1.0000
   5.6234E-01   1.0000E+00   4.2222E-04  0.3182   0.0000E+00  0.0000   0.0000E+00  0.0000   9.9405E-09  1.0000
   1.0000E+00   1.7783E+00   1.6213E-04  0.4234   0.0000E+00  0.0000   0.0000E+00  0.0000   2.6086E-08  1.0000
   1.7783E+00   3.1623E+00   4.8512E-04  0.2944   0.0000E+00  0.0000   0.0000E+00  0.0000   6.9232E-08  1.0000
   3.1623E+00   5.6234E+00   2.9638E-04  0.4689   0.0000E+00  0.0000   0.0000E+00  0.0000   3.7218E-08  1.0000
   5.6234E+00   1.0000E+01   1.5043E-04  0.3978   0.0000E+00  0.0000   0.0000E+00  0.0000   0.0000E+00  0.0000
   1.0000E+01   1.7783E+01   2.3724E-04  0.4297   0.0000E+00  0.0000   0.0000E+00  0.0000   8.4299E-07  1.0000
   1.7783E+01   3.1623E+01   1.1597E-04  0.6961   0.0000E+00  0.0000   0.0000E+00  0.0000   7.0541E-06  0.5413
   3.1623E+01   5.6234E+01   3.0295E-04  0.3706   0.0000E+00  0.0000   0.0000E+00  0.0000   1.0320E-05  0.4002
   5.6234E+01   1.0000E+02   4.0079E-04  0.2508   0.0000E+00  0.0000   0.0000E+00  0.0000   1.3582E-05  0.3420
   1.0000E+02   1.7783E+02   5.5486E-04  0.2281   0.0000E+00  0.0000   0.0000E+00  0.0000   4.8766E-05  0.2473
   1.7783E+02   3.1623E+02   3.3639E-04  0.2821   0.0000E+00  0.0000   0.0000E+00  0.0000   4.8233E-05  0.2018
   3.1623E+02   5.6234E+02   1.5446E-04  0.3733   0.0000E+00  0.0000   0.0000E+00  0.0000   4.6594E-05  0.2007
   5.6234E+02   1.0000E+03   6.2300E-05  0.5787   0.0000E+00  0.0000   0.0000E+00  0.0000   2.3775E-05  0.2562
   1.0000E+03   1.7783E+03   2.6116E-05  0.7928   0.0000E+00  0.0000   0.0000E+00  0.0000   1.2999E-05  0.3430
   1.7783E+03   3.1623E+03   0.0000E+00  0.0000   0.0000E+00  0.0000   0.0000E+00  0.0000   1.2815E-05  0.3533
   3.1623E+03   5.6234E+03   0.0000E+00  0.0000   0.0000E+00  0.0000   0.0000E+00  0.0000   6.1675E-06  0.4997
   5.6234E+03   1.0000E+04   1.9738E-05  1.0000   0.0000E+00  0.0000   0.0000E+00  0.0000   7.1100E-07  1.0000
   1.0000E+04   1.7783E+04   0.0000E+00  0.0000   0.0000E+00  0.0000   0.0000E+00  0.0000   2.9359E-06  0.7068
   1.7783E+04   3.1623E+04   0.0000E+00  0.0000   0.0000E+00  0.0000   0.0000E+00  0.0000   0.0000E+00  0.0000
   3.1623E+04   5.6234E+04   0.0000E+00  0.0000   0.0000E+00  0.0000   0.0000E+00  0.0000   0.0000E+00  0.0000
   5.6234E+04   1.0000E+05   0.0000E+00  0.0000   0.0000E+00  0.0000   0.0000E+00  0.0000   0.0000E+00  0.0000

#   sum over                 4.9946E-03  0.1004   0.0000E+00  0.0000   0.0000E+00  0.0000   2.3494E-04  0.0882

'no. =  1,  reg  =    111'
msuc: {\huge Flux spectrum in open air above ground}
msdr: {\it plotted by \ANGEL \version}
msdl: {\it calculated by \PHITS  3.36}
wt: s(0.7)
\vspace{-3}
   vol  &=&   5.1200E+08 [cm^3]
e:
 
# Information for Restart Calculation
# This calculation was newly started
# istdev =  2 # 1:Batch variance, 2:History variance
# resc2  = 3.75829459573345584E-02 # Total source weight or Total source weight / maxcas
# resc3  = 1.00000000000000000E+03 # Total history number or Total batch number
# maxcas =        1000 # History / Batch, only used for istdev=1
# bitrseed = 1011001101100000111110000110001100110011111111011010011101110110 # bit data of rseed
