[ T-Track ]
    title = Flux spectrum in open air above ground
     mesh =  reg            # mesh type is region-wise
      reg = 111
   e-type =    3            # e-mesh is log given by emin, emax and ne
     emin =  1.0000000E-10  # minimum value of e-mesh points
     emax =   100000.0      # maximum value of e-mesh points
#    edel =  0.5756463      # mesh width of e-mesh points
       ne =     60          # number of e-mesh points
#    data = ( e(i), i = 1, ne + 1 )
#           1.00000E-10  1.77828E-10  3.16228E-10  5.62341E-10  1.00000E-09
#           1.77828E-09  3.16228E-09  5.62341E-09  1.00000E-08  1.77828E-08
#           3.16228E-08  5.62341E-08  1.00000E-07  1.77828E-07  3.16228E-07
#           5.62341E-07  1.00000E-06  1.77828E-06  3.16228E-06  5.62341E-06
#           1.00000E-05  1.77828E-05  3.16228E-05  5.62341E-05  1.00000E-04
#           1.77828E-04  3.16228E-04  5.62341E-04  1.00000E-03  1.77828E-03
#           3.16228E-03  5.62341E-03  1.00000E-02  1.77828E-02  3.16228E-02
#           5.62341E-02  1.00000E-01  1.77828E-01  3.16228E-01  5.62341E-01
#           1.00000E+00  1.77828E+00  3.16228E+00  5.62341E+00  1.00000E+01
#           1.77828E+01  3.16228E+01  5.62341E+01  1.00000E+02  1.77828E+02
#           3.16228E+02  5.62341E+02  1.00000E+03  1.77828E+03  3.16228E+03
#           5.62341E+03  1.00000E+04  1.77828E+04  3.16228E+04  5.62341E+04
#           1.00000E+05
     unit =    1            # unit is [1/cm^2/source]
 material =  all            # (D=all) number of specific material
     axis =     eng            # axis of output
     file = air_spec.out    # file name of output for the above axis
     part =  neutron    muon-      muon+      proton   
# kf/name :  2112       13         -13        2212     
#    used :        main (  %)        temp (  %)       total (  %)
#  memory :          67 (  0)           0 (  0)          67 (  0)

#------------------------------------------------------------------------------
#newpage:
#   no. =  1   reg =    111

x: Energy [MeV]
y: Flux [1/cm^2/source]              
p: xlog ylog afac(0.8) form(0.9)
h: n            x            y(neutron ),hh0l n  y(muon-   ),hh0dr n  y(muon+   ),hh0ub n  y(proton  ),hh0mg n  
#  e-lower      e-upper        neutron   r.err      muon-     r.err      muon+     r.err      proton    r.err 
   1.0000E-10   1.7783E-10   0.0000E+00  0.0000   0.0000E+00  0.0000   0.0000E+00  0.0000   0.0000E+00  0.0000
   1.7783E-10   3.1623E-10   2.9117E-07  1.0000   0.0000E+00  0.0000   0.0000E+00  0.0000   0.0000E+00  0.0000
   3.1623E-10   5.6234E-10   0.0000E+00  0.0000   0.0000E+00  0.0000   0.0000E+00  0.0000   0.0000E+00  0.0000
   5.6234E-10   1.0000E-09   0.0000E+00  0.0000   0.0000E+00  0.0000   0.0000E+00  0.0000   0.0000E+00  0.0000
   1.0000E-09   1.7783E-09   5.9422E-08  1.0000   0.0000E+00  0.0000   0.0000E+00  0.0000   0.0000E+00  0.0000
   1.7783E-09   3.1623E-09   1.4055E-06  0.4761   0.0000E+00  0.0000   0.0000E+00  0.0000   0.0000E+00  0.0000
   3.1623E-09   5.6234E-09   2.2371E-06  0.4484   0.0000E+00  0.0000   0.0000E+00  0.0000   0.0000E+00  0.0000
   5.6234E-09   1.0000E-08   1.3690E-05  0.2429   0.0000E+00  0.0000   0.0000E+00  0.0000   0.0000E+00  0.0000
   1.0000E-08   1.7783E-08   2.7853E-05  0.2168   0.0000E+00  0.0000   0.0000E+00  0.0000   0.0000E+00  0.0000
   1.7783E-08   3.1623E-08   6.5681E-05  0.1179   0.0000E+00  0.0000   0.0000E+00  0.0000   0.0000E+00  0.0000
   3.1623E-08   5.6234E-08   9.1036E-05  0.1141   0.0000E+00  0.0000   0.0000E+00  0.0000   0.0000E+00  0.0000
   5.6234E-08   1.0000E-07   1.0606E-04  0.1015   0.0000E+00  0.0000   0.0000E+00  0.0000   0.0000E+00  0.0000
   1.0000E-07   1.7783E-07   6.3221E-05  0.1508   0.0000E+00  0.0000   0.0000E+00  0.0000   0.0000E+00  0.0000
   1.7783E-07   3.1623E-07   1.7989E-05  0.2510   0.0000E+00  0.0000   0.0000E+00  0.0000   0.0000E+00  0.0000
   3.1623E-07   5.6234E-07   2.2183E-05  0.3642   0.0000E+00  0.0000   0.0000E+00  0.0000   0.0000E+00  0.0000
   5.6234E-07   1.0000E-06   2.5494E-05  0.2705   0.0000E+00  0.0000   0.0000E+00  0.0000   0.0000E+00  0.0000
   1.0000E-06   1.7783E-06   2.7024E-05  0.3316   0.0000E+00  0.0000   0.0000E+00  0.0000   0.0000E+00  0.0000
   1.7783E-06   3.1623E-06   1.4378E-05  0.2962   0.0000E+00  0.0000   0.0000E+00  0.0000   0.0000E+00  0.0000
   3.1623E-06   5.6234E-06   2.6230E-05  0.2513   0.0000E+00  0.0000   0.0000E+00  0.0000   0.0000E+00  0.0000
   5.6234E-06   1.0000E-05   3.1578E-05  0.2356   0.0000E+00  0.0000   0.0000E+00  0.0000   0.0000E+00  0.0000
   1.0000E-05   1.7783E-05   1.6849E-05  0.3305   0.0000E+00  0.0000   0.0000E+00  0.0000   0.0000E+00  0.0000
   1.7783E-05   3.1623E-05   3.7659E-05  0.2384   0.0000E+00  0.0000   0.0000E+00  0.0000   0.0000E+00  0.0000
   3.1623E-05   5.6234E-05   2.8162E-05  0.2617   0.0000E+00  0.0000   0.0000E+00  0.0000   0.0000E+00  0.0000
   5.6234E-05   1.0000E-04   3.2556E-05  0.2404   0.0000E+00  0.0000   0.0000E+00  0.0000   0.0000E+00  0.0000
   1.0000E-04   1.7783E-04   2.5759E-05  0.2700   0.0000E+00  0.0000   0.0000E+00  0.0000   0.0000E+00  0.0000
   1.7783E-04   3.1623E-04   3.0693E-05  0.2628   0.0000E+00  0.0000   0.0000E+00  0.0000   0.0000E+00  0.0000
   3.1623E-04   5.6234E-04   3.2471E-05  0.2798   0.0000E+00  0.0000   0.0000E+00  0.0000   0.0000E+00  0.0000
   5.6234E-04   1.0000E-03   2.6097E-05  0.2513   0.0000E+00  0.0000   0.0000E+00  0.0000   0.0000E+00  0.0000
   1.0000E-03   1.7783E-03   2.0037E-05  0.2859   0.0000E+00  0.0000   0.0000E+00  0.0000   1.6062E-10  0.3031
   1.7783E-03   3.1623E-03   5.3044E-05  0.2469   0.0000E+00  0.0000   0.0000E+00  0.0000   2.3049E-10  0.3031
   3.1623E-03   5.6234E-03   3.1628E-05  0.2278   0.0000E+00  0.0000   0.0000E+00  0.0000   3.2612E-10  0.3031
   5.6234E-03   1.0000E-02   3.5289E-05  0.2144   0.0000E+00  0.0000   0.0000E+00  0.0000   4.5619E-10  0.3031
   1.0000E-02   1.7783E-02   3.2223E-05  0.2195   0.0000E+00  0.0000   0.0000E+00  0.0000   6.3309E-10  0.3031
   1.7783E-02   3.1623E-02   4.0958E-05  0.2121   0.0000E+00  0.0000   0.0000E+00  0.0000   8.8326E-10  0.3031
   3.1623E-02   5.6234E-02   5.4454E-05  0.1796   0.0000E+00  0.0000   0.0000E+00  0.0000   1.3516E-09  0.3031
   5.6234E-02   1.0000E-01   4.3902E-05  0.1999   0.0000E+00  0.0000   0.0000E+00  0.0000   2.1920E-09  0.3031
   1.0000E-01   1.7783E-01   9.1879E-05  0.1480   0.0000E+00  0.0000   0.0000E+00  0.0000   3.8818E-09  0.3031
   1.7783E-01   3.1623E-01   1.4466E-04  0.1117   0.0000E+00  0.0000   0.0000E+00  0.0000   7.9743E-09  0.3031
   3.1623E-01   5.6234E-01   1.8694E-04  0.1080   0.0000E+00  0.0000   0.0000E+00  0.0000   1.9189E-08  0.3031
   5.6234E-01   1.0000E+00   2.2963E-04  0.0997   0.0000E+00  0.0000   0.0000E+00  0.0000   4.9031E-08  0.3011
   1.0000E+00   1.7783E+00   2.6303E-04  0.0964   0.0000E+00  0.0000   0.0000E+00  0.0000   1.0121E-07  0.3131
   1.7783E+00   3.1623E+00   3.9254E-04  0.0769   0.0000E+00  0.0000   0.0000E+00  0.0000   2.0545E-07  0.3322
   3.1623E+00   5.6234E+00   3.0397E-04  0.0840   2.7649E-08  1.0000   2.0616E-07  1.0000   5.2485E-07  0.3508
   5.6234E+00   1.0000E+01   1.9980E-04  0.1008   3.6457E-08  1.0000   1.0857E-06  0.9324   1.5824E-06  0.3333
   1.0000E+01   1.7783E+01   2.0187E-04  0.1014   0.0000E+00  0.0000   9.9546E-08  0.7590   4.1752E-06  0.3476
   1.7783E+01   3.1623E+01   2.4179E-04  0.0998   3.8960E-08  1.0000   0.0000E+00  0.0000   5.9377E-06  0.1557
   3.1623E+01   5.6234E+01   3.0947E-04  0.0801   7.7319E-08  1.0000   5.1971E-08  1.0000   1.8746E-05  0.1582
   5.6234E+01   1.0000E+02   4.2497E-04  0.0702   2.9446E-08  1.0000   3.2459E-07  0.7756   3.0455E-05  0.0915
   1.0000E+02   1.7783E+02   4.9362E-04  0.0565   3.0336E-07  0.6961   4.3046E-07  0.6528   3.5642E-05  0.0771
   1.7783E+02   3.1623E+02   3.6553E-04  0.0679   0.0000E+00  0.0000   1.8333E-07  0.6652   4.0073E-05  0.0683
   3.1623E+02   5.6234E+02   1.7109E-04  0.0928   7.3241E-08  1.0000   0.0000E+00  0.0000   3.4526E-05  0.0811
   5.6234E+02   1.0000E+03   4.4917E-05  0.1572   0.0000E+00  0.0000   0.0000E+00  0.0000   2.0149E-05  0.0636
   1.0000E+03   1.7783E+03   1.9910E-05  0.2297   0.0000E+00  0.0000   0.0000E+00  0.0000   1.2536E-05  0.0791
   1.7783E+03   3.1623E+03   3.2073E-06  0.5783   0.0000E+00  0.0000   0.0000E+00  0.0000   8.7304E-06  0.0952
   3.1623E+03   5.6234E+03   5.9501E-06  0.4138   0.0000E+00  0.0000   0.0000E+00  0.0000   6.1374E-06  0.1118
   5.6234E+03   1.0000E+04   2.0749E-06  0.7076   0.0000E+00  0.0000   0.0000E+00  0.0000   3.7135E-06  0.1433
   1.0000E+04   1.7783E+04   0.0000E+00  0.0000   0.0000E+00  0.0000   0.0000E+00  0.0000   2.7431E-06  0.1686
   1.7783E+04   3.1623E+04   0.0000E+00  0.0000   0.0000E+00  0.0000   0.0000E+00  0.0000   9.1289E-07  0.3047
   3.1623E+04   5.6234E+04   0.0000E+00  0.0000   0.0000E+00  0.0000   0.0000E+00  0.0000   5.0124E-07  0.3878
   5.6234E+04   1.0000E+05   0.0000E+00  0.0000   0.0000E+00  0.0000   0.0000E+00  0.0000   5.3925E-09  1.0000

#   sum over                 5.1750E-03  0.0229   5.8643E-07  0.4395   2.3817E-06  0.5399   2.2748E-04  0.0318

'no. =  1,  reg  =    111'
msuc: {\huge Flux spectrum in open air above ground}
msdr: {\it plotted by \ANGEL \version}
msdl: {\it calculated by \PHITS  3.35}
wt: s(0.7)
\vspace{-3}
   vol  &=&   5.1200E+08 [cm^3]
e:

# Information for Restart Calculation
# This calculation was newly started
# istdev =  2 # 1:Batch variance, 2:History variance
# resc2  = 7.59856428070404877E-01 # Total source weight or Total source weight / maxcas
# resc3  = 2.00000000000000000E+04 # Total history number or Total batch number
# maxcas =       20000 # History / Batch, only used for istdev=1
# bitrseed = 1101110001000011001001001010111010101111110010000101011000101110 # bit data of rseed
