[ T-Track ]
    title = Flux spectrum in room air (upper 2 m, lower 1 m)
     mesh =  reg            # mesh type is region-wise
      reg = 300 301
   e-type =    3            # e-mesh is log given by emin, emax and ne
     emin =  1.0000000E-10  # minimum value of e-mesh points
     emax =   100000.0      # maximum value of e-mesh points
#    edel =  0.5756463      # mesh width of e-mesh points
       ne =     60          # number of e-mesh points
#    data = ( e(i), i = 1, ne + 1 )
#           1.00000E-10  1.77828E-10  3.16228E-10  5.62341E-10  1.00000E-09
#           1.77828E-09  3.16228E-09  5.62341E-09  1.00000E-08  1.77828E-08
#           3.16228E-08  5.62341E-08  1.00000E-07  1.77828E-07  3.16228E-07
#           5.62341E-07  1.00000E-06  1.77828E-06  3.16228E-06  5.62341E-06
#           1.00000E-05  1.77828E-05  3.16228E-05  5.62341E-05  1.00000E-04
#           1.77828E-04  3.16228E-04  5.62341E-04  1.00000E-03  1.77828E-03
#           3.16228E-03  5.62341E-03  1.00000E-02  1.77828E-02  3.16228E-02
#           5.62341E-02  1.00000E-01  1.77828E-01  3.16228E-01  5.62341E-01
#           1.00000E+00  1.77828E+00  3.16228E+00  5.62341E+00  1.00000E+01
#           1.77828E+01  3.16228E+01  5.62341E+01  1.00000E+02  1.77828E+02
#           3.16228E+02  5.62341E+02  1.00000E+03  1.77828E+03  3.16228E+03
#           5.62341E+03  1.00000E+04  1.77828E+04  3.16228E+04  5.62341E+04
#           1.00000E+05
     unit =    1            # unit is [1/cm^2/source]
 material =  all            # (D=all) number of specific material
     axis =     eng            # axis of output
     file = room_spec.out   # file name of output for the above axis
     part =  neutron    muon-      muon+      proton   
# kf/name :  2112       13         -13        2212     
#    used :        main (  %)        temp (  %)       total (  %)
#  memory :          67 (  0)           0 (  0)          67 (  0)

#------------------------------------------------------------------------------
#newpage:
#   no. =  1   reg =    300

x: Energy [MeV]
y: Flux [1/cm^2/source]              
p: xlog ylog afac(0.8) form(0.9)
h: n            x            y(neutron ),hh0l n  y(muon-   ),hh0dr n  y(muon+   ),hh0ub n  y(proton  ),hh0mg n  
#  e-lower      e-upper        neutron   r.err      muon-     r.err      muon+     r.err      proton    r.err 
   1.0000E-10   1.7783E-10   4.3748E-09  0.9443   0.0000E+00  0.0000   0.0000E+00  0.0000   0.0000E+00  0.0000
   1.7783E-10   3.1623E-10   3.9525E-09  1.0000   0.0000E+00  0.0000   0.0000E+00  0.0000   0.0000E+00  0.0000
   3.1623E-10   5.6234E-10   2.4684E-08  0.6505   0.0000E+00  0.0000   0.0000E+00  0.0000   0.0000E+00  0.0000
   5.6234E-10   1.0000E-09   1.3834E-07  0.4489   0.0000E+00  0.0000   0.0000E+00  0.0000   0.0000E+00  0.0000
   1.0000E-09   1.7783E-09   9.1342E-07  0.4793   0.0000E+00  0.0000   0.0000E+00  0.0000   0.0000E+00  0.0000
   1.7783E-09   3.1623E-09   1.0567E-06  0.2804   0.0000E+00  0.0000   0.0000E+00  0.0000   0.0000E+00  0.0000
   3.1623E-09   5.6234E-09   7.7112E-06  0.2123   0.0000E+00  0.0000   0.0000E+00  0.0000   0.0000E+00  0.0000
   5.6234E-09   1.0000E-08   1.5750E-05  0.1528   0.0000E+00  0.0000   0.0000E+00  0.0000   0.0000E+00  0.0000
   1.0000E-08   1.7783E-08   5.0796E-05  0.1223   0.0000E+00  0.0000   0.0000E+00  0.0000   0.0000E+00  0.0000
   1.7783E-08   3.1623E-08   1.2134E-04  0.1119   0.0000E+00  0.0000   0.0000E+00  0.0000   0.0000E+00  0.0000
   3.1623E-08   5.6234E-08   1.7724E-04  0.1061   0.0000E+00  0.0000   0.0000E+00  0.0000   0.0000E+00  0.0000
   5.6234E-08   1.0000E-07   1.5366E-04  0.1070   0.0000E+00  0.0000   0.0000E+00  0.0000   0.0000E+00  0.0000
   1.0000E-07   1.7783E-07   7.4294E-05  0.1207   0.0000E+00  0.0000   0.0000E+00  0.0000   0.0000E+00  0.0000
   1.7783E-07   3.1623E-07   1.7417E-05  0.2015   0.0000E+00  0.0000   0.0000E+00  0.0000   0.0000E+00  0.0000
   3.1623E-07   5.6234E-07   1.5967E-05  0.2303   0.0000E+00  0.0000   0.0000E+00  0.0000   0.0000E+00  0.0000
   5.6234E-07   1.0000E-06   9.4716E-06  0.3866   0.0000E+00  0.0000   0.0000E+00  0.0000   0.0000E+00  0.0000
   1.0000E-06   1.7783E-06   9.1247E-06  0.2655   0.0000E+00  0.0000   0.0000E+00  0.0000   0.0000E+00  0.0000
   1.7783E-06   3.1623E-06   1.2893E-05  0.2210   0.0000E+00  0.0000   0.0000E+00  0.0000   0.0000E+00  0.0000
   3.1623E-06   5.6234E-06   1.3307E-05  0.2625   0.0000E+00  0.0000   0.0000E+00  0.0000   0.0000E+00  0.0000
   5.6234E-06   1.0000E-05   1.2623E-05  0.2721   0.0000E+00  0.0000   0.0000E+00  0.0000   0.0000E+00  0.0000
   1.0000E-05   1.7783E-05   1.3826E-05  0.2559   0.0000E+00  0.0000   0.0000E+00  0.0000   0.0000E+00  0.0000
   1.7783E-05   3.1623E-05   1.1236E-05  0.2686   0.0000E+00  0.0000   0.0000E+00  0.0000   0.0000E+00  0.0000
   3.1623E-05   5.6234E-05   8.3339E-06  0.2557   0.0000E+00  0.0000   0.0000E+00  0.0000   0.0000E+00  0.0000
   5.6234E-05   1.0000E-04   1.0763E-05  0.2433   0.0000E+00  0.0000   0.0000E+00  0.0000   0.0000E+00  0.0000
   1.0000E-04   1.7783E-04   1.4111E-05  0.2387   0.0000E+00  0.0000   0.0000E+00  0.0000   0.0000E+00  0.0000
   1.7783E-04   3.1623E-04   1.6201E-05  0.2762   0.0000E+00  0.0000   0.0000E+00  0.0000   0.0000E+00  0.0000
   3.1623E-04   5.6234E-04   1.2143E-05  0.2589   0.0000E+00  0.0000   0.0000E+00  0.0000   0.0000E+00  0.0000
   5.6234E-04   1.0000E-03   1.2607E-05  0.2705   0.0000E+00  0.0000   0.0000E+00  0.0000   0.0000E+00  0.0000
   1.0000E-03   1.7783E-03   1.0051E-05  0.2420   0.0000E+00  0.0000   0.0000E+00  0.0000   7.2789E-13  1.0000
   1.7783E-03   3.1623E-03   1.2233E-05  0.3145   0.0000E+00  0.0000   0.0000E+00  0.0000   1.0445E-12  1.0000
   3.1623E-03   5.6234E-03   1.4444E-05  0.2092   0.0000E+00  0.0000   0.0000E+00  0.0000   1.4779E-12  1.0000
   5.6234E-03   1.0000E-02   1.2187E-05  0.2206   0.0000E+00  0.0000   0.0000E+00  0.0000   2.0673E-12  1.0000
   1.0000E-02   1.7783E-02   1.0617E-05  0.2411   0.0000E+00  0.0000   0.0000E+00  0.0000   2.8690E-12  1.0000
   1.7783E-02   3.1623E-02   1.5623E-05  0.2035   0.0000E+00  0.0000   0.0000E+00  0.0000   4.0027E-12  1.0000
   3.1623E-02   5.6234E-02   2.1483E-05  0.2364   0.0000E+00  0.0000   0.0000E+00  0.0000   6.1251E-12  1.0000
   5.6234E-02   1.0000E-01   1.3869E-05  0.2141   0.0000E+00  0.0000   0.0000E+00  0.0000   9.9334E-12  1.0000
   1.0000E-01   1.7783E-01   2.7313E-05  0.2114   0.0000E+00  0.0000   0.0000E+00  0.0000   1.7591E-11  1.0000
   1.7783E-01   3.1623E-01   2.6734E-05  0.2019   0.0000E+00  0.0000   0.0000E+00  0.0000   3.6137E-11  1.0000
   3.1623E-01   5.6234E-01   3.8136E-05  0.1819   0.0000E+00  0.0000   0.0000E+00  0.0000   8.6959E-11  1.0000
   5.6234E-01   1.0000E+00   4.9151E-05  0.1607   0.0000E+00  0.0000   0.0000E+00  0.0000   2.2600E-10  1.0000
   1.0000E+00   1.7783E+00   4.3659E-05  0.1455   0.0000E+00  0.0000   0.0000E+00  0.0000   6.1430E-10  0.9661
   1.7783E+00   3.1623E+00   6.7341E-05  0.1373   0.0000E+00  0.0000   0.0000E+00  0.0000   3.1481E-09  0.7071
   3.1623E+00   5.6234E+00   6.0598E-05  0.2051   0.0000E+00  0.0000   0.0000E+00  0.0000   7.9874E-09  0.6491
   5.6234E+00   1.0000E+01   4.4789E-05  0.1578   0.0000E+00  0.0000   0.0000E+00  0.0000   3.5756E-08  0.7453
   1.0000E+01   1.7783E+01   2.5497E-05  0.1759   0.0000E+00  0.0000   0.0000E+00  0.0000   2.9121E-07  0.6232
   1.7783E+01   3.1623E+01   2.7891E-05  0.1708   0.0000E+00  0.0000   0.0000E+00  0.0000   1.1394E-06  0.5928
   3.1623E+01   5.6234E+01   5.9035E-05  0.1414   0.0000E+00  0.0000   3.5376E-09  1.0000   1.9096E-06  0.6347
   5.6234E+01   1.0000E+02   8.8833E-05  0.1422   0.0000E+00  0.0000   7.7780E-08  0.6832   1.9879E-06  0.3143
   1.0000E+02   1.7783E+02   7.8858E-05  0.1282   0.0000E+00  0.0000   8.9012E-09  1.0000   3.7985E-06  0.3246
   1.7783E+02   3.1623E+02   6.3086E-05  0.1506   4.7008E-08  1.0000   1.2253E-07  0.7396   4.4980E-06  0.2992
   3.1623E+02   5.6234E+02   2.7440E-05  0.2426   0.0000E+00  0.0000   6.9581E-08  1.0000   7.2388E-06  0.3164
   5.6234E+02   1.0000E+03   1.2359E-05  0.3797   0.0000E+00  0.0000   6.3929E-08  1.0000   4.1179E-06  0.2748
   1.0000E+03   1.7783E+03   3.2444E-06  0.3677   0.0000E+00  0.0000   0.0000E+00  0.0000   5.9319E-06  0.3443
   1.7783E+03   3.1623E+03   1.7860E-06  0.2596   0.0000E+00  0.0000   0.0000E+00  0.0000   3.4391E-06  0.4389
   3.1623E+03   5.6234E+03   4.0577E-07  0.4643   0.0000E+00  0.0000   0.0000E+00  0.0000   8.1661E-07  0.4101
   5.6234E+03   1.0000E+04   2.6681E-07  0.5159   0.0000E+00  0.0000   0.0000E+00  0.0000   4.0487E-07  0.4102
   1.0000E+04   1.7783E+04   0.0000E+00  0.0000   0.0000E+00  0.0000   0.0000E+00  0.0000   6.2512E-07  0.5908
   1.7783E+04   3.1623E+04   0.0000E+00  0.0000   0.0000E+00  0.0000   0.0000E+00  0.0000   2.4828E-09  1.0000
   3.1623E+04   5.6234E+04   0.0000E+00  0.0000   0.0000E+00  0.0000   0.0000E+00  0.0000   0.0000E+00  0.0000
   5.6234E+04   1.0000E+05   0.0000E+00  0.0000   0.0000E+00  0.0000   0.0000E+00  0.0000   0.0000E+00  0.0000

#   sum over                 1.6499E-03  0.0801   4.7008E-08  1.0000   3.4625E-07  0.4089   3.6249E-05  0.1758

'no. =  1,  reg  =    300'
msuc: {\huge Flux spectrum in room air (upper 2 m, lower 1 m)}
msdr: {\it plotted by \ANGEL \version}
msdl: {\it calculated by \PHITS  3.35}
wt: s(0.7)
\vspace{-3}
   vol  &=&   1.2000E+08 [cm^3]
e:

#------------------------------------------------------------------------------
 newpage:
#   no. =  2   reg =    301

x: Energy [MeV]
y: Flux [1/cm^2/source]              
p: xlog ylog afac(0.8) form(0.9)
h: n            x            y(neutron ),hh0l n  y(muon-   ),hh0dr n  y(muon+   ),hh0ub n  y(proton  ),hh0mg n  
#  e-lower      e-upper        neutron   r.err      muon-     r.err      muon+     r.err      proton    r.err 
   1.0000E-10   1.7783E-10   5.6722E-09  1.0000   0.0000E+00  0.0000   0.0000E+00  0.0000   0.0000E+00  0.0000
   1.7783E-10   3.1623E-10   5.9716E-09  1.0000   0.0000E+00  0.0000   0.0000E+00  0.0000   0.0000E+00  0.0000
   3.1623E-10   5.6234E-10   1.2951E-08  1.0000   0.0000E+00  0.0000   0.0000E+00  0.0000   0.0000E+00  0.0000
   5.6234E-10   1.0000E-09   9.9099E-08  0.4797   0.0000E+00  0.0000   0.0000E+00  0.0000   0.0000E+00  0.0000
   1.0000E-09   1.7783E-09   1.3079E-06  0.6072   0.0000E+00  0.0000   0.0000E+00  0.0000   0.0000E+00  0.0000
   1.7783E-09   3.1623E-09   9.9533E-07  0.2577   0.0000E+00  0.0000   0.0000E+00  0.0000   0.0000E+00  0.0000
   3.1623E-09   5.6234E-09   6.8773E-06  0.2273   0.0000E+00  0.0000   0.0000E+00  0.0000   0.0000E+00  0.0000
   5.6234E-09   1.0000E-08   1.6952E-05  0.1604   0.0000E+00  0.0000   0.0000E+00  0.0000   0.0000E+00  0.0000
   1.0000E-08   1.7783E-08   5.5550E-05  0.1416   0.0000E+00  0.0000   0.0000E+00  0.0000   0.0000E+00  0.0000
   1.7783E-08   3.1623E-08   1.0598E-04  0.1091   0.0000E+00  0.0000   0.0000E+00  0.0000   0.0000E+00  0.0000
   3.1623E-08   5.6234E-08   1.7566E-04  0.1028   0.0000E+00  0.0000   0.0000E+00  0.0000   0.0000E+00  0.0000
   5.6234E-08   1.0000E-07   1.4770E-04  0.1224   0.0000E+00  0.0000   0.0000E+00  0.0000   0.0000E+00  0.0000
   1.0000E-07   1.7783E-07   7.1739E-05  0.1355   0.0000E+00  0.0000   0.0000E+00  0.0000   0.0000E+00  0.0000
   1.7783E-07   3.1623E-07   1.9038E-05  0.2180   0.0000E+00  0.0000   0.0000E+00  0.0000   0.0000E+00  0.0000
   3.1623E-07   5.6234E-07   8.4577E-06  0.2592   0.0000E+00  0.0000   0.0000E+00  0.0000   0.0000E+00  0.0000
   5.6234E-07   1.0000E-06   8.0206E-06  0.2914   0.0000E+00  0.0000   0.0000E+00  0.0000   0.0000E+00  0.0000
   1.0000E-06   1.7783E-06   8.9995E-06  0.2606   0.0000E+00  0.0000   0.0000E+00  0.0000   0.0000E+00  0.0000
   1.7783E-06   3.1623E-06   8.5056E-06  0.3078   0.0000E+00  0.0000   0.0000E+00  0.0000   0.0000E+00  0.0000
   3.1623E-06   5.6234E-06   1.2375E-05  0.2585   0.0000E+00  0.0000   0.0000E+00  0.0000   0.0000E+00  0.0000
   5.6234E-06   1.0000E-05   1.0618E-05  0.2752   0.0000E+00  0.0000   0.0000E+00  0.0000   0.0000E+00  0.0000
   1.0000E-05   1.7783E-05   1.6317E-05  0.2663   0.0000E+00  0.0000   0.0000E+00  0.0000   0.0000E+00  0.0000
   1.7783E-05   3.1623E-05   9.4367E-06  0.3089   0.0000E+00  0.0000   0.0000E+00  0.0000   0.0000E+00  0.0000
   3.1623E-05   5.6234E-05   1.0605E-05  0.2272   0.0000E+00  0.0000   0.0000E+00  0.0000   0.0000E+00  0.0000
   5.6234E-05   1.0000E-04   1.2792E-05  0.2253   0.0000E+00  0.0000   0.0000E+00  0.0000   0.0000E+00  0.0000
   1.0000E-04   1.7783E-04   1.0043E-05  0.2639   0.0000E+00  0.0000   0.0000E+00  0.0000   0.0000E+00  0.0000
   1.7783E-04   3.1623E-04   1.3016E-05  0.3110   0.0000E+00  0.0000   0.0000E+00  0.0000   0.0000E+00  0.0000
   3.1623E-04   5.6234E-04   1.0717E-05  0.2466   0.0000E+00  0.0000   0.0000E+00  0.0000   0.0000E+00  0.0000
   5.6234E-04   1.0000E-03   1.0151E-05  0.2795   0.0000E+00  0.0000   0.0000E+00  0.0000   0.0000E+00  0.0000
   1.0000E-03   1.7783E-03   7.8725E-06  0.2282   0.0000E+00  0.0000   0.0000E+00  0.0000   8.7346E-12  0.4714
   1.7783E-03   3.1623E-03   1.1878E-05  0.3029   0.0000E+00  0.0000   0.0000E+00  0.0000   1.2534E-11  0.4714
   3.1623E-03   5.6234E-03   1.2741E-05  0.2606   0.0000E+00  0.0000   0.0000E+00  0.0000   1.7734E-11  0.4714
   5.6234E-03   1.0000E-02   1.4591E-05  0.2367   0.0000E+00  0.0000   0.0000E+00  0.0000   2.4808E-11  0.4714
   1.0000E-02   1.7783E-02   1.2912E-05  0.2786   0.0000E+00  0.0000   0.0000E+00  0.0000   3.4428E-11  0.4714
   1.7783E-02   3.1623E-02   1.5720E-05  0.1979   0.0000E+00  0.0000   0.0000E+00  0.0000   4.8032E-11  0.4714
   3.1623E-02   5.6234E-02   2.1909E-05  0.2399   0.0000E+00  0.0000   0.0000E+00  0.0000   7.3501E-11  0.4714
   5.6234E-02   1.0000E-01   1.7763E-05  0.2646   0.0000E+00  0.0000   0.0000E+00  0.0000   1.1920E-10  0.4714
   1.0000E-01   1.7783E-01   2.2825E-05  0.1820   0.0000E+00  0.0000   0.0000E+00  0.0000   2.1109E-10  0.4714
   1.7783E-01   3.1623E-01   2.5566E-05  0.2097   0.0000E+00  0.0000   0.0000E+00  0.0000   4.3364E-10  0.4714
   3.1623E-01   5.6234E-01   2.9118E-05  0.2116   0.0000E+00  0.0000   0.0000E+00  0.0000   1.0435E-09  0.4714
   5.6234E-01   1.0000E+00   3.7218E-05  0.1805   0.0000E+00  0.0000   0.0000E+00  0.0000   2.7120E-09  0.4714
   1.0000E+00   1.7783E+00   3.2804E-05  0.1461   0.0000E+00  0.0000   0.0000E+00  0.0000   7.1171E-09  0.4714
   1.7783E+00   3.1623E+00   5.0158E-05  0.1543   0.0000E+00  0.0000   0.0000E+00  0.0000   1.8888E-08  0.4714
   3.1623E+00   5.6234E+00   5.1996E-05  0.2509   0.0000E+00  0.0000   0.0000E+00  0.0000   3.8804E-08  0.4861
   5.6234E+00   1.0000E+01   3.2117E-05  0.1607   0.0000E+00  0.0000   0.0000E+00  0.0000   4.5381E-08  0.6495
   1.0000E+01   1.7783E+01   1.8416E-05  0.2009   0.0000E+00  0.0000   0.0000E+00  0.0000   1.5871E-07  0.6022
   1.7783E+01   3.1623E+01   2.5518E-05  0.1873   7.9891E-08  1.0000   0.0000E+00  0.0000   2.3204E-07  0.4606
   3.1623E+01   5.6234E+01   3.8303E-05  0.1604   0.0000E+00  0.0000   3.2482E-08  1.0000   1.3646E-06  0.4952
   5.6234E+01   1.0000E+02   5.9753E-05  0.1376   0.0000E+00  0.0000   2.0015E-07  0.7144   1.3707E-06  0.4740
   1.0000E+02   1.7783E+02   5.1275E-05  0.1502   0.0000E+00  0.0000   0.0000E+00  0.0000   3.2971E-06  0.4175
   1.7783E+02   3.1623E+02   4.1591E-05  0.1722   0.0000E+00  0.0000   2.1392E-07  0.5775   1.8695E-06  0.2518
   3.1623E+02   5.6234E+02   2.4040E-05  0.2617   0.0000E+00  0.0000   1.3274E-07  1.0000   3.3709E-06  0.4658
   5.6234E+02   1.0000E+03   9.3471E-06  0.4522   0.0000E+00  0.0000   2.0975E-08  1.0000   2.7396E-06  0.3090
   1.0000E+03   1.7783E+03   3.0326E-06  0.3864   0.0000E+00  0.0000   0.0000E+00  0.0000   4.0781E-06  0.3475
   1.7783E+03   3.1623E+03   1.6379E-06  0.2558   0.0000E+00  0.0000   0.0000E+00  0.0000   3.3034E-06  0.4561
   3.1623E+03   5.6234E+03   2.7770E-07  0.4748   0.0000E+00  0.0000   0.0000E+00  0.0000   7.7734E-07  0.4293
   5.6234E+03   1.0000E+04   2.3219E-07  0.5788   0.0000E+00  0.0000   0.0000E+00  0.0000   3.4986E-07  0.4479
   1.0000E+04   1.7783E+04   0.0000E+00  0.0000   0.0000E+00  0.0000   0.0000E+00  0.0000   6.2512E-07  0.5908
   1.7783E+04   3.1623E+04   0.0000E+00  0.0000   0.0000E+00  0.0000   0.0000E+00  0.0000   0.0000E+00  0.0000
   3.1623E+04   5.6234E+04   0.0000E+00  0.0000   0.0000E+00  0.0000   0.0000E+00  0.0000   0.0000E+00  0.0000
   5.6234E+04   1.0000E+05   0.0000E+00  0.0000   0.0000E+00  0.0000   0.0000E+00  0.0000   0.0000E+00  0.0000

#   sum over                 1.4226E-03  0.0836   7.9891E-08  1.0000   6.0027E-07  0.3900   2.3652E-05  0.2344

'no. =  2,  reg  =    301'
msuc: {\huge Flux spectrum in room air (upper 2 m, lower 1 m)}
msdr: {\it plotted by \ANGEL \version}
msdl: {\it calculated by \PHITS  3.35}
wt: s(0.7)
\vspace{-3}
   vol  &=&   6.0000E+07 [cm^3]
e:

# Information for Restart Calculation
# This calculation was newly started
# istdev =  2 # 1:Batch variance, 2:History variance
# resc2  = 7.59856428070404877E-01 # Total source weight or Total source weight / maxcas
# resc3  = 2.00000000000000000E+04 # Total history number or Total batch number
# maxcas =       20000 # History / Batch, only used for istdev=1
# bitrseed = 1101110001000011001001001010111010101111110010000101011000101110 # bit data of rseed
