[ T-Track ]
    title = Flux spectrum in open air above ground
     mesh =  reg            # mesh type is region-wise
      reg = 111
   e-type =    3            # e-mesh is log given by emin, emax and ne
     emin =  1.0000000E-10  # minimum value of e-mesh points
     emax =   100000.0      # maximum value of e-mesh points
#    edel =  0.5756463      # mesh width of e-mesh points
       ne =     60          # number of e-mesh points
#    data = ( e(i), i = 1, ne + 1 )
#           1.00000E-10  1.77828E-10  3.16228E-10  5.62341E-10  1.00000E-09
#           1.77828E-09  3.16228E-09  5.62341E-09  1.00000E-08  1.77828E-08
#           3.16228E-08  5.62341E-08  1.00000E-07  1.77828E-07  3.16228E-07
#           5.62341E-07  1.00000E-06  1.77828E-06  3.16228E-06  5.62341E-06
#           1.00000E-05  1.77828E-05  3.16228E-05  5.62341E-05  1.00000E-04
#           1.77828E-04  3.16228E-04  5.62341E-04  1.00000E-03  1.77828E-03
#           3.16228E-03  5.62341E-03  1.00000E-02  1.77828E-02  3.16228E-02
#           5.62341E-02  1.00000E-01  1.77828E-01  3.16228E-01  5.62341E-01
#           1.00000E+00  1.77828E+00  3.16228E+00  5.62341E+00  1.00000E+01
#           1.77828E+01  3.16228E+01  5.62341E+01  1.00000E+02  1.77828E+02
#           3.16228E+02  5.62341E+02  1.00000E+03  1.77828E+03  3.16228E+03
#           5.62341E+03  1.00000E+04  1.77828E+04  3.16228E+04  5.62341E+04
#           1.00000E+05
     unit =    1            # unit is [1/cm^2/source]
 material =  all            # (D=all) number of specific material
     axis =     eng            # axis of output
     file = air_spec.out    # file name of output for the above axis
     part =  neutron    muon-      muon+      proton   
# kf/name :  2112       13         -13        2212     
#    used :        main (  %)        temp (  %)       total (  %)
#  memory :          67 (  0)           0 (  0)          67 (  0)

#------------------------------------------------------------------------------
#newpage:
#   no. =  1   reg =    111

x: Energy [MeV/n]
y: Flux [1/cm^2/source]              
p: xlog ylog afac(0.8) form(0.9)
h: n            x            y(neutron ),hh0l n  y(muon-   ),hh0dr n  y(muon+   ),hh0ub n  y(proton  ),hh0mg n  
#  e-lower      e-upper        neutron   r.err      muon-     r.err      muon+     r.err      proton    r.err 
   1.0000E-10   1.7783E-10   0.0000E+00  0.0000   0.0000E+00  0.0000   0.0000E+00  0.0000   0.0000E+00  0.0000
   1.7783E-10   3.1623E-10   0.0000E+00  0.0000   0.0000E+00  0.0000   0.0000E+00  0.0000   0.0000E+00  0.0000
   3.1623E-10   5.6234E-10   0.0000E+00  0.0000   0.0000E+00  0.0000   0.0000E+00  0.0000   0.0000E+00  0.0000
   5.6234E-10   1.0000E-09   0.0000E+00  0.0000   0.0000E+00  0.0000   0.0000E+00  0.0000   0.0000E+00  0.0000
   1.0000E-09   1.7783E-09   0.0000E+00  0.0000   0.0000E+00  0.0000   0.0000E+00  0.0000   0.0000E+00  0.0000
   1.7783E-09   3.1623E-09   0.0000E+00  0.0000   0.0000E+00  0.0000   0.0000E+00  0.0000   0.0000E+00  0.0000
   3.1623E-09   5.6234E-09   3.5985E-07  1.0000   0.0000E+00  0.0000   0.0000E+00  0.0000   0.0000E+00  0.0000
   5.6234E-09   1.0000E-08   7.0578E-06  0.8903   0.0000E+00  0.0000   0.0000E+00  0.0000   0.0000E+00  0.0000
   1.0000E-08   1.7783E-08   2.6872E-05  0.9202   0.0000E+00  0.0000   0.0000E+00  0.0000   0.0000E+00  0.0000
   1.7783E-08   3.1623E-08   2.7831E-05  0.6153   0.0000E+00  0.0000   0.0000E+00  0.0000   0.0000E+00  0.0000
   3.1623E-08   5.6234E-08   4.8680E-05  0.4750   0.0000E+00  0.0000   0.0000E+00  0.0000   0.0000E+00  0.0000
   5.6234E-08   1.0000E-07   1.2224E-04  0.4414   0.0000E+00  0.0000   0.0000E+00  0.0000   0.0000E+00  0.0000
   1.0000E-07   1.7783E-07   6.7554E-05  0.5072   0.0000E+00  0.0000   0.0000E+00  0.0000   0.0000E+00  0.0000
   1.7783E-07   3.1623E-07   1.2025E-05  1.0000   0.0000E+00  0.0000   0.0000E+00  0.0000   0.0000E+00  0.0000
   3.1623E-07   5.6234E-07   0.0000E+00  0.0000   0.0000E+00  0.0000   0.0000E+00  0.0000   0.0000E+00  0.0000
   5.6234E-07   1.0000E-06   1.3619E-05  1.0000   0.0000E+00  0.0000   0.0000E+00  0.0000   0.0000E+00  0.0000
   1.0000E-06   1.7783E-06   6.2397E-05  0.7226   0.0000E+00  0.0000   0.0000E+00  0.0000   0.0000E+00  0.0000
   1.7783E-06   3.1623E-06   4.5175E-05  0.7081   0.0000E+00  0.0000   0.0000E+00  0.0000   0.0000E+00  0.0000
   3.1623E-06   5.6234E-06   0.0000E+00  0.0000   0.0000E+00  0.0000   0.0000E+00  0.0000   0.0000E+00  0.0000
   5.6234E-06   1.0000E-05   7.3718E-05  0.7801   0.0000E+00  0.0000   0.0000E+00  0.0000   0.0000E+00  0.0000
   1.0000E-05   1.7783E-05   0.0000E+00  0.0000   0.0000E+00  0.0000   0.0000E+00  0.0000   0.0000E+00  0.0000
   1.7783E-05   3.1623E-05   1.0358E-06  1.0000   0.0000E+00  0.0000   0.0000E+00  0.0000   0.0000E+00  0.0000
   3.1623E-05   5.6234E-05   4.1877E-05  0.7493   0.0000E+00  0.0000   0.0000E+00  0.0000   0.0000E+00  0.0000
   5.6234E-05   1.0000E-04   1.5908E-05  0.8504   0.0000E+00  0.0000   0.0000E+00  0.0000   0.0000E+00  0.0000
   1.0000E-04   1.7783E-04   0.0000E+00  0.0000   0.0000E+00  0.0000   0.0000E+00  0.0000   0.0000E+00  0.0000
   1.7783E-04   3.1623E-04   0.0000E+00  0.0000   0.0000E+00  0.0000   0.0000E+00  0.0000   0.0000E+00  0.0000
   3.1623E-04   5.6234E-04   0.0000E+00  0.0000   0.0000E+00  0.0000   0.0000E+00  0.0000   0.0000E+00  0.0000
   5.6234E-04   1.0000E-03   2.1937E-05  0.6601   0.0000E+00  0.0000   0.0000E+00  0.0000   0.0000E+00  0.0000
   1.0000E-03   1.7783E-03   0.0000E+00  0.0000   0.0000E+00  0.0000   0.0000E+00  0.0000   6.1976E-11  0.5770
   1.7783E-03   3.1623E-03   0.0000E+00  0.0000   0.0000E+00  0.0000   0.0000E+00  0.0000   8.8935E-11  0.5770
   3.1623E-03   5.6234E-03   2.2115E-05  0.7277   0.0000E+00  0.0000   0.0000E+00  0.0000   1.2583E-10  0.5770
   5.6234E-03   1.0000E-02   1.0688E-06  1.0000   0.0000E+00  0.0000   0.0000E+00  0.0000   1.7602E-10  0.5770
   1.0000E-02   1.7783E-02   5.8415E-05  0.6266   0.0000E+00  0.0000   0.0000E+00  0.0000   2.4428E-10  0.5770
   1.7783E-02   3.1623E-02   0.0000E+00  0.0000   0.0000E+00  0.0000   0.0000E+00  0.0000   3.4080E-10  0.5770
   3.1623E-02   5.6234E-02   2.7194E-05  0.7071   0.0000E+00  0.0000   0.0000E+00  0.0000   5.2152E-10  0.5770
   5.6234E-02   1.0000E-01   0.0000E+00  0.0000   0.0000E+00  0.0000   0.0000E+00  0.0000   8.4578E-10  0.5770
   1.0000E-01   1.7783E-01   6.6217E-05  0.4579   0.0000E+00  0.0000   0.0000E+00  0.0000   1.4978E-09  0.5770
   1.7783E-01   3.1623E-01   8.5058E-05  0.4613   0.0000E+00  0.0000   0.0000E+00  0.0000   3.0769E-09  0.5770
   3.1623E-01   5.6234E-01   1.5900E-05  1.0000   0.0000E+00  0.0000   0.0000E+00  0.0000   7.4041E-09  0.5770
   5.6234E-01   1.0000E+00   1.5794E-04  0.3873   0.0000E+00  0.0000   0.0000E+00  0.0000   1.9243E-08  0.5770
   1.0000E+00   1.7783E+00   8.6335E-05  0.5094   0.0000E+00  0.0000   0.0000E+00  0.0000   5.0499E-08  0.5770
   1.7783E+00   3.1623E+00   1.9219E-04  0.3254   0.0000E+00  0.0000   0.0000E+00  0.0000   1.3402E-07  0.5770
   3.1623E+00   5.6234E+00   1.4115E-04  0.3801   0.0000E+00  0.0000   0.0000E+00  0.0000   3.6430E-07  0.5770
   5.6234E+00   1.0000E+01   1.6774E-04  0.3730   0.0000E+00  0.0000   0.0000E+00  0.0000   1.0148E-06  0.5770
   1.0000E+01   1.7783E+01   1.2825E-04  0.5066   0.0000E+00  0.0000   0.0000E+00  0.0000   3.6398E-06  0.4769
   1.7783E+01   3.1623E+01   1.2304E-04  0.4117   0.0000E+00  0.0000   0.0000E+00  0.0000   6.1888E-06  0.3892
   3.1623E+01   5.6234E+01   2.7956E-04  0.3147   0.0000E+00  0.0000   1.2728E-06  1.0000   9.4961E-06  0.3203
   5.6234E+01   1.0000E+02   4.2625E-04  0.2282   0.0000E+00  0.0000   0.0000E+00  0.0000   3.0079E-05  0.2334
   1.0000E+02   1.7783E+02   4.8533E-04  0.1897   0.0000E+00  0.0000   0.0000E+00  0.0000   3.4178E-05  0.1845
   1.7783E+02   3.1623E+02   3.6823E-04  0.2066   0.0000E+00  0.0000   0.0000E+00  0.0000   4.3983E-05  0.2338
   3.1623E+02   5.6234E+02   2.0455E-04  0.2640   0.0000E+00  0.0000   0.0000E+00  0.0000   3.0743E-05  0.2008
   5.6234E+02   1.0000E+03   5.8786E-05  0.5076   0.0000E+00  0.0000   0.0000E+00  0.0000   1.3731E-05  0.2726
   1.0000E+03   1.7783E+03   1.2822E-05  0.9233   0.0000E+00  0.0000   0.0000E+00  0.0000   9.7733E-06  0.3499
   1.7783E+03   3.1623E+03   1.3137E-05  1.0000   0.0000E+00  0.0000   0.0000E+00  0.0000   1.3098E-05  0.2794
   3.1623E+03   5.6234E+03   1.3812E-05  1.0000   0.0000E+00  0.0000   0.0000E+00  0.0000   8.6334E-06  0.3544
   5.6234E+03   1.0000E+04   1.2823E-05  1.0000   0.0000E+00  0.0000   0.0000E+00  0.0000   1.9464E-06  0.7069
   1.0000E+04   1.7783E+04   0.0000E+00  0.0000   0.0000E+00  0.0000   0.0000E+00  0.0000   2.1013E-06  0.7097
   1.7783E+04   3.1623E+04   0.0000E+00  0.0000   0.0000E+00  0.0000   0.0000E+00  0.0000   0.0000E+00  0.0000
   3.1623E+04   5.6234E+04   0.0000E+00  0.0000   0.0000E+00  0.0000   0.0000E+00  0.0000   0.0000E+00  0.0000
   5.6234E+04   1.0000E+05   0.0000E+00  0.0000   0.0000E+00  0.0000   0.0000E+00  0.0000   0.0000E+00  0.0000

#   sum over                 3.7362E-03  0.0861   0.0000E+00  0.0000   1.2728E-06  1.0000   2.0919E-04  0.0825

'no. =  1,  reg  =    111'
msuc: {\huge Flux spectrum in open air above ground}
msdr: {\it plotted by \ANGEL \version}
msdl: {\it calculated by \PHITS  3.36}
wt: s(0.7)
\vspace{-3}
   vol  &=&   5.1200E+08 [cm^3]
e:
 
# Information for Restart Calculation
# This calculation was newly started
# istdev =  2 # 1:Batch variance, 2:History variance
# resc2  = 5.82434554219142253E-02 # Total source weight or Total source weight / maxcas
# resc3  = 1.50000000000000000E+03 # Total history number or Total batch number
# maxcas =        1500 # History / Batch, only used for istdev=1
# bitrseed = 0000011001111110101100010011001000011000001110010111110111101011 # bit data of rseed
