[ T-Track ]
    title = Neutron track length in active He-3 gas
     mesh =  reg            # mesh type is region-wise
      reg = 101 201 301 401
   e-type =    3            # e-mesh is log given by emin, emax and ne
     emin =  1.0000000E-10  # minimum value of e-mesh points
     emax =   1000.000      # maximum value of e-mesh points
#    edel =  0.2302585      # mesh width of e-mesh points
       ne =    130          # number of e-mesh points
#    data = ( e(i), i = 1, ne + 1 )
#           1.00000E-10  1.25893E-10  1.58489E-10  1.99526E-10  2.51189E-10
#           3.16228E-10  3.98107E-10  5.01187E-10  6.30957E-10  7.94328E-10
#           1.00000E-09  1.25893E-09  1.58489E-09  1.99526E-09  2.51189E-09
#           3.16228E-09  3.98107E-09  5.01187E-09  6.30957E-09  7.94328E-09
#           1.00000E-08  1.25893E-08  1.58489E-08  1.99526E-08  2.51189E-08
#           3.16228E-08  3.98107E-08  5.01187E-08  6.30957E-08  7.94328E-08
#           1.00000E-07  1.25893E-07  1.58489E-07  1.99526E-07  2.51189E-07
#           3.16228E-07  3.98107E-07  5.01187E-07  6.30957E-07  7.94328E-07
#           1.00000E-06  1.25893E-06  1.58489E-06  1.99526E-06  2.51189E-06
#           3.16228E-06  3.98107E-06  5.01187E-06  6.30957E-06  7.94328E-06
#           1.00000E-05  1.25893E-05  1.58489E-05  1.99526E-05  2.51189E-05
#           3.16228E-05  3.98107E-05  5.01187E-05  6.30957E-05  7.94328E-05
#           1.00000E-04  1.25893E-04  1.58489E-04  1.99526E-04  2.51189E-04
#           3.16228E-04  3.98107E-04  5.01187E-04  6.30957E-04  7.94328E-04
#           1.00000E-03  1.25893E-03  1.58489E-03  1.99526E-03  2.51189E-03
#           3.16228E-03  3.98107E-03  5.01187E-03  6.30957E-03  7.94328E-03
#           1.00000E-02  1.25893E-02  1.58489E-02  1.99526E-02  2.51189E-02
#           3.16228E-02  3.98107E-02  5.01187E-02  6.30957E-02  7.94328E-02
#           1.00000E-01  1.25893E-01  1.58489E-01  1.99526E-01  2.51189E-01
#           3.16228E-01  3.98107E-01  5.01187E-01  6.30957E-01  7.94328E-01
#           1.00000E+00  1.25893E+00  1.58489E+00  1.99526E+00  2.51189E+00
#           3.16228E+00  3.98107E+00  5.01187E+00  6.30957E+00  7.94328E+00
#           1.00000E+01  1.25893E+01  1.58489E+01  1.99526E+01  2.51189E+01
#           3.16228E+01  3.98107E+01  5.01187E+01  6.30957E+01  7.94328E+01
#           1.00000E+02  1.25893E+02  1.58489E+02  1.99526E+02  2.51189E+02
#           3.16228E+02  3.98107E+02  5.01187E+02  6.30957E+02  7.94328E+02
#           1.00000E+03
     unit =    1            # unit is [1/cm^2/source]
 material =  all            # (D=all) number of specific material
     axis =     eng            # axis of output
     file = gas_track.out   # file name of output for the above axis
     part =  neutron  
# kf/name :  2112     
#    used :        main (  %)        temp (  %)       total (  %)
#  memory :         139 (  0)           0 (  0)         139 (  0)

#------------------------------------------------------------------------------
#newpage:
#   no. =  1   reg =    101

x: Energy [MeV/n]
y: Flux [1/cm^2/source]              
p: xlog ylog afac(0.8) form(0.9)
h: n            x            y(neutron ),hh0l n  
#  e-lower      e-upper        neutron   r.err 
   1.0000E-10   1.2589E-10   0.0000E+00  0.0000
   1.2589E-10   1.5849E-10   0.0000E+00  0.0000
   1.5849E-10   1.9953E-10   0.0000E+00  0.0000
   1.9953E-10   2.5119E-10   0.0000E+00  0.0000
   2.5119E-10   3.1623E-10   0.0000E+00  0.0000
   3.1623E-10   3.9811E-10   0.0000E+00  0.0000
   3.9811E-10   5.0119E-10   0.0000E+00  0.0000
   5.0119E-10   6.3096E-10   0.0000E+00  0.0000
   6.3096E-10   7.9433E-10   0.0000E+00  0.0000
   7.9433E-10   1.0000E-09   0.0000E+00  0.0000
   1.0000E-09   1.2589E-09   0.0000E+00  0.0000
   1.2589E-09   1.5849E-09   0.0000E+00  0.0000
   1.5849E-09   1.9953E-09   0.0000E+00  0.0000
   1.9953E-09   2.5119E-09   0.0000E+00  0.0000
   2.5119E-09   3.1623E-09   0.0000E+00  0.0000
   3.1623E-09   3.9811E-09   0.0000E+00  0.0000
   3.9811E-09   5.0119E-09   0.0000E+00  0.0000
   5.0119E-09   6.3096E-09   0.0000E+00  0.0000
   6.3096E-09   7.9433E-09   0.0000E+00  0.0000
   7.9433E-09   1.0000E-08   1.9284E-06  1.0000
   1.0000E-08   1.2589E-08   0.0000E+00  0.0000
   1.2589E-08   1.5849E-08   7.8805E-07  1.0000
   1.5849E-08   1.9953E-08   0.0000E+00  0.0000
   1.9953E-08   2.5119E-08   0.0000E+00  0.0000
   2.5119E-08   3.1623E-08   3.0047E-07  0.7826
   3.1623E-08   3.9811E-08   5.1707E-06  0.7514
   3.9811E-08   5.0119E-08   2.7535E-06  1.0000
   5.0119E-08   6.3096E-08   3.5009E-05  0.3397
   6.3096E-08   7.9433E-08   2.4334E-04  0.2010
   7.9433E-08   1.0000E-07   3.3167E-02  0.0207
   1.0000E-07   1.2589E-07   2.4751E-03  0.0704
   1.2589E-07   1.5849E-07   1.5726E-04  0.3585
   1.5849E-07   1.9953E-07   6.4573E-06  1.0000
   1.9953E-07   2.5119E-07   0.0000E+00  0.0000
   2.5119E-07   3.1623E-07   0.0000E+00  0.0000
   3.1623E-07   3.9811E-07   0.0000E+00  0.0000
   3.9811E-07   5.0119E-07   0.0000E+00  0.0000
   5.0119E-07   6.3096E-07   0.0000E+00  0.0000
   6.3096E-07   7.9433E-07   0.0000E+00  0.0000
   7.9433E-07   1.0000E-06   0.0000E+00  0.0000
   1.0000E-06   1.2589E-06   0.0000E+00  0.0000
   1.2589E-06   1.5849E-06   0.0000E+00  0.0000
   1.5849E-06   1.9953E-06   0.0000E+00  0.0000
   1.9953E-06   2.5119E-06   0.0000E+00  0.0000
   2.5119E-06   3.1623E-06   0.0000E+00  0.0000
   3.1623E-06   3.9811E-06   0.0000E+00  0.0000
   3.9811E-06   5.0119E-06   0.0000E+00  0.0000
   5.0119E-06   6.3096E-06   0.0000E+00  0.0000
   6.3096E-06   7.9433E-06   0.0000E+00  0.0000
   7.9433E-06   1.0000E-05   0.0000E+00  0.0000
   1.0000E-05   1.2589E-05   0.0000E+00  0.0000
   1.2589E-05   1.5849E-05   0.0000E+00  0.0000
   1.5849E-05   1.9953E-05   0.0000E+00  0.0000
   1.9953E-05   2.5119E-05   0.0000E+00  0.0000
   2.5119E-05   3.1623E-05   0.0000E+00  0.0000
   3.1623E-05   3.9811E-05   0.0000E+00  0.0000
   3.9811E-05   5.0119E-05   0.0000E+00  0.0000
   5.0119E-05   6.3096E-05   0.0000E+00  0.0000
   6.3096E-05   7.9433E-05   0.0000E+00  0.0000
   7.9433E-05   1.0000E-04   0.0000E+00  0.0000
   1.0000E-04   1.2589E-04   0.0000E+00  0.0000
   1.2589E-04   1.5849E-04   0.0000E+00  0.0000
   1.5849E-04   1.9953E-04   0.0000E+00  0.0000
   1.9953E-04   2.5119E-04   0.0000E+00  0.0000
   2.5119E-04   3.1623E-04   0.0000E+00  0.0000
   3.1623E-04   3.9811E-04   0.0000E+00  0.0000
   3.9811E-04   5.0119E-04   0.0000E+00  0.0000
   5.0119E-04   6.3096E-04   0.0000E+00  0.0000
   6.3096E-04   7.9433E-04   0.0000E+00  0.0000
   7.9433E-04   1.0000E-03   0.0000E+00  0.0000
   1.0000E-03   1.2589E-03   0.0000E+00  0.0000
   1.2589E-03   1.5849E-03   0.0000E+00  0.0000
   1.5849E-03   1.9953E-03   0.0000E+00  0.0000
   1.9953E-03   2.5119E-03   0.0000E+00  0.0000
   2.5119E-03   3.1623E-03   0.0000E+00  0.0000
   3.1623E-03   3.9811E-03   0.0000E+00  0.0000
   3.9811E-03   5.0119E-03   0.0000E+00  0.0000
   5.0119E-03   6.3096E-03   0.0000E+00  0.0000
   6.3096E-03   7.9433E-03   0.0000E+00  0.0000
   7.9433E-03   1.0000E-02   0.0000E+00  0.0000
   1.0000E-02   1.2589E-02   0.0000E+00  0.0000
   1.2589E-02   1.5849E-02   0.0000E+00  0.0000
   1.5849E-02   1.9953E-02   0.0000E+00  0.0000
   1.9953E-02   2.5119E-02   0.0000E+00  0.0000
   2.5119E-02   3.1623E-02   0.0000E+00  0.0000
   3.1623E-02   3.9811E-02   0.0000E+00  0.0000
   3.9811E-02   5.0119E-02   0.0000E+00  0.0000
   5.0119E-02   6.3096E-02   0.0000E+00  0.0000
   6.3096E-02   7.9433E-02   0.0000E+00  0.0000
   7.9433E-02   1.0000E-01   0.0000E+00  0.0000
   1.0000E-01   1.2589E-01   0.0000E+00  0.0000
   1.2589E-01   1.5849E-01   0.0000E+00  0.0000
   1.5849E-01   1.9953E-01   0.0000E+00  0.0000
   1.9953E-01   2.5119E-01   0.0000E+00  0.0000
   2.5119E-01   3.1623E-01   0.0000E+00  0.0000
   3.1623E-01   3.9811E-01   0.0000E+00  0.0000
   3.9811E-01   5.0119E-01   0.0000E+00  0.0000
   5.0119E-01   6.3096E-01   0.0000E+00  0.0000
   6.3096E-01   7.9433E-01   0.0000E+00  0.0000
   7.9433E-01   1.0000E+00   0.0000E+00  0.0000
   1.0000E+00   1.2589E+00   0.0000E+00  0.0000
   1.2589E+00   1.5849E+00   0.0000E+00  0.0000
   1.5849E+00   1.9953E+00   0.0000E+00  0.0000
   1.9953E+00   2.5119E+00   0.0000E+00  0.0000
   2.5119E+00   3.1623E+00   0.0000E+00  0.0000
   3.1623E+00   3.9811E+00   0.0000E+00  0.0000
   3.9811E+00   5.0119E+00   0.0000E+00  0.0000
   5.0119E+00   6.3096E+00   0.0000E+00  0.0000
   6.3096E+00   7.9433E+00   0.0000E+00  0.0000
   7.9433E+00   1.0000E+01   0.0000E+00  0.0000
   1.0000E+01   1.2589E+01   0.0000E+00  0.0000
   1.2589E+01   1.5849E+01   0.0000E+00  0.0000
   1.5849E+01   1.9953E+01   0.0000E+00  0.0000
   1.9953E+01   2.5119E+01   0.0000E+00  0.0000
   2.5119E+01   3.1623E+01   0.0000E+00  0.0000
   3.1623E+01   3.9811E+01   0.0000E+00  0.0000
   3.9811E+01   5.0119E+01   0.0000E+00  0.0000
   5.0119E+01   6.3096E+01   0.0000E+00  0.0000
   6.3096E+01   7.9433E+01   0.0000E+00  0.0000
   7.9433E+01   1.0000E+02   0.0000E+00  0.0000
   1.0000E+02   1.2589E+02   0.0000E+00  0.0000
   1.2589E+02   1.5849E+02   0.0000E+00  0.0000
   1.5849E+02   1.9953E+02   0.0000E+00  0.0000
   1.9953E+02   2.5119E+02   0.0000E+00  0.0000
   2.5119E+02   3.1623E+02   0.0000E+00  0.0000
   3.1623E+02   3.9811E+02   0.0000E+00  0.0000
   3.9811E+02   5.0119E+02   0.0000E+00  0.0000
   5.0119E+02   6.3096E+02   0.0000E+00  0.0000
   6.3096E+02   7.9433E+02   0.0000E+00  0.0000
   7.9433E+02   1.0000E+03   0.0000E+00  0.0000

#   sum over                 3.6096E-02  0.0197

'no. =  1,  reg  =    101'
msuc: {\huge Neutron track length in active He-3 gas}
msdr: {\it plotted by \ANGEL \version}
msdl: {\it calculated by \PHITS  3.36}
wt: s(0.7)
\vspace{-3}
   vol  &=&   1.0000E+00 [cm^3]
e:

#------------------------------------------------------------------------------
 newpage:
#   no. =  2   reg =    201

x: Energy [MeV/n]
y: Flux [1/cm^2/source]              
p: xlog ylog afac(0.8) form(0.9)
h: n            x            y(neutron ),hh0l n  
#  e-lower      e-upper        neutron   r.err 
   1.0000E-10   1.2589E-10   0.0000E+00  0.0000
   1.2589E-10   1.5849E-10   0.0000E+00  0.0000
   1.5849E-10   1.9953E-10   0.0000E+00  0.0000
   1.9953E-10   2.5119E-10   0.0000E+00  0.0000
   2.5119E-10   3.1623E-10   0.0000E+00  0.0000
   3.1623E-10   3.9811E-10   0.0000E+00  0.0000
   3.9811E-10   5.0119E-10   0.0000E+00  0.0000
   5.0119E-10   6.3096E-10   0.0000E+00  0.0000
   6.3096E-10   7.9433E-10   0.0000E+00  0.0000
   7.9433E-10   1.0000E-09   0.0000E+00  0.0000
   1.0000E-09   1.2589E-09   8.1320E-08  1.0000
   1.2589E-09   1.5849E-09   0.0000E+00  0.0000
   1.5849E-09   1.9953E-09   0.0000E+00  0.0000
   1.9953E-09   2.5119E-09   0.0000E+00  0.0000
   2.5119E-09   3.1623E-09   0.0000E+00  0.0000
   3.1623E-09   3.9811E-09   1.3653E-08  1.0000
   3.9811E-09   5.0119E-09   4.5073E-07  0.6347
   5.0119E-09   6.3096E-09   0.0000E+00  0.0000
   6.3096E-09   7.9433E-09   2.6928E-06  0.4980
   7.9433E-09   1.0000E-08   5.2922E-06  0.4492
   1.0000E-08   1.2589E-08   7.8310E-06  0.4018
   1.2589E-08   1.5849E-08   1.0254E-05  0.3429
   1.5849E-08   1.9953E-08   1.1523E-05  0.3874
   1.9953E-08   2.5119E-08   3.0753E-05  0.2923
   2.5119E-08   3.1623E-08   5.8812E-05  0.2176
   3.1623E-08   3.9811E-08   3.3506E-05  0.2757
   3.9811E-08   5.0119E-08   6.7881E-05  0.2138
   5.0119E-08   6.3096E-08   7.4909E-05  0.2246
   6.3096E-08   7.9433E-08   4.8194E-05  0.2426
   7.9433E-08   1.0000E-07   5.2620E-05  0.2502
   1.0000E-07   1.2589E-07   7.0608E-05  0.2797
   1.2589E-07   1.5849E-07   5.4533E-05  0.3064
   1.5849E-07   1.9953E-07   3.6522E-05  0.4982
   1.9953E-07   2.5119E-07   9.5405E-06  0.8131
   2.5119E-07   3.1623E-07   0.0000E+00  0.0000
   3.1623E-07   3.9811E-07   0.0000E+00  0.0000
   3.9811E-07   5.0119E-07   0.0000E+00  0.0000
   5.0119E-07   6.3096E-07   0.0000E+00  0.0000
   6.3096E-07   7.9433E-07   0.0000E+00  0.0000
   7.9433E-07   1.0000E-06   0.0000E+00  0.0000
   1.0000E-06   1.2589E-06   0.0000E+00  0.0000
   1.2589E-06   1.5849E-06   0.0000E+00  0.0000
   1.5849E-06   1.9953E-06   0.0000E+00  0.0000
   1.9953E-06   2.5119E-06   0.0000E+00  0.0000
   2.5119E-06   3.1623E-06   0.0000E+00  0.0000
   3.1623E-06   3.9811E-06   0.0000E+00  0.0000
   3.9811E-06   5.0119E-06   0.0000E+00  0.0000
   5.0119E-06   6.3096E-06   0.0000E+00  0.0000
   6.3096E-06   7.9433E-06   0.0000E+00  0.0000
   7.9433E-06   1.0000E-05   0.0000E+00  0.0000
   1.0000E-05   1.2589E-05   0.0000E+00  0.0000
   1.2589E-05   1.5849E-05   0.0000E+00  0.0000
   1.5849E-05   1.9953E-05   0.0000E+00  0.0000
   1.9953E-05   2.5119E-05   0.0000E+00  0.0000
   2.5119E-05   3.1623E-05   0.0000E+00  0.0000
   3.1623E-05   3.9811E-05   0.0000E+00  0.0000
   3.9811E-05   5.0119E-05   0.0000E+00  0.0000
   5.0119E-05   6.3096E-05   0.0000E+00  0.0000
   6.3096E-05   7.9433E-05   0.0000E+00  0.0000
   7.9433E-05   1.0000E-04   0.0000E+00  0.0000
   1.0000E-04   1.2589E-04   0.0000E+00  0.0000
   1.2589E-04   1.5849E-04   0.0000E+00  0.0000
   1.5849E-04   1.9953E-04   0.0000E+00  0.0000
   1.9953E-04   2.5119E-04   0.0000E+00  0.0000
   2.5119E-04   3.1623E-04   0.0000E+00  0.0000
   3.1623E-04   3.9811E-04   0.0000E+00  0.0000
   3.9811E-04   5.0119E-04   0.0000E+00  0.0000
   5.0119E-04   6.3096E-04   0.0000E+00  0.0000
   6.3096E-04   7.9433E-04   0.0000E+00  0.0000
   7.9433E-04   1.0000E-03   0.0000E+00  0.0000
   1.0000E-03   1.2589E-03   0.0000E+00  0.0000
   1.2589E-03   1.5849E-03   0.0000E+00  0.0000
   1.5849E-03   1.9953E-03   0.0000E+00  0.0000
   1.9953E-03   2.5119E-03   0.0000E+00  0.0000
   2.5119E-03   3.1623E-03   0.0000E+00  0.0000
   3.1623E-03   3.9811E-03   0.0000E+00  0.0000
   3.9811E-03   5.0119E-03   0.0000E+00  0.0000
   5.0119E-03   6.3096E-03   0.0000E+00  0.0000
   6.3096E-03   7.9433E-03   0.0000E+00  0.0000
   7.9433E-03   1.0000E-02   0.0000E+00  0.0000
   1.0000E-02   1.2589E-02   0.0000E+00  0.0000
   1.2589E-02   1.5849E-02   0.0000E+00  0.0000
   1.5849E-02   1.9953E-02   0.0000E+00  0.0000
   1.9953E-02   2.5119E-02   0.0000E+00  0.0000
   2.5119E-02   3.1623E-02   0.0000E+00  0.0000
   3.1623E-02   3.9811E-02   0.0000E+00  0.0000
   3.9811E-02   5.0119E-02   0.0000E+00  0.0000
   5.0119E-02   6.3096E-02   0.0000E+00  0.0000
   6.3096E-02   7.9433E-02   0.0000E+00  0.0000
   7.9433E-02   1.0000E-01   0.0000E+00  0.0000
   1.0000E-01   1.2589E-01   0.0000E+00  0.0000
   1.2589E-01   1.5849E-01   0.0000E+00  0.0000
   1.5849E-01   1.9953E-01   0.0000E+00  0.0000
   1.9953E-01   2.5119E-01   0.0000E+00  0.0000
   2.5119E-01   3.1623E-01   0.0000E+00  0.0000
   3.1623E-01   3.9811E-01   0.0000E+00  0.0000
   3.9811E-01   5.0119E-01   0.0000E+00  0.0000
   5.0119E-01   6.3096E-01   0.0000E+00  0.0000
   6.3096E-01   7.9433E-01   0.0000E+00  0.0000
   7.9433E-01   1.0000E+00   0.0000E+00  0.0000
   1.0000E+00   1.2589E+00   0.0000E+00  0.0000
   1.2589E+00   1.5849E+00   0.0000E+00  0.0000
   1.5849E+00   1.9953E+00   0.0000E+00  0.0000
   1.9953E+00   2.5119E+00   0.0000E+00  0.0000
   2.5119E+00   3.1623E+00   0.0000E+00  0.0000
   3.1623E+00   3.9811E+00   0.0000E+00  0.0000
   3.9811E+00   5.0119E+00   0.0000E+00  0.0000
   5.0119E+00   6.3096E+00   0.0000E+00  0.0000
   6.3096E+00   7.9433E+00   0.0000E+00  0.0000
   7.9433E+00   1.0000E+01   0.0000E+00  0.0000
   1.0000E+01   1.2589E+01   0.0000E+00  0.0000
   1.2589E+01   1.5849E+01   0.0000E+00  0.0000
   1.5849E+01   1.9953E+01   0.0000E+00  0.0000
   1.9953E+01   2.5119E+01   0.0000E+00  0.0000
   2.5119E+01   3.1623E+01   0.0000E+00  0.0000
   3.1623E+01   3.9811E+01   0.0000E+00  0.0000
   3.9811E+01   5.0119E+01   0.0000E+00  0.0000
   5.0119E+01   6.3096E+01   0.0000E+00  0.0000
   6.3096E+01   7.9433E+01   0.0000E+00  0.0000
   7.9433E+01   1.0000E+02   0.0000E+00  0.0000
   1.0000E+02   1.2589E+02   0.0000E+00  0.0000
   1.2589E+02   1.5849E+02   0.0000E+00  0.0000
   1.5849E+02   1.9953E+02   0.0000E+00  0.0000
   1.9953E+02   2.5119E+02   0.0000E+00  0.0000
   2.5119E+02   3.1623E+02   0.0000E+00  0.0000
   3.1623E+02   3.9811E+02   0.0000E+00  0.0000
   3.9811E+02   5.0119E+02   0.0000E+00  0.0000
   5.0119E+02   6.3096E+02   0.0000E+00  0.0000
   6.3096E+02   7.9433E+02   0.0000E+00  0.0000
   7.9433E+02   1.0000E+03   0.0000E+00  0.0000

#   sum over                 5.7602E-04  0.0823

'no. =  2,  reg  =    201'
msuc: {\huge Neutron track length in active He-3 gas}
msdr: {\it plotted by \ANGEL \version}
msdl: {\it calculated by \PHITS  3.36}
wt: s(0.7)
\vspace{-3}
   vol  &=&   1.0000E+00 [cm^3]
e:

#------------------------------------------------------------------------------
 newpage:
#   no. =  3   reg =    301

x: Energy [MeV/n]
y: Flux [1/cm^2/source]              
p: xlog ylog afac(0.8) form(0.9)
h: n            x            y(neutron ),hh0l n  
#  e-lower      e-upper        neutron   r.err 
   1.0000E-10   1.2589E-10   0.0000E+00  0.0000
   1.2589E-10   1.5849E-10   0.0000E+00  0.0000
   1.5849E-10   1.9953E-10   0.0000E+00  0.0000
   1.9953E-10   2.5119E-10   0.0000E+00  0.0000
   2.5119E-10   3.1623E-10   0.0000E+00  0.0000
   3.1623E-10   3.9811E-10   0.0000E+00  0.0000
   3.9811E-10   5.0119E-10   0.0000E+00  0.0000
   5.0119E-10   6.3096E-10   0.0000E+00  0.0000
   6.3096E-10   7.9433E-10   0.0000E+00  0.0000
   7.9433E-10   1.0000E-09   0.0000E+00  0.0000
   1.0000E-09   1.2589E-09   0.0000E+00  0.0000
   1.2589E-09   1.5849E-09   0.0000E+00  0.0000
   1.5849E-09   1.9953E-09   0.0000E+00  0.0000
   1.9953E-09   2.5119E-09   0.0000E+00  0.0000
   2.5119E-09   3.1623E-09   0.0000E+00  0.0000
   3.1623E-09   3.9811E-09   0.0000E+00  0.0000
   3.9811E-09   5.0119E-09   0.0000E+00  0.0000
   5.0119E-09   6.3096E-09   0.0000E+00  0.0000
   6.3096E-09   7.9433E-09   0.0000E+00  0.0000
   7.9433E-09   1.0000E-08   0.0000E+00  0.0000
   1.0000E-08   1.2589E-08   0.0000E+00  0.0000
   1.2589E-08   1.5849E-08   0.0000E+00  0.0000
   1.5849E-08   1.9953E-08   0.0000E+00  0.0000
   1.9953E-08   2.5119E-08   0.0000E+00  0.0000
   2.5119E-08   3.1623E-08   0.0000E+00  0.0000
   3.1623E-08   3.9811E-08   5.8630E-06  0.7072
   3.9811E-08   5.0119E-08   8.6615E-06  0.4697
   5.0119E-08   6.3096E-08   5.0212E-05  0.3782
   6.3096E-08   7.9433E-08   2.1628E-04  0.1815
   7.9433E-08   1.0000E-07   2.2260E-02  0.0232
   1.0000E-07   1.2589E-07   1.5972E-03  0.0863
   1.2589E-07   1.5849E-07   5.7359E-05  0.3526
   1.5849E-07   1.9953E-07   0.0000E+00  0.0000
   1.9953E-07   2.5119E-07   0.0000E+00  0.0000
   2.5119E-07   3.1623E-07   0.0000E+00  0.0000
   3.1623E-07   3.9811E-07   0.0000E+00  0.0000
   3.9811E-07   5.0119E-07   0.0000E+00  0.0000
   5.0119E-07   6.3096E-07   0.0000E+00  0.0000
   6.3096E-07   7.9433E-07   0.0000E+00  0.0000
   7.9433E-07   1.0000E-06   0.0000E+00  0.0000
   1.0000E-06   1.2589E-06   0.0000E+00  0.0000
   1.2589E-06   1.5849E-06   0.0000E+00  0.0000
   1.5849E-06   1.9953E-06   0.0000E+00  0.0000
   1.9953E-06   2.5119E-06   0.0000E+00  0.0000
   2.5119E-06   3.1623E-06   0.0000E+00  0.0000
   3.1623E-06   3.9811E-06   0.0000E+00  0.0000
   3.9811E-06   5.0119E-06   0.0000E+00  0.0000
   5.0119E-06   6.3096E-06   0.0000E+00  0.0000
   6.3096E-06   7.9433E-06   0.0000E+00  0.0000
   7.9433E-06   1.0000E-05   0.0000E+00  0.0000
   1.0000E-05   1.2589E-05   0.0000E+00  0.0000
   1.2589E-05   1.5849E-05   0.0000E+00  0.0000
   1.5849E-05   1.9953E-05   0.0000E+00  0.0000
   1.9953E-05   2.5119E-05   0.0000E+00  0.0000
   2.5119E-05   3.1623E-05   0.0000E+00  0.0000
   3.1623E-05   3.9811E-05   0.0000E+00  0.0000
   3.9811E-05   5.0119E-05   0.0000E+00  0.0000
   5.0119E-05   6.3096E-05   0.0000E+00  0.0000
   6.3096E-05   7.9433E-05   0.0000E+00  0.0000
   7.9433E-05   1.0000E-04   0.0000E+00  0.0000
   1.0000E-04   1.2589E-04   0.0000E+00  0.0000
   1.2589E-04   1.5849E-04   0.0000E+00  0.0000
   1.5849E-04   1.9953E-04   0.0000E+00  0.0000
   1.9953E-04   2.5119E-04   0.0000E+00  0.0000
   2.5119E-04   3.1623E-04   0.0000E+00  0.0000
   3.1623E-04   3.9811E-04   0.0000E+00  0.0000
   3.9811E-04   5.0119E-04   0.0000E+00  0.0000
   5.0119E-04   6.3096E-04   0.0000E+00  0.0000
   6.3096E-04   7.9433E-04   0.0000E+00  0.0000
   7.9433E-04   1.0000E-03   0.0000E+00  0.0000
   1.0000E-03   1.2589E-03   0.0000E+00  0.0000
   1.2589E-03   1.5849E-03   0.0000E+00  0.0000
   1.5849E-03   1.9953E-03   0.0000E+00  0.0000
   1.9953E-03   2.5119E-03   0.0000E+00  0.0000
   2.5119E-03   3.1623E-03   0.0000E+00  0.0000
   3.1623E-03   3.9811E-03   0.0000E+00  0.0000
   3.9811E-03   5.0119E-03   0.0000E+00  0.0000
   5.0119E-03   6.3096E-03   0.0000E+00  0.0000
   6.3096E-03   7.9433E-03   0.0000E+00  0.0000
   7.9433E-03   1.0000E-02   0.0000E+00  0.0000
   1.0000E-02   1.2589E-02   0.0000E+00  0.0000
   1.2589E-02   1.5849E-02   0.0000E+00  0.0000
   1.5849E-02   1.9953E-02   0.0000E+00  0.0000
   1.9953E-02   2.5119E-02   0.0000E+00  0.0000
   2.5119E-02   3.1623E-02   0.0000E+00  0.0000
   3.1623E-02   3.9811E-02   0.0000E+00  0.0000
   3.9811E-02   5.0119E-02   0.0000E+00  0.0000
   5.0119E-02   6.3096E-02   0.0000E+00  0.0000
   6.3096E-02   7.9433E-02   0.0000E+00  0.0000
   7.9433E-02   1.0000E-01   0.0000E+00  0.0000
   1.0000E-01   1.2589E-01   0.0000E+00  0.0000
   1.2589E-01   1.5849E-01   0.0000E+00  0.0000
   1.5849E-01   1.9953E-01   0.0000E+00  0.0000
   1.9953E-01   2.5119E-01   0.0000E+00  0.0000
   2.5119E-01   3.1623E-01   0.0000E+00  0.0000
   3.1623E-01   3.9811E-01   0.0000E+00  0.0000
   3.9811E-01   5.0119E-01   0.0000E+00  0.0000
   5.0119E-01   6.3096E-01   0.0000E+00  0.0000
   6.3096E-01   7.9433E-01   0.0000E+00  0.0000
   7.9433E-01   1.0000E+00   0.0000E+00  0.0000
   1.0000E+00   1.2589E+00   0.0000E+00  0.0000
   1.2589E+00   1.5849E+00   0.0000E+00  0.0000
   1.5849E+00   1.9953E+00   0.0000E+00  0.0000
   1.9953E+00   2.5119E+00   0.0000E+00  0.0000
   2.5119E+00   3.1623E+00   0.0000E+00  0.0000
   3.1623E+00   3.9811E+00   0.0000E+00  0.0000
   3.9811E+00   5.0119E+00   0.0000E+00  0.0000
   5.0119E+00   6.3096E+00   0.0000E+00  0.0000
   6.3096E+00   7.9433E+00   0.0000E+00  0.0000
   7.9433E+00   1.0000E+01   0.0000E+00  0.0000
   1.0000E+01   1.2589E+01   0.0000E+00  0.0000
   1.2589E+01   1.5849E+01   0.0000E+00  0.0000
   1.5849E+01   1.9953E+01   0.0000E+00  0.0000
   1.9953E+01   2.5119E+01   0.0000E+00  0.0000
   2.5119E+01   3.1623E+01   0.0000E+00  0.0000
   3.1623E+01   3.9811E+01   0.0000E+00  0.0000
   3.9811E+01   5.0119E+01   0.0000E+00  0.0000
   5.0119E+01   6.3096E+01   0.0000E+00  0.0000
   6.3096E+01   7.9433E+01   0.0000E+00  0.0000
   7.9433E+01   1.0000E+02   0.0000E+00  0.0000
   1.0000E+02   1.2589E+02   0.0000E+00  0.0000
   1.2589E+02   1.5849E+02   0.0000E+00  0.0000
   1.5849E+02   1.9953E+02   0.0000E+00  0.0000
   1.9953E+02   2.5119E+02   0.0000E+00  0.0000
   2.5119E+02   3.1623E+02   0.0000E+00  0.0000
   3.1623E+02   3.9811E+02   0.0000E+00  0.0000
   3.9811E+02   5.0119E+02   0.0000E+00  0.0000
   5.0119E+02   6.3096E+02   0.0000E+00  0.0000
   6.3096E+02   7.9433E+02   0.0000E+00  0.0000
   7.9433E+02   1.0000E+03   0.0000E+00  0.0000

#   sum over                 2.4195E-02  0.0224

'no. =  3,  reg  =    301'
msuc: {\huge Neutron track length in active He-3 gas}
msdr: {\it plotted by \ANGEL \version}
msdl: {\it calculated by \PHITS  3.36}
wt: s(0.7)
\vspace{-3}
   vol  &=&   1.0000E+00 [cm^3]
e:

#------------------------------------------------------------------------------
 newpage:
#   no. =  4   reg =    401

x: Energy [MeV/n]
y: Flux [1/cm^2/source]              
p: xlog ylog afac(0.8) form(0.9)
h: n            x            y(neutron ),hh0l n  
#  e-lower      e-upper        neutron   r.err 
   1.0000E-10   1.2589E-10   0.0000E+00  0.0000
   1.2589E-10   1.5849E-10   0.0000E+00  0.0000
   1.5849E-10   1.9953E-10   0.0000E+00  0.0000
   1.9953E-10   2.5119E-10   0.0000E+00  0.0000
   2.5119E-10   3.1623E-10   0.0000E+00  0.0000
   3.1623E-10   3.9811E-10   0.0000E+00  0.0000
   3.9811E-10   5.0119E-10   0.0000E+00  0.0000
   5.0119E-10   6.3096E-10   0.0000E+00  0.0000
   6.3096E-10   7.9433E-10   0.0000E+00  0.0000
   7.9433E-10   1.0000E-09   0.0000E+00  0.0000
   1.0000E-09   1.2589E-09   0.0000E+00  0.0000
   1.2589E-09   1.5849E-09   0.0000E+00  0.0000
   1.5849E-09   1.9953E-09   7.0497E-07  1.0000
   1.9953E-09   2.5119E-09   4.9903E-07  1.0000
   2.5119E-09   3.1623E-09   6.6730E-09  1.0000
   3.1623E-09   3.9811E-09   2.1028E-06  0.8092
   3.9811E-09   5.0119E-09   0.0000E+00  0.0000
   5.0119E-09   6.3096E-09   5.4913E-06  0.5056
   6.3096E-09   7.9433E-09   9.0956E-06  0.4507
   7.9433E-09   1.0000E-08   8.2399E-06  0.4811
   1.0000E-08   1.2589E-08   3.8800E-06  0.4911
   1.2589E-08   1.5849E-08   1.6373E-05  0.2915
   1.5849E-08   1.9953E-08   2.4217E-05  0.3089
   1.9953E-08   2.5119E-08   5.5247E-05  0.2163
   2.5119E-08   3.1623E-08   5.6121E-05  0.2422
   3.1623E-08   3.9811E-08   7.4911E-05  0.2543
   3.9811E-08   5.0119E-08   1.2328E-04  0.1837
   5.0119E-08   6.3096E-08   1.6344E-04  0.1834
   6.3096E-08   7.9433E-08   1.5325E-04  0.2291
   7.9433E-08   1.0000E-07   1.7564E-04  0.2047
   1.0000E-07   1.2589E-07   1.4322E-04  0.2303
   1.2589E-07   1.5849E-07   5.2031E-05  0.3059
   1.5849E-07   1.9953E-07   2.6078E-05  0.5847
   1.9953E-07   2.5119E-07   0.0000E+00  0.0000
   2.5119E-07   3.1623E-07   0.0000E+00  0.0000
   3.1623E-07   3.9811E-07   0.0000E+00  0.0000
   3.9811E-07   5.0119E-07   0.0000E+00  0.0000
   5.0119E-07   6.3096E-07   0.0000E+00  0.0000
   6.3096E-07   7.9433E-07   0.0000E+00  0.0000
   7.9433E-07   1.0000E-06   0.0000E+00  0.0000
   1.0000E-06   1.2589E-06   0.0000E+00  0.0000
   1.2589E-06   1.5849E-06   0.0000E+00  0.0000
   1.5849E-06   1.9953E-06   0.0000E+00  0.0000
   1.9953E-06   2.5119E-06   0.0000E+00  0.0000
   2.5119E-06   3.1623E-06   0.0000E+00  0.0000
   3.1623E-06   3.9811E-06   0.0000E+00  0.0000
   3.9811E-06   5.0119E-06   0.0000E+00  0.0000
   5.0119E-06   6.3096E-06   0.0000E+00  0.0000
   6.3096E-06   7.9433E-06   0.0000E+00  0.0000
   7.9433E-06   1.0000E-05   0.0000E+00  0.0000
   1.0000E-05   1.2589E-05   0.0000E+00  0.0000
   1.2589E-05   1.5849E-05   0.0000E+00  0.0000
   1.5849E-05   1.9953E-05   0.0000E+00  0.0000
   1.9953E-05   2.5119E-05   0.0000E+00  0.0000
   2.5119E-05   3.1623E-05   0.0000E+00  0.0000
   3.1623E-05   3.9811E-05   0.0000E+00  0.0000
   3.9811E-05   5.0119E-05   0.0000E+00  0.0000
   5.0119E-05   6.3096E-05   0.0000E+00  0.0000
   6.3096E-05   7.9433E-05   0.0000E+00  0.0000
   7.9433E-05   1.0000E-04   0.0000E+00  0.0000
   1.0000E-04   1.2589E-04   0.0000E+00  0.0000
   1.2589E-04   1.5849E-04   0.0000E+00  0.0000
   1.5849E-04   1.9953E-04   0.0000E+00  0.0000
   1.9953E-04   2.5119E-04   0.0000E+00  0.0000
   2.5119E-04   3.1623E-04   0.0000E+00  0.0000
   3.1623E-04   3.9811E-04   0.0000E+00  0.0000
   3.9811E-04   5.0119E-04   0.0000E+00  0.0000
   5.0119E-04   6.3096E-04   0.0000E+00  0.0000
   6.3096E-04   7.9433E-04   0.0000E+00  0.0000
   7.9433E-04   1.0000E-03   0.0000E+00  0.0000
   1.0000E-03   1.2589E-03   0.0000E+00  0.0000
   1.2589E-03   1.5849E-03   0.0000E+00  0.0000
   1.5849E-03   1.9953E-03   0.0000E+00  0.0000
   1.9953E-03   2.5119E-03   0.0000E+00  0.0000
   2.5119E-03   3.1623E-03   0.0000E+00  0.0000
   3.1623E-03   3.9811E-03   0.0000E+00  0.0000
   3.9811E-03   5.0119E-03   0.0000E+00  0.0000
   5.0119E-03   6.3096E-03   0.0000E+00  0.0000
   6.3096E-03   7.9433E-03   0.0000E+00  0.0000
   7.9433E-03   1.0000E-02   0.0000E+00  0.0000
   1.0000E-02   1.2589E-02   0.0000E+00  0.0000
   1.2589E-02   1.5849E-02   0.0000E+00  0.0000
   1.5849E-02   1.9953E-02   0.0000E+00  0.0000
   1.9953E-02   2.5119E-02   0.0000E+00  0.0000
   2.5119E-02   3.1623E-02   0.0000E+00  0.0000
   3.1623E-02   3.9811E-02   0.0000E+00  0.0000
   3.9811E-02   5.0119E-02   0.0000E+00  0.0000
   5.0119E-02   6.3096E-02   0.0000E+00  0.0000
   6.3096E-02   7.9433E-02   0.0000E+00  0.0000
   7.9433E-02   1.0000E-01   0.0000E+00  0.0000
   1.0000E-01   1.2589E-01   0.0000E+00  0.0000
   1.2589E-01   1.5849E-01   0.0000E+00  0.0000
   1.5849E-01   1.9953E-01   0.0000E+00  0.0000
   1.9953E-01   2.5119E-01   0.0000E+00  0.0000
   2.5119E-01   3.1623E-01   0.0000E+00  0.0000
   3.1623E-01   3.9811E-01   0.0000E+00  0.0000
   3.9811E-01   5.0119E-01   0.0000E+00  0.0000
   5.0119E-01   6.3096E-01   0.0000E+00  0.0000
   6.3096E-01   7.9433E-01   0.0000E+00  0.0000
   7.9433E-01   1.0000E+00   0.0000E+00  0.0000
   1.0000E+00   1.2589E+00   0.0000E+00  0.0000
   1.2589E+00   1.5849E+00   0.0000E+00  0.0000
   1.5849E+00   1.9953E+00   0.0000E+00  0.0000
   1.9953E+00   2.5119E+00   0.0000E+00  0.0000
   2.5119E+00   3.1623E+00   0.0000E+00  0.0000
   3.1623E+00   3.9811E+00   0.0000E+00  0.0000
   3.9811E+00   5.0119E+00   0.0000E+00  0.0000
   5.0119E+00   6.3096E+00   0.0000E+00  0.0000
   6.3096E+00   7.9433E+00   0.0000E+00  0.0000
   7.9433E+00   1.0000E+01   0.0000E+00  0.0000
   1.0000E+01   1.2589E+01   0.0000E+00  0.0000
   1.2589E+01   1.5849E+01   0.0000E+00  0.0000
   1.5849E+01   1.9953E+01   0.0000E+00  0.0000
   1.9953E+01   2.5119E+01   0.0000E+00  0.0000
   2.5119E+01   3.1623E+01   0.0000E+00  0.0000
   3.1623E+01   3.9811E+01   0.0000E+00  0.0000
   3.9811E+01   5.0119E+01   0.0000E+00  0.0000
   5.0119E+01   6.3096E+01   0.0000E+00  0.0000
   6.3096E+01   7.9433E+01   0.0000E+00  0.0000
   7.9433E+01   1.0000E+02   0.0000E+00  0.0000
   1.0000E+02   1.2589E+02   0.0000E+00  0.0000
   1.2589E+02   1.5849E+02   0.0000E+00  0.0000
   1.5849E+02   1.9953E+02   0.0000E+00  0.0000
   1.9953E+02   2.5119E+02   0.0000E+00  0.0000
   2.5119E+02   3.1623E+02   0.0000E+00  0.0000
   3.1623E+02   3.9811E+02   0.0000E+00  0.0000
   3.9811E+02   5.0119E+02   0.0000E+00  0.0000
   5.0119E+02   6.3096E+02   0.0000E+00  0.0000
   6.3096E+02   7.9433E+02   0.0000E+00  0.0000
   7.9433E+02   1.0000E+03   0.0000E+00  0.0000

#   sum over                 1.0938E-03  0.0768

'no. =  4,  reg  =    401'
msuc: {\huge Neutron track length in active He-3 gas}
msdr: {\it plotted by \ANGEL \version}
msdl: {\it calculated by \PHITS  3.36}
wt: s(0.7)
\vspace{-3}
   vol  &=&   1.0000E+00 [cm^3]
e:
 
# Information for Restart Calculation
# This calculation was newly started
# istdev =  2 # 1:Batch variance, 2:History variance
# resc2  = 1.50329359408551041E+05 # Total source weight or Total source weight / maxcas
# resc3  = 1.50000000000000000E+05 # Total history number or Total batch number
# maxcas =      150000 # History / Batch, only used for istdev=1
# bitrseed = 1111001010000000001010110101001011010010001010001011100000000101 # bit data of rseed
