[ T-Track ]
    title = Flux spectrum in open air above ground
     mesh =  reg            # mesh type is region-wise
      reg = 111
   e-type =    3            # e-mesh is log given by emin, emax and ne
     emin =  1.0000000E-10  # minimum value of e-mesh points
     emax =   100000.0      # maximum value of e-mesh points
#    edel =  0.5756463      # mesh width of e-mesh points
       ne =     60          # number of e-mesh points
#    data = ( e(i), i = 1, ne + 1 )
#           1.00000E-10  1.77828E-10  3.16228E-10  5.62341E-10  1.00000E-09
#           1.77828E-09  3.16228E-09  5.62341E-09  1.00000E-08  1.77828E-08
#           3.16228E-08  5.62341E-08  1.00000E-07  1.77828E-07  3.16228E-07
#           5.62341E-07  1.00000E-06  1.77828E-06  3.16228E-06  5.62341E-06
#           1.00000E-05  1.77828E-05  3.16228E-05  5.62341E-05  1.00000E-04
#           1.77828E-04  3.16228E-04  5.62341E-04  1.00000E-03  1.77828E-03
#           3.16228E-03  5.62341E-03  1.00000E-02  1.77828E-02  3.16228E-02
#           5.62341E-02  1.00000E-01  1.77828E-01  3.16228E-01  5.62341E-01
#           1.00000E+00  1.77828E+00  3.16228E+00  5.62341E+00  1.00000E+01
#           1.77828E+01  3.16228E+01  5.62341E+01  1.00000E+02  1.77828E+02
#           3.16228E+02  5.62341E+02  1.00000E+03  1.77828E+03  3.16228E+03
#           5.62341E+03  1.00000E+04  1.77828E+04  3.16228E+04  5.62341E+04
#           1.00000E+05
     unit =    1            # unit is [1/cm^2/source]
 material =  all            # (D=all) number of specific material
     axis =     eng            # axis of output
     file = air_spec.out    # file name of output for the above axis
     part =  neutron    muon-      muon+      proton   
# kf/name :  2112       13         -13        2212     
#    used :        main (  %)        temp (  %)       total (  %)
#  memory :          67 (  0)           0 (  0)          67 (  0)

#------------------------------------------------------------------------------
#newpage:
#   no. =  1   reg =    111

x: Energy [MeV/n]
y: Flux [1/cm^2/source]              
p: xlog ylog afac(0.8) form(0.9)
h: n            x            y(neutron ),hh0l n  y(muon-   ),hh0dr n  y(muon+   ),hh0ub n  y(proton  ),hh0mg n  
#  e-lower      e-upper        neutron   r.err      muon-     r.err      muon+     r.err      proton    r.err 
   1.0000E-10   1.7783E-10   0.0000E+00  0.0000   0.0000E+00  0.0000   0.0000E+00  0.0000   0.0000E+00  0.0000
   1.7783E-10   3.1623E-10   0.0000E+00  0.0000   0.0000E+00  0.0000   0.0000E+00  0.0000   0.0000E+00  0.0000
   3.1623E-10   5.6234E-10   0.0000E+00  0.0000   0.0000E+00  0.0000   0.0000E+00  0.0000   0.0000E+00  0.0000
   5.6234E-10   1.0000E-09   0.0000E+00  0.0000   0.0000E+00  0.0000   0.0000E+00  0.0000   0.0000E+00  0.0000
   1.0000E-09   1.7783E-09   0.0000E+00  0.0000   0.0000E+00  0.0000   0.0000E+00  0.0000   0.0000E+00  0.0000
   1.7783E-09   3.1623E-09   0.0000E+00  0.0000   0.0000E+00  0.0000   0.0000E+00  0.0000   0.0000E+00  0.0000
   3.1623E-09   5.6234E-09   0.0000E+00  0.0000   0.0000E+00  0.0000   0.0000E+00  0.0000   0.0000E+00  0.0000
   5.6234E-09   1.0000E-08   1.8969E-06  0.7606   0.0000E+00  0.0000   0.0000E+00  0.0000   0.0000E+00  0.0000
   1.0000E-08   1.7783E-08   6.7327E-06  0.6648   0.0000E+00  0.0000   0.0000E+00  0.0000   0.0000E+00  0.0000
   1.7783E-08   3.1623E-08   1.0464E-04  0.5982   0.0000E+00  0.0000   0.0000E+00  0.0000   0.0000E+00  0.0000
   3.1623E-08   5.6234E-08   1.0630E-04  0.3429   0.0000E+00  0.0000   0.0000E+00  0.0000   0.0000E+00  0.0000
   5.6234E-08   1.0000E-07   8.5115E-05  0.3753   0.0000E+00  0.0000   0.0000E+00  0.0000   0.0000E+00  0.0000
   1.0000E-07   1.7783E-07   3.2249E-05  0.7820   0.0000E+00  0.0000   0.0000E+00  0.0000   0.0000E+00  0.0000
   1.7783E-07   3.1623E-07   8.5240E-08  1.0000   0.0000E+00  0.0000   0.0000E+00  0.0000   0.0000E+00  0.0000
   3.1623E-07   5.6234E-07   1.3969E-06  1.0000   0.0000E+00  0.0000   0.0000E+00  0.0000   0.0000E+00  0.0000
   5.6234E-07   1.0000E-06   0.0000E+00  0.0000   0.0000E+00  0.0000   0.0000E+00  0.0000   0.0000E+00  0.0000
   1.0000E-06   1.7783E-06   8.8362E-07  1.0000   0.0000E+00  0.0000   0.0000E+00  0.0000   0.0000E+00  0.0000
   1.7783E-06   3.1623E-06   3.3973E-06  0.7207   0.0000E+00  0.0000   0.0000E+00  0.0000   0.0000E+00  0.0000
   3.1623E-06   5.6234E-06   3.3749E-05  1.0000   0.0000E+00  0.0000   0.0000E+00  0.0000   0.0000E+00  0.0000
   5.6234E-06   1.0000E-05   0.0000E+00  0.0000   0.0000E+00  0.0000   0.0000E+00  0.0000   0.0000E+00  0.0000
   1.0000E-05   1.7783E-05   0.0000E+00  0.0000   0.0000E+00  0.0000   0.0000E+00  0.0000   0.0000E+00  0.0000
   1.7783E-05   3.1623E-05   0.0000E+00  0.0000   0.0000E+00  0.0000   0.0000E+00  0.0000   0.0000E+00  0.0000
   3.1623E-05   5.6234E-05   2.8674E-05  1.0000   0.0000E+00  0.0000   0.0000E+00  0.0000   0.0000E+00  0.0000
   5.6234E-05   1.0000E-04   8.6603E-05  0.9662   0.0000E+00  0.0000   0.0000E+00  0.0000   0.0000E+00  0.0000
   1.0000E-04   1.7783E-04   0.0000E+00  0.0000   0.0000E+00  0.0000   0.0000E+00  0.0000   0.0000E+00  0.0000
   1.7783E-04   3.1623E-04   0.0000E+00  0.0000   0.0000E+00  0.0000   0.0000E+00  0.0000   0.0000E+00  0.0000
   3.1623E-04   5.6234E-04   2.2085E-05  1.0000   0.0000E+00  0.0000   0.0000E+00  0.0000   0.0000E+00  0.0000
   5.6234E-04   1.0000E-03   0.0000E+00  0.0000   0.0000E+00  0.0000   0.0000E+00  0.0000   0.0000E+00  0.0000
   1.0000E-03   1.7783E-03   0.0000E+00  0.0000   0.0000E+00  0.0000   0.0000E+00  0.0000   3.2876E-11  1.0000
   1.7783E-03   3.1623E-03   3.9684E-06  0.7093   0.0000E+00  0.0000   0.0000E+00  0.0000   4.7177E-11  1.0000
   3.1623E-03   5.6234E-03   6.3376E-05  0.6804   0.0000E+00  0.0000   0.0000E+00  0.0000   6.6749E-11  1.0000
   5.6234E-03   1.0000E-02   1.3031E-04  0.7507   0.0000E+00  0.0000   0.0000E+00  0.0000   9.3372E-11  1.0000
   1.0000E-02   1.7783E-02   5.2517E-05  0.7139   0.0000E+00  0.0000   0.0000E+00  0.0000   1.2958E-10  1.0000
   1.7783E-02   3.1623E-02   3.7481E-05  0.6870   0.0000E+00  0.0000   0.0000E+00  0.0000   1.8078E-10  1.0000
   3.1623E-02   5.6234E-02   4.9994E-05  1.0000   0.0000E+00  0.0000   0.0000E+00  0.0000   2.7665E-10  1.0000
   5.6234E-02   1.0000E-01   5.1338E-05  0.6756   0.0000E+00  0.0000   0.0000E+00  0.0000   4.4865E-10  1.0000
   1.0000E-01   1.7783E-01   1.2360E-04  0.5797   0.0000E+00  0.0000   0.0000E+00  0.0000   7.9451E-10  1.0000
   1.7783E-01   3.1623E-01   2.8563E-04  0.4660   0.0000E+00  0.0000   0.0000E+00  0.0000   1.6322E-09  1.0000
   3.1623E-01   5.6234E-01   7.1190E-05  0.4911   0.0000E+00  0.0000   0.0000E+00  0.0000   3.9276E-09  1.0000
   5.6234E-01   1.0000E+00   2.2914E-04  0.3816   0.0000E+00  0.0000   0.0000E+00  0.0000   1.0208E-08  1.0000
   1.0000E+00   1.7783E+00   2.7088E-04  0.3647   0.0000E+00  0.0000   0.0000E+00  0.0000   2.6788E-08  1.0000
   1.7783E+00   3.1623E+00   3.0078E-04  0.3757   0.0000E+00  0.0000   0.0000E+00  0.0000   7.1093E-08  1.0000
   3.1623E+00   5.6234E+00   3.1513E-04  0.3904   0.0000E+00  0.0000   0.0000E+00  0.0000   1.9325E-07  1.0000
   5.6234E+00   1.0000E+01   1.9495E-04  0.3716   0.0000E+00  0.0000   0.0000E+00  0.0000   5.3832E-07  1.0000
   1.0000E+01   1.7783E+01   2.7854E-04  0.4842   0.0000E+00  0.0000   0.0000E+00  0.0000   1.0564E-06  0.8138
   1.7783E+01   3.1623E+01   2.5353E-04  0.3988   0.0000E+00  0.0000   3.3855E-07  1.0000   9.3867E-06  0.4760
   3.1623E+01   5.6234E+01   2.9017E-04  0.4161   0.0000E+00  0.0000   1.5193E-06  1.0000   8.1588E-06  0.4506
   5.6234E+01   1.0000E+02   3.8420E-04  0.2439   0.0000E+00  0.0000   0.0000E+00  0.0000   3.3297E-05  0.2462
   1.0000E+02   1.7783E+02   3.5341E-04  0.2699   0.0000E+00  0.0000   0.0000E+00  0.0000   3.5088E-05  0.2486
   1.7783E+02   3.1623E+02   3.2903E-04  0.2718   0.0000E+00  0.0000   0.0000E+00  0.0000   4.1261E-05  0.2015
   3.1623E+02   5.6234E+02   1.6573E-04  0.3806   0.0000E+00  0.0000   0.0000E+00  0.0000   1.4825E-05  0.3211
   5.6234E+02   1.0000E+03   1.0022E-04  0.5015   0.0000E+00  0.0000   0.0000E+00  0.0000   2.4418E-05  0.2772
   1.0000E+03   1.7783E+03   0.0000E+00  0.0000   0.0000E+00  0.0000   0.0000E+00  0.0000   1.5524E-05  0.3366
   1.7783E+03   3.1623E+03   0.0000E+00  0.0000   0.0000E+00  0.0000   0.0000E+00  0.0000   1.2999E-05  0.3454
   3.1623E+03   5.6234E+03   0.0000E+00  0.0000   0.0000E+00  0.0000   0.0000E+00  0.0000   8.5621E-06  0.4512
   5.6234E+03   1.0000E+04   0.0000E+00  0.0000   0.0000E+00  0.0000   0.0000E+00  0.0000   8.1572E-06  0.4482
   1.0000E+04   1.7783E+04   0.0000E+00  0.0000   0.0000E+00  0.0000   0.0000E+00  0.0000   4.3757E-06  0.5808
   1.7783E+04   3.1623E+04   0.0000E+00  0.0000   0.0000E+00  0.0000   0.0000E+00  0.0000   3.5605E-06  0.7076
   3.1623E+04   5.6234E+04   0.0000E+00  0.0000   0.0000E+00  0.0000   0.0000E+00  0.0000   0.0000E+00  0.0000
   5.6234E+04   1.0000E+05   0.0000E+00  0.0000   0.0000E+00  0.0000   0.0000E+00  0.0000   1.4815E-06  1.0000

#   sum over                 4.8489E-03  0.1053   0.0000E+00  0.0000   1.8578E-06  0.8377   2.2300E-04  0.0894

'no. =  1,  reg  =    111'
msuc: {\huge Flux spectrum in open air above ground}
msdr: {\it plotted by \ANGEL \version}
msdl: {\it calculated by \PHITS  3.36}
wt: s(0.7)
\vspace{-3}
   vol  &=&   5.1200E+08 [cm^3]
e:
 
# Information for Restart Calculation
# This calculation was newly started
# istdev =  2 # 1:Batch variance, 2:History variance
# resc2  = 3.65992425436963212E-02 # Total source weight or Total source weight / maxcas
# resc3  = 1.00000000000000000E+03 # Total history number or Total batch number
# maxcas =        1000 # History / Batch, only used for istdev=1
# bitrseed = 1110101111011011111001000001101001101100010001110111010110101110 # bit data of rseed
