[ T-Track ]
    title = Neutron track length in active He-3 gas
     mesh =  reg            # mesh type is region-wise
      reg = 101 201 301 401
   e-type =    3            # e-mesh is log given by emin, emax and ne
     emin =  1.0000000E-10  # minimum value of e-mesh points
     emax =   1000.000      # maximum value of e-mesh points
#    edel =  0.2302585      # mesh width of e-mesh points
       ne =    130          # number of e-mesh points
#    data = ( e(i), i = 1, ne + 1 )
#           1.00000E-10  1.25893E-10  1.58489E-10  1.99526E-10  2.51189E-10
#           3.16228E-10  3.98107E-10  5.01187E-10  6.30957E-10  7.94328E-10
#           1.00000E-09  1.25893E-09  1.58489E-09  1.99526E-09  2.51189E-09
#           3.16228E-09  3.98107E-09  5.01187E-09  6.30957E-09  7.94328E-09
#           1.00000E-08  1.25893E-08  1.58489E-08  1.99526E-08  2.51189E-08
#           3.16228E-08  3.98107E-08  5.01187E-08  6.30957E-08  7.94328E-08
#           1.00000E-07  1.25893E-07  1.58489E-07  1.99526E-07  2.51189E-07
#           3.16228E-07  3.98107E-07  5.01187E-07  6.30957E-07  7.94328E-07
#           1.00000E-06  1.25893E-06  1.58489E-06  1.99526E-06  2.51189E-06
#           3.16228E-06  3.98107E-06  5.01187E-06  6.30957E-06  7.94328E-06
#           1.00000E-05  1.25893E-05  1.58489E-05  1.99526E-05  2.51189E-05
#           3.16228E-05  3.98107E-05  5.01187E-05  6.30957E-05  7.94328E-05
#           1.00000E-04  1.25893E-04  1.58489E-04  1.99526E-04  2.51189E-04
#           3.16228E-04  3.98107E-04  5.01187E-04  6.30957E-04  7.94328E-04
#           1.00000E-03  1.25893E-03  1.58489E-03  1.99526E-03  2.51189E-03
#           3.16228E-03  3.98107E-03  5.01187E-03  6.30957E-03  7.94328E-03
#           1.00000E-02  1.25893E-02  1.58489E-02  1.99526E-02  2.51189E-02
#           3.16228E-02  3.98107E-02  5.01187E-02  6.30957E-02  7.94328E-02
#           1.00000E-01  1.25893E-01  1.58489E-01  1.99526E-01  2.51189E-01
#           3.16228E-01  3.98107E-01  5.01187E-01  6.30957E-01  7.94328E-01
#           1.00000E+00  1.25893E+00  1.58489E+00  1.99526E+00  2.51189E+00
#           3.16228E+00  3.98107E+00  5.01187E+00  6.30957E+00  7.94328E+00
#           1.00000E+01  1.25893E+01  1.58489E+01  1.99526E+01  2.51189E+01
#           3.16228E+01  3.98107E+01  5.01187E+01  6.30957E+01  7.94328E+01
#           1.00000E+02  1.25893E+02  1.58489E+02  1.99526E+02  2.51189E+02
#           3.16228E+02  3.98107E+02  5.01187E+02  6.30957E+02  7.94328E+02
#           1.00000E+03
     unit =    1            # unit is [1/cm^2/source]
 material =  all            # (D=all) number of specific material
     axis =     eng            # axis of output
     file = gas_track.out   # file name of output for the above axis
     part =  neutron  
# kf/name :  2112     
#    used :        main (  %)        temp (  %)       total (  %)
#  memory :         139 (  0)           0 (  0)         139 (  0)

#------------------------------------------------------------------------------
#newpage:
#   no. =  1   reg =    101

x: Energy [MeV/n]
y: Flux [1/cm^2/source]              
p: xlog ylog afac(0.8) form(0.9)
h: n            x            y(neutron ),hh0l n  
#  e-lower      e-upper        neutron   r.err 
   1.0000E-10   1.2589E-10   0.0000E+00  0.0000
   1.2589E-10   1.5849E-10   0.0000E+00  0.0000
   1.5849E-10   1.9953E-10   0.0000E+00  0.0000
   1.9953E-10   2.5119E-10   0.0000E+00  0.0000
   2.5119E-10   3.1623E-10   0.0000E+00  0.0000
   3.1623E-10   3.9811E-10   0.0000E+00  0.0000
   3.9811E-10   5.0119E-10   0.0000E+00  0.0000
   5.0119E-10   6.3096E-10   0.0000E+00  0.0000
   6.3096E-10   7.9433E-10   0.0000E+00  0.0000
   7.9433E-10   1.0000E-09   0.0000E+00  0.0000
   1.0000E-09   1.2589E-09   0.0000E+00  0.0000
   1.2589E-09   1.5849E-09   0.0000E+00  0.0000
   1.5849E-09   1.9953E-09   0.0000E+00  0.0000
   1.9953E-09   2.5119E-09   0.0000E+00  0.0000
   2.5119E-09   3.1623E-09   0.0000E+00  0.0000
   3.1623E-09   3.9811E-09   0.0000E+00  0.0000
   3.9811E-09   5.0119E-09   0.0000E+00  0.0000
   5.0119E-09   6.3096E-09   0.0000E+00  0.0000
   6.3096E-09   7.9433E-09   0.0000E+00  0.0000
   7.9433E-09   1.0000E-08   0.0000E+00  0.0000
   1.0000E-08   1.2589E-08   0.0000E+00  0.0000
   1.2589E-08   1.5849E-08   0.0000E+00  0.0000
   1.5849E-08   1.9953E-08   0.0000E+00  0.0000
   1.9953E-08   2.5119E-08   0.0000E+00  0.0000
   2.5119E-08   3.1623E-08   0.0000E+00  0.0000
   3.1623E-08   3.9811E-08   0.0000E+00  0.0000
   3.9811E-08   5.0119E-08   0.0000E+00  0.0000
   5.0119E-08   6.3096E-08   0.0000E+00  0.0000
   6.3096E-08   7.9433E-08   0.0000E+00  0.0000
   7.9433E-08   1.0000E-07   0.0000E+00  0.0000
   1.0000E-07   1.2589E-07   0.0000E+00  0.0000
   1.2589E-07   1.5849E-07   0.0000E+00  0.0000
   1.5849E-07   1.9953E-07   0.0000E+00  0.0000
   1.9953E-07   2.5119E-07   0.0000E+00  0.0000
   2.5119E-07   3.1623E-07   0.0000E+00  0.0000
   3.1623E-07   3.9811E-07   0.0000E+00  0.0000
   3.9811E-07   5.0119E-07   0.0000E+00  0.0000
   5.0119E-07   6.3096E-07   0.0000E+00  0.0000
   6.3096E-07   7.9433E-07   0.0000E+00  0.0000
   7.9433E-07   1.0000E-06   0.0000E+00  0.0000
   1.0000E-06   1.2589E-06   0.0000E+00  0.0000
   1.2589E-06   1.5849E-06   0.0000E+00  0.0000
   1.5849E-06   1.9953E-06   0.0000E+00  0.0000
   1.9953E-06   2.5119E-06   0.0000E+00  0.0000
   2.5119E-06   3.1623E-06   0.0000E+00  0.0000
   3.1623E-06   3.9811E-06   0.0000E+00  0.0000
   3.9811E-06   5.0119E-06   0.0000E+00  0.0000
   5.0119E-06   6.3096E-06   0.0000E+00  0.0000
   6.3096E-06   7.9433E-06   0.0000E+00  0.0000
   7.9433E-06   1.0000E-05   0.0000E+00  0.0000
   1.0000E-05   1.2589E-05   0.0000E+00  0.0000
   1.2589E-05   1.5849E-05   0.0000E+00  0.0000
   1.5849E-05   1.9953E-05   0.0000E+00  0.0000
   1.9953E-05   2.5119E-05   0.0000E+00  0.0000
   2.5119E-05   3.1623E-05   0.0000E+00  0.0000
   3.1623E-05   3.9811E-05   0.0000E+00  0.0000
   3.9811E-05   5.0119E-05   0.0000E+00  0.0000
   5.0119E-05   6.3096E-05   0.0000E+00  0.0000
   6.3096E-05   7.9433E-05   0.0000E+00  0.0000
   7.9433E-05   1.0000E-04   0.0000E+00  0.0000
   1.0000E-04   1.2589E-04   0.0000E+00  0.0000
   1.2589E-04   1.5849E-04   0.0000E+00  0.0000
   1.5849E-04   1.9953E-04   0.0000E+00  0.0000
   1.9953E-04   2.5119E-04   0.0000E+00  0.0000
   2.5119E-04   3.1623E-04   0.0000E+00  0.0000
   3.1623E-04   3.9811E-04   0.0000E+00  0.0000
   3.9811E-04   5.0119E-04   0.0000E+00  0.0000
   5.0119E-04   6.3096E-04   0.0000E+00  0.0000
   6.3096E-04   7.9433E-04   0.0000E+00  0.0000
   7.9433E-04   1.0000E-03   0.0000E+00  0.0000
   1.0000E-03   1.2589E-03   0.0000E+00  0.0000
   1.2589E-03   1.5849E-03   0.0000E+00  0.0000
   1.5849E-03   1.9953E-03   0.0000E+00  0.0000
   1.9953E-03   2.5119E-03   0.0000E+00  0.0000
   2.5119E-03   3.1623E-03   0.0000E+00  0.0000
   3.1623E-03   3.9811E-03   0.0000E+00  0.0000
   3.9811E-03   5.0119E-03   0.0000E+00  0.0000
   5.0119E-03   6.3096E-03   0.0000E+00  0.0000
   6.3096E-03   7.9433E-03   0.0000E+00  0.0000
   7.9433E-03   1.0000E-02   0.0000E+00  0.0000
   1.0000E-02   1.2589E-02   1.0118E-05  1.0000
   1.2589E-02   1.5849E-02   0.0000E+00  0.0000
   1.5849E-02   1.9953E-02   0.0000E+00  0.0000
   1.9953E-02   2.5119E-02   0.0000E+00  0.0000
   2.5119E-02   3.1623E-02   1.3282E-04  0.5809
   3.1623E-02   3.9811E-02   1.4320E-04  0.5212
   3.9811E-02   5.0119E-02   1.1859E-04  0.3563
   5.0119E-02   6.3096E-02   1.6666E-04  0.4756
   6.3096E-02   7.9433E-02   3.9943E-04  0.3033
   7.9433E-02   1.0000E-01   4.6087E-02  0.0380
   1.0000E-01   1.2589E-01   2.1696E-01  0.0155
   1.2589E-01   1.5849E-01   0.0000E+00  0.0000
   1.5849E-01   1.9953E-01   0.0000E+00  0.0000
   1.9953E-01   2.5119E-01   0.0000E+00  0.0000
   2.5119E-01   3.1623E-01   0.0000E+00  0.0000
   3.1623E-01   3.9811E-01   0.0000E+00  0.0000
   3.9811E-01   5.0119E-01   0.0000E+00  0.0000
   5.0119E-01   6.3096E-01   0.0000E+00  0.0000
   6.3096E-01   7.9433E-01   0.0000E+00  0.0000
   7.9433E-01   1.0000E+00   0.0000E+00  0.0000
   1.0000E+00   1.2589E+00   0.0000E+00  0.0000
   1.2589E+00   1.5849E+00   0.0000E+00  0.0000
   1.5849E+00   1.9953E+00   0.0000E+00  0.0000
   1.9953E+00   2.5119E+00   0.0000E+00  0.0000
   2.5119E+00   3.1623E+00   0.0000E+00  0.0000
   3.1623E+00   3.9811E+00   0.0000E+00  0.0000
   3.9811E+00   5.0119E+00   0.0000E+00  0.0000
   5.0119E+00   6.3096E+00   0.0000E+00  0.0000
   6.3096E+00   7.9433E+00   0.0000E+00  0.0000
   7.9433E+00   1.0000E+01   0.0000E+00  0.0000
   1.0000E+01   1.2589E+01   0.0000E+00  0.0000
   1.2589E+01   1.5849E+01   0.0000E+00  0.0000
   1.5849E+01   1.9953E+01   0.0000E+00  0.0000
   1.9953E+01   2.5119E+01   0.0000E+00  0.0000
   2.5119E+01   3.1623E+01   0.0000E+00  0.0000
   3.1623E+01   3.9811E+01   0.0000E+00  0.0000
   3.9811E+01   5.0119E+01   0.0000E+00  0.0000
   5.0119E+01   6.3096E+01   0.0000E+00  0.0000
   6.3096E+01   7.9433E+01   0.0000E+00  0.0000
   7.9433E+01   1.0000E+02   0.0000E+00  0.0000
   1.0000E+02   1.2589E+02   0.0000E+00  0.0000
   1.2589E+02   1.5849E+02   0.0000E+00  0.0000
   1.5849E+02   1.9953E+02   0.0000E+00  0.0000
   1.9953E+02   2.5119E+02   0.0000E+00  0.0000
   2.5119E+02   3.1623E+02   0.0000E+00  0.0000
   3.1623E+02   3.9811E+02   0.0000E+00  0.0000
   3.9811E+02   5.0119E+02   0.0000E+00  0.0000
   5.0119E+02   6.3096E+02   0.0000E+00  0.0000
   6.3096E+02   7.9433E+02   0.0000E+00  0.0000
   7.9433E+02   1.0000E+03   0.0000E+00  0.0000

#   sum over                 2.6402E-01  0.0151

'no. =  1,  reg  =    101'
msuc: {\huge Neutron track length in active He-3 gas}
msdr: {\it plotted by \ANGEL \version}
msdl: {\it calculated by \PHITS  3.36}
wt: s(0.7)
\vspace{-3}
   vol  &=&   1.0000E+00 [cm^3]
e:

#------------------------------------------------------------------------------
 newpage:
#   no. =  2   reg =    201

x: Energy [MeV/n]
y: Flux [1/cm^2/source]              
p: xlog ylog afac(0.8) form(0.9)
h: n            x            y(neutron ),hh0l n  
#  e-lower      e-upper        neutron   r.err 
   1.0000E-10   1.2589E-10   0.0000E+00  0.0000
   1.2589E-10   1.5849E-10   0.0000E+00  0.0000
   1.5849E-10   1.9953E-10   0.0000E+00  0.0000
   1.9953E-10   2.5119E-10   0.0000E+00  0.0000
   2.5119E-10   3.1623E-10   0.0000E+00  0.0000
   3.1623E-10   3.9811E-10   0.0000E+00  0.0000
   3.9811E-10   5.0119E-10   0.0000E+00  0.0000
   5.0119E-10   6.3096E-10   0.0000E+00  0.0000
   6.3096E-10   7.9433E-10   0.0000E+00  0.0000
   7.9433E-10   1.0000E-09   0.0000E+00  0.0000
   1.0000E-09   1.2589E-09   0.0000E+00  0.0000
   1.2589E-09   1.5849E-09   3.6739E-07  0.7257
   1.5849E-09   1.9953E-09   1.0128E-06  1.0000
   1.9953E-09   2.5119E-09   4.3067E-07  0.7201
   2.5119E-09   3.1623E-09   3.2281E-06  0.8277
   3.1623E-09   3.9811E-09   1.3385E-06  0.8890
   3.9811E-09   5.0119E-09   4.3532E-06  0.6340
   5.0119E-09   6.3096E-09   7.2648E-06  0.6845
   6.3096E-09   7.9433E-09   4.3967E-06  0.7119
   7.9433E-09   1.0000E-08   3.8364E-05  0.4643
   1.0000E-08   1.2589E-08   3.0293E-05  0.3745
   1.2589E-08   1.5849E-08   3.6978E-05  0.2555
   1.5849E-08   1.9953E-08   6.8242E-05  0.1747
   1.9953E-08   2.5119E-08   1.1856E-04  0.1725
   2.5119E-08   3.1623E-08   1.6172E-04  0.1457
   3.1623E-08   3.9811E-08   2.9047E-04  0.1339
   3.9811E-08   5.0119E-08   3.2812E-04  0.1195
   5.0119E-08   6.3096E-08   3.6375E-04  0.1312
   6.3096E-08   7.9433E-08   4.5268E-04  0.1178
   7.9433E-08   1.0000E-07   3.9736E-04  0.1236
   1.0000E-07   1.2589E-07   3.8275E-04  0.1551
   1.2589E-07   1.5849E-07   2.6051E-04  0.2499
   1.5849E-07   1.9953E-07   1.5835E-04  0.2932
   1.9953E-07   2.5119E-07   1.2239E-04  0.3752
   2.5119E-07   3.1623E-07   1.2725E-04  0.3620
   3.1623E-07   3.9811E-07   1.0830E-05  0.6381
   3.9811E-07   5.0119E-07   8.7053E-05  0.4247
   5.0119E-07   6.3096E-07   9.7287E-05  0.5928
   6.3096E-07   7.9433E-07   6.2267E-05  0.7606
   7.9433E-07   1.0000E-06   1.5833E-05  0.5463
   1.0000E-06   1.2589E-06   6.8703E-05  0.7209
   1.2589E-06   1.5849E-06   6.4729E-05  0.7274
   1.5849E-06   1.9953E-06   4.4516E-05  0.5334
   1.9953E-06   2.5119E-06   7.0532E-05  0.6845
   2.5119E-06   3.1623E-06   2.2515E-04  0.5505
   3.1623E-06   3.9811E-06   1.7163E-04  0.5003
   3.9811E-06   5.0119E-06   9.4313E-05  0.6521
   5.0119E-06   6.3096E-06   1.1737E-04  0.5677
   6.3096E-06   7.9433E-06   3.4783E-04  0.5508
   7.9433E-06   1.0000E-05   5.6978E-05  0.7744
   1.0000E-05   1.2589E-05   8.5580E-05  0.7173
   1.2589E-05   1.5849E-05   4.7672E-05  0.9534
   1.5849E-05   1.9953E-05   5.1990E-05  0.7542
   1.9953E-05   2.5119E-05   0.0000E+00  0.0000
   2.5119E-05   3.1623E-05   8.5061E-05  0.6468
   3.1623E-05   3.9811E-05   2.8139E-05  1.0000
   3.9811E-05   5.0119E-05   2.1232E-04  0.7184
   5.0119E-05   6.3096E-05   9.4774E-05  0.7089
   6.3096E-05   7.9433E-05   7.8715E-05  0.7807
   7.9433E-05   1.0000E-04   1.1861E-04  0.5868
   1.0000E-04   1.2589E-04   8.5112E-05  0.7072
   1.2589E-04   1.5849E-04   1.0010E-04  0.5951
   1.5849E-04   1.9953E-04   1.5149E-04  0.6125
   1.9953E-04   2.5119E-04   1.0281E-04  0.5594
   2.5119E-04   3.1623E-04   2.4379E-04  0.5111
   3.1623E-04   3.9811E-04   4.6844E-05  1.0000
   3.9811E-04   5.0119E-04   8.5258E-05  0.7072
   5.0119E-04   6.3096E-04   0.0000E+00  0.0000
   6.3096E-04   7.9433E-04   9.9468E-05  1.0000
   7.9433E-04   1.0000E-03   8.5212E-05  0.6175
   1.0000E-03   1.2589E-03   1.3695E-04  0.7911
   1.2589E-03   1.5849E-03   4.3032E-05  1.0000
   1.5849E-03   1.9953E-03   5.7428E-05  1.0000
   1.9953E-03   2.5119E-03   8.7143E-05  0.7071
   2.5119E-03   3.1623E-03   5.0536E-05  1.0000
   3.1623E-03   3.9811E-03   0.0000E+00  0.0000
   3.9811E-03   5.0119E-03   1.0527E-04  0.6055
   5.0119E-03   6.3096E-03   3.6888E-05  1.0000
   6.3096E-03   7.9433E-03   8.2032E-05  0.7426
   7.9433E-03   1.0000E-02   1.3962E-04  0.5867
   1.0000E-02   1.2589E-02   7.9666E-05  1.0000
   1.2589E-02   1.5849E-02   0.0000E+00  0.0000
   1.5849E-02   1.9953E-02   0.0000E+00  0.0000
   1.9953E-02   2.5119E-02   0.0000E+00  0.0000
   2.5119E-02   3.1623E-02   0.0000E+00  0.0000
   3.1623E-02   3.9811E-02   0.0000E+00  0.0000
   3.9811E-02   5.0119E-02   0.0000E+00  0.0000
   5.0119E-02   6.3096E-02   0.0000E+00  0.0000
   6.3096E-02   7.9433E-02   0.0000E+00  0.0000
   7.9433E-02   1.0000E-01   5.6833E-05  1.0000
   1.0000E-01   1.2589E-01   4.8041E-05  1.0000
   1.2589E-01   1.5849E-01   0.0000E+00  0.0000
   1.5849E-01   1.9953E-01   0.0000E+00  0.0000
   1.9953E-01   2.5119E-01   0.0000E+00  0.0000
   2.5119E-01   3.1623E-01   0.0000E+00  0.0000
   3.1623E-01   3.9811E-01   0.0000E+00  0.0000
   3.9811E-01   5.0119E-01   0.0000E+00  0.0000
   5.0119E-01   6.3096E-01   0.0000E+00  0.0000
   6.3096E-01   7.9433E-01   0.0000E+00  0.0000
   7.9433E-01   1.0000E+00   0.0000E+00  0.0000
   1.0000E+00   1.2589E+00   0.0000E+00  0.0000
   1.2589E+00   1.5849E+00   0.0000E+00  0.0000
   1.5849E+00   1.9953E+00   0.0000E+00  0.0000
   1.9953E+00   2.5119E+00   0.0000E+00  0.0000
   2.5119E+00   3.1623E+00   0.0000E+00  0.0000
   3.1623E+00   3.9811E+00   0.0000E+00  0.0000
   3.9811E+00   5.0119E+00   0.0000E+00  0.0000
   5.0119E+00   6.3096E+00   0.0000E+00  0.0000
   6.3096E+00   7.9433E+00   0.0000E+00  0.0000
   7.9433E+00   1.0000E+01   0.0000E+00  0.0000
   1.0000E+01   1.2589E+01   0.0000E+00  0.0000
   1.2589E+01   1.5849E+01   0.0000E+00  0.0000
   1.5849E+01   1.9953E+01   0.0000E+00  0.0000
   1.9953E+01   2.5119E+01   0.0000E+00  0.0000
   2.5119E+01   3.1623E+01   0.0000E+00  0.0000
   3.1623E+01   3.9811E+01   0.0000E+00  0.0000
   3.9811E+01   5.0119E+01   0.0000E+00  0.0000
   5.0119E+01   6.3096E+01   0.0000E+00  0.0000
   6.3096E+01   7.9433E+01   0.0000E+00  0.0000
   7.9433E+01   1.0000E+02   0.0000E+00  0.0000
   1.0000E+02   1.2589E+02   0.0000E+00  0.0000
   1.2589E+02   1.5849E+02   0.0000E+00  0.0000
   1.5849E+02   1.9953E+02   0.0000E+00  0.0000
   1.9953E+02   2.5119E+02   0.0000E+00  0.0000
   2.5119E+02   3.1623E+02   0.0000E+00  0.0000
   3.1623E+02   3.9811E+02   0.0000E+00  0.0000
   3.9811E+02   5.0119E+02   0.0000E+00  0.0000
   5.0119E+02   6.3096E+02   0.0000E+00  0.0000
   6.3096E+02   7.9433E+02   0.0000E+00  0.0000
   7.9433E+02   1.0000E+03   0.0000E+00  0.0000

#   sum over                 7.6216E-03  0.0709

'no. =  2,  reg  =    201'
msuc: {\huge Neutron track length in active He-3 gas}
msdr: {\it plotted by \ANGEL \version}
msdl: {\it calculated by \PHITS  3.36}
wt: s(0.7)
\vspace{-3}
   vol  &=&   1.0000E+00 [cm^3]
e:

#------------------------------------------------------------------------------
 newpage:
#   no. =  3   reg =    301

x: Energy [MeV/n]
y: Flux [1/cm^2/source]              
p: xlog ylog afac(0.8) form(0.9)
h: n            x            y(neutron ),hh0l n  
#  e-lower      e-upper        neutron   r.err 
   1.0000E-10   1.2589E-10   0.0000E+00  0.0000
   1.2589E-10   1.5849E-10   0.0000E+00  0.0000
   1.5849E-10   1.9953E-10   0.0000E+00  0.0000
   1.9953E-10   2.5119E-10   0.0000E+00  0.0000
   2.5119E-10   3.1623E-10   0.0000E+00  0.0000
   3.1623E-10   3.9811E-10   0.0000E+00  0.0000
   3.9811E-10   5.0119E-10   0.0000E+00  0.0000
   5.0119E-10   6.3096E-10   0.0000E+00  0.0000
   6.3096E-10   7.9433E-10   0.0000E+00  0.0000
   7.9433E-10   1.0000E-09   0.0000E+00  0.0000
   1.0000E-09   1.2589E-09   0.0000E+00  0.0000
   1.2589E-09   1.5849E-09   0.0000E+00  0.0000
   1.5849E-09   1.9953E-09   0.0000E+00  0.0000
   1.9953E-09   2.5119E-09   0.0000E+00  0.0000
   2.5119E-09   3.1623E-09   0.0000E+00  0.0000
   3.1623E-09   3.9811E-09   0.0000E+00  0.0000
   3.9811E-09   5.0119E-09   0.0000E+00  0.0000
   5.0119E-09   6.3096E-09   0.0000E+00  0.0000
   6.3096E-09   7.9433E-09   0.0000E+00  0.0000
   7.9433E-09   1.0000E-08   0.0000E+00  0.0000
   1.0000E-08   1.2589E-08   0.0000E+00  0.0000
   1.2589E-08   1.5849E-08   0.0000E+00  0.0000
   1.5849E-08   1.9953E-08   0.0000E+00  0.0000
   1.9953E-08   2.5119E-08   0.0000E+00  0.0000
   2.5119E-08   3.1623E-08   0.0000E+00  0.0000
   3.1623E-08   3.9811E-08   0.0000E+00  0.0000
   3.9811E-08   5.0119E-08   0.0000E+00  0.0000
   5.0119E-08   6.3096E-08   0.0000E+00  0.0000
   6.3096E-08   7.9433E-08   0.0000E+00  0.0000
   7.9433E-08   1.0000E-07   0.0000E+00  0.0000
   1.0000E-07   1.2589E-07   0.0000E+00  0.0000
   1.2589E-07   1.5849E-07   0.0000E+00  0.0000
   1.5849E-07   1.9953E-07   0.0000E+00  0.0000
   1.9953E-07   2.5119E-07   0.0000E+00  0.0000
   2.5119E-07   3.1623E-07   0.0000E+00  0.0000
   3.1623E-07   3.9811E-07   0.0000E+00  0.0000
   3.9811E-07   5.0119E-07   0.0000E+00  0.0000
   5.0119E-07   6.3096E-07   0.0000E+00  0.0000
   6.3096E-07   7.9433E-07   0.0000E+00  0.0000
   7.9433E-07   1.0000E-06   0.0000E+00  0.0000
   1.0000E-06   1.2589E-06   0.0000E+00  0.0000
   1.2589E-06   1.5849E-06   0.0000E+00  0.0000
   1.5849E-06   1.9953E-06   0.0000E+00  0.0000
   1.9953E-06   2.5119E-06   0.0000E+00  0.0000
   2.5119E-06   3.1623E-06   0.0000E+00  0.0000
   3.1623E-06   3.9811E-06   0.0000E+00  0.0000
   3.9811E-06   5.0119E-06   0.0000E+00  0.0000
   5.0119E-06   6.3096E-06   0.0000E+00  0.0000
   6.3096E-06   7.9433E-06   0.0000E+00  0.0000
   7.9433E-06   1.0000E-05   0.0000E+00  0.0000
   1.0000E-05   1.2589E-05   0.0000E+00  0.0000
   1.2589E-05   1.5849E-05   0.0000E+00  0.0000
   1.5849E-05   1.9953E-05   0.0000E+00  0.0000
   1.9953E-05   2.5119E-05   0.0000E+00  0.0000
   2.5119E-05   3.1623E-05   0.0000E+00  0.0000
   3.1623E-05   3.9811E-05   0.0000E+00  0.0000
   3.9811E-05   5.0119E-05   0.0000E+00  0.0000
   5.0119E-05   6.3096E-05   0.0000E+00  0.0000
   6.3096E-05   7.9433E-05   0.0000E+00  0.0000
   7.9433E-05   1.0000E-04   0.0000E+00  0.0000
   1.0000E-04   1.2589E-04   0.0000E+00  0.0000
   1.2589E-04   1.5849E-04   0.0000E+00  0.0000
   1.5849E-04   1.9953E-04   0.0000E+00  0.0000
   1.9953E-04   2.5119E-04   0.0000E+00  0.0000
   2.5119E-04   3.1623E-04   0.0000E+00  0.0000
   3.1623E-04   3.9811E-04   0.0000E+00  0.0000
   3.9811E-04   5.0119E-04   0.0000E+00  0.0000
   5.0119E-04   6.3096E-04   0.0000E+00  0.0000
   6.3096E-04   7.9433E-04   0.0000E+00  0.0000
   7.9433E-04   1.0000E-03   0.0000E+00  0.0000
   1.0000E-03   1.2589E-03   0.0000E+00  0.0000
   1.2589E-03   1.5849E-03   0.0000E+00  0.0000
   1.5849E-03   1.9953E-03   0.0000E+00  0.0000
   1.9953E-03   2.5119E-03   0.0000E+00  0.0000
   2.5119E-03   3.1623E-03   0.0000E+00  0.0000
   3.1623E-03   3.9811E-03   0.0000E+00  0.0000
   3.9811E-03   5.0119E-03   0.0000E+00  0.0000
   5.0119E-03   6.3096E-03   0.0000E+00  0.0000
   6.3096E-03   7.9433E-03   0.0000E+00  0.0000
   7.9433E-03   1.0000E-02   0.0000E+00  0.0000
   1.0000E-02   1.2589E-02   0.0000E+00  0.0000
   1.2589E-02   1.5849E-02   0.0000E+00  0.0000
   1.5849E-02   1.9953E-02   0.0000E+00  0.0000
   1.9953E-02   2.5119E-02   0.0000E+00  0.0000
   2.5119E-02   3.1623E-02   5.0619E-06  1.0000
   3.1623E-02   3.9811E-02   8.8501E-06  1.0000
   3.9811E-02   5.0119E-02   0.0000E+00  0.0000
   5.0119E-02   6.3096E-02   2.6278E-05  0.5876
   6.3096E-02   7.9433E-02   7.4249E-05  0.4296
   7.9433E-02   1.0000E-01   1.7411E-02  0.0457
   1.0000E-01   1.2589E-01   8.3337E-02  0.0182
   1.2589E-01   1.5849E-01   0.0000E+00  0.0000
   1.5849E-01   1.9953E-01   0.0000E+00  0.0000
   1.9953E-01   2.5119E-01   0.0000E+00  0.0000
   2.5119E-01   3.1623E-01   0.0000E+00  0.0000
   3.1623E-01   3.9811E-01   0.0000E+00  0.0000
   3.9811E-01   5.0119E-01   0.0000E+00  0.0000
   5.0119E-01   6.3096E-01   0.0000E+00  0.0000
   6.3096E-01   7.9433E-01   0.0000E+00  0.0000
   7.9433E-01   1.0000E+00   0.0000E+00  0.0000
   1.0000E+00   1.2589E+00   0.0000E+00  0.0000
   1.2589E+00   1.5849E+00   0.0000E+00  0.0000
   1.5849E+00   1.9953E+00   0.0000E+00  0.0000
   1.9953E+00   2.5119E+00   0.0000E+00  0.0000
   2.5119E+00   3.1623E+00   0.0000E+00  0.0000
   3.1623E+00   3.9811E+00   0.0000E+00  0.0000
   3.9811E+00   5.0119E+00   0.0000E+00  0.0000
   5.0119E+00   6.3096E+00   0.0000E+00  0.0000
   6.3096E+00   7.9433E+00   0.0000E+00  0.0000
   7.9433E+00   1.0000E+01   0.0000E+00  0.0000
   1.0000E+01   1.2589E+01   0.0000E+00  0.0000
   1.2589E+01   1.5849E+01   0.0000E+00  0.0000
   1.5849E+01   1.9953E+01   0.0000E+00  0.0000
   1.9953E+01   2.5119E+01   0.0000E+00  0.0000
   2.5119E+01   3.1623E+01   0.0000E+00  0.0000
   3.1623E+01   3.9811E+01   0.0000E+00  0.0000
   3.9811E+01   5.0119E+01   0.0000E+00  0.0000
   5.0119E+01   6.3096E+01   0.0000E+00  0.0000
   6.3096E+01   7.9433E+01   0.0000E+00  0.0000
   7.9433E+01   1.0000E+02   0.0000E+00  0.0000
   1.0000E+02   1.2589E+02   0.0000E+00  0.0000
   1.2589E+02   1.5849E+02   0.0000E+00  0.0000
   1.5849E+02   1.9953E+02   0.0000E+00  0.0000
   1.9953E+02   2.5119E+02   0.0000E+00  0.0000
   2.5119E+02   3.1623E+02   0.0000E+00  0.0000
   3.1623E+02   3.9811E+02   0.0000E+00  0.0000
   3.9811E+02   5.0119E+02   0.0000E+00  0.0000
   5.0119E+02   6.3096E+02   0.0000E+00  0.0000
   6.3096E+02   7.9433E+02   0.0000E+00  0.0000
   7.9433E+02   1.0000E+03   0.0000E+00  0.0000

#   sum over                 1.0086E-01  0.0178

'no. =  3,  reg  =    301'
msuc: {\huge Neutron track length in active He-3 gas}
msdr: {\it plotted by \ANGEL \version}
msdl: {\it calculated by \PHITS  3.36}
wt: s(0.7)
\vspace{-3}
   vol  &=&   1.0000E+00 [cm^3]
e:

#------------------------------------------------------------------------------
 newpage:
#   no. =  4   reg =    401

x: Energy [MeV/n]
y: Flux [1/cm^2/source]              
p: xlog ylog afac(0.8) form(0.9)
h: n            x            y(neutron ),hh0l n  
#  e-lower      e-upper        neutron   r.err 
   1.0000E-10   1.2589E-10   0.0000E+00  0.0000
   1.2589E-10   1.5849E-10   0.0000E+00  0.0000
   1.5849E-10   1.9953E-10   0.0000E+00  0.0000
   1.9953E-10   2.5119E-10   0.0000E+00  0.0000
   2.5119E-10   3.1623E-10   0.0000E+00  0.0000
   3.1623E-10   3.9811E-10   2.9687E-07  1.0000
   3.9811E-10   5.0119E-10   0.0000E+00  0.0000
   5.0119E-10   6.3096E-10   0.0000E+00  0.0000
   6.3096E-10   7.9433E-10   0.0000E+00  0.0000
   7.9433E-10   1.0000E-09   0.0000E+00  0.0000
   1.0000E-09   1.2589E-09   0.0000E+00  0.0000
   1.2589E-09   1.5849E-09   0.0000E+00  0.0000
   1.5849E-09   1.9953E-09   0.0000E+00  0.0000
   1.9953E-09   2.5119E-09   0.0000E+00  0.0000
   2.5119E-09   3.1623E-09   1.1460E-06  0.7353
   3.1623E-09   3.9811E-09   1.1065E-06  1.0000
   3.9811E-09   5.0119E-09   4.9934E-06  0.7374
   5.0119E-09   6.3096E-09   1.0834E-06  0.6763
   6.3096E-09   7.9433E-09   1.1232E-05  0.3578
   7.9433E-09   1.0000E-08   7.8989E-06  0.3427
   1.0000E-08   1.2589E-08   3.2855E-05  0.2562
   1.2589E-08   1.5849E-08   5.6910E-05  0.2288
   1.5849E-08   1.9953E-08   8.0929E-05  0.2347
   1.9953E-08   2.5119E-08   1.2128E-04  0.1819
   2.5119E-08   3.1623E-08   2.2246E-04  0.1478
   3.1623E-08   3.9811E-08   2.9320E-04  0.1376
   3.9811E-08   5.0119E-08   2.8671E-04  0.1316
   5.0119E-08   6.3096E-08   4.9587E-04  0.1099
   6.3096E-08   7.9433E-08   5.8201E-04  0.1251
   7.9433E-08   1.0000E-07   5.6288E-04  0.1157
   1.0000E-07   1.2589E-07   4.5197E-04  0.1385
   1.2589E-07   1.5849E-07   2.3704E-04  0.1802
   1.5849E-07   1.9953E-07   2.0907E-04  0.2422
   1.9953E-07   2.5119E-07   1.7738E-04  0.2535
   2.5119E-07   3.1623E-07   1.6948E-04  0.3139
   3.1623E-07   3.9811E-07   6.5785E-05  0.4040
   3.9811E-07   5.0119E-07   1.7994E-04  0.3237
   5.0119E-07   6.3096E-07   1.1486E-04  0.4114
   6.3096E-07   7.9433E-07   2.4859E-04  0.2788
   7.9433E-07   1.0000E-06   2.4117E-04  0.3125
   1.0000E-06   1.2589E-06   2.7214E-04  0.3104
   1.2589E-06   1.5849E-06   2.4794E-04  0.2800
   1.5849E-06   1.9953E-06   2.0909E-04  0.3800
   1.9953E-06   2.5119E-06   1.9002E-04  0.3946
   2.5119E-06   3.1623E-06   1.9536E-04  0.3534
   3.1623E-06   3.9811E-06   1.4885E-04  0.3321
   3.9811E-06   5.0119E-06   1.8454E-04  0.3443
   5.0119E-06   6.3096E-06   2.0545E-04  0.4653
   6.3096E-06   7.9433E-06   1.8012E-04  0.3268
   7.9433E-06   1.0000E-05   2.4954E-04  0.3472
   1.0000E-05   1.2589E-05   1.9916E-04  0.3371
   1.2589E-05   1.5849E-05   2.2300E-04  0.3714
   1.5849E-05   1.9953E-05   1.1543E-04  0.4223
   1.9953E-05   2.5119E-05   3.2220E-04  0.3457
   2.5119E-05   3.1623E-05   2.3746E-04  0.3087
   3.1623E-05   3.9811E-05   1.9662E-04  0.3371
   3.9811E-05   5.0119E-05   1.4072E-04  0.4784
   5.0119E-05   6.3096E-05   2.3841E-04  0.3412
   6.3096E-05   7.9433E-05   1.4176E-04  0.4663
   7.9433E-05   1.0000E-04   3.3097E-04  0.3188
   1.0000E-04   1.2589E-04   1.4817E-04  0.3902
   1.2589E-04   1.5849E-04   1.6398E-04  0.3771
   1.5849E-04   1.9953E-04   1.2583E-04  0.4236
   1.9953E-04   2.5119E-04   1.5527E-04  0.4533
   2.5119E-04   3.1623E-04   2.8933E-04  0.2872
   3.1623E-04   3.9811E-04   2.6412E-04  0.3850
   3.9811E-04   5.0119E-04   1.4644E-04  0.4163
   5.0119E-04   6.3096E-04   1.6084E-04  0.3684
   6.3096E-04   7.9433E-04   2.0110E-04  0.3498
   7.9433E-04   1.0000E-03   2.1469E-04  0.3641
   1.0000E-03   1.2589E-03   1.8088E-04  0.4317
   1.2589E-03   1.5849E-03   6.8766E-05  0.5814
   1.5849E-03   1.9953E-03   1.4973E-04  0.4095
   1.9953E-03   2.5119E-03   1.2671E-04  0.4088
   2.5119E-03   3.1623E-03   2.3242E-04  0.4066
   3.1623E-03   3.9811E-03   1.8903E-04  0.3858
   3.9811E-03   5.0119E-03   1.4138E-04  0.3912
   5.0119E-03   6.3096E-03   2.3202E-04  0.3410
   6.3096E-03   7.9433E-03   2.1545E-04  0.3778
   7.9433E-03   1.0000E-02   1.4058E-04  0.4340
   1.0000E-02   1.2589E-02   5.8409E-05  0.5837
   1.2589E-02   1.5849E-02   1.2459E-04  0.4375
   1.5849E-02   1.9953E-02   4.0038E-05  0.7385
   1.9953E-02   2.5119E-02   7.5474E-06  1.0000
   2.5119E-02   3.1623E-02   5.3360E-05  0.7108
   3.1623E-02   3.9811E-02   6.7767E-05  0.5834
   3.9811E-02   5.0119E-02   5.2326E-05  0.7099
   5.0119E-02   6.3096E-02   6.7246E-05  0.7489
   6.3096E-02   7.9433E-02   1.2155E-04  0.4386
   7.9433E-02   1.0000E-01   7.0197E-05  0.6644
   1.0000E-01   1.2589E-01   0.0000E+00  0.0000
   1.2589E-01   1.5849E-01   0.0000E+00  0.0000
   1.5849E-01   1.9953E-01   0.0000E+00  0.0000
   1.9953E-01   2.5119E-01   0.0000E+00  0.0000
   2.5119E-01   3.1623E-01   0.0000E+00  0.0000
   3.1623E-01   3.9811E-01   0.0000E+00  0.0000
   3.9811E-01   5.0119E-01   0.0000E+00  0.0000
   5.0119E-01   6.3096E-01   0.0000E+00  0.0000
   6.3096E-01   7.9433E-01   0.0000E+00  0.0000
   7.9433E-01   1.0000E+00   0.0000E+00  0.0000
   1.0000E+00   1.2589E+00   0.0000E+00  0.0000
   1.2589E+00   1.5849E+00   0.0000E+00  0.0000
   1.5849E+00   1.9953E+00   0.0000E+00  0.0000
   1.9953E+00   2.5119E+00   0.0000E+00  0.0000
   2.5119E+00   3.1623E+00   0.0000E+00  0.0000
   3.1623E+00   3.9811E+00   0.0000E+00  0.0000
   3.9811E+00   5.0119E+00   0.0000E+00  0.0000
   5.0119E+00   6.3096E+00   0.0000E+00  0.0000
   6.3096E+00   7.9433E+00   0.0000E+00  0.0000
   7.9433E+00   1.0000E+01   0.0000E+00  0.0000
   1.0000E+01   1.2589E+01   0.0000E+00  0.0000
   1.2589E+01   1.5849E+01   0.0000E+00  0.0000
   1.5849E+01   1.9953E+01   0.0000E+00  0.0000
   1.9953E+01   2.5119E+01   0.0000E+00  0.0000
   2.5119E+01   3.1623E+01   0.0000E+00  0.0000
   3.1623E+01   3.9811E+01   0.0000E+00  0.0000
   3.9811E+01   5.0119E+01   0.0000E+00  0.0000
   5.0119E+01   6.3096E+01   0.0000E+00  0.0000
   6.3096E+01   7.9433E+01   0.0000E+00  0.0000
   7.9433E+01   1.0000E+02   0.0000E+00  0.0000
   1.0000E+02   1.2589E+02   0.0000E+00  0.0000
   1.2589E+02   1.5849E+02   0.0000E+00  0.0000
   1.5849E+02   1.9953E+02   0.0000E+00  0.0000
   1.9953E+02   2.5119E+02   0.0000E+00  0.0000
   2.5119E+02   3.1623E+02   0.0000E+00  0.0000
   3.1623E+02   3.9811E+02   0.0000E+00  0.0000
   3.9811E+02   5.0119E+02   0.0000E+00  0.0000
   5.0119E+02   6.3096E+02   0.0000E+00  0.0000
   6.3096E+02   7.9433E+02   0.0000E+00  0.0000
   7.9433E+02   1.0000E+03   0.0000E+00  0.0000

#   sum over                 1.3297E-02  0.0461

'no. =  4,  reg  =    401'
msuc: {\huge Neutron track length in active He-3 gas}
msdr: {\it plotted by \ANGEL \version}
msdl: {\it calculated by \PHITS  3.36}
wt: s(0.7)
\vspace{-3}
   vol  &=&   1.0000E+00 [cm^3]
e:
 
# Information for Restart Calculation
# This calculation was newly started
# istdev =  2 # 1:Batch variance, 2:History variance
# resc2  = 1.50087653844420740E+05 # Total source weight or Total source weight / maxcas
# resc3  = 1.50000000000000000E+05 # Total history number or Total batch number
# maxcas =      150000 # History / Batch, only used for istdev=1
# bitrseed = 0101111110011110001011111000011000101011001000001000010001101110 # bit data of rseed
