[ T-Track ]
    title = Flux spectrum in room air (upper 2 m, lower 1 m)
     mesh =  reg            # mesh type is region-wise
      reg = 300 301
   e-type =    3            # e-mesh is log given by emin, emax and ne
     emin =  1.0000000E-10  # minimum value of e-mesh points
     emax =   100000.0      # maximum value of e-mesh points
#    edel =  0.5756463      # mesh width of e-mesh points
       ne =     60          # number of e-mesh points
#    data = ( e(i), i = 1, ne + 1 )
#           1.00000E-10  1.77828E-10  3.16228E-10  5.62341E-10  1.00000E-09
#           1.77828E-09  3.16228E-09  5.62341E-09  1.00000E-08  1.77828E-08
#           3.16228E-08  5.62341E-08  1.00000E-07  1.77828E-07  3.16228E-07
#           5.62341E-07  1.00000E-06  1.77828E-06  3.16228E-06  5.62341E-06
#           1.00000E-05  1.77828E-05  3.16228E-05  5.62341E-05  1.00000E-04
#           1.77828E-04  3.16228E-04  5.62341E-04  1.00000E-03  1.77828E-03
#           3.16228E-03  5.62341E-03  1.00000E-02  1.77828E-02  3.16228E-02
#           5.62341E-02  1.00000E-01  1.77828E-01  3.16228E-01  5.62341E-01
#           1.00000E+00  1.77828E+00  3.16228E+00  5.62341E+00  1.00000E+01
#           1.77828E+01  3.16228E+01  5.62341E+01  1.00000E+02  1.77828E+02
#           3.16228E+02  5.62341E+02  1.00000E+03  1.77828E+03  3.16228E+03
#           5.62341E+03  1.00000E+04  1.77828E+04  3.16228E+04  5.62341E+04
#           1.00000E+05
     unit =    1            # unit is [1/cm^2/source]
 material =  all            # (D=all) number of specific material
     axis =     eng            # axis of output
     file = room_spec.out   # file name of output for the above axis
     part =  neutron    muon-      muon+      proton   
# kf/name :  2112       13         -13        2212     
#    used :        main (  %)        temp (  %)       total (  %)
#  memory :          67 (  0)           0 (  0)          67 (  0)

#------------------------------------------------------------------------------
#newpage:
#   no. =  1   reg =    300

x: Energy [MeV/n]
y: Flux [1/cm^2/source]              
p: xlog ylog afac(0.8) form(0.9)
h: n            x            y(neutron ),hh0l n  y(muon-   ),hh0dr n  y(muon+   ),hh0ub n  y(proton  ),hh0mg n  
#  e-lower      e-upper        neutron   r.err      muon-     r.err      muon+     r.err      proton    r.err 
   1.0000E-10   1.7783E-10   0.0000E+00  0.0000   0.0000E+00  0.0000   0.0000E+00  0.0000   0.0000E+00  0.0000
   1.7783E-10   3.1623E-10   0.0000E+00  0.0000   0.0000E+00  0.0000   0.0000E+00  0.0000   0.0000E+00  0.0000
   3.1623E-10   5.6234E-10   0.0000E+00  0.0000   0.0000E+00  0.0000   0.0000E+00  0.0000   0.0000E+00  0.0000
   5.6234E-10   1.0000E-09   1.6494E-05  0.7175   0.0000E+00  0.0000   0.0000E+00  0.0000   0.0000E+00  0.0000
   1.0000E-09   1.7783E-09   4.2665E-08  1.0000   0.0000E+00  0.0000   0.0000E+00  0.0000   0.0000E+00  0.0000
   1.7783E-09   3.1623E-09   1.3644E-06  1.0000   0.0000E+00  0.0000   0.0000E+00  0.0000   0.0000E+00  0.0000
   3.1623E-09   5.6234E-09   5.0230E-05  0.7255   0.0000E+00  0.0000   0.0000E+00  0.0000   0.0000E+00  0.0000
   5.6234E-09   1.0000E-08   8.4152E-05  0.6741   0.0000E+00  0.0000   0.0000E+00  0.0000   0.0000E+00  0.0000
   1.0000E-08   1.7783E-08   2.0181E-04  0.4410   0.0000E+00  0.0000   0.0000E+00  0.0000   0.0000E+00  0.0000
   1.7783E-08   3.1623E-08   4.8829E-04  0.3648   0.0000E+00  0.0000   0.0000E+00  0.0000   0.0000E+00  0.0000
   3.1623E-08   5.6234E-08   6.0905E-04  0.3591   0.0000E+00  0.0000   0.0000E+00  0.0000   0.0000E+00  0.0000
   5.6234E-08   1.0000E-07   7.4326E-04  0.3499   0.0000E+00  0.0000   0.0000E+00  0.0000   0.0000E+00  0.0000
   1.0000E-07   1.7783E-07   2.4757E-04  0.5344   0.0000E+00  0.0000   0.0000E+00  0.0000   0.0000E+00  0.0000
   1.7783E-07   3.1623E-07   1.2015E-04  0.4566   0.0000E+00  0.0000   0.0000E+00  0.0000   0.0000E+00  0.0000
   3.1623E-07   5.6234E-07   6.1671E-05  0.7939   0.0000E+00  0.0000   0.0000E+00  0.0000   0.0000E+00  0.0000
   5.6234E-07   1.0000E-06   1.4638E-06  1.0000   0.0000E+00  0.0000   0.0000E+00  0.0000   0.0000E+00  0.0000
   1.0000E-06   1.7783E-06   2.6434E-05  0.9846   0.0000E+00  0.0000   0.0000E+00  0.0000   0.0000E+00  0.0000
   1.7783E-06   3.1623E-06   4.0764E-06  0.7067   0.0000E+00  0.0000   0.0000E+00  0.0000   0.0000E+00  0.0000
   3.1623E-06   5.6234E-06   7.4483E-05  0.6239   0.0000E+00  0.0000   0.0000E+00  0.0000   0.0000E+00  0.0000
   5.6234E-06   1.0000E-05   7.7492E-05  0.7101   0.0000E+00  0.0000   0.0000E+00  0.0000   0.0000E+00  0.0000
   1.0000E-05   1.7783E-05   1.0505E-04  0.8619   0.0000E+00  0.0000   0.0000E+00  0.0000   0.0000E+00  0.0000
   1.7783E-05   3.1623E-05   1.0677E-05  0.6555   0.0000E+00  0.0000   0.0000E+00  0.0000   0.0000E+00  0.0000
   3.1623E-05   5.6234E-05   8.1850E-06  0.5866   0.0000E+00  0.0000   0.0000E+00  0.0000   0.0000E+00  0.0000
   5.6234E-05   1.0000E-04   1.0605E-05  0.6318   0.0000E+00  0.0000   0.0000E+00  0.0000   0.0000E+00  0.0000
   1.0000E-04   1.7783E-04   5.1383E-06  0.8714   0.0000E+00  0.0000   0.0000E+00  0.0000   0.0000E+00  0.0000
   1.7783E-04   3.1623E-04   4.1023E-05  0.7500   0.0000E+00  0.0000   0.0000E+00  0.0000   0.0000E+00  0.0000
   3.1623E-04   5.6234E-04   5.5156E-06  0.7075   0.0000E+00  0.0000   0.0000E+00  0.0000   0.0000E+00  0.0000
   5.6234E-04   1.0000E-03   0.0000E+00  0.0000   0.0000E+00  0.0000   0.0000E+00  0.0000   0.0000E+00  0.0000
   1.0000E-03   1.7783E-03   1.2302E-05  0.7310   0.0000E+00  0.0000   0.0000E+00  0.0000   5.9508E-10  1.0000
   1.7783E-03   3.1623E-03   1.5123E-05  0.7387   0.0000E+00  0.0000   0.0000E+00  0.0000   8.5393E-10  1.0000
   3.1623E-03   5.6234E-03   9.1282E-06  0.5865   0.0000E+00  0.0000   0.0000E+00  0.0000   1.2082E-09  1.0000
   5.6234E-03   1.0000E-02   9.2122E-06  0.6158   0.0000E+00  0.0000   0.0000E+00  0.0000   1.6901E-09  1.0000
   1.0000E-02   1.7783E-02   7.3067E-05  0.9238   0.0000E+00  0.0000   0.0000E+00  0.0000   2.3455E-09  1.0000
   1.7783E-02   3.1623E-02   7.7983E-05  0.6916   0.0000E+00  0.0000   0.0000E+00  0.0000   3.2723E-09  1.0000
   3.1623E-02   5.6234E-02   8.9248E-05  0.9859   0.0000E+00  0.0000   0.0000E+00  0.0000   5.0075E-09  1.0000
   5.6234E-02   1.0000E-01   6.7366E-05  0.5980   0.0000E+00  0.0000   0.0000E+00  0.0000   8.1210E-09  1.0000
   1.0000E-01   1.7783E-01   4.6831E-05  0.6019   0.0000E+00  0.0000   0.0000E+00  0.0000   1.4381E-08  1.0000
   1.7783E-01   3.1623E-01   2.9690E-04  0.8163   0.0000E+00  0.0000   0.0000E+00  0.0000   2.9543E-08  1.0000
   3.1623E-01   5.6234E-01   1.9664E-04  0.5898   0.0000E+00  0.0000   0.0000E+00  0.0000   7.1093E-08  1.0000
   5.6234E-01   1.0000E+00   1.9683E-04  0.4600   0.0000E+00  0.0000   0.0000E+00  0.0000   1.8477E-07  1.0000
   1.0000E+00   1.7783E+00   2.2247E-04  0.4588   0.0000E+00  0.0000   0.0000E+00  0.0000   4.8488E-07  1.0000
   1.7783E+00   3.1623E+00   3.1786E-04  0.5644   0.0000E+00  0.0000   0.0000E+00  0.0000   1.2868E-06  1.0000
   3.1623E+00   5.6234E+00   1.8491E-04  0.5601   0.0000E+00  0.0000   0.0000E+00  0.0000   2.7703E-07  1.0000
   5.6234E+00   1.0000E+01   1.3972E-04  0.5584   0.0000E+00  0.0000   0.0000E+00  0.0000   0.0000E+00  0.0000
   1.0000E+01   1.7783E+01   1.5676E-04  0.4427   0.0000E+00  0.0000   0.0000E+00  0.0000   2.3167E-05  1.0000
   1.7783E+01   3.1623E+01   6.0807E-05  0.6030   0.0000E+00  0.0000   0.0000E+00  0.0000   4.4915E-05  1.0000
   3.1623E+01   5.6234E+01   5.1505E-05  0.7373   0.0000E+00  0.0000   0.0000E+00  0.0000   0.0000E+00  0.0000
   5.6234E+01   1.0000E+02   1.1904E-04  0.7045   0.0000E+00  0.0000   0.0000E+00  0.0000   1.2617E-06  1.0000
   1.0000E+02   1.7783E+02   1.9627E-04  0.5074   0.0000E+00  0.0000   0.0000E+00  0.0000   1.3465E-05  0.7614
   1.7783E+02   3.1623E+02   3.2982E-04  0.5057   0.0000E+00  0.0000   0.0000E+00  0.0000   3.1347E-05  0.6316
   3.1623E+02   5.6234E+02   1.6081E-05  0.9377   0.0000E+00  0.0000   0.0000E+00  0.0000   2.1034E-06  1.0000
   5.6234E+02   1.0000E+03   0.0000E+00  0.0000   0.0000E+00  0.0000   0.0000E+00  0.0000   4.1803E-06  1.0000
   1.0000E+03   1.7783E+03   4.0518E-06  1.0000   0.0000E+00  0.0000   0.0000E+00  0.0000   8.5148E-06  0.7067
   1.7783E+03   3.1623E+03   0.0000E+00  0.0000   0.0000E+00  0.0000   0.0000E+00  0.0000   1.6051E-05  1.0000
   3.1623E+03   5.6234E+03   0.0000E+00  0.0000   0.0000E+00  0.0000   0.0000E+00  0.0000   0.0000E+00  0.0000
   5.6234E+03   1.0000E+04   0.0000E+00  0.0000   0.0000E+00  0.0000   0.0000E+00  0.0000   8.0145E-06  1.0000
   1.0000E+04   1.7783E+04   0.0000E+00  0.0000   0.0000E+00  0.0000   0.0000E+00  0.0000   0.0000E+00  0.0000
   1.7783E+04   3.1623E+04   0.0000E+00  0.0000   0.0000E+00  0.0000   0.0000E+00  0.0000   0.0000E+00  0.0000
   3.1623E+04   5.6234E+04   0.0000E+00  0.0000   0.0000E+00  0.0000   0.0000E+00  0.0000   7.7481E-06  1.0000
   5.6234E+04   1.0000E+05   0.0000E+00  0.0000   0.0000E+00  0.0000   0.0000E+00  0.0000   0.0000E+00  0.0000

#   sum over                 5.8841E-03  0.3382   0.0000E+00  0.0000   0.0000E+00  0.0000   1.6314E-04  0.4715

'no. =  1,  reg  =    300'
msuc: {\huge Flux spectrum in room air (upper 2 m, lower 1 m)}
msdr: {\it plotted by \ANGEL \version}
msdl: {\it calculated by \PHITS  3.36}
wt: s(0.7)
\vspace{-3}
   vol  &=&   1.2000E+08 [cm^3]
e:

#------------------------------------------------------------------------------
 newpage:
#   no. =  2   reg =    301

x: Energy [MeV/n]
y: Flux [1/cm^2/source]              
p: xlog ylog afac(0.8) form(0.9)
h: n            x            y(neutron ),hh0l n  y(muon-   ),hh0dr n  y(muon+   ),hh0ub n  y(proton  ),hh0mg n  
#  e-lower      e-upper        neutron   r.err      muon-     r.err      muon+     r.err      proton    r.err 
   1.0000E-10   1.7783E-10   0.0000E+00  0.0000   0.0000E+00  0.0000   0.0000E+00  0.0000   0.0000E+00  0.0000
   1.7783E-10   3.1623E-10   0.0000E+00  0.0000   0.0000E+00  0.0000   0.0000E+00  0.0000   0.0000E+00  0.0000
   3.1623E-10   5.6234E-10   0.0000E+00  0.0000   0.0000E+00  0.0000   0.0000E+00  0.0000   0.0000E+00  0.0000
   5.6234E-10   1.0000E-09   1.7878E-05  1.0000   0.0000E+00  0.0000   0.0000E+00  0.0000   0.0000E+00  0.0000
   1.0000E-09   1.7783E-09   1.3445E-06  1.0000   0.0000E+00  0.0000   0.0000E+00  0.0000   0.0000E+00  0.0000
   1.7783E-09   3.1623E-09   1.5580E-05  0.8340   0.0000E+00  0.0000   0.0000E+00  0.0000   0.0000E+00  0.0000
   3.1623E-09   5.6234E-09   6.1449E-05  0.7089   0.0000E+00  0.0000   0.0000E+00  0.0000   0.0000E+00  0.0000
   5.6234E-09   1.0000E-08   1.3519E-04  0.5802   0.0000E+00  0.0000   0.0000E+00  0.0000   0.0000E+00  0.0000
   1.0000E-08   1.7783E-08   2.3947E-04  0.5501   0.0000E+00  0.0000   0.0000E+00  0.0000   0.0000E+00  0.0000
   1.7783E-08   3.1623E-08   3.8535E-04  0.4872   0.0000E+00  0.0000   0.0000E+00  0.0000   0.0000E+00  0.0000
   3.1623E-08   5.6234E-08   5.7759E-04  0.4078   0.0000E+00  0.0000   0.0000E+00  0.0000   0.0000E+00  0.0000
   5.6234E-08   1.0000E-07   6.0627E-04  0.3534   0.0000E+00  0.0000   0.0000E+00  0.0000   0.0000E+00  0.0000
   1.0000E-07   1.7783E-07   2.4951E-04  0.5167   0.0000E+00  0.0000   0.0000E+00  0.0000   0.0000E+00  0.0000
   1.7783E-07   3.1623E-07   1.0022E-04  0.5173   0.0000E+00  0.0000   0.0000E+00  0.0000   0.0000E+00  0.0000
   3.1623E-07   5.6234E-07   6.5507E-05  0.9529   0.0000E+00  0.0000   0.0000E+00  0.0000   0.0000E+00  0.0000
   5.6234E-07   1.0000E-06   0.0000E+00  0.0000   0.0000E+00  0.0000   0.0000E+00  0.0000   0.0000E+00  0.0000
   1.0000E-06   1.7783E-06   3.6788E-05  0.8543   0.0000E+00  0.0000   0.0000E+00  0.0000   0.0000E+00  0.0000
   1.7783E-06   3.1623E-06   2.8646E-05  0.8189   0.0000E+00  0.0000   0.0000E+00  0.0000   0.0000E+00  0.0000
   3.1623E-06   5.6234E-06   5.8920E-05  0.7402   0.0000E+00  0.0000   0.0000E+00  0.0000   0.0000E+00  0.0000
   5.6234E-06   1.0000E-05   8.9104E-05  0.6990   0.0000E+00  0.0000   0.0000E+00  0.0000   0.0000E+00  0.0000
   1.0000E-05   1.7783E-05   2.4891E-05  0.8012   0.0000E+00  0.0000   0.0000E+00  0.0000   0.0000E+00  0.0000
   1.7783E-05   3.1623E-05   4.7242E-06  0.8896   0.0000E+00  0.0000   0.0000E+00  0.0000   0.0000E+00  0.0000
   3.1623E-05   5.6234E-05   2.0568E-06  1.0000   0.0000E+00  0.0000   0.0000E+00  0.0000   0.0000E+00  0.0000
   5.6234E-05   1.0000E-04   1.1167E-04  0.8728   0.0000E+00  0.0000   0.0000E+00  0.0000   0.0000E+00  0.0000
   1.0000E-04   1.7783E-04   1.1916E-05  0.7765   0.0000E+00  0.0000   0.0000E+00  0.0000   0.0000E+00  0.0000
   1.7783E-04   3.1623E-04   6.1756E-05  0.7087   0.0000E+00  0.0000   0.0000E+00  0.0000   0.0000E+00  0.0000
   3.1623E-04   5.6234E-04   2.3686E-06  0.7686   0.0000E+00  0.0000   0.0000E+00  0.0000   0.0000E+00  0.0000
   5.6234E-04   1.0000E-03   1.6509E-05  0.9036   0.0000E+00  0.0000   0.0000E+00  0.0000   0.0000E+00  0.0000
   1.0000E-03   1.7783E-03   2.7653E-06  1.0000   0.0000E+00  0.0000   0.0000E+00  0.0000   8.8245E-11  1.0000
   1.7783E-03   3.1623E-03   4.1674E-05  0.7066   0.0000E+00  0.0000   0.0000E+00  0.0000   1.2663E-10  1.0000
   3.1623E-03   5.6234E-03   5.0350E-06  0.8200   0.0000E+00  0.0000   0.0000E+00  0.0000   1.7917E-10  1.0000
   5.6234E-03   1.0000E-02   5.8436E-06  0.7120   0.0000E+00  0.0000   0.0000E+00  0.0000   2.5063E-10  1.0000
   1.0000E-02   1.7783E-02   1.2604E-04  0.7129   0.0000E+00  0.0000   0.0000E+00  0.0000   3.4782E-10  1.0000
   1.7783E-02   3.1623E-02   5.1826E-05  0.6269   0.0000E+00  0.0000   0.0000E+00  0.0000   4.8526E-10  1.0000
   3.1623E-02   5.6234E-02   1.6491E-04  0.9701   0.0000E+00  0.0000   0.0000E+00  0.0000   7.4257E-10  1.0000
   5.6234E-02   1.0000E-01   3.8848E-05  0.8770   0.0000E+00  0.0000   0.0000E+00  0.0000   1.2043E-09  1.0000
   1.0000E-01   1.7783E-01   1.3743E-05  0.5774   0.0000E+00  0.0000   0.0000E+00  0.0000   2.1326E-09  1.0000
   1.7783E-01   3.1623E-01   4.2670E-05  0.8400   0.0000E+00  0.0000   0.0000E+00  0.0000   4.3810E-09  1.0000
   3.1623E-01   5.6234E-01   1.3195E-04  0.6449   0.0000E+00  0.0000   0.0000E+00  0.0000   1.0542E-08  1.0000
   5.6234E-01   1.0000E+00   1.2589E-04  0.5866   0.0000E+00  0.0000   0.0000E+00  0.0000   2.7399E-08  1.0000
   1.0000E+00   1.7783E+00   1.3336E-04  0.6239   0.0000E+00  0.0000   0.0000E+00  0.0000   7.1903E-08  1.0000
   1.7783E+00   3.1623E+00   7.3411E-05  0.7101   0.0000E+00  0.0000   0.0000E+00  0.0000   1.9083E-07  1.0000
   3.1623E+00   5.6234E+00   1.9211E-04  0.6863   0.0000E+00  0.0000   0.0000E+00  0.0000   2.4580E-07  1.0000
   5.6234E+00   1.0000E+01   3.3396E-05  0.5997   0.0000E+00  0.0000   0.0000E+00  0.0000   3.7736E-06  0.9420
   1.0000E+01   1.7783E+01   1.1259E-04  0.6381   0.0000E+00  0.0000   0.0000E+00  0.0000   6.4535E-05  1.0000
   1.7783E+01   3.1623E+01   8.5673E-06  0.6576   0.0000E+00  0.0000   0.0000E+00  0.0000   0.0000E+00  0.0000
   3.1623E+01   5.6234E+01   2.0803E-05  0.6158   0.0000E+00  0.0000   0.0000E+00  0.0000   0.0000E+00  0.0000
   5.6234E+01   1.0000E+02   1.1393E-04  0.8490   0.0000E+00  0.0000   0.0000E+00  0.0000   0.0000E+00  0.0000
   1.0000E+02   1.7783E+02   7.1998E-05  0.6404   0.0000E+00  0.0000   0.0000E+00  0.0000   1.0125E-05  0.7211
   1.7783E+02   3.1623E+02   1.7126E-04  0.5684   0.0000E+00  0.0000   0.0000E+00  0.0000   2.8132E-05  0.6412
   3.1623E+02   5.6234E+02   2.0127E-06  1.0000   0.0000E+00  0.0000   0.0000E+00  0.0000   2.4212E-06  1.0000
   5.6234E+02   1.0000E+03   1.1853E-05  0.9106   0.0000E+00  0.0000   0.0000E+00  0.0000   4.1803E-06  1.0000
   1.0000E+03   1.7783E+03   3.0855E-06  1.0000   0.0000E+00  0.0000   0.0000E+00  0.0000   8.5148E-06  0.7067
   1.7783E+03   3.1623E+03   0.0000E+00  0.0000   0.0000E+00  0.0000   0.0000E+00  0.0000   1.6051E-05  1.0000
   3.1623E+03   5.6234E+03   0.0000E+00  0.0000   0.0000E+00  0.0000   0.0000E+00  0.0000   0.0000E+00  0.0000
   5.6234E+03   1.0000E+04   0.0000E+00  0.0000   0.0000E+00  0.0000   0.0000E+00  0.0000   8.0145E-06  1.0000
   1.0000E+04   1.7783E+04   0.0000E+00  0.0000   0.0000E+00  0.0000   0.0000E+00  0.0000   0.0000E+00  0.0000
   1.7783E+04   3.1623E+04   0.0000E+00  0.0000   0.0000E+00  0.0000   0.0000E+00  0.0000   0.0000E+00  0.0000
   3.1623E+04   5.6234E+04   0.0000E+00  0.0000   0.0000E+00  0.0000   0.0000E+00  0.0000   0.0000E+00  0.0000
   5.6234E+04   1.0000E+05   0.0000E+00  0.0000   0.0000E+00  0.0000   0.0000E+00  0.0000   0.0000E+00  0.0000

#   sum over                 4.6043E-03  0.3943   0.0000E+00  0.0000   0.0000E+00  0.0000   1.4630E-04  0.5155

'no. =  2,  reg  =    301'
msuc: {\huge Flux spectrum in room air (upper 2 m, lower 1 m)}
msdr: {\it plotted by \ANGEL \version}
msdl: {\it calculated by \PHITS  3.36}
wt: s(0.7)
\vspace{-3}
   vol  &=&   6.0000E+07 [cm^3]
e:
 
# Information for Restart Calculation
# This calculation was newly started
# istdev =  2 # 1:Batch variance, 2:History variance
# resc2  = 2.49898995958591288E-02 # Total source weight or Total source weight / maxcas
# resc3  = 7.00000000000000000E+02 # Total history number or Total batch number
# maxcas =         700 # History / Batch, only used for istdev=1
# bitrseed = 1110010110110111001101001011000001011111110101000011101011010101 # bit data of rseed
