[ T-Track ]
    title = Neutron track length in active He-3 gas
     mesh =  reg            # mesh type is region-wise
      reg = 101 201 301 401
   e-type =    3            # e-mesh is log given by emin, emax and ne
     emin =  1.0000000E-10  # minimum value of e-mesh points
     emax =   1000.000      # maximum value of e-mesh points
#    edel =  0.2302585      # mesh width of e-mesh points
       ne =    130          # number of e-mesh points
#    data = ( e(i), i = 1, ne + 1 )
#           1.00000E-10  1.25893E-10  1.58489E-10  1.99526E-10  2.51189E-10
#           3.16228E-10  3.98107E-10  5.01187E-10  6.30957E-10  7.94328E-10
#           1.00000E-09  1.25893E-09  1.58489E-09  1.99526E-09  2.51189E-09
#           3.16228E-09  3.98107E-09  5.01187E-09  6.30957E-09  7.94328E-09
#           1.00000E-08  1.25893E-08  1.58489E-08  1.99526E-08  2.51189E-08
#           3.16228E-08  3.98107E-08  5.01187E-08  6.30957E-08  7.94328E-08
#           1.00000E-07  1.25893E-07  1.58489E-07  1.99526E-07  2.51189E-07
#           3.16228E-07  3.98107E-07  5.01187E-07  6.30957E-07  7.94328E-07
#           1.00000E-06  1.25893E-06  1.58489E-06  1.99526E-06  2.51189E-06
#           3.16228E-06  3.98107E-06  5.01187E-06  6.30957E-06  7.94328E-06
#           1.00000E-05  1.25893E-05  1.58489E-05  1.99526E-05  2.51189E-05
#           3.16228E-05  3.98107E-05  5.01187E-05  6.30957E-05  7.94328E-05
#           1.00000E-04  1.25893E-04  1.58489E-04  1.99526E-04  2.51189E-04
#           3.16228E-04  3.98107E-04  5.01187E-04  6.30957E-04  7.94328E-04
#           1.00000E-03  1.25893E-03  1.58489E-03  1.99526E-03  2.51189E-03
#           3.16228E-03  3.98107E-03  5.01187E-03  6.30957E-03  7.94328E-03
#           1.00000E-02  1.25893E-02  1.58489E-02  1.99526E-02  2.51189E-02
#           3.16228E-02  3.98107E-02  5.01187E-02  6.30957E-02  7.94328E-02
#           1.00000E-01  1.25893E-01  1.58489E-01  1.99526E-01  2.51189E-01
#           3.16228E-01  3.98107E-01  5.01187E-01  6.30957E-01  7.94328E-01
#           1.00000E+00  1.25893E+00  1.58489E+00  1.99526E+00  2.51189E+00
#           3.16228E+00  3.98107E+00  5.01187E+00  6.30957E+00  7.94328E+00
#           1.00000E+01  1.25893E+01  1.58489E+01  1.99526E+01  2.51189E+01
#           3.16228E+01  3.98107E+01  5.01187E+01  6.30957E+01  7.94328E+01
#           1.00000E+02  1.25893E+02  1.58489E+02  1.99526E+02  2.51189E+02
#           3.16228E+02  3.98107E+02  5.01187E+02  6.30957E+02  7.94328E+02
#           1.00000E+03
     unit =    1            # unit is [1/cm^2/source]
 material =  all            # (D=all) number of specific material
     axis =     eng            # axis of output
     file = gas_track.out   # file name of output for the above axis
     part =  neutron  
# kf/name :  2112     
#    used :        main (  %)        temp (  %)       total (  %)
#  memory :         139 (  0)           0 (  0)         139 (  0)

#------------------------------------------------------------------------------
#newpage:
#   no. =  1   reg =    101

x: Energy [MeV/n]
y: Flux [1/cm^2/source]              
p: xlog ylog afac(0.8) form(0.9)
h: n            x            y(neutron ),hh0l n  
#  e-lower      e-upper        neutron   r.err 
   1.0000E-10   1.2589E-10   0.0000E+00  0.0000
   1.2589E-10   1.5849E-10   0.0000E+00  0.0000
   1.5849E-10   1.9953E-10   0.0000E+00  0.0000
   1.9953E-10   2.5119E-10   0.0000E+00  0.0000
   2.5119E-10   3.1623E-10   0.0000E+00  0.0000
   3.1623E-10   3.9811E-10   0.0000E+00  0.0000
   3.9811E-10   5.0119E-10   0.0000E+00  0.0000
   5.0119E-10   6.3096E-10   0.0000E+00  0.0000
   6.3096E-10   7.9433E-10   0.0000E+00  0.0000
   7.9433E-10   1.0000E-09   0.0000E+00  0.0000
   1.0000E-09   1.2589E-09   0.0000E+00  0.0000
   1.2589E-09   1.5849E-09   0.0000E+00  0.0000
   1.5849E-09   1.9953E-09   0.0000E+00  0.0000
   1.9953E-09   2.5119E-09   0.0000E+00  0.0000
   2.5119E-09   3.1623E-09   0.0000E+00  0.0000
   3.1623E-09   3.9811E-09   0.0000E+00  0.0000
   3.9811E-09   5.0119E-09   0.0000E+00  0.0000
   5.0119E-09   6.3096E-09   0.0000E+00  0.0000
   6.3096E-09   7.9433E-09   0.0000E+00  0.0000
   7.9433E-09   1.0000E-08   0.0000E+00  0.0000
   1.0000E-08   1.2589E-08   0.0000E+00  0.0000
   1.2589E-08   1.5849E-08   0.0000E+00  0.0000
   1.5849E-08   1.9953E-08   0.0000E+00  0.0000
   1.9953E-08   2.5119E-08   0.0000E+00  0.0000
   2.5119E-08   3.1623E-08   0.0000E+00  0.0000
   3.1623E-08   3.9811E-08   0.0000E+00  0.0000
   3.9811E-08   5.0119E-08   0.0000E+00  0.0000
   5.0119E-08   6.3096E-08   0.0000E+00  0.0000
   6.3096E-08   7.9433E-08   0.0000E+00  0.0000
   7.9433E-08   1.0000E-07   0.0000E+00  0.0000
   1.0000E-07   1.2589E-07   0.0000E+00  0.0000
   1.2589E-07   1.5849E-07   0.0000E+00  0.0000
   1.5849E-07   1.9953E-07   0.0000E+00  0.0000
   1.9953E-07   2.5119E-07   0.0000E+00  0.0000
   2.5119E-07   3.1623E-07   0.0000E+00  0.0000
   3.1623E-07   3.9811E-07   0.0000E+00  0.0000
   3.9811E-07   5.0119E-07   0.0000E+00  0.0000
   5.0119E-07   6.3096E-07   0.0000E+00  0.0000
   6.3096E-07   7.9433E-07   0.0000E+00  0.0000
   7.9433E-07   1.0000E-06   0.0000E+00  0.0000
   1.0000E-06   1.2589E-06   0.0000E+00  0.0000
   1.2589E-06   1.5849E-06   0.0000E+00  0.0000
   1.5849E-06   1.9953E-06   0.0000E+00  0.0000
   1.9953E-06   2.5119E-06   0.0000E+00  0.0000
   2.5119E-06   3.1623E-06   0.0000E+00  0.0000
   3.1623E-06   3.9811E-06   0.0000E+00  0.0000
   3.9811E-06   5.0119E-06   0.0000E+00  0.0000
   5.0119E-06   6.3096E-06   0.0000E+00  0.0000
   6.3096E-06   7.9433E-06   0.0000E+00  0.0000
   7.9433E-06   1.0000E-05   0.0000E+00  0.0000
   1.0000E-05   1.2589E-05   0.0000E+00  0.0000
   1.2589E-05   1.5849E-05   0.0000E+00  0.0000
   1.5849E-05   1.9953E-05   0.0000E+00  0.0000
   1.9953E-05   2.5119E-05   0.0000E+00  0.0000
   2.5119E-05   3.1623E-05   0.0000E+00  0.0000
   3.1623E-05   3.9811E-05   0.0000E+00  0.0000
   3.9811E-05   5.0119E-05   0.0000E+00  0.0000
   5.0119E-05   6.3096E-05   0.0000E+00  0.0000
   6.3096E-05   7.9433E-05   0.0000E+00  0.0000
   7.9433E-05   1.0000E-04   0.0000E+00  0.0000
   1.0000E-04   1.2589E-04   0.0000E+00  0.0000
   1.2589E-04   1.5849E-04   0.0000E+00  0.0000
   1.5849E-04   1.9953E-04   0.0000E+00  0.0000
   1.9953E-04   2.5119E-04   0.0000E+00  0.0000
   2.5119E-04   3.1623E-04   0.0000E+00  0.0000
   3.1623E-04   3.9811E-04   0.0000E+00  0.0000
   3.9811E-04   5.0119E-04   0.0000E+00  0.0000
   5.0119E-04   6.3096E-04   0.0000E+00  0.0000
   6.3096E-04   7.9433E-04   0.0000E+00  0.0000
   7.9433E-04   1.0000E-03   0.0000E+00  0.0000
   1.0000E-03   1.2589E-03   0.0000E+00  0.0000
   1.2589E-03   1.5849E-03   0.0000E+00  0.0000
   1.5849E-03   1.9953E-03   0.0000E+00  0.0000
   1.9953E-03   2.5119E-03   0.0000E+00  0.0000
   2.5119E-03   3.1623E-03   0.0000E+00  0.0000
   3.1623E-03   3.9811E-03   0.0000E+00  0.0000
   3.9811E-03   5.0119E-03   0.0000E+00  0.0000
   5.0119E-03   6.3096E-03   0.0000E+00  0.0000
   6.3096E-03   7.9433E-03   0.0000E+00  0.0000
   7.9433E-03   1.0000E-02   0.0000E+00  0.0000
   1.0000E-02   1.2589E-02   0.0000E+00  0.0000
   1.2589E-02   1.5849E-02   0.0000E+00  0.0000
   1.5849E-02   1.9953E-02   0.0000E+00  0.0000
   1.9953E-02   2.5119E-02   0.0000E+00  0.0000
   2.5119E-02   3.1623E-02   0.0000E+00  0.0000
   3.1623E-02   3.9811E-02   0.0000E+00  0.0000
   3.9811E-02   5.0119E-02   6.4192E-06  1.0000
   5.0119E-02   6.3096E-02   0.0000E+00  0.0000
   6.3096E-02   7.9433E-02   0.0000E+00  0.0000
   7.9433E-02   1.0000E-01   0.0000E+00  0.0000
   1.0000E-01   1.2589E-01   1.4078E-04  0.7104
   1.2589E-01   1.5849E-01   9.0074E-05  0.6367
   1.5849E-01   1.9953E-01   4.6190E-05  0.8508
   1.9953E-01   2.5119E-01   2.3400E-04  0.6264
   2.5119E-01   3.1623E-01   1.5762E-04  0.5032
   3.1623E-01   3.9811E-01   5.1121E-04  0.3349
   3.9811E-01   5.0119E-01   4.1089E-04  0.3741
   5.0119E-01   6.3096E-01   4.6573E-04  0.3917
   6.3096E-01   7.9433E-01   4.2072E-04  0.3213
   7.9433E-01   1.0000E+00   3.5677E-04  0.3933
   1.0000E+00   1.2589E+00   3.9910E-04  0.3056
   1.2589E+00   1.5849E+00   3.1054E-04  0.3377
   1.5849E+00   1.9953E+00   1.1464E-03  0.2327
   1.9953E+00   2.5119E+00   1.1505E-03  0.2154
   2.5119E+00   3.1623E+00   5.2247E-04  0.3455
   3.1623E+00   3.9811E+00   1.0072E-03  0.2474
   3.9811E+00   5.0119E+00   8.7400E-04  0.2492
   5.0119E+00   6.3096E+00   5.7890E-04  0.3057
   6.3096E+00   7.9433E+00   5.2894E-04  0.3173
   7.9433E+00   1.0000E+01   1.3000E-02  0.0670
   1.0000E+01   1.2589E+01   2.4208E-01  0.0147
   1.2589E+01   1.5849E+01   0.0000E+00  0.0000
   1.5849E+01   1.9953E+01   0.0000E+00  0.0000
   1.9953E+01   2.5119E+01   0.0000E+00  0.0000
   2.5119E+01   3.1623E+01   0.0000E+00  0.0000
   3.1623E+01   3.9811E+01   0.0000E+00  0.0000
   3.9811E+01   5.0119E+01   0.0000E+00  0.0000
   5.0119E+01   6.3096E+01   0.0000E+00  0.0000
   6.3096E+01   7.9433E+01   0.0000E+00  0.0000
   7.9433E+01   1.0000E+02   0.0000E+00  0.0000
   1.0000E+02   1.2589E+02   0.0000E+00  0.0000
   1.2589E+02   1.5849E+02   0.0000E+00  0.0000
   1.5849E+02   1.9953E+02   0.0000E+00  0.0000
   1.9953E+02   2.5119E+02   0.0000E+00  0.0000
   2.5119E+02   3.1623E+02   0.0000E+00  0.0000
   3.1623E+02   3.9811E+02   0.0000E+00  0.0000
   3.9811E+02   5.0119E+02   0.0000E+00  0.0000
   5.0119E+02   6.3096E+02   0.0000E+00  0.0000
   6.3096E+02   7.9433E+02   0.0000E+00  0.0000
   7.9433E+02   1.0000E+03   0.0000E+00  0.0000

#   sum over                 2.6444E-01  0.0143

'no. =  1,  reg  =    101'
msuc: {\huge Neutron track length in active He-3 gas}
msdr: {\it plotted by \ANGEL \version}
msdl: {\it calculated by \PHITS  3.36}
wt: s(0.7)
\vspace{-3}
   vol  &=&   1.0000E+00 [cm^3]
e:

#------------------------------------------------------------------------------
 newpage:
#   no. =  2   reg =    201

x: Energy [MeV/n]
y: Flux [1/cm^2/source]              
p: xlog ylog afac(0.8) form(0.9)
h: n            x            y(neutron ),hh0l n  
#  e-lower      e-upper        neutron   r.err 
   1.0000E-10   1.2589E-10   0.0000E+00  0.0000
   1.2589E-10   1.5849E-10   0.0000E+00  0.0000
   1.5849E-10   1.9953E-10   0.0000E+00  0.0000
   1.9953E-10   2.5119E-10   0.0000E+00  0.0000
   2.5119E-10   3.1623E-10   0.0000E+00  0.0000
   3.1623E-10   3.9811E-10   0.0000E+00  0.0000
   3.9811E-10   5.0119E-10   0.0000E+00  0.0000
   5.0119E-10   6.3096E-10   0.0000E+00  0.0000
   6.3096E-10   7.9433E-10   0.0000E+00  0.0000
   7.9433E-10   1.0000E-09   0.0000E+00  0.0000
   1.0000E-09   1.2589E-09   0.0000E+00  0.0000
   1.2589E-09   1.5849E-09   0.0000E+00  0.0000
   1.5849E-09   1.9953E-09   0.0000E+00  0.0000
   1.9953E-09   2.5119E-09   0.0000E+00  0.0000
   2.5119E-09   3.1623E-09   1.3682E-06  0.8352
   3.1623E-09   3.9811E-09   2.5903E-06  0.5515
   3.9811E-09   5.0119E-09   2.2952E-06  0.4447
   5.0119E-09   6.3096E-09   4.5119E-06  0.5563
   6.3096E-09   7.9433E-09   8.8311E-06  0.4554
   7.9433E-09   1.0000E-08   1.5879E-05  0.3398
   1.0000E-08   1.2589E-08   2.8732E-05  0.2439
   1.2589E-08   1.5849E-08   5.3824E-05  0.2422
   1.5849E-08   1.9953E-08   7.4311E-05  0.1926
   1.9953E-08   2.5119E-08   1.3344E-04  0.1656
   2.5119E-08   3.1623E-08   1.8628E-04  0.1617
   3.1623E-08   3.9811E-08   2.4238E-04  0.1475
   3.9811E-08   5.0119E-08   3.5477E-04  0.1183
   5.0119E-08   6.3096E-08   5.4087E-04  0.1256
   6.3096E-08   7.9433E-08   4.1169E-04  0.1293
   7.9433E-08   1.0000E-07   4.8173E-04  0.1446
   1.0000E-07   1.2589E-07   3.4973E-04  0.1625
   1.2589E-07   1.5849E-07   4.0002E-04  0.1625
   1.5849E-07   1.9953E-07   2.6573E-04  0.2602
   1.9953E-07   2.5119E-07   1.8654E-04  0.3018
   2.5119E-07   3.1623E-07   1.1001E-04  0.3160
   3.1623E-07   3.9811E-07   1.3050E-04  0.3090
   3.9811E-07   5.0119E-07   1.3479E-04  0.3717
   5.0119E-07   6.3096E-07   1.3959E-04  0.3572
   6.3096E-07   7.9433E-07   1.2569E-04  0.4891
   7.9433E-07   1.0000E-06   1.7989E-04  0.5392
   1.0000E-06   1.2589E-06   1.6369E-04  0.3794
   1.2589E-06   1.5849E-06   1.4938E-04  0.4598
   1.5849E-06   1.9953E-06   3.8499E-04  0.3364
   1.9953E-06   2.5119E-06   2.3071E-04  0.4058
   2.5119E-06   3.1623E-06   1.7090E-04  0.4787
   3.1623E-06   3.9811E-06   1.6776E-04  0.4204
   3.9811E-06   5.0119E-06   4.1416E-04  0.3140
   5.0119E-06   6.3096E-06   5.0018E-04  0.2742
   6.3096E-06   7.9433E-06   2.6909E-04  0.3881
   7.9433E-06   1.0000E-05   3.3528E-04  0.3705
   1.0000E-05   1.2589E-05   3.9900E-04  0.3259
   1.2589E-05   1.5849E-05   4.1654E-04  0.3777
   1.5849E-05   1.9953E-05   4.6532E-04  0.2948
   1.9953E-05   2.5119E-05   3.7520E-04  0.3420
   2.5119E-05   3.1623E-05   3.2882E-04  0.3571
   3.1623E-05   3.9811E-05   2.2309E-04  0.4214
   3.9811E-05   5.0119E-05   5.3565E-04  0.3161
   5.0119E-05   6.3096E-05   4.6208E-04  0.3740
   6.3096E-05   7.9433E-05   4.1226E-04  0.3108
   7.9433E-05   1.0000E-04   5.5503E-04  0.3123
   1.0000E-04   1.2589E-04   3.0550E-04  0.3463
   1.2589E-04   1.5849E-04   4.6792E-04  0.3944
   1.5849E-04   1.9953E-04   4.5877E-04  0.3229
   1.9953E-04   2.5119E-04   6.3189E-04  0.4259
   2.5119E-04   3.1623E-04   2.7550E-04  0.3652
   3.1623E-04   3.9811E-04   4.1430E-04  0.3862
   3.9811E-04   5.0119E-04   3.5557E-04  0.3853
   5.0119E-04   6.3096E-04   5.4585E-04  0.2664
   6.3096E-04   7.9433E-04   5.9825E-04  0.3390
   7.9433E-04   1.0000E-03   5.5468E-04  0.2993
   1.0000E-03   1.2589E-03   3.4918E-04  0.3428
   1.2589E-03   1.5849E-03   3.1495E-04  0.3986
   1.5849E-03   1.9953E-03   5.3835E-04  0.3155
   1.9953E-03   2.5119E-03   5.3592E-04  0.3183
   2.5119E-03   3.1623E-03   4.8487E-04  0.2987
   3.1623E-03   3.9811E-03   3.8188E-04  0.5057
   3.9811E-03   5.0119E-03   3.2205E-04  0.4438
   5.0119E-03   6.3096E-03   6.0544E-04  0.2644
   6.3096E-03   7.9433E-03   5.3021E-04  0.3641
   7.9433E-03   1.0000E-02   7.4595E-04  0.2682
   1.0000E-02   1.2589E-02   4.2642E-04  0.3254
   1.2589E-02   1.5849E-02   2.9873E-04  0.3898
   1.5849E-02   1.9953E-02   5.2607E-04  0.3484
   1.9953E-02   2.5119E-02   5.8853E-04  0.2984
   2.5119E-02   3.1623E-02   6.6575E-04  0.2818
   3.1623E-02   3.9811E-02   9.2169E-04  0.2390
   3.9811E-02   5.0119E-02   3.7925E-04  0.3420
   5.0119E-02   6.3096E-02   7.4904E-04  0.2695
   6.3096E-02   7.9433E-02   5.8026E-04  0.2850
   7.9433E-02   1.0000E-01   7.3165E-04  0.2726
   1.0000E-01   1.2589E-01   6.1619E-04  0.2528
   1.2589E-01   1.5849E-01   1.1436E-03  0.3008
   1.5849E-01   1.9953E-01   9.5259E-04  0.2338
   1.9953E-01   2.5119E-01   1.4900E-03  0.1838
   2.5119E-01   3.1623E-01   1.1977E-03  0.2167
   3.1623E-01   3.9811E-01   1.9783E-03  0.1729
   3.9811E-01   5.0119E-01   2.0577E-03  0.1733
   5.0119E-01   6.3096E-01   2.1763E-03  0.1587
   6.3096E-01   7.9433E-01   1.9917E-03  0.1770
   7.9433E-01   1.0000E+00   2.8124E-03  0.1632
   1.0000E+00   1.2589E+00   3.1251E-03  0.1247
   1.2589E+00   1.5849E+00   2.5993E-03  0.1296
   1.5849E+00   1.9953E+00   3.1076E-03  0.1229
   1.9953E+00   2.5119E+00   4.7620E-03  0.1135
   2.5119E+00   3.1623E+00   4.2151E-03  0.1083
   3.1623E+00   3.9811E+00   6.0416E-03  0.1165
   3.9811E+00   5.0119E+00   8.7485E-03  0.0798
   5.0119E+00   6.3096E+00   8.7688E-03  0.0742
   6.3096E+00   7.9433E+00   8.5819E-03  0.0831
   7.9433E+00   1.0000E+01   2.1012E-02  0.0500
   1.0000E+01   1.2589E+01   5.0170E-02  0.0312
   1.2589E+01   1.5849E+01   0.0000E+00  0.0000
   1.5849E+01   1.9953E+01   0.0000E+00  0.0000
   1.9953E+01   2.5119E+01   0.0000E+00  0.0000
   2.5119E+01   3.1623E+01   0.0000E+00  0.0000
   3.1623E+01   3.9811E+01   0.0000E+00  0.0000
   3.9811E+01   5.0119E+01   0.0000E+00  0.0000
   5.0119E+01   6.3096E+01   0.0000E+00  0.0000
   6.3096E+01   7.9433E+01   0.0000E+00  0.0000
   7.9433E+01   1.0000E+02   0.0000E+00  0.0000
   1.0000E+02   1.2589E+02   0.0000E+00  0.0000
   1.2589E+02   1.5849E+02   0.0000E+00  0.0000
   1.5849E+02   1.9953E+02   0.0000E+00  0.0000
   1.9953E+02   2.5119E+02   0.0000E+00  0.0000
   2.5119E+02   3.1623E+02   0.0000E+00  0.0000
   3.1623E+02   3.9811E+02   0.0000E+00  0.0000
   3.9811E+02   5.0119E+02   0.0000E+00  0.0000
   5.0119E+02   6.3096E+02   0.0000E+00  0.0000
   6.3096E+02   7.9433E+02   0.0000E+00  0.0000
   7.9433E+02   1.0000E+03   0.0000E+00  0.0000

#   sum over                 1.6436E-01  0.0194

'no. =  2,  reg  =    201'
msuc: {\huge Neutron track length in active He-3 gas}
msdr: {\it plotted by \ANGEL \version}
msdl: {\it calculated by \PHITS  3.36}
wt: s(0.7)
\vspace{-3}
   vol  &=&   1.0000E+00 [cm^3]
e:

#------------------------------------------------------------------------------
 newpage:
#   no. =  3   reg =    301

x: Energy [MeV/n]
y: Flux [1/cm^2/source]              
p: xlog ylog afac(0.8) form(0.9)
h: n            x            y(neutron ),hh0l n  
#  e-lower      e-upper        neutron   r.err 
   1.0000E-10   1.2589E-10   0.0000E+00  0.0000
   1.2589E-10   1.5849E-10   0.0000E+00  0.0000
   1.5849E-10   1.9953E-10   0.0000E+00  0.0000
   1.9953E-10   2.5119E-10   0.0000E+00  0.0000
   2.5119E-10   3.1623E-10   0.0000E+00  0.0000
   3.1623E-10   3.9811E-10   0.0000E+00  0.0000
   3.9811E-10   5.0119E-10   0.0000E+00  0.0000
   5.0119E-10   6.3096E-10   0.0000E+00  0.0000
   6.3096E-10   7.9433E-10   0.0000E+00  0.0000
   7.9433E-10   1.0000E-09   0.0000E+00  0.0000
   1.0000E-09   1.2589E-09   0.0000E+00  0.0000
   1.2589E-09   1.5849E-09   0.0000E+00  0.0000
   1.5849E-09   1.9953E-09   0.0000E+00  0.0000
   1.9953E-09   2.5119E-09   0.0000E+00  0.0000
   2.5119E-09   3.1623E-09   0.0000E+00  0.0000
   3.1623E-09   3.9811E-09   0.0000E+00  0.0000
   3.9811E-09   5.0119E-09   0.0000E+00  0.0000
   5.0119E-09   6.3096E-09   0.0000E+00  0.0000
   6.3096E-09   7.9433E-09   0.0000E+00  0.0000
   7.9433E-09   1.0000E-08   0.0000E+00  0.0000
   1.0000E-08   1.2589E-08   0.0000E+00  0.0000
   1.2589E-08   1.5849E-08   0.0000E+00  0.0000
   1.5849E-08   1.9953E-08   0.0000E+00  0.0000
   1.9953E-08   2.5119E-08   0.0000E+00  0.0000
   2.5119E-08   3.1623E-08   0.0000E+00  0.0000
   3.1623E-08   3.9811E-08   0.0000E+00  0.0000
   3.9811E-08   5.0119E-08   0.0000E+00  0.0000
   5.0119E-08   6.3096E-08   0.0000E+00  0.0000
   6.3096E-08   7.9433E-08   0.0000E+00  0.0000
   7.9433E-08   1.0000E-07   0.0000E+00  0.0000
   1.0000E-07   1.2589E-07   0.0000E+00  0.0000
   1.2589E-07   1.5849E-07   0.0000E+00  0.0000
   1.5849E-07   1.9953E-07   0.0000E+00  0.0000
   1.9953E-07   2.5119E-07   0.0000E+00  0.0000
   2.5119E-07   3.1623E-07   0.0000E+00  0.0000
   3.1623E-07   3.9811E-07   0.0000E+00  0.0000
   3.9811E-07   5.0119E-07   0.0000E+00  0.0000
   5.0119E-07   6.3096E-07   0.0000E+00  0.0000
   6.3096E-07   7.9433E-07   0.0000E+00  0.0000
   7.9433E-07   1.0000E-06   0.0000E+00  0.0000
   1.0000E-06   1.2589E-06   0.0000E+00  0.0000
   1.2589E-06   1.5849E-06   0.0000E+00  0.0000
   1.5849E-06   1.9953E-06   0.0000E+00  0.0000
   1.9953E-06   2.5119E-06   0.0000E+00  0.0000
   2.5119E-06   3.1623E-06   0.0000E+00  0.0000
   3.1623E-06   3.9811E-06   0.0000E+00  0.0000
   3.9811E-06   5.0119E-06   0.0000E+00  0.0000
   5.0119E-06   6.3096E-06   0.0000E+00  0.0000
   6.3096E-06   7.9433E-06   0.0000E+00  0.0000
   7.9433E-06   1.0000E-05   0.0000E+00  0.0000
   1.0000E-05   1.2589E-05   0.0000E+00  0.0000
   1.2589E-05   1.5849E-05   0.0000E+00  0.0000
   1.5849E-05   1.9953E-05   0.0000E+00  0.0000
   1.9953E-05   2.5119E-05   0.0000E+00  0.0000
   2.5119E-05   3.1623E-05   0.0000E+00  0.0000
   3.1623E-05   3.9811E-05   0.0000E+00  0.0000
   3.9811E-05   5.0119E-05   0.0000E+00  0.0000
   5.0119E-05   6.3096E-05   0.0000E+00  0.0000
   6.3096E-05   7.9433E-05   0.0000E+00  0.0000
   7.9433E-05   1.0000E-04   0.0000E+00  0.0000
   1.0000E-04   1.2589E-04   0.0000E+00  0.0000
   1.2589E-04   1.5849E-04   0.0000E+00  0.0000
   1.5849E-04   1.9953E-04   0.0000E+00  0.0000
   1.9953E-04   2.5119E-04   0.0000E+00  0.0000
   2.5119E-04   3.1623E-04   0.0000E+00  0.0000
   3.1623E-04   3.9811E-04   0.0000E+00  0.0000
   3.9811E-04   5.0119E-04   0.0000E+00  0.0000
   5.0119E-04   6.3096E-04   0.0000E+00  0.0000
   6.3096E-04   7.9433E-04   0.0000E+00  0.0000
   7.9433E-04   1.0000E-03   0.0000E+00  0.0000
   1.0000E-03   1.2589E-03   0.0000E+00  0.0000
   1.2589E-03   1.5849E-03   0.0000E+00  0.0000
   1.5849E-03   1.9953E-03   0.0000E+00  0.0000
   1.9953E-03   2.5119E-03   0.0000E+00  0.0000
   2.5119E-03   3.1623E-03   0.0000E+00  0.0000
   3.1623E-03   3.9811E-03   0.0000E+00  0.0000
   3.9811E-03   5.0119E-03   0.0000E+00  0.0000
   5.0119E-03   6.3096E-03   0.0000E+00  0.0000
   6.3096E-03   7.9433E-03   0.0000E+00  0.0000
   7.9433E-03   1.0000E-02   0.0000E+00  0.0000
   1.0000E-02   1.2589E-02   0.0000E+00  0.0000
   1.2589E-02   1.5849E-02   0.0000E+00  0.0000
   1.5849E-02   1.9953E-02   0.0000E+00  0.0000
   1.9953E-02   2.5119E-02   0.0000E+00  0.0000
   2.5119E-02   3.1623E-02   0.0000E+00  0.0000
   3.1623E-02   3.9811E-02   0.0000E+00  0.0000
   3.9811E-02   5.0119E-02   0.0000E+00  0.0000
   5.0119E-02   6.3096E-02   0.0000E+00  0.0000
   6.3096E-02   7.9433E-02   0.0000E+00  0.0000
   7.9433E-02   1.0000E-01   0.0000E+00  0.0000
   1.0000E-01   1.2589E-01   2.1400E-05  1.0000
   1.2589E-01   1.5849E-01   3.0532E-05  1.0000
   1.5849E-01   1.9953E-01   2.2686E-05  1.0000
   1.9953E-01   2.5119E-01   0.0000E+00  0.0000
   2.5119E-01   3.1623E-01   4.5523E-05  0.6769
   3.1623E-01   3.9811E-01   1.7931E-04  0.4616
   3.9811E-01   5.0119E-01   5.7719E-05  0.5614
   5.0119E-01   6.3096E-01   3.3967E-04  0.3691
   6.3096E-01   7.9433E-01   2.7191E-04  0.3784
   7.9433E-01   1.0000E+00   1.9568E-04  0.3121
   1.0000E+00   1.2589E+00   3.3760E-04  0.3627
   1.2589E+00   1.5849E+00   4.0614E-04  0.2389
   1.5849E+00   1.9953E+00   2.3359E-04  0.3083
   1.9953E+00   2.5119E+00   5.0353E-04  0.2442
   2.5119E+00   3.1623E+00   1.9118E-04  0.3391
   3.1623E+00   3.9811E+00   2.7291E-04  0.2966
   3.9811E+00   5.0119E+00   2.9841E-04  0.2752
   5.0119E+00   6.3096E+00   4.8075E-04  0.3467
   6.3096E+00   7.9433E+00   1.6687E-04  0.4162
   7.9433E+00   1.0000E+01   5.2502E-03  0.0830
   1.0000E+01   1.2589E+01   9.4258E-02  0.0170
   1.2589E+01   1.5849E+01   0.0000E+00  0.0000
   1.5849E+01   1.9953E+01   0.0000E+00  0.0000
   1.9953E+01   2.5119E+01   0.0000E+00  0.0000
   2.5119E+01   3.1623E+01   0.0000E+00  0.0000
   3.1623E+01   3.9811E+01   0.0000E+00  0.0000
   3.9811E+01   5.0119E+01   0.0000E+00  0.0000
   5.0119E+01   6.3096E+01   0.0000E+00  0.0000
   6.3096E+01   7.9433E+01   0.0000E+00  0.0000
   7.9433E+01   1.0000E+02   0.0000E+00  0.0000
   1.0000E+02   1.2589E+02   0.0000E+00  0.0000
   1.2589E+02   1.5849E+02   0.0000E+00  0.0000
   1.5849E+02   1.9953E+02   0.0000E+00  0.0000
   1.9953E+02   2.5119E+02   0.0000E+00  0.0000
   2.5119E+02   3.1623E+02   0.0000E+00  0.0000
   3.1623E+02   3.9811E+02   0.0000E+00  0.0000
   3.9811E+02   5.0119E+02   0.0000E+00  0.0000
   5.0119E+02   6.3096E+02   0.0000E+00  0.0000
   6.3096E+02   7.9433E+02   0.0000E+00  0.0000
   7.9433E+02   1.0000E+03   0.0000E+00  0.0000

#   sum over                 1.0356E-01  0.0167

'no. =  3,  reg  =    301'
msuc: {\huge Neutron track length in active He-3 gas}
msdr: {\it plotted by \ANGEL \version}
msdl: {\it calculated by \PHITS  3.36}
wt: s(0.7)
\vspace{-3}
   vol  &=&   1.0000E+00 [cm^3]
e:

#------------------------------------------------------------------------------
 newpage:
#   no. =  4   reg =    401

x: Energy [MeV/n]
y: Flux [1/cm^2/source]              
p: xlog ylog afac(0.8) form(0.9)
h: n            x            y(neutron ),hh0l n  
#  e-lower      e-upper        neutron   r.err 
   1.0000E-10   1.2589E-10   0.0000E+00  0.0000
   1.2589E-10   1.5849E-10   0.0000E+00  0.0000
   1.5849E-10   1.9953E-10   0.0000E+00  0.0000
   1.9953E-10   2.5119E-10   0.0000E+00  0.0000
   2.5119E-10   3.1623E-10   0.0000E+00  0.0000
   3.1623E-10   3.9811E-10   0.0000E+00  0.0000
   3.9811E-10   5.0119E-10   0.0000E+00  0.0000
   5.0119E-10   6.3096E-10   0.0000E+00  0.0000
   6.3096E-10   7.9433E-10   0.0000E+00  0.0000
   7.9433E-10   1.0000E-09   0.0000E+00  0.0000
   1.0000E-09   1.2589E-09   0.0000E+00  0.0000
   1.2589E-09   1.5849E-09   0.0000E+00  0.0000
   1.5849E-09   1.9953E-09   2.1066E-07  1.0000
   1.9953E-09   2.5119E-09   0.0000E+00  0.0000
   2.5119E-09   3.1623E-09   5.1982E-07  0.8237
   3.1623E-09   3.9811E-09   2.3909E-07  1.0000
   3.9811E-09   5.0119E-09   1.0909E-06  0.5656
   5.0119E-09   6.3096E-09   3.4709E-07  0.7724
   6.3096E-09   7.9433E-09   1.3235E-06  0.7073
   7.9433E-09   1.0000E-08   2.9181E-06  0.6007
   1.0000E-08   1.2589E-08   1.9307E-05  0.4746
   1.2589E-08   1.5849E-08   1.8056E-05  0.3784
   1.5849E-08   1.9953E-08   3.5091E-05  0.3296
   1.9953E-08   2.5119E-08   5.5854E-05  0.3049
   2.5119E-08   3.1623E-08   6.7588E-05  0.2483
   3.1623E-08   3.9811E-08   1.3207E-04  0.2067
   3.9811E-08   5.0119E-08   1.6833E-04  0.3165
   5.0119E-08   6.3096E-08   2.3278E-04  0.1568
   6.3096E-08   7.9433E-08   1.5667E-04  0.1767
   7.9433E-08   1.0000E-07   1.4272E-04  0.2084
   1.0000E-07   1.2589E-07   1.5721E-04  0.2298
   1.2589E-07   1.5849E-07   1.3519E-04  0.2495
   1.5849E-07   1.9953E-07   4.4521E-05  0.4293
   1.9953E-07   2.5119E-07   4.6153E-05  0.4793
   2.5119E-07   3.1623E-07   5.2601E-05  0.4758
   3.1623E-07   3.9811E-07   3.1876E-05  0.5555
   3.9811E-07   5.0119E-07   6.2855E-06  0.8027
   5.0119E-07   6.3096E-07   5.0307E-05  0.5491
   6.3096E-07   7.9433E-07   2.6440E-05  0.7084
   7.9433E-07   1.0000E-06   5.9495E-05  0.6962
   1.0000E-06   1.2589E-06   7.2711E-05  0.5156
   1.2589E-06   1.5849E-06   6.5232E-05  0.5185
   1.5849E-06   1.9953E-06   4.8660E-05  0.5089
   1.9953E-06   2.5119E-06   4.2994E-05  0.6847
   2.5119E-06   3.1623E-06   6.5273E-05  0.5785
   3.1623E-06   3.9811E-06   8.6203E-05  0.5727
   3.9811E-06   5.0119E-06   1.5963E-04  0.3639
   5.0119E-06   6.3096E-06   6.3619E-05  0.5543
   6.3096E-06   7.9433E-06   2.4194E-04  0.4847
   7.9433E-06   1.0000E-05   9.3343E-05  0.4542
   1.0000E-05   1.2589E-05   2.5692E-05  0.8165
   1.2589E-05   1.5849E-05   1.8662E-04  0.4007
   1.5849E-05   1.9953E-05   1.9370E-04  0.4095
   1.9953E-05   2.5119E-05   9.3887E-05  0.4295
   2.5119E-05   3.1623E-05   1.8522E-04  0.4448
   3.1623E-05   3.9811E-05   1.0653E-04  0.5373
   3.9811E-05   5.0119E-05   2.0241E-04  0.5721
   5.0119E-05   6.3096E-05   9.5173E-05  0.5584
   6.3096E-05   7.9433E-05   1.0446E-04  0.5549
   7.9433E-05   1.0000E-04   1.1622E-04  0.4692
   1.0000E-04   1.2589E-04   1.1322E-04  0.4804
   1.2589E-04   1.5849E-04   2.1546E-04  0.3579
   1.5849E-04   1.9953E-04   1.6808E-04  0.4159
   1.9953E-04   2.5119E-04   7.0303E-05  0.5775
   2.5119E-04   3.1623E-04   1.6111E-04  0.4113
   3.1623E-04   3.9811E-04   2.1567E-04  0.4048
   3.9811E-04   5.0119E-04   2.1129E-04  0.3760
   5.0119E-04   6.3096E-04   1.8853E-04  0.4259
   6.3096E-04   7.9433E-04   1.3123E-04  0.4034
   7.9433E-04   1.0000E-03   1.2045E-04  0.4112
   1.0000E-03   1.2589E-03   1.7444E-04  0.3635
   1.2589E-03   1.5849E-03   1.3803E-04  0.3954
   1.5849E-03   1.9953E-03   5.7901E-05  0.5749
   1.9953E-03   2.5119E-03   1.6611E-04  0.4404
   2.5119E-03   3.1623E-03   1.7537E-04  0.3910
   3.1623E-03   3.9811E-03   2.6319E-04  0.3161
   3.9811E-03   5.0119E-03   3.5576E-04  0.2778
   5.0119E-03   6.3096E-03   2.3753E-04  0.3508
   6.3096E-03   7.9433E-03   3.7634E-04  0.3672
   7.9433E-03   1.0000E-02   4.0556E-04  0.3193
   1.0000E-02   1.2589E-02   3.3249E-04  0.2838
   1.2589E-02   1.5849E-02   2.3505E-04  0.3083
   1.5849E-02   1.9953E-02   1.8505E-04  0.3482
   1.9953E-02   2.5119E-02   1.4079E-04  0.3886
   2.5119E-02   3.1623E-02   1.6985E-04  0.4084
   3.1623E-02   3.9811E-02   2.9142E-04  0.2863
   3.9811E-02   5.0119E-02   1.7113E-04  0.3646
   5.0119E-02   6.3096E-02   1.5885E-04  0.3937
   6.3096E-02   7.9433E-02   3.2678E-04  0.3648
   7.9433E-02   1.0000E-01   7.1513E-04  0.3061
   1.0000E-01   1.2589E-01   2.2628E-04  0.3515
   1.2589E-01   1.5849E-01   2.9531E-04  0.3090
   1.5849E-01   1.9953E-01   4.0936E-04  0.2624
   1.9953E-01   2.5119E-01   4.7990E-04  0.2569
   2.5119E-01   3.1623E-01   4.6963E-04  0.2187
   3.1623E-01   3.9811E-01   5.3786E-04  0.2103
   3.9811E-01   5.0119E-01   8.5476E-04  0.2852
   5.0119E-01   6.3096E-01   6.6236E-04  0.2081
   6.3096E-01   7.9433E-01   9.5613E-04  0.1950
   7.9433E-01   1.0000E+00   1.1256E-03  0.1796
   1.0000E+00   1.2589E+00   1.4439E-03  0.1417
   1.2589E+00   1.5849E+00   1.6667E-03  0.1341
   1.5849E+00   1.9953E+00   1.1546E-03  0.1515
   1.9953E+00   2.5119E+00   1.8623E-03  0.1753
   2.5119E+00   3.1623E+00   1.9341E-03  0.1176
   3.1623E+00   3.9811E+00   1.6280E-03  0.1251
   3.9811E+00   5.0119E+00   3.0621E-03  0.0957
   5.0119E+00   6.3096E+00   3.7492E-03  0.0895
   6.3096E+00   7.9433E+00   2.6459E-03  0.0974
   7.9433E+00   1.0000E+01   8.4749E-03  0.0529
   1.0000E+01   1.2589E+01   2.7330E-02  0.0309
   1.2589E+01   1.5849E+01   0.0000E+00  0.0000
   1.5849E+01   1.9953E+01   0.0000E+00  0.0000
   1.9953E+01   2.5119E+01   0.0000E+00  0.0000
   2.5119E+01   3.1623E+01   0.0000E+00  0.0000
   3.1623E+01   3.9811E+01   0.0000E+00  0.0000
   3.9811E+01   5.0119E+01   0.0000E+00  0.0000
   5.0119E+01   6.3096E+01   0.0000E+00  0.0000
   6.3096E+01   7.9433E+01   0.0000E+00  0.0000
   7.9433E+01   1.0000E+02   0.0000E+00  0.0000
   1.0000E+02   1.2589E+02   0.0000E+00  0.0000
   1.2589E+02   1.5849E+02   0.0000E+00  0.0000
   1.5849E+02   1.9953E+02   0.0000E+00  0.0000
   1.9953E+02   2.5119E+02   0.0000E+00  0.0000
   2.5119E+02   3.1623E+02   0.0000E+00  0.0000
   3.1623E+02   3.9811E+02   0.0000E+00  0.0000
   3.9811E+02   5.0119E+02   0.0000E+00  0.0000
   5.0119E+02   6.3096E+02   0.0000E+00  0.0000
   6.3096E+02   7.9433E+02   0.0000E+00  0.0000
   7.9433E+02   1.0000E+03   0.0000E+00  0.0000

#   sum over                 7.1536E-02  0.0220

'no. =  4,  reg  =    401'
msuc: {\huge Neutron track length in active He-3 gas}
msdr: {\it plotted by \ANGEL \version}
msdl: {\it calculated by \PHITS  3.36}
wt: s(0.7)
\vspace{-3}
   vol  &=&   1.0000E+00 [cm^3]
e:
 
# Information for Restart Calculation
# This calculation was newly started
# istdev =  2 # 1:Batch variance, 2:History variance
# resc2  = 1.49798761434678687E+05 # Total source weight or Total source weight / maxcas
# resc3  = 1.50000000000000000E+05 # Total history number or Total batch number
# maxcas =      150000 # History / Batch, only used for istdev=1
# bitrseed = 0111110101010101101101001110101000010000000011010100100100001100 # bit data of rseed
