#$ t4dv1
# [history info] h: history-ID historyID-in-batch batch-ID
# [  track info] t: kf-code name
# [  point info] x[cm] y[cm] z[cm] time[ns] kinetic-energy[MeV] weight cell cell_before
# ----------------------------------------
h: 1 1 1
t: -13 muon+
  7.79409E-01  1.05696E+01 -1.77400E+01  0.00000E+00  4.00000E+03  1.00000E+00       3       2
  7.79409E-01  1.05696E+01 -2.62681E+00  5.04289E-01  4.00000E+03  1.00000E+00       2       3
  7.79409E-01  1.05696E+01 -2.41746E+00  5.11274E-01  3.99695E+03  1.00000E+00       1       2
  7.79409E-01  1.05696E+01  2.41746E+00  6.72603E-01  3.99693E+03  1.00000E+00       2       1
  7.79409E-01  1.05696E+01  2.62681E+00  6.79589E-01  3.99388E+03  1.00000E+00       3       2
  7.79409E-01  1.05696E+01  9.94368E+01  3.90990E+00  3.99388E+03  1.00000E+00       4       3
h: 2 2 1
t: -13 muon+
 -2.03145E+00 -1.06277E+01 -1.77400E+01  0.00000E+00  4.00000E+03  1.00000E+00       3       2
 -2.03145E+00 -1.06277E+01 -1.83870E+00  5.30586E-01  4.00000E+03  1.00000E+00       2       3
 -2.03145E+00 -1.06277E+01 -1.52473E+00  5.41062E-01  3.99543E+03  1.00000E+00       1       2
 -2.03145E+00 -1.06277E+01  1.52473E+00  6.42815E-01  3.99542E+03  1.00000E+00       2       1
 -2.03145E+00 -1.06277E+01  1.83870E+00  6.53292E-01  3.99084E+03  1.00000E+00       3       2
 -2.03145E+00 -1.06277E+01  9.94129E+01  3.90910E+00  3.99084E+03  1.00000E+00       4       3
h: 3 3 1
t: -13 muon+
 -8.84779E-01  1.45837E+01 -1.77400E+01  0.00000E+00  4.00000E+03  1.00000E+00       3       2
 -8.84779E-01  1.45837E+01 -2.59322E+00  5.05410E-01  4.00000E+03  1.00000E+00       2       3
 -8.84779E-01  1.45837E+01 -2.38092E+00  5.12494E-01  3.99691E+03  1.00000E+00       1       2
 -8.84779E-01  1.45837E+01  2.38092E+00  6.71384E-01  3.99689E+03  1.00000E+00       2       1
 -8.84779E-01  1.45837E+01  2.59322E+00  6.78468E-01  3.99380E+03  1.00000E+00       3       2
 -8.84779E-01  1.45837E+01  9.89269E+01  3.89288E+00  3.99380E+03  1.00000E+00       4       3
h: 4 4 1
t: -13 muon+
 -6.34632E-01 -1.50237E+01 -1.77400E+01  0.00000E+00  4.00000E+03  1.00000E+00       3       2
 -6.34632E-01 -1.50237E+01 -2.66549E+00  5.02998E-01  4.00000E+03  1.00000E+00       2       3
 -6.34632E-01 -1.50237E+01 -2.45944E+00  5.09874E-01  3.99700E+03  1.00000E+00       1       2
 -6.34632E-01 -1.50237E+01  2.45944E+00  6.74004E-01  3.99698E+03  1.00000E+00       2       1
 -6.34632E-01 -1.50237E+01  2.66549E+00  6.80880E-01  3.99398E+03  1.00000E+00       3       2
 -6.34632E-01 -1.50237E+01  9.88630E+01  3.89075E+00  3.99398E+03  1.00000E+00       4       3
h: 5 5 1
t: -13 muon+
  8.53640E-02  1.05487E+01 -1.77400E+01  0.00000E+00  4.00000E+03  1.00000E+00       3       2
  8.53640E-02  1.05487E+01 -2.73867E+00  5.00556E-01  4.00000E+03  1.00000E+00       2       3
  8.53640E-02  1.05487E+01 -2.53857E+00  5.07233E-01  3.99709E+03  1.00000E+00       1       2
  8.53640E-02  1.05487E+01  2.53857E+00  6.76644E-01  3.99706E+03  1.00000E+00       2       1
  8.53640E-02  1.05487E+01  2.73867E+00  6.83321E-01  3.99415E+03  1.00000E+00       3       2
  8.53640E-02  1.05487E+01  9.94420E+01  3.91007E+00  3.99415E+03  1.00000E+00       4       3
h: 6 6 1
t: -13 muon+
 -2.53330E-01 -1.89385E+01 -1.77400E+01  0.00000E+00  4.00000E+03  1.00000E+00       3       2
 -2.53330E-01 -1.89385E+01 -2.72826E+00  5.00904E-01  4.00000E+03  1.00000E+00       2       3
 -2.53330E-01 -1.89385E+01 -2.52734E+00  5.07608E-01  3.99707E+03  1.00000E+00       1       2
 -2.53330E-01 -1.89385E+01  2.52734E+00  6.76270E-01  3.99705E+03  1.00000E+00       2       1
 -2.53330E-01 -1.89385E+01  2.72826E+00  6.82974E-01  3.99413E+03  1.00000E+00       3       2
 -2.53330E-01 -1.89385E+01  9.81900E+01  3.86829E+00  3.99413E+03  1.00000E+00       4       3
h: 7 7 1
t: -13 muon+
 -1.31840E-02  2.04566E+00 -1.77400E+01  0.00000E+00  4.00000E+03  1.00000E+00       3       2
 -1.31840E-02  2.04566E+00 -2.73997E+00  5.00513E-01  4.00000E+03  1.00000E+00       2       3
 -1.31840E-02  2.04566E+00 -2.53997E+00  5.07187E-01  3.99709E+03  1.00000E+00       1       2
 -1.31840E-02  2.04566E+00  2.53997E+00  6.76691E-01  3.99707E+03  1.00000E+00       2       1
 -1.31840E-02  2.04566E+00  2.73997E+00  6.83365E-01  3.99415E+03  1.00000E+00       3       2
 -1.31840E-02  2.04566E+00  9.99791E+01  3.92799E+00  3.99415E+03  1.00000E+00       4       3
h: 8 8 1
t: -13 muon+
  2.22210E+00 -1.67905E+01 -1.77400E+01  0.00000E+00  4.00000E+03  1.00000E+00       3       2
  2.22210E+00 -1.67905E+01 -1.60308E+00  5.38448E-01  4.00000E+03  1.00000E+00       2       3
  2.22210E+00 -1.67905E+01 -1.23039E+00  5.50884E-01  3.99457E+03  1.00000E+00       1       2
  2.22210E+00 -1.67905E+01  1.23039E+00  6.32994E-01  3.99456E+03  1.00000E+00       2       1
  2.22210E+00 -1.67905E+01  1.60308E+00  6.45430E-01  3.98914E+03  1.00000E+00       3       2
  2.22210E+00 -1.67905E+01  9.85553E+01  3.88048E+00  3.98914E+03  1.00000E+00       4       3
h: 9 9 1
t: -13 muon+
 -1.57724E+00 -1.74670E+01 -1.77400E+01  0.00000E+00  4.00000E+03  1.00000E+00       3       2
 -1.57724E+00 -1.74670E+01 -2.24051E+00  5.17179E-01  4.00000E+03  1.00000E+00       2       3
 -1.57724E+00 -1.74670E+01 -1.99095E+00  5.25506E-01  3.99637E+03  1.00000E+00       1       2
 -1.57724E+00 -1.74670E+01  1.99095E+00  6.58372E-01  3.99635E+03  1.00000E+00       2       1
 -1.57724E+00 -1.74670E+01  2.24051E+00  6.66699E-01  3.99272E+03  1.00000E+00       3       2
 -1.57724E+00 -1.74670E+01  9.84501E+01  3.87697E+00  3.99272E+03  1.00000E+00       4       3
h: 10 10 1
t: -13 muon+
 -5.68559E-01 -9.08369E-01 -1.77400E+01  0.00000E+00  4.00000E+03  1.00000E+00       3       2
 -5.68559E-01 -9.08369E-01 -2.68036E+00  5.02502E-01  4.00000E+03  1.00000E+00       2       3
 -5.68559E-01 -9.08369E-01 -2.47555E+00  5.09336E-01  3.99702E+03  1.00000E+00       1       2
 -5.68559E-01 -9.08369E-01  2.47555E+00  6.74542E-01  3.99700E+03  1.00000E+00       2       1
 -5.68559E-01 -9.08369E-01  2.68036E+00  6.81376E-01  3.99401E+03  1.00000E+00       3       2
 -5.68559E-01 -9.08369E-01  9.99943E+01  3.92850E+00  3.99401E+03  1.00000E+00       4       3
h: 11 11 1
t: -13 muon+
  9.23427E-02  1.66383E+01 -1.77400E+01  0.00000E+00  4.00000E+03  1.00000E+00       3       2
  9.23427E-02  1.66383E+01 -2.73844E+00  5.00564E-01  4.00000E+03  1.00000E+00       2       3
  9.23427E-02  1.66383E+01 -2.53832E+00  5.07241E-01  3.99709E+03  1.00000E+00       1       2
  9.23427E-02  1.66383E+01  2.53832E+00  6.76636E-01  3.99706E+03  1.00000E+00       2       1
  9.23427E-02  1.66383E+01  2.73844E+00  6.83314E-01  3.99415E+03  1.00000E+00       3       2
  9.23427E-02  1.66383E+01  9.86061E+01  3.88218E+00  3.99415E+03  1.00000E+00       4       3
h: 12 12 1
t: -13 muon+
  6.41588E-01 -8.58516E+00 -1.77400E+01  0.00000E+00  4.00000E+03  1.00000E+00       3       2
  6.41588E-01 -8.58516E+00 -2.66383E+00  5.03054E-01  4.00000E+03  1.00000E+00       2       3
  6.41588E-01 -8.58516E+00 -2.45763E+00  5.09934E-01  3.99700E+03  1.00000E+00       1       2
  6.41588E-01 -8.58516E+00  2.45763E+00  6.73944E-01  3.99698E+03  1.00000E+00       2       1
  6.41588E-01 -8.58516E+00  2.66383E+00  6.80824E-01  3.99397E+03  1.00000E+00       3       2
  6.41588E-01 -8.58516E+00  9.96287E+01  3.91630E+00  3.99397E+03  1.00000E+00       4       3
h: 13 13 1
t: -13 muon+
  6.79561E-01 -1.73971E+00 -1.77400E+01  0.00000E+00  4.00000E+03  1.00000E+00       3       2
  6.79561E-01 -1.73971E+00 -2.65439E+00  5.03368E-01  4.00000E+03  1.00000E+00       2       3
  6.79561E-01 -1.73971E+00 -2.44741E+00  5.10275E-01  3.99699E+03  1.00000E+00       1       2
  6.79561E-01 -1.73971E+00  2.44741E+00  6.73603E-01  3.99697E+03  1.00000E+00       2       1
  6.79561E-01 -1.73971E+00  2.65439E+00  6.80509E-01  3.99395E+03  1.00000E+00       3       2
  6.79561E-01 -1.73971E+00  9.99826E+01  3.92811E+00  3.99395E+03  1.00000E+00       4       3
h: 14 14 1
t: -13 muon+
 -1.29591E+00 -5.69619E-01 -1.77400E+01  0.00000E+00  4.00000E+03  1.00000E+00       3       2
 -1.29591E+00 -5.69619E-01 -2.41417E+00  5.11384E-01  4.00000E+03  1.00000E+00       2       3
 -1.29591E+00 -5.69619E-01 -2.18454E+00  5.19046E-01  3.99666E+03  1.00000E+00       1       2
 -1.29591E+00 -5.69619E-01  2.18454E+00  6.64831E-01  3.99664E+03  1.00000E+00       2       1
 -1.29591E+00 -5.69619E-01  2.41417E+00  6.72494E-01  3.99329E+03  1.00000E+00       3       2
 -1.29591E+00 -5.69619E-01  9.99900E+01  3.92835E+00  3.99329E+03  1.00000E+00       4       3
h: 15 15 1
t: -13 muon+
  5.63395E-01 -5.17784E+00 -1.77400E+01  0.00000E+00  4.00000E+03  1.00000E+00       3       2
  5.63395E-01 -5.17784E+00 -2.68145E+00  5.02466E-01  4.00000E+03  1.00000E+00       2       3
  5.63395E-01 -5.17784E+00 -2.47673E+00  5.09297E-01  3.99702E+03  1.00000E+00       1       2
  5.63395E-01 -5.17784E+00  2.47673E+00  6.74581E-01  3.99700E+03  1.00000E+00       2       1
  5.63395E-01 -5.17784E+00  2.68145E+00  6.81412E-01  3.99402E+03  1.00000E+00       3       2
  5.63395E-01 -5.17784E+00  9.98643E+01  3.92416E+00  3.99402E+03  1.00000E+00       4       3
h: 16 16 1
t: -13 muon+
  1.19348E+00  1.44194E+01 -1.77400E+01  0.00000E+00  4.00000E+03  1.00000E+00       3       2
  1.19348E+00  1.44194E+01 -2.46641E+00  5.09641E-01  4.00000E+03  1.00000E+00       2       3
  1.19348E+00  1.44194E+01 -2.24214E+00  5.17124E-01  3.99673E+03  1.00000E+00       1       2
  1.19348E+00  1.44194E+01  2.24214E+00  6.66754E-01  3.99672E+03  1.00000E+00       2       1
  1.19348E+00  1.44194E+01  2.46641E+00  6.74237E-01  3.99345E+03  1.00000E+00       3       2
  1.19348E+00  1.44194E+01  9.89477E+01  3.89358E+00  3.99345E+03  1.00000E+00       4       3
h: 17 17 1
t: -13 muon+
 -1.11254E+00 -1.73516E+01 -1.77400E+01  0.00000E+00  4.00000E+03  1.00000E+00       3       2
 -1.11254E+00 -1.73516E+01 -2.50397E+00  5.08388E-01  4.00000E+03  1.00000E+00       2       3
 -1.11254E+00 -1.73516E+01 -2.28339E+00  5.15748E-01  3.99679E+03  1.00000E+00       1       2
 -1.11254E+00 -1.73516E+01  2.28339E+00  6.68130E-01  3.99677E+03  1.00000E+00       2       1
 -1.11254E+00 -1.73516E+01  2.50397E+00  6.75490E-01  3.99356E+03  1.00000E+00       3       2
 -1.11254E+00 -1.73516E+01  9.84768E+01  3.87786E+00  3.99356E+03  1.00000E+00       4       3
h: 18 18 1
t: -13 muon+
 -1.09060E+00 -1.59437E+01 -1.77400E+01  0.00000E+00  4.00000E+03  1.00000E+00       3       2
 -1.09060E+00 -1.59437E+01 -2.51360E+00  5.08066E-01  4.00000E+03  1.00000E+00       2       3
 -1.09060E+00 -1.59437E+01 -2.29395E+00  5.15396E-01  3.99680E+03  1.00000E+00       1       2
 -1.09060E+00 -1.59437E+01  2.29395E+00  6.68482E-01  3.99678E+03  1.00000E+00       2       1
 -1.09060E+00 -1.59437E+01  2.51360E+00  6.75811E-01  3.99358E+03  1.00000E+00       3       2
 -1.09060E+00 -1.59437E+01  9.87148E+01  3.88580E+00  3.99358E+03  1.00000E+00       4       3
h: 19 19 1
t: -13 muon+
  1.00835E+00 -8.91233E+00 -1.77400E+01  0.00000E+00  4.00000E+03  1.00000E+00       3       2
  1.00835E+00 -8.91233E+00 -2.54771E+00  5.06928E-01  4.00000E+03  1.00000E+00       2       3
  1.00835E+00 -8.91233E+00 -2.33127E+00  5.14150E-01  3.99685E+03  1.00000E+00       1       2
  1.00835E+00 -8.91233E+00  2.33127E+00  6.69728E-01  3.99683E+03  1.00000E+00       2       1
  1.00835E+00 -8.91233E+00  2.54771E+00  6.76950E-01  3.99368E+03  1.00000E+00       3       2
  1.00835E+00 -8.91233E+00  9.95970E+01  3.91524E+00  3.99368E+03  1.00000E+00       4       3
h: 20 20 1
t: -13 muon+
  2.36384E+00  1.20224E+01 -1.77400E+01  0.00000E+00  4.00000E+03  1.00000E+00       3       2
  2.36384E+00  1.20224E+01 -1.38559E+00  5.45705E-01  4.00000E+03  1.00000E+00       2       3
  2.36384E+00  1.20224E+01 -9.29446E-01  5.60926E-01  3.99336E+03  1.00000E+00       1       2
  2.36384E+00  1.20224E+01  9.29446E-01  6.22952E-01  3.99335E+03  1.00000E+00       2       1
  2.36384E+00  1.20224E+01  1.38559E+00  6.38173E-01  3.98671E+03  1.00000E+00       3       2
  2.36384E+00  1.20224E+01  9.92465E+01  3.90355E+00  3.98671E+03  1.00000E+00       4       3
h: 21 21 1
t: -13 muon+
  1.75626E+00  4.28407E+00 -1.77400E+01  0.00000E+00  4.00000E+03  1.00000E+00       3       2
  1.75626E+00  4.28407E+00 -2.10313E+00  5.21763E-01  4.00000E+03  1.00000E+00       2       3
  1.75626E+00  4.28407E+00 -1.83498E+00  5.30710E-01  3.99610E+03  1.00000E+00       1       2
  1.75626E+00  4.28407E+00  1.83498E+00  6.53167E-01  3.99608E+03  1.00000E+00       2       1
  1.75626E+00  4.28407E+00  2.10313E+00  6.62115E-01  3.99218E+03  1.00000E+00       3       2
  1.75626E+00  4.28407E+00  9.98928E+01  3.92511E+00  3.99218E+03  1.00000E+00       4       3
h: 22 22 1
t: -13 muon+
 -1.30185E+00  1.86970E+01 -1.77400E+01  0.00000E+00  4.00000E+03  1.00000E+00       3       2
 -1.30185E+00  1.86970E+01 -2.41097E+00  5.11491E-01  4.00000E+03  1.00000E+00       2       3
 -1.30185E+00  1.86970E+01 -2.18100E+00  5.19164E-01  3.99665E+03  1.00000E+00       1       2
 -1.30185E+00  1.86970E+01  2.18100E+00  6.64713E-01  3.99663E+03  1.00000E+00       2       1
 -1.30185E+00  1.86970E+01  2.41097E+00  6.72387E-01  3.99328E+03  1.00000E+00       3       2
 -1.30185E+00  1.86970E+01  9.82279E+01  3.86956E+00  3.99328E+03  1.00000E+00       4       3
h: 23 23 1
t: -13 muon+
  1.57658E-02 -4.54046E+00 -1.77400E+01  0.00000E+00  4.00000E+03  1.00000E+00       3       2
  1.57658E-02 -4.54046E+00 -2.73995E+00  5.00513E-01  4.00000E+03  1.00000E+00       2       3
  1.57658E-02 -4.54046E+00 -2.53995E+00  5.07187E-01  3.99709E+03  1.00000E+00       1       2
  1.57658E-02 -4.54046E+00  2.53995E+00  6.76691E-01  3.99707E+03  1.00000E+00       2       1
  1.57658E-02 -4.54046E+00  2.73995E+00  6.83364E-01  3.99415E+03  1.00000E+00       3       2
  1.57658E-02 -4.54046E+00  9.98969E+01  3.92525E+00  3.99415E+03  1.00000E+00       4       3
h: 24 24 1
t: -13 muon+
  2.10428E+00 -1.55047E+01 -1.77400E+01  0.00000E+00  4.00000E+03  1.00000E+00       3       2
  2.10428E+00 -1.55047E+01 -1.75489E+00  5.33383E-01  4.00000E+03  1.00000E+00       2       3
  2.10428E+00 -1.55047E+01 -1.42254E+00  5.44472E-01  3.99516E+03  1.00000E+00       1       2
  2.10428E+00 -1.55047E+01  1.42254E+00  6.39405E-01  3.99515E+03  1.00000E+00       2       1
  2.10428E+00 -1.55047E+01  1.75489E+00  6.50495E-01  3.99031E+03  1.00000E+00       3       2
  2.10428E+00 -1.55047E+01  9.87683E+01  3.88759E+00  3.99031E+03  1.00000E+00       4       3
h: 25 25 1
t: -13 muon+
  1.77405E+00  1.75453E+01 -1.77400E+01  0.00000E+00  4.00000E+03  1.00000E+00       3       2
  1.77405E+00  1.75453E+01 -2.08815E+00  5.22263E-01  4.00000E+03  1.00000E+00       2       3
  1.77405E+00  1.75453E+01 -1.81779E+00  5.31284E-01  3.99606E+03  1.00000E+00       1       2
  1.77405E+00  1.75453E+01  1.81779E+00  6.52594E-01  3.99605E+03  1.00000E+00       2       1
  1.77405E+00  1.75453E+01  2.08815E+00  6.61615E-01  3.99211E+03  1.00000E+00       3       2
  1.77405E+00  1.75453E+01  9.84328E+01  3.87640E+00  3.99211E+03  1.00000E+00       4       3
h: 26 26 1
t: -13 muon+
  7.10980E-01  5.14932E+00 -1.77400E+01  0.00000E+00  4.00000E+03  1.00000E+00       3       2
  7.10980E-01  5.14932E+00 -2.64615E+00  5.03644E-01  4.00000E+03  1.00000E+00       2       3
  7.10980E-01  5.14932E+00 -2.43846E+00  5.10573E-01  3.99698E+03  1.00000E+00       1       2
  7.10980E-01  5.14932E+00  2.43846E+00  6.73304E-01  3.99696E+03  1.00000E+00       2       1
  7.10980E-01  5.14932E+00  2.64615E+00  6.80234E-01  3.99393E+03  1.00000E+00       3       2
  7.10980E-01  5.14932E+00  9.98648E+01  3.92418E+00  3.99393E+03  1.00000E+00       4       3
h: 27 27 1
t: -13 muon+
 -5.01446E-01 -1.89108E+01 -1.77400E+01  0.00000E+00  4.00000E+03  1.00000E+00       3       2
 -5.01446E-01 -1.89108E+01 -2.69372E+00  5.02056E-01  4.00000E+03  1.00000E+00       2       3
 -5.01446E-01 -1.89108E+01 -2.49001E+00  5.08853E-01  3.99703E+03  1.00000E+00       1       2
 -5.01446E-01 -1.89108E+01  2.49001E+00  6.75024E-01  3.99701E+03  1.00000E+00       2       1
 -5.01446E-01 -1.89108E+01  2.69372E+00  6.81822E-01  3.99405E+03  1.00000E+00       3       2
 -5.01446E-01 -1.89108E+01  9.81943E+01  3.86844E+00  3.99405E+03  1.00000E+00       4       3
h: 28 28 1
t: -13 muon+
 -2.33775E+00 -6.93364E+00 -1.77400E+01  0.00000E+00  4.00000E+03  1.00000E+00       3       2
 -2.33775E+00 -6.93364E+00 -1.42916E+00  5.44251E-01  4.00000E+03  1.00000E+00       2       3
 -2.33775E+00 -6.93364E+00 -9.93232E-01  5.58797E-01  3.99365E+03  1.00000E+00       1       2
 -2.33775E+00 -6.93364E+00  9.93232E-01  6.25081E-01  3.99364E+03  1.00000E+00       2       1
 -2.33775E+00 -6.93364E+00  1.42916E+00  6.39626E-01  3.98730E+03  1.00000E+00       3       2
 -2.33775E+00 -6.93364E+00  9.97319E+01  3.91975E+00  3.98730E+03  1.00000E+00       4       3
h: 29 29 1
t: -13 muon+
  1.27120E-01 -5.76170E+00 -1.77400E+01  0.00000E+00  4.00000E+03  1.00000E+00       3       2
  1.27120E-01 -5.76170E+00 -2.73705E+00  5.00610E-01  4.00000E+03  1.00000E+00       2       3
  1.27120E-01 -5.76170E+00 -2.53682E+00  5.07292E-01  3.99708E+03  1.00000E+00       1       2
  1.27120E-01 -5.76170E+00  2.53682E+00  6.76586E-01  3.99706E+03  1.00000E+00       2       1
  1.27120E-01 -5.76170E+00  2.73705E+00  6.83267E-01  3.99415E+03  1.00000E+00       3       2
  1.27120E-01 -5.76170E+00  9.98338E+01  3.92314E+00  3.99415E+03  1.00000E+00       4       3
h: 30 30 1
t: -13 muon+
 -1.98098E+00  1.73799E+00 -1.77400E+01  0.00000E+00  4.00000E+03  1.00000E+00       3       2
 -1.98098E+00  1.73799E+00 -1.89297E+00  5.28775E-01  4.00000E+03  1.00000E+00       2       3
 -1.98098E+00  1.73799E+00 -1.58976E+00  5.38893E-01  3.99558E+03  1.00000E+00       1       2
 -1.98098E+00  1.73799E+00  1.58976E+00  6.44985E-01  3.99557E+03  1.00000E+00       2       1
 -1.98098E+00  1.73799E+00  1.89297E+00  6.55102E-01  3.99116E+03  1.00000E+00       3       2
 -1.98098E+00  1.73799E+00  9.99653E+01  3.92753E+00  3.99116E+03  1.00000E+00       4       3
h: 31 31 1
t: -13 muon+
 -1.51815E+00 -5.75371E+00 -1.77400E+01  0.00000E+00  4.00000E+03  1.00000E+00       3       2
 -1.51815E+00 -5.75371E+00 -2.28097E+00  5.15829E-01  4.00000E+03  1.00000E+00       2       3
 -1.51815E+00 -5.75371E+00 -2.03638E+00  5.23990E-01  3.99644E+03  1.00000E+00       1       2
 -1.51815E+00 -5.75371E+00  2.03638E+00  6.59888E-01  3.99642E+03  1.00000E+00       2       1
 -1.51815E+00 -5.75371E+00  2.28097E+00  6.68049E-01  3.99286E+03  1.00000E+00       3       2
 -1.51815E+00 -5.75371E+00  9.98228E+01  3.92278E+00  3.99286E+03  1.00000E+00       4       3
h: 32 32 1
t: -13 muon+
 -9.39066E-01  8.99792E-01 -1.77400E+01  0.00000E+00  4.00000E+03  1.00000E+00       3       2
 -9.39066E-01  8.99792E-01 -2.57405E+00  5.06049E-01  4.00000E+03  1.00000E+00       2       3
 -9.39066E-01  8.99792E-01 -2.36003E+00  5.13191E-01  3.99688E+03  1.00000E+00       1       2
 -9.39066E-01  8.99792E-01  2.36003E+00  6.70687E-01  3.99686E+03  1.00000E+00       2       1
 -9.39066E-01  8.99792E-01  2.57405E+00  6.77829E-01  3.99375E+03  1.00000E+00       3       2
 -9.39066E-01  8.99792E-01  9.99915E+01  3.92841E+00  3.99375E+03  1.00000E+00       4       3
h: 33 33 1
t: -13 muon+
  8.08244E-01  7.90509E+00 -1.77400E+01  0.00000E+00  4.00000E+03  1.00000E+00       3       2
  8.08244E-01  7.90509E+00 -2.61808E+00  5.04580E-01  4.00000E+03  1.00000E+00       2       3
  8.08244E-01  7.90509E+00 -2.40797E+00  5.11591E-01  3.99694E+03  1.00000E+00       1       2
  8.08244E-01  7.90509E+00  2.40797E+00  6.72287E-01  3.99692E+03  1.00000E+00       2       1
  8.08244E-01  7.90509E+00  2.61808E+00  6.79298E-01  3.99386E+03  1.00000E+00       3       2
  8.08244E-01  7.90509E+00  9.96838E+01  3.91814E+00  3.99386E+03  1.00000E+00       4       3
h: 34 34 1
t: -13 muon+
 -3.16267E-01 -4.08681E+00 -1.77400E+01  0.00000E+00  4.00000E+03  1.00000E+00       3       2
 -3.16267E-01 -4.08681E+00 -2.72169E+00  5.01123E-01  4.00000E+03  1.00000E+00       2       3
 -3.16267E-01 -4.08681E+00 -2.52023E+00  5.07845E-01  3.99707E+03  1.00000E+00       1       2
 -3.16267E-01 -4.08681E+00  2.52023E+00  6.76033E-01  3.99705E+03  1.00000E+00       2       1
 -3.16267E-01 -4.08681E+00  2.72169E+00  6.82755E-01  3.99411E+03  1.00000E+00       3       2
 -3.16267E-01 -4.08681E+00  9.99160E+01  3.92588E+00  3.99411E+03  1.00000E+00       4       3
h: 35 35 1
t: -13 muon+
 -4.42224E-01 -7.36747E+00 -1.77400E+01  0.00000E+00  4.00000E+03  1.00000E+00       3       2
 -4.42224E-01 -7.36747E+00 -2.70408E+00  5.01711E-01  4.00000E+03  1.00000E+00       2       3
 -4.42224E-01 -7.36747E+00 -2.50121E+00  5.08480E-01  3.99705E+03  1.00000E+00       1       2
 -4.42224E-01 -7.36747E+00  2.50121E+00  6.75398E-01  3.99703E+03  1.00000E+00       2       1
 -4.42224E-01 -7.36747E+00  2.70408E+00  6.82167E-01  3.99407E+03  1.00000E+00       3       2
 -4.42224E-01 -7.36747E+00  9.97273E+01  3.91959E+00  3.99407E+03  1.00000E+00       4       3
h: 36 36 1
t: -13 muon+
  6.58368E-01  2.91078E+00 -1.77400E+01  0.00000E+00  4.00000E+03  1.00000E+00       3       2
  6.58368E-01  2.91078E+00 -2.65973E+00  5.03190E-01  4.00000E+03  1.00000E+00       2       3
  6.58368E-01  2.91078E+00 -2.45319E+00  5.10082E-01  3.99699E+03  1.00000E+00       1       2
  6.58368E-01  2.91078E+00  2.45319E+00  6.73796E-01  3.99697E+03  1.00000E+00       2       1
  6.58368E-01  2.91078E+00  2.65973E+00  6.80687E-01  3.99396E+03  1.00000E+00       3       2
  6.58368E-01  2.91078E+00  9.99555E+01  3.92720E+00  3.99396E+03  1.00000E+00       4       3
h: 37 37 1
t: -13 muon+
  1.85043E+00  4.57726E+00 -1.77400E+01  0.00000E+00  4.00000E+03  1.00000E+00       3       2
  1.85043E+00  4.57726E+00 -2.02077E+00  5.24511E-01  4.00000E+03  1.00000E+00       2       3
  1.85043E+00  4.57726E+00 -1.73998E+00  5.33880E-01  3.99591E+03  1.00000E+00       1       2
  1.85043E+00  4.57726E+00  1.73998E+00  6.49997E-01  3.99590E+03  1.00000E+00       2       1
  1.85043E+00  4.57726E+00  2.02077E+00  6.59367E-01  3.99181E+03  1.00000E+00       3       2
  1.85043E+00  4.57726E+00  9.98780E+01  3.92462E+00  3.99181E+03  1.00000E+00       4       3
h: 38 38 1
t: -13 muon+
  2.02290E+00 -4.29903E+00 -1.77400E+01  0.00000E+00  4.00000E+03  1.00000E+00       3       2
  2.02290E+00 -4.29903E+00 -1.84810E+00  5.30272E-01  4.00000E+03  1.00000E+00       2       3
  2.02290E+00 -4.29903E+00 -1.53606E+00  5.40684E-01  3.99546E+03  1.00000E+00       1       2
  2.02290E+00 -4.29903E+00  1.53606E+00  6.43193E-01  3.99544E+03  1.00000E+00       2       1
  2.02290E+00 -4.29903E+00  1.84810E+00  6.53605E-01  3.99090E+03  1.00000E+00       3       2
  2.02290E+00 -4.29903E+00  9.98871E+01  3.92492E+00  3.99090E+03  1.00000E+00       4       3
h: 39 39 1
t: -13 muon+
  1.47287E+00  1.25257E+01 -1.77400E+01  0.00000E+00  4.00000E+03  1.00000E+00       3       2
  1.47287E+00  1.25257E+01 -2.31047E+00  5.14844E-01  4.00000E+03  1.00000E+00       2       3
  1.47287E+00  1.25257E+01 -2.06936E+00  5.22889E-01  3.99649E+03  1.00000E+00       1       2
  1.47287E+00  1.25257E+01  2.06936E+00  6.60988E-01  3.99647E+03  1.00000E+00       2       1
  1.47287E+00  1.25257E+01  2.31047E+00  6.69033E-01  3.99296E+03  1.00000E+00       3       2
  1.47287E+00  1.25257E+01  9.92015E+01  3.90205E+00  3.99296E+03  1.00000E+00       4       3
h: 40 40 1
t: -13 muon+
  2.48786E+00  2.26554E+00 -1.77400E+01  0.00000E+00  4.00000E+03  1.00000E+00       3       2
  2.48786E+00  2.26554E+00 -1.14810E+00  5.53630E-01  4.00000E+03  1.00000E+00       2       3
  2.48786E+00  2.26554E+00 -5.11990E-01  5.74855E-01  3.99074E+03  1.00000E+00       1       2
  2.48786E+00  2.26554E+00  5.11990E-01  6.09023E-01  3.99073E+03  1.00000E+00       2       1
  2.48786E+00  2.26554E+00  1.14810E+00  6.30248E-01  3.98147E+03  1.00000E+00       3       2
  2.48786E+00  2.26554E+00  9.99434E+01  3.92681E+00  3.98147E+03  1.00000E+00       4       3
h: 41 41 1
t: -13 muon+
 -1.04687E+00  8.42058E+00 -1.77400E+01  0.00000E+00  4.00000E+03  1.00000E+00       3       2
 -1.04687E+00  8.42058E+00 -2.53213E+00  5.07448E-01  4.00000E+03  1.00000E+00       2       3
 -1.04687E+00  8.42058E+00 -2.31423E+00  5.14719E-01  3.99683E+03  1.00000E+00       1       2
 -1.04687E+00  8.42058E+00  2.31423E+00  6.69159E-01  3.99681E+03  1.00000E+00       2       1
 -1.04687E+00  8.42058E+00  2.53213E+00  6.76430E-01  3.99364E+03  1.00000E+00       3       2
 -1.04687E+00  8.42058E+00  9.96393E+01  3.91665E+00  3.99364E+03  1.00000E+00       4       3
h: 42 42 1
t: -13 muon+
  1.90195E+00  1.31922E+01 -1.77400E+01  0.00000E+00  4.00000E+03  1.00000E+00       3       2
  1.90195E+00  1.31922E+01 -1.97235E+00  5.26126E-01  4.00000E+03  1.00000E+00       2       3
  1.90195E+00  1.31922E+01 -1.68350E+00  5.35765E-01  3.99579E+03  1.00000E+00       1       2
  1.90195E+00  1.31922E+01  1.68350E+00  6.48113E-01  3.99578E+03  1.00000E+00       2       1
  1.90195E+00  1.31922E+01  1.97235E+00  6.57751E-01  3.99157E+03  1.00000E+00       3       2
  1.90195E+00  1.31922E+01  9.91078E+01  3.89892E+00  3.99157E+03  1.00000E+00       4       3
h: 43 43 1
t: -13 muon+
  1.09200E+00 -1.44143E+01 -1.77400E+01  0.00000E+00  4.00000E+03  1.00000E+00       3       2
  1.09200E+00 -1.44143E+01 -2.51299E+00  5.08087E-01  4.00000E+03  1.00000E+00       2       3
  1.09200E+00 -1.44143E+01 -2.29328E+00  5.15418E-01  3.99680E+03  1.00000E+00       1       2
  1.09200E+00 -1.44143E+01  2.29328E+00  6.68460E-01  3.99678E+03  1.00000E+00       2       1
  1.09200E+00 -1.44143E+01  2.51299E+00  6.75791E-01  3.99358E+03  1.00000E+00       3       2
  1.09200E+00 -1.44143E+01  9.89497E+01  3.89364E+00  3.99358E+03  1.00000E+00       4       3
h: 44 44 1
t: -13 muon+
  1.15131E+00  1.00399E+01 -1.77400E+01  0.00000E+00  4.00000E+03  1.00000E+00       3       2
  1.15131E+00  1.00399E+01 -2.48638E+00  5.08975E-01  4.00000E+03  1.00000E+00       2       3
  1.15131E+00  1.00399E+01 -2.26409E+00  5.16392E-01  3.99676E+03  1.00000E+00       1       2
  1.15131E+00  1.00399E+01  2.26409E+00  6.67486E-01  3.99674E+03  1.00000E+00       2       1
  1.15131E+00  1.00399E+01  2.48638E+00  6.74903E-01  3.99351E+03  1.00000E+00       3       2
  1.15131E+00  1.00399E+01  9.94881E+01  3.91161E+00  3.99351E+03  1.00000E+00       4       3
h: 45 45 1
t: -13 muon+
 -1.97822E+00  1.07296E+01 -1.77400E+01  0.00000E+00  4.00000E+03  1.00000E+00       3       2
 -1.97822E+00  1.07296E+01 -1.89584E+00  5.28679E-01  4.00000E+03  1.00000E+00       2       3
 -1.97822E+00  1.07296E+01 -1.59318E+00  5.38778E-01  3.99559E+03  1.00000E+00       1       2
 -1.97822E+00  1.07296E+01  1.59318E+00  6.45099E-01  3.99558E+03  1.00000E+00       2       1
 -1.97822E+00  1.07296E+01  1.89584E+00  6.55198E-01  3.99117E+03  1.00000E+00       3       2
 -1.97822E+00  1.07296E+01  9.94030E+01  3.90877E+00  3.99117E+03  1.00000E+00       4       3
h: 46 46 1
t: -13 muon+
  1.90025E+00  7.75354E+00 -1.77400E+01  0.00000E+00  4.00000E+03  1.00000E+00       3       2
  1.90025E+00  7.75354E+00 -1.97400E+00  5.26072E-01  4.00000E+03  1.00000E+00       2       3
  1.90025E+00  7.75354E+00 -1.68543E+00  5.35700E-01  3.99580E+03  1.00000E+00       1       2
  1.90025E+00  7.75354E+00  1.68543E+00  6.48177E-01  3.99578E+03  1.00000E+00       2       1
  1.90025E+00  7.75354E+00  1.97400E+00  6.57806E-01  3.99158E+03  1.00000E+00       3       2
  1.90025E+00  7.75354E+00  9.96808E+01  3.91804E+00  3.99158E+03  1.00000E+00       4       3
h: 47 47 1
t: -13 muon+
 -1.48789E+00 -6.57052E+00 -1.77400E+01  0.00000E+00  4.00000E+03  1.00000E+00       3       2
 -1.48789E+00 -6.57052E+00 -2.30082E+00  5.15166E-01  4.00000E+03  1.00000E+00       2       3
 -1.48789E+00 -6.57052E+00 -2.05859E+00  5.23249E-01  3.99647E+03  1.00000E+00       1       2
 -1.48789E+00 -6.57052E+00  2.05859E+00  6.60629E-01  3.99646E+03  1.00000E+00       2       1
 -1.48789E+00 -6.57052E+00  2.30082E+00  6.68712E-01  3.99293E+03  1.00000E+00       3       2
 -1.48789E+00 -6.57052E+00  9.97728E+01  3.92111E+00  3.99293E+03  1.00000E+00       4       3
h: 48 48 1
t: -13 muon+
 -1.34233E+00 -3.45185E+00 -1.77400E+01  0.00000E+00  4.00000E+03  1.00000E+00       3       2
 -1.34233E+00 -3.45185E+00 -2.38867E+00  5.12235E-01  4.00000E+03  1.00000E+00       2       3
 -1.34233E+00 -3.45185E+00 -2.15633E+00  5.19988E-01  3.99662E+03  1.00000E+00       1       2
 -1.34233E+00 -3.45185E+00  2.15633E+00  6.63890E-01  3.99660E+03  1.00000E+00       2       1
 -1.34233E+00 -3.45185E+00  2.38867E+00  6.71643E-01  3.99322E+03  1.00000E+00       3       2
 -1.34233E+00 -3.45185E+00  9.99314E+01  3.92640E+00  3.99322E+03  1.00000E+00       4       3
h: 49 49 1
t: -13 muon+
 -1.26980E+00  1.42124E+01 -1.77400E+01  0.00000E+00  4.00000E+03  1.00000E+00       3       2
 -1.26980E+00  1.42124E+01 -2.42800E+00  5.10923E-01  4.00000E+03  1.00000E+00       2       3
 -1.26980E+00  1.42124E+01 -2.19982E+00  5.18536E-01  3.99668E+03  1.00000E+00       1       2
 -1.26980E+00  1.42124E+01  2.19982E+00  6.65341E-01  3.99666E+03  1.00000E+00       2       1
 -1.26980E+00  1.42124E+01  2.42800E+00  6.72955E-01  3.99334E+03  1.00000E+00       3       2
 -1.26980E+00  1.42124E+01  9.89767E+01  3.89455E+00  3.99334E+03  1.00000E+00       4       3
h: 50 50 1
t: -13 muon+
 -1.94882E+00 -1.00457E+01 -1.77400E+01  0.00000E+00  4.00000E+03  1.00000E+00       3       2
 -1.94882E+00 -1.00457E+01 -1.92606E+00  5.27671E-01  4.00000E+03  1.00000E+00       2       3
 -1.94882E+00 -1.00457E+01 -1.62902E+00  5.37583E-01  3.99567E+03  1.00000E+00       1       2
 -1.94882E+00 -1.00457E+01  1.62902E+00  6.46295E-01  3.99566E+03  1.00000E+00       2       1
 -1.94882E+00 -1.00457E+01  1.92606E+00  6.56207E-01  3.99134E+03  1.00000E+00       3       2
 -1.94882E+00 -1.00457E+01  9.94750E+01  3.91117E+00  3.99134E+03  1.00000E+00       4       3
h: 51 51 1
t: -13 muon+
 -7.35751E-01  1.28260E+01 -1.77400E+01  0.00000E+00  4.00000E+03  1.00000E+00       3       2
 -7.35751E-01  1.28260E+01 -2.63937E+00  5.03870E-01  4.00000E+03  1.00000E+00       2       3
 -7.35751E-01  1.28260E+01 -2.43110E+00  5.10819E-01  3.99697E+03  1.00000E+00       1       2
 -7.35751E-01  1.28260E+01  2.43110E+00  6.73059E-01  3.99695E+03  1.00000E+00       2       1
 -7.35751E-01  1.28260E+01  2.63937E+00  6.80008E-01  3.99391E+03  1.00000E+00       3       2
 -7.35751E-01  1.28260E+01  9.91713E+01  3.90104E+00  3.99391E+03  1.00000E+00       4       3
h: 52 52 1
t: -13 muon+
 -2.93859E-01 -1.73486E+01 -1.77400E+01  0.00000E+00  4.00000E+03  1.00000E+00       3       2
 -2.93859E-01 -1.73486E+01 -2.72420E+00  5.01039E-01  4.00000E+03  1.00000E+00       2       3
 -2.93859E-01 -1.73486E+01 -2.52294E+00  5.07755E-01  3.99707E+03  1.00000E+00       1       2
 -2.93859E-01 -1.73486E+01  2.52294E+00  6.76123E-01  3.99705E+03  1.00000E+00       2       1
 -2.93859E-01 -1.73486E+01  2.72420E+00  6.82838E-01  3.99412E+03  1.00000E+00       3       2
 -2.93859E-01 -1.73486E+01  9.84832E+01  3.87808E+00  3.99412E+03  1.00000E+00       4       3
h: 53 53 1
t: -13 muon+
 -8.96845E-01 -1.00228E+01 -1.77400E+01  0.00000E+00  4.00000E+03  1.00000E+00       3       2
 -8.96845E-01 -1.00228E+01 -2.58907E+00  5.05548E-01  4.00000E+03  1.00000E+00       2       3
 -8.96845E-01 -1.00228E+01 -2.37640E+00  5.12644E-01  3.99690E+03  1.00000E+00       1       2
 -8.96845E-01 -1.00228E+01  2.37640E+00  6.71233E-01  3.99688E+03  1.00000E+00       2       1
 -8.96845E-01 -1.00228E+01  2.58907E+00  6.78330E-01  3.99379E+03  1.00000E+00       3       2
 -8.96845E-01 -1.00228E+01  9.94924E+01  3.91175E+00  3.99379E+03  1.00000E+00       4       3
h: 54 54 1
t: -13 muon+
  6.27335E-01  8.08428E+00 -1.77400E+01  0.00000E+00  4.00000E+03  1.00000E+00       3       2
  6.27335E-01  8.08428E+00 -2.66722E+00  5.02941E-01  4.00000E+03  1.00000E+00       2       3
  6.27335E-01  8.08428E+00 -2.46131E+00  5.09811E-01  3.99700E+03  1.00000E+00       1       2
  6.27335E-01  8.08428E+00  2.46131E+00  6.74067E-01  3.99698E+03  1.00000E+00       2       1
  6.27335E-01  8.08428E+00  2.66722E+00  6.80937E-01  3.99398E+03  1.00000E+00       3       2
  6.27335E-01  8.08428E+00  9.96707E+01  3.91770E+00  3.99398E+03  1.00000E+00       4       3
h: 55 55 1
t: -13 muon+
  4.29891E-01  1.90989E+01 -1.77400E+01  0.00000E+00  4.00000E+03  1.00000E+00       3       2
  4.29891E-01  1.90989E+01 -2.70607E+00  5.01644E-01  4.00000E+03  1.00000E+00       2       3
  4.29891E-01  1.90989E+01 -2.50336E+00  5.08408E-01  3.99705E+03  1.00000E+00       1       2
  4.29891E-01  1.90989E+01  2.50336E+00  6.75470E-01  3.99703E+03  1.00000E+00       2       1
  4.29891E-01  1.90989E+01  2.70607E+00  6.82233E-01  3.99408E+03  1.00000E+00       3       2
  4.29891E-01  1.90989E+01  9.81583E+01  3.86723E+00  3.99408E+03  1.00000E+00       4       3
h: 56 56 1
t: -13 muon+
 -4.91407E-01  1.83073E+01 -1.77400E+01  0.00000E+00  4.00000E+03  1.00000E+00       3       2
 -4.91407E-01  1.83073E+01 -2.69557E+00  5.01994E-01  4.00000E+03  1.00000E+00       2       3
 -4.91407E-01  1.83073E+01 -2.49201E+00  5.08787E-01  3.99704E+03  1.00000E+00       1       2
 -4.91407E-01  1.83073E+01  2.49201E+00  6.75091E-01  3.99702E+03  1.00000E+00       2       1
 -4.91407E-01  1.83073E+01  2.69557E+00  6.81883E-01  3.99405E+03  1.00000E+00       3       2
 -4.91407E-01  1.83073E+01  9.83087E+01  3.87225E+00  3.99405E+03  1.00000E+00       4       3
h: 57 57 1
t: -13 muon+
  1.64028E+00  1.93618E+01 -1.77400E+01  0.00000E+00  4.00000E+03  1.00000E+00       3       2
  1.64028E+00  1.93618E+01 -2.19478E+00  5.18704E-01  4.00000E+03  1.00000E+00       2       3
  1.64028E+00  1.93618E+01 -1.93935E+00  5.27228E-01  3.99628E+03  1.00000E+00       1       2
  1.64028E+00  1.93618E+01  1.93935E+00  6.56650E-01  3.99626E+03  1.00000E+00       2       1
  1.64028E+00  1.93618E+01  2.19478E+00  6.65173E-01  3.99255E+03  1.00000E+00       3       2
  1.64028E+00  1.93618E+01  9.80940E+01  3.86509E+00  3.99255E+03  1.00000E+00       4       3
h: 58 58 1
t: -13 muon+
  1.40948E+00  1.69663E+01 -1.77400E+01  0.00000E+00  4.00000E+03  1.00000E+00       3       2
  1.40948E+00  1.69663E+01 -2.34967E+00  5.13536E-01  4.00000E+03  1.00000E+00       2       3
  1.40948E+00  1.69663E+01 -2.11305E+00  5.21432E-01  3.99655E+03  1.00000E+00       1       2
  1.40948E+00  1.69663E+01  2.11305E+00  6.62446E-01  3.99654E+03  1.00000E+00       2       1
  1.40948E+00  1.69663E+01  2.34967E+00  6.70342E-01  3.99309E+03  1.00000E+00       3       2
  1.40948E+00  1.69663E+01  9.85401E+01  3.87998E+00  3.99309E+03  1.00000E+00       4       3
h: 59 59 1
t: -13 muon+
  5.34144E-01 -6.56248E+00 -1.77400E+01  0.00000E+00  4.00000E+03  1.00000E+00       3       2
  5.34144E-01 -6.56248E+00 -2.68743E+00  5.02266E-01  4.00000E+03  1.00000E+00       2       3
  5.34144E-01 -6.56248E+00 -2.48320E+00  5.09081E-01  3.99703E+03  1.00000E+00       1       2
  5.34144E-01 -6.56248E+00  2.48320E+00  6.74797E-01  3.99701E+03  1.00000E+00       2       1
  5.34144E-01 -6.56248E+00  2.68743E+00  6.81612E-01  3.99403E+03  1.00000E+00       3       2
  5.34144E-01 -6.56248E+00  9.97830E+01  3.92145E+00  3.99403E+03  1.00000E+00       4       3
h: 60 60 1
t: -13 muon+
 -5.10861E-01 -4.33057E+00 -1.77400E+01  0.00000E+00  4.00000E+03  1.00000E+00       3       2
 -5.10861E-01 -4.33057E+00 -2.69195E+00  5.02115E-01  4.00000E+03  1.00000E+00       2       3
 -5.10861E-01 -4.33057E+00 -2.48810E+00  5.08917E-01  3.99703E+03  1.00000E+00       1       2
 -5.10861E-01 -4.33057E+00  2.48810E+00  6.74960E-01  3.99701E+03  1.00000E+00       2       1
 -5.10861E-01 -4.33057E+00  2.69195E+00  6.81763E-01  3.99404E+03  1.00000E+00       3       2
 -5.10861E-01 -4.33057E+00  9.99049E+01  3.92551E+00  3.99404E+03  1.00000E+00       4       3
h: 61 61 1
t: -13 muon+
  6.18481E-01  7.07924E+00 -1.77400E+01  0.00000E+00  4.00000E+03  1.00000E+00       3       2
  6.18481E-01  7.07924E+00 -2.66928E+00  5.02872E-01  4.00000E+03  1.00000E+00       2       3
  6.18481E-01  7.07924E+00 -2.46355E+00  5.09736E-01  3.99700E+03  1.00000E+00       1       2
  6.18481E-01  7.07924E+00  2.46355E+00  6.74141E-01  3.99698E+03  1.00000E+00       2       1
  6.18481E-01  7.07924E+00  2.66928E+00  6.81006E-01  3.99399E+03  1.00000E+00       3       2
  6.18481E-01  7.07924E+00  9.97472E+01  3.92025E+00  3.99399E+03  1.00000E+00       4       3
h: 62 62 1
t: -13 muon+
  2.09791E+00 -6.15239E+00 -1.77400E+01  0.00000E+00  4.00000E+03  1.00000E+00       3       2
  2.09791E+00 -6.15239E+00 -1.76249E+00  5.33129E-01  4.00000E+03  1.00000E+00       2       3
  2.09791E+00 -6.15239E+00 -1.43191E+00  5.44160E-01  3.99519E+03  1.00000E+00       1       2
  2.09791E+00 -6.15239E+00  1.43191E+00  6.39718E-01  3.99517E+03  1.00000E+00       2       1
  2.09791E+00 -6.15239E+00  1.76249E+00  6.50749E-01  3.99036E+03  1.00000E+00       3       2
  2.09791E+00 -6.15239E+00  9.97885E+01  3.92163E+00  3.99036E+03  1.00000E+00       4       3
h: 63 63 1
t: -13 muon+
  6.77718E-01  6.97484E-01 -1.77400E+01  0.00000E+00  4.00000E+03  1.00000E+00       3       2
  6.77718E-01  6.97484E-01 -2.65486E+00  5.03353E-01  4.00000E+03  1.00000E+00       2       3
  6.77718E-01  6.97484E-01 -2.44792E+00  5.10258E-01  3.99699E+03  1.00000E+00       1       2
  6.77718E-01  6.97484E-01  2.44792E+00  6.73620E-01  3.99697E+03  1.00000E+00       2       1
  6.77718E-01  6.97484E-01  2.65486E+00  6.80525E-01  3.99395E+03  1.00000E+00       3       2
  6.77718E-01  6.97484E-01  9.99953E+01  3.92853E+00  3.99395E+03  1.00000E+00       4       3
h: 64 64 1
t: -13 muon+
  6.42406E-01 -8.86752E+00 -1.77400E+01  0.00000E+00  4.00000E+03  1.00000E+00       3       2
  6.42406E-01 -8.86752E+00 -2.66363E+00  5.03060E-01  4.00000E+03  1.00000E+00       2       3
  6.42406E-01 -8.86752E+00 -2.45742E+00  5.09941E-01  3.99700E+03  1.00000E+00       1       2
  6.42406E-01 -8.86752E+00  2.45742E+00  6.73937E-01  3.99698E+03  1.00000E+00       2       1
  6.42406E-01 -8.86752E+00  2.66363E+00  6.80817E-01  3.99397E+03  1.00000E+00       3       2
  6.42406E-01 -8.86752E+00  9.96040E+01  3.91547E+00  3.99397E+03  1.00000E+00       4       3
h: 65 65 1
t: -13 muon+
  1.77093E+00 -1.58500E+01 -1.77400E+01  0.00000E+00  4.00000E+03  1.00000E+00       3       2
  1.77093E+00 -1.58500E+01 -2.09079E+00  5.22174E-01  4.00000E+03  1.00000E+00       2       3
  1.77093E+00 -1.58500E+01 -1.82082E+00  5.31183E-01  3.99607E+03  1.00000E+00       1       2
  1.77093E+00 -1.58500E+01  1.82082E+00  6.52695E-01  3.99605E+03  1.00000E+00       2       1
  1.77093E+00 -1.58500E+01  2.09079E+00  6.61703E-01  3.99212E+03  1.00000E+00       3       2
  1.77093E+00 -1.58500E+01  9.87200E+01  3.88598E+00  3.99212E+03  1.00000E+00       4       3
h: 66 66 1
t: -13 muon+
 -3.52807E-01 -4.39902E+00 -1.77400E+01  0.00000E+00  4.00000E+03  1.00000E+00       3       2
 -3.52807E-01 -4.39902E+00 -2.71719E+00  5.01273E-01  4.00000E+03  1.00000E+00       2       3
 -3.52807E-01 -4.39902E+00 -2.51538E+00  5.08007E-01  3.99706E+03  1.00000E+00       1       2
 -3.52807E-01 -4.39902E+00  2.51538E+00  6.75871E-01  3.99704E+03  1.00000E+00       2       1
 -3.52807E-01 -4.39902E+00  2.71719E+00  6.82605E-01  3.99410E+03  1.00000E+00       3       2
 -3.52807E-01 -4.39902E+00  9.99026E+01  3.92544E+00  3.99410E+03  1.00000E+00       4       3
h: 67 67 1
t: -13 muon+
  3.14731E-01  1.07597E+01 -1.77400E+01  0.00000E+00  4.00000E+03  1.00000E+00       3       2
  3.14731E-01  1.07597E+01 -2.72186E+00  5.01117E-01  4.00000E+03  1.00000E+00       2       3
  3.14731E-01  1.07597E+01 -2.52043E+00  5.07839E-01  3.99707E+03  1.00000E+00       1       2
  3.14731E-01  1.07597E+01  2.52043E+00  6.76039E-01  3.99705E+03  1.00000E+00       2       1
  3.14731E-01  1.07597E+01  2.72186E+00  6.82761E-01  3.99411E+03  1.00000E+00       3       2
  3.14731E-01  1.07597E+01  9.94190E+01  3.90930E+00  3.99411E+03  1.00000E+00       4       3
h: 68 68 1
t: -13 muon+
  2.50489E+00 -4.29847E+00 -1.77400E+01  0.00000E+00  4.00000E+03  1.00000E+00       3       2
  2.50489E+00 -4.29847E+00 -1.11047E+00  5.54885E-01  4.00000E+03  1.00000E+00       2       3
  2.50489E+00 -4.29847E+00 -4.20885E-01  5.77895E-01  3.98996E+03  1.00000E+00       1       2
  2.50489E+00 -4.29847E+00  4.20885E-01  6.05983E-01  3.98996E+03  1.00000E+00       2       1
  2.50489E+00 -4.29847E+00  1.11047E+00  6.28993E-01  3.97992E+03  1.00000E+00       3       2
  2.50489E+00 -4.29847E+00  9.98762E+01  3.92456E+00  3.97992E+03  1.00000E+00       4       3
h: 69 69 1
t: -13 muon+
  1.47171E+00 -7.91618E+00 -1.77400E+01  0.00000E+00  4.00000E+03  1.00000E+00       3       2
  1.47171E+00 -7.91618E+00 -2.31120E+00  5.14820E-01  4.00000E+03  1.00000E+00       2       3
  1.47171E+00 -7.91618E+00 -2.07018E+00  5.22862E-01  3.99649E+03  1.00000E+00       1       2
  1.47171E+00 -7.91618E+00  2.07018E+00  6.61016E-01  3.99647E+03  1.00000E+00       2       1
  1.47171E+00 -7.91618E+00  2.31120E+00  6.69058E-01  3.99296E+03  1.00000E+00       3       2
  1.47171E+00 -7.91618E+00  9.96753E+01  3.91786E+00  3.99296E+03  1.00000E+00       4       3
h: 70 70 1
t: -13 muon+
 -5.49537E-01 -3.96043E+00 -1.77400E+01  0.00000E+00  4.00000E+03  1.00000E+00       3       2
 -5.49537E-01 -3.96043E+00 -2.68433E+00  5.02370E-01  4.00000E+03  1.00000E+00       2       3
 -5.49537E-01 -3.96043E+00 -2.47984E+00  5.09193E-01  3.99702E+03  1.00000E+00       1       2
 -5.49537E-01 -3.96043E+00  2.47984E+00  6.74685E-01  3.99700E+03  1.00000E+00       2       1
 -5.49537E-01 -3.96043E+00  2.68433E+00  6.81508E-01  3.99402E+03  1.00000E+00       3       2
 -5.49537E-01 -3.96043E+00  9.99200E+01  3.92602E+00  3.99402E+03  1.00000E+00       4       3
h: 71 71 1
t: -13 muon+
 -2.19492E+00 -4.35611E+00 -1.77400E+01  0.00000E+00  4.00000E+03  1.00000E+00       3       2
 -2.19492E+00 -4.35611E+00 -1.64010E+00  5.37213E-01  4.00000E+03  1.00000E+00       2       3
 -2.19492E+00 -4.35611E+00 -1.27825E+00  5.49287E-01  3.99473E+03  1.00000E+00       1       2
 -2.19492E+00 -4.35611E+00  1.27825E+00  6.34591E-01  3.99472E+03  1.00000E+00       2       1
 -2.19492E+00 -4.35611E+00  1.64010E+00  6.46665E-01  3.98945E+03  1.00000E+00       3       2
 -2.19492E+00 -4.35611E+00  9.98810E+01  3.92472E+00  3.98945E+03  1.00000E+00       4       3
h: 72 72 1
t: -13 muon+
 -8.29696E-01  1.56340E+01 -1.77400E+01  0.00000E+00  4.00000E+03  1.00000E+00       3       2
 -8.29696E-01  1.56340E+01 -2.61136E+00  5.04804E-01  4.00000E+03  1.00000E+00       2       3
 -8.29696E-01  1.56340E+01 -2.40067E+00  5.11835E-01  3.99693E+03  1.00000E+00       1       2
 -8.29696E-01  1.56340E+01  2.40067E+00  6.72043E-01  3.99691E+03  1.00000E+00       2       1
 -8.29696E-01  1.56340E+01  2.61136E+00  6.79073E-01  3.99384E+03  1.00000E+00       3       2
 -8.29696E-01  1.56340E+01  9.87669E+01  3.88754E+00  3.99384E+03  1.00000E+00       4       3
h: 73 73 1
t: -13 muon+
 -1.28678E+00  1.64021E+01 -1.77400E+01  0.00000E+00  4.00000E+03  1.00000E+00       3       2
 -1.28678E+00  1.64021E+01 -2.41905E+00  5.11221E-01  4.00000E+03  1.00000E+00       2       3
 -1.28678E+00  1.64021E+01 -2.18993E+00  5.18866E-01  3.99666E+03  1.00000E+00       1       2
 -1.28678E+00  1.64021E+01  2.18993E+00  6.65011E-01  3.99665E+03  1.00000E+00       2       1
 -1.28678E+00  1.64021E+01  2.41905E+00  6.72656E-01  3.99331E+03  1.00000E+00       3       2
 -1.28678E+00  1.64021E+01  9.86373E+01  3.88322E+00  3.99331E+03  1.00000E+00       4       3
h: 74 74 1
t: -13 muon+
  1.21451E+00  5.55383E+00 -1.77400E+01  0.00000E+00  4.00000E+03  1.00000E+00       3       2
  1.21451E+00  5.55383E+00 -2.45613E+00  5.09984E-01  4.00000E+03  1.00000E+00       2       3
  1.21451E+00  5.55383E+00 -2.23082E+00  5.17502E-01  3.99672E+03  1.00000E+00       1       2
  1.21451E+00  5.55383E+00  2.23082E+00  6.66376E-01  3.99670E+03  1.00000E+00       2       1
  1.21451E+00  5.55383E+00  2.45613E+00  6.73894E-01  3.99342E+03  1.00000E+00       3       2
  1.21451E+00  5.55383E+00  9.98383E+01  3.92329E+00  3.99342E+03  1.00000E+00       4       3
h: 75 75 1
t: -13 muon+
 -1.36088E+00  3.61343E+00 -1.77400E+01  0.00000E+00  4.00000E+03  1.00000E+00       3       2
 -1.36088E+00  3.61343E+00 -2.37815E+00  5.12586E-01  4.00000E+03  1.00000E+00       2       3
 -1.36088E+00  3.61343E+00 -2.14467E+00  5.20377E-01  3.99660E+03  1.00000E+00       1       2
 -1.36088E+00  3.61343E+00  2.14467E+00  6.63501E-01  3.99658E+03  1.00000E+00       2       1
 -1.36088E+00  3.61343E+00  2.37815E+00  6.71292E-01  3.99318E+03  1.00000E+00       3       2
 -1.36088E+00  3.61343E+00  9.99254E+01  3.92620E+00  3.99318E+03  1.00000E+00       4       3
h: 76 76 1
t: -13 muon+
  1.78934E+00  2.30322E+00 -1.77400E+01  0.00000E+00  4.00000E+03  1.00000E+00       3       2
  1.78934E+00  2.30322E+00 -2.07506E+00  5.22699E-01  4.00000E+03  1.00000E+00       2       3
  1.78934E+00  2.30322E+00 -1.80274E+00  5.31786E-01  3.99603E+03  1.00000E+00       1       2
  1.78934E+00  2.30322E+00  1.80274E+00  6.52092E-01  3.99602E+03  1.00000E+00       2       1
  1.78934E+00  2.30322E+00  2.07506E+00  6.61178E-01  3.99205E+03  1.00000E+00       3       2
  1.78934E+00  2.30322E+00  9.99575E+01  3.92727E+00  3.99205E+03  1.00000E+00       4       3
h: 77 77 1
t: -13 muon+
  2.10956E+00 -3.94924E+00 -1.77400E+01  0.00000E+00  4.00000E+03  1.00000E+00       3       2
  2.10956E+00 -3.94924E+00 -1.74853E+00  5.33595E-01  4.00000E+03  1.00000E+00       2       3
  2.10956E+00 -3.94924E+00 -1.41470E+00  5.44734E-01  3.99514E+03  1.00000E+00       1       2
  2.10956E+00 -3.94924E+00  1.41470E+00  6.39144E-01  3.99513E+03  1.00000E+00       2       1
  2.10956E+00 -3.94924E+00  1.74853E+00  6.50283E-01  3.99027E+03  1.00000E+00       3       2
  2.10956E+00 -3.94924E+00  9.98997E+01  3.92534E+00  3.99027E+03  1.00000E+00       4       3
h: 78 78 1
t: -13 muon+
 -2.50597E+00  7.20721E+00 -1.77400E+01  0.00000E+00  4.00000E+03  1.00000E+00       3       2
 -2.50597E+00  7.20721E+00 -1.10802E+00  5.54967E-01  4.00000E+03  1.00000E+00       2       3
 -2.50597E+00  7.20721E+00 -4.14389E-01  5.78112E-01  3.98990E+03  1.00000E+00       1       2
 -2.50597E+00  7.20721E+00  4.14389E-01  6.05766E-01  3.98990E+03  1.00000E+00       2       1
 -2.50597E+00  7.20721E+00  1.10802E+00  6.28911E-01  3.97980E+03  1.00000E+00       3       2
 -2.50597E+00  7.20721E+00  9.97085E+01  3.91897E+00  3.97980E+03  1.00000E+00       4       3
h: 79 79 1
t: -13 muon+
 -5.92519E-03 -3.21936E+00 -1.77400E+01  0.00000E+00  4.00000E+03  1.00000E+00       3       2
 -5.92519E-03 -3.21936E+00 -2.73999E+00  5.00512E-01  4.00000E+03  1.00000E+00       2       3
 -5.92519E-03 -3.21936E+00 -2.53999E+00  5.07186E-01  3.99709E+03  1.00000E+00       1       2
 -5.92519E-03 -3.21936E+00  2.53999E+00  6.76692E-01  3.99707E+03  1.00000E+00       2       1
 -5.92519E-03 -3.21936E+00  2.73999E+00  6.83366E-01  3.99415E+03  1.00000E+00       3       2
 -5.92519E-03 -3.21936E+00  9.99482E+01  3.92696E+00  3.99415E+03  1.00000E+00       4       3
h: 80 80 1
t: -13 muon+
 -2.31286E+00  1.53654E+01 -1.77400E+01  0.00000E+00  4.00000E+03  1.00000E+00       3       2
 -2.31286E+00  1.53654E+01 -1.46911E+00  5.42918E-01  4.00000E+03  1.00000E+00       2       3
 -2.31286E+00  1.53654E+01 -1.04989E+00  5.56907E-01  3.99390E+03  1.00000E+00       1       2
 -2.31286E+00  1.53654E+01  1.04989E+00  6.26971E-01  3.99389E+03  1.00000E+00       2       1
 -2.31286E+00  1.53654E+01  1.46911E+00  6.40959E-01  3.98778E+03  1.00000E+00       3       2
 -2.31286E+00  1.53654E+01  9.87854E+01  3.88816E+00  3.98778E+03  1.00000E+00       4       3
h: 81 81 1
t: -13 muon+
 -1.07789E+00 -1.62718E+01 -1.77400E+01  0.00000E+00  4.00000E+03  1.00000E+00       3       2
 -1.07789E+00 -1.62718E+01 -2.51908E+00  5.07884E-01  4.00000E+03  1.00000E+00       2       3
 -1.07789E+00 -1.62718E+01 -2.29995E+00  5.15195E-01  3.99681E+03  1.00000E+00       1       2
 -1.07789E+00 -1.62718E+01  2.29995E+00  6.68682E-01  3.99679E+03  1.00000E+00       2       1
 -1.07789E+00 -1.62718E+01  2.51908E+00  6.75994E-01  3.99360E+03  1.00000E+00       3       2
 -1.07789E+00 -1.62718E+01  9.86614E+01  3.88402E+00  3.99360E+03  1.00000E+00       4       3
h: 82 82 1
t: -13 muon+
  7.26270E-01  5.16383E+00 -1.77400E+01  0.00000E+00  4.00000E+03  1.00000E+00       3       2
  7.26270E-01  5.16383E+00 -2.64199E+00  5.03782E-01  4.00000E+03  1.00000E+00       2       3
  7.26270E-01  5.16383E+00 -2.43395E+00  5.10724E-01  3.99697E+03  1.00000E+00       1       2
  7.26270E-01  5.16383E+00  2.43395E+00  6.73154E-01  3.99695E+03  1.00000E+00       2       1
  7.26270E-01  5.16383E+00  2.64199E+00  6.80096E-01  3.99392E+03  1.00000E+00       3       2
  7.26270E-01  5.16383E+00  9.98639E+01  3.92415E+00  3.99392E+03  1.00000E+00       4       3
h: 83 83 1
t: -13 muon+
 -1.90159E+00 -2.73018E+00 -1.77400E+01  0.00000E+00  4.00000E+03  1.00000E+00       3       2
 -1.90159E+00 -2.73018E+00 -1.97270E+00  5.26115E-01  4.00000E+03  1.00000E+00       2       3
 -1.90159E+00 -2.73018E+00 -1.68391E+00  5.35751E-01  3.99579E+03  1.00000E+00       1       2
 -1.90159E+00 -2.73018E+00  1.68391E+00  6.48127E-01  3.99578E+03  1.00000E+00       2       1
 -1.90159E+00 -2.73018E+00  1.97270E+00  6.57763E-01  3.99158E+03  1.00000E+00       3       2
 -1.90159E+00 -2.73018E+00  9.99446E+01  3.92684E+00  3.99158E+03  1.00000E+00       4       3
h: 84 84 1
t: -13 muon+
  1.13178E+00 -1.63660E+00 -1.77400E+01  0.00000E+00  4.00000E+03  1.00000E+00       3       2
  1.13178E+00 -1.63660E+00 -2.49533E+00  5.08676E-01  4.00000E+03  1.00000E+00       2       3
  1.13178E+00 -1.63660E+00 -2.27391E+00  5.16064E-01  3.99678E+03  1.00000E+00       1       2
  1.13178E+00 -1.63660E+00  2.27391E+00  6.67814E-01  3.99676E+03  1.00000E+00       2       1
  1.13178E+00 -1.63660E+00  2.49533E+00  6.75202E-01  3.99353E+03  1.00000E+00       3       2
  1.13178E+00 -1.63660E+00  9.99802E+01  3.92803E+00  3.99353E+03  1.00000E+00       4       3
h: 85 85 1
t: -13 muon+
 -1.36874E+00  9.38238E+00 -1.77400E+01  0.00000E+00  4.00000E+03  1.00000E+00       3       2
 -1.36874E+00  9.38238E+00 -2.37364E+00  5.12737E-01  4.00000E+03  1.00000E+00       2       3
 -1.36874E+00  9.38238E+00 -2.13966E+00  5.20544E-01  3.99659E+03  1.00000E+00       1       2
 -1.36874E+00  9.38238E+00  2.13966E+00  6.63334E-01  3.99658E+03  1.00000E+00       2       1
 -1.36874E+00  9.38238E+00  2.37364E+00  6.71141E-01  3.99317E+03  1.00000E+00       3       2
 -1.36874E+00  9.38238E+00  9.95495E+01  3.91366E+00  3.99317E+03  1.00000E+00       4       3
h: 86 86 1
t: -13 muon+
 -2.14047E+00 -9.29351E+00 -1.77400E+01  0.00000E+00  4.00000E+03  1.00000E+00       3       2
 -2.14047E+00 -9.29351E+00 -1.71055E+00  5.34862E-01  4.00000E+03  1.00000E+00       2       3
 -2.14047E+00 -9.29351E+00 -1.36748E+00  5.46310E-01  3.99500E+03  1.00000E+00       1       2
 -2.14047E+00 -9.29351E+00  1.36748E+00  6.37568E-01  3.99499E+03  1.00000E+00       2       1
 -2.14047E+00 -9.29351E+00  1.71055E+00  6.49016E-01  3.99000E+03  1.00000E+00       3       2
 -2.14047E+00 -9.29351E+00  9.95442E+01  3.91348E+00  3.99000E+03  1.00000E+00       4       3
h: 87 87 1
t: -13 muon+
 -6.18832E-01  6.18581E+00 -1.77400E+01  0.00000E+00  4.00000E+03  1.00000E+00       3       2
 -6.18832E-01  6.18581E+00 -2.66920E+00  5.02874E-01  4.00000E+03  1.00000E+00       2       3
 -6.18832E-01  6.18581E+00 -2.46346E+00  5.09739E-01  3.99700E+03  1.00000E+00       1       2
 -6.18832E-01  6.18581E+00  2.46346E+00  6.74138E-01  3.99698E+03  1.00000E+00       2       1
 -6.18832E-01  6.18581E+00  2.66920E+00  6.81003E-01  3.99399E+03  1.00000E+00       3       2
 -6.18832E-01  6.18581E+00  9.98066E+01  3.92223E+00  3.99399E+03  1.00000E+00       4       3
h: 88 88 1
t: -13 muon+
 -2.07571E+00 -1.46962E+01 -1.77400E+01  0.00000E+00  4.00000E+03  1.00000E+00       3       2
 -2.07571E+00 -1.46962E+01 -1.78858E+00  5.32258E-01  4.00000E+03  1.00000E+00       2       3
 -2.07571E+00 -1.46962E+01 -1.46390E+00  5.43092E-01  3.99527E+03  1.00000E+00       1       2
 -2.07571E+00 -1.46962E+01  1.46390E+00  6.40786E-01  3.99526E+03  1.00000E+00       2       1
 -2.07571E+00 -1.46962E+01  1.78858E+00  6.51619E-01  3.99053E+03  1.00000E+00       3       2
 -2.07571E+00 -1.46962E+01  9.88924E+01  3.89173E+00  3.99053E+03  1.00000E+00       4       3
h: 89 89 1
t: -13 muon+
  2.14488E+00  1.37566E+01 -1.77400E+01  0.00000E+00  4.00000E+03  1.00000E+00       3       2
  2.14488E+00  1.37566E+01 -1.70502E+00  5.35047E-01  4.00000E+03  1.00000E+00       2       3
  2.14488E+00  1.37566E+01 -1.36055E+00  5.46541E-01  3.99498E+03  1.00000E+00       1       2
  2.14488E+00  1.37566E+01  1.36055E+00  6.37337E-01  3.99497E+03  1.00000E+00       2       1
  2.14488E+00  1.37566E+01  1.70502E+00  6.48831E-01  3.98996E+03  1.00000E+00       3       2
  2.14488E+00  1.37566E+01  9.90260E+01  3.89619E+00  3.98996E+03  1.00000E+00       4       3
h: 90 90 1
t: -13 muon+
 -2.30468E+00  7.62886E+00 -1.77400E+01  0.00000E+00  4.00000E+03  1.00000E+00       3       2
 -2.30468E+00  7.62886E+00 -1.48190E+00  5.42492E-01  4.00000E+03  1.00000E+00       2       3
 -2.30468E+00  7.62886E+00 -1.06772E+00  5.56312E-01  3.99397E+03  1.00000E+00       1       2
 -2.30468E+00  7.62886E+00  1.06772E+00  6.27566E-01  3.99396E+03  1.00000E+00       2       1
 -2.30468E+00  7.62886E+00  1.48190E+00  6.41386E-01  3.98793E+03  1.00000E+00       3       2
 -2.30468E+00  7.62886E+00  9.96819E+01  3.91808E+00  3.98793E+03  1.00000E+00       4       3
h: 91 91 1
t: -13 muon+
  1.13199E+00  1.57999E+01 -1.77400E+01  0.00000E+00  4.00000E+03  1.00000E+00       3       2
  1.13199E+00  1.57999E+01 -2.49523E+00  5.08679E-01  4.00000E+03  1.00000E+00       2       3
  1.13199E+00  1.57999E+01 -2.27381E+00  5.16068E-01  3.99678E+03  1.00000E+00       1       2
  1.13199E+00  1.57999E+01  2.27381E+00  6.67810E-01  3.99676E+03  1.00000E+00       2       1
  1.13199E+00  1.57999E+01  2.49523E+00  6.75199E-01  3.99353E+03  1.00000E+00       3       2
  1.13199E+00  1.57999E+01  9.87374E+01  3.88656E+00  3.99353E+03  1.00000E+00       4       3
h: 92 92 1
t: -13 muon+
  2.47007E+00  1.65611E+01 -1.77400E+01  0.00000E+00  4.00000E+03  1.00000E+00       3       2
  2.47007E+00  1.65611E+01 -1.18590E+00  5.52368E-01  4.00000E+03  1.00000E+00       2       3
  2.47007E+00  1.65611E+01 -5.91903E-01  5.72189E-01  3.99135E+03  1.00000E+00       1       2
  2.47007E+00  1.65611E+01  5.91903E-01  6.11689E-01  3.99135E+03  1.00000E+00       2       1
  2.47007E+00  1.65611E+01  1.18590E+00  6.31509E-01  3.98270E+03  1.00000E+00       3       2
  2.47007E+00  1.65611E+01  9.85882E+01  3.88159E+00  3.98270E+03  1.00000E+00       4       3
h: 93 93 1
t: -13 muon+
 -7.33455E-03 -5.73394E+00 -1.77400E+01  0.00000E+00  4.00000E+03  1.00000E+00       3       2
 -7.33455E-03 -5.73394E+00 -2.73999E+00  5.00512E-01  4.00000E+03  1.00000E+00       2       3
 -7.33455E-03 -5.73394E+00 -2.53999E+00  5.07186E-01  3.99709E+03  1.00000E+00       1       2
 -7.33455E-03 -5.73394E+00  2.53999E+00  6.76692E-01  3.99707E+03  1.00000E+00       2       1
 -7.33455E-03 -5.73394E+00  2.73999E+00  6.83365E-01  3.99415E+03  1.00000E+00       3       2
 -7.33455E-03 -5.73394E+00  9.98355E+01  3.92320E+00  3.99415E+03  1.00000E+00       4       3
h: 94 94 1
t: -13 muon+
 -1.80443E+00  6.25876E-01 -1.77400E+01  0.00000E+00  4.00000E+03  1.00000E+00       3       2
 -1.80443E+00  6.25876E-01 -2.06195E+00  5.23137E-01  4.00000E+03  1.00000E+00       2       3
 -1.80443E+00  6.25876E-01 -1.78763E+00  5.32290E-01  3.99601E+03  1.00000E+00       1       2
 -1.80443E+00  6.25876E-01  1.78763E+00  6.51588E-01  3.99599E+03  1.00000E+00       2       1
 -1.80443E+00  6.25876E-01  2.06195E+00  6.60741E-01  3.99200E+03  1.00000E+00       3       2
 -1.80443E+00  6.25876E-01  9.99818E+01  3.92808E+00  3.99200E+03  1.00000E+00       4       3
h: 95 95 1
t: -13 muon+
  5.08457E-01  3.88981E-01 -1.77400E+01  0.00000E+00  4.00000E+03  1.00000E+00       3       2
  5.08457E-01  3.88981E-01 -2.69241E+00  5.02100E-01  4.00000E+03  1.00000E+00       2       3
  5.08457E-01  3.88981E-01 -2.48859E+00  5.08901E-01  3.99703E+03  1.00000E+00       1       2
  5.08457E-01  3.88981E-01  2.48859E+00  6.74977E-01  3.99701E+03  1.00000E+00       2       1
  5.08457E-01  3.88981E-01  2.69241E+00  6.81778E-01  3.99404E+03  1.00000E+00       3       2
  5.08457E-01  3.88981E-01  9.99980E+01  3.92862E+00  3.99404E+03  1.00000E+00       4       3
h: 96 96 1
t: -13 muon+
  3.82951E-01 -3.05612E+00 -1.77400E+01  0.00000E+00  4.00000E+03  1.00000E+00       3       2
  3.82951E-01 -3.05612E+00 -2.71311E+00  5.01409E-01  4.00000E+03  1.00000E+00       2       3
  3.82951E-01 -3.05612E+00 -2.51097E+00  5.08154E-01  3.99706E+03  1.00000E+00       1       2
  3.82951E-01 -3.05612E+00  2.51097E+00  6.75723E-01  3.99704E+03  1.00000E+00       2       1
  3.82951E-01 -3.05612E+00  2.71311E+00  6.82468E-01  3.99409E+03  1.00000E+00       3       2
  3.82951E-01 -3.05612E+00  9.99526E+01  3.92711E+00  3.99409E+03  1.00000E+00       4       3
h: 97 97 1
t: -13 muon+
 -1.18535E+00 -7.02587E+00 -1.77400E+01  0.00000E+00  4.00000E+03  1.00000E+00       3       2
 -1.18535E+00 -7.02587E+00 -2.47033E+00  5.09510E-01  4.00000E+03  1.00000E+00       2       3
 -1.18535E+00 -7.02587E+00 -2.24645E+00  5.16980E-01  3.99674E+03  1.00000E+00       1       2
 -1.18535E+00 -7.02587E+00  2.24645E+00  6.66897E-01  3.99672E+03  1.00000E+00       2       1
 -1.18535E+00 -7.02587E+00  2.47033E+00  6.74368E-01  3.99346E+03  1.00000E+00       3       2
 -1.18535E+00 -7.02587E+00  9.97458E+01  3.92021E+00  3.99346E+03  1.00000E+00       4       3
h: 98 98 1
t: -13 muon+
 -1.90362E+00 -4.47307E+00 -1.77400E+01  0.00000E+00  4.00000E+03  1.00000E+00       3       2
 -1.90362E+00 -4.47307E+00 -1.97074E+00  5.26180E-01  4.00000E+03  1.00000E+00       2       3
 -1.90362E+00 -4.47307E+00 -1.68162E+00  5.35828E-01  3.99579E+03  1.00000E+00       1       2
 -1.90362E+00 -4.47307E+00  1.68162E+00  6.48050E-01  3.99578E+03  1.00000E+00       2       1
 -1.90362E+00 -4.47307E+00  1.97074E+00  6.57698E-01  3.99157E+03  1.00000E+00       3       2
 -1.90362E+00 -4.47307E+00  9.98818E+01  3.92474E+00  3.99157E+03  1.00000E+00       4       3
h: 99 99 1
t: -13 muon+
  2.43502E+00 -1.66396E+01 -1.77400E+01  0.00000E+00  4.00000E+03  1.00000E+00       3       2
  2.43502E+00 -1.66396E+01 -1.25629E+00  5.50020E-01  4.00000E+03  1.00000E+00       2       3
  2.43502E+00 -1.66396E+01 -7.22674E-01  5.67825E-01  3.99223E+03  1.00000E+00       1       2
  2.43502E+00 -1.66396E+01  7.22674E-01  6.16053E-01  3.99222E+03  1.00000E+00       2       1
  2.43502E+00 -1.66396E+01  1.25629E+00  6.33858E-01  3.98446E+03  1.00000E+00       3       2
  2.43502E+00 -1.66396E+01  9.85758E+01  3.88117E+00  3.98446E+03  1.00000E+00       4       3
h: 100 100 1
t: -13 muon+
  1.73201E+00 -3.97128E-01 -1.77400E+01  0.00000E+00  4.00000E+03  1.00000E+00       3       2
  1.73201E+00 -3.97128E-01 -2.12315E+00  5.21095E-01  4.00000E+03  1.00000E+00       2       3
  1.73201E+00 -3.97128E-01 -1.85789E+00  5.29946E-01  3.99614E+03  1.00000E+00       1       2
  1.73201E+00 -3.97128E-01  1.85789E+00  6.53932E-01  3.99612E+03  1.00000E+00       2       1
  1.73201E+00 -3.97128E-01  2.12315E+00  6.62783E-01  3.99226E+03  1.00000E+00       3       2
  1.73201E+00 -3.97128E-01  9.99842E+01  3.92816E+00  3.99226E+03  1.00000E+00       4       3
