           _________________________________________________________
          |                                                         |
          |       _/_/_/_/                                          |
          |      _/      _/                  _/_/_/_/_/_/           |
          |     _/      _/  _/      _/   _/      _/      _/_/_/_/_/ |
          |    _/_/_/_/    _/      _/   _/      _/      _/          |
          |   _/          _/_/_/_/_/   _/      _/       _/_/_/_/    |
          |  _/          _/      _/   _/      _/              _/    |
          | _/          _/      _/   _/      _/      _/_/_/_/_/     |
          |                                                         |
          |                                                         |
          |       Particle and Heavy Ion Transport code System      |
          |                      Version =  3.360                   |
          |                       developed by                      |
          |                                                         |
          |  Tatsuhiko SATO, Yosuke IWAMOTO, Shintaro HASHIMOTO,    |
          |    Tatsuhiko OGAWA, Takuya FURUTA, Shinichiro ABE,      |
          |    Takeshi KAI, Norihiro MATSUDA, Yusuke MATSUYA,       |
          |      Yuho HIRATA, Takuya SEKIKAWA, Seiki Ohnish,        |
          |                     Yao LAN (JAEA),                     |
          |  Hiroshi IWASE, Yasuhito SAKAKI, Kenta SUGIHARA (KEK),  |
          |           Nobuhiro SHIGYO (Kyushu University),          |
          |     Hunter RATLIFF (Haukeland University Hospital),     |
          |  Lembit SIHVER (University of Texas Rio Grande Valley), |
          |                  and Koji NIITA (RIST)                  |
          |                                                         |
          |                 Last Revised  2026-03-24                |
          |_________________________________________________________|

                        Starting Date = 2026-08-19
                        Starting Time = 17h 11m 02

>>> Input Echo >>>=============================================================

[ Title ]
He-3 detector with SUS304 wall and 4 GeV muon source

[ Parameters ]
 icntl    =           0     # (D=0) 3:ECH 5:NOR 6:SRC 7,8:GSH 11:DSH 12:DUMP
 maxcas   =        2000     # (D=10) number of particles per one batch
 maxbch   =           1     # (D=10) number of batches
 e-mode   =           1     # (D=0) 0: Normal, 1: Event generator mode Ver.1, 2: Ver.2
 emin(12) = 0.100000000     # (D=1.e+9) cut-off energy of electron (MeV)
 emin(13) = 0.100000000     # (D=1.e+9) cut-off energy of positron (MeV)
 itall    =           1     # (D=0) 0:no tally at batch, 1:same, 2:different
 igamma   =           1     # (D=2) 0:No, 1:Old, 2:EBITEM, 3:EBITEM+Isomer
 negs     =           2     # (D=-1) =-1:original, =0:No, =1:EGS, =2:EGS(HE)

[ Source ]
  totfact =   1.0000        # (D=1.0) global factor
   s-type =   2             # rectangular-solid source
     proj =  muon+          # kind of incident particle         
       e0 =   4000.0        # energy of beam [MeV/n]
       x0 =  -2.5400        # minimum position of x-axis [cm]
       x1 =   2.5400        # maximum position of x-axis [cm]
       y0 =  -19.765        # minimum position of y-axis [cm]
       y1 =   19.765        # maximum position of y-axis [cm]
       z0 =  -17.740        # minimum position of z-axis [cm]
       z1 =  -17.740        # maximum position of z-axis [cm]
      dir =   1.0000        # z-direction of beam [cosine]

[ Material ]
MAT[ 1 ] 
          3He         1.0000000E+00
MAT[ 2 ] 
           Fe         7.0000000E+01
           Cr         1.8000000E+01
           Ni         9.0000000E+00
           Mn         2.0000000E+00
           Si         1.0000000E+00

[ Cell ]
 1           1 -1.2400000E-03  -1 
 2           2 -8.0000000E+00  1 -2 
 3           0                 2 -3 
 4          -1                 3 

[ Surface ]
 1             rcc   0.0000000E+00 -1.9765000E+01  0.0000000E+00
                     0.0000000E+00  3.9530000E+01  0.0000000E+00
                     2.5400000E+00
 2             rcc   0.0000000E+00 -1.9965000E+01  0.0000000E+00
                     0.0000000E+00  3.9930000E+01  0.0000000E+00
                     2.7400000E+00
 3             so    1.0000000E+02

[ T-Track ]
    title = [t-track] in xyz mesh
     mesh =  xyz            # mesh type is xyz scoring mesh
   x-type =    1            # x-mesh is given by the below data
       nx =      1          # number of x-mesh points
#    data = ( x(i), i = 1, nx + 1 )
           -1.50000E-01  1.50000E-01
   y-type =    2            # y-mesh is linear given by ymin, ymax and ny
     ymin =  -22.00000      # minimum value of y-mesh points
     ymax =   22.00000      # maximum value of y-mesh points
#    ydel =  0.3666667      # mesh width of y-mesh points
       ny =    120          # number of y-mesh points
#    data = ( y(i), i = 1, ny + 1 )
#          -2.20000E+01 -2.16333E+01 -2.12667E+01 -2.09000E+01 -2.05333E+01
#          -2.01667E+01 -1.98000E+01 -1.94333E+01 -1.90667E+01 -1.87000E+01
#          -1.83333E+01 -1.79667E+01 -1.76000E+01 -1.72333E+01 -1.68667E+01
#          -1.65000E+01 -1.61333E+01 -1.57667E+01 -1.54000E+01 -1.50333E+01
#          -1.46667E+01 -1.43000E+01 -1.39333E+01 -1.35667E+01 -1.32000E+01
#          -1.28333E+01 -1.24667E+01 -1.21000E+01 -1.17333E+01 -1.13667E+01
#          -1.10000E+01 -1.06333E+01 -1.02667E+01 -9.90000E+00 -9.53333E+00
#          -9.16667E+00 -8.80000E+00 -8.43333E+00 -8.06667E+00 -7.70000E+00
#          -7.33333E+00 -6.96667E+00 -6.60000E+00 -6.23333E+00 -5.86667E+00
#          -5.50000E+00 -5.13333E+00 -4.76667E+00 -4.40000E+00 -4.03333E+00
#          -3.66667E+00 -3.30000E+00 -2.93333E+00 -2.56667E+00 -2.20000E+00
#          -1.83333E+00 -1.46667E+00 -1.10000E+00 -7.33333E-01 -3.66667E-01
#           0.00000E+00  3.66667E-01  7.33333E-01  1.10000E+00  1.46667E+00
#           1.83333E+00  2.20000E+00  2.56667E+00  2.93333E+00  3.30000E+00
#           3.66667E+00  4.03333E+00  4.40000E+00  4.76667E+00  5.13333E+00
#           5.50000E+00  5.86667E+00  6.23333E+00  6.60000E+00  6.96667E+00
#           7.33333E+00  7.70000E+00  8.06667E+00  8.43333E+00  8.80000E+00
#           9.16667E+00  9.53333E+00  9.90000E+00  1.02667E+01  1.06333E+01
#           1.10000E+01  1.13667E+01  1.17333E+01  1.21000E+01  1.24667E+01
#           1.28333E+01  1.32000E+01  1.35667E+01  1.39333E+01  1.43000E+01
#           1.46667E+01  1.50333E+01  1.54000E+01  1.57667E+01  1.61333E+01
#           1.65000E+01  1.68667E+01  1.72333E+01  1.76000E+01  1.79667E+01
#           1.83333E+01  1.87000E+01  1.90667E+01  1.94333E+01  1.98000E+01
#           2.01667E+01  2.05333E+01  2.09000E+01  2.12667E+01  2.16333E+01
#           2.20000E+01
   z-type =    2            # z-mesh is linear given by zmin, zmax and nz
     zmin =  -20.00000      # minimum value of z-mesh points
     zmax =   6.000000      # maximum value of z-mesh points
#    zdel =  0.3250000      # mesh width of z-mesh points
       nz =     80          # number of z-mesh points
#    data = ( z(i), i = 1, nz + 1 )
#          -2.00000E+01 -1.96750E+01 -1.93500E+01 -1.90250E+01 -1.87000E+01
#          -1.83750E+01 -1.80500E+01 -1.77250E+01 -1.74000E+01 -1.70750E+01
#          -1.67500E+01 -1.64250E+01 -1.61000E+01 -1.57750E+01 -1.54500E+01
#          -1.51250E+01 -1.48000E+01 -1.44750E+01 -1.41500E+01 -1.38250E+01
#          -1.35000E+01 -1.31750E+01 -1.28500E+01 -1.25250E+01 -1.22000E+01
#          -1.18750E+01 -1.15500E+01 -1.12250E+01 -1.09000E+01 -1.05750E+01
#          -1.02500E+01 -9.92500E+00 -9.60000E+00 -9.27500E+00 -8.95000E+00
#          -8.62500E+00 -8.30000E+00 -7.97500E+00 -7.65000E+00 -7.32500E+00
#          -7.00000E+00 -6.67500E+00 -6.35000E+00 -6.02500E+00 -5.70000E+00
#          -5.37500E+00 -5.05000E+00 -4.72500E+00 -4.40000E+00 -4.07500E+00
#          -3.75000E+00 -3.42500E+00 -3.10000E+00 -2.77500E+00 -2.45000E+00
#          -2.12500E+00 -1.80000E+00 -1.47500E+00 -1.15000E+00 -8.25000E-01
#          -5.00000E-01 -1.75000E-01  1.50000E-01  4.75000E-01  8.00000E-01
#           1.12500E+00  1.45000E+00  1.77500E+00  2.10000E+00  2.42500E+00
#           2.75000E+00  3.07500E+00  3.40000E+00  3.72500E+00  4.05000E+00
#           4.37500E+00  4.70000E+00  5.02500E+00  5.35000E+00  5.67500E+00
#           6.00000E+00
   e-type =    1            # e-mesh is given by the below data
       ne =      1          # number of e-mesh points
#    data = ( e(i), i = 1, ne + 1 )
            0.00000E+00  1.00000E+10
     unit =    1            # unit is [1/cm^2/source]
 material =  all            # (D=all) number of specific material
  2D-type =    3            # 1:Cont, 2:Clust, 3:Color, 4:xyz, 5:mat, 6:Clust+Cont, 7:Col+Cont
     axis =      yz            # axis of output
     file = tracks.out      # file name of output for the above axis
     part =  muon+      muon-      electron   positron 
# kf/name :  -13        13         11         -11      
    gshow =    1            # 0: no 1:bnd, 2:bnd+mat, 3:bnd+reg 4:bnd+lat 5:bmp style
    resol =    1            # (D=1) resolution of gshow or rshow
    width = 0.5000000       # (D=0.5) width of lines for gshow or rshow
   epsout =    1            # (D=0) generate eps file by ANGEL
#    used :        main (  %)        temp (  %)       total (  %)
#  memory :         210 (  0)           0 (  0)         210 (  0)

[ T-Track ]
    title = [t-track] in xyz mesh
     mesh =  xyz            # mesh type is xyz scoring mesh
   x-type =    2            # x-mesh is linear given by xmin, xmax and nx
     xmin =  -3.500000      # minimum value of x-mesh points
     xmax =   3.500000      # maximum value of x-mesh points
#    xdel =  8.7500000E-02  # mesh width of x-mesh points
       nx =     80          # number of x-mesh points
#    data = ( x(i), i = 1, nx + 1 )
#          -3.50000E+00 -3.41250E+00 -3.32500E+00 -3.23750E+00 -3.15000E+00
#          -3.06250E+00 -2.97500E+00 -2.88750E+00 -2.80000E+00 -2.71250E+00
#          -2.62500E+00 -2.53750E+00 -2.45000E+00 -2.36250E+00 -2.27500E+00
#          -2.18750E+00 -2.10000E+00 -2.01250E+00 -1.92500E+00 -1.83750E+00
#          -1.75000E+00 -1.66250E+00 -1.57500E+00 -1.48750E+00 -1.40000E+00
#          -1.31250E+00 -1.22500E+00 -1.13750E+00 -1.05000E+00 -9.62500E-01
#          -8.75000E-01 -7.87500E-01 -7.00000E-01 -6.12500E-01 -5.25000E-01
#          -4.37500E-01 -3.50000E-01 -2.62500E-01 -1.75000E-01 -8.75000E-02
#           0.00000E+00  8.75000E-02  1.75000E-01  2.62500E-01  3.50000E-01
#           4.37500E-01  5.25000E-01  6.12500E-01  7.00000E-01  7.87500E-01
#           8.75000E-01  9.62500E-01  1.05000E+00  1.13750E+00  1.22500E+00
#           1.31250E+00  1.40000E+00  1.48750E+00  1.57500E+00  1.66250E+00
#           1.75000E+00  1.83750E+00  1.92500E+00  2.01250E+00  2.10000E+00
#           2.18750E+00  2.27500E+00  2.36250E+00  2.45000E+00  2.53750E+00
#           2.62500E+00  2.71250E+00  2.80000E+00  2.88750E+00  2.97500E+00
#           3.06250E+00  3.15000E+00  3.23750E+00  3.32500E+00  3.41250E+00
#           3.50000E+00
   y-type =    1            # y-mesh is given by the below data
       ny =      1          # number of y-mesh points
#    data = ( y(i), i = 1, ny + 1 )
           -2.00000E-01  2.00000E-01
   z-type =    2            # z-mesh is linear given by zmin, zmax and nz
     zmin =  -3.500000      # minimum value of z-mesh points
     zmax =   3.500000      # maximum value of z-mesh points
#    zdel =  8.7500000E-02  # mesh width of z-mesh points
       nz =     80          # number of z-mesh points
#    data = ( z(i), i = 1, nz + 1 )
#          -3.50000E+00 -3.41250E+00 -3.32500E+00 -3.23750E+00 -3.15000E+00
#          -3.06250E+00 -2.97500E+00 -2.88750E+00 -2.80000E+00 -2.71250E+00
#          -2.62500E+00 -2.53750E+00 -2.45000E+00 -2.36250E+00 -2.27500E+00
#          -2.18750E+00 -2.10000E+00 -2.01250E+00 -1.92500E+00 -1.83750E+00
#          -1.75000E+00 -1.66250E+00 -1.57500E+00 -1.48750E+00 -1.40000E+00
#          -1.31250E+00 -1.22500E+00 -1.13750E+00 -1.05000E+00 -9.62500E-01
#          -8.75000E-01 -7.87500E-01 -7.00000E-01 -6.12500E-01 -5.25000E-01
#          -4.37500E-01 -3.50000E-01 -2.62500E-01 -1.75000E-01 -8.75000E-02
#           0.00000E+00  8.75000E-02  1.75000E-01  2.62500E-01  3.50000E-01
#           4.37500E-01  5.25000E-01  6.12500E-01  7.00000E-01  7.87500E-01
#           8.75000E-01  9.62500E-01  1.05000E+00  1.13750E+00  1.22500E+00
#           1.31250E+00  1.40000E+00  1.48750E+00  1.57500E+00  1.66250E+00
#           1.75000E+00  1.83750E+00  1.92500E+00  2.01250E+00  2.10000E+00
#           2.18750E+00  2.27500E+00  2.36250E+00  2.45000E+00  2.53750E+00
#           2.62500E+00  2.71250E+00  2.80000E+00  2.88750E+00  2.97500E+00
#           3.06250E+00  3.15000E+00  3.23750E+00  3.32500E+00  3.41250E+00
#           3.50000E+00
   e-type =    1            # e-mesh is given by the below data
       ne =      1          # number of e-mesh points
#    data = ( e(i), i = 1, ne + 1 )
            0.00000E+00  1.00000E+10
     unit =    1            # unit is [1/cm^2/source]
 material =  all            # (D=all) number of specific material
  2D-type =    3            # 1:Cont, 2:Clust, 3:Color, 4:xyz, 5:mat, 6:Clust+Cont, 7:Col+Cont
     axis =      xz            # axis of output
     file = tracks_xz.out   # file name of output for the above axis
     part =  muon+      muon-      electron   positron 
# kf/name :  -13        13         11         -11      
    gshow =    1            # 0: no 1:bnd, 2:bnd+mat, 3:bnd+reg 4:bnd+lat 5:bmp style
    resol =    1            # (D=1) resolution of gshow or rshow
    width = 0.5000000       # (D=0.5) width of lines for gshow or rshow
   epsout =    1            # (D=0) generate eps file by ANGEL
#    used :        main (  %)        temp (  %)       total (  %)
#  memory :         170 (  0)           0 (  0)         170 (  0)

[ T-Deposit ]
    title = [t-deposit] in region mesh
     mesh =  reg            # mesh type is region-wise
      reg = 1
     unit =    3            # unit is [1/source] : only for output=deposit
   letmat =    0            # (D=0) mat ID for LET, 0:real mat, <0: electron for H2O
  dedxfnc =    0            # (D=0) user defined multiplier, 0(no), 1, 2
   dresol =  5.0000000E-02  # (D=0) width = sqrt(dresol**2 + dfano*E)
 material =  all            # (D=all) number of specific material
   output = deposit         # deposit enerygy distribution
  deposit =    0            # (D=0) 0-> total deposit dist, 1-> each process
   e-type =    2            # e-mesh is linear given by emin, emax and ne
     emin =   0.000000      # minimum value of e-mesh points
     emax =  5.0000000E-02  # maximum value of e-mesh points
#    edel =  5.0000000E-04  # mesh width of e-mesh points
       ne =    100          # number of e-mesh points
#    data = ( e(i), i = 1, ne + 1 )
#           0.00000E+00  5.00000E-04  1.00000E-03  1.50000E-03  2.00000E-03
#           2.50000E-03  3.00000E-03  3.50000E-03  4.00000E-03  4.50000E-03
#           5.00000E-03  5.50000E-03  6.00000E-03  6.50000E-03  7.00000E-03
#           7.50000E-03  8.00000E-03  8.50000E-03  9.00000E-03  9.50000E-03
#           1.00000E-02  1.05000E-02  1.10000E-02  1.15000E-02  1.20000E-02
#           1.25000E-02  1.30000E-02  1.35000E-02  1.40000E-02  1.45000E-02
#           1.50000E-02  1.55000E-02  1.60000E-02  1.65000E-02  1.70000E-02
#           1.75000E-02  1.80000E-02  1.85000E-02  1.90000E-02  1.95000E-02
#           2.00000E-02  2.05000E-02  2.10000E-02  2.15000E-02  2.20000E-02
#           2.25000E-02  2.30000E-02  2.35000E-02  2.40000E-02  2.45000E-02
#           2.50000E-02  2.55000E-02  2.60000E-02  2.65000E-02  2.70000E-02
#           2.75000E-02  2.80000E-02  2.85000E-02  2.90000E-02  2.95000E-02
#           3.00000E-02  3.05000E-02  3.10000E-02  3.15000E-02  3.20000E-02
#           3.25000E-02  3.30000E-02  3.35000E-02  3.40000E-02  3.45000E-02
#           3.50000E-02  3.55000E-02  3.60000E-02  3.65000E-02  3.70000E-02
#           3.75000E-02  3.80000E-02  3.85000E-02  3.90000E-02  3.95000E-02
#           4.00000E-02  4.05000E-02  4.10000E-02  4.15000E-02  4.20000E-02
#           4.25000E-02  4.30000E-02  4.35000E-02  4.40000E-02  4.45000E-02
#           4.50000E-02  4.55000E-02  4.60000E-02  4.65000E-02  4.70000E-02
#           4.75000E-02  4.80000E-02  4.85000E-02  4.90000E-02  4.95000E-02
#           5.00000E-02
     axis =   eng           # axis of output
     file = de.out          # file name of output for the above axis
     part =  all      
# kf/name :  0        
   epsout =    1            # (D=0) generate eps file by ANGEL
   mother =  all            # (D=all) number of specific mother
#    used :        main (  %)        temp (  %)       total (  %)
#  memory :         105 (  0)           0 (  0)         105 (  0)

[ T-Deposit ]
    title = [t-deposit] in region mesh
     mesh =  reg            # mesh type is region-wise
      reg = 1
     unit =    3            # unit is [1/source] : only for output=deposit
   letmat =    0            # (D=0) mat ID for LET, 0:real mat, <0: electron for H2O
  dedxfnc =    0            # (D=0) user defined multiplier, 0(no), 1, 2
   dresol =  5.0000000E-02  # (D=0) width = sqrt(dresol**2 + dfano*E)
 material =  all            # (D=all) number of specific material
   output = deposit         # deposit enerygy distribution
  deposit =    0            # (D=0) 0-> total deposit dist, 1-> each process
   e-type =    2            # e-mesh is linear given by emin, emax and ne
     emin =   0.000000      # minimum value of e-mesh points
     emax =  3.0000000E-02  # maximum value of e-mesh points
#    edel =  3.7500000E-04  # mesh width of e-mesh points
       ne =     80          # number of e-mesh points
#    data = ( e(i), i = 1, ne + 1 )
#           0.00000E+00  3.75000E-04  7.50000E-04  1.12500E-03  1.50000E-03
#           1.87500E-03  2.25000E-03  2.62500E-03  3.00000E-03  3.37500E-03
#           3.75000E-03  4.12500E-03  4.50000E-03  4.87500E-03  5.25000E-03
#           5.62500E-03  6.00000E-03  6.37500E-03  6.75000E-03  7.12500E-03
#           7.50000E-03  7.87500E-03  8.25000E-03  8.62500E-03  9.00000E-03
#           9.37500E-03  9.75000E-03  1.01250E-02  1.05000E-02  1.08750E-02
#           1.12500E-02  1.16250E-02  1.20000E-02  1.23750E-02  1.27500E-02
#           1.31250E-02  1.35000E-02  1.38750E-02  1.42500E-02  1.46250E-02
#           1.50000E-02  1.53750E-02  1.57500E-02  1.61250E-02  1.65000E-02
#           1.68750E-02  1.72500E-02  1.76250E-02  1.80000E-02  1.83750E-02
#           1.87500E-02  1.91250E-02  1.95000E-02  1.98750E-02  2.02500E-02
#           2.06250E-02  2.10000E-02  2.13750E-02  2.17500E-02  2.21250E-02
#           2.25000E-02  2.28750E-02  2.32500E-02  2.36250E-02  2.40000E-02
#           2.43750E-02  2.47500E-02  2.51250E-02  2.55000E-02  2.58750E-02
#           2.62500E-02  2.66250E-02  2.70000E-02  2.73750E-02  2.77500E-02
#           2.81250E-02  2.85000E-02  2.88750E-02  2.92500E-02  2.96250E-02
#           3.00000E-02
     axis =   eng           # axis of output
     file = de2.out         # file name of output for the above axis
     part =  all      
# kf/name :  0        
   epsout =    1            # (D=0) generate eps file by ANGEL
   mother =  all            # (D=all) number of specific mother
#    used :        main (  %)        temp (  %)       total (  %)
#  memory :          85 (  0)           0 (  0)          85 (  0)

[END] of Input Echo <<<========================================================

<<< Report of real Geometry memory >>>
*           GG/CG memory =        2
*     total memory: mdas = 80000000
*                percent =     0.00 %

<<< Report of material memory for high energy>>>
*   high energy material =        1
*     total memory: mdas = 80000000
*                percent =     0.00 %

<<< Report of material memory for low energy>>>
*    low energy material =   259520
*     total memory: mdas = 80000000
*                percent =     0.32 %

<<< Report of real tally memory >>>
*      real tally memory =      570
*     total memory: mdas = 80000000
*                percent =     0.00 %

<<< Report of temporary tally memory >>>
* temporary tally memory =   259525
*     total memory: mdas = 80000000
*                percent =     0.32 %

<<< Report of total memory >>>
*      used total memory =   259526
*     total memory: mdas = 80000000
*                percent =     0.32 %
*                ---------------------

-------------------------------------------------------------------------------
bat[       1] ncas =           2000.
 bitrseed = 0100001010011000001011101100011110011000110110100110010000000000
          cpu time =  57.953 s.

===============================================================================

 Summary for the end of job

-------------------------------------------------------------------------------
 number of analyz call vs ncol
-------------------------------------------------------------------------------
     ncol          number
        1              1.   : start of calculation            
        2              1.   : end of calculation              
        3              1.   : end of a batch                  
        4           2000.   : source                          
        5              0.   : detection of geometry error/warn
        6              0.   : recovery from geometry warning  
        7              0.   : termination by geometry error   
        8              0.   : termination by weight cut-off   
        9              0.   : termination by time cut-off     
       10           8019.   : geometry boundary crossing      
       11             13.   : termination by energy cut-off   
       12           2009.   : termination by escape or leakage
       13             18.   : reaction : (n,x) type           
       14           1024.   : reaction : (n,n'x) type         
       15              0.   : sequential transport for tally  

-------------------------------------------------------------------------------
 List of transport particles (not including source)
-------------------------------------------------------------------------------
     Name      kf-code        mass       charge   baryon
     muon+         -13        105.7         1       0
     electron       11          0.5        -1       0
     positron      -11          0.5         1       0
     photon         22          0.0         0       0

-------------------------------------------------------------------------------
 prod. particles       number        weight        weight per source
-------------------------------------------------------------------------------
     positron              5.     5.0000000E+00     2.5000000E-03
     electron              4.     4.0000000E+00     2.0000000E-03
     muon+                 4.     4.0000000E+00     2.0000000E-03
     photon                2.     2.0000000E+00     1.0000000E-03

-------------------------------------------------------------------------------
 particle decays       number        weight        weight per source
-------------------------------------------------------------------------------
     positron              1.     1.0000000E+00     5.0000000E-04

-------------------------------------------------------------------------------
 stop. particles.    number        weight        weight per source
-------------------------------------------------------------------------------
     electron             74.     7.4000000E+01     3.7000000E-02
     positron              1.     1.0000000E+00     5.0000000E-04

-------------------------------------------------------------------------------
 leak. particles       number        weight        weight per source
-------------------------------------------------------------------------------
     muon+              2000.     2.0000000E+03     1.0000000E+00
     photon                5.     5.0000000E+00     2.5000000E-03
     positron              3.     3.0000000E+00     1.5000000E-03
     electron              1.     1.0000000E+00     5.0000000E-04

-------------------------------------------------------------------------------
 source: maxcas    maxbch      irskip   average weight          total source
-------------------------------------------------------------------------------
        2000           1           0    1.0000000E+00    2.0000000000000E+03

-------------------------------------------------------------------------------
 used ATIMA database
-------------------------------------------------------------------------------
     for dedx  =        2 / mdbatima =      500

-------------------------------------------------------------------------------
 Geometry error summary
-------------------------------------------------------------------------------
 Number of lost particles     =     0 / nlost =       10
 Number of geometry recovering =     0
 Number of unrecovered errors =     0

-------------------------------------------------------------------------------
 initial random seed:
   bitrseed = 0100001010011000001011101100011110011000110110100110010000000000
 next initial random seed:
   bitrseed = 0101100011011011110001100101110111100110110100101110100101001100

-------------------------------------------------------------------------------
 job termination date : 2026/08/19
                 time :   17:12:02

-------------------------------------------------------------------------------
    CPU time and number of event called in PHITS
-------------------------------------------------------------------------------

                             sec
total cpu time =           60.29


                           count
      analysis =          13084.  : data processing
         nevap =              0.  : evaporation
        dexgam =              0.  : de-excitation
         nreac =           1042.  : atomic and nuclear reactions
         dklos =              1.  : particle decay
         hydro =              0.  : nucleon-nucleon scattering
        n-data =              0.  : neutron data library
        h-data =              0.  : p, d, a data library
        p-data =              0.  : photon data library
        e-data =              0.  : electron data library
        p-egs5 =             16.  : photon interaction with EGS5
        e-egs5 =           1021.  : electron interaction with EGS5
      e-tsmode =              0.  : electron track structure mode
    ion-tsmode =              0.  : ion track structure mode
     photonucl =              0.  : photo-nuclear reaction
 photonucl lib =              0.  : photo-nuclear reaction with library
       mu-reac =              0.  : muon-induced nuclear reaction
       mu-brem =              0.  : muon-induced bremsstrahlung
       mu-pprd =              4.  : muon-induced pair production
        mu-cap =              0.  : muon capture in nucleus
         elast =              0.  : elastic scattering
         ncasc =              0.  : nuclear reaction model

       bertini =              0.  : Bertini model
        isobar =              0.  : isobar model
           JAM =              0.  : JAM model
           QMD =              0.  : JQMD model
        JAMQMD =              0.  : JAMQMD model
          INCL =              0.  : INCL model
        INCELF =              0.  : INCELF model
     frag data =              0.  : user defined cross section
       SCINFUL =              0.  : SCINFUL mode

>>> Citation Request >>>=======================================================

 This execution uses model(s) that must be explicitly cited in addition to
 the PHITS original document: T.Sato et al., J.Nucl.Sci.Technol.61, 127-135 (2024).
 Please refer the following document(s) in your publication using this result

 The EGS5 code:
    H. Hirayama et al., SLAC-R-730 (2005) and KEK Report 2005-8 (2005)

 The KUROTAMA model:
    K. Iida, A. Kohama, and K. Oyamatsu, J. Phys. Soc. Japan 76, 044201 (2007).

 END 
