[ T-Track ]
    title = Flux spectrum in open air above ground
     mesh =  reg            # mesh type is region-wise
      reg = 111
   e-type =    3            # e-mesh is log given by emin, emax and ne
     emin =  1.0000000E-10  # minimum value of e-mesh points
     emax =   100000.0      # maximum value of e-mesh points
#    edel =  0.5756463      # mesh width of e-mesh points
       ne =     60          # number of e-mesh points
#    data = ( e(i), i = 1, ne + 1 )
#           1.00000E-10  1.77828E-10  3.16228E-10  5.62341E-10  1.00000E-09
#           1.77828E-09  3.16228E-09  5.62341E-09  1.00000E-08  1.77828E-08
#           3.16228E-08  5.62341E-08  1.00000E-07  1.77828E-07  3.16228E-07
#           5.62341E-07  1.00000E-06  1.77828E-06  3.16228E-06  5.62341E-06
#           1.00000E-05  1.77828E-05  3.16228E-05  5.62341E-05  1.00000E-04
#           1.77828E-04  3.16228E-04  5.62341E-04  1.00000E-03  1.77828E-03
#           3.16228E-03  5.62341E-03  1.00000E-02  1.77828E-02  3.16228E-02
#           5.62341E-02  1.00000E-01  1.77828E-01  3.16228E-01  5.62341E-01
#           1.00000E+00  1.77828E+00  3.16228E+00  5.62341E+00  1.00000E+01
#           1.77828E+01  3.16228E+01  5.62341E+01  1.00000E+02  1.77828E+02
#           3.16228E+02  5.62341E+02  1.00000E+03  1.77828E+03  3.16228E+03
#           5.62341E+03  1.00000E+04  1.77828E+04  3.16228E+04  5.62341E+04
#           1.00000E+05
     unit =    1            # unit is [1/cm^2/source]
 material =  all            # (D=all) number of specific material
     axis =     eng            # axis of output
     file = air_spec.out    # file name of output for the above axis
     part =  neutron    muon-      muon+      proton   
# kf/name :  2112       13         -13        2212     
#    used :        main (  %)        temp (  %)       total (  %)
#  memory :          67 (  0)           0 (  0)          67 (  0)

#------------------------------------------------------------------------------
#newpage:
#   no. =  1   reg =    111

x: Energy [MeV/n]
y: Flux [1/cm^2/source]              
p: xlog ylog afac(0.8) form(0.9)
h: n            x            y(neutron ),hh0l n  y(muon-   ),hh0dr n  y(muon+   ),hh0ub n  y(proton  ),hh0mg n  
#  e-lower      e-upper        neutron   r.err      muon-     r.err      muon+     r.err      proton    r.err 
   1.0000E-10   1.7783E-10   0.0000E+00  0.0000   0.0000E+00  0.0000   0.0000E+00  0.0000   0.0000E+00  0.0000
   1.7783E-10   3.1623E-10   0.0000E+00  0.0000   0.0000E+00  0.0000   0.0000E+00  0.0000   0.0000E+00  0.0000
   3.1623E-10   5.6234E-10   0.0000E+00  0.0000   0.0000E+00  0.0000   0.0000E+00  0.0000   0.0000E+00  0.0000
   5.6234E-10   1.0000E-09   0.0000E+00  0.0000   0.0000E+00  0.0000   0.0000E+00  0.0000   0.0000E+00  0.0000
   1.0000E-09   1.7783E-09   0.0000E+00  0.0000   0.0000E+00  0.0000   0.0000E+00  0.0000   0.0000E+00  0.0000
   1.7783E-09   3.1623E-09   0.0000E+00  0.0000   0.0000E+00  0.0000   0.0000E+00  0.0000   0.0000E+00  0.0000
   3.1623E-09   5.6234E-09   0.0000E+00  0.0000   0.0000E+00  0.0000   0.0000E+00  0.0000   0.0000E+00  0.0000
   5.6234E-09   1.0000E-08   3.6625E-06  0.8381   0.0000E+00  0.0000   0.0000E+00  0.0000   0.0000E+00  0.0000
   1.0000E-08   1.7783E-08   8.6873E-05  0.5009   0.0000E+00  0.0000   0.0000E+00  0.0000   0.0000E+00  0.0000
   1.7783E-08   3.1623E-08   5.3689E-05  0.6644   0.0000E+00  0.0000   0.0000E+00  0.0000   0.0000E+00  0.0000
   3.1623E-08   5.6234E-08   3.3120E-04  0.4554   0.0000E+00  0.0000   0.0000E+00  0.0000   0.0000E+00  0.0000
   5.6234E-08   1.0000E-07   2.7012E-04  0.4078   0.0000E+00  0.0000   0.0000E+00  0.0000   0.0000E+00  0.0000
   1.0000E-07   1.7783E-07   7.9153E-05  0.7823   0.0000E+00  0.0000   0.0000E+00  0.0000   0.0000E+00  0.0000
   1.7783E-07   3.1623E-07   3.3332E-05  1.0000   0.0000E+00  0.0000   0.0000E+00  0.0000   0.0000E+00  0.0000
   3.1623E-07   5.6234E-07   1.6329E-05  0.8027   0.0000E+00  0.0000   0.0000E+00  0.0000   0.0000E+00  0.0000
   5.6234E-07   1.0000E-06   2.6994E-06  1.0000   0.0000E+00  0.0000   0.0000E+00  0.0000   0.0000E+00  0.0000
   1.0000E-06   1.7783E-06   7.1947E-05  0.9836   0.0000E+00  0.0000   0.0000E+00  0.0000   0.0000E+00  0.0000
   1.7783E-06   3.1623E-06   3.3384E-05  1.0000   0.0000E+00  0.0000   0.0000E+00  0.0000   0.0000E+00  0.0000
   3.1623E-06   5.6234E-06   7.5025E-05  1.0000   0.0000E+00  0.0000   0.0000E+00  0.0000   0.0000E+00  0.0000
   5.6234E-06   1.0000E-05   2.2872E-06  1.0000   0.0000E+00  0.0000   0.0000E+00  0.0000   0.0000E+00  0.0000
   1.0000E-05   1.7783E-05   5.8982E-05  1.0000   0.0000E+00  0.0000   0.0000E+00  0.0000   0.0000E+00  0.0000
   1.7783E-05   3.1623E-05   3.2551E-05  1.0000   0.0000E+00  0.0000   0.0000E+00  0.0000   0.0000E+00  0.0000
   3.1623E-05   5.6234E-05   2.6819E-05  1.0000   0.0000E+00  0.0000   0.0000E+00  0.0000   0.0000E+00  0.0000
   5.6234E-05   1.0000E-04   0.0000E+00  0.0000   0.0000E+00  0.0000   0.0000E+00  0.0000   0.0000E+00  0.0000
   1.0000E-04   1.7783E-04   1.5448E-05  1.0000   0.0000E+00  0.0000   0.0000E+00  0.0000   0.0000E+00  0.0000
   1.7783E-04   3.1623E-04   2.5735E-06  1.0000   0.0000E+00  0.0000   0.0000E+00  0.0000   0.0000E+00  0.0000
   3.1623E-04   5.6234E-04   1.7104E-05  0.7924   0.0000E+00  0.0000   0.0000E+00  0.0000   0.0000E+00  0.0000
   5.6234E-04   1.0000E-03   0.0000E+00  0.0000   0.0000E+00  0.0000   0.0000E+00  0.0000   0.0000E+00  0.0000
   1.0000E-03   1.7783E-03   2.2923E-06  1.0000   0.0000E+00  0.0000   0.0000E+00  0.0000   6.4349E-10  0.9334
   1.7783E-03   3.1623E-03   0.0000E+00  0.0000   0.0000E+00  0.0000   0.0000E+00  0.0000   9.2340E-10  0.9334
   3.1623E-03   5.6234E-03   3.4955E-05  0.9016   0.0000E+00  0.0000   0.0000E+00  0.0000   1.3065E-09  0.9334
   5.6234E-03   1.0000E-02   1.6821E-04  0.9860   0.0000E+00  0.0000   0.0000E+00  0.0000   1.8276E-09  0.9334
   1.0000E-02   1.7783E-02   5.8191E-05  0.9194   0.0000E+00  0.0000   0.0000E+00  0.0000   2.5363E-09  0.9334
   1.7783E-02   3.1623E-02   5.6134E-07  1.0000   0.0000E+00  0.0000   0.0000E+00  0.0000   3.5385E-09  0.9334
   3.1623E-02   5.6234E-02   1.6456E-04  0.8071   0.0000E+00  0.0000   0.0000E+00  0.0000   5.4149E-09  0.9334
   5.6234E-02   1.0000E-01   1.1399E-04  0.6440   0.0000E+00  0.0000   0.0000E+00  0.0000   8.7817E-09  0.9334
   1.0000E-01   1.7783E-01   3.9453E-05  0.9477   0.0000E+00  0.0000   0.0000E+00  0.0000   1.5551E-08  0.9334
   1.7783E-01   3.1623E-01   1.3431E-04  0.8688   0.0000E+00  0.0000   0.0000E+00  0.0000   3.1947E-08  0.9334
   3.1623E-01   5.6234E-01   2.0283E-04  0.5256   0.0000E+00  0.0000   0.0000E+00  0.0000   7.6876E-08  0.9334
   5.6234E-01   1.0000E+00   2.8910E-04  0.5400   0.0000E+00  0.0000   0.0000E+00  0.0000   1.9980E-07  0.9334
   1.0000E+00   1.7783E+00   2.4954E-04  0.5758   0.0000E+00  0.0000   0.0000E+00  0.0000   5.2432E-07  0.9334
   1.7783E+00   3.1623E+00   9.2773E-05  0.6786   0.0000E+00  0.0000   0.0000E+00  0.0000   1.3839E-06  0.9382
   3.1623E+00   5.6234E+00   4.0667E-04  0.4491   0.0000E+00  0.0000   0.0000E+00  0.0000   2.8230E-06  1.0000
   5.6234E+00   1.0000E+01   3.0503E-04  0.4247   0.0000E+00  0.0000   0.0000E+00  0.0000   2.6906E-07  1.0000
   1.0000E+01   1.7783E+01   1.8533E-04  0.5279   0.0000E+00  0.0000   0.0000E+00  0.0000   0.0000E+00  0.0000
   1.7783E+01   3.1623E+01   3.6882E-04  0.3380   0.0000E+00  0.0000   0.0000E+00  0.0000   2.4845E-06  0.7091
   3.1623E+01   5.6234E+01   1.6576E-04  0.5156   0.0000E+00  0.0000   0.0000E+00  0.0000   1.0730E-05  0.4620
   5.6234E+01   1.0000E+02   3.7162E-04  0.3641   0.0000E+00  0.0000   0.0000E+00  0.0000   1.3282E-05  0.4083
   1.0000E+02   1.7783E+02   1.3448E-04  0.5152   0.0000E+00  0.0000   0.0000E+00  0.0000   2.9155E-05  0.3001
   1.7783E+02   3.1623E+02   4.0508E-04  0.3060   0.0000E+00  0.0000   0.0000E+00  0.0000   1.7982E-05  0.3565
   3.1623E+02   5.6234E+02   1.8193E-04  0.3982   0.0000E+00  0.0000   0.0000E+00  0.0000   3.3790E-05  0.2507
   5.6234E+02   1.0000E+03   3.1914E-05  1.0000   0.0000E+00  0.0000   0.0000E+00  0.0000   2.9257E-05  0.2770
   1.0000E+03   1.7783E+03   5.7740E-05  0.7071   0.0000E+00  0.0000   0.0000E+00  0.0000   1.1401E-05  0.4475
   1.7783E+03   3.1623E+03   0.0000E+00  0.0000   0.0000E+00  0.0000   0.0000E+00  0.0000   0.0000E+00  0.0000
   3.1623E+03   5.6234E+03   0.0000E+00  0.0000   0.0000E+00  0.0000   0.0000E+00  0.0000   8.6207E-06  0.5020
   5.6234E+03   1.0000E+04   0.0000E+00  0.0000   0.0000E+00  0.0000   0.0000E+00  0.0000   6.6047E-06  0.5777
   1.0000E+04   1.7783E+04   0.0000E+00  0.0000   0.0000E+00  0.0000   0.0000E+00  0.0000   2.2337E-06  1.0000
   1.7783E+04   3.1623E+04   0.0000E+00  0.0000   0.0000E+00  0.0000   0.0000E+00  0.0000   4.1633E-06  0.7069
   3.1623E+04   5.6234E+04   0.0000E+00  0.0000   0.0000E+00  0.0000   0.0000E+00  0.0000   0.0000E+00  0.0000
   5.6234E+04   1.0000E+05   0.0000E+00  0.0000   0.0000E+00  0.0000   0.0000E+00  0.0000   0.0000E+00  0.0000

#   sum over                 5.3783E-03  0.1405   0.0000E+00  0.0000   0.0000E+00  0.0000   1.7505E-04  0.1114

'no. =  1,  reg  =    111'
msuc: {\huge Flux spectrum in open air above ground}
msdr: {\it plotted by \ANGEL \version}
msdl: {\it calculated by \PHITS  3.36}
wt: s(0.7)
\vspace{-3}
   vol  &=&   5.1200E+08 [cm^3]
e:
 
# Information for Restart Calculation
# This calculation was newly started
# istdev =  2 # 1:Batch variance, 2:History variance
# resc2  = 2.70884668782873685E-02 # Total source weight or Total source weight / maxcas
# resc3  = 7.00000000000000000E+02 # Total history number or Total batch number
# maxcas =         700 # History / Batch, only used for istdev=1
# bitrseed = 0000001010011011110101101001000001010110011111011101010000100101 # bit data of rseed
