[ T-Track ]
    title = Flux spectrum in tunnel air
     mesh =  reg            # mesh type is region-wise
      reg = 300
   e-type =    3            # e-mesh is log given by emin, emax and ne
     emin =  1.0000000E-10  # minimum value of e-mesh points
     emax =   100000.0      # maximum value of e-mesh points
#    edel =  0.5756463      # mesh width of e-mesh points
       ne =     60          # number of e-mesh points
#    data = ( e(i), i = 1, ne + 1 )
#           1.00000E-10  1.77828E-10  3.16228E-10  5.62341E-10  1.00000E-09
#           1.77828E-09  3.16228E-09  5.62341E-09  1.00000E-08  1.77828E-08
#           3.16228E-08  5.62341E-08  1.00000E-07  1.77828E-07  3.16228E-07
#           5.62341E-07  1.00000E-06  1.77828E-06  3.16228E-06  5.62341E-06
#           1.00000E-05  1.77828E-05  3.16228E-05  5.62341E-05  1.00000E-04
#           1.77828E-04  3.16228E-04  5.62341E-04  1.00000E-03  1.77828E-03
#           3.16228E-03  5.62341E-03  1.00000E-02  1.77828E-02  3.16228E-02
#           5.62341E-02  1.00000E-01  1.77828E-01  3.16228E-01  5.62341E-01
#           1.00000E+00  1.77828E+00  3.16228E+00  5.62341E+00  1.00000E+01
#           1.77828E+01  3.16228E+01  5.62341E+01  1.00000E+02  1.77828E+02
#           3.16228E+02  5.62341E+02  1.00000E+03  1.77828E+03  3.16228E+03
#           5.62341E+03  1.00000E+04  1.77828E+04  3.16228E+04  5.62341E+04
#           1.00000E+05
     unit =    1            # unit is [1/cm^2/source]
 material =  all            # (D=all) number of specific material
     axis =     eng            # axis of output
     file = tunnel_spec.out  # file name of output for the above axis
     part =  neutron    muon-      muon+      proton   
# kf/name :  2112       13         -13        2212     
#    used :        main (  %)        temp (  %)       total (  %)
#  memory :          67 (  0)           0 (  0)          67 (  0)

#------------------------------------------------------------------------------
#newpage:
#   no. =  1   reg =    300

x: Energy [MeV/n]
y: Flux [1/cm^2/source]              
p: xlog ylog afac(0.8) form(0.9)
h: n            x            y(neutron ),hh0l n  y(muon-   ),hh0dr n  y(muon+   ),hh0ub n  y(proton  ),hh0mg n  
#  e-lower      e-upper        neutron   r.err      muon-     r.err      muon+     r.err      proton    r.err 
   1.0000E-10   1.7783E-10   0.0000E+00  0.0000   0.0000E+00  0.0000   0.0000E+00  0.0000   0.0000E+00  0.0000
   1.7783E-10   3.1623E-10   0.0000E+00  0.0000   0.0000E+00  0.0000   0.0000E+00  0.0000   0.0000E+00  0.0000
   3.1623E-10   5.6234E-10   2.5956E-07  0.9613   0.0000E+00  0.0000   0.0000E+00  0.0000   0.0000E+00  0.0000
   5.6234E-10   1.0000E-09   0.0000E+00  0.0000   0.0000E+00  0.0000   0.0000E+00  0.0000   0.0000E+00  0.0000
   1.0000E-09   1.7783E-09   2.0786E-08  0.8374   0.0000E+00  0.0000   0.0000E+00  0.0000   0.0000E+00  0.0000
   1.7783E-09   3.1623E-09   2.8454E-07  0.5769   0.0000E+00  0.0000   0.0000E+00  0.0000   0.0000E+00  0.0000
   3.1623E-09   5.6234E-09   6.1003E-07  0.7026   0.0000E+00  0.0000   0.0000E+00  0.0000   0.0000E+00  0.0000
   5.6234E-09   1.0000E-08   3.0808E-06  0.8706   0.0000E+00  0.0000   0.0000E+00  0.0000   0.0000E+00  0.0000
   1.0000E-08   1.7783E-08   5.4433E-06  0.6436   0.0000E+00  0.0000   0.0000E+00  0.0000   0.0000E+00  0.0000
   1.7783E-08   3.1623E-08   6.0746E-06  0.6768   0.0000E+00  0.0000   0.0000E+00  0.0000   0.0000E+00  0.0000
   3.1623E-08   5.6234E-08   1.2059E-05  0.5981   0.0000E+00  0.0000   0.0000E+00  0.0000   0.0000E+00  0.0000
   5.6234E-08   1.0000E-07   9.7370E-06  0.5926   0.0000E+00  0.0000   0.0000E+00  0.0000   0.0000E+00  0.0000
   1.0000E-07   1.7783E-07   6.5805E-06  0.7949   0.0000E+00  0.0000   0.0000E+00  0.0000   0.0000E+00  0.0000
   1.7783E-07   3.1623E-07   1.1764E-06  0.5473   0.0000E+00  0.0000   0.0000E+00  0.0000   0.0000E+00  0.0000
   3.1623E-07   5.6234E-07   1.2461E-06  0.6700   0.0000E+00  0.0000   0.0000E+00  0.0000   0.0000E+00  0.0000
   5.6234E-07   1.0000E-06   9.7076E-07  0.6036   0.0000E+00  0.0000   0.0000E+00  0.0000   0.0000E+00  0.0000
   1.0000E-06   1.7783E-06   1.1189E-06  0.5628   0.0000E+00  0.0000   0.0000E+00  0.0000   0.0000E+00  0.0000
   1.7783E-06   3.1623E-06   1.1389E-06  0.6670   0.0000E+00  0.0000   0.0000E+00  0.0000   0.0000E+00  0.0000
   3.1623E-06   5.6234E-06   2.3665E-07  0.8616   0.0000E+00  0.0000   0.0000E+00  0.0000   0.0000E+00  0.0000
   5.6234E-06   1.0000E-05   3.1873E-07  0.6087   0.0000E+00  0.0000   0.0000E+00  0.0000   0.0000E+00  0.0000
   1.0000E-05   1.7783E-05   7.7809E-07  0.5710   0.0000E+00  0.0000   0.0000E+00  0.0000   0.0000E+00  0.0000
   1.7783E-05   3.1623E-05   1.4552E-06  0.5945   0.0000E+00  0.0000   0.0000E+00  0.0000   0.0000E+00  0.0000
   3.1623E-05   5.6234E-05   3.0308E-06  0.7516   0.0000E+00  0.0000   0.0000E+00  0.0000   0.0000E+00  0.0000
   5.6234E-05   1.0000E-04   6.0873E-07  0.7388   0.0000E+00  0.0000   0.0000E+00  0.0000   0.0000E+00  0.0000
   1.0000E-04   1.7783E-04   1.9411E-06  0.9597   0.0000E+00  0.0000   0.0000E+00  0.0000   0.0000E+00  0.0000
   1.7783E-04   3.1623E-04   2.4447E-07  0.9337   0.0000E+00  0.0000   0.0000E+00  0.0000   0.0000E+00  0.0000
   3.1623E-04   5.6234E-04   5.6589E-07  0.6686   0.0000E+00  0.0000   0.0000E+00  0.0000   0.0000E+00  0.0000
   5.6234E-04   1.0000E-03   3.5863E-07  0.6586   0.0000E+00  0.0000   0.0000E+00  0.0000   0.0000E+00  0.0000
   1.0000E-03   1.7783E-03   6.4388E-08  0.7021   0.0000E+00  0.0000   0.0000E+00  0.0000   1.9742E-12  1.0000
   1.7783E-03   3.1623E-03   4.6489E-07  0.8816   0.0000E+00  0.0000   0.0000E+00  0.0000   2.8329E-12  1.0000
   3.1623E-03   5.6234E-03   1.2600E-07  0.5217   0.0000E+00  0.0000   0.0000E+00  0.0000   4.0082E-12  1.0000
   5.6234E-03   1.0000E-02   9.2336E-08  0.8400   0.0000E+00  0.0000   0.0000E+00  0.0000   5.6069E-12  1.0000
   1.0000E-02   1.7783E-02   6.8931E-08  0.7703   0.0000E+00  0.0000   0.0000E+00  0.0000   7.7811E-12  1.0000
   1.7783E-02   3.1623E-02   1.5503E-07  0.7644   0.0000E+00  0.0000   0.0000E+00  0.0000   1.0856E-11  1.0000
   3.1623E-02   5.6234E-02   4.5894E-07  0.7438   0.0000E+00  0.0000   0.0000E+00  0.0000   1.6612E-11  1.0000
   5.6234E-02   1.0000E-01   2.7956E-07  0.7227   0.0000E+00  0.0000   0.0000E+00  0.0000   2.6941E-11  1.0000
   1.0000E-01   1.7783E-01   6.9060E-07  0.8595   0.0000E+00  0.0000   0.0000E+00  0.0000   4.7710E-11  1.0000
   1.7783E-01   3.1623E-01   1.2629E-06  0.7433   0.0000E+00  0.0000   0.0000E+00  0.0000   9.8009E-11  1.0000
   3.1623E-01   5.6234E-01   1.7051E-06  0.5049   0.0000E+00  0.0000   0.0000E+00  0.0000   2.3585E-10  1.0000
   5.6234E-01   1.0000E+00   4.3199E-06  0.8490   0.0000E+00  0.0000   0.0000E+00  0.0000   6.1296E-10  1.0000
   1.0000E+00   1.7783E+00   2.9780E-06  0.5527   0.0000E+00  0.0000   0.0000E+00  0.0000   1.6086E-09  1.0000
   1.7783E+00   3.1623E+00   2.1127E-06  0.4767   0.0000E+00  0.0000   0.0000E+00  0.0000   4.2690E-09  1.0000
   3.1623E+00   5.6234E+00   1.9641E-06  0.5991   0.0000E+00  0.0000   0.0000E+00  0.0000   1.1604E-08  1.0000
   5.6234E+00   1.0000E+01   2.0931E-06  0.5432   0.0000E+00  0.0000   0.0000E+00  0.0000   2.3223E-08  1.0000
   1.0000E+01   1.7783E+01   2.5113E-07  0.5804   0.0000E+00  0.0000   0.0000E+00  0.0000   0.0000E+00  0.0000
   1.7783E+01   3.1623E+01   1.2728E-06  0.6856   0.0000E+00  0.0000   0.0000E+00  0.0000   0.0000E+00  0.0000
   3.1623E+01   5.6234E+01   2.3084E-06  0.8944   0.0000E+00  0.0000   0.0000E+00  0.0000   1.3108E-06  1.0000
   5.6234E+01   1.0000E+02   6.8784E-06  0.5283   0.0000E+00  0.0000   0.0000E+00  0.0000   1.3763E-07  0.7714
   1.0000E+02   1.7783E+02   2.2360E-06  0.8727   0.0000E+00  0.0000   0.0000E+00  0.0000   2.2856E-06  0.9706
   1.7783E+02   3.1623E+02   9.0334E-06  0.6047   0.0000E+00  0.0000   0.0000E+00  0.0000   3.4289E-07  0.9942
   3.1623E+02   5.6234E+02   2.9975E-07  0.8687   0.0000E+00  0.0000   0.0000E+00  0.0000   3.7121E-07  0.7083
   5.6234E+02   1.0000E+03   1.9751E-06  0.9223   0.0000E+00  0.0000   0.0000E+00  0.0000   0.0000E+00  0.0000
   1.0000E+03   1.7783E+03   2.9187E-07  0.9475   0.0000E+00  0.0000   0.0000E+00  0.0000   8.6806E-09  1.0000
   1.7783E+03   3.1623E+03   1.6195E-08  1.0000   0.0000E+00  0.0000   0.0000E+00  0.0000   0.0000E+00  0.0000
   3.1623E+03   5.6234E+03   0.0000E+00  0.0000   0.0000E+00  0.0000   0.0000E+00  0.0000   0.0000E+00  0.0000
   5.6234E+03   1.0000E+04   0.0000E+00  0.0000   0.0000E+00  0.0000   0.0000E+00  0.0000   0.0000E+00  0.0000
   1.0000E+04   1.7783E+04   0.0000E+00  0.0000   0.0000E+00  0.0000   0.0000E+00  0.0000   0.0000E+00  0.0000
   1.7783E+04   3.1623E+04   0.0000E+00  0.0000   0.0000E+00  0.0000   0.0000E+00  0.0000   0.0000E+00  0.0000
   3.1623E+04   5.6234E+04   0.0000E+00  0.0000   0.0000E+00  0.0000   0.0000E+00  0.0000   0.0000E+00  0.0000
   5.6234E+04   1.0000E+05   0.0000E+00  0.0000   0.0000E+00  0.0000   0.0000E+00  0.0000   0.0000E+00  0.0000

#   sum over                 1.0274E-04  0.5633   0.0000E+00  0.0000   0.0000E+00  0.0000   4.4986E-06  0.6655

'no. =  1,  reg  =    300'
msuc: {\huge Flux spectrum in tunnel air}
msdr: {\it plotted by \ANGEL \version}
msdl: {\it calculated by \PHITS  3.36}
wt: s(0.7)
\vspace{-3}
   vol  &=&   1.8000E+08 [cm^3]
e:
 
# Information for Restart Calculation
# This calculation was newly started
# istdev =  2 # 1:Batch variance, 2:History variance
# resc2  = 2.70884668782873685E-02 # Total source weight or Total source weight / maxcas
# resc3  = 7.00000000000000000E+02 # Total history number or Total batch number
# maxcas =         700 # History / Batch, only used for istdev=1
# bitrseed = 0000001010011011110101101001000001010110011111011101010000100101 # bit data of rseed
