[ T-Track ]
    title = Neutron track length in active He-3 gas
     mesh =  reg            # mesh type is region-wise
      reg = 101 201 301 401
   e-type =    3            # e-mesh is log given by emin, emax and ne
     emin =  1.0000000E-10  # minimum value of e-mesh points
     emax =   1000.000      # maximum value of e-mesh points
#    edel =  0.2302585      # mesh width of e-mesh points
       ne =    130          # number of e-mesh points
#    data = ( e(i), i = 1, ne + 1 )
#           1.00000E-10  1.25893E-10  1.58489E-10  1.99526E-10  2.51189E-10
#           3.16228E-10  3.98107E-10  5.01187E-10  6.30957E-10  7.94328E-10
#           1.00000E-09  1.25893E-09  1.58489E-09  1.99526E-09  2.51189E-09
#           3.16228E-09  3.98107E-09  5.01187E-09  6.30957E-09  7.94328E-09
#           1.00000E-08  1.25893E-08  1.58489E-08  1.99526E-08  2.51189E-08
#           3.16228E-08  3.98107E-08  5.01187E-08  6.30957E-08  7.94328E-08
#           1.00000E-07  1.25893E-07  1.58489E-07  1.99526E-07  2.51189E-07
#           3.16228E-07  3.98107E-07  5.01187E-07  6.30957E-07  7.94328E-07
#           1.00000E-06  1.25893E-06  1.58489E-06  1.99526E-06  2.51189E-06
#           3.16228E-06  3.98107E-06  5.01187E-06  6.30957E-06  7.94328E-06
#           1.00000E-05  1.25893E-05  1.58489E-05  1.99526E-05  2.51189E-05
#           3.16228E-05  3.98107E-05  5.01187E-05  6.30957E-05  7.94328E-05
#           1.00000E-04  1.25893E-04  1.58489E-04  1.99526E-04  2.51189E-04
#           3.16228E-04  3.98107E-04  5.01187E-04  6.30957E-04  7.94328E-04
#           1.00000E-03  1.25893E-03  1.58489E-03  1.99526E-03  2.51189E-03
#           3.16228E-03  3.98107E-03  5.01187E-03  6.30957E-03  7.94328E-03
#           1.00000E-02  1.25893E-02  1.58489E-02  1.99526E-02  2.51189E-02
#           3.16228E-02  3.98107E-02  5.01187E-02  6.30957E-02  7.94328E-02
#           1.00000E-01  1.25893E-01  1.58489E-01  1.99526E-01  2.51189E-01
#           3.16228E-01  3.98107E-01  5.01187E-01  6.30957E-01  7.94328E-01
#           1.00000E+00  1.25893E+00  1.58489E+00  1.99526E+00  2.51189E+00
#           3.16228E+00  3.98107E+00  5.01187E+00  6.30957E+00  7.94328E+00
#           1.00000E+01  1.25893E+01  1.58489E+01  1.99526E+01  2.51189E+01
#           3.16228E+01  3.98107E+01  5.01187E+01  6.30957E+01  7.94328E+01
#           1.00000E+02  1.25893E+02  1.58489E+02  1.99526E+02  2.51189E+02
#           3.16228E+02  3.98107E+02  5.01187E+02  6.30957E+02  7.94328E+02
#           1.00000E+03
     unit =    1            # unit is [1/cm^2/source]
 material =  all            # (D=all) number of specific material
     axis =     eng            # axis of output
     file = gas_track.out   # file name of output for the above axis
     part =  neutron  
# kf/name :  2112     
#    used :        main (  %)        temp (  %)       total (  %)
#  memory :         139 (  0)           0 (  0)         139 (  0)

#------------------------------------------------------------------------------
#newpage:
#   no. =  1   reg =    101

x: Energy [MeV/n]
y: Flux [1/cm^2/source]              
p: xlog ylog afac(0.8) form(0.9)
h: n            x            y(neutron ),hh0l n  
#  e-lower      e-upper        neutron   r.err 
   1.0000E-10   1.2589E-10   0.0000E+00  0.0000
   1.2589E-10   1.5849E-10   0.0000E+00  0.0000
   1.5849E-10   1.9953E-10   0.0000E+00  0.0000
   1.9953E-10   2.5119E-10   0.0000E+00  0.0000
   2.5119E-10   3.1623E-10   0.0000E+00  0.0000
   3.1623E-10   3.9811E-10   0.0000E+00  0.0000
   3.9811E-10   5.0119E-10   0.0000E+00  0.0000
   5.0119E-10   6.3096E-10   0.0000E+00  0.0000
   6.3096E-10   7.9433E-10   0.0000E+00  0.0000
   7.9433E-10   1.0000E-09   0.0000E+00  0.0000
   1.0000E-09   1.2589E-09   0.0000E+00  0.0000
   1.2589E-09   1.5849E-09   0.0000E+00  0.0000
   1.5849E-09   1.9953E-09   0.0000E+00  0.0000
   1.9953E-09   2.5119E-09   0.0000E+00  0.0000
   2.5119E-09   3.1623E-09   0.0000E+00  0.0000
   3.1623E-09   3.9811E-09   0.0000E+00  0.0000
   3.9811E-09   5.0119E-09   0.0000E+00  0.0000
   5.0119E-09   6.3096E-09   0.0000E+00  0.0000
   6.3096E-09   7.9433E-09   0.0000E+00  0.0000
   7.9433E-09   1.0000E-08   0.0000E+00  0.0000
   1.0000E-08   1.2589E-08   0.0000E+00  0.0000
   1.2589E-08   1.5849E-08   0.0000E+00  0.0000
   1.5849E-08   1.9953E-08   0.0000E+00  0.0000
   1.9953E-08   2.5119E-08   0.0000E+00  0.0000
   2.5119E-08   3.1623E-08   0.0000E+00  0.0000
   3.1623E-08   3.9811E-08   0.0000E+00  0.0000
   3.9811E-08   5.0119E-08   0.0000E+00  0.0000
   5.0119E-08   6.3096E-08   0.0000E+00  0.0000
   6.3096E-08   7.9433E-08   0.0000E+00  0.0000
   7.9433E-08   1.0000E-07   0.0000E+00  0.0000
   1.0000E-07   1.2589E-07   0.0000E+00  0.0000
   1.2589E-07   1.5849E-07   0.0000E+00  0.0000
   1.5849E-07   1.9953E-07   0.0000E+00  0.0000
   1.9953E-07   2.5119E-07   0.0000E+00  0.0000
   2.5119E-07   3.1623E-07   0.0000E+00  0.0000
   3.1623E-07   3.9811E-07   0.0000E+00  0.0000
   3.9811E-07   5.0119E-07   0.0000E+00  0.0000
   5.0119E-07   6.3096E-07   0.0000E+00  0.0000
   6.3096E-07   7.9433E-07   0.0000E+00  0.0000
   7.9433E-07   1.0000E-06   0.0000E+00  0.0000
   1.0000E-06   1.2589E-06   0.0000E+00  0.0000
   1.2589E-06   1.5849E-06   0.0000E+00  0.0000
   1.5849E-06   1.9953E-06   0.0000E+00  0.0000
   1.9953E-06   2.5119E-06   0.0000E+00  0.0000
   2.5119E-06   3.1623E-06   0.0000E+00  0.0000
   3.1623E-06   3.9811E-06   0.0000E+00  0.0000
   3.9811E-06   5.0119E-06   0.0000E+00  0.0000
   5.0119E-06   6.3096E-06   0.0000E+00  0.0000
   6.3096E-06   7.9433E-06   0.0000E+00  0.0000
   7.9433E-06   1.0000E-05   0.0000E+00  0.0000
   1.0000E-05   1.2589E-05   0.0000E+00  0.0000
   1.2589E-05   1.5849E-05   0.0000E+00  0.0000
   1.5849E-05   1.9953E-05   0.0000E+00  0.0000
   1.9953E-05   2.5119E-05   0.0000E+00  0.0000
   2.5119E-05   3.1623E-05   0.0000E+00  0.0000
   3.1623E-05   3.9811E-05   0.0000E+00  0.0000
   3.9811E-05   5.0119E-05   0.0000E+00  0.0000
   5.0119E-05   6.3096E-05   0.0000E+00  0.0000
   6.3096E-05   7.9433E-05   0.0000E+00  0.0000
   7.9433E-05   1.0000E-04   0.0000E+00  0.0000
   1.0000E-04   1.2589E-04   0.0000E+00  0.0000
   1.2589E-04   1.5849E-04   0.0000E+00  0.0000
   1.5849E-04   1.9953E-04   0.0000E+00  0.0000
   1.9953E-04   2.5119E-04   0.0000E+00  0.0000
   2.5119E-04   3.1623E-04   0.0000E+00  0.0000
   3.1623E-04   3.9811E-04   0.0000E+00  0.0000
   3.9811E-04   5.0119E-04   0.0000E+00  0.0000
   5.0119E-04   6.3096E-04   0.0000E+00  0.0000
   6.3096E-04   7.9433E-04   0.0000E+00  0.0000
   7.9433E-04   1.0000E-03   0.0000E+00  0.0000
   1.0000E-03   1.2589E-03   0.0000E+00  0.0000
   1.2589E-03   1.5849E-03   0.0000E+00  0.0000
   1.5849E-03   1.9953E-03   0.0000E+00  0.0000
   1.9953E-03   2.5119E-03   0.0000E+00  0.0000
   2.5119E-03   3.1623E-03   0.0000E+00  0.0000
   3.1623E-03   3.9811E-03   0.0000E+00  0.0000
   3.9811E-03   5.0119E-03   0.0000E+00  0.0000
   5.0119E-03   6.3096E-03   0.0000E+00  0.0000
   6.3096E-03   7.9433E-03   0.0000E+00  0.0000
   7.9433E-03   1.0000E-02   0.0000E+00  0.0000
   1.0000E-02   1.2589E-02   0.0000E+00  0.0000
   1.2589E-02   1.5849E-02   0.0000E+00  0.0000
   1.5849E-02   1.9953E-02   0.0000E+00  0.0000
   1.9953E-02   2.5119E-02   0.0000E+00  0.0000
   2.5119E-02   3.1623E-02   0.0000E+00  0.0000
   3.1623E-02   3.9811E-02   0.0000E+00  0.0000
   3.9811E-02   5.0119E-02   0.0000E+00  0.0000
   5.0119E-02   6.3096E-02   0.0000E+00  0.0000
   6.3096E-02   7.9433E-02   0.0000E+00  0.0000
   7.9433E-02   1.0000E-01   1.1734E-04  0.7123
   1.0000E-01   1.2589E-01   9.3991E-04  0.2070
   1.2589E-01   1.5849E-01   4.9099E-03  0.1187
   1.5849E-01   1.9953E-01   9.7104E-05  0.7277
   1.9953E-01   2.5119E-01   0.0000E+00  0.0000
   2.5119E-01   3.1623E-01   7.7234E-05  0.4832
   3.1623E-01   3.9811E-01   2.6158E-04  0.4772
   3.9811E-01   5.0119E-01   3.7882E-04  0.6614
   5.0119E-01   6.3096E-01   2.2389E-04  0.3321
   6.3096E-01   7.9433E-01   1.0195E-04  0.5024
   7.9433E-01   1.0000E+00   1.4285E-02  0.0750
   1.0000E+00   1.2589E+00   2.5177E-01  0.0144
   1.2589E+00   1.5849E+00   0.0000E+00  0.0000
   1.5849E+00   1.9953E+00   0.0000E+00  0.0000
   1.9953E+00   2.5119E+00   0.0000E+00  0.0000
   2.5119E+00   3.1623E+00   0.0000E+00  0.0000
   3.1623E+00   3.9811E+00   0.0000E+00  0.0000
   3.9811E+00   5.0119E+00   0.0000E+00  0.0000
   5.0119E+00   6.3096E+00   0.0000E+00  0.0000
   6.3096E+00   7.9433E+00   0.0000E+00  0.0000
   7.9433E+00   1.0000E+01   0.0000E+00  0.0000
   1.0000E+01   1.2589E+01   0.0000E+00  0.0000
   1.2589E+01   1.5849E+01   0.0000E+00  0.0000
   1.5849E+01   1.9953E+01   0.0000E+00  0.0000
   1.9953E+01   2.5119E+01   0.0000E+00  0.0000
   2.5119E+01   3.1623E+01   0.0000E+00  0.0000
   3.1623E+01   3.9811E+01   0.0000E+00  0.0000
   3.9811E+01   5.0119E+01   0.0000E+00  0.0000
   5.0119E+01   6.3096E+01   0.0000E+00  0.0000
   6.3096E+01   7.9433E+01   0.0000E+00  0.0000
   7.9433E+01   1.0000E+02   0.0000E+00  0.0000
   1.0000E+02   1.2589E+02   0.0000E+00  0.0000
   1.2589E+02   1.5849E+02   0.0000E+00  0.0000
   1.5849E+02   1.9953E+02   0.0000E+00  0.0000
   1.9953E+02   2.5119E+02   0.0000E+00  0.0000
   2.5119E+02   3.1623E+02   0.0000E+00  0.0000
   3.1623E+02   3.9811E+02   0.0000E+00  0.0000
   3.9811E+02   5.0119E+02   0.0000E+00  0.0000
   5.0119E+02   6.3096E+02   0.0000E+00  0.0000
   6.3096E+02   7.9433E+02   0.0000E+00  0.0000
   7.9433E+02   1.0000E+03   0.0000E+00  0.0000

#   sum over                 2.7317E-01  0.0144

'no. =  1,  reg  =    101'
msuc: {\huge Neutron track length in active He-3 gas}
msdr: {\it plotted by \ANGEL \version}
msdl: {\it calculated by \PHITS  3.36}
wt: s(0.7)
\vspace{-3}
   vol  &=&   1.0000E+00 [cm^3]
e:

#------------------------------------------------------------------------------
 newpage:
#   no. =  2   reg =    201

x: Energy [MeV/n]
y: Flux [1/cm^2/source]              
p: xlog ylog afac(0.8) form(0.9)
h: n            x            y(neutron ),hh0l n  
#  e-lower      e-upper        neutron   r.err 
   1.0000E-10   1.2589E-10   0.0000E+00  0.0000
   1.2589E-10   1.5849E-10   0.0000E+00  0.0000
   1.5849E-10   1.9953E-10   0.0000E+00  0.0000
   1.9953E-10   2.5119E-10   0.0000E+00  0.0000
   2.5119E-10   3.1623E-10   0.0000E+00  0.0000
   3.1623E-10   3.9811E-10   0.0000E+00  0.0000
   3.9811E-10   5.0119E-10   1.0978E-07  1.0000
   5.0119E-10   6.3096E-10   0.0000E+00  0.0000
   6.3096E-10   7.9433E-10   1.1591E-07  1.0000
   7.9433E-10   1.0000E-09   0.0000E+00  0.0000
   1.0000E-09   1.2589E-09   1.9744E-07  0.7504
   1.2589E-09   1.5849E-09   0.0000E+00  0.0000
   1.5849E-09   1.9953E-09   0.0000E+00  0.0000
   1.9953E-09   2.5119E-09   6.2927E-07  1.0000
   2.5119E-09   3.1623E-09   4.1429E-06  0.6797
   3.1623E-09   3.9811E-09   1.5929E-06  0.6170
   3.9811E-09   5.0119E-09   4.4663E-06  0.4538
   5.0119E-09   6.3096E-09   3.0137E-06  0.5441
   6.3096E-09   7.9433E-09   1.8517E-05  0.3479
   7.9433E-09   1.0000E-08   2.7438E-05  0.2715
   1.0000E-08   1.2589E-08   6.4141E-05  0.2243
   1.2589E-08   1.5849E-08   7.2159E-05  0.2001
   1.5849E-08   1.9953E-08   1.4012E-04  0.1519
   1.9953E-08   2.5119E-08   2.4932E-04  0.1375
   2.5119E-08   3.1623E-08   2.9264E-04  0.1243
   3.1623E-08   3.9811E-08   4.1163E-04  0.1095
   3.9811E-08   5.0119E-08   5.3544E-04  0.0995
   5.0119E-08   6.3096E-08   6.5387E-04  0.0940
   6.3096E-08   7.9433E-08   7.3852E-04  0.1000
   7.9433E-08   1.0000E-07   7.5626E-04  0.1183
   1.0000E-07   1.2589E-07   6.8732E-04  0.1325
   1.2589E-07   1.5849E-07   4.8899E-04  0.1729
   1.5849E-07   1.9953E-07   2.9716E-04  0.2243
   1.9953E-07   2.5119E-07   1.9687E-04  0.2643
   2.5119E-07   3.1623E-07   1.9801E-04  0.3112
   3.1623E-07   3.9811E-07   1.6231E-04  0.4121
   3.9811E-07   5.0119E-07   1.6175E-04  0.3855
   5.0119E-07   6.3096E-07   1.8723E-04  0.3328
   6.3096E-07   7.9433E-07   1.8709E-04  0.3473
   7.9433E-07   1.0000E-06   3.4653E-04  0.2955
   1.0000E-06   1.2589E-06   3.9948E-04  0.2982
   1.2589E-06   1.5849E-06   3.0054E-04  0.3092
   1.5849E-06   1.9953E-06   4.3978E-04  0.3247
   1.9953E-06   2.5119E-06   2.6175E-04  0.3992
   2.5119E-06   3.1623E-06   2.7375E-04  0.3651
   3.1623E-06   3.9811E-06   2.4709E-04  0.3948
   3.9811E-06   5.0119E-06   3.4342E-04  0.2938
   5.0119E-06   6.3096E-06   5.5680E-04  0.3033
   6.3096E-06   7.9433E-06   6.2970E-04  0.2531
   7.9433E-06   1.0000E-05   3.9370E-04  0.3328
   1.0000E-05   1.2589E-05   3.4186E-04  0.4248
   1.2589E-05   1.5849E-05   6.4626E-04  0.2890
   1.5849E-05   1.9953E-05   4.3705E-04  0.3581
   1.9953E-05   2.5119E-05   6.1045E-04  0.2966
   2.5119E-05   3.1623E-05   4.3333E-04  0.3223
   3.1623E-05   3.9811E-05   6.4932E-04  0.3853
   3.9811E-05   5.0119E-05   6.0609E-04  0.2896
   5.0119E-05   6.3096E-05   3.7032E-04  0.3694
   6.3096E-05   7.9433E-05   4.1925E-04  0.3396
   7.9433E-05   1.0000E-04   5.8914E-04  0.3084
   1.0000E-04   1.2589E-04   9.0885E-04  0.3347
   1.2589E-04   1.5849E-04   8.9909E-04  0.2412
   1.5849E-04   1.9953E-04   2.1551E-04  0.4290
   1.9953E-04   2.5119E-04   6.0093E-04  0.5085
   2.5119E-04   3.1623E-04   2.8433E-04  0.3502
   3.1623E-04   3.9811E-04   3.1847E-04  0.3602
   3.9811E-04   5.0119E-04   8.3270E-04  0.2489
   5.0119E-04   6.3096E-04   7.1553E-04  0.3161
   6.3096E-04   7.9433E-04   3.7154E-04  0.3697
   7.9433E-04   1.0000E-03   1.0499E-03  0.2331
   1.0000E-03   1.2589E-03   4.8809E-04  0.4085
   1.2589E-03   1.5849E-03   6.4392E-04  0.3797
   1.5849E-03   1.9953E-03   5.5121E-04  0.3754
   1.9953E-03   2.5119E-03   6.4519E-04  0.3087
   2.5119E-03   3.1623E-03   6.8505E-04  0.3095
   3.1623E-03   3.9811E-03   5.6470E-04  0.3437
   3.9811E-03   5.0119E-03   6.7428E-04  0.2581
   5.0119E-03   6.3096E-03   6.6988E-04  0.3640
   6.3096E-03   7.9433E-03   8.5896E-04  0.3290
   7.9433E-03   1.0000E-02   6.1924E-04  0.2668
   1.0000E-02   1.2589E-02   5.9814E-04  0.2992
   1.2589E-02   1.5849E-02   9.8929E-04  0.2277
   1.5849E-02   1.9953E-02   5.6516E-04  0.2931
   1.9953E-02   2.5119E-02   7.1257E-04  0.3542
   2.5119E-02   3.1623E-02   8.5681E-04  0.3788
   3.1623E-02   3.9811E-02   8.2816E-04  0.2580
   3.9811E-02   5.0119E-02   5.2008E-04  0.3306
   5.0119E-02   6.3096E-02   7.5018E-04  0.3294
   6.3096E-02   7.9433E-02   9.5125E-04  0.2129
   7.9433E-02   1.0000E-01   9.6227E-04  0.2544
   1.0000E-01   1.2589E-01   5.9793E-04  0.2979
   1.2589E-01   1.5849E-01   1.2791E-03  0.2146
   1.5849E-01   1.9953E-01   1.1646E-03  0.2596
   1.9953E-01   2.5119E-01   9.5685E-04  0.2408
   2.5119E-01   3.1623E-01   1.8012E-03  0.1597
   3.1623E-01   3.9811E-01   1.7715E-03  0.1787
   3.9811E-01   5.0119E-01   2.1447E-03  0.1514
   5.0119E-01   6.3096E-01   2.3944E-03  0.1456
   6.3096E-01   7.9433E-01   3.2566E-03  0.1289
   7.9433E-01   1.0000E+00   3.9967E-03  0.1193
   1.0000E+00   1.2589E+00   3.7717E-03  0.1206
   1.2589E+00   1.5849E+00   0.0000E+00  0.0000
   1.5849E+00   1.9953E+00   0.0000E+00  0.0000
   1.9953E+00   2.5119E+00   0.0000E+00  0.0000
   2.5119E+00   3.1623E+00   0.0000E+00  0.0000
   3.1623E+00   3.9811E+00   0.0000E+00  0.0000
   3.9811E+00   5.0119E+00   0.0000E+00  0.0000
   5.0119E+00   6.3096E+00   0.0000E+00  0.0000
   6.3096E+00   7.9433E+00   0.0000E+00  0.0000
   7.9433E+00   1.0000E+01   0.0000E+00  0.0000
   1.0000E+01   1.2589E+01   0.0000E+00  0.0000
   1.2589E+01   1.5849E+01   0.0000E+00  0.0000
   1.5849E+01   1.9953E+01   0.0000E+00  0.0000
   1.9953E+01   2.5119E+01   0.0000E+00  0.0000
   2.5119E+01   3.1623E+01   0.0000E+00  0.0000
   3.1623E+01   3.9811E+01   0.0000E+00  0.0000
   3.9811E+01   5.0119E+01   0.0000E+00  0.0000
   5.0119E+01   6.3096E+01   0.0000E+00  0.0000
   6.3096E+01   7.9433E+01   0.0000E+00  0.0000
   7.9433E+01   1.0000E+02   0.0000E+00  0.0000
   1.0000E+02   1.2589E+02   0.0000E+00  0.0000
   1.2589E+02   1.5849E+02   0.0000E+00  0.0000
   1.5849E+02   1.9953E+02   0.0000E+00  0.0000
   1.9953E+02   2.5119E+02   0.0000E+00  0.0000
   2.5119E+02   3.1623E+02   0.0000E+00  0.0000
   3.1623E+02   3.9811E+02   0.0000E+00  0.0000
   3.9811E+02   5.0119E+02   0.0000E+00  0.0000
   5.0119E+02   6.3096E+02   0.0000E+00  0.0000
   6.3096E+02   7.9433E+02   0.0000E+00  0.0000
   7.9433E+02   1.0000E+03   0.0000E+00  0.0000

#   sum over                 5.9303E-02  0.0342

'no. =  2,  reg  =    201'
msuc: {\huge Neutron track length in active He-3 gas}
msdr: {\it plotted by \ANGEL \version}
msdl: {\it calculated by \PHITS  3.36}
wt: s(0.7)
\vspace{-3}
   vol  &=&   1.0000E+00 [cm^3]
e:

#------------------------------------------------------------------------------
 newpage:
#   no. =  3   reg =    301

x: Energy [MeV/n]
y: Flux [1/cm^2/source]              
p: xlog ylog afac(0.8) form(0.9)
h: n            x            y(neutron ),hh0l n  
#  e-lower      e-upper        neutron   r.err 
   1.0000E-10   1.2589E-10   0.0000E+00  0.0000
   1.2589E-10   1.5849E-10   0.0000E+00  0.0000
   1.5849E-10   1.9953E-10   0.0000E+00  0.0000
   1.9953E-10   2.5119E-10   0.0000E+00  0.0000
   2.5119E-10   3.1623E-10   0.0000E+00  0.0000
   3.1623E-10   3.9811E-10   0.0000E+00  0.0000
   3.9811E-10   5.0119E-10   0.0000E+00  0.0000
   5.0119E-10   6.3096E-10   0.0000E+00  0.0000
   6.3096E-10   7.9433E-10   0.0000E+00  0.0000
   7.9433E-10   1.0000E-09   0.0000E+00  0.0000
   1.0000E-09   1.2589E-09   0.0000E+00  0.0000
   1.2589E-09   1.5849E-09   0.0000E+00  0.0000
   1.5849E-09   1.9953E-09   0.0000E+00  0.0000
   1.9953E-09   2.5119E-09   0.0000E+00  0.0000
   2.5119E-09   3.1623E-09   0.0000E+00  0.0000
   3.1623E-09   3.9811E-09   0.0000E+00  0.0000
   3.9811E-09   5.0119E-09   0.0000E+00  0.0000
   5.0119E-09   6.3096E-09   0.0000E+00  0.0000
   6.3096E-09   7.9433E-09   0.0000E+00  0.0000
   7.9433E-09   1.0000E-08   0.0000E+00  0.0000
   1.0000E-08   1.2589E-08   0.0000E+00  0.0000
   1.2589E-08   1.5849E-08   0.0000E+00  0.0000
   1.5849E-08   1.9953E-08   0.0000E+00  0.0000
   1.9953E-08   2.5119E-08   0.0000E+00  0.0000
   2.5119E-08   3.1623E-08   0.0000E+00  0.0000
   3.1623E-08   3.9811E-08   0.0000E+00  0.0000
   3.9811E-08   5.0119E-08   0.0000E+00  0.0000
   5.0119E-08   6.3096E-08   0.0000E+00  0.0000
   6.3096E-08   7.9433E-08   0.0000E+00  0.0000
   7.9433E-08   1.0000E-07   0.0000E+00  0.0000
   1.0000E-07   1.2589E-07   0.0000E+00  0.0000
   1.2589E-07   1.5849E-07   0.0000E+00  0.0000
   1.5849E-07   1.9953E-07   0.0000E+00  0.0000
   1.9953E-07   2.5119E-07   0.0000E+00  0.0000
   2.5119E-07   3.1623E-07   0.0000E+00  0.0000
   3.1623E-07   3.9811E-07   0.0000E+00  0.0000
   3.9811E-07   5.0119E-07   0.0000E+00  0.0000
   5.0119E-07   6.3096E-07   0.0000E+00  0.0000
   6.3096E-07   7.9433E-07   0.0000E+00  0.0000
   7.9433E-07   1.0000E-06   0.0000E+00  0.0000
   1.0000E-06   1.2589E-06   0.0000E+00  0.0000
   1.2589E-06   1.5849E-06   0.0000E+00  0.0000
   1.5849E-06   1.9953E-06   0.0000E+00  0.0000
   1.9953E-06   2.5119E-06   0.0000E+00  0.0000
   2.5119E-06   3.1623E-06   0.0000E+00  0.0000
   3.1623E-06   3.9811E-06   0.0000E+00  0.0000
   3.9811E-06   5.0119E-06   0.0000E+00  0.0000
   5.0119E-06   6.3096E-06   0.0000E+00  0.0000
   6.3096E-06   7.9433E-06   0.0000E+00  0.0000
   7.9433E-06   1.0000E-05   0.0000E+00  0.0000
   1.0000E-05   1.2589E-05   0.0000E+00  0.0000
   1.2589E-05   1.5849E-05   0.0000E+00  0.0000
   1.5849E-05   1.9953E-05   0.0000E+00  0.0000
   1.9953E-05   2.5119E-05   0.0000E+00  0.0000
   2.5119E-05   3.1623E-05   0.0000E+00  0.0000
   3.1623E-05   3.9811E-05   0.0000E+00  0.0000
   3.9811E-05   5.0119E-05   0.0000E+00  0.0000
   5.0119E-05   6.3096E-05   0.0000E+00  0.0000
   6.3096E-05   7.9433E-05   0.0000E+00  0.0000
   7.9433E-05   1.0000E-04   0.0000E+00  0.0000
   1.0000E-04   1.2589E-04   0.0000E+00  0.0000
   1.2589E-04   1.5849E-04   0.0000E+00  0.0000
   1.5849E-04   1.9953E-04   0.0000E+00  0.0000
   1.9953E-04   2.5119E-04   0.0000E+00  0.0000
   2.5119E-04   3.1623E-04   0.0000E+00  0.0000
   3.1623E-04   3.9811E-04   0.0000E+00  0.0000
   3.9811E-04   5.0119E-04   0.0000E+00  0.0000
   5.0119E-04   6.3096E-04   0.0000E+00  0.0000
   6.3096E-04   7.9433E-04   0.0000E+00  0.0000
   7.9433E-04   1.0000E-03   0.0000E+00  0.0000
   1.0000E-03   1.2589E-03   0.0000E+00  0.0000
   1.2589E-03   1.5849E-03   0.0000E+00  0.0000
   1.5849E-03   1.9953E-03   0.0000E+00  0.0000
   1.9953E-03   2.5119E-03   0.0000E+00  0.0000
   2.5119E-03   3.1623E-03   0.0000E+00  0.0000
   3.1623E-03   3.9811E-03   0.0000E+00  0.0000
   3.9811E-03   5.0119E-03   0.0000E+00  0.0000
   5.0119E-03   6.3096E-03   0.0000E+00  0.0000
   6.3096E-03   7.9433E-03   0.0000E+00  0.0000
   7.9433E-03   1.0000E-02   0.0000E+00  0.0000
   1.0000E-02   1.2589E-02   0.0000E+00  0.0000
   1.2589E-02   1.5849E-02   0.0000E+00  0.0000
   1.5849E-02   1.9953E-02   0.0000E+00  0.0000
   1.9953E-02   2.5119E-02   0.0000E+00  0.0000
   2.5119E-02   3.1623E-02   0.0000E+00  0.0000
   3.1623E-02   3.9811E-02   0.0000E+00  0.0000
   3.9811E-02   5.0119E-02   8.1157E-06  1.0000
   5.0119E-02   6.3096E-02   0.0000E+00  0.0000
   6.3096E-02   7.9433E-02   2.4431E-05  1.0000
   7.9433E-02   1.0000E-01   3.8534E-05  1.0000
   1.0000E-01   1.2589E-01   3.6261E-04  0.2662
   1.2589E-01   1.5849E-01   1.4023E-03  0.1513
   1.5849E-01   1.9953E-01   1.7321E-05  1.0000
   1.9953E-01   2.5119E-01   0.0000E+00  0.0000
   2.5119E-01   3.1623E-01   4.9405E-05  0.7542
   3.1623E-01   3.9811E-01   0.0000E+00  0.0000
   3.9811E-01   5.0119E-01   6.8303E-05  0.8964
   5.0119E-01   6.3096E-01   2.8608E-06  1.0000
   6.3096E-01   7.9433E-01   8.4382E-05  0.5890
   7.9433E-01   1.0000E+00   4.7983E-03  0.0804
   1.0000E+00   1.2589E+00   9.6726E-02  0.0170
   1.2589E+00   1.5849E+00   0.0000E+00  0.0000
   1.5849E+00   1.9953E+00   0.0000E+00  0.0000
   1.9953E+00   2.5119E+00   0.0000E+00  0.0000
   2.5119E+00   3.1623E+00   0.0000E+00  0.0000
   3.1623E+00   3.9811E+00   0.0000E+00  0.0000
   3.9811E+00   5.0119E+00   0.0000E+00  0.0000
   5.0119E+00   6.3096E+00   0.0000E+00  0.0000
   6.3096E+00   7.9433E+00   0.0000E+00  0.0000
   7.9433E+00   1.0000E+01   0.0000E+00  0.0000
   1.0000E+01   1.2589E+01   0.0000E+00  0.0000
   1.2589E+01   1.5849E+01   0.0000E+00  0.0000
   1.5849E+01   1.9953E+01   0.0000E+00  0.0000
   1.9953E+01   2.5119E+01   0.0000E+00  0.0000
   2.5119E+01   3.1623E+01   0.0000E+00  0.0000
   3.1623E+01   3.9811E+01   0.0000E+00  0.0000
   3.9811E+01   5.0119E+01   0.0000E+00  0.0000
   5.0119E+01   6.3096E+01   0.0000E+00  0.0000
   6.3096E+01   7.9433E+01   0.0000E+00  0.0000
   7.9433E+01   1.0000E+02   0.0000E+00  0.0000
   1.0000E+02   1.2589E+02   0.0000E+00  0.0000
   1.2589E+02   1.5849E+02   0.0000E+00  0.0000
   1.5849E+02   1.9953E+02   0.0000E+00  0.0000
   1.9953E+02   2.5119E+02   0.0000E+00  0.0000
   2.5119E+02   3.1623E+02   0.0000E+00  0.0000
   3.1623E+02   3.9811E+02   0.0000E+00  0.0000
   3.9811E+02   5.0119E+02   0.0000E+00  0.0000
   5.0119E+02   6.3096E+02   0.0000E+00  0.0000
   6.3096E+02   7.9433E+02   0.0000E+00  0.0000
   7.9433E+02   1.0000E+03   0.0000E+00  0.0000

#   sum over                 1.0358E-01  0.0168

'no. =  3,  reg  =    301'
msuc: {\huge Neutron track length in active He-3 gas}
msdr: {\it plotted by \ANGEL \version}
msdl: {\it calculated by \PHITS  3.36}
wt: s(0.7)
\vspace{-3}
   vol  &=&   1.0000E+00 [cm^3]
e:

#------------------------------------------------------------------------------
 newpage:
#   no. =  4   reg =    401

x: Energy [MeV/n]
y: Flux [1/cm^2/source]              
p: xlog ylog afac(0.8) form(0.9)
h: n            x            y(neutron ),hh0l n  
#  e-lower      e-upper        neutron   r.err 
   1.0000E-10   1.2589E-10   0.0000E+00  0.0000
   1.2589E-10   1.5849E-10   0.0000E+00  0.0000
   1.5849E-10   1.9953E-10   0.0000E+00  0.0000
   1.9953E-10   2.5119E-10   0.0000E+00  0.0000
   2.5119E-10   3.1623E-10   0.0000E+00  0.0000
   3.1623E-10   3.9811E-10   0.0000E+00  0.0000
   3.9811E-10   5.0119E-10   0.0000E+00  0.0000
   5.0119E-10   6.3096E-10   0.0000E+00  0.0000
   6.3096E-10   7.9433E-10   0.0000E+00  0.0000
   7.9433E-10   1.0000E-09   0.0000E+00  0.0000
   1.0000E-09   1.2589E-09   0.0000E+00  0.0000
   1.2589E-09   1.5849E-09   0.0000E+00  0.0000
   1.5849E-09   1.9953E-09   1.5724E-06  0.9320
   1.9953E-09   2.5119E-09   0.0000E+00  0.0000
   2.5119E-09   3.1623E-09   1.4740E-06  0.5765
   3.1623E-09   3.9811E-09   2.7895E-06  0.6990
   3.9811E-09   5.0119E-09   8.3184E-06  0.5659
   5.0119E-09   6.3096E-09   6.0530E-06  0.4783
   6.3096E-09   7.9433E-09   9.9459E-06  0.3272
   7.9433E-09   1.0000E-08   3.0338E-05  0.2506
   1.0000E-08   1.2589E-08   3.2317E-05  0.3246
   1.2589E-08   1.5849E-08   5.7350E-05  0.1987
   1.5849E-08   1.9953E-08   8.2971E-05  0.2118
   1.9953E-08   2.5119E-08   1.5100E-04  0.1750
   2.5119E-08   3.1623E-08   2.4170E-04  0.1392
   3.1623E-08   3.9811E-08   2.9923E-04  0.1351
   3.9811E-08   5.0119E-08   3.5396E-04  0.1185
   5.0119E-08   6.3096E-08   4.3552E-04  0.1110
   6.3096E-08   7.9433E-08   5.8379E-04  0.1100
   7.9433E-08   1.0000E-07   7.8028E-04  0.1060
   1.0000E-07   1.2589E-07   5.7467E-04  0.1318
   1.2589E-07   1.5849E-07   3.7741E-04  0.1750
   1.5849E-07   1.9953E-07   1.9190E-04  0.2478
   1.9953E-07   2.5119E-07   1.6163E-04  0.2700
   2.5119E-07   3.1623E-07   1.7899E-04  0.2951
   3.1623E-07   3.9811E-07   1.9508E-04  0.2785
   3.9811E-07   5.0119E-07   2.5766E-04  0.2614
   5.0119E-07   6.3096E-07   1.6530E-04  0.4197
   6.3096E-07   7.9433E-07   2.6542E-04  0.2760
   7.9433E-07   1.0000E-06   1.7109E-04  0.3065
   1.0000E-06   1.2589E-06   1.9995E-04  0.3317
   1.2589E-06   1.5849E-06   3.0685E-04  0.3151
   1.5849E-06   1.9953E-06   2.2453E-04  0.2993
   1.9953E-06   2.5119E-06   2.8090E-04  0.2738
   2.5119E-06   3.1623E-06   2.7666E-04  0.2788
   3.1623E-06   3.9811E-06   3.2984E-04  0.2628
   3.9811E-06   5.0119E-06   2.8278E-04  0.2746
   5.0119E-06   6.3096E-06   1.4732E-04  0.3847
   6.3096E-06   7.9433E-06   2.8410E-04  0.3143
   7.9433E-06   1.0000E-05   3.9945E-04  0.2379
   1.0000E-05   1.2589E-05   3.2709E-04  0.2732
   1.2589E-05   1.5849E-05   5.0168E-04  0.2421
   1.5849E-05   1.9953E-05   3.3842E-04  0.2636
   1.9953E-05   2.5119E-05   4.5476E-04  0.2263
   2.5119E-05   3.1623E-05   3.9320E-04  0.2506
   3.1623E-05   3.9811E-05   3.1507E-04  0.3673
   3.9811E-05   5.0119E-05   4.0126E-04  0.3020
   5.0119E-05   6.3096E-05   3.0242E-04  0.3950
   6.3096E-05   7.9433E-05   3.6723E-04  0.3489
   7.9433E-05   1.0000E-04   2.2296E-04  0.2853
   1.0000E-04   1.2589E-04   4.9811E-04  0.2328
   1.2589E-04   1.5849E-04   6.5530E-04  0.2121
   1.5849E-04   1.9953E-04   4.4058E-04  0.2499
   1.9953E-04   2.5119E-04   6.3589E-04  0.2209
   2.5119E-04   3.1623E-04   5.7589E-04  0.2484
   3.1623E-04   3.9811E-04   3.7798E-04  0.3133
   3.9811E-04   5.0119E-04   5.0458E-04  0.2114
   5.0119E-04   6.3096E-04   5.4286E-04  0.2569
   6.3096E-04   7.9433E-04   6.1597E-04  0.3016
   7.9433E-04   1.0000E-03   6.2294E-04  0.2146
   1.0000E-03   1.2589E-03   3.9097E-04  0.2554
   1.2589E-03   1.5849E-03   5.6398E-04  0.2454
   1.5849E-03   1.9953E-03   5.2929E-04  0.2548
   1.9953E-03   2.5119E-03   6.4342E-04  0.2339
   2.5119E-03   3.1623E-03   4.9935E-04  0.2302
   3.1623E-03   3.9811E-03   5.5178E-04  0.2275
   3.9811E-03   5.0119E-03   5.0644E-04  0.2343
   5.0119E-03   6.3096E-03   5.1701E-04  0.2408
   6.3096E-03   7.9433E-03   5.5303E-04  0.2899
   7.9433E-03   1.0000E-02   2.6236E-04  0.2819
   1.0000E-02   1.2589E-02   5.1922E-04  0.2623
   1.2589E-02   1.5849E-02   6.4091E-04  0.2501
   1.5849E-02   1.9953E-02   3.7466E-04  0.2693
   1.9953E-02   2.5119E-02   6.1758E-04  0.2214
   2.5119E-02   3.1623E-02   5.1241E-04  0.2988
   3.1623E-02   3.9811E-02   5.9199E-04  0.2055
   3.9811E-02   5.0119E-02   5.6539E-04  0.2061
   5.0119E-02   6.3096E-02   8.7058E-04  0.1965
   6.3096E-02   7.9433E-02   9.1930E-04  0.2017
   7.9433E-02   1.0000E-01   8.3100E-04  0.2066
   1.0000E-01   1.2589E-01   6.7695E-04  0.1950
   1.2589E-01   1.5849E-01   8.8919E-04  0.1636
   1.5849E-01   1.9953E-01   9.6627E-04  0.1669
   1.9953E-01   2.5119E-01   9.7903E-04  0.1769
   2.5119E-01   3.1623E-01   1.1276E-03  0.1466
   3.1623E-01   3.9811E-01   1.3039E-03  0.1586
   3.9811E-01   5.0119E-01   1.3432E-03  0.1403
   5.0119E-01   6.3096E-01   1.8111E-03  0.1198
   6.3096E-01   7.9433E-01   2.5080E-03  0.1029
   7.9433E-01   1.0000E+00   3.0227E-03  0.0916
   1.0000E+00   1.2589E+00   3.6364E-03  0.0788
   1.2589E+00   1.5849E+00   0.0000E+00  0.0000
   1.5849E+00   1.9953E+00   0.0000E+00  0.0000
   1.9953E+00   2.5119E+00   0.0000E+00  0.0000
   2.5119E+00   3.1623E+00   0.0000E+00  0.0000
   3.1623E+00   3.9811E+00   0.0000E+00  0.0000
   3.9811E+00   5.0119E+00   0.0000E+00  0.0000
   5.0119E+00   6.3096E+00   0.0000E+00  0.0000
   6.3096E+00   7.9433E+00   0.0000E+00  0.0000
   7.9433E+00   1.0000E+01   0.0000E+00  0.0000
   1.0000E+01   1.2589E+01   0.0000E+00  0.0000
   1.2589E+01   1.5849E+01   0.0000E+00  0.0000
   1.5849E+01   1.9953E+01   0.0000E+00  0.0000
   1.9953E+01   2.5119E+01   0.0000E+00  0.0000
   2.5119E+01   3.1623E+01   0.0000E+00  0.0000
   3.1623E+01   3.9811E+01   0.0000E+00  0.0000
   3.9811E+01   5.0119E+01   0.0000E+00  0.0000
   5.0119E+01   6.3096E+01   0.0000E+00  0.0000
   6.3096E+01   7.9433E+01   0.0000E+00  0.0000
   7.9433E+01   1.0000E+02   0.0000E+00  0.0000
   1.0000E+02   1.2589E+02   0.0000E+00  0.0000
   1.2589E+02   1.5849E+02   0.0000E+00  0.0000
   1.5849E+02   1.9953E+02   0.0000E+00  0.0000
   1.9953E+02   2.5119E+02   0.0000E+00  0.0000
   2.5119E+02   3.1623E+02   0.0000E+00  0.0000
   3.1623E+02   3.9811E+02   0.0000E+00  0.0000
   3.9811E+02   5.0119E+02   0.0000E+00  0.0000
   5.0119E+02   6.3096E+02   0.0000E+00  0.0000
   6.3096E+02   7.9433E+02   0.0000E+00  0.0000
   7.9433E+02   1.0000E+03   0.0000E+00  0.0000

#   sum over                 4.7169E-02  0.0287

'no. =  4,  reg  =    401'
msuc: {\huge Neutron track length in active He-3 gas}
msdr: {\it plotted by \ANGEL \version}
msdl: {\it calculated by \PHITS  3.36}
wt: s(0.7)
\vspace{-3}
   vol  &=&   1.0000E+00 [cm^3]
e:
 
# Information for Restart Calculation
# This calculation was newly started
# istdev =  2 # 1:Batch variance, 2:History variance
# resc2  = 1.50012116771187109E+05 # Total source weight or Total source weight / maxcas
# resc3  = 1.50000000000000000E+05 # Total history number or Total batch number
# maxcas =      150000 # History / Batch, only used for istdev=1
# bitrseed = 1000110100100101111011100100101000110100111011101001100100111111 # bit data of rseed
