[ T-Track ]
    title = Flux spectrum in open air above ground
     mesh =  reg            # mesh type is region-wise
      reg = 111
   e-type =    3            # e-mesh is log given by emin, emax and ne
     emin =  1.0000000E-10  # minimum value of e-mesh points
     emax =   100000.0      # maximum value of e-mesh points
#    edel =  0.5756463      # mesh width of e-mesh points
       ne =     60          # number of e-mesh points
#    data = ( e(i), i = 1, ne + 1 )
#           1.00000E-10  1.77828E-10  3.16228E-10  5.62341E-10  1.00000E-09
#           1.77828E-09  3.16228E-09  5.62341E-09  1.00000E-08  1.77828E-08
#           3.16228E-08  5.62341E-08  1.00000E-07  1.77828E-07  3.16228E-07
#           5.62341E-07  1.00000E-06  1.77828E-06  3.16228E-06  5.62341E-06
#           1.00000E-05  1.77828E-05  3.16228E-05  5.62341E-05  1.00000E-04
#           1.77828E-04  3.16228E-04  5.62341E-04  1.00000E-03  1.77828E-03
#           3.16228E-03  5.62341E-03  1.00000E-02  1.77828E-02  3.16228E-02
#           5.62341E-02  1.00000E-01  1.77828E-01  3.16228E-01  5.62341E-01
#           1.00000E+00  1.77828E+00  3.16228E+00  5.62341E+00  1.00000E+01
#           1.77828E+01  3.16228E+01  5.62341E+01  1.00000E+02  1.77828E+02
#           3.16228E+02  5.62341E+02  1.00000E+03  1.77828E+03  3.16228E+03
#           5.62341E+03  1.00000E+04  1.77828E+04  3.16228E+04  5.62341E+04
#           1.00000E+05
     unit =    1            # unit is [1/cm^2/source]
 material =  all            # (D=all) number of specific material
     axis =     eng            # axis of output
     file = air_spec.out    # file name of output for the above axis
     part =  neutron    muon-      muon+      proton   
# kf/name :  2112       13         -13        2212     
#    used :        main (  %)        temp (  %)       total (  %)
#  memory :          67 (  0)           0 (  0)          67 (  0)

#------------------------------------------------------------------------------
#newpage:
#   no. =  1   reg =    111

x: Energy [MeV]
y: Flux [1/cm^2/source]              
p: xlog ylog afac(0.8) form(0.9)
h: n            x            y(neutron ),hh0l n  y(muon-   ),hh0dr n  y(muon+   ),hh0ub n  y(proton  ),hh0mg n  
#  e-lower      e-upper        neutron   r.err      muon-     r.err      muon+     r.err      proton    r.err 
   1.0000E-10   1.7783E-10   0.0000E+00  0.0000   0.0000E+00  0.0000   0.0000E+00  0.0000   0.0000E+00  0.0000
   1.7783E-10   3.1623E-10   0.0000E+00  0.0000   0.0000E+00  0.0000   0.0000E+00  0.0000   0.0000E+00  0.0000
   3.1623E-10   5.6234E-10   0.0000E+00  0.0000   0.0000E+00  0.0000   0.0000E+00  0.0000   0.0000E+00  0.0000
   5.6234E-10   1.0000E-09   0.0000E+00  0.0000   0.0000E+00  0.0000   0.0000E+00  0.0000   0.0000E+00  0.0000
   1.0000E-09   1.7783E-09   1.2893E-06  0.9004   0.0000E+00  0.0000   0.0000E+00  0.0000   0.0000E+00  0.0000
   1.7783E-09   3.1623E-09   1.0560E-06  1.0000   0.0000E+00  0.0000   0.0000E+00  0.0000   0.0000E+00  0.0000
   3.1623E-09   5.6234E-09   7.3694E-07  0.5288   0.0000E+00  0.0000   0.0000E+00  0.0000   0.0000E+00  0.0000
   5.6234E-09   1.0000E-08   1.1227E-05  0.2848   0.0000E+00  0.0000   0.0000E+00  0.0000   0.0000E+00  0.0000
   1.0000E-08   1.7783E-08   3.5608E-05  0.1726   0.0000E+00  0.0000   0.0000E+00  0.0000   0.0000E+00  0.0000
   1.7783E-08   3.1623E-08   6.5239E-05  0.1314   0.0000E+00  0.0000   0.0000E+00  0.0000   0.0000E+00  0.0000
   3.1623E-08   5.6234E-08   1.0360E-04  0.1110   0.0000E+00  0.0000   0.0000E+00  0.0000   0.0000E+00  0.0000
   5.6234E-08   1.0000E-07   1.0788E-04  0.1140   0.0000E+00  0.0000   0.0000E+00  0.0000   0.0000E+00  0.0000
   1.0000E-07   1.7783E-07   4.7558E-05  0.1799   0.0000E+00  0.0000   0.0000E+00  0.0000   0.0000E+00  0.0000
   1.7783E-07   3.1623E-07   2.1390E-05  0.3035   0.0000E+00  0.0000   0.0000E+00  0.0000   0.0000E+00  0.0000
   3.1623E-07   5.6234E-07   2.0439E-05  0.3445   0.0000E+00  0.0000   0.0000E+00  0.0000   0.0000E+00  0.0000
   5.6234E-07   1.0000E-06   1.8232E-05  0.3113   0.0000E+00  0.0000   0.0000E+00  0.0000   0.0000E+00  0.0000
   1.0000E-06   1.7783E-06   1.2941E-05  0.3619   0.0000E+00  0.0000   0.0000E+00  0.0000   0.0000E+00  0.0000
   1.7783E-06   3.1623E-06   1.5754E-05  0.3613   0.0000E+00  0.0000   0.0000E+00  0.0000   0.0000E+00  0.0000
   3.1623E-06   5.6234E-06   4.4518E-05  0.2838   0.0000E+00  0.0000   0.0000E+00  0.0000   0.0000E+00  0.0000
   5.6234E-06   1.0000E-05   1.9657E-05  0.2818   0.0000E+00  0.0000   0.0000E+00  0.0000   0.0000E+00  0.0000
   1.0000E-05   1.7783E-05   2.0878E-05  0.2464   0.0000E+00  0.0000   0.0000E+00  0.0000   0.0000E+00  0.0000
   1.7783E-05   3.1623E-05   1.8375E-05  0.2685   0.0000E+00  0.0000   0.0000E+00  0.0000   0.0000E+00  0.0000
   3.1623E-05   5.6234E-05   2.7989E-05  0.3151   0.0000E+00  0.0000   0.0000E+00  0.0000   0.0000E+00  0.0000
   5.6234E-05   1.0000E-04   2.6527E-05  0.2735   0.0000E+00  0.0000   0.0000E+00  0.0000   0.0000E+00  0.0000
   1.0000E-04   1.7783E-04   2.0895E-05  0.3226   0.0000E+00  0.0000   0.0000E+00  0.0000   0.0000E+00  0.0000
   1.7783E-04   3.1623E-04   2.3520E-05  0.2547   0.0000E+00  0.0000   0.0000E+00  0.0000   0.0000E+00  0.0000
   3.1623E-04   5.6234E-04   1.7362E-05  0.2667   0.0000E+00  0.0000   0.0000E+00  0.0000   0.0000E+00  0.0000
   5.6234E-04   1.0000E-03   2.9291E-05  0.2187   0.0000E+00  0.0000   0.0000E+00  0.0000   0.0000E+00  0.0000
   1.0000E-03   1.7783E-03   1.8523E-05  0.3016   0.0000E+00  0.0000   9.5036E-13  1.0000   1.3439E-10  0.3242
   1.7783E-03   3.1623E-03   4.6253E-05  0.3016   0.0000E+00  0.0000   4.5803E-13  1.0000   1.9284E-10  0.3242
   3.1623E-03   5.6234E-03   1.7776E-05  0.2772   0.0000E+00  0.0000   6.8608E-13  1.0000   2.7285E-10  0.3242
   5.6234E-03   1.0000E-02   6.6208E-05  0.2473   0.0000E+00  0.0000   1.0989E-12  1.0000   3.8168E-10  0.3242
   1.0000E-02   1.7783E-02   3.8686E-05  0.2026   0.0000E+00  0.0000   1.9004E-12  1.0000   5.2969E-10  0.3242
   1.7783E-02   3.1623E-02   5.4626E-05  0.2265   0.0000E+00  0.0000   3.7705E-12  1.0000   7.3900E-10  0.3242
   3.1623E-02   5.6234E-02   3.8857E-05  0.1980   0.0000E+00  0.0000   8.8186E-12  1.0000   1.1309E-09  0.3242
   5.6234E-02   1.0000E-01   5.3494E-05  0.1827   0.0000E+00  0.0000   2.2738E-11  1.0000   1.8340E-09  0.3242
   1.0000E-01   1.7783E-01   8.1200E-05  0.1523   0.0000E+00  0.0000   5.9633E-11  1.0000   3.2478E-09  0.3242
   1.7783E-01   3.1623E-01   1.1954E-04  0.1362   0.0000E+00  0.0000   1.5767E-10  1.0000   6.6718E-09  0.3242
   3.1623E-01   5.6234E-01   1.6602E-04  0.1280   0.0000E+00  0.0000   4.2629E-10  1.0000   1.5972E-08  0.3257
   5.6234E-01   1.0000E+00   2.5248E-04  0.0981   0.0000E+00  0.0000   1.1819E-09  1.0000   4.1235E-08  0.3278
   1.0000E+00   1.7783E+00   3.0705E-04  0.0925   0.0000E+00  0.0000   3.3491E-09  1.0000   1.0555E-07  0.3355
   1.7783E+00   3.1623E+00   3.6588E-04  0.0784   0.0000E+00  0.0000   9.5743E-09  1.0000   2.8064E-07  0.3349
   3.1623E+00   5.6234E+00   2.5739E-04  0.0849   0.0000E+00  0.0000   4.6423E-10  1.0000   7.6049E-07  0.3359
   5.6234E+00   1.0000E+01   2.2129E-04  0.0949   3.0759E-08  1.0000   5.8534E-08  1.0000   1.7979E-06  0.3299
   1.0000E+01   1.7783E+01   1.6508E-04  0.1090   1.0876E-07  0.7419   0.0000E+00  0.0000   2.3847E-06  0.2600
   1.7783E+01   3.1623E+01   1.9710E-04  0.1088   4.7302E-08  1.0000   7.1031E-08  0.7640   5.4161E-06  0.1465
   3.1623E+01   5.6234E+01   2.6797E-04  0.0833   2.4011E-08  0.8615   2.2203E-09  1.0000   1.3635E-05  0.1276
   5.6234E+01   1.0000E+02   4.2979E-04  0.0658   6.6672E-08  1.0000   1.5173E-08  1.0000   2.5478E-05  0.0887
   1.0000E+02   1.7783E+02   4.3079E-04  0.0592   9.5525E-09  1.0000   1.9633E-07  0.5723   3.8746E-05  0.1010
   1.7783E+02   3.1623E+02   2.9045E-04  0.0644   0.0000E+00  0.0000   0.0000E+00  0.0000   3.9425E-05  0.0499
   3.1623E+02   5.6234E+02   1.7267E-04  0.0906   0.0000E+00  0.0000   0.0000E+00  0.0000   3.2940E-05  0.0631
   5.6234E+02   1.0000E+03   5.8208E-05  0.1393   0.0000E+00  0.0000   0.0000E+00  0.0000   2.0884E-05  0.0628
   1.0000E+03   1.7783E+03   1.3231E-05  0.2821   0.0000E+00  0.0000   0.0000E+00  0.0000   1.2222E-05  0.0807
   1.7783E+03   3.1623E+03   7.6996E-06  0.3600   0.0000E+00  0.0000   0.0000E+00  0.0000   7.5574E-06  0.1003
   3.1623E+03   5.6234E+03   6.2932E-06  0.4038   0.0000E+00  0.0000   0.0000E+00  0.0000   5.0156E-06  0.1236
   5.6234E+03   1.0000E+04   2.9689E-06  0.5793   0.0000E+00  0.0000   0.0000E+00  0.0000   3.6151E-06  0.1473
   1.0000E+04   1.7783E+04   0.0000E+00  0.0000   0.0000E+00  0.0000   0.0000E+00  0.0000   2.0540E-06  0.1935
   1.7783E+04   3.1623E+04   0.0000E+00  0.0000   0.0000E+00  0.0000   0.0000E+00  0.0000   1.2279E-06  0.2550
   3.1623E+04   5.6234E+04   0.0000E+00  0.0000   0.0000E+00  0.0000   0.0000E+00  0.0000   5.9788E-07  0.3622
   5.6234E+04   1.0000E+05   0.0000E+00  0.0000   0.0000E+00  0.0000   0.0000E+00  0.0000   0.0000E+00  0.0000

#   sum over                 4.8595E-03  0.0234   2.8706E-07  0.4810   3.5854E-07  0.3891   2.1422E-04  0.0286

'no. =  1,  reg  =    111'
msuc: {\huge Flux spectrum in open air above ground}
msdr: {\it plotted by \ANGEL \version}
msdl: {\it calculated by \PHITS  3.35}
wt: s(0.7)
\vspace{-3}
   vol  &=&   5.1200E+08 [cm^3]
e:

# Information for Restart Calculation
# This calculation was newly started
# istdev =  2 # 1:Batch variance, 2:History variance
# resc2  = 7.60577810558544565E-01 # Total source weight or Total source weight / maxcas
# resc3  = 2.00000000000000000E+04 # Total history number or Total batch number
# maxcas =       20000 # History / Batch, only used for istdev=1
# bitrseed = 0000001110010110010111101110010111111110100111000100101101110101 # bit data of rseed
