[ T-Track ]
    title = Flux spectrum in room air (upper 2 m, lower 1 m)
     mesh =  reg            # mesh type is region-wise
      reg = 300 301
   e-type =    3            # e-mesh is log given by emin, emax and ne
     emin =  1.0000000E-10  # minimum value of e-mesh points
     emax =   100000.0      # maximum value of e-mesh points
#    edel =  0.5756463      # mesh width of e-mesh points
       ne =     60          # number of e-mesh points
#    data = ( e(i), i = 1, ne + 1 )
#           1.00000E-10  1.77828E-10  3.16228E-10  5.62341E-10  1.00000E-09
#           1.77828E-09  3.16228E-09  5.62341E-09  1.00000E-08  1.77828E-08
#           3.16228E-08  5.62341E-08  1.00000E-07  1.77828E-07  3.16228E-07
#           5.62341E-07  1.00000E-06  1.77828E-06  3.16228E-06  5.62341E-06
#           1.00000E-05  1.77828E-05  3.16228E-05  5.62341E-05  1.00000E-04
#           1.77828E-04  3.16228E-04  5.62341E-04  1.00000E-03  1.77828E-03
#           3.16228E-03  5.62341E-03  1.00000E-02  1.77828E-02  3.16228E-02
#           5.62341E-02  1.00000E-01  1.77828E-01  3.16228E-01  5.62341E-01
#           1.00000E+00  1.77828E+00  3.16228E+00  5.62341E+00  1.00000E+01
#           1.77828E+01  3.16228E+01  5.62341E+01  1.00000E+02  1.77828E+02
#           3.16228E+02  5.62341E+02  1.00000E+03  1.77828E+03  3.16228E+03
#           5.62341E+03  1.00000E+04  1.77828E+04  3.16228E+04  5.62341E+04
#           1.00000E+05
     unit =    1            # unit is [1/cm^2/source]
 material =  all            # (D=all) number of specific material
     axis =     eng            # axis of output
     file = room_spec.out   # file name of output for the above axis
     part =  neutron    muon-      muon+      proton   
# kf/name :  2112       13         -13        2212     
#    used :        main (  %)        temp (  %)       total (  %)
#  memory :          67 (  0)           0 (  0)          67 (  0)

#------------------------------------------------------------------------------
#newpage:
#   no. =  1   reg =    300

x: Energy [MeV]
y: Flux [1/cm^2/source]              
p: xlog ylog afac(0.8) form(0.9)
h: n            x            y(neutron ),hh0l n  y(muon-   ),hh0dr n  y(muon+   ),hh0ub n  y(proton  ),hh0mg n  
#  e-lower      e-upper        neutron   r.err      muon-     r.err      muon+     r.err      proton    r.err 
   1.0000E-10   1.7783E-10   8.4971E-11  1.0000   0.0000E+00  0.0000   0.0000E+00  0.0000   0.0000E+00  0.0000
   1.7783E-10   3.1623E-10   4.2523E-12  0.8580   0.0000E+00  0.0000   0.0000E+00  0.0000   0.0000E+00  0.0000
   3.1623E-10   5.6234E-10   2.5137E-10  0.5389   0.0000E+00  0.0000   0.0000E+00  0.0000   0.0000E+00  0.0000
   5.6234E-10   1.0000E-09   1.2725E-10  0.5446   0.0000E+00  0.0000   0.0000E+00  0.0000   0.0000E+00  0.0000
   1.0000E-09   1.7783E-09   4.8195E-10  0.4881   0.0000E+00  0.0000   0.0000E+00  0.0000   0.0000E+00  0.0000
   1.7783E-09   3.1623E-09   5.5210E-09  0.3021   0.0000E+00  0.0000   0.0000E+00  0.0000   0.0000E+00  0.0000
   3.1623E-09   5.6234E-09   8.3446E-08  0.6702   0.0000E+00  0.0000   0.0000E+00  0.0000   0.0000E+00  0.0000
   5.6234E-09   1.0000E-08   1.1960E-07  0.3689   0.0000E+00  0.0000   0.0000E+00  0.0000   0.0000E+00  0.0000
   1.0000E-08   1.7783E-08   6.2801E-07  0.5085   0.0000E+00  0.0000   0.0000E+00  0.0000   0.0000E+00  0.0000
   1.7783E-08   3.1623E-08   1.0436E-06  0.4383   0.0000E+00  0.0000   0.0000E+00  0.0000   0.0000E+00  0.0000
   3.1623E-08   5.6234E-08   1.8559E-06  0.5815   0.0000E+00  0.0000   0.0000E+00  0.0000   0.0000E+00  0.0000
   5.6234E-08   1.0000E-07   1.7986E-06  0.4589   0.0000E+00  0.0000   0.0000E+00  0.0000   0.0000E+00  0.0000
   1.0000E-07   1.7783E-07   7.6876E-07  0.4418   0.0000E+00  0.0000   0.0000E+00  0.0000   0.0000E+00  0.0000
   1.7783E-07   3.1623E-07   1.3994E-07  0.5246   0.0000E+00  0.0000   0.0000E+00  0.0000   0.0000E+00  0.0000
   3.1623E-07   5.6234E-07   4.5436E-08  0.3090   0.0000E+00  0.0000   0.0000E+00  0.0000   0.0000E+00  0.0000
   5.6234E-07   1.0000E-06   3.1033E-07  0.8198   0.0000E+00  0.0000   0.0000E+00  0.0000   0.0000E+00  0.0000
   1.0000E-06   1.7783E-06   1.3121E-07  0.8011   0.0000E+00  0.0000   0.0000E+00  0.0000   0.0000E+00  0.0000
   1.7783E-06   3.1623E-06   4.2481E-07  0.5704   0.0000E+00  0.0000   0.0000E+00  0.0000   0.0000E+00  0.0000
   3.1623E-06   5.6234E-06   7.5271E-08  0.5566   0.0000E+00  0.0000   0.0000E+00  0.0000   0.0000E+00  0.0000
   5.6234E-06   1.0000E-05   1.7948E-07  0.8806   0.0000E+00  0.0000   0.0000E+00  0.0000   0.0000E+00  0.0000
   1.0000E-05   1.7783E-05   6.2631E-08  0.3880   0.0000E+00  0.0000   0.0000E+00  0.0000   0.0000E+00  0.0000
   1.7783E-05   3.1623E-05   3.7305E-08  0.4084   0.0000E+00  0.0000   0.0000E+00  0.0000   0.0000E+00  0.0000
   3.1623E-05   5.6234E-05   1.1949E-07  0.8068   0.0000E+00  0.0000   0.0000E+00  0.0000   0.0000E+00  0.0000
   5.6234E-05   1.0000E-04   7.6665E-08  0.4497   0.0000E+00  0.0000   0.0000E+00  0.0000   0.0000E+00  0.0000
   1.0000E-04   1.7783E-04   1.7129E-07  0.6063   0.0000E+00  0.0000   0.0000E+00  0.0000   0.0000E+00  0.0000
   1.7783E-04   3.1623E-04   1.4286E-07  0.7840   0.0000E+00  0.0000   0.0000E+00  0.0000   0.0000E+00  0.0000
   3.1623E-04   5.6234E-04   3.9539E-08  0.3865   0.0000E+00  0.0000   0.0000E+00  0.0000   0.0000E+00  0.0000
   5.6234E-04   1.0000E-03   5.5523E-08  0.3687   0.0000E+00  0.0000   0.0000E+00  0.0000   0.0000E+00  0.0000
   1.0000E-03   1.7783E-03   5.9712E-08  0.4437   0.0000E+00  0.0000   0.0000E+00  0.0000   3.6467E-14  0.3748
   1.7783E-03   3.1623E-03   9.0949E-08  0.4431   0.0000E+00  0.0000   0.0000E+00  0.0000   5.2330E-14  0.3748
   3.1623E-03   5.6234E-03   2.5251E-08  0.2280   0.0000E+00  0.0000   0.0000E+00  0.0000   7.4042E-14  0.3748
   5.6234E-03   1.0000E-02   4.8072E-08  0.4940   0.0000E+00  0.0000   0.0000E+00  0.0000   1.0357E-13  0.3748
   1.0000E-02   1.7783E-02   2.2652E-08  0.2214   0.0000E+00  0.0000   0.0000E+00  0.0000   1.4374E-13  0.3748
   1.7783E-02   3.1623E-02   6.0133E-08  0.3252   0.0000E+00  0.0000   0.0000E+00  0.0000   2.0054E-13  0.3748
   3.1623E-02   5.6234E-02   3.7967E-08  0.2428   0.0000E+00  0.0000   0.0000E+00  0.0000   3.0687E-13  0.3748
   5.6234E-02   1.0000E-01   6.7825E-08  0.2727   0.0000E+00  0.0000   0.0000E+00  0.0000   4.9767E-13  0.3748
   1.0000E-01   1.7783E-01   1.0083E-07  0.3762   0.0000E+00  0.0000   0.0000E+00  0.0000   8.8131E-13  0.3748
   1.7783E-01   3.1623E-01   1.2347E-07  0.3958   0.0000E+00  0.0000   0.0000E+00  0.0000   1.8105E-12  0.3748
   3.1623E-01   5.6234E-01   3.0031E-07  0.5832   0.0000E+00  0.0000   0.0000E+00  0.0000   4.3567E-12  0.3748
   5.6234E-01   1.0000E+00   2.8306E-07  0.3774   0.0000E+00  0.0000   0.0000E+00  0.0000   1.1323E-11  0.3748
   1.0000E+00   1.7783E+00   3.2113E-07  0.5519   0.0000E+00  0.0000   0.0000E+00  0.0000   2.5889E-11  0.4066
   1.7783E+00   3.1623E+00   3.4395E-07  0.3086   0.0000E+00  0.0000   0.0000E+00  0.0000   6.2550E-11  0.4368
   3.1623E+00   5.6234E+00   1.9492E-06  0.6513   0.0000E+00  0.0000   0.0000E+00  0.0000   1.4544E-10  0.4870
   5.6234E+00   1.0000E+01   1.0939E-07  0.2746   0.0000E+00  0.0000   0.0000E+00  0.0000   2.9569E-10  0.5568
   1.0000E+01   1.7783E+01   2.9511E-07  0.6153   0.0000E+00  0.0000   0.0000E+00  0.0000   1.4440E-09  0.5183
   1.7783E+01   3.1623E+01   1.7728E-07  0.4614   0.0000E+00  0.0000   0.0000E+00  0.0000   6.9015E-09  0.7140
   3.1623E+01   5.6234E+01   4.1736E-07  0.5188   0.0000E+00  0.0000   0.0000E+00  0.0000   3.8955E-09  0.3244
   5.6234E+01   1.0000E+02   5.0506E-07  0.3605   0.0000E+00  0.0000   0.0000E+00  0.0000   1.2287E-08  0.4373
   1.0000E+02   1.7783E+02   6.5769E-07  0.3723   0.0000E+00  0.0000   0.0000E+00  0.0000   2.0700E-07  0.9603
   1.7783E+02   3.1623E+02   2.6984E-07  0.3035   0.0000E+00  0.0000   0.0000E+00  0.0000   2.9470E-08  0.7634
   3.1623E+02   5.6234E+02   9.7591E-08  0.4675   0.0000E+00  0.0000   1.3831E-07  1.0000   4.4036E-07  0.8207
   5.6234E+02   1.0000E+03   9.5577E-07  0.9058   0.0000E+00  0.0000   0.0000E+00  0.0000   8.2152E-08  0.9292
   1.0000E+03   1.7783E+03   5.8922E-08  0.7152   0.0000E+00  0.0000   0.0000E+00  0.0000   1.1606E-07  0.9572
   1.7783E+03   3.1623E+03   4.5480E-09  0.4285   0.0000E+00  0.0000   0.0000E+00  0.0000   2.0528E-09  0.8476
   3.1623E+03   5.6234E+03   2.4266E-10  1.0000   0.0000E+00  0.0000   0.0000E+00  0.0000   3.0862E-10  1.0000
   5.6234E+03   1.0000E+04   0.0000E+00  0.0000   0.0000E+00  0.0000   0.0000E+00  0.0000   0.0000E+00  0.0000
   1.0000E+04   1.7783E+04   0.0000E+00  0.0000   0.0000E+00  0.0000   0.0000E+00  0.0000   0.0000E+00  0.0000
   1.7783E+04   3.1623E+04   0.0000E+00  0.0000   0.0000E+00  0.0000   0.0000E+00  0.0000   0.0000E+00  0.0000
   3.1623E+04   5.6234E+04   0.0000E+00  0.0000   0.0000E+00  0.0000   0.0000E+00  0.0000   0.0000E+00  0.0000
   5.6234E+04   1.0000E+05   0.0000E+00  0.0000   0.0000E+00  0.0000   0.0000E+00  0.0000   0.0000E+00  0.0000

#   sum over                 1.5699E-05  0.3956   0.0000E+00  0.0000   1.3831E-07  1.0000   9.0248E-07  0.6215

'no. =  1,  reg  =    300'
msuc: {\huge Flux spectrum in room air (upper 2 m, lower 1 m)}
msdr: {\it plotted by \ANGEL \version}
msdl: {\it calculated by \PHITS  3.35}
wt: s(0.7)
\vspace{-3}
   vol  &=&   1.2000E+08 [cm^3]
e:

#------------------------------------------------------------------------------
 newpage:
#   no. =  2   reg =    301

x: Energy [MeV]
y: Flux [1/cm^2/source]              
p: xlog ylog afac(0.8) form(0.9)
h: n            x            y(neutron ),hh0l n  y(muon-   ),hh0dr n  y(muon+   ),hh0ub n  y(proton  ),hh0mg n  
#  e-lower      e-upper        neutron   r.err      muon-     r.err      muon+     r.err      proton    r.err 
   1.0000E-10   1.7783E-10   1.4066E-10  1.0000   0.0000E+00  0.0000   0.0000E+00  0.0000   0.0000E+00  0.0000
   1.7783E-10   3.1623E-10   1.1681E-10  0.6269   0.0000E+00  0.0000   0.0000E+00  0.0000   0.0000E+00  0.0000
   3.1623E-10   5.6234E-10   6.7070E-10  0.6292   0.0000E+00  0.0000   0.0000E+00  0.0000   0.0000E+00  0.0000
   5.6234E-10   1.0000E-09   1.7039E-10  0.6121   0.0000E+00  0.0000   0.0000E+00  0.0000   0.0000E+00  0.0000
   1.0000E-09   1.7783E-09   2.9520E-10  0.4369   0.0000E+00  0.0000   0.0000E+00  0.0000   0.0000E+00  0.0000
   1.7783E-09   3.1623E-09   2.2870E-07  0.9773   0.0000E+00  0.0000   0.0000E+00  0.0000   0.0000E+00  0.0000
   3.1623E-09   5.6234E-09   3.0488E-08  0.4142   0.0000E+00  0.0000   0.0000E+00  0.0000   0.0000E+00  0.0000
   5.6234E-09   1.0000E-08   1.0916E-07  0.3212   0.0000E+00  0.0000   0.0000E+00  0.0000   0.0000E+00  0.0000
   1.0000E-08   1.7783E-08   8.8994E-07  0.7089   0.0000E+00  0.0000   0.0000E+00  0.0000   0.0000E+00  0.0000
   1.7783E-08   3.1623E-08   2.1310E-06  0.6704   0.0000E+00  0.0000   0.0000E+00  0.0000   0.0000E+00  0.0000
   3.1623E-08   5.6234E-08   1.9205E-06  0.5219   0.0000E+00  0.0000   0.0000E+00  0.0000   0.0000E+00  0.0000
   5.6234E-08   1.0000E-07   1.5755E-06  0.4227   0.0000E+00  0.0000   0.0000E+00  0.0000   0.0000E+00  0.0000
   1.0000E-07   1.7783E-07   5.1939E-07  0.3186   0.0000E+00  0.0000   0.0000E+00  0.0000   0.0000E+00  0.0000
   1.7783E-07   3.1623E-07   9.1997E-08  0.5037   0.0000E+00  0.0000   0.0000E+00  0.0000   0.0000E+00  0.0000
   3.1623E-07   5.6234E-07   2.8863E-08  0.2638   0.0000E+00  0.0000   0.0000E+00  0.0000   0.0000E+00  0.0000
   5.6234E-07   1.0000E-06   1.0529E-06  0.9834   0.0000E+00  0.0000   0.0000E+00  0.0000   0.0000E+00  0.0000
   1.0000E-06   1.7783E-06   2.1193E-08  0.2664   0.0000E+00  0.0000   0.0000E+00  0.0000   0.0000E+00  0.0000
   1.7783E-06   3.1623E-06   4.6981E-08  0.6087   0.0000E+00  0.0000   0.0000E+00  0.0000   0.0000E+00  0.0000
   3.1623E-06   5.6234E-06   2.2132E-07  0.8916   0.0000E+00  0.0000   0.0000E+00  0.0000   0.0000E+00  0.0000
   5.6234E-06   1.0000E-05   1.0325E-07  0.7712   0.0000E+00  0.0000   0.0000E+00  0.0000   0.0000E+00  0.0000
   1.0000E-05   1.7783E-05   8.1618E-08  0.4541   0.0000E+00  0.0000   0.0000E+00  0.0000   0.0000E+00  0.0000
   1.7783E-05   3.1623E-05   1.7665E-07  0.6419   0.0000E+00  0.0000   0.0000E+00  0.0000   0.0000E+00  0.0000
   3.1623E-05   5.6234E-05   3.0440E-08  0.3067   0.0000E+00  0.0000   0.0000E+00  0.0000   0.0000E+00  0.0000
   5.6234E-05   1.0000E-04   3.3849E-07  0.7571   0.0000E+00  0.0000   0.0000E+00  0.0000   0.0000E+00  0.0000
   1.0000E-04   1.7783E-04   3.2842E-08  0.3026   0.0000E+00  0.0000   0.0000E+00  0.0000   0.0000E+00  0.0000
   1.7783E-04   3.1623E-04   4.5055E-08  0.4322   0.0000E+00  0.0000   0.0000E+00  0.0000   0.0000E+00  0.0000
   3.1623E-04   5.6234E-04   4.3005E-08  0.3607   0.0000E+00  0.0000   0.0000E+00  0.0000   0.0000E+00  0.0000
   5.6234E-04   1.0000E-03   3.4285E-08  0.3061   0.0000E+00  0.0000   0.0000E+00  0.0000   0.0000E+00  0.0000
   1.0000E-03   1.7783E-03   4.6492E-08  0.4886   0.0000E+00  0.0000   0.0000E+00  0.0000   1.3261E-14  0.7071
   1.7783E-03   3.1623E-03   6.5240E-08  0.5573   0.0000E+00  0.0000   0.0000E+00  0.0000   1.9029E-14  0.7071
   3.1623E-03   5.6234E-03   3.0622E-08  0.2692   0.0000E+00  0.0000   0.0000E+00  0.0000   2.6924E-14  0.7071
   5.6234E-03   1.0000E-02   1.4112E-07  0.8388   0.0000E+00  0.0000   0.0000E+00  0.0000   3.7663E-14  0.7071
   1.0000E-02   1.7783E-02   8.5363E-08  0.7623   0.0000E+00  0.0000   0.0000E+00  0.0000   5.2268E-14  0.7071
   1.7783E-02   3.1623E-02   4.1310E-08  0.3416   0.0000E+00  0.0000   0.0000E+00  0.0000   7.2922E-14  0.7071
   3.1623E-02   5.6234E-02   2.3592E-07  0.8120   0.0000E+00  0.0000   0.0000E+00  0.0000   1.1159E-13  0.7071
   5.6234E-02   1.0000E-01   7.6549E-08  0.3264   0.0000E+00  0.0000   0.0000E+00  0.0000   1.8097E-13  0.7071
   1.0000E-01   1.7783E-01   1.2928E-07  0.5297   0.0000E+00  0.0000   0.0000E+00  0.0000   3.2048E-13  0.7071
   1.7783E-01   3.1623E-01   9.5295E-08  0.4242   0.0000E+00  0.0000   0.0000E+00  0.0000   6.5835E-13  0.7071
   3.1623E-01   5.6234E-01   4.2631E-07  0.5484   0.0000E+00  0.0000   0.0000E+00  0.0000   1.5842E-12  0.7071
   5.6234E-01   1.0000E+00   6.9917E-07  0.6035   0.0000E+00  0.0000   0.0000E+00  0.0000   4.1174E-12  0.7071
   1.0000E+00   1.7783E+00   2.7444E-07  0.4232   0.0000E+00  0.0000   0.0000E+00  0.0000   8.2892E-12  0.6979
   1.7783E+00   3.1623E+00   9.8619E-07  0.7940   0.0000E+00  0.0000   0.0000E+00  0.0000   4.0737E-11  0.5791
   3.1623E+00   5.6234E+00   5.0095E-07  0.4932   0.0000E+00  0.0000   0.0000E+00  0.0000   1.0401E-10  0.5600
   5.6234E+00   1.0000E+01   6.7685E-08  0.2680   0.0000E+00  0.0000   0.0000E+00  0.0000   1.2682E-10  0.6058
   1.0000E+01   1.7783E+01   1.6590E-07  0.5660   0.0000E+00  0.0000   0.0000E+00  0.0000   7.8130E-09  0.6444
   1.7783E+01   3.1623E+01   1.4575E-07  0.5496   0.0000E+00  0.0000   0.0000E+00  0.0000   2.7262E-09  0.3569
   3.1623E+01   5.6234E+01   2.9960E-07  0.4442   0.0000E+00  0.0000   0.0000E+00  0.0000   1.5928E-09  0.4241
   5.6234E+01   1.0000E+02   3.1190E-07  0.3708   0.0000E+00  0.0000   0.0000E+00  0.0000   2.7758E-07  0.9552
   1.0000E+02   1.7783E+02   4.7361E-07  0.3912   0.0000E+00  0.0000   0.0000E+00  0.0000   2.0762E-07  0.9563
   1.7783E+02   3.1623E+02   3.9910E-07  0.6324   0.0000E+00  0.0000   0.0000E+00  0.0000   2.9109E-08  0.7732
   3.1623E+02   5.6234E+02   4.6771E-08  0.2450   0.0000E+00  0.0000   0.0000E+00  0.0000   8.1168E-09  0.3039
   5.6234E+02   1.0000E+03   1.2273E-06  0.9802   0.0000E+00  0.0000   0.0000E+00  0.0000   4.9010E-09  0.3673
   1.0000E+03   1.7783E+03   5.6750E-08  0.7371   0.0000E+00  0.0000   0.0000E+00  0.0000   1.1585E-07  0.9587
   1.7783E+03   3.1623E+03   4.5843E-09  0.4296   3.4129E-08  1.0000   0.0000E+00  0.0000   1.7048E-09  1.0000
   3.1623E+03   5.6234E+03   0.0000E+00  0.0000   0.0000E+00  0.0000   0.0000E+00  0.0000   3.1127E-11  1.0000
   5.6234E+03   1.0000E+04   0.0000E+00  0.0000   0.0000E+00  0.0000   0.0000E+00  0.0000   0.0000E+00  0.0000
   1.0000E+04   1.7783E+04   0.0000E+00  0.0000   0.0000E+00  0.0000   0.0000E+00  0.0000   0.0000E+00  0.0000
   1.7783E+04   3.1623E+04   0.0000E+00  0.0000   0.0000E+00  0.0000   0.0000E+00  0.0000   0.0000E+00  0.0000
   3.1623E+04   5.6234E+04   0.0000E+00  0.0000   0.0000E+00  0.0000   0.0000E+00  0.0000   0.0000E+00  0.0000
   5.6234E+04   1.0000E+05   0.0000E+00  0.0000   0.0000E+00  0.0000   0.0000E+00  0.0000   0.0000E+00  0.0000

#   sum over                 1.6788E-05  0.4957   3.4129E-08  1.0000   0.0000E+00  0.0000   6.5733E-07  0.6723

'no. =  2,  reg  =    301'
msuc: {\huge Flux spectrum in room air (upper 2 m, lower 1 m)}
msdr: {\it plotted by \ANGEL \version}
msdl: {\it calculated by \PHITS  3.35}
wt: s(0.7)
\vspace{-3}
   vol  &=&   6.0000E+07 [cm^3]
e:

# Information for Restart Calculation
# This calculation was newly started
# istdev =  2 # 1:Batch variance, 2:History variance
# resc2  = 7.60577810558544565E-01 # Total source weight or Total source weight / maxcas
# resc3  = 2.00000000000000000E+04 # Total history number or Total batch number
# maxcas =       20000 # History / Batch, only used for istdev=1
# bitrseed = 0000001110010110010111101110010111111110100111000100101101110101 # bit data of rseed
