[phits-web] uploaded 1 auxiliary file(s)
[phits-web] running main.inp on https://phits.kek.jp (session cli_1787422650_1js0nl7n) ...
Initialization is completed          on 2026/08/23 at 03h 17m 37s
bat[       1] ncas =          10000. on 2026/08/23 at 03h 18m 00s
bat[       2] ncas =          20000. on 2026/08/23 at 03h 18m 30s
bat[       3] ncas =          30000. on 2026/08/23 at 03h 18m 40s
bat[       4] ncas =          40000. on 2026/08/23 at 03h 18m 50s
bat[       5] ncas =          50000. on 2026/08/23 at 03h 19m 00s
bat[       6] ncas =          60000. on 2026/08/23 at 03h 19m 10s
bat[       7] ncas =          70000. on 2026/08/23 at 03h 19m 20s
bat[       8] ncas =          80000. on 2026/08/23 at 03h 19m 29s
bat[       9] ncas =          90000. on 2026/08/23 at 03h 19m 38s
bat[      10] ncas =         100000. on 2026/08/23 at 03h 19m 47s
Program is finished               on 2026/08/23 at 03h 19m 47s
[phits-web] PHITS finished normally in 138 s — 7 output file(s) on the server
[phits-web] downloaded 6 result file(s) into /Users/yuto/KEK_summer/04_PHITS_sim/equiv_concrete_sites/small/d1/01_PF
[phits-web] uploaded 1 auxiliary file(s)
[phits-web] running main.inp on https://phits.kek.jp (session cli_1787422792_klmt6qd7) ...
Executing with standard PHITS installation
Command: $PHITSPATH/bin/phits.sh 'main.inp'
bash: /root/.bashrc: Permission denied
Sun Aug 23 03:19:55 JST 2026
Program is started                on 2026/08/23 at 03h 19m 55s
Initialization is completed          on 2026/08/23 at 03h 20m 00s
bat[       1] ncas =          10000. on 2026/08/23 at 03h 20m 23s
bat[       2] ncas =          20000. on 2026/08/23 at 03h 20m 53s
bat[       3] ncas =          30000. on 2026/08/23 at 03h 21m 03s
bat[       4] ncas =          40000. on 2026/08/23 at 03h 21m 13s
bat[       5] ncas =          50000. on 2026/08/23 at 03h 21m 23s
bat[       6] ncas =          60000. on 2026/08/23 at 03h 21m 33s
bat[       7] ncas =          70000. on 2026/08/23 at 03h 21m 42s
bat[       8] ncas =          80000. on 2026/08/23 at 03h 21m 52s
bat[       9] ncas =          90000. on 2026/08/23 at 03h 22m 01s
bat[      10] ncas =         100000. on 2026/08/23 at 03h 22m 10s
Program is finished               on 2026/08/23 at 03h 22m 10s
[phits-web] PHITS finished normally in 139 s — 7 output file(s) on the server
[phits-web] downloaded 6 result file(s) into /Users/yuto/KEK_summer/04_PHITS_sim/equiv_concrete_sites/small/d1/01_PF
[phits-web] uploaded 1 auxiliary file(s)
[phits-web] running main.inp on https://phits.kek.jp (session cli_1787422935_ct1mlxez) ...
Initialization is completed          on 2026/08/23 at 03h 22m 22s
bat[       1] ncas =          10000. on 2026/08/23 at 03h 22m 44s
bat[       2] ncas =          20000. on 2026/08/23 at 03h 23m 14s
bat[       3] ncas =          30000. on 2026/08/23 at 03h 23m 25s
bat[       4] ncas =          40000. on 2026/08/23 at 03h 23m 34s
bat[       5] ncas =          50000. on 2026/08/23 at 03h 23m 45s
bat[       6] ncas =          60000. on 2026/08/23 at 03h 23m 55s
bat[       7] ncas =          70000. on 2026/08/23 at 03h 24m 04s
bat[       8] ncas =          80000. on 2026/08/23 at 03h 24m 13s
bat[       9] ncas =          90000. on 2026/08/23 at 03h 24m 22s
bat[      10] ncas =         100000. on 2026/08/23 at 03h 24m 32s
Program is finished               on 2026/08/23 at 03h 24m 32s
[phits-web] PHITS finished normally in 138 s — 7 output file(s) on the server
[phits-web] downloaded 6 result file(s) into /Users/yuto/KEK_summer/04_PHITS_sim/equiv_concrete_sites/small/d1/01_PF
[phits-web] uploaded 1 auxiliary file(s)
[phits-web] running main.inp on https://phits.kek.jp (session cli_1787423076_fss6143s) ...
Initialization is completed          on 2026/08/23 at 03h 24m 44s
