[phits-web] uploaded 1 auxiliary file(s)
[phits-web] running main.inp on https://phits.kek.jp (session cli_1787420797_i4v66yfj) ...
Executing with standard PHITS installation
Command: $PHITSPATH/bin/phits.sh 'main.inp'
bash: /root/.bashrc: Permission denied
Sun Aug 23 02:46:41 JST 2026
Program is started                on 2026/08/23 at 02h 46m 41s
Initialization is completed          on 2026/08/23 at 02h 46m 46s
bat[       1] ncas =          10000. on 2026/08/23 at 02h 47m 08s
bat[       2] ncas =          20000. on 2026/08/23 at 02h 47m 37s
bat[       3] ncas =          30000. on 2026/08/23 at 02h 47m 47s
bat[       4] ncas =          40000. on 2026/08/23 at 02h 47m 57s
bat[       5] ncas =          50000. on 2026/08/23 at 02h 48m 07s
bat[       6] ncas =          60000. on 2026/08/23 at 02h 48m 17s
bat[       7] ncas =          70000. on 2026/08/23 at 02h 48m 26s
bat[       8] ncas =          80000. on 2026/08/23 at 02h 48m 35s
bat[       9] ncas =          90000. on 2026/08/23 at 02h 48m 45s
bat[      10] ncas =         100000. on 2026/08/23 at 02h 48m 54s
Program is finished               on 2026/08/23 at 02h 48m 54s
[phits-web] PHITS finished normally in 137 s — 7 output file(s) on the server
[phits-web] downloaded 6 result file(s) into /Users/yuto/KEK_summer/04_PHITS_sim/equiv_concrete_sites/small/d1/01_PF
