[phits-web] uploaded 1 auxiliary file(s)
[phits-web] running main.inp on https://phits.kek.jp (session cli_1787421969_07n504lg) ...
Executing with standard PHITS installation
Command: $PHITSPATH/bin/phits.sh 'main.inp'
bash: /root/.bashrc: Permission denied
Sun Aug 23 03:06:13 JST 2026
Program is started                on 2026/08/23 at 03h 06m 13s
Initialization is completed          on 2026/08/23 at 03h 06m 18s
bat[       1] ncas =          10000. on 2026/08/23 at 03h 06m 40s
bat[       2] ncas =          20000. on 2026/08/23 at 03h 07m 10s
bat[       3] ncas =          30000. on 2026/08/23 at 03h 07m 20s
bat[       4] ncas =          40000. on 2026/08/23 at 03h 07m 30s
bat[       5] ncas =          50000. on 2026/08/23 at 03h 07m 41s
bat[       6] ncas =          60000. on 2026/08/23 at 03h 07m 51s
bat[       7] ncas =          70000. on 2026/08/23 at 03h 08m 00s
bat[       8] ncas =          80000. on 2026/08/23 at 03h 08m 09s
bat[       9] ncas =          90000. on 2026/08/23 at 03h 08m 18s
bat[      10] ncas =         100000. on 2026/08/23 at 03h 08m 28s
Program is finished               on 2026/08/23 at 03h 08m 28s
[phits-web] PHITS finished normally in 139 s — 7 output file(s) on the server
[phits-web] downloaded 6 result file(s) into /Users/yuto/KEK_summer/04_PHITS_sim/equiv_concrete_sites/small/d1/01_PF
