[phits-web] uploaded 1 auxiliary file(s)
[phits-web] running main.inp on https://phits.kek.jp (session cli_1787421334_yb8fdj5z) ...
Executing with standard PHITS installation
Command: $PHITSPATH/bin/phits.sh 'main.inp'
bash: /root/.bashrc: Permission denied
Sun Aug 23 02:55:39 JST 2026
Program is started                on 2026/08/23 at 02h 55m 39s
Initialization is completed          on 2026/08/23 at 02h 55m 43s
bat[       1] ncas =          10000. on 2026/08/23 at 02h 56m 06s
bat[       2] ncas =          20000. on 2026/08/23 at 02h 56m 36s
bat[       3] ncas =          30000. on 2026/08/23 at 02h 56m 46s
bat[       4] ncas =          40000. on 2026/08/23 at 02h 56m 56s
bat[       5] ncas =          50000. on 2026/08/23 at 02h 57m 06s
bat[       6] ncas =          60000. on 2026/08/23 at 02h 57m 16s
bat[       7] ncas =          70000. on 2026/08/23 at 02h 57m 25s
bat[       8] ncas =          80000. on 2026/08/23 at 02h 57m 34s
bat[       9] ncas =          90000. on 2026/08/23 at 02h 57m 44s
bat[      10] ncas =         100000. on 2026/08/23 at 02h 57m 53s
Program is finished               on 2026/08/23 at 02h 57m 53s
[phits-web] PHITS finished normally in 138 s — 7 output file(s) on the server
[phits-web] downloaded 6 result file(s) into /Users/yuto/KEK_summer/04_PHITS_sim/equiv_concrete_sites/small/d1/01_PF
