=== run 1/5 ===
[phits-web] uploaded 1 auxiliary file(s)
[phits-web] running main.inp on https://phits.kek.jp (session cli_1787426616_9j2vmqty) ...
Executing with standard PHITS installation
Command: $PHITSPATH/bin/phits.sh 'main.inp'
bash: /root/.bashrc: Permission denied
Sun Aug 23 04:23:40 JST 2026
Program is started                on 2026/08/23 at 04h 23m 40s
Initialization is completed          on 2026/08/23 at 04h 23m 45s
bat[       1] ncas =          10000. on 2026/08/23 at 04h 24m 08s
bat[       2] ncas =          20000. on 2026/08/23 at 04h 24m 19s
*** Lost particle ***
batch & history number:                   3                6591
initial & final cells :                  98                  98
location (x,y,z)        : -4.03692005E+02  1.30049586E+02 -3.81499049E+01
direction vector (u,v,w):  6.52768739E-01  1.22503010E-01 -7.47586775E-01
bat[       3] ncas =          30000. on 2026/08/23 at 04h 24m 29s
bat[       4] ncas =          40000. on 2026/08/23 at 04h 24m 39s
bat[       5] ncas =          50000. on 2026/08/23 at 04h 24m 49s
bat[       6] ncas =          60000. on 2026/08/23 at 04h 25m 18s
*** Lost particle ***
batch & history number:                   7                7247
initial & final cells :                  98                  98
location (x,y,z)        : -1.29717628E+02  4.00511094E+02 -9.97500102E+00
direction vector (u,v,w):  7.28672643E-02 -8.74995682E-01  4.78615627E-01
bat[       7] ncas =          70000. on 2026/08/23 at 04h 25m 28s
bat[       8] ncas =          80000. on 2026/08/23 at 04h 25m 37s
bat[       9] ncas =          90000. on 2026/08/23 at 04h 25m 46s
bat[      10] ncas =         100000. on 2026/08/23 at 04h 25m 56s
Program is finished               on 2026/08/23 at 04h 25m 56s
[phits-web] PHITS finished normally in 139 s — 7 output file(s) on the server
[phits-web] downloaded 6 result file(s) into /Users/yuto/KEK_summer/04_PHITS_sim/equiv_concrete_sites/small/d1/01_PF
  n_hist=100000 deposit_sum=9.7369e-05 nz=7
=== run 2/5 ===
[phits-web] uploaded 1 auxiliary file(s)
[phits-web] running main.inp on https://phits.kek.jp (session cli_1787426760_rf7xclgi) ...
Executing with standard PHITS installation
Command: $PHITSPATH/bin/phits.sh 'main.inp'
bash: /root/.bashrc: Permission denied
Sun Aug 23 04:26:03 JST 2026
Program is started                on 2026/08/23 at 04h 26m 03s
Initialization is completed          on 2026/08/23 at 04h 26m 08s
bat[       1] ncas =          10000. on 2026/08/23 at 04h 26m 30s
 warning in jamsfex:srt<emin1+emin2, repeat JAM
bat[       2] ncas =          20000. on 2026/08/23 at 04h 27m 01s
bat[       3] ncas =          30000. on 2026/08/23 at 04h 27m 11s
bat[       4] ncas =          40000. on 2026/08/23 at 04h 27m 22s
bat[       5] ncas =          50000. on 2026/08/23 at 04h 27m 31s
bat[       6] ncas =          60000. on 2026/08/23 at 04h 27m 41s
bat[       7] ncas =          70000. on 2026/08/23 at 04h 27m 50s
*** Lost particle ***
batch & history number:                   8                5712
initial & final cells :                  98                  98
location (x,y,z)        : -6.92999455E+01 -4.01697373E+02 -2.68558829E+01
direction vector (u,v,w):  5.98947004E-01  6.07756513E-01  5.21435046E-01
bat[       8] ncas =          80000. on 2026/08/23 at 04h 28m 00s
bat[       9] ncas =          90000. on 2026/08/23 at 04h 28m 09s
bat[      10] ncas =         100000. on 2026/08/23 at 04h 28m 18s
Program is finished               on 2026/08/23 at 04h 28m 18s
[phits-web] PHITS finished normally in 139 s — 7 output file(s) on the server
[phits-web] downloaded 6 result file(s) into /Users/yuto/KEK_summer/04_PHITS_sim/equiv_concrete_sites/small/d1/01_PF
  n_hist=100000 deposit_sum=7.3026e-05 nz=6
=== run 3/5 ===
[phits-web] uploaded 1 auxiliary file(s)
[phits-web] running main.inp on https://phits.kek.jp (session cli_1787426903_w2cp8i8d) ...
Executing with standard PHITS installation
Command: $PHITSPATH/bin/phits.sh 'main.inp'
bash: /root/.bashrc: Permission denied
Sun Aug 23 04:28:27 JST 2026
Program is started                on 2026/08/23 at 04h 28m 27s
Initialization is completed          on 2026/08/23 at 04h 28m 32s
bat[       1] ncas =          10000. on 2026/08/23 at 04h 29m 15s
bat[       2] ncas =          20000. on 2026/08/23 at 04h 29m 25s
bat[       3] ncas =          30000. on 2026/08/23 at 04h 29m 36s
bat[       4] ncas =          40000. on 2026/08/23 at 04h 29m 46s
bat[       5] ncas =          50000. on 2026/08/23 at 04h 29m 56s
bat[       6] ncas =          60000. on 2026/08/23 at 04h 30m 05s
bat[       7] ncas =          70000. on 2026/08/23 at 04h 30m 14s
bat[       8] ncas =          80000. on 2026/08/23 at 04h 30m 23s
bat[       9] ncas =          90000. on 2026/08/23 at 04h 30m 33s
bat[      10] ncas =         100000. on 2026/08/23 at 04h 30m 42s
Program is finished               on 2026/08/23 at 04h 30m 42s
[phits-web] PHITS finished normally in 138 s — 7 output file(s) on the server
[phits-web] downloaded 6 result file(s) into /Users/yuto/KEK_summer/04_PHITS_sim/equiv_concrete_sites/small/d1/01_PF
  n_hist=100000 deposit_sum=8.5197e-05 nz=7
=== run 4/5 ===
[phits-web] uploaded 1 auxiliary file(s)
[phits-web] running main.inp on https://phits.kek.jp (session cli_1787427046_zg3dxp76) ...
Executing with standard PHITS installation
Command: $PHITSPATH/bin/phits.sh 'main.inp'
bash: /root/.bashrc: Permission denied
Sun Aug 23 04:30:50 JST 2026
Program is started                on 2026/08/23 at 04h 30m 50s
Initialization is completed          on 2026/08/23 at 04h 30m 55s
*** Lost particle ***
batch & history number:                   1                9020
initial & final cells :                  98                  98
location (x,y,z)        :  4.00422632E+02  1.30732754E+02 -3.42125532E+01
direction vector (u,v,w): -4.48942319E-01 -8.91603845E-01 -5.91048039E-02
bat[       1] ncas =          10000. on 2026/08/23 at 04h 31m 38s
bat[       2] ncas =          20000. on 2026/08/23 at 04h 31m 49s
bat[       3] ncas =          30000. on 2026/08/23 at 04h 32m 00s
bat[       4] ncas =          40000. on 2026/08/23 at 04h 32m 10s
bat[       5] ncas =          50000. on 2026/08/23 at 04h 32m 19s
bat[       6] ncas =          60000. on 2026/08/23 at 04h 32m 29s
bat[       7] ncas =          70000. on 2026/08/23 at 04h 32m 38s
bat[       8] ncas =          80000. on 2026/08/23 at 04h 32m 47s
bat[       9] ncas =          90000. on 2026/08/23 at 04h 32m 57s
bat[      10] ncas =         100000. on 2026/08/23 at 04h 33m 06s
Program is finished               on 2026/08/23 at 04h 33m 06s
[phits-web] PHITS finished normally in 139 s — 7 output file(s) on the server
[phits-web] downloaded 6 result file(s) into /Users/yuto/KEK_summer/04_PHITS_sim/equiv_concrete_sites/small/d1/01_PF
  n_hist=100000 deposit_sum=9.7369e-05 nz=6
=== run 5/5 ===
[phits-web] uploaded 1 auxiliary file(s)
[phits-web] running main.inp on https://phits.kek.jp (session cli_1787427189_787h5jrs) ...
Executing with standard PHITS installation
Command: $PHITSPATH/bin/phits.sh 'main.inp'
bash: /root/.bashrc: Permission denied
Sun Aug 23 04:33:13 JST 2026
Program is started                on 2026/08/23 at 04h 33m 13s
Initialization is completed          on 2026/08/23 at 04h 33m 18s
bat[       1] ncas =          10000. on 2026/08/23 at 04h 34m 01s
bat[       2] ncas =          20000. on 2026/08/23 at 04h 34m 13s
bat[       3] ncas =          30000. on 2026/08/23 at 04h 34m 22s
bat[       4] ncas =          40000. on 2026/08/23 at 04h 34m 32s
bat[       5] ncas =          50000. on 2026/08/23 at 04h 34m 41s
bat[       6] ncas =          60000. on 2026/08/23 at 04h 34m 51s
*** Lost particle ***
batch & history number:                   7                6257
initial & final cells :                  98                  98
location (x,y,z)        :  4.01773241E+02 -2.67112420E+02 -2.59132461E+01
direction vector (u,v,w): -9.31862305E-01  3.53921614E-01 -7.98256606E-02
bat[       7] ncas =          70000. on 2026/08/23 at 04h 35m 00s
bat[       8] ncas =          80000. on 2026/08/23 at 04h 35m 09s
bat[       9] ncas =          90000. on 2026/08/23 at 04h 35m 19s
bat[      10] ncas =         100000. on 2026/08/23 at 04h 35m 28s
Program is finished               on 2026/08/23 at 04h 35m 28s
[phits-web] PHITS finished normally in 139 s — 7 output file(s) on the server
[phits-web] downloaded 6 result file(s) into /Users/yuto/KEK_summer/04_PHITS_sim/equiv_concrete_sites/small/d1/01_PF
  n_hist=100000 deposit_sum=3.6513e-05 nz=3
merged deposit_sum=2.2151e-04 nz=16 -> /Users/yuto/KEK_summer/04_PHITS_sim/equiv_concrete_sites/small/d1/01_PF/de.out
