[phits-web] uploaded 1 auxiliary file(s)
[phits-web] running main.inp on https://phits.kek.jp (session cli_1787421592_bc6e81ko) ...
Executing with standard PHITS installation
Command: $PHITSPATH/bin/phits.sh 'main.inp'
bash: /root/.bashrc: Permission denied
Sun Aug 23 02:59:56 JST 2026
Program is started                on 2026/08/23 at 02h 59m 56s
Initialization is completed          on 2026/08/23 at 03h 00m 01s
bat[       1] ncas =          10000. on 2026/08/23 at 03h 00m 24s
bat[       2] ncas =          20000. on 2026/08/23 at 03h 00m 35s
bat[       3] ncas =          30000. on 2026/08/23 at 03h 00m 48s
bat[       4] ncas =          40000. on 2026/08/23 at 03h 00m 58s
bat[       5] ncas =          50000. on 2026/08/23 at 03h 01m 08s
bat[       6] ncas =          60000. on 2026/08/23 at 03h 01m 18s
bat[       7] ncas =          70000. on 2026/08/23 at 03h 01m 28s
bat[       8] ncas =          80000. on 2026/08/23 at 03h 01m 37s
bat[       9] ncas =          90000. on 2026/08/23 at 03h 02m 03s
bat[      10] ncas =         100000. on 2026/08/23 at 03h 02m 13s
Program is finished               on 2026/08/23 at 03h 02m 13s
[phits-web] PHITS finished normally in 140 s — 7 output file(s) on the server
[phits-web] downloaded 6 result file(s) into /Users/yuto/KEK_summer/04_PHITS_sim/equiv_concrete_sites/small/d1/01_PF
