[phits-web] uploaded 1 auxiliary file(s)
[phits-web] running main.inp on https://phits.kek.jp (session cli_1787422476_b9q660fk) ...
Executing with standard PHITS installation
Command: $PHITSPATH/bin/phits.sh 'main.inp'
bash: /root/.bashrc: Permission denied
Sun Aug 23 03:14:40 JST 2026
Program is started                on 2026/08/23 at 03h 14m 40s
Initialization is completed          on 2026/08/23 at 03h 14m 45s
bat[       1] ncas =          10000. on 2026/08/23 at 03h 15m 08s
bat[       2] ncas =          20000. on 2026/08/23 at 03h 15m 38s
bat[       3] ncas =          30000. on 2026/08/23 at 03h 15m 48s
bat[       4] ncas =          40000. on 2026/08/23 at 03h 15m 58s
bat[       5] ncas =          50000. on 2026/08/23 at 03h 16m 08s
bat[       6] ncas =          60000. on 2026/08/23 at 03h 16m 18s
bat[       7] ncas =          70000. on 2026/08/23 at 03h 16m 28s
bat[       8] ncas =          80000. on 2026/08/23 at 03h 16m 37s
bat[       9] ncas =          90000. on 2026/08/23 at 03h 16m 46s
bat[      10] ncas =         100000. on 2026/08/23 at 03h 16m 56s
Program is finished               on 2026/08/23 at 03h 16m 56s
[phits-web] PHITS finished normally in 139 s — 7 output file(s) on the server
[phits-web] downloaded 6 result file(s) into /Users/yuto/KEK_summer/04_PHITS_sim/equiv_concrete_sites/small/d1/01_PF
