[ T-Track ]
    title = Neutron track length in active He-3 gas
     mesh =  reg            # mesh type is region-wise
      reg = 101 201 301 401
   e-type =    3            # e-mesh is log given by emin, emax and ne
     emin =  1.0000000E-10  # minimum value of e-mesh points
     emax =   1000.000      # maximum value of e-mesh points
#    edel =  0.2302585      # mesh width of e-mesh points
       ne =    130          # number of e-mesh points
#    data = ( e(i), i = 1, ne + 1 )
#           1.00000E-10  1.25893E-10  1.58489E-10  1.99526E-10  2.51189E-10
#           3.16228E-10  3.98107E-10  5.01187E-10  6.30957E-10  7.94328E-10
#           1.00000E-09  1.25893E-09  1.58489E-09  1.99526E-09  2.51189E-09
#           3.16228E-09  3.98107E-09  5.01187E-09  6.30957E-09  7.94328E-09
#           1.00000E-08  1.25893E-08  1.58489E-08  1.99526E-08  2.51189E-08
#           3.16228E-08  3.98107E-08  5.01187E-08  6.30957E-08  7.94328E-08
#           1.00000E-07  1.25893E-07  1.58489E-07  1.99526E-07  2.51189E-07
#           3.16228E-07  3.98107E-07  5.01187E-07  6.30957E-07  7.94328E-07
#           1.00000E-06  1.25893E-06  1.58489E-06  1.99526E-06  2.51189E-06
#           3.16228E-06  3.98107E-06  5.01187E-06  6.30957E-06  7.94328E-06
#           1.00000E-05  1.25893E-05  1.58489E-05  1.99526E-05  2.51189E-05
#           3.16228E-05  3.98107E-05  5.01187E-05  6.30957E-05  7.94328E-05
#           1.00000E-04  1.25893E-04  1.58489E-04  1.99526E-04  2.51189E-04
#           3.16228E-04  3.98107E-04  5.01187E-04  6.30957E-04  7.94328E-04
#           1.00000E-03  1.25893E-03  1.58489E-03  1.99526E-03  2.51189E-03
#           3.16228E-03  3.98107E-03  5.01187E-03  6.30957E-03  7.94328E-03
#           1.00000E-02  1.25893E-02  1.58489E-02  1.99526E-02  2.51189E-02
#           3.16228E-02  3.98107E-02  5.01187E-02  6.30957E-02  7.94328E-02
#           1.00000E-01  1.25893E-01  1.58489E-01  1.99526E-01  2.51189E-01
#           3.16228E-01  3.98107E-01  5.01187E-01  6.30957E-01  7.94328E-01
#           1.00000E+00  1.25893E+00  1.58489E+00  1.99526E+00  2.51189E+00
#           3.16228E+00  3.98107E+00  5.01187E+00  6.30957E+00  7.94328E+00
#           1.00000E+01  1.25893E+01  1.58489E+01  1.99526E+01  2.51189E+01
#           3.16228E+01  3.98107E+01  5.01187E+01  6.30957E+01  7.94328E+01
#           1.00000E+02  1.25893E+02  1.58489E+02  1.99526E+02  2.51189E+02
#           3.16228E+02  3.98107E+02  5.01187E+02  6.30957E+02  7.94328E+02
#           1.00000E+03
     unit =    1            # unit is [1/cm^2/source]
 material =  all            # (D=all) number of specific material
     axis =     eng            # axis of output
     file = gas_track.out   # file name of output for the above axis
     part =  neutron  
# kf/name :  2112     
#    used :        main (  %)        temp (  %)       total (  %)
#  memory :         139 (  0)           0 (  0)         139 (  0)

#------------------------------------------------------------------------------
#newpage:
#   no. =  1   reg =    101

x: Energy [MeV]
y: Flux [1/cm^2/source]              
p: xlog ylog afac(0.8) form(0.9)
h: n            x            y(neutron ),hh0l n  
#  e-lower      e-upper        neutron   r.err 
   1.0000E-10   1.2589E-10   0.0000E+00  0.0000
   1.2589E-10   1.5849E-10   0.0000E+00  0.0000
   1.5849E-10   1.9953E-10   0.0000E+00  0.0000
   1.9953E-10   2.5119E-10   0.0000E+00  0.0000
   2.5119E-10   3.1623E-10   0.0000E+00  0.0000
   3.1623E-10   3.9811E-10   0.0000E+00  0.0000
   3.9811E-10   5.0119E-10   0.0000E+00  0.0000
   5.0119E-10   6.3096E-10   0.0000E+00  0.0000
   6.3096E-10   7.9433E-10   0.0000E+00  0.0000
   7.9433E-10   1.0000E-09   0.0000E+00  0.0000
   1.0000E-09   1.2589E-09   0.0000E+00  0.0000
   1.2589E-09   1.5849E-09   0.0000E+00  0.0000
   1.5849E-09   1.9953E-09   0.0000E+00  0.0000
   1.9953E-09   2.5119E-09   0.0000E+00  0.0000
   2.5119E-09   3.1623E-09   0.0000E+00  0.0000
   3.1623E-09   3.9811E-09   0.0000E+00  0.0000
   3.9811E-09   5.0119E-09   0.0000E+00  0.0000
   5.0119E-09   6.3096E-09   0.0000E+00  0.0000
   6.3096E-09   7.9433E-09   0.0000E+00  0.0000
   7.9433E-09   1.0000E-08   0.0000E+00  0.0000
   1.0000E-08   1.2589E-08   0.0000E+00  0.0000
   1.2589E-08   1.5849E-08   0.0000E+00  0.0000
   1.5849E-08   1.9953E-08   0.0000E+00  0.0000
   1.9953E-08   2.5119E-08   0.0000E+00  0.0000
   2.5119E-08   3.1623E-08   0.0000E+00  0.0000
   3.1623E-08   3.9811E-08   0.0000E+00  0.0000
   3.9811E-08   5.0119E-08   0.0000E+00  0.0000
   5.0119E-08   6.3096E-08   0.0000E+00  0.0000
   6.3096E-08   7.9433E-08   0.0000E+00  0.0000
   7.9433E-08   1.0000E-07   0.0000E+00  0.0000
   1.0000E-07   1.2589E-07   0.0000E+00  0.0000
   1.2589E-07   1.5849E-07   0.0000E+00  0.0000
   1.5849E-07   1.9953E-07   0.0000E+00  0.0000
   1.9953E-07   2.5119E-07   0.0000E+00  0.0000
   2.5119E-07   3.1623E-07   0.0000E+00  0.0000
   3.1623E-07   3.9811E-07   0.0000E+00  0.0000
   3.9811E-07   5.0119E-07   0.0000E+00  0.0000
   5.0119E-07   6.3096E-07   0.0000E+00  0.0000
   6.3096E-07   7.9433E-07   0.0000E+00  0.0000
   7.9433E-07   1.0000E-06   0.0000E+00  0.0000
   1.0000E-06   1.2589E-06   0.0000E+00  0.0000
   1.2589E-06   1.5849E-06   0.0000E+00  0.0000
   1.5849E-06   1.9953E-06   0.0000E+00  0.0000
   1.9953E-06   2.5119E-06   0.0000E+00  0.0000
   2.5119E-06   3.1623E-06   0.0000E+00  0.0000
   3.1623E-06   3.9811E-06   0.0000E+00  0.0000
   3.9811E-06   5.0119E-06   0.0000E+00  0.0000
   5.0119E-06   6.3096E-06   0.0000E+00  0.0000
   6.3096E-06   7.9433E-06   0.0000E+00  0.0000
   7.9433E-06   1.0000E-05   0.0000E+00  0.0000
   1.0000E-05   1.2589E-05   0.0000E+00  0.0000
   1.2589E-05   1.5849E-05   0.0000E+00  0.0000
   1.5849E-05   1.9953E-05   0.0000E+00  0.0000
   1.9953E-05   2.5119E-05   0.0000E+00  0.0000
   2.5119E-05   3.1623E-05   0.0000E+00  0.0000
   3.1623E-05   3.9811E-05   0.0000E+00  0.0000
   3.9811E-05   5.0119E-05   0.0000E+00  0.0000
   5.0119E-05   6.3096E-05   0.0000E+00  0.0000
   6.3096E-05   7.9433E-05   0.0000E+00  0.0000
   7.9433E-05   1.0000E-04   0.0000E+00  0.0000
   1.0000E-04   1.2589E-04   0.0000E+00  0.0000
   1.2589E-04   1.5849E-04   0.0000E+00  0.0000
   1.5849E-04   1.9953E-04   0.0000E+00  0.0000
   1.9953E-04   2.5119E-04   0.0000E+00  0.0000
   2.5119E-04   3.1623E-04   0.0000E+00  0.0000
   3.1623E-04   3.9811E-04   0.0000E+00  0.0000
   3.9811E-04   5.0119E-04   0.0000E+00  0.0000
   5.0119E-04   6.3096E-04   0.0000E+00  0.0000
   6.3096E-04   7.9433E-04   0.0000E+00  0.0000
   7.9433E-04   1.0000E-03   0.0000E+00  0.0000
   1.0000E-03   1.2589E-03   0.0000E+00  0.0000
   1.2589E-03   1.5849E-03   0.0000E+00  0.0000
   1.5849E-03   1.9953E-03   0.0000E+00  0.0000
   1.9953E-03   2.5119E-03   0.0000E+00  0.0000
   2.5119E-03   3.1623E-03   0.0000E+00  0.0000
   3.1623E-03   3.9811E-03   0.0000E+00  0.0000
   3.9811E-03   5.0119E-03   0.0000E+00  0.0000
   5.0119E-03   6.3096E-03   0.0000E+00  0.0000
   6.3096E-03   7.9433E-03   0.0000E+00  0.0000
   7.9433E-03   1.0000E-02   0.0000E+00  0.0000
   1.0000E-02   1.2589E-02   3.2653E-06  1.0000
   1.2589E-02   1.5849E-02   0.0000E+00  0.0000
   1.5849E-02   1.9953E-02   0.0000E+00  0.0000
   1.9953E-02   2.5119E-02   0.0000E+00  0.0000
   2.5119E-02   3.1623E-02   0.0000E+00  0.0000
   3.1623E-02   3.9811E-02   8.3587E-06  1.0000
   3.9811E-02   5.0119E-02   1.3037E-05  0.6002
   5.0119E-02   6.3096E-02   1.2868E-05  0.7575
   6.3096E-02   7.9433E-02   1.2107E-04  0.9197
   7.9433E-02   1.0000E-01   4.1492E-05  0.5660
   1.0000E-01   1.2589E-01   1.2545E-03  0.0898
   1.2589E-01   1.5849E-01   4.7316E-03  0.0482
   1.5849E-01   1.9953E-01   2.6628E-05  0.5145
   1.9953E-01   2.5119E-01   3.3349E-05  0.4784
   2.5119E-01   3.1623E-01   1.5132E-04  0.2549
   3.1623E-01   3.9811E-01   1.4104E-04  0.2217
   3.9811E-01   5.0119E-01   1.6969E-04  0.1654
   5.0119E-01   6.3096E-01   1.1347E-04  0.1801
   6.3096E-01   7.9433E-01   1.1718E-04  0.1819
   7.9433E-01   1.0000E+00   2.5752E-01  0.0056
   1.0000E+00   1.2589E+00   0.0000E+00  0.0000
   1.2589E+00   1.5849E+00   0.0000E+00  0.0000
   1.5849E+00   1.9953E+00   0.0000E+00  0.0000
   1.9953E+00   2.5119E+00   0.0000E+00  0.0000
   2.5119E+00   3.1623E+00   0.0000E+00  0.0000
   3.1623E+00   3.9811E+00   0.0000E+00  0.0000
   3.9811E+00   5.0119E+00   0.0000E+00  0.0000
   5.0119E+00   6.3096E+00   0.0000E+00  0.0000
   6.3096E+00   7.9433E+00   0.0000E+00  0.0000
   7.9433E+00   1.0000E+01   0.0000E+00  0.0000
   1.0000E+01   1.2589E+01   0.0000E+00  0.0000
   1.2589E+01   1.5849E+01   0.0000E+00  0.0000
   1.5849E+01   1.9953E+01   0.0000E+00  0.0000
   1.9953E+01   2.5119E+01   0.0000E+00  0.0000
   2.5119E+01   3.1623E+01   0.0000E+00  0.0000
   3.1623E+01   3.9811E+01   0.0000E+00  0.0000
   3.9811E+01   5.0119E+01   0.0000E+00  0.0000
   5.0119E+01   6.3096E+01   0.0000E+00  0.0000
   6.3096E+01   7.9433E+01   0.0000E+00  0.0000
   7.9433E+01   1.0000E+02   0.0000E+00  0.0000
   1.0000E+02   1.2589E+02   0.0000E+00  0.0000
   1.2589E+02   1.5849E+02   0.0000E+00  0.0000
   1.5849E+02   1.9953E+02   0.0000E+00  0.0000
   1.9953E+02   2.5119E+02   0.0000E+00  0.0000
   2.5119E+02   3.1623E+02   0.0000E+00  0.0000
   3.1623E+02   3.9811E+02   0.0000E+00  0.0000
   3.9811E+02   5.0119E+02   0.0000E+00  0.0000
   5.0119E+02   6.3096E+02   0.0000E+00  0.0000
   6.3096E+02   7.9433E+02   0.0000E+00  0.0000
   7.9433E+02   1.0000E+03   0.0000E+00  0.0000

#   sum over                 2.6446E-01  0.0056

'no. =  1,  reg  =    101'
msuc: {\huge Neutron track length in active He-3 gas}
msdr: {\it plotted by \ANGEL \version}
msdl: {\it calculated by \PHITS  3.35}
wt: s(0.7)
\vspace{-3}
   vol  &=&   1.0000E+00 [cm^3]
e:

#------------------------------------------------------------------------------
 newpage:
#   no. =  2   reg =    201

x: Energy [MeV]
y: Flux [1/cm^2/source]              
p: xlog ylog afac(0.8) form(0.9)
h: n            x            y(neutron ),hh0l n  
#  e-lower      e-upper        neutron   r.err 
   1.0000E-10   1.2589E-10   0.0000E+00  0.0000
   1.2589E-10   1.5849E-10   0.0000E+00  0.0000
   1.5849E-10   1.9953E-10   0.0000E+00  0.0000
   1.9953E-10   2.5119E-10   0.0000E+00  0.0000
   2.5119E-10   3.1623E-10   0.0000E+00  0.0000
   3.1623E-10   3.9811E-10   2.1033E-08  1.0000
   3.9811E-10   5.0119E-10   5.5360E-08  1.0000
   5.0119E-10   6.3096E-10   0.0000E+00  0.0000
   6.3096E-10   7.9433E-10   0.0000E+00  0.0000
   7.9433E-10   1.0000E-09   8.8270E-08  0.6960
   1.0000E-09   1.2589E-09   1.8849E-07  0.7041
   1.2589E-09   1.5849E-09   1.9920E-07  0.4948
   1.5849E-09   1.9953E-09   4.6862E-07  0.6805
   1.9953E-09   2.5119E-09   1.6700E-06  0.2836
   2.5119E-09   3.1623E-09   2.1473E-06  0.4199
   3.1623E-09   3.9811E-09   3.1933E-06  0.3307
   3.9811E-09   5.0119E-09   5.5390E-06  0.2122
   5.0119E-09   6.3096E-09   1.0109E-05  0.1694
   6.3096E-09   7.9433E-09   1.9028E-05  0.1235
   7.9433E-09   1.0000E-08   2.9917E-05  0.1291
   1.0000E-08   1.2589E-08   4.8928E-05  0.0876
   1.2589E-08   1.5849E-08   8.3760E-05  0.0750
   1.5849E-08   1.9953E-08   1.3329E-04  0.0710
   1.9953E-08   2.5119E-08   2.0186E-04  0.0591
   2.5119E-08   3.1623E-08   3.1579E-04  0.0484
   3.1623E-08   3.9811E-08   4.3755E-04  0.0406
   3.9811E-08   5.0119E-08   5.8311E-04  0.0417
   5.0119E-08   6.3096E-08   7.0979E-04  0.0391
   6.3096E-08   7.9433E-08   7.7194E-04  0.0403
   7.9433E-08   1.0000E-07   7.4787E-04  0.0434
   1.0000E-07   1.2589E-07   6.5224E-04  0.0488
   1.2589E-07   1.5849E-07   4.6090E-04  0.0649
   1.5849E-07   1.9953E-07   3.3936E-04  0.0902
   1.9953E-07   2.5119E-07   2.0509E-04  0.1085
   2.5119E-07   3.1623E-07   1.6256E-04  0.1239
   3.1623E-07   3.9811E-07   2.2823E-04  0.1322
   3.9811E-07   5.0119E-07   2.5013E-04  0.1282
   5.0119E-07   6.3096E-07   2.1235E-04  0.1399
   6.3096E-07   7.9433E-07   2.4729E-04  0.1336
   7.9433E-07   1.0000E-06   2.6130E-04  0.1300
   1.0000E-06   1.2589E-06   2.6008E-04  0.1459
   1.2589E-06   1.5849E-06   3.2213E-04  0.1351
   1.5849E-06   1.9953E-06   3.2953E-04  0.1391
   1.9953E-06   2.5119E-06   3.8561E-04  0.1183
   2.5119E-06   3.1623E-06   3.1987E-04  0.1269
   3.1623E-06   3.9811E-06   3.1321E-04  0.1407
   3.9811E-06   5.0119E-06   3.8468E-04  0.1416
   5.0119E-06   6.3096E-06   4.5371E-04  0.1375
   6.3096E-06   7.9433E-06   5.0317E-04  0.1140
   7.9433E-06   1.0000E-05   3.3644E-04  0.1466
   1.0000E-05   1.2589E-05   4.6541E-04  0.1215
   1.2589E-05   1.5849E-05   3.9962E-04  0.1617
   1.5849E-05   1.9953E-05   5.2860E-04  0.1233
   1.9953E-05   2.5119E-05   5.1402E-04  0.1224
   2.5119E-05   3.1623E-05   5.7811E-04  0.1197
   3.1623E-05   3.9811E-05   3.7568E-04  0.1469
   3.9811E-05   5.0119E-05   5.6334E-04  0.1240
   5.0119E-05   6.3096E-05   4.8457E-04  0.1263
   6.3096E-05   7.9433E-05   4.9169E-04  0.1303
   7.9433E-05   1.0000E-04   5.6324E-04  0.1217
   1.0000E-04   1.2589E-04   5.8606E-04  0.1337
   1.2589E-04   1.5849E-04   7.1807E-04  0.1172
   1.5849E-04   1.9953E-04   6.2542E-04  0.1181
   1.9953E-04   2.5119E-04   6.1372E-04  0.1243
   2.5119E-04   3.1623E-04   8.4625E-04  0.1118
   3.1623E-04   3.9811E-04   3.9831E-04  0.1545
   3.9811E-04   5.0119E-04   5.7955E-04  0.1177
   5.0119E-04   6.3096E-04   7.0657E-04  0.1135
   6.3096E-04   7.9433E-04   6.5234E-04  0.1297
   7.9433E-04   1.0000E-03   5.6947E-04  0.1235
   1.0000E-03   1.2589E-03   5.8264E-04  0.1216
   1.2589E-03   1.5849E-03   6.4671E-04  0.1213
   1.5849E-03   1.9953E-03   5.1503E-04  0.1283
   1.9953E-03   2.5119E-03   7.2873E-04  0.1223
   2.5119E-03   3.1623E-03   6.7318E-04  0.1221
   3.1623E-03   3.9811E-03   6.8383E-04  0.1253
   3.9811E-03   5.0119E-03   7.0927E-04  0.1188
   5.0119E-03   6.3096E-03   6.8294E-04  0.1141
   6.3096E-03   7.9433E-03   6.6478E-04  0.1228
   7.9433E-03   1.0000E-02   6.1984E-04  0.1302
   1.0000E-02   1.2589E-02   6.7257E-04  0.1221
   1.2589E-02   1.5849E-02   6.4139E-04  0.1341
   1.5849E-02   1.9953E-02   6.9629E-04  0.1289
   1.9953E-02   2.5119E-02   4.8108E-04  0.1169
   2.5119E-02   3.1623E-02   5.2087E-04  0.1334
   3.1623E-02   3.9811E-02   5.5338E-04  0.1222
   3.9811E-02   5.0119E-02   6.8698E-04  0.1144
   5.0119E-02   6.3096E-02   8.0732E-04  0.1137
   6.3096E-02   7.9433E-02   8.4069E-04  0.1079
   7.9433E-02   1.0000E-01   1.0167E-03  0.1066
   1.0000E-01   1.2589E-01   9.0308E-04  0.0931
   1.2589E-01   1.5849E-01   1.1555E-03  0.0942
   1.5849E-01   1.9953E-01   1.0792E-03  0.0881
   1.9953E-01   2.5119E-01   1.4780E-03  0.0781
   2.5119E-01   3.1623E-01   1.5448E-03  0.0788
   3.1623E-01   3.9811E-01   1.5910E-03  0.0739
   3.9811E-01   5.0119E-01   2.2117E-03  0.0660
   5.0119E-01   6.3096E-01   2.6005E-03  0.0608
   6.3096E-01   7.9433E-01   3.0747E-03  0.0530
   7.9433E-01   1.0000E+00   8.1257E-03  0.0317
   1.0000E+00   1.2589E+00   0.0000E+00  0.0000
   1.2589E+00   1.5849E+00   0.0000E+00  0.0000
   1.5849E+00   1.9953E+00   0.0000E+00  0.0000
   1.9953E+00   2.5119E+00   0.0000E+00  0.0000
   2.5119E+00   3.1623E+00   0.0000E+00  0.0000
   3.1623E+00   3.9811E+00   0.0000E+00  0.0000
   3.9811E+00   5.0119E+00   0.0000E+00  0.0000
   5.0119E+00   6.3096E+00   0.0000E+00  0.0000
   6.3096E+00   7.9433E+00   0.0000E+00  0.0000
   7.9433E+00   1.0000E+01   0.0000E+00  0.0000
   1.0000E+01   1.2589E+01   0.0000E+00  0.0000
   1.2589E+01   1.5849E+01   0.0000E+00  0.0000
   1.5849E+01   1.9953E+01   0.0000E+00  0.0000
   1.9953E+01   2.5119E+01   0.0000E+00  0.0000
   2.5119E+01   3.1623E+01   0.0000E+00  0.0000
   3.1623E+01   3.9811E+01   0.0000E+00  0.0000
   3.9811E+01   5.0119E+01   0.0000E+00  0.0000
   5.0119E+01   6.3096E+01   0.0000E+00  0.0000
   6.3096E+01   7.9433E+01   0.0000E+00  0.0000
   7.9433E+01   1.0000E+02   0.0000E+00  0.0000
   1.0000E+02   1.2589E+02   0.0000E+00  0.0000
   1.2589E+02   1.5849E+02   0.0000E+00  0.0000
   1.5849E+02   1.9953E+02   0.0000E+00  0.0000
   1.9953E+02   2.5119E+02   0.0000E+00  0.0000
   2.5119E+02   3.1623E+02   0.0000E+00  0.0000
   3.1623E+02   3.9811E+02   0.0000E+00  0.0000
   3.9811E+02   5.0119E+02   0.0000E+00  0.0000
   5.0119E+02   6.3096E+02   0.0000E+00  0.0000
   6.3096E+02   7.9433E+02   0.0000E+00  0.0000
   7.9433E+02   1.0000E+03   0.0000E+00  0.0000

#   sum over                 5.9183E-02  0.0132

'no. =  2,  reg  =    201'
msuc: {\huge Neutron track length in active He-3 gas}
msdr: {\it plotted by \ANGEL \version}
msdl: {\it calculated by \PHITS  3.35}
wt: s(0.7)
\vspace{-3}
   vol  &=&   1.0000E+00 [cm^3]
e:

#------------------------------------------------------------------------------
 newpage:
#   no. =  3   reg =    301

x: Energy [MeV]
y: Flux [1/cm^2/source]              
p: xlog ylog afac(0.8) form(0.9)
h: n            x            y(neutron ),hh0l n  
#  e-lower      e-upper        neutron   r.err 
   1.0000E-10   1.2589E-10   0.0000E+00  0.0000
   1.2589E-10   1.5849E-10   0.0000E+00  0.0000
   1.5849E-10   1.9953E-10   0.0000E+00  0.0000
   1.9953E-10   2.5119E-10   0.0000E+00  0.0000
   2.5119E-10   3.1623E-10   0.0000E+00  0.0000
   3.1623E-10   3.9811E-10   0.0000E+00  0.0000
   3.9811E-10   5.0119E-10   0.0000E+00  0.0000
   5.0119E-10   6.3096E-10   0.0000E+00  0.0000
   6.3096E-10   7.9433E-10   0.0000E+00  0.0000
   7.9433E-10   1.0000E-09   0.0000E+00  0.0000
   1.0000E-09   1.2589E-09   0.0000E+00  0.0000
   1.2589E-09   1.5849E-09   0.0000E+00  0.0000
   1.5849E-09   1.9953E-09   0.0000E+00  0.0000
   1.9953E-09   2.5119E-09   0.0000E+00  0.0000
   2.5119E-09   3.1623E-09   0.0000E+00  0.0000
   3.1623E-09   3.9811E-09   0.0000E+00  0.0000
   3.9811E-09   5.0119E-09   0.0000E+00  0.0000
   5.0119E-09   6.3096E-09   0.0000E+00  0.0000
   6.3096E-09   7.9433E-09   0.0000E+00  0.0000
   7.9433E-09   1.0000E-08   0.0000E+00  0.0000
   1.0000E-08   1.2589E-08   0.0000E+00  0.0000
   1.2589E-08   1.5849E-08   0.0000E+00  0.0000
   1.5849E-08   1.9953E-08   0.0000E+00  0.0000
   1.9953E-08   2.5119E-08   0.0000E+00  0.0000
   2.5119E-08   3.1623E-08   0.0000E+00  0.0000
   3.1623E-08   3.9811E-08   0.0000E+00  0.0000
   3.9811E-08   5.0119E-08   0.0000E+00  0.0000
   5.0119E-08   6.3096E-08   0.0000E+00  0.0000
   6.3096E-08   7.9433E-08   0.0000E+00  0.0000
   7.9433E-08   1.0000E-07   0.0000E+00  0.0000
   1.0000E-07   1.2589E-07   0.0000E+00  0.0000
   1.2589E-07   1.5849E-07   0.0000E+00  0.0000
   1.5849E-07   1.9953E-07   0.0000E+00  0.0000
   1.9953E-07   2.5119E-07   0.0000E+00  0.0000
   2.5119E-07   3.1623E-07   0.0000E+00  0.0000
   3.1623E-07   3.9811E-07   0.0000E+00  0.0000
   3.9811E-07   5.0119E-07   0.0000E+00  0.0000
   5.0119E-07   6.3096E-07   0.0000E+00  0.0000
   6.3096E-07   7.9433E-07   0.0000E+00  0.0000
   7.9433E-07   1.0000E-06   0.0000E+00  0.0000
   1.0000E-06   1.2589E-06   0.0000E+00  0.0000
   1.2589E-06   1.5849E-06   0.0000E+00  0.0000
   1.5849E-06   1.9953E-06   0.0000E+00  0.0000
   1.9953E-06   2.5119E-06   0.0000E+00  0.0000
   2.5119E-06   3.1623E-06   0.0000E+00  0.0000
   3.1623E-06   3.9811E-06   0.0000E+00  0.0000
   3.9811E-06   5.0119E-06   0.0000E+00  0.0000
   5.0119E-06   6.3096E-06   0.0000E+00  0.0000
   6.3096E-06   7.9433E-06   0.0000E+00  0.0000
   7.9433E-06   1.0000E-05   0.0000E+00  0.0000
   1.0000E-05   1.2589E-05   0.0000E+00  0.0000
   1.2589E-05   1.5849E-05   0.0000E+00  0.0000
   1.5849E-05   1.9953E-05   0.0000E+00  0.0000
   1.9953E-05   2.5119E-05   0.0000E+00  0.0000
   2.5119E-05   3.1623E-05   0.0000E+00  0.0000
   3.1623E-05   3.9811E-05   0.0000E+00  0.0000
   3.9811E-05   5.0119E-05   0.0000E+00  0.0000
   5.0119E-05   6.3096E-05   0.0000E+00  0.0000
   6.3096E-05   7.9433E-05   0.0000E+00  0.0000
   7.9433E-05   1.0000E-04   0.0000E+00  0.0000
   1.0000E-04   1.2589E-04   0.0000E+00  0.0000
   1.2589E-04   1.5849E-04   0.0000E+00  0.0000
   1.5849E-04   1.9953E-04   0.0000E+00  0.0000
   1.9953E-04   2.5119E-04   0.0000E+00  0.0000
   2.5119E-04   3.1623E-04   0.0000E+00  0.0000
   3.1623E-04   3.9811E-04   0.0000E+00  0.0000
   3.9811E-04   5.0119E-04   0.0000E+00  0.0000
   5.0119E-04   6.3096E-04   0.0000E+00  0.0000
   6.3096E-04   7.9433E-04   0.0000E+00  0.0000
   7.9433E-04   1.0000E-03   0.0000E+00  0.0000
   1.0000E-03   1.2589E-03   0.0000E+00  0.0000
   1.2589E-03   1.5849E-03   0.0000E+00  0.0000
   1.5849E-03   1.9953E-03   0.0000E+00  0.0000
   1.9953E-03   2.5119E-03   0.0000E+00  0.0000
   2.5119E-03   3.1623E-03   0.0000E+00  0.0000
   3.1623E-03   3.9811E-03   0.0000E+00  0.0000
   3.9811E-03   5.0119E-03   0.0000E+00  0.0000
   5.0119E-03   6.3096E-03   0.0000E+00  0.0000
   6.3096E-03   7.9433E-03   0.0000E+00  0.0000
   7.9433E-03   1.0000E-02   0.0000E+00  0.0000
   1.0000E-02   1.2589E-02   0.0000E+00  0.0000
   1.2589E-02   1.5849E-02   0.0000E+00  0.0000
   1.5849E-02   1.9953E-02   0.0000E+00  0.0000
   1.9953E-02   2.5119E-02   0.0000E+00  0.0000
   2.5119E-02   3.1623E-02   0.0000E+00  0.0000
   3.1623E-02   3.9811E-02   0.0000E+00  0.0000
   3.9811E-02   5.0119E-02   0.0000E+00  0.0000
   5.0119E-02   6.3096E-02   1.1836E-05  0.5857
   6.3096E-02   7.9433E-02   3.0680E-06  0.9150
   7.9433E-02   1.0000E-01   6.8913E-06  0.7345
   1.0000E-01   1.2589E-01   5.0557E-04  0.0966
   1.2589E-01   1.5849E-01   1.8630E-03  0.0551
   1.5849E-01   1.9953E-01   2.3956E-06  1.0000
   1.9953E-01   2.5119E-01   1.3304E-07  1.0000
   2.5119E-01   3.1623E-01   2.9431E-05  0.2779
   3.1623E-01   3.9811E-01   4.5693E-05  0.2469
   3.9811E-01   5.0119E-01   4.1635E-05  0.3158
   5.0119E-01   6.3096E-01   2.7366E-05  0.2822
   6.3096E-01   7.9433E-01   2.4926E-05  0.2941
   7.9433E-01   1.0000E+00   1.0043E-01  0.0066
   1.0000E+00   1.2589E+00   0.0000E+00  0.0000
   1.2589E+00   1.5849E+00   0.0000E+00  0.0000
   1.5849E+00   1.9953E+00   0.0000E+00  0.0000
   1.9953E+00   2.5119E+00   0.0000E+00  0.0000
   2.5119E+00   3.1623E+00   0.0000E+00  0.0000
   3.1623E+00   3.9811E+00   0.0000E+00  0.0000
   3.9811E+00   5.0119E+00   0.0000E+00  0.0000
   5.0119E+00   6.3096E+00   0.0000E+00  0.0000
   6.3096E+00   7.9433E+00   0.0000E+00  0.0000
   7.9433E+00   1.0000E+01   0.0000E+00  0.0000
   1.0000E+01   1.2589E+01   0.0000E+00  0.0000
   1.2589E+01   1.5849E+01   0.0000E+00  0.0000
   1.5849E+01   1.9953E+01   0.0000E+00  0.0000
   1.9953E+01   2.5119E+01   0.0000E+00  0.0000
   2.5119E+01   3.1623E+01   0.0000E+00  0.0000
   3.1623E+01   3.9811E+01   0.0000E+00  0.0000
   3.9811E+01   5.0119E+01   0.0000E+00  0.0000
   5.0119E+01   6.3096E+01   0.0000E+00  0.0000
   6.3096E+01   7.9433E+01   0.0000E+00  0.0000
   7.9433E+01   1.0000E+02   0.0000E+00  0.0000
   1.0000E+02   1.2589E+02   0.0000E+00  0.0000
   1.2589E+02   1.5849E+02   0.0000E+00  0.0000
   1.5849E+02   1.9953E+02   0.0000E+00  0.0000
   1.9953E+02   2.5119E+02   0.0000E+00  0.0000
   2.5119E+02   3.1623E+02   0.0000E+00  0.0000
   3.1623E+02   3.9811E+02   0.0000E+00  0.0000
   3.9811E+02   5.0119E+02   0.0000E+00  0.0000
   5.0119E+02   6.3096E+02   0.0000E+00  0.0000
   6.3096E+02   7.9433E+02   0.0000E+00  0.0000
   7.9433E+02   1.0000E+03   0.0000E+00  0.0000

#   sum over                 1.0300E-01  0.0066

'no. =  3,  reg  =    301'
msuc: {\huge Neutron track length in active He-3 gas}
msdr: {\it plotted by \ANGEL \version}
msdl: {\it calculated by \PHITS  3.35}
wt: s(0.7)
\vspace{-3}
   vol  &=&   1.0000E+00 [cm^3]
e:

#------------------------------------------------------------------------------
 newpage:
#   no. =  4   reg =    401

x: Energy [MeV]
y: Flux [1/cm^2/source]              
p: xlog ylog afac(0.8) form(0.9)
h: n            x            y(neutron ),hh0l n  
#  e-lower      e-upper        neutron   r.err 
   1.0000E-10   1.2589E-10   0.0000E+00  0.0000
   1.2589E-10   1.5849E-10   0.0000E+00  0.0000
   1.5849E-10   1.9953E-10   0.0000E+00  0.0000
   1.9953E-10   2.5119E-10   0.0000E+00  0.0000
   2.5119E-10   3.1623E-10   0.0000E+00  0.0000
   3.1623E-10   3.9811E-10   0.0000E+00  0.0000
   3.9811E-10   5.0119E-10   0.0000E+00  0.0000
   5.0119E-10   6.3096E-10   0.0000E+00  0.0000
   6.3096E-10   7.9433E-10   0.0000E+00  0.0000
   7.9433E-10   1.0000E-09   3.7546E-08  0.6084
   1.0000E-09   1.2589E-09   2.0756E-07  0.7797
   1.2589E-09   1.5849E-09   3.2413E-07  0.7708
   1.5849E-09   1.9953E-09   8.3925E-08  0.7490
   1.9953E-09   2.5119E-09   9.4134E-07  0.3541
   2.5119E-09   3.1623E-09   9.1203E-07  0.6160
   3.1623E-09   3.9811E-09   2.4833E-06  0.3080
   3.9811E-09   5.0119E-09   1.8572E-06  0.2732
   5.0119E-09   6.3096E-09   7.5500E-06  0.2125
   6.3096E-09   7.9433E-09   1.2244E-05  0.1647
   7.9433E-09   1.0000E-08   1.8271E-05  0.1558
   1.0000E-08   1.2589E-08   3.6431E-05  0.1155
   1.2589E-08   1.5849E-08   6.3582E-05  0.0867
   1.5849E-08   1.9953E-08   9.0910E-05  0.0809
   1.9953E-08   2.5119E-08   1.6197E-04  0.0654
   2.5119E-08   3.1623E-08   2.2969E-04  0.0566
   3.1623E-08   3.9811E-08   3.4782E-04  0.0485
   3.9811E-08   5.0119E-08   4.2465E-04  0.0463
   5.0119E-08   6.3096E-08   5.2386E-04  0.0437
   6.3096E-08   7.9433E-08   6.1395E-04  0.0441
   7.9433E-08   1.0000E-07   6.1664E-04  0.0464
   1.0000E-07   1.2589E-07   5.1306E-04  0.0542
   1.2589E-07   1.5849E-07   4.7185E-04  0.0615
   1.5849E-07   1.9953E-07   2.6834E-04  0.0855
   1.9953E-07   2.5119E-07   2.2735E-04  0.0989
   2.5119E-07   3.1623E-07   1.8467E-04  0.1078
   3.1623E-07   3.9811E-07   1.8895E-04  0.1188
   3.9811E-07   5.0119E-07   1.9134E-04  0.1113
   5.0119E-07   6.3096E-07   2.1756E-04  0.1130
   6.3096E-07   7.9433E-07   2.4168E-04  0.1060
   7.9433E-07   1.0000E-06   2.3599E-04  0.1201
   1.0000E-06   1.2589E-06   2.5890E-04  0.1108
   1.2589E-06   1.5849E-06   2.7794E-04  0.1258
   1.5849E-06   1.9953E-06   3.1251E-04  0.1094
   1.9953E-06   2.5119E-06   2.9042E-04  0.1046
   2.5119E-06   3.1623E-06   3.1732E-04  0.1012
   3.1623E-06   3.9811E-06   2.6712E-04  0.1183
   3.9811E-06   5.0119E-06   3.4702E-04  0.1039
   5.0119E-06   6.3096E-06   3.5138E-04  0.1062
   6.3096E-06   7.9433E-06   3.3224E-04  0.1076
   7.9433E-06   1.0000E-05   4.8420E-04  0.0901
   1.0000E-05   1.2589E-05   4.0772E-04  0.1098
   1.2589E-05   1.5849E-05   3.2489E-04  0.1149
   1.5849E-05   1.9953E-05   3.8230E-04  0.1099
   1.9953E-05   2.5119E-05   4.2010E-04  0.1020
   2.5119E-05   3.1623E-05   4.3031E-04  0.0994
   3.1623E-05   3.9811E-05   3.4893E-04  0.1115
   3.9811E-05   5.0119E-05   4.2615E-04  0.0964
   5.0119E-05   6.3096E-05   4.1122E-04  0.1041
   6.3096E-05   7.9433E-05   4.2951E-04  0.1038
   7.9433E-05   1.0000E-04   5.0809E-04  0.0919
   1.0000E-04   1.2589E-04   4.9214E-04  0.0977
   1.2589E-04   1.5849E-04   5.1662E-04  0.0937
   1.5849E-04   1.9953E-04   5.4985E-04  0.0961
   1.9953E-04   2.5119E-04   5.3951E-04  0.0973
   2.5119E-04   3.1623E-04   5.9101E-04  0.0908
   3.1623E-04   3.9811E-04   4.0994E-04  0.1171
   3.9811E-04   5.0119E-04   4.7889E-04  0.1232
   5.0119E-04   6.3096E-04   4.9415E-04  0.0949
   6.3096E-04   7.9433E-04   4.0062E-04  0.1038
   7.9433E-04   1.0000E-03   4.8265E-04  0.0948
   1.0000E-03   1.2589E-03   5.7679E-04  0.1004
   1.2589E-03   1.5849E-03   5.2328E-04  0.1022
   1.5849E-03   1.9953E-03   5.7386E-04  0.0934
   1.9953E-03   2.5119E-03   4.6041E-04  0.0959
   2.5119E-03   3.1623E-03   4.0635E-04  0.1076
   3.1623E-03   3.9811E-03   4.5064E-04  0.1031
   3.9811E-03   5.0119E-03   5.0184E-04  0.0989
   5.0119E-03   6.3096E-03   4.9480E-04  0.0973
   6.3096E-03   7.9433E-03   5.3323E-04  0.0935
   7.9433E-03   1.0000E-02   4.5251E-04  0.0962
   1.0000E-02   1.2589E-02   5.3023E-04  0.0994
   1.2589E-02   1.5849E-02   5.1943E-04  0.0966
   1.5849E-02   1.9953E-02   5.4004E-04  0.0931
   1.9953E-02   2.5119E-02   5.4619E-04  0.1042
   2.5119E-02   3.1623E-02   6.2372E-04  0.0974
   3.1623E-02   3.9811E-02   5.5749E-04  0.0897
   3.9811E-02   5.0119E-02   5.9897E-04  0.0851
   5.0119E-02   6.3096E-02   5.7889E-04  0.0838
   6.3096E-02   7.9433E-02   7.1455E-04  0.0819
   7.9433E-02   1.0000E-01   8.2335E-04  0.0836
   1.0000E-01   1.2589E-01   9.5042E-04  0.0746
   1.2589E-01   1.5849E-01   8.8384E-04  0.0799
   1.5849E-01   1.9953E-01   9.9332E-04  0.0685
   1.9953E-01   2.5119E-01   1.1630E-03  0.0644
   2.5119E-01   3.1623E-01   1.2680E-03  0.0597
   3.1623E-01   3.9811E-01   1.3414E-03  0.0550
   3.9811E-01   5.0119E-01   1.5143E-03  0.0533
   5.0119E-01   6.3096E-01   1.8229E-03  0.0489
   6.3096E-01   7.9433E-01   2.2669E-03  0.0437
   7.9433E-01   1.0000E+00   7.6325E-03  0.0231
   1.0000E+00   1.2589E+00   0.0000E+00  0.0000
   1.2589E+00   1.5849E+00   0.0000E+00  0.0000
   1.5849E+00   1.9953E+00   0.0000E+00  0.0000
   1.9953E+00   2.5119E+00   0.0000E+00  0.0000
   2.5119E+00   3.1623E+00   0.0000E+00  0.0000
   3.1623E+00   3.9811E+00   0.0000E+00  0.0000
   3.9811E+00   5.0119E+00   0.0000E+00  0.0000
   5.0119E+00   6.3096E+00   0.0000E+00  0.0000
   6.3096E+00   7.9433E+00   0.0000E+00  0.0000
   7.9433E+00   1.0000E+01   0.0000E+00  0.0000
   1.0000E+01   1.2589E+01   0.0000E+00  0.0000
   1.2589E+01   1.5849E+01   0.0000E+00  0.0000
   1.5849E+01   1.9953E+01   0.0000E+00  0.0000
   1.9953E+01   2.5119E+01   0.0000E+00  0.0000
   2.5119E+01   3.1623E+01   0.0000E+00  0.0000
   3.1623E+01   3.9811E+01   0.0000E+00  0.0000
   3.9811E+01   5.0119E+01   0.0000E+00  0.0000
   5.0119E+01   6.3096E+01   0.0000E+00  0.0000
   6.3096E+01   7.9433E+01   0.0000E+00  0.0000
   7.9433E+01   1.0000E+02   0.0000E+00  0.0000
   1.0000E+02   1.2589E+02   0.0000E+00  0.0000
   1.2589E+02   1.5849E+02   0.0000E+00  0.0000
   1.5849E+02   1.9953E+02   0.0000E+00  0.0000
   1.9953E+02   2.5119E+02   0.0000E+00  0.0000
   2.5119E+02   3.1623E+02   0.0000E+00  0.0000
   3.1623E+02   3.9811E+02   0.0000E+00  0.0000
   3.9811E+02   5.0119E+02   0.0000E+00  0.0000
   5.0119E+02   6.3096E+02   0.0000E+00  0.0000
   6.3096E+02   7.9433E+02   0.0000E+00  0.0000
   7.9433E+02   1.0000E+03   0.0000E+00  0.0000

#   sum over                 4.9022E-02  0.0109

'no. =  4,  reg  =    401'
msuc: {\huge Neutron track length in active He-3 gas}
msdr: {\it plotted by \ANGEL \version}
msdl: {\it calculated by \PHITS  3.35}
wt: s(0.7)
\vspace{-3}
   vol  &=&   1.0000E+00 [cm^3]
e:

# Information for Restart Calculation
# This calculation was newly started
# istdev =  2 # 1:Batch variance, 2:History variance
# resc2  = 1.00116410228697711E+06 # Total source weight or Total source weight / maxcas
# resc3  = 1.00000000000000000E+06 # Total history number or Total batch number
# maxcas =     1000000 # History / Batch, only used for istdev=1
# bitrseed = 0011000101010010001011101111011011101001000101100011010001100100 # bit data of rseed
