           _________________________________________________________
          |                                                         |
          |       _/_/_/_/                                          |
          |      _/      _/                  _/_/_/_/_/_/           |
          |     _/      _/  _/      _/   _/      _/      _/_/_/_/_/ |
          |    _/_/_/_/    _/      _/   _/      _/      _/          |
          |   _/          _/_/_/_/_/   _/      _/       _/_/_/_/    |
          |  _/          _/      _/   _/      _/              _/    |
          | _/          _/      _/   _/      _/      _/_/_/_/_/     |
          |                                                         |
          |                                                         |
          |       Particle and Heavy Ion Transport code System      |
          |                      Version =  3.350                   |
          |                       developed by                      |
          |                                                         |
          |  Tatsuhiko SATO, Yosuke IWAMOTO, Shintaro HASHIMOTO,    |
          |    Tatsuhiko OGAWA, Takuya FURUTA, Shinichiro ABE,      |
          |    Takeshi KAI, Norihiro MATSUDA, Yusuke MATSUYA,       |
          |      Yuho HIRATA, Takuya SEKIKAWA, Pi-En TSAI,          |
          |                Hunter RATLIFF (JAEA),                   |
          |                                                         |
          |  Hiroshi IWASE, Yasuhito SAKAKI, Kenta SUGIHARA (KEK),  |
          |                                                         |
          |           Nobuhiro SHIGYO (Kyushu University),          |
          |                                                         |
          |      Lembit SIHVER (Technische Universitat Wien), and   |
          |                                                         |
          |                     Koji NIITA (RIST)                   |
          |                                                         |
          |                 Last Revised  2025-03-28                |
          |_________________________________________________________|

           ____________________ [ Job Title ] __________________ 
          |                                                     |
          |  He-3 tube response, E = 1.0000e+00 MeV (seed 501)  |
          |_____________________________________________________|

                        Starting Date = 2026-09-30
                        Starting Time = 17h 57m 31

>>> Input Echo >>>=============================================================

[ Title ]
He-3 tube response, E = 1.0000e+00 MeV (seed 501)

[ Parameters ]
 icntl    =           0     # (D=0) 3:ECH 5:NOR 6:SRC 7,8:GSH 11:DSH 12:DUMP
 maxcas   =     1000000     # (D=10) number of particles per one batch
 maxbch   =           1     # (D=10) number of batches
 rseed    =  5.0100000000000000E+002    # (D=0.0) 0:original, /=0:this value
 emin(2)  = 1.000000000E-10 # (D=1.0e-11) cut-off energy of neutron (MeV)
 dmax(2)  =  20.0000000     # (D=20.0) data max. energy of neutron (MeV)
 emin(14) =  1000.00000     # (D=1.0e-3) cut-off energy of photon (MeV)
 file(1)  = /Users/yuto/PHITS335/phits # (D=PhitsPath) PHITS install folder name

[ Source ]
  totfact =   1.0000        # (D=1.0) global factor

 <Source> =   1.0000        # weight of this sub-source
   s-type =   9             # spherical distribution source
     proj =  neutron        # kind of incident particle         
       e0 =   1.0000        # energy of beam [MeV/n]
       x0 =   0.0000        # (D=0.0) center position of x-axis [cm]
       y0 =   0.0000        # (D=0.0) center position of y-axis [cm]
       z0 =   0.0000        # (D=0.0) center position of z-axis [cm]
       r1 =   35.000        # inner radius [cm]
       r2 =   35.000        # outer radius [cm]
      dir =  -all           # inner direction with cos dis. and cos^2 bias

 <Source> =   1.0000        # weight of this sub-source
   s-type =   9             # spherical distribution source
     proj =  neutron        # kind of incident particle         
       e0 =   1.0000        # energy of beam [MeV/n]
       x0 =   200.00        # (D=0.0) center position of x-axis [cm]
       y0 =   0.0000        # (D=0.0) center position of y-axis [cm]
       z0 =   0.0000        # (D=0.0) center position of z-axis [cm]
       r1 =   44.000        # inner radius [cm]
       r2 =   44.000        # outer radius [cm]
      dir =  -all           # inner direction with cos dis. and cos^2 bias

 <Source> =   1.0000        # weight of this sub-source
   s-type =   9             # spherical distribution source
     proj =  neutron        # kind of incident particle         
       e0 =   1.0000        # energy of beam [MeV/n]
       x0 =   400.00        # (D=0.0) center position of x-axis [cm]
       y0 =   0.0000        # (D=0.0) center position of y-axis [cm]
       z0 =   0.0000        # (D=0.0) center position of z-axis [cm]
       r1 =   22.000        # inner radius [cm]
       r2 =   22.000        # outer radius [cm]
      dir =  -all           # inner direction with cos dis. and cos^2 bias

 <Source> =   1.0000        # weight of this sub-source
   s-type =   9             # spherical distribution source
     proj =  neutron        # kind of incident particle         
       e0 =   1.0000        # energy of beam [MeV/n]
       x0 =   600.00        # (D=0.0) center position of x-axis [cm]
       y0 =   0.0000        # (D=0.0) center position of y-axis [cm]
       z0 =   0.0000        # (D=0.0) center position of z-axis [cm]
       r1 =   27.000        # inner radius [cm]
       r2 =   27.000        # outer radius [cm]
      dir =  -all           # inner direction with cos dis. and cos^2 bias

[ Material ]
MAT[ 1 ] 
            N        -7.5530000E-01
            O        -2.3180000E-01
           Ar        -1.2900000E-02
MAT[ 5 ] 
          3He         1.0000000E+00
MAT[ 6 ] 
           Fe         7.0000000E+01
           Cr         1.8000000E+01
           Ni         9.0000000E+00
           Mn         2.0000000E+00
           Si         1.0000000E+00
MAT[ 7 ] 
            H         2.0000000E+00
            C         1.0000000E+00
mt7      poly.20t  

[ Cell ]
 101         5 -1.2540000E-03  -101 
 102         5 -1.2540000E-03  -102 
 103         6 -8.0000000E+00  -103 101 102 
 109         0                 -109 103 
 201         5 -1.2540000E-03  -201 
 202         5 -1.2540000E-03  -202 
 203         6 -8.0000000E+00  -203 201 202 
 204         1 -1.2050000E-03  -204 203 
 205         7 -9.5000000E-01  -205 204 
 209         0                 -209 205 
 301         5 -1.2540000E-03  -301 
 302         5 -1.2540000E-03  -302 
 303         6 -8.0000000E+00  -303 301 302 
 309         0                 -309 303 
 401         5 -1.2540000E-03  -401 
 402         5 -1.2540000E-03  -402 
 403         6 -8.0000000E+00  -403 401 402 
 405         7 -9.5000000E-01  -405 403 
 409         0                 -409 405 
 999        -1                 109 209 309 409 

[ Surface ]
 101           rcc   0.0000000E+00  0.0000000E+00 -3.2800000E+01
                     0.0000000E+00  0.0000000E+00  5.6000000E+01
                     4.8000000E+00
 102           rcc   0.0000000E+00  0.0000000E+00  2.3200000E+01
                     0.0000000E+00  0.0000000E+00  9.6000000E+00
                     4.8000000E+00
 103           rcc   0.0000000E+00  0.0000000E+00 -3.3000000E+01
                     0.0000000E+00  0.0000000E+00  6.6000000E+01
                     5.0000000E+00
 109           s     0.0000000E+00  0.0000000E+00  0.0000000E+00
                     3.6000000E+01
 201           rcc   2.0000000E+02  0.0000000E+00 -3.3800000E+01
                     0.0000000E+00  0.0000000E+00  5.6000000E+01
                     4.8000000E+00
 202           rcc   2.0000000E+02  0.0000000E+00  2.2200000E+01
                     0.0000000E+00  0.0000000E+00  9.6000000E+00
                     4.8000000E+00
 203           rcc   2.0000000E+02  0.0000000E+00 -3.4000000E+01
                     0.0000000E+00  0.0000000E+00  6.6000000E+01
                     5.0000000E+00
 204           rcc   2.0000000E+02  0.0000000E+00 -3.4000000E+01
                     0.0000000E+00  0.0000000E+00  6.8000000E+01
                     7.5000000E+00
 205           rcc   2.0000000E+02  0.0000000E+00 -4.0000000E+01
                     0.0000000E+00  0.0000000E+00  8.0000000E+01
                     1.4500000E+01
 209           s     2.0000000E+02  0.0000000E+00  0.0000000E+00
                     4.5000000E+01
 301           rcc   4.0000000E+02  0.0000000E+00 -1.9565000E+01
                     0.0000000E+00  0.0000000E+00  3.1000000E+01
                     2.5400000E+00
 302           rcc   4.0000000E+02  0.0000000E+00  1.1435000E+01
                     0.0000000E+00  0.0000000E+00  8.1300000E+00
                     2.5400000E+00
 303           rcc   4.0000000E+02  0.0000000E+00 -1.9765000E+01
                     0.0000000E+00  0.0000000E+00  3.9530000E+01
                     2.7400000E+00
 309           s     4.0000000E+02  0.0000000E+00  0.0000000E+00
                     2.3000000E+01
 401           rcc   6.0000000E+02  0.0000000E+00 -1.9565000E+01
                     0.0000000E+00  0.0000000E+00  3.1000000E+01
                     2.5400000E+00
 402           rcc   6.0000000E+02  0.0000000E+00  1.1435000E+01
                     0.0000000E+00  0.0000000E+00  8.1300000E+00
                     2.5400000E+00
 403           rcc   6.0000000E+02  0.0000000E+00 -1.9765000E+01
                     0.0000000E+00  0.0000000E+00  3.9530000E+01
                     2.7400000E+00
 405           rcc   6.0000000E+02  0.0000000E+00 -2.4765000E+01
                     0.0000000E+00  0.0000000E+00  4.9530000E+01
                     7.7400000E+00
 409           s     6.0000000E+02  0.0000000E+00  0.0000000E+00
                     2.8000000E+01

[ Volume ]
    reg        vol
    101      1.000000    
    201      1.000000    
    301      1.000000    
    401      1.000000    

[ Mat Name Color ]
   mat   name     size           color   # HSB color value
     0   void     1.00       lightgray   # { -0.800  1.000  1.000 }
     1    Air     1.00     yellowgreen   # {  0.700  1.000  1.000 }
     5    He3     1.00            pink   # {  1.000  0.500  1.000 }
     6    SUS     1.00            gray   # { -0.600  1.000  1.000 }
     7     PE     1.00            cyan   # {  0.400  1.000  1.000 }

[ T-Track ]
    title = Neutron track length in active He-3 gas
     mesh =  reg            # mesh type is region-wise
      reg = 101 201 301 401
   e-type =    3            # e-mesh is log given by emin, emax and ne
     emin =  1.0000000E-10  # minimum value of e-mesh points
     emax =   1000.000      # maximum value of e-mesh points
#    edel =  0.2302585      # mesh width of e-mesh points
       ne =    130          # number of e-mesh points
#    data = ( e(i), i = 1, ne + 1 )
#           1.00000E-10  1.25893E-10  1.58489E-10  1.99526E-10  2.51189E-10
#           3.16228E-10  3.98107E-10  5.01187E-10  6.30957E-10  7.94328E-10
#           1.00000E-09  1.25893E-09  1.58489E-09  1.99526E-09  2.51189E-09
#           3.16228E-09  3.98107E-09  5.01187E-09  6.30957E-09  7.94328E-09
#           1.00000E-08  1.25893E-08  1.58489E-08  1.99526E-08  2.51189E-08
#           3.16228E-08  3.98107E-08  5.01187E-08  6.30957E-08  7.94328E-08
#           1.00000E-07  1.25893E-07  1.58489E-07  1.99526E-07  2.51189E-07
#           3.16228E-07  3.98107E-07  5.01187E-07  6.30957E-07  7.94328E-07
#           1.00000E-06  1.25893E-06  1.58489E-06  1.99526E-06  2.51189E-06
#           3.16228E-06  3.98107E-06  5.01187E-06  6.30957E-06  7.94328E-06
#           1.00000E-05  1.25893E-05  1.58489E-05  1.99526E-05  2.51189E-05
#           3.16228E-05  3.98107E-05  5.01187E-05  6.30957E-05  7.94328E-05
#           1.00000E-04  1.25893E-04  1.58489E-04  1.99526E-04  2.51189E-04
#           3.16228E-04  3.98107E-04  5.01187E-04  6.30957E-04  7.94328E-04
#           1.00000E-03  1.25893E-03  1.58489E-03  1.99526E-03  2.51189E-03
#           3.16228E-03  3.98107E-03  5.01187E-03  6.30957E-03  7.94328E-03
#           1.00000E-02  1.25893E-02  1.58489E-02  1.99526E-02  2.51189E-02
#           3.16228E-02  3.98107E-02  5.01187E-02  6.30957E-02  7.94328E-02
#           1.00000E-01  1.25893E-01  1.58489E-01  1.99526E-01  2.51189E-01
#           3.16228E-01  3.98107E-01  5.01187E-01  6.30957E-01  7.94328E-01
#           1.00000E+00  1.25893E+00  1.58489E+00  1.99526E+00  2.51189E+00
#           3.16228E+00  3.98107E+00  5.01187E+00  6.30957E+00  7.94328E+00
#           1.00000E+01  1.25893E+01  1.58489E+01  1.99526E+01  2.51189E+01
#           3.16228E+01  3.98107E+01  5.01187E+01  6.30957E+01  7.94328E+01
#           1.00000E+02  1.25893E+02  1.58489E+02  1.99526E+02  2.51189E+02
#           3.16228E+02  3.98107E+02  5.01187E+02  6.30957E+02  7.94328E+02
#           1.00000E+03
     unit =    1            # unit is [1/cm^2/source]
 material =  all            # (D=all) number of specific material
     axis =     eng            # axis of output
     file = gas_track.out   # file name of output for the above axis
     part =  neutron  
# kf/name :  2112     
#    used :        main (  %)        temp (  %)       total (  %)
#  memory :         139 (  0)           0 (  0)         139 (  0)

[ T-Track ]
    title = Neutron flux map around D1
     mesh =  xyz            # mesh type is xyz scoring mesh
   x-type =    2            # x-mesh is linear given by xmin, xmax and nx
     xmin =  -40.00000      # minimum value of x-mesh points
     xmax =   40.00000      # maximum value of x-mesh points
#    xdel =  0.5000000      # mesh width of x-mesh points
       nx =    160          # number of x-mesh points
#    data = ( x(i), i = 1, nx + 1 )
#          -4.00000E+01 -3.95000E+01 -3.90000E+01 -3.85000E+01 -3.80000E+01
#          -3.75000E+01 -3.70000E+01 -3.65000E+01 -3.60000E+01 -3.55000E+01
#          -3.50000E+01 -3.45000E+01 -3.40000E+01 -3.35000E+01 -3.30000E+01
#          -3.25000E+01 -3.20000E+01 -3.15000E+01 -3.10000E+01 -3.05000E+01
#          -3.00000E+01 -2.95000E+01 -2.90000E+01 -2.85000E+01 -2.80000E+01
#          -2.75000E+01 -2.70000E+01 -2.65000E+01 -2.60000E+01 -2.55000E+01
#          -2.50000E+01 -2.45000E+01 -2.40000E+01 -2.35000E+01 -2.30000E+01
#          -2.25000E+01 -2.20000E+01 -2.15000E+01 -2.10000E+01 -2.05000E+01
#          -2.00000E+01 -1.95000E+01 -1.90000E+01 -1.85000E+01 -1.80000E+01
#          -1.75000E+01 -1.70000E+01 -1.65000E+01 -1.60000E+01 -1.55000E+01
#          -1.50000E+01 -1.45000E+01 -1.40000E+01 -1.35000E+01 -1.30000E+01
#          -1.25000E+01 -1.20000E+01 -1.15000E+01 -1.10000E+01 -1.05000E+01
#          -1.00000E+01 -9.50000E+00 -9.00000E+00 -8.50000E+00 -8.00000E+00
#          -7.50000E+00 -7.00000E+00 -6.50000E+00 -6.00000E+00 -5.50000E+00
#          -5.00000E+00 -4.50000E+00 -4.00000E+00 -3.50000E+00 -3.00000E+00
#          -2.50000E+00 -2.00000E+00 -1.50000E+00 -1.00000E+00 -5.00000E-01
#           0.00000E+00  5.00000E-01  1.00000E+00  1.50000E+00  2.00000E+00
#           2.50000E+00  3.00000E+00  3.50000E+00  4.00000E+00  4.50000E+00
#           5.00000E+00  5.50000E+00  6.00000E+00  6.50000E+00  7.00000E+00
#           7.50000E+00  8.00000E+00  8.50000E+00  9.00000E+00  9.50000E+00
#           1.00000E+01  1.05000E+01  1.10000E+01  1.15000E+01  1.20000E+01
#           1.25000E+01  1.30000E+01  1.35000E+01  1.40000E+01  1.45000E+01
#           1.50000E+01  1.55000E+01  1.60000E+01  1.65000E+01  1.70000E+01
#           1.75000E+01  1.80000E+01  1.85000E+01  1.90000E+01  1.95000E+01
#           2.00000E+01  2.05000E+01  2.10000E+01  2.15000E+01  2.20000E+01
#           2.25000E+01  2.30000E+01  2.35000E+01  2.40000E+01  2.45000E+01
#           2.50000E+01  2.55000E+01  2.60000E+01  2.65000E+01  2.70000E+01
#           2.75000E+01  2.80000E+01  2.85000E+01  2.90000E+01  2.95000E+01
#           3.00000E+01  3.05000E+01  3.10000E+01  3.15000E+01  3.20000E+01
#           3.25000E+01  3.30000E+01  3.35000E+01  3.40000E+01  3.45000E+01
#           3.50000E+01  3.55000E+01  3.60000E+01  3.65000E+01  3.70000E+01
#           3.75000E+01  3.80000E+01  3.85000E+01  3.90000E+01  3.95000E+01
#           4.00000E+01
   y-type =    2            # y-mesh is linear given by ymin, ymax and ny
     ymin = -0.5000000      # minimum value of y-mesh points
     ymax =  0.5000000      # maximum value of y-mesh points
#    ydel =   1.000000      # mesh width of y-mesh points
       ny =      1          # number of y-mesh points
#    data = ( y(i), i = 1, ny + 1 )
#          -5.00000E-01  5.00000E-01
   z-type =    2            # z-mesh is linear given by zmin, zmax and nz
     zmin =  -40.00000      # minimum value of z-mesh points
     zmax =   40.00000      # maximum value of z-mesh points
#    zdel =  0.5000000      # mesh width of z-mesh points
       nz =    160          # number of z-mesh points
#    data = ( z(i), i = 1, nz + 1 )
#          -4.00000E+01 -3.95000E+01 -3.90000E+01 -3.85000E+01 -3.80000E+01
#          -3.75000E+01 -3.70000E+01 -3.65000E+01 -3.60000E+01 -3.55000E+01
#          -3.50000E+01 -3.45000E+01 -3.40000E+01 -3.35000E+01 -3.30000E+01
#          -3.25000E+01 -3.20000E+01 -3.15000E+01 -3.10000E+01 -3.05000E+01
#          -3.00000E+01 -2.95000E+01 -2.90000E+01 -2.85000E+01 -2.80000E+01
#          -2.75000E+01 -2.70000E+01 -2.65000E+01 -2.60000E+01 -2.55000E+01
#          -2.50000E+01 -2.45000E+01 -2.40000E+01 -2.35000E+01 -2.30000E+01
#          -2.25000E+01 -2.20000E+01 -2.15000E+01 -2.10000E+01 -2.05000E+01
#          -2.00000E+01 -1.95000E+01 -1.90000E+01 -1.85000E+01 -1.80000E+01
#          -1.75000E+01 -1.70000E+01 -1.65000E+01 -1.60000E+01 -1.55000E+01
#          -1.50000E+01 -1.45000E+01 -1.40000E+01 -1.35000E+01 -1.30000E+01
#          -1.25000E+01 -1.20000E+01 -1.15000E+01 -1.10000E+01 -1.05000E+01
#          -1.00000E+01 -9.50000E+00 -9.00000E+00 -8.50000E+00 -8.00000E+00
#          -7.50000E+00 -7.00000E+00 -6.50000E+00 -6.00000E+00 -5.50000E+00
#          -5.00000E+00 -4.50000E+00 -4.00000E+00 -3.50000E+00 -3.00000E+00
#          -2.50000E+00 -2.00000E+00 -1.50000E+00 -1.00000E+00 -5.00000E-01
#           0.00000E+00  5.00000E-01  1.00000E+00  1.50000E+00  2.00000E+00
#           2.50000E+00  3.00000E+00  3.50000E+00  4.00000E+00  4.50000E+00
#           5.00000E+00  5.50000E+00  6.00000E+00  6.50000E+00  7.00000E+00
#           7.50000E+00  8.00000E+00  8.50000E+00  9.00000E+00  9.50000E+00
#           1.00000E+01  1.05000E+01  1.10000E+01  1.15000E+01  1.20000E+01
#           1.25000E+01  1.30000E+01  1.35000E+01  1.40000E+01  1.45000E+01
#           1.50000E+01  1.55000E+01  1.60000E+01  1.65000E+01  1.70000E+01
#           1.75000E+01  1.80000E+01  1.85000E+01  1.90000E+01  1.95000E+01
#           2.00000E+01  2.05000E+01  2.10000E+01  2.15000E+01  2.20000E+01
#           2.25000E+01  2.30000E+01  2.35000E+01  2.40000E+01  2.45000E+01
#           2.50000E+01  2.55000E+01  2.60000E+01  2.65000E+01  2.70000E+01
#           2.75000E+01  2.80000E+01  2.85000E+01  2.90000E+01  2.95000E+01
#           3.00000E+01  3.05000E+01  3.10000E+01  3.15000E+01  3.20000E+01
#           3.25000E+01  3.30000E+01  3.35000E+01  3.40000E+01  3.45000E+01
#           3.50000E+01  3.55000E+01  3.60000E+01  3.65000E+01  3.70000E+01
#           3.75000E+01  3.80000E+01  3.85000E+01  3.90000E+01  3.95000E+01
#           4.00000E+01
   e-type =    1            # e-mesh is given by the below data
       ne =      4          # number of e-mesh points
#    data = ( e(i), i = 1, ne + 1 )
            1.00000E-10  5.00000E-07  1.00000E-01  2.00000E+01  1.00000E+05
     unit =    1            # unit is [1/cm^2/source]
 material =  all            # (D=all) number of specific material
  2D-type =    4            # 1:Cont, 2:Clust, 3:Color, 4:xyz, 5:mat, 6:Clust+Cont, 7:Col+Cont
     axis =      xz            # axis of output
     file = map_D1_large.out  # file name of output for the above axis
     part =  neutron  
# kf/name :  2112     
#    used :        main (  %)        temp (  %)       total (  %)
#  memory :         333 (  0)           0 (  0)         333 (  0)

[ T-Track ]
    title = Neutron flux map around D2
     mesh =  xyz            # mesh type is xyz scoring mesh
   x-type =    2            # x-mesh is linear given by xmin, xmax and nx
     xmin =   150.0000      # minimum value of x-mesh points
     xmax =   250.0000      # maximum value of x-mesh points
#    xdel =  0.5000000      # mesh width of x-mesh points
       nx =    200          # number of x-mesh points
#    data = ( x(i), i = 1, nx + 1 )
#           1.50000E+02  1.50500E+02  1.51000E+02  1.51500E+02  1.52000E+02
#           1.52500E+02  1.53000E+02  1.53500E+02  1.54000E+02  1.54500E+02
#           1.55000E+02  1.55500E+02  1.56000E+02  1.56500E+02  1.57000E+02
#           1.57500E+02  1.58000E+02  1.58500E+02  1.59000E+02  1.59500E+02
#           1.60000E+02  1.60500E+02  1.61000E+02  1.61500E+02  1.62000E+02
#           1.62500E+02  1.63000E+02  1.63500E+02  1.64000E+02  1.64500E+02
#           1.65000E+02  1.65500E+02  1.66000E+02  1.66500E+02  1.67000E+02
#           1.67500E+02  1.68000E+02  1.68500E+02  1.69000E+02  1.69500E+02
#           1.70000E+02  1.70500E+02  1.71000E+02  1.71500E+02  1.72000E+02
#           1.72500E+02  1.73000E+02  1.73500E+02  1.74000E+02  1.74500E+02
#           1.75000E+02  1.75500E+02  1.76000E+02  1.76500E+02  1.77000E+02
#           1.77500E+02  1.78000E+02  1.78500E+02  1.79000E+02  1.79500E+02
#           1.80000E+02  1.80500E+02  1.81000E+02  1.81500E+02  1.82000E+02
#           1.82500E+02  1.83000E+02  1.83500E+02  1.84000E+02  1.84500E+02
#           1.85000E+02  1.85500E+02  1.86000E+02  1.86500E+02  1.87000E+02
#           1.87500E+02  1.88000E+02  1.88500E+02  1.89000E+02  1.89500E+02
#           1.90000E+02  1.90500E+02  1.91000E+02  1.91500E+02  1.92000E+02
#           1.92500E+02  1.93000E+02  1.93500E+02  1.94000E+02  1.94500E+02
#           1.95000E+02  1.95500E+02  1.96000E+02  1.96500E+02  1.97000E+02
#           1.97500E+02  1.98000E+02  1.98500E+02  1.99000E+02  1.99500E+02
#           2.00000E+02  2.00500E+02  2.01000E+02  2.01500E+02  2.02000E+02
#           2.02500E+02  2.03000E+02  2.03500E+02  2.04000E+02  2.04500E+02
#           2.05000E+02  2.05500E+02  2.06000E+02  2.06500E+02  2.07000E+02
#           2.07500E+02  2.08000E+02  2.08500E+02  2.09000E+02  2.09500E+02
#           2.10000E+02  2.10500E+02  2.11000E+02  2.11500E+02  2.12000E+02
#           2.12500E+02  2.13000E+02  2.13500E+02  2.14000E+02  2.14500E+02
#           2.15000E+02  2.15500E+02  2.16000E+02  2.16500E+02  2.17000E+02
#           2.17500E+02  2.18000E+02  2.18500E+02  2.19000E+02  2.19500E+02
#           2.20000E+02  2.20500E+02  2.21000E+02  2.21500E+02  2.22000E+02
#           2.22500E+02  2.23000E+02  2.23500E+02  2.24000E+02  2.24500E+02
#           2.25000E+02  2.25500E+02  2.26000E+02  2.26500E+02  2.27000E+02
#           2.27500E+02  2.28000E+02  2.28500E+02  2.29000E+02  2.29500E+02
#           2.30000E+02  2.30500E+02  2.31000E+02  2.31500E+02  2.32000E+02
#           2.32500E+02  2.33000E+02  2.33500E+02  2.34000E+02  2.34500E+02
#           2.35000E+02  2.35500E+02  2.36000E+02  2.36500E+02  2.37000E+02
#           2.37500E+02  2.38000E+02  2.38500E+02  2.39000E+02  2.39500E+02
#           2.40000E+02  2.40500E+02  2.41000E+02  2.41500E+02  2.42000E+02
#           2.42500E+02  2.43000E+02  2.43500E+02  2.44000E+02  2.44500E+02
#           2.45000E+02  2.45500E+02  2.46000E+02  2.46500E+02  2.47000E+02
#           2.47500E+02  2.48000E+02  2.48500E+02  2.49000E+02  2.49500E+02
#           2.50000E+02
   y-type =    2            # y-mesh is linear given by ymin, ymax and ny
     ymin = -0.5000000      # minimum value of y-mesh points
     ymax =  0.5000000      # maximum value of y-mesh points
#    ydel =   1.000000      # mesh width of y-mesh points
       ny =      1          # number of y-mesh points
#    data = ( y(i), i = 1, ny + 1 )
#          -5.00000E-01  5.00000E-01
   z-type =    2            # z-mesh is linear given by zmin, zmax and nz
     zmin =  -50.00000      # minimum value of z-mesh points
     zmax =   50.00000      # maximum value of z-mesh points
#    zdel =  0.5000000      # mesh width of z-mesh points
       nz =    200          # number of z-mesh points
#    data = ( z(i), i = 1, nz + 1 )
#          -5.00000E+01 -4.95000E+01 -4.90000E+01 -4.85000E+01 -4.80000E+01
#          -4.75000E+01 -4.70000E+01 -4.65000E+01 -4.60000E+01 -4.55000E+01
#          -4.50000E+01 -4.45000E+01 -4.40000E+01 -4.35000E+01 -4.30000E+01
#          -4.25000E+01 -4.20000E+01 -4.15000E+01 -4.10000E+01 -4.05000E+01
#          -4.00000E+01 -3.95000E+01 -3.90000E+01 -3.85000E+01 -3.80000E+01
#          -3.75000E+01 -3.70000E+01 -3.65000E+01 -3.60000E+01 -3.55000E+01
#          -3.50000E+01 -3.45000E+01 -3.40000E+01 -3.35000E+01 -3.30000E+01
#          -3.25000E+01 -3.20000E+01 -3.15000E+01 -3.10000E+01 -3.05000E+01
#          -3.00000E+01 -2.95000E+01 -2.90000E+01 -2.85000E+01 -2.80000E+01
#          -2.75000E+01 -2.70000E+01 -2.65000E+01 -2.60000E+01 -2.55000E+01
#          -2.50000E+01 -2.45000E+01 -2.40000E+01 -2.35000E+01 -2.30000E+01
#          -2.25000E+01 -2.20000E+01 -2.15000E+01 -2.10000E+01 -2.05000E+01
#          -2.00000E+01 -1.95000E+01 -1.90000E+01 -1.85000E+01 -1.80000E+01
#          -1.75000E+01 -1.70000E+01 -1.65000E+01 -1.60000E+01 -1.55000E+01
#          -1.50000E+01 -1.45000E+01 -1.40000E+01 -1.35000E+01 -1.30000E+01
#          -1.25000E+01 -1.20000E+01 -1.15000E+01 -1.10000E+01 -1.05000E+01
#          -1.00000E+01 -9.50000E+00 -9.00000E+00 -8.50000E+00 -8.00000E+00
#          -7.50000E+00 -7.00000E+00 -6.50000E+00 -6.00000E+00 -5.50000E+00
#          -5.00000E+00 -4.50000E+00 -4.00000E+00 -3.50000E+00 -3.00000E+00
#          -2.50000E+00 -2.00000E+00 -1.50000E+00 -1.00000E+00 -5.00000E-01
#           0.00000E+00  5.00000E-01  1.00000E+00  1.50000E+00  2.00000E+00
#           2.50000E+00  3.00000E+00  3.50000E+00  4.00000E+00  4.50000E+00
#           5.00000E+00  5.50000E+00  6.00000E+00  6.50000E+00  7.00000E+00
#           7.50000E+00  8.00000E+00  8.50000E+00  9.00000E+00  9.50000E+00
#           1.00000E+01  1.05000E+01  1.10000E+01  1.15000E+01  1.20000E+01
#           1.25000E+01  1.30000E+01  1.35000E+01  1.40000E+01  1.45000E+01
#           1.50000E+01  1.55000E+01  1.60000E+01  1.65000E+01  1.70000E+01
#           1.75000E+01  1.80000E+01  1.85000E+01  1.90000E+01  1.95000E+01
#           2.00000E+01  2.05000E+01  2.10000E+01  2.15000E+01  2.20000E+01
#           2.25000E+01  2.30000E+01  2.35000E+01  2.40000E+01  2.45000E+01
#           2.50000E+01  2.55000E+01  2.60000E+01  2.65000E+01  2.70000E+01
#           2.75000E+01  2.80000E+01  2.85000E+01  2.90000E+01  2.95000E+01
#           3.00000E+01  3.05000E+01  3.10000E+01  3.15000E+01  3.20000E+01
#           3.25000E+01  3.30000E+01  3.35000E+01  3.40000E+01  3.45000E+01
#           3.50000E+01  3.55000E+01  3.60000E+01  3.65000E+01  3.70000E+01
#           3.75000E+01  3.80000E+01  3.85000E+01  3.90000E+01  3.95000E+01
#           4.00000E+01  4.05000E+01  4.10000E+01  4.15000E+01  4.20000E+01
#           4.25000E+01  4.30000E+01  4.35000E+01  4.40000E+01  4.45000E+01
#           4.50000E+01  4.55000E+01  4.60000E+01  4.65000E+01  4.70000E+01
#           4.75000E+01  4.80000E+01  4.85000E+01  4.90000E+01  4.95000E+01
#           5.00000E+01
   e-type =    1            # e-mesh is given by the below data
       ne =      4          # number of e-mesh points
#    data = ( e(i), i = 1, ne + 1 )
            1.00000E-10  5.00000E-07  1.00000E-01  2.00000E+01  1.00000E+05
     unit =    1            # unit is [1/cm^2/source]
 material =  all            # (D=all) number of specific material
  2D-type =    4            # 1:Cont, 2:Clust, 3:Color, 4:xyz, 5:mat, 6:Clust+Cont, 7:Col+Cont
     axis =      xz            # axis of output
     file = map_D2_large.out  # file name of output for the above axis
     part =  neutron  
# kf/name :  2112     
#    used :        main (  %)        temp (  %)       total (  %)
#  memory :         413 (  0)           0 (  0)         413 (  0)

[ T-Track ]
    title = Neutron flux map around d1
     mesh =  xyz            # mesh type is xyz scoring mesh
   x-type =    2            # x-mesh is linear given by xmin, xmax and nx
     xmin =   375.0000      # minimum value of x-mesh points
     xmax =   425.0000      # maximum value of x-mesh points
#    xdel =  0.5000000      # mesh width of x-mesh points
       nx =    100          # number of x-mesh points
#    data = ( x(i), i = 1, nx + 1 )
#           3.75000E+02  3.75500E+02  3.76000E+02  3.76500E+02  3.77000E+02
#           3.77500E+02  3.78000E+02  3.78500E+02  3.79000E+02  3.79500E+02
#           3.80000E+02  3.80500E+02  3.81000E+02  3.81500E+02  3.82000E+02
#           3.82500E+02  3.83000E+02  3.83500E+02  3.84000E+02  3.84500E+02
#           3.85000E+02  3.85500E+02  3.86000E+02  3.86500E+02  3.87000E+02
#           3.87500E+02  3.88000E+02  3.88500E+02  3.89000E+02  3.89500E+02
#           3.90000E+02  3.90500E+02  3.91000E+02  3.91500E+02  3.92000E+02
#           3.92500E+02  3.93000E+02  3.93500E+02  3.94000E+02  3.94500E+02
#           3.95000E+02  3.95500E+02  3.96000E+02  3.96500E+02  3.97000E+02
#           3.97500E+02  3.98000E+02  3.98500E+02  3.99000E+02  3.99500E+02
#           4.00000E+02  4.00500E+02  4.01000E+02  4.01500E+02  4.02000E+02
#           4.02500E+02  4.03000E+02  4.03500E+02  4.04000E+02  4.04500E+02
#           4.05000E+02  4.05500E+02  4.06000E+02  4.06500E+02  4.07000E+02
#           4.07500E+02  4.08000E+02  4.08500E+02  4.09000E+02  4.09500E+02
#           4.10000E+02  4.10500E+02  4.11000E+02  4.11500E+02  4.12000E+02
#           4.12500E+02  4.13000E+02  4.13500E+02  4.14000E+02  4.14500E+02
#           4.15000E+02  4.15500E+02  4.16000E+02  4.16500E+02  4.17000E+02
#           4.17500E+02  4.18000E+02  4.18500E+02  4.19000E+02  4.19500E+02
#           4.20000E+02  4.20500E+02  4.21000E+02  4.21500E+02  4.22000E+02
#           4.22500E+02  4.23000E+02  4.23500E+02  4.24000E+02  4.24500E+02
#           4.25000E+02
   y-type =    2            # y-mesh is linear given by ymin, ymax and ny
     ymin = -0.5000000      # minimum value of y-mesh points
     ymax =  0.5000000      # maximum value of y-mesh points
#    ydel =   1.000000      # mesh width of y-mesh points
       ny =      1          # number of y-mesh points
#    data = ( y(i), i = 1, ny + 1 )
#          -5.00000E-01  5.00000E-01
   z-type =    2            # z-mesh is linear given by zmin, zmax and nz
     zmin =  -25.00000      # minimum value of z-mesh points
     zmax =   25.00000      # maximum value of z-mesh points
#    zdel =  0.5000000      # mesh width of z-mesh points
       nz =    100          # number of z-mesh points
#    data = ( z(i), i = 1, nz + 1 )
#          -2.50000E+01 -2.45000E+01 -2.40000E+01 -2.35000E+01 -2.30000E+01
#          -2.25000E+01 -2.20000E+01 -2.15000E+01 -2.10000E+01 -2.05000E+01
#          -2.00000E+01 -1.95000E+01 -1.90000E+01 -1.85000E+01 -1.80000E+01
#          -1.75000E+01 -1.70000E+01 -1.65000E+01 -1.60000E+01 -1.55000E+01
#          -1.50000E+01 -1.45000E+01 -1.40000E+01 -1.35000E+01 -1.30000E+01
#          -1.25000E+01 -1.20000E+01 -1.15000E+01 -1.10000E+01 -1.05000E+01
#          -1.00000E+01 -9.50000E+00 -9.00000E+00 -8.50000E+00 -8.00000E+00
#          -7.50000E+00 -7.00000E+00 -6.50000E+00 -6.00000E+00 -5.50000E+00
#          -5.00000E+00 -4.50000E+00 -4.00000E+00 -3.50000E+00 -3.00000E+00
#          -2.50000E+00 -2.00000E+00 -1.50000E+00 -1.00000E+00 -5.00000E-01
#           0.00000E+00  5.00000E-01  1.00000E+00  1.50000E+00  2.00000E+00
#           2.50000E+00  3.00000E+00  3.50000E+00  4.00000E+00  4.50000E+00
#           5.00000E+00  5.50000E+00  6.00000E+00  6.50000E+00  7.00000E+00
#           7.50000E+00  8.00000E+00  8.50000E+00  9.00000E+00  9.50000E+00
#           1.00000E+01  1.05000E+01  1.10000E+01  1.15000E+01  1.20000E+01
#           1.25000E+01  1.30000E+01  1.35000E+01  1.40000E+01  1.45000E+01
#           1.50000E+01  1.55000E+01  1.60000E+01  1.65000E+01  1.70000E+01
#           1.75000E+01  1.80000E+01  1.85000E+01  1.90000E+01  1.95000E+01
#           2.00000E+01  2.05000E+01  2.10000E+01  2.15000E+01  2.20000E+01
#           2.25000E+01  2.30000E+01  2.35000E+01  2.40000E+01  2.45000E+01
#           2.50000E+01
   e-type =    1            # e-mesh is given by the below data
       ne =      4          # number of e-mesh points
#    data = ( e(i), i = 1, ne + 1 )
            1.00000E-10  5.00000E-07  1.00000E-01  2.00000E+01  1.00000E+05
     unit =    1            # unit is [1/cm^2/source]
 material =  all            # (D=all) number of specific material
  2D-type =    4            # 1:Cont, 2:Clust, 3:Color, 4:xyz, 5:mat, 6:Clust+Cont, 7:Col+Cont
     axis =      xz            # axis of output
     file = map_d1_small.out  # file name of output for the above axis
     part =  neutron  
# kf/name :  2112     
#    used :        main (  %)        temp (  %)       total (  %)
#  memory :         213 (  0)           0 (  0)         213 (  0)

[ T-Track ]
    title = Neutron flux map around d2
     mesh =  xyz            # mesh type is xyz scoring mesh
   x-type =    2            # x-mesh is linear given by xmin, xmax and nx
     xmin =   570.0000      # minimum value of x-mesh points
     xmax =   630.0000      # maximum value of x-mesh points
#    xdel =  0.5000000      # mesh width of x-mesh points
       nx =    120          # number of x-mesh points
#    data = ( x(i), i = 1, nx + 1 )
#           5.70000E+02  5.70500E+02  5.71000E+02  5.71500E+02  5.72000E+02
#           5.72500E+02  5.73000E+02  5.73500E+02  5.74000E+02  5.74500E+02
#           5.75000E+02  5.75500E+02  5.76000E+02  5.76500E+02  5.77000E+02
#           5.77500E+02  5.78000E+02  5.78500E+02  5.79000E+02  5.79500E+02
#           5.80000E+02  5.80500E+02  5.81000E+02  5.81500E+02  5.82000E+02
#           5.82500E+02  5.83000E+02  5.83500E+02  5.84000E+02  5.84500E+02
#           5.85000E+02  5.85500E+02  5.86000E+02  5.86500E+02  5.87000E+02
#           5.87500E+02  5.88000E+02  5.88500E+02  5.89000E+02  5.89500E+02
#           5.90000E+02  5.90500E+02  5.91000E+02  5.91500E+02  5.92000E+02
#           5.92500E+02  5.93000E+02  5.93500E+02  5.94000E+02  5.94500E+02
#           5.95000E+02  5.95500E+02  5.96000E+02  5.96500E+02  5.97000E+02
#           5.97500E+02  5.98000E+02  5.98500E+02  5.99000E+02  5.99500E+02
#           6.00000E+02  6.00500E+02  6.01000E+02  6.01500E+02  6.02000E+02
#           6.02500E+02  6.03000E+02  6.03500E+02  6.04000E+02  6.04500E+02
#           6.05000E+02  6.05500E+02  6.06000E+02  6.06500E+02  6.07000E+02
#           6.07500E+02  6.08000E+02  6.08500E+02  6.09000E+02  6.09500E+02
#           6.10000E+02  6.10500E+02  6.11000E+02  6.11500E+02  6.12000E+02
#           6.12500E+02  6.13000E+02  6.13500E+02  6.14000E+02  6.14500E+02
#           6.15000E+02  6.15500E+02  6.16000E+02  6.16500E+02  6.17000E+02
#           6.17500E+02  6.18000E+02  6.18500E+02  6.19000E+02  6.19500E+02
#           6.20000E+02  6.20500E+02  6.21000E+02  6.21500E+02  6.22000E+02
#           6.22500E+02  6.23000E+02  6.23500E+02  6.24000E+02  6.24500E+02
#           6.25000E+02  6.25500E+02  6.26000E+02  6.26500E+02  6.27000E+02
#           6.27500E+02  6.28000E+02  6.28500E+02  6.29000E+02  6.29500E+02
#           6.30000E+02
   y-type =    2            # y-mesh is linear given by ymin, ymax and ny
     ymin = -0.5000000      # minimum value of y-mesh points
     ymax =  0.5000000      # maximum value of y-mesh points
#    ydel =   1.000000      # mesh width of y-mesh points
       ny =      1          # number of y-mesh points
#    data = ( y(i), i = 1, ny + 1 )
#          -5.00000E-01  5.00000E-01
   z-type =    2            # z-mesh is linear given by zmin, zmax and nz
     zmin =  -30.00000      # minimum value of z-mesh points
     zmax =   30.00000      # maximum value of z-mesh points
#    zdel =  0.5000000      # mesh width of z-mesh points
       nz =    120          # number of z-mesh points
#    data = ( z(i), i = 1, nz + 1 )
#          -3.00000E+01 -2.95000E+01 -2.90000E+01 -2.85000E+01 -2.80000E+01
#          -2.75000E+01 -2.70000E+01 -2.65000E+01 -2.60000E+01 -2.55000E+01
#          -2.50000E+01 -2.45000E+01 -2.40000E+01 -2.35000E+01 -2.30000E+01
#          -2.25000E+01 -2.20000E+01 -2.15000E+01 -2.10000E+01 -2.05000E+01
#          -2.00000E+01 -1.95000E+01 -1.90000E+01 -1.85000E+01 -1.80000E+01
#          -1.75000E+01 -1.70000E+01 -1.65000E+01 -1.60000E+01 -1.55000E+01
#          -1.50000E+01 -1.45000E+01 -1.40000E+01 -1.35000E+01 -1.30000E+01
#          -1.25000E+01 -1.20000E+01 -1.15000E+01 -1.10000E+01 -1.05000E+01
#          -1.00000E+01 -9.50000E+00 -9.00000E+00 -8.50000E+00 -8.00000E+00
#          -7.50000E+00 -7.00000E+00 -6.50000E+00 -6.00000E+00 -5.50000E+00
#          -5.00000E+00 -4.50000E+00 -4.00000E+00 -3.50000E+00 -3.00000E+00
#          -2.50000E+00 -2.00000E+00 -1.50000E+00 -1.00000E+00 -5.00000E-01
#           0.00000E+00  5.00000E-01  1.00000E+00  1.50000E+00  2.00000E+00
#           2.50000E+00  3.00000E+00  3.50000E+00  4.00000E+00  4.50000E+00
#           5.00000E+00  5.50000E+00  6.00000E+00  6.50000E+00  7.00000E+00
#           7.50000E+00  8.00000E+00  8.50000E+00  9.00000E+00  9.50000E+00
#           1.00000E+01  1.05000E+01  1.10000E+01  1.15000E+01  1.20000E+01
#           1.25000E+01  1.30000E+01  1.35000E+01  1.40000E+01  1.45000E+01
#           1.50000E+01  1.55000E+01  1.60000E+01  1.65000E+01  1.70000E+01
#           1.75000E+01  1.80000E+01  1.85000E+01  1.90000E+01  1.95000E+01
#           2.00000E+01  2.05000E+01  2.10000E+01  2.15000E+01  2.20000E+01
#           2.25000E+01  2.30000E+01  2.35000E+01  2.40000E+01  2.45000E+01
#           2.50000E+01  2.55000E+01  2.60000E+01  2.65000E+01  2.70000E+01
#           2.75000E+01  2.80000E+01  2.85000E+01  2.90000E+01  2.95000E+01
#           3.00000E+01
   e-type =    1            # e-mesh is given by the below data
       ne =      4          # number of e-mesh points
#    data = ( e(i), i = 1, ne + 1 )
            1.00000E-10  5.00000E-07  1.00000E-01  2.00000E+01  1.00000E+05
     unit =    1            # unit is [1/cm^2/source]
 material =  all            # (D=all) number of specific material
  2D-type =    4            # 1:Cont, 2:Clust, 3:Color, 4:xyz, 5:mat, 6:Clust+Cont, 7:Col+Cont
     axis =      xz            # axis of output
     file = map_d2_small.out  # file name of output for the above axis
     part =  neutron  
# kf/name :  2112     
#    used :        main (  %)        temp (  %)       total (  %)
#  memory :         253 (  0)           0 (  0)         253 (  0)

[END] of Input Echo <<<========================================================

<<< Report of real Geometry memory >>>
*           GG/CG memory =        2
*     total memory: mdas = 80000000
*                percent =     0.00 %

<<< Report of material memory for high energy>>>
*   high energy material =        1
*     total memory: mdas = 80000000
*                percent =     0.00 %

<<< Report of material memory for low energy>>>
*    low energy material =     4431
*     total memory: mdas = 80000000
*                percent =     0.01 %

<<< Report of real tally memory >>>
*      real tally memory =     1351
*     total memory: mdas = 80000000
*                percent =     0.00 %

<<< Report of temporary tally memory >>>
* temporary tally memory =     4436
*     total memory: mdas = 80000000
*                percent =     0.01 %

<<< Report of total memory >>>
*      used total memory =     4437
*     total memory: mdas = 80000000
*                percent =     0.01 %
*                ---------------------

-------------------------------------------------------------------------------
bat[       1] ncas =        1000000.
 bitrseed = 0100000001111111010100000000000000000000000000000000000000000000
          cpu time =  32.758 s.

===============================================================================

 Summary for the end of job

-------------------------------------------------------------------------------
 number of analyz call vs ncol
-------------------------------------------------------------------------------
     ncol          number
        1              1.   : start of calculation            
        2              1.   : end of calculation              
        3              1.   : end of a batch                  
        4        1000000.   : source                          
        5              0.   : detection of geometry error/warn
        6              0.   : recovery from geometry warning  
        7              0.   : termination by geometry error   
        8          44207.   : termination by weight cut-off   
        9              0.   : termination by time cut-off     
       10         968129.   : geometry boundary crossing      
       11             50.   : termination by energy cut-off   
       12         955743.   : termination by escape or leakage
       13              0.   : reaction : (n,x) type           
       14       17356105.   : reaction : (n,n'x) type         
       15              0.   : sequential transport for tally  

-------------------------------------------------------------------------------
 List of transport particles (not including source)
-------------------------------------------------------------------------------
     Name      kf-code        mass       charge   baryon

-------------------------------------------------------------------------------
 stop. particles.    number        weight        weight per source
-------------------------------------------------------------------------------
     neutron              50.     1.9979123E+01     1.9955893E-05

-------------------------------------------------------------------------------
 leak. particles       number        weight        weight per source
-------------------------------------------------------------------------------
     neutron          955743.     9.4963888E+05     9.4853469E-01

-------------------------------------------------------------------------------
 source: maxcas    maxbch      irskip   average weight          total source
-------------------------------------------------------------------------------
     1000000           1           0    1.0011641E+00    1.0011641022870E+06

-------------------------------------------------------------------------------
 Geometry error summary
-------------------------------------------------------------------------------
 Number of lost particles     =     0 / nlost =       10
 Number of geometry recovering =     0
 Number of unrecovered errors =     0

-------------------------------------------------------------------------------
 initial random seed:
   bitrseed = 0100000001111111010100000000000000000000000000000000000000000000
 next initial random seed:
   bitrseed = 0011000101010010001011101111011011101001000101100011010001100100

-------------------------------------------------------------------------------
 job termination date : 2026/09/30
                 time :   17:58:14

-------------------------------------------------------------------------------
    CPU time and number of event called in PHITS
-------------------------------------------------------------------------------

                             sec
total cpu time =           34.80


                           count
      analysis =       20280028.  : data processing
         nevap =              0.  : evaporation
        dexgam =              0.  : de-excitation
         nreac =       17356105.  : atomic and nuclear reactions
         dklos =              0.  : particle decay
         hydro =              0.  : nucleon-nucleon scattering
        n-data =       17356105.  : neutron data library
        h-data =              0.  : p, d, a data library
        p-data =              0.  : photon data library
        e-data =              0.  : electron data library
        p-egs5 =              0.  : photon interaction with EGS5
        e-egs5 =              0.  : electron interaction with EGS5
      e-tsmode =              0.  : electron track structure mode
    ion-tsmode =              0.  : ion track structure mode
     photonucl =              0.  : photo-nuclear reaction
 photonucl lib =              0.  : photo-nuclear reaction with library
       mu-reac =              0.  : muon-induced nuclear reaction
       mu-brem =              0.  : muon-induced bremsstrahlung
       mu-pprd =              0.  : muon-induced pair production
        mu-cap =              0.  : muon capture in nucleus
         elast =              0.  : elastic scattering
         ncasc =              0.  : nuclear reaction model

       bertini =              0.  : Bertini model
        isobar =              0.  : isobar model
           JAM =              0.  : JAM model
           QMD =              0.  : JQMD model
        JAMQMD =              0.  : JAMQMD model
          INCL =              0.  : INCL model
        INCELF =              0.  : INCELF model
     frag data =              0.  : user defined cross section
       SCINFUL =              0.  : SCINFUL mode

>>> Citation Request >>>=======================================================

 This execution uses model(s) that must be explicitly cited in addition to
 the PHITS original document: T.Sato et al., J.Nucl.Sci.Technol.61, 127-135 (2024).
 Please refer the following document(s) in your publication using this result

 The KUROTAMA model:
    K. Iida, A. Kohama, and K. Oyamatsu, J. Phys. Soc. Japan 76, 044201 (2007).

 END 
