[ T-Track ]
    title = Flux spectrum in open air above ground
     mesh =  reg            # mesh type is region-wise
      reg = 111
   e-type =    3            # e-mesh is log given by emin, emax and ne
     emin =  1.0000000E-10  # minimum value of e-mesh points
     emax =   100000.0      # maximum value of e-mesh points
#    edel =  0.5756463      # mesh width of e-mesh points
       ne =     60          # number of e-mesh points
#    data = ( e(i), i = 1, ne + 1 )
#           1.00000E-10  1.77828E-10  3.16228E-10  5.62341E-10  1.00000E-09
#           1.77828E-09  3.16228E-09  5.62341E-09  1.00000E-08  1.77828E-08
#           3.16228E-08  5.62341E-08  1.00000E-07  1.77828E-07  3.16228E-07
#           5.62341E-07  1.00000E-06  1.77828E-06  3.16228E-06  5.62341E-06
#           1.00000E-05  1.77828E-05  3.16228E-05  5.62341E-05  1.00000E-04
#           1.77828E-04  3.16228E-04  5.62341E-04  1.00000E-03  1.77828E-03
#           3.16228E-03  5.62341E-03  1.00000E-02  1.77828E-02  3.16228E-02
#           5.62341E-02  1.00000E-01  1.77828E-01  3.16228E-01  5.62341E-01
#           1.00000E+00  1.77828E+00  3.16228E+00  5.62341E+00  1.00000E+01
#           1.77828E+01  3.16228E+01  5.62341E+01  1.00000E+02  1.77828E+02
#           3.16228E+02  5.62341E+02  1.00000E+03  1.77828E+03  3.16228E+03
#           5.62341E+03  1.00000E+04  1.77828E+04  3.16228E+04  5.62341E+04
#           1.00000E+05
     unit =    1            # unit is [1/cm^2/source]
 material =  all            # (D=all) number of specific material
     axis =     eng            # axis of output
     file = air_spec.out    # file name of output for the above axis
     part =  neutron    muon-      muon+      proton   
# kf/name :  2112       13         -13        2212     
#    used :        main (  %)        temp (  %)       total (  %)
#  memory :          67 (  0)           0 (  0)          67 (  0)

#------------------------------------------------------------------------------
#newpage:
#   no. =  1   reg =    111

x: Energy [MeV/n]
y: Flux [1/cm^2/source]              
p: xlog ylog afac(0.8) form(0.9)
h: n            x            y(neutron ),hh0l n  y(muon-   ),hh0dr n  y(muon+   ),hh0ub n  y(proton  ),hh0mg n  
#  e-lower      e-upper        neutron   r.err      muon-     r.err      muon+     r.err      proton    r.err 
   1.0000E-10   1.7783E-10   0.0000E+00  0.0000   0.0000E+00  0.0000   0.0000E+00  0.0000   0.0000E+00  0.0000
   1.7783E-10   3.1623E-10   0.0000E+00  0.0000   0.0000E+00  0.0000   0.0000E+00  0.0000   0.0000E+00  0.0000
   3.1623E-10   5.6234E-10   0.0000E+00  0.0000   0.0000E+00  0.0000   0.0000E+00  0.0000   0.0000E+00  0.0000
   5.6234E-10   1.0000E-09   0.0000E+00  0.0000   0.0000E+00  0.0000   0.0000E+00  0.0000   0.0000E+00  0.0000
   1.0000E-09   1.7783E-09   0.0000E+00  0.0000   0.0000E+00  0.0000   0.0000E+00  0.0000   0.0000E+00  0.0000
   1.7783E-09   3.1623E-09   4.8240E-07  1.0000   0.0000E+00  0.0000   0.0000E+00  0.0000   0.0000E+00  0.0000
   3.1623E-09   5.6234E-09   4.5420E-06  1.0000   0.0000E+00  0.0000   0.0000E+00  0.0000   0.0000E+00  0.0000
   5.6234E-09   1.0000E-08   0.0000E+00  0.0000   0.0000E+00  0.0000   0.0000E+00  0.0000   0.0000E+00  0.0000
   1.0000E-08   1.7783E-08   3.1274E-05  0.6770   0.0000E+00  0.0000   0.0000E+00  0.0000   0.0000E+00  0.0000
   1.7783E-08   3.1623E-08   1.1930E-04  0.5074   0.0000E+00  0.0000   0.0000E+00  0.0000   0.0000E+00  0.0000
   3.1623E-08   5.6234E-08   1.4821E-04  0.3839   0.0000E+00  0.0000   0.0000E+00  0.0000   0.0000E+00  0.0000
   5.6234E-08   1.0000E-07   9.8164E-05  0.5099   0.0000E+00  0.0000   0.0000E+00  0.0000   0.0000E+00  0.0000
   1.0000E-07   1.7783E-07   1.4637E-04  0.4510   0.0000E+00  0.0000   0.0000E+00  0.0000   0.0000E+00  0.0000
   1.7783E-07   3.1623E-07   1.8948E-05  0.6427   0.0000E+00  0.0000   0.0000E+00  0.0000   0.0000E+00  0.0000
   3.1623E-07   5.6234E-07   0.0000E+00  0.0000   0.0000E+00  0.0000   0.0000E+00  0.0000   0.0000E+00  0.0000
   5.6234E-07   1.0000E-06   1.1243E-06  0.7232   0.0000E+00  0.0000   0.0000E+00  0.0000   0.0000E+00  0.0000
   1.0000E-06   1.7783E-06   8.7234E-07  1.0000   0.0000E+00  0.0000   0.0000E+00  0.0000   0.0000E+00  0.0000
   1.7783E-06   3.1623E-06   6.9543E-06  0.9327   0.0000E+00  0.0000   0.0000E+00  0.0000   0.0000E+00  0.0000
   3.1623E-06   5.6234E-06   0.0000E+00  0.0000   0.0000E+00  0.0000   0.0000E+00  0.0000   0.0000E+00  0.0000
   5.6234E-06   1.0000E-05   0.0000E+00  0.0000   0.0000E+00  0.0000   0.0000E+00  0.0000   0.0000E+00  0.0000
   1.0000E-05   1.7783E-05   2.0618E-05  0.9332   0.0000E+00  0.0000   0.0000E+00  0.0000   0.0000E+00  0.0000
   1.7783E-05   3.1623E-05   0.0000E+00  0.0000   0.0000E+00  0.0000   0.0000E+00  0.0000   0.0000E+00  0.0000
   3.1623E-05   5.6234E-05   2.0923E-05  0.9988   0.0000E+00  0.0000   0.0000E+00  0.0000   0.0000E+00  0.0000
   5.6234E-05   1.0000E-04   1.3612E-04  1.0000   0.0000E+00  0.0000   0.0000E+00  0.0000   0.0000E+00  0.0000
   1.0000E-04   1.7783E-04   2.6427E-05  1.0000   0.0000E+00  0.0000   0.0000E+00  0.0000   0.0000E+00  0.0000
   1.7783E-04   3.1623E-04   3.5983E-06  0.7103   0.0000E+00  0.0000   0.0000E+00  0.0000   0.0000E+00  0.0000
   3.1623E-04   5.6234E-04   0.0000E+00  0.0000   0.0000E+00  0.0000   0.0000E+00  0.0000   0.0000E+00  0.0000
   5.6234E-04   1.0000E-03   2.0084E-05  1.0000   0.0000E+00  0.0000   0.0000E+00  0.0000   0.0000E+00  0.0000
   1.0000E-03   1.7783E-03   0.0000E+00  0.0000   0.0000E+00  0.0000   0.0000E+00  0.0000   9.5380E-11  0.5768
   1.7783E-03   3.1623E-03   4.4259E-05  0.7102   0.0000E+00  0.0000   0.0000E+00  0.0000   1.3687E-10  0.5768
   3.1623E-03   5.6234E-03   6.5422E-05  0.6281   0.0000E+00  0.0000   0.0000E+00  0.0000   1.9365E-10  0.5768
   5.6234E-03   1.0000E-02   8.1864E-05  0.8000   0.0000E+00  0.0000   0.0000E+00  0.0000   2.7089E-10  0.5768
   1.0000E-02   1.7783E-02   1.9553E-05  1.0000   0.0000E+00  0.0000   0.0000E+00  0.0000   3.7594E-10  0.5768
   1.7783E-02   3.1623E-02   3.5854E-06  0.6758   0.0000E+00  0.0000   0.0000E+00  0.0000   5.2449E-10  0.5768
   3.1623E-02   5.6234E-02   1.4732E-04  0.4511   0.0000E+00  0.0000   0.0000E+00  0.0000   8.0262E-10  0.5768
   5.6234E-02   1.0000E-01   2.1147E-05  0.9078   0.0000E+00  0.0000   0.0000E+00  0.0000   1.3016E-09  0.5768
   1.0000E-01   1.7783E-01   2.2486E-04  0.4732   0.0000E+00  0.0000   0.0000E+00  0.0000   2.3051E-09  0.5768
   1.7783E-01   3.1623E-01   5.0326E-05  0.6538   0.0000E+00  0.0000   0.0000E+00  0.0000   4.7353E-09  0.5768
   3.1623E-01   5.6234E-01   6.7696E-05  0.5877   0.0000E+00  0.0000   0.0000E+00  0.0000   1.1395E-08  0.5768
   5.6234E-01   1.0000E+00   2.1060E-04  0.3609   0.0000E+00  0.0000   0.0000E+00  0.0000   2.9615E-08  0.5768
   1.0000E+00   1.7783E+00   1.8902E-04  0.4483   0.0000E+00  0.0000   0.0000E+00  0.0000   7.7717E-08  0.5768
   1.7783E+00   3.1623E+00   2.8234E-04  0.3185   0.0000E+00  0.0000   0.0000E+00  0.0000   2.0626E-07  0.5768
   3.1623E+00   5.6234E+00   1.8378E-04  0.3443   0.0000E+00  0.0000   0.0000E+00  0.0000   5.6065E-07  0.5768
   5.6234E+00   1.0000E+01   6.5202E-05  0.5502   0.0000E+00  0.0000   0.0000E+00  0.0000   1.5618E-06  0.5768
   1.0000E+01   1.7783E+01   1.4201E-04  0.6312   0.0000E+00  0.0000   0.0000E+00  0.0000   5.2158E-06  0.5066
   1.7783E+01   3.1623E+01   8.8563E-05  0.4694   0.0000E+00  0.0000   0.0000E+00  0.0000   6.6722E-06  0.4454
   3.1623E+01   5.6234E+01   2.7948E-04  0.3889   0.0000E+00  0.0000   0.0000E+00  0.0000   9.0849E-06  0.4052
   5.6234E+01   1.0000E+02   4.6996E-04  0.2496   0.0000E+00  0.0000   0.0000E+00  0.0000   3.5106E-05  0.2794
   1.0000E+02   1.7783E+02   5.9453E-04  0.2169   0.0000E+00  0.0000   0.0000E+00  0.0000   2.7603E-05  0.2446
   1.7783E+02   3.1623E+02   3.7685E-04  0.2543   0.0000E+00  0.0000   0.0000E+00  0.0000   5.8911E-05  0.2612
   3.1623E+02   5.6234E+02   2.1611E-04  0.3088   0.0000E+00  0.0000   0.0000E+00  0.0000   2.4059E-05  0.2707
   5.6234E+02   1.0000E+03   5.0192E-05  0.7181   0.0000E+00  0.0000   0.0000E+00  0.0000   1.7383E-05  0.3018
   1.0000E+03   1.7783E+03   1.9733E-05  0.9232   0.0000E+00  0.0000   0.0000E+00  0.0000   1.3227E-05  0.3734
   1.7783E+03   3.1623E+03   2.0218E-05  1.0000   0.0000E+00  0.0000   0.0000E+00  0.0000   1.2349E-05  0.3585
   3.1623E+03   5.6234E+03   2.1257E-05  1.0000   0.0000E+00  0.0000   0.0000E+00  0.0000   8.3589E-06  0.4489
   5.6234E+03   1.0000E+04   0.0000E+00  0.0000   0.0000E+00  0.0000   0.0000E+00  0.0000   1.4863E-06  1.0000
   1.0000E+04   1.7783E+04   0.0000E+00  0.0000   0.0000E+00  0.0000   0.0000E+00  0.0000   3.2339E-06  0.7096
   1.7783E+04   3.1623E+04   0.0000E+00  0.0000   0.0000E+00  0.0000   0.0000E+00  0.0000   0.0000E+00  0.0000
   3.1623E+04   5.6234E+04   0.0000E+00  0.0000   0.0000E+00  0.0000   0.0000E+00  0.0000   0.0000E+00  0.0000
   5.6234E+04   1.0000E+05   0.0000E+00  0.0000   0.0000E+00  0.0000   0.0000E+00  0.0000   0.0000E+00  0.0000

#   sum over                 4.7399E-03  0.0984   0.0000E+00  0.0000   0.0000E+00  0.0000   2.2515E-04  0.1023

'no. =  1,  reg  =    111'
msuc: {\huge Flux spectrum in open air above ground}
msdr: {\it plotted by \ANGEL \version}
msdl: {\it calculated by \PHITS  3.36}
wt: s(0.7)
\vspace{-3}
   vol  &=&   5.1200E+08 [cm^3]
e:
 
# Information for Restart Calculation
# This calculation was newly started
# istdev =  2 # 1:Batch variance, 2:History variance
# resc2  = 3.78452668676380888E-02 # Total source weight or Total source weight / maxcas
# resc3  = 1.00000000000000000E+03 # Total history number or Total batch number
# maxcas =        1000 # History / Batch, only used for istdev=1
# bitrseed = 0010111110000000001101110000010011100110011101010111101010101100 # bit data of rseed
