[ T-Track ]
    title = Flux spectrum in open air above ground
     mesh =  reg            # mesh type is region-wise
      reg = 111
   e-type =    3            # e-mesh is log given by emin, emax and ne
     emin =  1.0000000E-10  # minimum value of e-mesh points
     emax =   100000.0      # maximum value of e-mesh points
#    edel =  0.5756463      # mesh width of e-mesh points
       ne =     60          # number of e-mesh points
#    data = ( e(i), i = 1, ne + 1 )
#           1.00000E-10  1.77828E-10  3.16228E-10  5.62341E-10  1.00000E-09
#           1.77828E-09  3.16228E-09  5.62341E-09  1.00000E-08  1.77828E-08
#           3.16228E-08  5.62341E-08  1.00000E-07  1.77828E-07  3.16228E-07
#           5.62341E-07  1.00000E-06  1.77828E-06  3.16228E-06  5.62341E-06
#           1.00000E-05  1.77828E-05  3.16228E-05  5.62341E-05  1.00000E-04
#           1.77828E-04  3.16228E-04  5.62341E-04  1.00000E-03  1.77828E-03
#           3.16228E-03  5.62341E-03  1.00000E-02  1.77828E-02  3.16228E-02
#           5.62341E-02  1.00000E-01  1.77828E-01  3.16228E-01  5.62341E-01
#           1.00000E+00  1.77828E+00  3.16228E+00  5.62341E+00  1.00000E+01
#           1.77828E+01  3.16228E+01  5.62341E+01  1.00000E+02  1.77828E+02
#           3.16228E+02  5.62341E+02  1.00000E+03  1.77828E+03  3.16228E+03
#           5.62341E+03  1.00000E+04  1.77828E+04  3.16228E+04  5.62341E+04
#           1.00000E+05
     unit =    1            # unit is [1/cm^2/source]
 material =  all            # (D=all) number of specific material
     axis =     eng            # axis of output
     file = air_spec.out    # file name of output for the above axis
     part =  neutron    muon-      muon+      proton   
# kf/name :  2112       13         -13        2212     
#    used :        main (  %)        temp (  %)       total (  %)
#  memory :          67 (  0)           0 (  0)          67 (  0)

#------------------------------------------------------------------------------
#newpage:
#   no. =  1   reg =    111

x: Energy [MeV/n]
y: Flux [1/cm^2/source]              
p: xlog ylog afac(0.8) form(0.9)
h: n            x            y(neutron ),hh0l n  y(muon-   ),hh0dr n  y(muon+   ),hh0ub n  y(proton  ),hh0mg n  
#  e-lower      e-upper        neutron   r.err      muon-     r.err      muon+     r.err      proton    r.err 
   1.0000E-10   1.7783E-10   0.0000E+00  0.0000   0.0000E+00  0.0000   0.0000E+00  0.0000   0.0000E+00  0.0000
   1.7783E-10   3.1623E-10   0.0000E+00  0.0000   0.0000E+00  0.0000   0.0000E+00  0.0000   0.0000E+00  0.0000
   3.1623E-10   5.6234E-10   0.0000E+00  0.0000   0.0000E+00  0.0000   0.0000E+00  0.0000   0.0000E+00  0.0000
   5.6234E-10   1.0000E-09   0.0000E+00  0.0000   0.0000E+00  0.0000   0.0000E+00  0.0000   0.0000E+00  0.0000
   1.0000E-09   1.7783E-09   0.0000E+00  0.0000   0.0000E+00  0.0000   0.0000E+00  0.0000   0.0000E+00  0.0000
   1.7783E-09   3.1623E-09   0.0000E+00  0.0000   0.0000E+00  0.0000   0.0000E+00  0.0000   0.0000E+00  0.0000
   3.1623E-09   5.6234E-09   4.7563E-07  1.0000   0.0000E+00  0.0000   0.0000E+00  0.0000   0.0000E+00  0.0000
   5.6234E-09   1.0000E-08   1.0628E-06  0.7794   0.0000E+00  0.0000   0.0000E+00  0.0000   0.0000E+00  0.0000
   1.0000E-08   1.7783E-08   1.0782E-06  0.9215   0.0000E+00  0.0000   0.0000E+00  0.0000   0.0000E+00  0.0000
   1.7783E-08   3.1623E-08   5.4536E-05  0.4590   0.0000E+00  0.0000   0.0000E+00  0.0000   0.0000E+00  0.0000
   3.1623E-08   5.6234E-08   7.7640E-05  0.4508   0.0000E+00  0.0000   0.0000E+00  0.0000   0.0000E+00  0.0000
   5.6234E-08   1.0000E-07   1.9782E-04  0.4663   0.0000E+00  0.0000   0.0000E+00  0.0000   0.0000E+00  0.0000
   1.0000E-07   1.7783E-07   3.2180E-05  0.6299   0.0000E+00  0.0000   0.0000E+00  0.0000   0.0000E+00  0.0000
   1.7783E-07   3.1623E-07   7.0623E-06  0.8510   0.0000E+00  0.0000   0.0000E+00  0.0000   0.0000E+00  0.0000
   3.1623E-07   5.6234E-07   0.0000E+00  0.0000   0.0000E+00  0.0000   0.0000E+00  0.0000   0.0000E+00  0.0000
   5.6234E-07   1.0000E-06   3.8667E-05  1.0000   0.0000E+00  0.0000   0.0000E+00  0.0000   0.0000E+00  0.0000
   1.0000E-06   1.7783E-06   2.7583E-05  1.0000   0.0000E+00  0.0000   0.0000E+00  0.0000   0.0000E+00  0.0000
   1.7783E-06   3.1623E-06   0.0000E+00  0.0000   0.0000E+00  0.0000   0.0000E+00  0.0000   0.0000E+00  0.0000
   3.1623E-06   5.6234E-06   1.0404E-05  1.0000   0.0000E+00  0.0000   0.0000E+00  0.0000   0.0000E+00  0.0000
   5.6234E-06   1.0000E-05   0.0000E+00  0.0000   0.0000E+00  0.0000   0.0000E+00  0.0000   0.0000E+00  0.0000
   1.0000E-05   1.7783E-05   3.6901E-05  1.0000   0.0000E+00  0.0000   0.0000E+00  0.0000   0.0000E+00  0.0000
   1.7783E-05   3.1623E-05   1.0357E-05  0.7766   0.0000E+00  0.0000   0.0000E+00  0.0000   0.0000E+00  0.0000
   3.1623E-05   5.6234E-05   0.0000E+00  0.0000   0.0000E+00  0.0000   0.0000E+00  0.0000   0.0000E+00  0.0000
   5.6234E-05   1.0000E-04   0.0000E+00  0.0000   0.0000E+00  0.0000   0.0000E+00  0.0000   0.0000E+00  0.0000
   1.0000E-04   1.7783E-04   2.4686E-05  1.0000   0.0000E+00  0.0000   0.0000E+00  0.0000   0.0000E+00  0.0000
   1.7783E-04   3.1623E-04   2.4400E-08  1.0000   0.0000E+00  0.0000   0.0000E+00  0.0000   0.0000E+00  0.0000
   3.1623E-04   5.6234E-04   9.6179E-08  1.0000   0.0000E+00  0.0000   0.0000E+00  0.0000   0.0000E+00  0.0000
   5.6234E-04   1.0000E-03   3.6226E-05  0.9356   0.0000E+00  0.0000   0.0000E+00  0.0000   0.0000E+00  0.0000
   1.0000E-03   1.7783E-03   7.8331E-05  0.7154   0.0000E+00  0.0000   0.0000E+00  0.0000   4.5521E-11  1.0000
   1.7783E-03   3.1623E-03   0.0000E+00  0.0000   0.0000E+00  0.0000   0.0000E+00  0.0000   6.5322E-11  1.0000
   3.1623E-03   5.6234E-03   3.4819E-05  0.8872   0.0000E+00  0.0000   0.0000E+00  0.0000   9.2423E-11  1.0000
   5.6234E-03   1.0000E-02   3.0147E-06  1.0000   0.0000E+00  0.0000   0.0000E+00  0.0000   1.2929E-10  1.0000
   1.0000E-02   1.7783E-02   5.6869E-05  1.0000   0.0000E+00  0.0000   0.0000E+00  0.0000   1.7942E-10  1.0000
   1.7783E-02   3.1623E-02   3.9798E-06  0.6164   0.0000E+00  0.0000   0.0000E+00  0.0000   2.5032E-10  1.0000
   3.1623E-02   5.6234E-02   4.0546E-05  0.9764   0.0000E+00  0.0000   0.0000E+00  0.0000   3.8305E-10  1.0000
   5.6234E-02   1.0000E-01   1.7074E-04  0.6040   0.0000E+00  0.0000   0.0000E+00  0.0000   6.2122E-10  1.0000
   1.0000E-01   1.7783E-01   1.3856E-04  0.6055   0.0000E+00  0.0000   0.0000E+00  0.0000   1.1001E-09  1.0000
   1.7783E-01   3.1623E-01   2.3910E-04  0.4551   0.0000E+00  0.0000   0.0000E+00  0.0000   2.2599E-09  1.0000
   3.1623E-01   5.6234E-01   1.6289E-04  0.4491   0.0000E+00  0.0000   0.0000E+00  0.0000   5.4382E-09  1.0000
   5.6234E-01   1.0000E+00   3.3475E-04  0.4526   0.0000E+00  0.0000   0.0000E+00  0.0000   9.9167E-09  1.0000
   1.0000E+00   1.7783E+00   2.8018E-04  0.3321   0.0000E+00  0.0000   0.0000E+00  0.0000   0.0000E+00  0.0000
   1.7783E+00   3.1623E+00   1.6587E-04  0.4818   0.0000E+00  0.0000   0.0000E+00  0.0000   0.0000E+00  0.0000
   3.1623E+00   5.6234E+00   1.8160E-04  0.5660   0.0000E+00  0.0000   0.0000E+00  0.0000   0.0000E+00  0.0000
   5.6234E+00   1.0000E+01   1.6379E-04  0.5186   0.0000E+00  0.0000   0.0000E+00  0.0000   7.4282E-07  1.0000
   1.0000E+01   1.7783E+01   1.7884E-04  0.4876   0.0000E+00  0.0000   0.0000E+00  0.0000   2.6054E-07  1.0000
   1.7783E+01   3.1623E+01   3.2512E-04  0.4882   0.0000E+00  0.0000   0.0000E+00  0.0000   3.2104E-06  0.7384
   3.1623E+01   5.6234E+01   2.4455E-04  0.4129   0.0000E+00  0.0000   0.0000E+00  0.0000   6.1146E-06  0.5736
   5.6234E+01   1.0000E+02   4.2429E-04  0.2815   0.0000E+00  0.0000   0.0000E+00  0.0000   2.2729E-05  0.3212
   1.0000E+02   1.7783E+02   5.8115E-04  0.2493   0.0000E+00  0.0000   0.0000E+00  0.0000   3.2832E-05  0.3215
   1.7783E+02   3.1623E+02   2.8779E-04  0.3434   0.0000E+00  0.0000   0.0000E+00  0.0000   4.7704E-05  0.3116
   3.1623E+02   5.6234E+02   1.0729E-04  0.5868   0.0000E+00  0.0000   0.0000E+00  0.0000   3.1062E-05  0.2883
   5.6234E+02   1.0000E+03   5.7990E-05  0.7067   0.0000E+00  0.0000   0.0000E+00  0.0000   2.7252E-05  0.2929
   1.0000E+03   1.7783E+03   1.2043E-05  1.0000   0.0000E+00  0.0000   0.0000E+00  0.0000   5.8392E-06  0.7364
   1.7783E+03   3.1623E+03   0.0000E+00  0.0000   0.0000E+00  0.0000   0.0000E+00  0.0000   6.0268E-06  0.5814
   3.1623E+03   5.6234E+03   0.0000E+00  0.0000   0.0000E+00  0.0000   0.0000E+00  0.0000   6.4428E-06  0.5775
   5.6234E+03   1.0000E+04   0.0000E+00  0.0000   0.0000E+00  0.0000   0.0000E+00  0.0000   4.3719E-06  0.7068
   1.0000E+04   1.7783E+04   0.0000E+00  0.0000   0.0000E+00  0.0000   0.0000E+00  0.0000   0.0000E+00  0.0000
   1.7783E+04   3.1623E+04   0.0000E+00  0.0000   0.0000E+00  0.0000   0.0000E+00  0.0000   0.0000E+00  0.0000
   3.1623E+04   5.6234E+04   0.0000E+00  0.0000   0.0000E+00  0.0000   0.0000E+00  0.0000   2.0948E-06  1.0000
   5.6234E+04   1.0000E+05   0.0000E+00  0.0000   0.0000E+00  0.0000   0.0000E+00  0.0000   2.1132E-06  1.0000

#   sum over                 4.8309E-03  0.1121   0.0000E+00  0.0000   0.0000E+00  0.0000   1.9882E-04  0.1214

'no. =  1,  reg  =    111'
msuc: {\huge Flux spectrum in open air above ground}
msdr: {\it plotted by \ANGEL \version}
msdl: {\it calculated by \PHITS  3.36}
wt: s(0.7)
\vspace{-3}
   vol  &=&   5.1200E+08 [cm^3]
e:
 
# Information for Restart Calculation
# This calculation was newly started
# istdev =  2 # 1:Batch variance, 2:History variance
# resc2  = 2.64326646025285182E-02 # Total source weight or Total source weight / maxcas
# resc3  = 7.00000000000000000E+02 # Total history number or Total batch number
# maxcas =         700 # History / Batch, only used for istdev=1
# bitrseed = 1110010101110011000111001010101001101011101101111111100011010111 # bit data of rseed
