[ T-Track ]
    title = Flux spectrum in tunnel air
     mesh =  reg            # mesh type is region-wise
      reg = 300
   e-type =    3            # e-mesh is log given by emin, emax and ne
     emin =  1.0000000E-10  # minimum value of e-mesh points
     emax =   100000.0      # maximum value of e-mesh points
#    edel =  0.5756463      # mesh width of e-mesh points
       ne =     60          # number of e-mesh points
#    data = ( e(i), i = 1, ne + 1 )
#           1.00000E-10  1.77828E-10  3.16228E-10  5.62341E-10  1.00000E-09
#           1.77828E-09  3.16228E-09  5.62341E-09  1.00000E-08  1.77828E-08
#           3.16228E-08  5.62341E-08  1.00000E-07  1.77828E-07  3.16228E-07
#           5.62341E-07  1.00000E-06  1.77828E-06  3.16228E-06  5.62341E-06
#           1.00000E-05  1.77828E-05  3.16228E-05  5.62341E-05  1.00000E-04
#           1.77828E-04  3.16228E-04  5.62341E-04  1.00000E-03  1.77828E-03
#           3.16228E-03  5.62341E-03  1.00000E-02  1.77828E-02  3.16228E-02
#           5.62341E-02  1.00000E-01  1.77828E-01  3.16228E-01  5.62341E-01
#           1.00000E+00  1.77828E+00  3.16228E+00  5.62341E+00  1.00000E+01
#           1.77828E+01  3.16228E+01  5.62341E+01  1.00000E+02  1.77828E+02
#           3.16228E+02  5.62341E+02  1.00000E+03  1.77828E+03  3.16228E+03
#           5.62341E+03  1.00000E+04  1.77828E+04  3.16228E+04  5.62341E+04
#           1.00000E+05
     unit =    1            # unit is [1/cm^2/source]
 material =  all            # (D=all) number of specific material
     axis =     eng            # axis of output
     file = tunnel_spec.out  # file name of output for the above axis
     part =  neutron    muon-      muon+      proton   
# kf/name :  2112       13         -13        2212     
#    used :        main (  %)        temp (  %)       total (  %)
#  memory :          67 (  0)           0 (  0)          67 (  0)

#------------------------------------------------------------------------------
#newpage:
#   no. =  1   reg =    300

x: Energy [MeV/n]
y: Flux [1/cm^2/source]              
p: xlog ylog afac(0.8) form(0.9)
h: n            x            y(neutron ),hh0l n  y(muon-   ),hh0dr n  y(muon+   ),hh0ub n  y(proton  ),hh0mg n  
#  e-lower      e-upper        neutron   r.err      muon-     r.err      muon+     r.err      proton    r.err 
   1.0000E-10   1.7783E-10   7.6232E-10  1.0000   0.0000E+00  0.0000   0.0000E+00  0.0000   0.0000E+00  0.0000
   1.7783E-10   3.1623E-10   0.0000E+00  0.0000   0.0000E+00  0.0000   0.0000E+00  0.0000   0.0000E+00  0.0000
   3.1623E-10   5.6234E-10   1.3012E-09  1.0000   0.0000E+00  0.0000   0.0000E+00  0.0000   0.0000E+00  0.0000
   5.6234E-10   1.0000E-09   4.1430E-08  1.0000   0.0000E+00  0.0000   0.0000E+00  0.0000   0.0000E+00  0.0000
   1.0000E-09   1.7783E-09   1.4777E-08  1.0000   0.0000E+00  0.0000   0.0000E+00  0.0000   0.0000E+00  0.0000
   1.7783E-09   3.1623E-09   3.9799E-08  1.0000   0.0000E+00  0.0000   0.0000E+00  0.0000   0.0000E+00  0.0000
   3.1623E-09   5.6234E-09   5.4069E-07  0.8338   0.0000E+00  0.0000   0.0000E+00  0.0000   0.0000E+00  0.0000
   5.6234E-09   1.0000E-08   1.2052E-06  0.9809   0.0000E+00  0.0000   0.0000E+00  0.0000   0.0000E+00  0.0000
   1.0000E-08   1.7783E-08   2.7693E-06  0.8769   0.0000E+00  0.0000   0.0000E+00  0.0000   0.0000E+00  0.0000
   1.7783E-08   3.1623E-08   6.1580E-06  0.8684   0.0000E+00  0.0000   0.0000E+00  0.0000   0.0000E+00  0.0000
   3.1623E-08   5.6234E-08   9.5131E-06  0.8375   0.0000E+00  0.0000   0.0000E+00  0.0000   0.0000E+00  0.0000
   5.6234E-08   1.0000E-07   8.6174E-06  0.8229   0.0000E+00  0.0000   0.0000E+00  0.0000   0.0000E+00  0.0000
   1.0000E-07   1.7783E-07   2.6988E-06  0.9213   0.0000E+00  0.0000   0.0000E+00  0.0000   0.0000E+00  0.0000
   1.7783E-07   3.1623E-07   1.4578E-06  0.9996   0.0000E+00  0.0000   0.0000E+00  0.0000   0.0000E+00  0.0000
   3.1623E-07   5.6234E-07   4.6902E-07  1.0000   0.0000E+00  0.0000   0.0000E+00  0.0000   0.0000E+00  0.0000
   5.6234E-07   1.0000E-06   8.9183E-07  0.9947   0.0000E+00  0.0000   0.0000E+00  0.0000   0.0000E+00  0.0000
   1.0000E-06   1.7783E-06   3.1292E-07  0.8229   0.0000E+00  0.0000   0.0000E+00  0.0000   0.0000E+00  0.0000
   1.7783E-06   3.1623E-06   3.7627E-07  0.9591   0.0000E+00  0.0000   0.0000E+00  0.0000   0.0000E+00  0.0000
   3.1623E-06   5.6234E-06   1.7796E-07  0.9940   0.0000E+00  0.0000   0.0000E+00  0.0000   0.0000E+00  0.0000
   5.6234E-06   1.0000E-05   6.9777E-07  1.0000   0.0000E+00  0.0000   0.0000E+00  0.0000   0.0000E+00  0.0000
   1.0000E-05   1.7783E-05   6.3631E-07  1.0000   0.0000E+00  0.0000   0.0000E+00  0.0000   0.0000E+00  0.0000
   1.7783E-05   3.1623E-05   2.8522E-07  1.0000   0.0000E+00  0.0000   0.0000E+00  0.0000   0.0000E+00  0.0000
   3.1623E-05   5.6234E-05   6.7895E-08  1.0000   0.0000E+00  0.0000   0.0000E+00  0.0000   0.0000E+00  0.0000
   5.6234E-05   1.0000E-04   3.6625E-07  1.0000   0.0000E+00  0.0000   0.0000E+00  0.0000   0.0000E+00  0.0000
   1.0000E-04   1.7783E-04   4.0381E-07  0.9222   0.0000E+00  0.0000   0.0000E+00  0.0000   0.0000E+00  0.0000
   1.7783E-04   3.1623E-04   2.7233E-07  1.0000   0.0000E+00  0.0000   0.0000E+00  0.0000   0.0000E+00  0.0000
   3.1623E-04   5.6234E-04   5.8074E-07  1.0000   0.0000E+00  0.0000   0.0000E+00  0.0000   0.0000E+00  0.0000
   5.6234E-04   1.0000E-03   3.2058E-07  0.9802   0.0000E+00  0.0000   0.0000E+00  0.0000   0.0000E+00  0.0000
   1.0000E-03   1.7783E-03   5.7555E-07  0.9897   0.0000E+00  0.0000   0.0000E+00  0.0000   1.7702E-12  1.0000
   1.7783E-03   3.1623E-03   5.7964E-07  1.0000   0.0000E+00  0.0000   0.0000E+00  0.0000   2.5403E-12  1.0000
   3.1623E-03   5.6234E-03   4.6635E-07  1.0000   0.0000E+00  0.0000   0.0000E+00  0.0000   3.5942E-12  1.0000
   5.6234E-03   1.0000E-02   4.1856E-07  0.9587   0.0000E+00  0.0000   0.0000E+00  0.0000   5.0278E-12  1.0000
   1.0000E-02   1.7783E-02   1.0688E-06  0.9589   0.0000E+00  0.0000   0.0000E+00  0.0000   6.9774E-12  1.0000
   1.7783E-02   3.1623E-02   2.3541E-07  0.8780   0.0000E+00  0.0000   0.0000E+00  0.0000   9.7345E-12  1.0000
   3.1623E-02   5.6234E-02   7.7804E-07  0.9951   0.0000E+00  0.0000   0.0000E+00  0.0000   1.4896E-11  1.0000
   5.6234E-02   1.0000E-01   1.3170E-06  0.8689   0.0000E+00  0.0000   0.0000E+00  0.0000   2.4158E-11  1.0000
   1.0000E-01   1.7783E-01   8.0413E-07  1.0000   0.0000E+00  0.0000   0.0000E+00  0.0000   4.2782E-11  1.0000
   1.7783E-01   3.1623E-01   1.8452E-06  0.8844   0.0000E+00  0.0000   0.0000E+00  0.0000   8.7886E-11  1.0000
   3.1623E-01   5.6234E-01   2.7122E-06  0.9858   0.0000E+00  0.0000   0.0000E+00  0.0000   2.1149E-10  1.0000
   5.6234E-01   1.0000E+00   2.0691E-06  0.8807   0.0000E+00  0.0000   0.0000E+00  0.0000   5.4947E-10  1.0000
   1.0000E+00   1.7783E+00   8.1883E-06  0.9747   0.0000E+00  0.0000   0.0000E+00  0.0000   1.2364E-09  1.0000
   1.7783E+00   3.1623E+00   4.1452E-06  0.9523   0.0000E+00  0.0000   0.0000E+00  0.0000   3.2812E-09  1.0000
   3.1623E+00   5.6234E+00   2.0135E-06  0.9432   0.0000E+00  0.0000   0.0000E+00  0.0000   6.7451E-09  1.0000
   5.6234E+00   1.0000E+01   2.0106E-06  0.7445   0.0000E+00  0.0000   0.0000E+00  0.0000   1.2576E-08  1.0000
   1.0000E+01   1.7783E+01   3.0920E-06  0.9789   0.0000E+00  0.0000   0.0000E+00  0.0000   0.0000E+00  0.0000
   1.7783E+01   3.1623E+01   2.4011E-06  1.0000   0.0000E+00  0.0000   0.0000E+00  0.0000   0.0000E+00  0.0000
   3.1623E+01   5.6234E+01   1.8701E-06  0.8579   0.0000E+00  0.0000   0.0000E+00  0.0000   0.0000E+00  0.0000
   5.6234E+01   1.0000E+02   5.1991E-06  0.7280   0.0000E+00  0.0000   0.0000E+00  0.0000   0.0000E+00  0.0000
   1.0000E+02   1.7783E+02   3.1684E-06  0.8755   0.0000E+00  0.0000   0.0000E+00  0.0000   1.2807E-10  1.0000
   1.7783E+02   3.1623E+02   1.3509E-06  0.9867   0.0000E+00  0.0000   0.0000E+00  0.0000   4.5370E-07  1.0000
   3.1623E+02   5.6234E+02   2.4056E-06  0.9931   0.0000E+00  0.0000   0.0000E+00  0.0000   3.1601E-07  1.0000
   5.6234E+02   1.0000E+03   8.4636E-07  1.0000   0.0000E+00  0.0000   0.0000E+00  0.0000   6.2995E-07  1.0000
   1.0000E+03   1.7783E+03   3.3877E-07  1.0000   0.0000E+00  0.0000   0.0000E+00  0.0000   1.7785E-07  1.0000
   1.7783E+03   3.1623E+03   0.0000E+00  0.0000   0.0000E+00  0.0000   0.0000E+00  0.0000   1.4129E-07  1.0000
   3.1623E+03   5.6234E+03   0.0000E+00  0.0000   0.0000E+00  0.0000   0.0000E+00  0.0000   0.0000E+00  0.0000
   5.6234E+03   1.0000E+04   0.0000E+00  0.0000   0.0000E+00  0.0000   0.0000E+00  0.0000   0.0000E+00  0.0000
   1.0000E+04   1.7783E+04   0.0000E+00  0.0000   0.0000E+00  0.0000   0.0000E+00  0.0000   0.0000E+00  0.0000
   1.7783E+04   3.1623E+04   0.0000E+00  0.0000   0.0000E+00  0.0000   0.0000E+00  0.0000   0.0000E+00  0.0000
   3.1623E+04   5.6234E+04   0.0000E+00  0.0000   0.0000E+00  0.0000   0.0000E+00  0.0000   0.0000E+00  0.0000
   5.6234E+04   1.0000E+05   0.0000E+00  0.0000   0.0000E+00  0.0000   0.0000E+00  0.0000   0.0000E+00  0.0000

#   sum over                 8.8817E-05  0.8954   0.0000E+00  0.0000   0.0000E+00  0.0000   1.7437E-06  1.0000

'no. =  1,  reg  =    300'
msuc: {\huge Flux spectrum in tunnel air}
msdr: {\it plotted by \ANGEL \version}
msdl: {\it calculated by \PHITS  3.36}
wt: s(0.7)
\vspace{-3}
   vol  &=&   1.8000E+08 [cm^3]
e:
 
# Information for Restart Calculation
# This calculation was newly started
# istdev =  2 # 1:Batch variance, 2:History variance
# resc2  = 2.64326646025285182E-02 # Total source weight or Total source weight / maxcas
# resc3  = 7.00000000000000000E+02 # Total history number or Total batch number
# maxcas =         700 # History / Batch, only used for istdev=1
# bitrseed = 1110010101110011000111001010101001101011101101111111100011010111 # bit data of rseed
