runs/KEKB/mum_s1006 exit=0
runs/KEKB/mum_s1010 exit=0
runs/KEKB/mum_s1003 exit=0
runs/KEKB/mum_s1009 exit=0
runs/KEKB/mum_s1008 exit=0
runs/KEKB/mum_s1005 exit=0
runs/KEKB/mum_s1002 exit=0
runs/KEKB/mum_s1007 exit=0
runs/KEKB/mum_s1001 exit=0
runs/KEKB/mum_s1004 exit=0
runs/KEKB/mum_s1011 exit=0
runs/KEKB/mum_s1012 exit=0
runs/KEKB/mum_s1013 exit=0
runs/KEKB/mum_s1016 exit=0
runs/KEKB/mum_s1015 exit=0
runs/KEKB/mum_s1014 exit=0
runs/KEKB/mum_s1017 exit=0
runs/KEKB/mum_s1019 exit=0
runs/KEKB/mum_s1020 exit=0
runs/KEKB/mum_s1018 exit=0
runs/KEKB/mum_s1021 exit=0
runs/KEKB/mum_s1022 exit=0
runs/KEKB/mum_s1023 exit=0
runs/KEKB/mup_s2003 exit=0
runs/KEKB/mup_s2001 exit=0
runs/KEKB/mum_s1024 exit=0
runs/KEKB/mup_s2004 exit=0
runs/KEKB/mup_s2005 exit=0
runs/KEKB/mup_s2006 exit=0
runs/KEKB/mup_s2002 exit=0
runs/KEKB/mup_s2007 exit=0
runs/KEKB/mup_s2008 exit=0
runs/KEKB/mup_s2010 exit=0
runs/KEKB/mup_s2009 exit=0
runs/KEKB/mup_s2011 exit=0
runs/KEKB/mup_s2012 exit=0
runs/BT/mum_s1001 exit=0
runs/BT/mum_s1004 exit=0
runs/BT/mum_s1003 exit=0
runs/BT/mum_s1002 exit=0
runs/BT/mum_s1005 exit=0
runs/BT/mum_s1006 exit=0
runs/BT/mum_s1007 exit=0
runs/BT/mum_s1008 exit=0
runs/BT/mum_s1009 exit=0
runs/BT/mum_s1010 exit=0
runs/BT/mum_s1011 exit=0
runs/BT/mum_s1012 exit=0
runs/BT/mum_s1014 exit=0
runs/BT/mum_s1013 exit=0
runs/BT/mum_s1016 exit=0
runs/BT/mum_s1017 exit=0
runs/BT/mum_s1015 exit=0
runs/BT/mum_s1018 exit=0
runs/BT/mum_s1019 exit=0
runs/BT/mum_s1020 exit=0
runs/BT/mum_s1022 exit=0
runs/BT/mum_s1021 exit=0
runs/BT/mum_s1023 exit=0
runs/BT/mum_s1024 exit=0
runs/BT/mup_s2002 exit=0
runs/BT/mup_s2003 exit=0
runs/BT/mup_s2004 exit=0
runs/BT/mup_s2001 exit=0
runs/BT/mup_s2005 exit=0
runs/BT/mup_s2006 exit=0
runs/BT/mup_s2008 exit=0
runs/BT/mup_s2009 exit=0
runs/BT/mup_s2010 exit=0
runs/PF/mum_s1001 exit=0
runs/PF/mum_s1002 exit=0
runs/BT/mup_s2007 exit=0
runs/BT/mup_s2012 exit=0
runs/BT/mup_s2011 exit=0
runs/PF/mum_s1003 exit=0
runs/PF/mum_s1004 exit=0
runs/PF/mum_s1005 exit=0
runs/PF/mum_s1006 exit=0
runs/PF/mum_s1007 exit=0
runs/PF/mum_s1009 exit=0
runs/PF/mum_s1008 exit=0
runs/PF/mum_s1012 exit=0
runs/PF/mum_s1011 exit=0
runs/PF/mum_s1010 exit=0
runs/PF/mum_s1013 exit=0
runs/PF/mum_s1015 exit=0
runs/PF/mum_s1014 exit=0
runs/PF/mum_s1016 exit=0
runs/PF/mum_s1018 exit=0
runs/PF/mum_s1017 exit=0
runs/PF/mum_s1019 exit=0
runs/PF/mum_s1020 exit=0
runs/PF/mum_s1021 exit=0
runs/PF/mum_s1022 exit=0
runs/PF/mum_s1023 exit=0
runs/PF/mup_s2001 exit=0
runs/PF/mup_s2002 exit=0
runs/PF/mup_s2003 exit=0
runs/PF/mup_s2004 exit=0
runs/PF/mup_s2005 exit=0
runs/PF/mum_s1024 exit=0
runs/PF/mup_s2006 exit=0
runs/PF/mup_s2007 exit=0
runs/PF/mup_s2008 exit=0
runs/PF/mup_s2009 exit=0
runs/PF/mup_s2011 exit=0
runs/PF/mup_s2012 exit=0
runs/PF/mup_s2010 exit=0
bash: line 1: 52092 Alarm clock: 14         perl -e 'alarm shift; exec @ARGV' 420 python3 ../../../../../phits-agent-kit/phits_web_run.py main.inp source.inp --version phits336 > run.log 2>&1
runs/KEKBdry/mum_s1001 exit=142
bash: line 1: 52120 Alarm clock: 14         perl -e 'alarm shift; exec @ARGV' 420 python3 ../../../../../phits-agent-kit/phits_web_run.py main.inp source.inp --version phits336 > run.log 2>&1
runs/KEKBdry/mum_s1002 exit=142
bash: line 1: 52305 Alarm clock: 14         perl -e 'alarm shift; exec @ARGV' 420 python3 ../../../../../phits-agent-kit/phits_web_run.py main.inp source.inp --version phits336 > run.log 2>&1
runs/KEKBdry/mum_s1003 exit=142
bash: line 1: 52328 Alarm clock: 14         perl -e 'alarm shift; exec @ARGV' 420 python3 ../../../../../phits-agent-kit/phits_web_run.py main.inp source.inp --version phits336 > run.log 2>&1
runs/KEKBdry/mum_s1004 exit=142
bash: line 1: 52445 Alarm clock: 14         perl -e 'alarm shift; exec @ARGV' 420 python3 ../../../../../phits-agent-kit/phits_web_run.py main.inp source.inp --version phits336 > run.log 2>&1
runs/KEKBdry/mum_s1005 exit=142
bash: line 1: 52671 Alarm clock: 14         perl -e 'alarm shift; exec @ARGV' 420 python3 ../../../../../phits-agent-kit/phits_web_run.py main.inp source.inp --version phits336 > run.log 2>&1
runs/KEKBdry/mum_s1006 exit=142
bash: line 1: 53136 Alarm clock: 14         perl -e 'alarm shift; exec @ARGV' 420 python3 ../../../../../phits-agent-kit/phits_web_run.py main.inp source.inp --version phits336 > run.log 2>&1
runs/KEKBdry/mum_s1007 exit=142
bash: line 1: 53388 Alarm clock: 14         perl -e 'alarm shift; exec @ARGV' 420 python3 ../../../../../phits-agent-kit/phits_web_run.py main.inp source.inp --version phits336 > run.log 2>&1
runs/KEKBdry/mum_s1008 exit=142
bash: line 1: 53455 Alarm clock: 14         perl -e 'alarm shift; exec @ARGV' 420 python3 ../../../../../phits-agent-kit/phits_web_run.py main.inp source.inp --version phits336 > run.log 2>&1
runs/KEKBdry/mum_s1009 exit=142
bash: line 1: 53556 Alarm clock: 14         perl -e 'alarm shift; exec @ARGV' 420 python3 ../../../../../phits-agent-kit/phits_web_run.py main.inp source.inp --version phits336 > run.log 2>&1
runs/KEKBdry/mum_s1010 exit=142
runs/KEKBdry/mum_s1011 exit=0
runs/KEKBdry/mum_s1012 exit=0
runs/KEKBdry/mum_s1013 exit=0
runs/KEKBdry/mum_s1014 exit=0
runs/KEKBdry/mum_s1015 exit=0
runs/KEKBdry/mum_s1016 exit=0
runs/KEKBdry/mum_s1017 exit=0
runs/KEKBdry/mum_s1018 exit=0
runs/KEKBdry/mum_s1019 exit=0
runs/KEKBdry/mum_s1021 exit=0
runs/KEKBdry/mum_s1020 exit=0
runs/KEKBdry/mum_s1022 exit=0
runs/KEKBdry/mup_s2001 exit=0
runs/KEKBdry/mum_s1024 exit=0
runs/KEKBdry/mup_s2002 exit=0
runs/KEKBdry/mup_s2003 exit=0
runs/KEKBdry/mum_s1023 exit=0
runs/KEKBdry/mup_s2004 exit=0
runs/KEKBdry/mup_s2005 exit=0
runs/KEKBdry/mup_s2006 exit=0
runs/KEKBdry/mup_s2008 exit=0
runs/KEKBdry/mup_s2009 exit=0
runs/KEKBdry/mup_s2010 exit=0
runs/KEKBdry/mup_s2007 exit=0
runs/PF/had_s3001 exit=0
runs/KEKBdry/mup_s2011 exit=0
runs/KEKBdry/mup_s2012 exit=0
runs/PF/had_s3003 exit=0
runs/PF/had_s3004 exit=0
runs/BT/had_s3001 exit=0
runs/PF/had_s3006 exit=0
runs/BT/had_s3003 exit=0
runs/PF/had_s3005 exit=0
runs/PF/had_s3007 exit=0
runs/PF/had_s3002 exit=0
runs/BT/had_s3002 exit=0
runs/PF/had_s3008 exit=0
runs/BT/had_s3004 exit=0
runs/BT/had_s3006 exit=0
runs/KEKB/had_s3002 exit=0
runs/KEKB/had_s3003 exit=0
runs/KEKB/had_s3004 exit=0
runs/BT/had_s3005 exit=0
runs/BT/had_s3008 exit=0
runs/KEKB/had_s3006 exit=0
runs/KEKB/had_s3005 exit=0
runs/KEKB/had_s3001 exit=0
runs/KEKB/had_s3007 exit=0
runs/BT/had_s3007 exit=0
runs/KEKB/had_s3008 exit=0
