runs/KEKB/mum_s1034 exit=0
runs/KEKB/mum_s1030 exit=0
runs/KEKB/mum_s1025 exit=0
runs/KEKB/mum_s1029 exit=0
runs/KEKB/mum_s1032 exit=0
runs/KEKB/mum_s1033 exit=0
runs/KEKB/mum_s1027 exit=0
runs/KEKB/mum_s1031 exit=0
runs/KEKB/mum_s1028 exit=0
runs/KEKB/mum_s1026 exit=0
runs/KEKB/mum_s1036 exit=0
runs/KEKB/mum_s1037 exit=0
runs/KEKB/mum_s1039 exit=0
runs/KEKB/mum_s1040 exit=0
runs/KEKB/mum_s1041 exit=0
runs/KEKB/mum_s1035 exit=0
runs/KEKB/mum_s1042 exit=0
runs/KEKB/mum_s1043 exit=0
runs/KEKB/mum_s1044 exit=0
runs/KEKB/mum_s1038 exit=0
runs/KEKB/mum_s1045 exit=0
runs/PS/mum_s1001 exit=0
runs/PS/mum_s1002 exit=0
runs/KEKB/mum_s1046 exit=0
runs/KEKB/mum_s1047 exit=0
runs/PS/mum_s1003 exit=0
runs/KEKB/mum_s1048 exit=0
runs/PS/mum_s1004 exit=0
runs/PS/mum_s1006 exit=0
runs/PS/mum_s1005 exit=0
runs/PS/mum_s1007 exit=0
runs/PS/mum_s1008 exit=0
runs/PS/mum_s1009 exit=0
runs/PS/mum_s1011 exit=0
runs/PS/mum_s1010 exit=0
runs/PS/mum_s1012 exit=0
runs/PS/mum_s1014 exit=0
runs/PS/mum_s1015 exit=0
runs/PS/mum_s1013 exit=0
runs/PS/mum_s1018 exit=0
runs/PS/mum_s1016 exit=0
runs/PS/mum_s1017 exit=0
runs/PS/mum_s1020 exit=0
runs/PS/mum_s1019 exit=0
runs/PS/mum_s1021 exit=0
runs/PS/mum_s1022 exit=0
runs/PS/mum_s1023 exit=0
runs/PS/mum_s1024 exit=0
runs/PS/mup_s2001 exit=0
runs/PS/mup_s2002 exit=0
runs/PS/mup_s2003 exit=0
runs/PS/mup_s2005 exit=0
runs/PS/mup_s2004 exit=0
runs/PS/mup_s2007 exit=0
runs/PS/mup_s2008 exit=0
runs/PS/mup_s2006 exit=0
runs/TH/mum_s1001 exit=0
runs/TH/mum_s1002 exit=0
runs/TH/mum_s1003 exit=0
runs/TH/mum_s1004 exit=0
runs/TH/mum_s1005 exit=0
runs/TH/mum_s1006 exit=0
runs/TH/mum_s1007 exit=0
runs/TH/mum_s1009 exit=0
runs/TH/mum_s1010 exit=0
runs/TH/mum_s1011 exit=0
runs/TH/mum_s1012 exit=0
runs/TH/mum_s1013 exit=0
runs/TH/mum_s1008 exit=0
runs/TH/mum_s1014 exit=0
runs/TH/mum_s1015 exit=0
runs/TH/mum_s1016 exit=0
runs/TH/mum_s1017 exit=0
runs/TH/mum_s1019 exit=0
runs/TH/mum_s1018 exit=0
runs/TH/mum_s1020 exit=0
runs/TH/mum_s1021 exit=0
runs/TH/mum_s1022 exit=0
runs/TH/mup_s2001 exit=0
runs/TH/mum_s1024 exit=0
runs/TH/mup_s2002 exit=0
runs/TH/mum_s1023 exit=0
runs/TH/mup_s2003 exit=0
runs/TH/mup_s2004 exit=0
runs/TH/mup_s2005 exit=0
runs/TH/mup_s2007 exit=0
runs/TH/mup_s2008 exit=0
runs/TH/mup_s2006 exit=0
runs/PS/had_s3001 exit=0
runs/PS/had_s3002 exit=0
runs/PS/had_s3004 exit=0
runs/PS/had_s3006 exit=0
runs/PS/had_s3003 exit=0
runs/PS/had_s3005 exit=0
runs/TH/had_s3001 exit=0
runs/PS/had_s3008 exit=0
runs/PS/had_s3007 exit=0
runs/TH/had_s3004 exit=0
runs/TH/had_s3003 exit=0
runs/TH/had_s3006 exit=0
runs/TH/had_s3005 exit=0
runs/TH/had_s3007 exit=0
runs/TH/had_s3002 exit=0
runs/TH/had_s3008 exit=0
