[ T-Track ]
    title = Flux spectrum in open air above ground
     mesh =  reg            # mesh type is region-wise
      reg = 111
   e-type =    3            # e-mesh is log given by emin, emax and ne
     emin =  1.0000000E-10  # minimum value of e-mesh points
     emax =   100000.0      # maximum value of e-mesh points
#    edel =  0.5756463      # mesh width of e-mesh points
       ne =     60          # number of e-mesh points
#    data = ( e(i), i = 1, ne + 1 )
#           1.00000E-10  1.77828E-10  3.16228E-10  5.62341E-10  1.00000E-09
#           1.77828E-09  3.16228E-09  5.62341E-09  1.00000E-08  1.77828E-08
#           3.16228E-08  5.62341E-08  1.00000E-07  1.77828E-07  3.16228E-07
#           5.62341E-07  1.00000E-06  1.77828E-06  3.16228E-06  5.62341E-06
#           1.00000E-05  1.77828E-05  3.16228E-05  5.62341E-05  1.00000E-04
#           1.77828E-04  3.16228E-04  5.62341E-04  1.00000E-03  1.77828E-03
#           3.16228E-03  5.62341E-03  1.00000E-02  1.77828E-02  3.16228E-02
#           5.62341E-02  1.00000E-01  1.77828E-01  3.16228E-01  5.62341E-01
#           1.00000E+00  1.77828E+00  3.16228E+00  5.62341E+00  1.00000E+01
#           1.77828E+01  3.16228E+01  5.62341E+01  1.00000E+02  1.77828E+02
#           3.16228E+02  5.62341E+02  1.00000E+03  1.77828E+03  3.16228E+03
#           5.62341E+03  1.00000E+04  1.77828E+04  3.16228E+04  5.62341E+04
#           1.00000E+05
     unit =    1            # unit is [1/cm^2/source]
 material =  all            # (D=all) number of specific material
     axis =     eng            # axis of output
     file = air_spec.out    # file name of output for the above axis
     part =  neutron    muon-      muon+      proton   
# kf/name :  2112       13         -13        2212     
#    used :        main (  %)        temp (  %)       total (  %)
#  memory :          67 (  0)           0 (  0)          67 (  0)

#------------------------------------------------------------------------------
#newpage:
#   no. =  1   reg =    111

x: Energy [MeV/n]
y: Flux [1/cm^2/source]              
p: xlog ylog afac(0.8) form(0.9)
h: n            x            y(neutron ),hh0l n  y(muon-   ),hh0dr n  y(muon+   ),hh0ub n  y(proton  ),hh0mg n  
#  e-lower      e-upper        neutron   r.err      muon-     r.err      muon+     r.err      proton    r.err 
   1.0000E-10   1.7783E-10   0.0000E+00  0.0000   0.0000E+00  0.0000   0.0000E+00  0.0000   0.0000E+00  0.0000
   1.7783E-10   3.1623E-10   0.0000E+00  0.0000   0.0000E+00  0.0000   0.0000E+00  0.0000   0.0000E+00  0.0000
   3.1623E-10   5.6234E-10   0.0000E+00  0.0000   0.0000E+00  0.0000   0.0000E+00  0.0000   0.0000E+00  0.0000
   5.6234E-10   1.0000E-09   0.0000E+00  0.0000   0.0000E+00  0.0000   0.0000E+00  0.0000   0.0000E+00  0.0000
   1.0000E-09   1.7783E-09   0.0000E+00  0.0000   0.0000E+00  0.0000   0.0000E+00  0.0000   0.0000E+00  0.0000
   1.7783E-09   3.1623E-09   6.8784E-06  1.0000   0.0000E+00  0.0000   0.0000E+00  0.0000   0.0000E+00  0.0000
   3.1623E-09   5.6234E-09   7.5736E-07  0.7074   0.0000E+00  0.0000   0.0000E+00  0.0000   0.0000E+00  0.0000
   5.6234E-09   1.0000E-08   3.9169E-06  0.7497   0.0000E+00  0.0000   0.0000E+00  0.0000   0.0000E+00  0.0000
   1.0000E-08   1.7783E-08   6.4551E-06  0.6493   0.0000E+00  0.0000   0.0000E+00  0.0000   0.0000E+00  0.0000
   1.7783E-08   3.1623E-08   4.4132E-05  0.4600   0.0000E+00  0.0000   0.0000E+00  0.0000   0.0000E+00  0.0000
   3.1623E-08   5.6234E-08   6.5502E-05  0.3638   0.0000E+00  0.0000   0.0000E+00  0.0000   0.0000E+00  0.0000
   5.6234E-08   1.0000E-07   1.9971E-04  0.2347   0.0000E+00  0.0000   0.0000E+00  0.0000   0.0000E+00  0.0000
   1.0000E-07   1.7783E-07   3.9704E-05  0.5472   0.0000E+00  0.0000   0.0000E+00  0.0000   0.0000E+00  0.0000
   1.7783E-07   3.1623E-07   1.9333E-05  0.8961   0.0000E+00  0.0000   0.0000E+00  0.0000   0.0000E+00  0.0000
   3.1623E-07   5.6234E-07   0.0000E+00  0.0000   0.0000E+00  0.0000   0.0000E+00  0.0000   0.0000E+00  0.0000
   5.6234E-07   1.0000E-06   2.6195E-05  0.6557   0.0000E+00  0.0000   0.0000E+00  0.0000   0.0000E+00  0.0000
   1.0000E-06   1.7783E-06   4.0843E-05  0.9329   0.0000E+00  0.0000   0.0000E+00  0.0000   0.0000E+00  0.0000
   1.7783E-06   3.1623E-06   2.6705E-05  1.0000   0.0000E+00  0.0000   0.0000E+00  0.0000   0.0000E+00  0.0000
   3.1623E-06   5.6234E-06   2.6507E-05  0.7084   0.0000E+00  0.0000   0.0000E+00  0.0000   0.0000E+00  0.0000
   5.6234E-06   1.0000E-05   1.3471E-05  1.0000   0.0000E+00  0.0000   0.0000E+00  0.0000   0.0000E+00  0.0000
   1.0000E-05   1.7783E-05   3.5835E-05  0.8590   0.0000E+00  0.0000   0.0000E+00  0.0000   0.0000E+00  0.0000
   1.7783E-05   3.1623E-05   1.9833E-06  0.7647   0.0000E+00  0.0000   0.0000E+00  0.0000   0.0000E+00  0.0000
   3.1623E-05   5.6234E-05   4.3089E-05  0.6255   0.0000E+00  0.0000   0.0000E+00  0.0000   0.0000E+00  0.0000
   5.6234E-05   1.0000E-04   9.3399E-07  1.0000   0.0000E+00  0.0000   0.0000E+00  0.0000   0.0000E+00  0.0000
   1.0000E-04   1.7783E-04   1.4624E-05  1.0000   0.0000E+00  0.0000   0.0000E+00  0.0000   0.0000E+00  0.0000
   1.7783E-04   3.1623E-04   3.2555E-05  0.7133   0.0000E+00  0.0000   0.0000E+00  0.0000   0.0000E+00  0.0000
   3.1623E-04   5.6234E-04   1.2796E-05  0.9141   0.0000E+00  0.0000   0.0000E+00  0.0000   0.0000E+00  0.0000
   5.6234E-04   1.0000E-03   0.0000E+00  0.0000   0.0000E+00  0.0000   0.0000E+00  0.0000   0.0000E+00  0.0000
   1.0000E-03   1.7783E-03   8.7836E-07  1.0000   0.0000E+00  0.0000   0.0000E+00  0.0000   3.1084E-10  0.8246
   1.7783E-03   3.1623E-03   2.1684E-05  0.6825   0.0000E+00  0.0000   0.0000E+00  0.0000   4.4606E-10  0.8246
   3.1623E-03   5.6234E-03   1.9537E-05  0.9389   0.0000E+00  0.0000   0.0000E+00  0.0000   6.3112E-10  0.8246
   5.6234E-03   1.0000E-02   2.7567E-05  0.7339   0.0000E+00  0.0000   0.0000E+00  0.0000   8.8284E-10  0.8246
   1.0000E-02   1.7783E-02   9.6078E-05  0.6105   0.0000E+00  0.0000   0.0000E+00  0.0000   1.2252E-09  0.8246
   1.7783E-02   3.1623E-02   1.3867E-04  0.5943   0.0000E+00  0.0000   0.0000E+00  0.0000   1.7093E-09  0.8246
   3.1623E-02   5.6234E-02   5.8571E-05  0.5070   0.0000E+00  0.0000   0.0000E+00  0.0000   2.6157E-09  0.8246
   5.6234E-02   1.0000E-01   9.1312E-05  0.5189   0.0000E+00  0.0000   0.0000E+00  0.0000   4.2420E-09  0.8246
   1.0000E-01   1.7783E-01   9.9219E-05  0.6344   0.0000E+00  0.0000   0.0000E+00  0.0000   7.5122E-09  0.8246
   1.7783E-01   3.1623E-01   8.3861E-05  0.5314   0.0000E+00  0.0000   0.0000E+00  0.0000   1.5432E-08  0.8246
   3.1623E-01   5.6234E-01   1.8237E-04  0.4111   0.0000E+00  0.0000   0.0000E+00  0.0000   3.7136E-08  0.8246
   5.6234E-01   1.0000E+00   2.9906E-04  0.2787   0.0000E+00  0.0000   0.0000E+00  0.0000   9.6514E-08  0.8246
   1.0000E+00   1.7783E+00   2.7733E-04  0.3343   0.0000E+00  0.0000   0.0000E+00  0.0000   2.5328E-07  0.8246
   1.7783E+00   3.1623E+00   4.0520E-04  0.2170   0.0000E+00  0.0000   0.0000E+00  0.0000   6.7219E-07  0.8246
   3.1623E+00   5.6234E+00   3.0720E-04  0.2933   0.0000E+00  0.0000   0.0000E+00  0.0000   1.7833E-06  0.8435
   5.6234E+00   1.0000E+01   2.1508E-04  0.2911   0.0000E+00  0.0000   9.2692E-08  1.0000   3.2481E-06  0.8209
   1.0000E+01   1.7783E+01   8.3368E-05  0.4325   0.0000E+00  0.0000   3.8209E-07  1.0000   2.3564E-06  0.6412
   1.7783E+01   3.1623E+01   1.8449E-04  0.4008   0.0000E+00  0.0000   0.0000E+00  0.0000   1.6328E-06  0.5492
   3.1623E+01   5.6234E+01   3.7289E-04  0.2304   0.0000E+00  0.0000   0.0000E+00  0.0000   1.6294E-05  0.3504
   5.6234E+01   1.0000E+02   5.0128E-04  0.1791   0.0000E+00  0.0000   0.0000E+00  0.0000   2.4662E-05  0.2120
   1.0000E+02   1.7783E+02   3.8304E-04  0.1974   0.0000E+00  0.0000   0.0000E+00  0.0000   4.3191E-05  0.1642
   1.7783E+02   3.1623E+02   4.7187E-04  0.1967   0.0000E+00  0.0000   0.0000E+00  0.0000   3.9474E-05  0.1770
   3.1623E+02   5.6234E+02   1.3519E-04  0.3028   0.0000E+00  0.0000   0.0000E+00  0.0000   3.6477E-05  0.1781
   5.6234E+02   1.0000E+03   8.6442E-05  0.3792   0.0000E+00  0.0000   0.0000E+00  0.0000   1.7795E-05  0.2279
   1.0000E+03   1.7783E+03   2.4205E-05  0.7080   0.0000E+00  0.0000   0.0000E+00  0.0000   1.0873E-05  0.2900
   1.7783E+03   3.1623E+03   1.2219E-05  1.0000   0.0000E+00  0.0000   0.0000E+00  0.0000   9.5255E-06  0.3169
   3.1623E+03   5.6234E+03   0.0000E+00  0.0000   0.0000E+00  0.0000   0.0000E+00  0.0000   4.8065E-06  0.4200
   5.6234E+03   1.0000E+04   0.0000E+00  0.0000   0.0000E+00  0.0000   0.0000E+00  0.0000   2.6713E-06  0.5770
   1.0000E+04   1.7783E+04   0.0000E+00  0.0000   0.0000E+00  0.0000   0.0000E+00  0.0000   2.4447E-06  0.6607
   1.7783E+04   3.1623E+04   0.0000E+00  0.0000   0.0000E+00  0.0000   0.0000E+00  0.0000   0.0000E+00  0.0000
   3.1623E+04   5.6234E+04   0.0000E+00  0.0000   0.0000E+00  0.0000   0.0000E+00  0.0000   0.0000E+00  0.0000
   5.6234E+04   1.0000E+05   0.0000E+00  0.0000   0.0000E+00  0.0000   0.0000E+00  0.0000   0.0000E+00  0.0000

#   sum over                 5.2405E-03  0.0744   0.0000E+00  0.0000   4.7479E-07  1.0000   2.1833E-04  0.0835

'no. =  1,  reg  =    111'
msuc: {\huge Flux spectrum in open air above ground}
msdr: {\it plotted by \ANGEL \version}
msdl: {\it calculated by \PHITS  3.36}
wt: s(0.7)
\vspace{-3}
   vol  &=&   5.1200E+08 [cm^3]
e:
 
# Information for Restart Calculation
# This calculation was newly started
# istdev =  2 # 1:Batch variance, 2:History variance
# resc2  = 6.38188698771348373E-02 # Total source weight or Total source weight / maxcas
# resc3  = 1.70000000000000000E+03 # Total history number or Total batch number
# maxcas =        1700 # History / Batch, only used for istdev=1
# bitrseed = 0001110110101000011010110000000101101100010001111011000011001010 # bit data of rseed
