[ T-Track ]
    title = Flux spectrum in open air above ground
     mesh =  reg            # mesh type is region-wise
      reg = 111
   e-type =    3            # e-mesh is log given by emin, emax and ne
     emin =  1.0000000E-10  # minimum value of e-mesh points
     emax =   100000.0      # maximum value of e-mesh points
#    edel =  0.5756463      # mesh width of e-mesh points
       ne =     60          # number of e-mesh points
#    data = ( e(i), i = 1, ne + 1 )
#           1.00000E-10  1.77828E-10  3.16228E-10  5.62341E-10  1.00000E-09
#           1.77828E-09  3.16228E-09  5.62341E-09  1.00000E-08  1.77828E-08
#           3.16228E-08  5.62341E-08  1.00000E-07  1.77828E-07  3.16228E-07
#           5.62341E-07  1.00000E-06  1.77828E-06  3.16228E-06  5.62341E-06
#           1.00000E-05  1.77828E-05  3.16228E-05  5.62341E-05  1.00000E-04
#           1.77828E-04  3.16228E-04  5.62341E-04  1.00000E-03  1.77828E-03
#           3.16228E-03  5.62341E-03  1.00000E-02  1.77828E-02  3.16228E-02
#           5.62341E-02  1.00000E-01  1.77828E-01  3.16228E-01  5.62341E-01
#           1.00000E+00  1.77828E+00  3.16228E+00  5.62341E+00  1.00000E+01
#           1.77828E+01  3.16228E+01  5.62341E+01  1.00000E+02  1.77828E+02
#           3.16228E+02  5.62341E+02  1.00000E+03  1.77828E+03  3.16228E+03
#           5.62341E+03  1.00000E+04  1.77828E+04  3.16228E+04  5.62341E+04
#           1.00000E+05
     unit =    1            # unit is [1/cm^2/source]
 material =  all            # (D=all) number of specific material
     axis =     eng            # axis of output
     file = air_spec.out    # file name of output for the above axis
     part =  neutron    muon-      muon+      proton   
# kf/name :  2112       13         -13        2212     
#    used :        main (  %)        temp (  %)       total (  %)
#  memory :          67 (  0)           0 (  0)          67 (  0)

#------------------------------------------------------------------------------
#newpage:
#   no. =  1   reg =    111

x: Energy [MeV/n]
y: Flux [1/cm^2/source]              
p: xlog ylog afac(0.8) form(0.9)
h: n            x            y(neutron ),hh0l n  y(muon-   ),hh0dr n  y(muon+   ),hh0ub n  y(proton  ),hh0mg n  
#  e-lower      e-upper        neutron   r.err      muon-     r.err      muon+     r.err      proton    r.err 
   1.0000E-10   1.7783E-10   0.0000E+00  0.0000   0.0000E+00  0.0000   0.0000E+00  0.0000   0.0000E+00  0.0000
   1.7783E-10   3.1623E-10   0.0000E+00  0.0000   0.0000E+00  0.0000   0.0000E+00  0.0000   0.0000E+00  0.0000
   3.1623E-10   5.6234E-10   0.0000E+00  0.0000   0.0000E+00  0.0000   0.0000E+00  0.0000   0.0000E+00  0.0000
   5.6234E-10   1.0000E-09   0.0000E+00  0.0000   0.0000E+00  0.0000   0.0000E+00  0.0000   0.0000E+00  0.0000
   1.0000E-09   1.7783E-09   0.0000E+00  0.0000   0.0000E+00  0.0000   0.0000E+00  0.0000   0.0000E+00  0.0000
   1.7783E-09   3.1623E-09   0.0000E+00  0.0000   0.0000E+00  0.0000   0.0000E+00  0.0000   0.0000E+00  0.0000
   3.1623E-09   5.6234E-09   0.0000E+00  0.0000   0.0000E+00  0.0000   0.0000E+00  0.0000   0.0000E+00  0.0000
   5.6234E-09   1.0000E-08   0.0000E+00  0.0000   0.0000E+00  0.0000   0.0000E+00  0.0000   0.0000E+00  0.0000
   1.0000E-08   1.7783E-08   2.4877E-05  1.0000   0.0000E+00  0.0000   0.0000E+00  0.0000   0.0000E+00  0.0000
   1.7783E-08   3.1623E-08   3.6482E-05  0.5769   0.0000E+00  0.0000   0.0000E+00  0.0000   0.0000E+00  0.0000
   3.1623E-08   5.6234E-08   1.5928E-04  0.4908   0.0000E+00  0.0000   0.0000E+00  0.0000   0.0000E+00  0.0000
   5.6234E-08   1.0000E-07   1.2256E-04  0.4592   0.0000E+00  0.0000   0.0000E+00  0.0000   0.0000E+00  0.0000
   1.0000E-07   1.7783E-07   1.3059E-04  0.8308   0.0000E+00  0.0000   0.0000E+00  0.0000   0.0000E+00  0.0000
   1.7783E-07   3.1623E-07   1.0174E-05  0.8750   0.0000E+00  0.0000   0.0000E+00  0.0000   0.0000E+00  0.0000
   3.1623E-07   5.6234E-07   4.7958E-05  0.6362   0.0000E+00  0.0000   0.0000E+00  0.0000   0.0000E+00  0.0000
   5.6234E-07   1.0000E-06   1.3612E-06  1.0000   0.0000E+00  0.0000   0.0000E+00  0.0000   0.0000E+00  0.0000
   1.0000E-06   1.7783E-06   7.1481E-07  1.0000   0.0000E+00  0.0000   0.0000E+00  0.0000   0.0000E+00  0.0000
   1.7783E-06   3.1623E-06   0.0000E+00  0.0000   0.0000E+00  0.0000   0.0000E+00  0.0000   0.0000E+00  0.0000
   3.1623E-06   5.6234E-06   0.0000E+00  0.0000   0.0000E+00  0.0000   0.0000E+00  0.0000   0.0000E+00  0.0000
   5.6234E-06   1.0000E-05   0.0000E+00  0.0000   0.0000E+00  0.0000   0.0000E+00  0.0000   0.0000E+00  0.0000
   1.0000E-05   1.7783E-05   3.2886E-05  0.8917   0.0000E+00  0.0000   0.0000E+00  0.0000   0.0000E+00  0.0000
   1.7783E-05   3.1623E-05   1.0411E-04  0.7100   0.0000E+00  0.0000   0.0000E+00  0.0000   0.0000E+00  0.0000
   3.1623E-05   5.6234E-05   1.4811E-06  1.0000   0.0000E+00  0.0000   0.0000E+00  0.0000   0.0000E+00  0.0000
   5.6234E-05   1.0000E-04   0.0000E+00  0.0000   0.0000E+00  0.0000   0.0000E+00  0.0000   0.0000E+00  0.0000
   1.0000E-04   1.7783E-04   4.3137E-05  0.9558   0.0000E+00  0.0000   0.0000E+00  0.0000   0.0000E+00  0.0000
   1.7783E-04   3.1623E-04   4.6072E-06  0.7072   0.0000E+00  0.0000   0.0000E+00  0.0000   0.0000E+00  0.0000
   3.1623E-04   5.6234E-04   1.4769E-04  0.6844   0.0000E+00  0.0000   0.0000E+00  0.0000   0.0000E+00  0.0000
   5.6234E-04   1.0000E-03   1.2940E-05  1.0000   0.0000E+00  0.0000   0.0000E+00  0.0000   0.0000E+00  0.0000
   1.0000E-03   1.7783E-03   3.1192E-05  0.8376   0.0000E+00  0.0000   0.0000E+00  0.0000   6.2717E-11  0.7068
   1.7783E-03   3.1623E-03   1.0308E-04  0.8212   0.0000E+00  0.0000   0.0000E+00  0.0000   8.9999E-11  0.7068
   3.1623E-03   5.6234E-03   1.3131E-04  0.6057   0.0000E+00  0.0000   0.0000E+00  0.0000   1.2734E-10  0.7068
   5.6234E-03   1.0000E-02   0.0000E+00  0.0000   0.0000E+00  0.0000   0.0000E+00  0.0000   1.7813E-10  0.7068
   1.0000E-02   1.7783E-02   2.7600E-05  0.8355   0.0000E+00  0.0000   0.0000E+00  0.0000   2.4720E-10  0.7068
   1.7783E-02   3.1623E-02   8.2706E-05  0.5933   0.0000E+00  0.0000   0.0000E+00  0.0000   3.4488E-10  0.7068
   3.1623E-02   5.6234E-02   1.8279E-07  1.0000   0.0000E+00  0.0000   0.0000E+00  0.0000   5.2776E-10  0.7068
   5.6234E-02   1.0000E-01   1.2673E-04  0.5757   0.0000E+00  0.0000   0.0000E+00  0.0000   8.5590E-10  0.7068
   1.0000E-01   1.7783E-01   4.0392E-05  0.7068   0.0000E+00  0.0000   0.0000E+00  0.0000   1.5157E-09  0.7068
   1.7783E-01   3.1623E-01   4.7719E-05  0.6337   0.0000E+00  0.0000   0.0000E+00  0.0000   3.1137E-09  0.7068
   3.1623E-01   5.6234E-01   1.0388E-04  0.5264   0.0000E+00  0.0000   0.0000E+00  0.0000   7.4927E-09  0.7068
   5.6234E-01   1.0000E+00   2.3623E-04  0.3447   0.0000E+00  0.0000   0.0000E+00  0.0000   1.9473E-08  0.7068
   1.0000E+00   1.7783E+00   3.2256E-04  0.5327   0.0000E+00  0.0000   0.0000E+00  0.0000   5.1103E-08  0.7068
   1.7783E+00   3.1623E+00   2.8356E-04  0.3075   0.0000E+00  0.0000   0.0000E+00  0.0000   1.3562E-07  0.7068
   3.1623E+00   5.6234E+00   9.1252E-05  0.4578   0.0000E+00  0.0000   0.0000E+00  0.0000   3.6866E-07  0.7068
   5.6234E+00   1.0000E+01   2.2307E-04  0.4254   0.0000E+00  0.0000   0.0000E+00  0.0000   6.1832E-07  0.8474
   1.0000E+01   1.7783E+01   1.4397E-04  0.4053   0.0000E+00  0.0000   0.0000E+00  0.0000   1.4606E-06  1.0000
   1.7783E+01   3.1623E+01   1.2870E-04  0.4263   0.0000E+00  0.0000   0.0000E+00  0.0000   2.5713E-06  0.7140
   3.1623E+01   5.6234E+01   3.2614E-04  0.2857   0.0000E+00  0.0000   0.0000E+00  0.0000   1.1878E-05  0.3806
   5.6234E+01   1.0000E+02   3.7461E-04  0.2583   0.0000E+00  0.0000   0.0000E+00  0.0000   2.3037E-05  0.3781
   1.0000E+02   1.7783E+02   3.3363E-04  0.2783   0.0000E+00  0.0000   0.0000E+00  0.0000   4.8555E-05  0.2864
   1.7783E+02   3.1623E+02   3.6833E-04  0.2655   0.0000E+00  0.0000   0.0000E+00  0.0000   3.9868E-05  0.2077
   3.1623E+02   5.6234E+02   1.0407E-04  0.4361   0.0000E+00  0.0000   0.0000E+00  0.0000   2.9648E-05  0.2255
   5.6234E+02   1.0000E+03   1.9242E-05  1.0000   0.0000E+00  0.0000   0.0000E+00  0.0000   1.8613E-05  0.2987
   1.0000E+03   1.7783E+03   2.0386E-05  1.0000   0.0000E+00  0.0000   0.0000E+00  0.0000   1.8532E-05  0.2869
   1.7783E+03   3.1623E+03   1.9406E-05  1.0000   0.0000E+00  0.0000   0.0000E+00  0.0000   1.1158E-05  0.3849
   3.1623E+03   5.6234E+03   0.0000E+00  0.0000   0.0000E+00  0.0000   0.0000E+00  0.0000   6.0758E-06  0.4996
   5.6234E+03   1.0000E+04   0.0000E+00  0.0000   0.0000E+00  0.0000   0.0000E+00  0.0000   6.0908E-06  0.4997
   1.0000E+04   1.7783E+04   0.0000E+00  0.0000   0.0000E+00  0.0000   0.0000E+00  0.0000   2.6816E-06  0.7111
   1.7783E+04   3.1623E+04   0.0000E+00  0.0000   0.0000E+00  0.0000   0.0000E+00  0.0000   0.0000E+00  0.0000
   3.1623E+04   5.6234E+04   0.0000E+00  0.0000   0.0000E+00  0.0000   0.0000E+00  0.0000   0.0000E+00  0.0000
   5.6234E+04   1.0000E+05   0.0000E+00  0.0000   0.0000E+00  0.0000   0.0000E+00  0.0000   0.0000E+00  0.0000

#   sum over                 4.5708E-03  0.1009   0.0000E+00  0.0000   0.0000E+00  0.0000   2.2138E-04  0.0985

'no. =  1,  reg  =    111'
msuc: {\huge Flux spectrum in open air above ground}
msdr: {\it plotted by \ANGEL \version}
msdl: {\it calculated by \PHITS  3.36}
wt: s(0.7)
\vspace{-3}
   vol  &=&   5.1200E+08 [cm^3]
e:
 
# Information for Restart Calculation
# This calculation was newly started
# istdev =  2 # 1:Batch variance, 2:History variance
# resc2  = 3.83699086882451634E-02 # Total source weight or Total source weight / maxcas
# resc3  = 1.00000000000000000E+03 # Total history number or Total batch number
# maxcas =        1000 # History / Batch, only used for istdev=1
# bitrseed = 1000111101011011000000101101011011101011010101100001100100010001 # bit data of rseed
