#$ t4dv1
# [history info] h: history-ID historyID-in-batch batch-ID
# [  track info] t: kf-code name
# [  point info] x[cm] y[cm] z[cm] time[ns] kinetic-energy[MeV] weight cell cell_before
# ----------------------------------------
h: 1 1 1
t: 2112 neutron
  7.79409E-01  1.05696E+01 -1.77400E+01  0.00000E+00  2.50000E-08  1.00000E+00       3       2
  7.79409E-01  1.05696E+01 -2.62681E+00  6.91062E+04  2.50000E-08  1.00000E+00       2       3
  7.79409E-01  1.05696E+01 -2.41746E+00  7.00635E+04  2.50000E-08  1.00000E+00       1       2
  7.79409E-01  1.05696E+01 -2.00070E+00  7.19692E+04  2.50000E-08  1.00000E+00       1       1
t: 2212 proton
  7.79409E-01  1.05696E+01 -2.00070E+00  7.19692E+04  5.75682E-01  1.00000E+00       1       1
  9.62179E-01  1.00223E+01 -2.01592E+00  7.19700E+04  1.00000E-03  1.00000E+00       1       1
t: 1000003 triton
  7.79409E-01  1.05696E+01 -2.00070E+00  7.19692E+04  1.92351E-01  1.00000E+00       1       1
  7.18025E-01  1.07534E+01 -1.99555E+00  7.19699E+04  3.00000E-03  1.00000E+00       1       1
h: 2 2 1
t: 2112 neutron
 -2.03145E+00 -1.06277E+01 -1.77400E+01  0.00000E+00  2.50000E-08  1.00000E+00       3       2
 -2.03145E+00 -1.06277E+01 -1.83870E+00  7.27100E+04  2.50000E-08  1.00000E+00       2       3
 -2.03145E+00 -1.06277E+01 -1.52473E+00  7.41456E+04  2.50000E-08  1.00000E+00       1       2
 -2.03145E+00 -1.06277E+01 -2.58531E-01  7.99354E+04  2.50000E-08  1.00000E+00       1       1
t: 2212 proton
 -2.03145E+00 -1.06277E+01 -2.58531E-01  7.99354E+04  5.75642E-01  1.00000E+00       1       1
 -2.41634E+00 -1.07953E+01 -6.54514E-01  7.99362E+04  1.00000E-03  1.00000E+00       1       1
t: 1000003 triton
 -2.03145E+00 -1.06277E+01 -2.58531E-01  7.99354E+04  1.92391E-01  1.00000E+00       1       1
 -1.90217E+00 -1.05714E+01 -1.25483E-01  7.99362E+04  3.00000E-03  1.00000E+00       1       1
h: 3 3 1
t: 2112 neutron
 -8.84779E-01  1.45837E+01 -1.77400E+01  0.00000E+00  2.50000E-08  1.00000E+00       3       2
 -8.84779E-01  1.45837E+01 -2.59322E+00  6.92599E+04  2.50000E-08  1.00000E+00       2       3
 -8.84779E-01  1.45837E+01 -2.38092E+00  7.02306E+04  2.50000E-08  1.00000E+00       1       2
 -8.84779E-01  1.45837E+01 -2.36864E+00  7.02867E+04  2.50000E-08  1.00000E+00       1       1
t: 2212 proton
 -8.84779E-01  1.45837E+01 -2.36864E+00  7.02867E+04  5.75646E-01  1.00000E+00       1       2
 -8.80686E-01  1.45667E+01 -2.38243E+00  7.02868E+04  5.59928E-01  1.00000E+00       2       1
 -8.80632E-01  1.45665E+01 -2.38262E+00  7.02868E+04  1.00000E-03  1.00000E+00       2       2
t: 1000003 triton
 -8.84779E-01  1.45837E+01 -2.36864E+00  7.02867E+04  1.92387E-01  1.00000E+00       1       1
 -9.20501E-01  1.47313E+01 -2.24823E+00  7.02875E+04  3.00000E-03  1.00000E+00       1       1
h: 4 4 1
t: 2112 neutron
 -6.34632E-01 -1.50237E+01 -1.77400E+01  0.00000E+00  2.50000E-08  1.00000E+00       3       2
 -6.34632E-01 -1.50237E+01 -2.66549E+00  6.89294E+04  2.50000E-08  1.00000E+00       2       3
 -6.34632E-01 -1.50237E+01 -2.45944E+00  6.98716E+04  2.50000E-08  1.00000E+00       1       2
 -6.34632E-01 -1.50237E+01 -1.92326E+00  7.23233E+04  2.50000E-08  1.00000E+00       1       1
t: 2212 proton
 -6.34632E-01 -1.50237E+01 -1.92326E+00  7.23233E+04  5.75674E-01  1.00000E+00       1       1
 -1.17652E+00 -1.52014E+01 -2.01189E+00  7.23240E+04  1.00000E-03  1.00000E+00       1       1
t: 1000003 triton
 -6.34632E-01 -1.50237E+01 -1.92326E+00  7.23233E+04  1.92359E-01  1.00000E+00       1       1
 -4.52634E-01 -1.49640E+01 -1.89345E+00  7.23240E+04  3.00000E-03  1.00000E+00       1       1
h: 5 5 1
t: 2112 neutron
  8.53640E-02  1.05487E+01 -1.77400E+01  0.00000E+00  2.50000E-08  1.00000E+00       3       2
  8.53640E-02  1.05487E+01 -2.73867E+00  6.85948E+04  2.50000E-08  1.00000E+00       2       3
  8.53640E-02  1.05487E+01 -2.65553E+00  6.89749E+04  2.50000E-08  1.00000E+00       2       2
  3.93894E-01  1.06578E+01 -2.50927E+00  7.04250E+04  3.19386E-08  1.00000E+00       1       2
  6.51256E-01  1.07488E+01 -2.38727E+00  7.16347E+04  3.19386E-08  1.00000E+00       1       1
t: 2212 proton
  6.51256E-01  1.07488E+01 -2.38727E+00  7.16347E+04  5.75732E-01  1.00000E+00       1       1
  8.17921E-01  1.09054E+01 -1.85726E+00  7.16354E+04  1.00000E-03  1.00000E+00       1       1
t: 1000003 triton
  6.51256E-01  1.07488E+01 -2.38727E+00  7.16347E+04  1.92302E-01  1.00000E+00       1       2
  6.28046E-01  1.07270E+01 -2.46113E+00  7.16349E+04  9.75322E-02  1.00000E+00       2       1
  6.28025E-01  1.07270E+01 -2.46120E+00  7.16349E+04  3.00000E-03  1.00000E+00       2       2
h: 6 6 1
t: 2112 neutron
 -2.53330E-01 -1.89385E+01 -1.77400E+01  0.00000E+00  2.50000E-08  1.00000E+00       3       2
 -2.53330E-01 -1.89385E+01 -2.72826E+00  6.86423E+04  2.50000E-08  1.00000E+00       2       3
 -2.53330E-01 -1.89385E+01 -2.64126E+00  6.90402E+04  2.50000E-08  1.00000E+00       2       2
  3.00640E-01 -1.95708E+01 -2.60471E+00  7.27101E+04  2.74772E-08  1.00000E+00       2       2
  2.77067E-01 -1.95690E+01 -2.52542E+00  7.30845E+04  2.55289E-08  1.00000E+00       2       2
t: 22 photon
  2.77067E-01 -1.95690E+01 -2.52542E+00  7.30845E+04  5.66159E+00  1.00000E+00       2       3
 -4.93005E-01 -1.99650E+01 -2.66791E+00  7.30846E+04  5.66159E+00  1.00000E+00       3       2
 -7.82118E+01 -5.99354E+01 -1.70489E+01  7.30875E+04  5.66159E+00  1.00000E+00       4       3
t: 22 photon
  2.77067E-01 -1.95690E+01 -2.52542E+00  7.30845E+04  1.85376E+00  1.00000E+00       2       3
  3.01140E-01 -1.94553E+01 -2.72340E+00  7.30845E+04  1.85376E+00  1.00000E+00       3       2
  1.13729E+01  3.28103E+01 -9.37771E+01  7.30881E+04  1.85376E+00  1.00000E+00       4       3
t: 22 photon
  2.77067E-01 -1.95690E+01 -2.52542E+00  7.30845E+04  1.30705E-01  1.00000E+00       2       3
  3.25561E-01 -1.94848E+01 -2.72059E+00  7.30845E+04  1.30705E-01  1.00000E+00       3       2
  2.32786E+01  2.03652E+01 -9.50966E+01  7.30880E+04  1.30705E-01  1.00000E+00       4       3
h: 7 7 1
t: 2112 neutron
 -1.31840E-02  2.04566E+00 -1.77400E+01  0.00000E+00  2.50000E-08  1.00000E+00       3       2
 -1.31840E-02  2.04566E+00 -2.73997E+00  6.85888E+04  2.50000E-08  1.00000E+00       2       3
 -1.31840E-02  2.04566E+00 -2.53997E+00  6.95033E+04  2.50000E-08  1.00000E+00       1       2
 -1.31840E-02  2.04566E+00 -2.31674E+00  7.05241E+04  2.50000E-08  1.00000E+00       1       1
t: 2212 proton
 -1.31840E-02  2.04566E+00 -2.31674E+00  7.05241E+04  5.75654E-01  1.00000E+00       1       2
  2.22208E-01  2.33769E+00 -2.53026E+00  7.05246E+04  1.73132E-01  1.00000E+00       2       1
  2.22253E-01  2.33774E+00 -2.53030E+00  7.05246E+04  1.00000E-03  1.00000E+00       2       2
t: 1000003 triton
 -1.31840E-02  2.04566E+00 -2.31674E+00  7.05241E+04  1.92380E-01  1.00000E+00       1       1
 -1.18904E-01  1.91451E+00 -2.22080E+00  7.05248E+04  3.00000E-03  1.00000E+00       1       1
h: 8 8 1
t: 2112 neutron
  2.22210E+00 -1.67905E+01 -1.77400E+01  0.00000E+00  2.50000E-08  1.00000E+00       3       2
  2.22210E+00 -1.67905E+01 -1.60308E+00  7.37873E+04  2.50000E-08  1.00000E+00       2       3
  2.22210E+00 -1.67905E+01 -1.23039E+00  7.54915E+04  2.50000E-08  1.00000E+00       1       2
  2.22210E+00 -1.67905E+01 -4.82154E-01  7.89128E+04  2.50000E-08  1.00000E+00       1       1
t: 2212 proton
  2.22210E+00 -1.67905E+01 -4.82154E-01  7.89128E+04  5.75736E-01  1.00000E+00       1       1
  2.47372E+00 -1.66672E+01  2.24991E-02  7.89136E+04  1.00000E-03  1.00000E+00       1       1
t: 1000003 triton
  2.22210E+00 -1.67905E+01 -4.82154E-01  7.89128E+04  1.92297E-01  1.00000E+00       1       1
  2.13761E+00 -1.68319E+01 -6.51574E-01  7.89136E+04  3.00000E-03  1.00000E+00       1       1
h: 9 9 1
t: 2112 neutron
 -1.57724E+00 -1.74670E+01 -1.77400E+01  0.00000E+00  2.50000E-08  1.00000E+00       3       2
 -1.57724E+00 -1.74670E+01 -2.24051E+00  7.08726E+04  2.50000E-08  1.00000E+00       2       3
 -1.57724E+00 -1.74670E+01 -1.99095E+00  7.20137E+04  2.50000E-08  1.00000E+00       1       2
 -1.57724E+00 -1.74670E+01 -1.97989E+00  7.20643E+04  2.50000E-08  1.00000E+00       1       1
t: 2212 proton
 -1.57724E+00 -1.74670E+01 -1.97989E+00  7.20643E+04  5.75653E-01  1.00000E+00       1       2
 -1.57589E+00 -1.74466E+01 -1.99203E+00  7.20644E+04  5.58773E-01  1.00000E+00       2       1
 -1.57587E+00 -1.74463E+01 -1.99218E+00  7.20644E+04  1.00000E-03  1.00000E+00       2       2
t: 1000003 triton
 -1.57724E+00 -1.74670E+01 -1.97989E+00  7.20643E+04  1.92380E-01  1.00000E+00       1       1
 -1.58825E+00 -1.76335E+01 -1.88114E+00  7.20651E+04  3.00000E-03  1.00000E+00       1       1
h: 10 10 1
t: 2112 neutron
 -5.68559E-01 -9.08369E-01 -1.77400E+01  0.00000E+00  2.50000E-08  1.00000E+00       3       2
 -5.68559E-01 -9.08369E-01 -2.68036E+00  6.88614E+04  2.50000E-08  1.00000E+00       2       3
 -5.68559E-01 -9.08369E-01 -2.47555E+00  6.97979E+04  2.50000E-08  1.00000E+00       1       2
 -5.68559E-01 -9.08369E-01 -2.18347E+00  7.11334E+04  2.50000E-08  1.00000E+00       1       1
t: 2212 proton
 -5.68559E-01 -9.08369E-01 -2.18347E+00  7.11334E+04  5.75736E-01  1.00000E+00       1       1
 -8.36670E-01 -7.95938E-01 -1.68480E+00  7.11342E+04  1.00000E-03  1.00000E+00       1       1
t: 1000003 triton
 -5.68559E-01 -9.08369E-01 -2.18347E+00  7.11334E+04  1.92298E-01  1.00000E+00       1       1
 -4.78528E-01 -9.46124E-01 -2.35089E+00  7.11342E+04  3.00000E-03  1.00000E+00       1       1
h: 11 11 1
t: 2112 neutron
  9.23427E-02  1.66383E+01 -1.77400E+01  0.00000E+00  2.50000E-08  1.00000E+00       3       2
  9.23427E-02  1.66383E+01 -2.73844E+00  6.85958E+04  2.50000E-08  1.00000E+00       2       3
  9.23427E-02  1.66383E+01 -2.53832E+00  6.95109E+04  2.50000E-08  1.00000E+00       1       2
  9.23427E-02  1.66383E+01 -1.75408E+00  7.30969E+04  2.50000E-08  1.00000E+00       1       1
t: 2212 proton
  9.23427E-02  1.66383E+01 -1.75408E+00  7.30969E+04  5.75699E-01  1.00000E+00       1       1
 -3.39967E-01  1.69913E+01 -1.60681E+00  7.30976E+04  1.00000E-03  1.00000E+00       1       1
t: 1000003 triton
  9.23427E-02  1.66383E+01 -1.75408E+00  7.30969E+04  1.92334E-01  1.00000E+00       1       1
  2.37527E-01  1.65198E+01 -1.80350E+00  7.30976E+04  3.00000E-03  1.00000E+00       1       1
h: 12 12 1
t: 2112 neutron
  6.41588E-01 -8.58516E+00 -1.77400E+01  0.00000E+00  2.50000E-08  1.00000E+00       3       2
  6.41588E-01 -8.58516E+00 -2.66383E+00  6.89370E+04  2.50000E-08  1.00000E+00       2       3
  6.41588E-01 -8.58516E+00 -2.45763E+00  6.98798E+04  2.50000E-08  1.00000E+00       1       2
  6.41588E-01 -8.58516E+00 -5.32349E-01  7.86833E+04  2.50000E-08  1.00000E+00       1       1
t: 2212 proton
  6.41588E-01 -8.58516E+00 -5.32349E-01  7.86833E+04  5.75709E-01  1.00000E+00       1       1
  1.15903E+00 -8.65311E+00 -2.85788E-01  7.86841E+04  1.00000E-03  1.00000E+00       1       1
t: 1000003 triton
  6.41588E-01 -8.58516E+00 -5.32349E-01  7.86833E+04  1.92324E-01  1.00000E+00       1       1
  4.67820E-01 -8.56234E+00 -6.15110E-01  7.86841E+04  3.00000E-03  1.00000E+00       1       1
h: 13 13 1
t: 2112 neutron
  6.79561E-01 -1.73971E+00 -1.77400E+01  0.00000E+00  2.50000E-08  1.00000E+00       3       2
  6.79561E-01 -1.73971E+00 -2.65439E+00  6.89801E+04  2.50000E-08  1.00000E+00       2       3
  6.79561E-01 -1.73971E+00 -2.56814E+00  6.93745E+04  2.50000E-08  1.00000E+00       2       2
t: 22 photon
  6.79561E-01 -1.73971E+00 -2.56814E+00  6.93745E+04  7.64602E+00  1.00000E+00       2       3
  6.90306E-01 -1.72809E+00 -2.65162E+00  6.93745E+04  7.64602E+00  1.00000E+00       3       2
  1.30234E+01  1.16118E+01 -9.84660E+01  6.93778E+04  7.64602E+00  1.00000E+00       4       3
h: 14 14 1
t: 2112 neutron
 -1.29591E+00 -5.69619E-01 -1.77400E+01  0.00000E+00  2.50000E-08  1.00000E+00       3       2
 -1.29591E+00 -5.69619E-01 -2.41417E+00  7.00786E+04  2.50000E-08  1.00000E+00       2       3
 -1.29591E+00 -5.69619E-01 -2.18454E+00  7.11286E+04  2.50000E-08  1.00000E+00       1       2
 -1.29591E+00 -5.69619E-01 -1.35208E+00  7.49351E+04  2.50000E-08  1.00000E+00       1       1
t: 2212 proton
 -1.29591E+00 -5.69619E-01 -1.35208E+00  7.49351E+04  5.75658E-01  1.00000E+00       1       1
 -1.56539E+00 -1.01606E+00 -1.59933E+00  7.49358E+04  1.00000E-03  1.00000E+00       1       1
t: 1000003 triton
 -1.29591E+00 -5.69619E-01 -1.35208E+00  7.49351E+04  1.92376E-01  1.00000E+00       1       1
 -1.20540E+00 -4.19669E-01 -1.26899E+00  7.49358E+04  3.00000E-03  1.00000E+00       1       1
h: 15 15 1
t: 2112 neutron
  5.63395E-01 -5.17784E+00 -1.77400E+01  0.00000E+00  2.50000E-08  1.00000E+00       3       2
  5.63395E-01 -5.17784E+00 -2.68145E+00  6.88564E+04  2.50000E-08  1.00000E+00       2       3
  5.63395E-01 -5.17784E+00 -2.47673E+00  6.97925E+04  2.50000E-08  1.00000E+00       1       2
  5.63395E-01 -5.17784E+00 -1.24877E+00  7.54074E+04  2.50000E-08  1.00000E+00       1       1
t: 2212 proton
  5.63395E-01 -5.17784E+00 -1.24877E+00  7.54074E+04  5.75676E-01  1.00000E+00       1       1
  7.61446E-01 -4.64105E+00 -1.32446E+00  7.54082E+04  1.00000E-03  1.00000E+00       1       1
t: 1000003 triton
  5.63395E-01 -5.17784E+00 -1.24877E+00  7.54074E+04  1.92358E-01  1.00000E+00       1       1
  4.96879E-01 -5.35813E+00 -1.22331E+00  7.54082E+04  3.00000E-03  1.00000E+00       1       1
h: 16 16 1
t: 2112 neutron
  1.19348E+00  1.44194E+01 -1.77400E+01  0.00000E+00  2.50000E-08  1.00000E+00       3       2
  1.19348E+00  1.44194E+01 -2.46641E+00  6.98397E+04  2.50000E-08  1.00000E+00       2       3
  1.19348E+00  1.44194E+01 -2.24214E+00  7.08652E+04  2.50000E-08  1.00000E+00       1       2
  1.19348E+00  1.44194E+01 -1.44782E+00  7.44973E+04  2.50000E-08  1.00000E+00       1       1
t: 2212 proton
  1.19348E+00  1.44194E+01 -1.44782E+00  7.44973E+04  5.75714E-01  1.00000E+00       1       1
  1.16167E+00  1.39207E+01 -1.15896E+00  7.44980E+04  1.00000E-03  1.00000E+00       1       1
t: 1000003 triton
  1.19348E+00  1.44194E+01 -1.44782E+00  7.44973E+04  1.92320E-01  1.00000E+00       1       1
  1.20416E+00  1.45869E+01 -1.54478E+00  7.44980E+04  3.00000E-03  1.00000E+00       1       1
h: 17 17 1
t: 2112 neutron
 -1.11254E+00 -1.73516E+01 -1.77400E+01  0.00000E+00  2.50000E-08  1.00000E+00       3       2
 -1.11254E+00 -1.73516E+01 -2.50397E+00  6.96679E+04  2.50000E-08  1.00000E+00       2       3
 -1.11254E+00 -1.73516E+01 -2.32679E+00  7.04781E+04  2.50000E-08  1.00000E+00       2       2
 -1.06981E+00 -1.73240E+01 -2.30371E+00  7.07149E+04  2.90483E-08  1.00000E+00       1       2
 -8.20124E-01 -1.71631E+01 -2.16887E+00  7.20988E+04  2.90483E-08  1.00000E+00       1       1
t: 2212 proton
 -8.20124E-01 -1.71631E+01 -2.16887E+00  7.20988E+04  5.75627E-01  1.00000E+00       1       2
 -9.63767E-01 -1.72078E+01 -2.35005E+00  7.20990E+04  3.88717E-01  1.00000E+00       2       1
 -9.63882E-01 -1.72079E+01 -2.35020E+00  7.20990E+04  1.00000E-03  1.00000E+00       2       2
t: 1000003 triton
 -8.20124E-01 -1.71631E+01 -2.16887E+00  7.20988E+04  1.92407E-01  1.00000E+00       1       1
 -7.01858E-01 -1.71263E+01 -2.01971E+00  7.20995E+04  3.00000E-03  1.00000E+00       1       1
h: 18 18 1
t: 2112 neutron
 -1.09060E+00 -1.59437E+01 -1.77400E+01  0.00000E+00  2.50000E-08  1.00000E+00       3       2
 -1.09060E+00 -1.59437E+01 -2.51360E+00  6.96239E+04  2.50000E-08  1.00000E+00       2       3
 -1.09060E+00 -1.59437E+01 -2.29395E+00  7.06283E+04  2.50000E-08  1.00000E+00       1       2
 -1.09060E+00 -1.59437E+01 -2.28658E+00  7.06620E+04  2.50000E-08  1.00000E+00       1       1
t: 2212 proton
 -1.09060E+00 -1.59437E+01 -2.28658E+00  7.06620E+04  5.75649E-01  1.00000E+00       1       2
 -1.09650E+00 -1.59412E+01 -2.29113E+00  7.06620E+04  5.70134E-01  1.00000E+00       2       1
 -1.09673E+00 -1.59411E+01 -2.29131E+00  7.06620E+04  1.00000E-03  1.00000E+00       2       2
t: 1000003 triton
 -1.09060E+00 -1.59437E+01 -2.28658E+00  7.06620E+04  1.92385E-01  1.00000E+00       1       1
 -9.44705E-01 -1.60037E+01 -2.17392E+00  7.06628E+04  3.00000E-03  1.00000E+00       1       1
h: 19 19 1
t: 2112 neutron
  1.00835E+00 -8.91233E+00 -1.77400E+01  0.00000E+00  2.50000E-08  1.00000E+00       3       2
  1.00835E+00 -8.91233E+00 -2.54771E+00  6.94679E+04  2.50000E-08  1.00000E+00       2       3
  1.00835E+00 -8.91233E+00 -2.33127E+00  7.04576E+04  2.50000E-08  1.00000E+00       1       2
  1.00835E+00 -8.91233E+00 -2.29215E+00  7.06365E+04  2.50000E-08  1.00000E+00       1       1
t: 2212 proton
  1.00835E+00 -8.91233E+00 -2.29215E+00  7.06365E+04  5.75665E-01  1.00000E+00       1       2
  1.03466E+00 -8.99452E+00 -2.31972E+00  7.06366E+04  5.09464E-01  1.00000E+00       2       1
  1.03473E+00 -8.99476E+00 -2.31980E+00  7.06366E+04  1.00000E-03  1.00000E+00       2       2
t: 1000003 triton
  1.00835E+00 -8.91233E+00 -2.29215E+00  7.06365E+04  1.92368E-01  1.00000E+00       1       1
  9.52048E-01 -8.73648E+00 -2.23312E+00  7.06373E+04  3.00000E-03  1.00000E+00       1       1
h: 20 20 1
t: 2112 neutron
  2.36384E+00  1.20224E+01 -1.77400E+01  0.00000E+00  2.50000E-08  1.00000E+00       3       2
  2.36384E+00  1.20224E+01 -1.38559E+00  7.47818E+04  2.50000E-08  1.00000E+00       2       3
  2.36384E+00  1.20224E+01 -9.29446E-01  7.68676E+04  2.50000E-08  1.00000E+00       1       2
  2.36384E+00  1.20224E+01 -8.71120E-01  7.71343E+04  2.50000E-08  1.00000E+00       1       1
t: 2212 proton
  2.36384E+00  1.20224E+01 -8.71120E-01  7.71343E+04  5.75685E-01  1.00000E+00       1       2
  2.38634E+00  1.20824E+01 -8.70040E-01  7.71343E+04  5.29443E-01  1.00000E+00       2       1
  2.38644E+00  1.20826E+01 -8.70035E-01  7.71343E+04  1.00000E-03  1.00000E+00       2       2
t: 1000003 triton
  2.36384E+00  1.20224E+01 -8.71120E-01  7.71343E+04  1.92349E-01  1.00000E+00       1       1
  2.29578E+00  1.18409E+01 -8.74344E-01  7.71350E+04  3.00000E-03  1.00000E+00       1       1
h: 21 21 1
t: 2112 neutron
  1.75626E+00  4.28407E+00 -1.77400E+01  0.00000E+00  2.50000E-08  1.00000E+00       3       2
  1.75626E+00  4.28407E+00 -2.10313E+00  7.15008E+04  2.50000E-08  1.00000E+00       2       3
  1.75626E+00  4.28407E+00 -2.00821E+00  7.19348E+04  2.50000E-08  1.00000E+00       2       2
  2.52880E+00  4.79181E+00 -1.05487E+00  7.80594E+04  2.45744E-08  1.00000E+00       3       2
  5.91527E+01  4.20073E+01  6.88211E+01  5.26964E+05  2.45744E-08  1.00000E+00       4       3
h: 22 22 1
t: 2112 neutron
 -1.30185E+00  1.86970E+01 -1.77400E+01  0.00000E+00  2.50000E-08  1.00000E+00       3       2
 -1.30185E+00  1.86970E+01 -2.41097E+00  7.00932E+04  2.50000E-08  1.00000E+00       2       3
 -1.30185E+00  1.86970E+01 -2.18100E+00  7.11447E+04  2.50000E-08  1.00000E+00       1       2
 -1.30185E+00  1.86970E+01 -6.05889E-01  7.83471E+04  2.50000E-08  1.00000E+00       1       1
t: 2212 proton
 -1.30185E+00  1.86970E+01 -6.05889E-01  7.83471E+04  5.75701E-01  1.00000E+00       1       1
 -1.33094E+00  1.92502E+01 -4.43869E-01  7.83478E+04  1.00000E-03  1.00000E+00       1       1
t: 1000003 triton
 -1.30185E+00  1.86970E+01 -6.05889E-01  7.83471E+04  1.92333E-01  1.00000E+00       1       1
 -1.29208E+00  1.85112E+01 -6.60260E-01  7.83478E+04  3.00000E-03  1.00000E+00       1       1
h: 23 23 1
t: 2112 neutron
  1.57658E-02 -4.54046E+00 -1.77400E+01  0.00000E+00  2.50000E-08  1.00000E+00       3       2
  1.57658E-02 -4.54046E+00 -2.73995E+00  6.85889E+04  2.50000E-08  1.00000E+00       2       3
  1.57658E-02 -4.54046E+00 -2.60370E+00  6.92119E+04  2.50000E-08  1.00000E+00       2       2
  5.60564E-02 -4.56475E+00 -2.56405E+00  6.94882E+04  2.59265E-08  1.00000E+00       2       2
 -2.83333E-01 -5.01554E+00 -2.72531E+00  7.20287E+04  2.78918E-08  1.00000E+00       3       2
 -5.53301E+01 -7.81313E+01 -2.88804E+01  4.84089E+05  2.78918E-08  1.00000E+00       4       3
h: 24 24 1
t: 2112 neutron
  2.10428E+00 -1.55047E+01 -1.77400E+01  0.00000E+00  2.50000E-08  1.00000E+00       3       2
  2.10428E+00 -1.55047E+01 -1.75489E+00  7.30932E+04  2.50000E-08  1.00000E+00       2       3
  2.10428E+00 -1.55047E+01 -1.42254E+00  7.46129E+04  2.50000E-08  1.00000E+00       1       2
  2.10428E+00 -1.55047E+01 -6.63383E-01  7.80842E+04  2.50000E-08  1.00000E+00       1       1
t: 2212 proton
  2.10428E+00 -1.55047E+01 -6.63383E-01  7.80842E+04  5.75739E-01  1.00000E+00       1       1
  1.88312E+00 -1.54601E+01 -1.32060E-01  7.80849E+04  1.00000E-03  1.00000E+00       1       1
t: 1000003 triton
  2.10428E+00 -1.55047E+01 -6.63383E-01  7.80842E+04  1.92294E-01  1.00000E+00       1       1
  2.17854E+00 -1.55196E+01 -8.41757E-01  7.80849E+04  3.00000E-03  1.00000E+00       1       1
h: 25 25 1
t: 2112 neutron
  1.77405E+00  1.75453E+01 -1.77400E+01  0.00000E+00  2.50000E-08  1.00000E+00       3       2
  1.77405E+00  1.75453E+01 -2.08815E+00  7.15693E+04  2.50000E-08  1.00000E+00       2       3
  1.77405E+00  1.75453E+01 -1.81779E+00  7.28056E+04  2.50000E-08  1.00000E+00       1       2
  1.77405E+00  1.75453E+01 -1.56981E+00  7.39394E+04  2.50000E-08  1.00000E+00       1       1
t: 2212 proton
  1.77405E+00  1.75453E+01 -1.56981E+00  7.39394E+04  5.75733E-01  1.00000E+00       1       1
  2.09298E+00  1.74518E+01 -1.09787E+00  7.39402E+04  1.00000E-03  1.00000E+00       1       1
t: 1000003 triton
  1.77405E+00  1.75453E+01 -1.56981E+00  7.39394E+04  1.92300E-01  1.00000E+00       1       1
  1.66695E+00  1.75767E+01 -1.72825E+00  7.39402E+04  3.00000E-03  1.00000E+00       1       1
h: 26 26 1
t: 2112 neutron
  7.10980E-01  5.14932E+00 -1.77400E+01  0.00000E+00  2.50000E-08  1.00000E+00       3       2
  7.10980E-01  5.14932E+00 -2.64615E+00  6.90178E+04  2.50000E-08  1.00000E+00       2       3
  7.10980E-01  5.14932E+00 -2.53564E+00  6.95231E+04  2.50000E-08  1.00000E+00       2       2
  7.30984E-01  5.08372E+00 -2.64069E+00  7.01114E+04  2.37688E-08  1.00000E+00       3       2
  1.67026E+01 -4.72883E+01 -8.65150E+01  5.39831E+05  2.37688E-08  1.00000E+00       4       3
h: 27 27 1
t: 2112 neutron
 -5.01446E-01 -1.89108E+01 -1.77400E+01  0.00000E+00  2.50000E-08  1.00000E+00       3       2
 -5.01446E-01 -1.89108E+01 -2.69372E+00  6.88003E+04  2.50000E-08  1.00000E+00       2       3
 -5.01446E-01 -1.89108E+01 -2.49001E+00  6.97318E+04  2.50000E-08  1.00000E+00       1       2
 -5.01446E-01 -1.89108E+01 -1.70141E+00  7.33377E+04  2.50000E-08  1.00000E+00       1       1
t: 2212 proton
 -5.01446E-01 -1.89108E+01 -1.70141E+00  7.33377E+04  5.75710E-01  1.00000E+00       1       1
 -9.83522E-01 -1.87140E+01 -1.45237E+00  7.33385E+04  1.00000E-03  1.00000E+00       1       1
t: 1000003 triton
 -5.01446E-01 -1.89108E+01 -1.70141E+00  7.33377E+04  1.92324E-01  1.00000E+00       1       1
 -3.39554E-01 -1.89769E+01 -1.78501E+00  7.33385E+04  3.00000E-03  1.00000E+00       1       1
h: 28 28 1
t: 2112 neutron
 -2.33775E+00 -6.93364E+00 -1.77400E+01  0.00000E+00  2.50000E-08  1.00000E+00       3       2
 -2.33775E+00 -6.93364E+00 -1.42916E+00  7.45826E+04  2.50000E-08  1.00000E+00       2       3
 -2.33775E+00 -6.93364E+00 -1.22336E+00  7.55236E+04  2.50000E-08  1.00000E+00       2       2
t: 22 photon
 -2.33775E+00 -6.93364E+00 -1.22336E+00  7.55236E+04  5.79583E+00  1.00000E+00       2       3
 -2.33208E+00 -7.59747E+00 -1.43840E+00  7.55236E+04  5.79583E+00  1.00000E+00       3       2
 -1.58197E+00 -9.54166E+01 -2.98859E+01  7.55267E+04  5.79583E+00  1.00000E+00       4       3
t: 22 photon
 -2.33775E+00 -6.93364E+00 -1.22336E+00  7.55236E+04  2.02433E+00  1.00000E+00       2       1
 -2.25480E+00 -6.92838E+00 -1.16939E+00  7.55236E+04  2.02433E+00  1.00000E+00       1       2
  1.98251E+00 -6.66014E+00  1.58785E+00  7.55238E+04  2.02433E+00  1.00000E+00       2       1
  2.15090E+00 -6.64948E+00  1.69742E+00  7.55238E+04  2.02433E+00  1.00000E+00       3       2
  8.36717E+01 -1.48878E+00  5.47433E+01  7.55270E+04  2.02433E+00  1.00000E+00       4       3
h: 29 29 1
t: 2112 neutron
  1.27120E-01 -5.76170E+00 -1.77400E+01  0.00000E+00  2.50000E-08  1.00000E+00       3       2
  1.27120E-01 -5.76170E+00 -2.73705E+00  6.86022E+04  2.50000E-08  1.00000E+00       2       3
  1.27120E-01 -5.76170E+00 -2.55493E+00  6.94349E+04  2.50000E-08  1.00000E+00       2       2
  1.20256E-01 -5.75630E+00 -2.53715E+00  6.95206E+04  2.79123E-08  1.00000E+00       1       2
  1.08692E-01 -5.74720E+00 -2.50720E+00  6.96651E+04  2.79123E-08  1.00000E+00       1       1
t: 2212 proton
  1.08692E-01 -5.74720E+00 -2.50720E+00  6.96651E+04  5.75745E-01  1.00000E+00       1       1
 -2.11984E-01 -5.68542E+00 -2.03121E+00  6.96658E+04  1.00000E-03  1.00000E+00       1       1
t: 1000003 triton
  1.08692E-01 -5.74720E+00 -2.50720E+00  6.96651E+04  1.92288E-01  1.00000E+00       1       2
  1.28600E-01 -5.75104E+00 -2.53674E+00  6.96652E+04  1.47901E-01  1.00000E+00       2       1
  1.28654E-01 -5.75105E+00 -2.53682E+00  6.96652E+04  3.00000E-03  1.00000E+00       2       2
h: 30 30 1
t: 2112 neutron
 -1.98098E+00  1.73799E+00 -1.77400E+01  0.00000E+00  2.50000E-08  1.00000E+00       3       2
 -1.98098E+00  1.73799E+00 -1.89297E+00  7.24618E+04  2.50000E-08  1.00000E+00       2       3
 -1.98098E+00  1.73799E+00 -1.58976E+00  7.38483E+04  2.50000E-08  1.00000E+00       1       2
 -1.98098E+00  1.73799E+00 -1.31722E+00  7.50945E+04  2.50000E-08  1.00000E+00       1       1
t: 2212 proton
 -1.98098E+00  1.73799E+00 -1.31722E+00  7.50945E+04  5.75672E-01  1.00000E+00       1       2
 -2.12138E+00  1.36968E+00 -1.39691E+00  7.50949E+04  2.11125E-01  1.00000E+00       2       1
 -2.12141E+00  1.36958E+00 -1.39693E+00  7.50949E+04  1.00000E-03  1.00000E+00       2       2
t: 1000003 triton
 -1.98098E+00  1.73799E+00 -1.31722E+00  7.50945E+04  1.92362E-01  1.00000E+00       1       1
 -1.91330E+00  1.91553E+00 -1.27876E+00  7.50952E+04  3.00000E-03  1.00000E+00       1       1
h: 31 31 1
t: 2112 neutron
 -1.51815E+00 -5.75371E+00 -1.77400E+01  0.00000E+00  2.50000E-08  1.00000E+00       3       2
 -1.51815E+00 -5.75371E+00 -2.28097E+00  7.06876E+04  2.50000E-08  1.00000E+00       2       3
 -1.51815E+00 -5.75371E+00 -2.03638E+00  7.18060E+04  2.50000E-08  1.00000E+00       1       2
 -1.51815E+00 -5.75371E+00  2.89733E-01  8.24424E+04  2.50000E-08  1.00000E+00       1       1
t: 2212 proton
 -1.51815E+00 -5.75371E+00  2.89733E-01  8.24424E+04  5.75672E-01  1.00000E+00       1       1
 -1.29941E+00 -5.23215E+00  1.74762E-01  8.24431E+04  1.00000E-03  1.00000E+00       1       1
t: 1000003 triton
 -1.51815E+00 -5.75371E+00  2.89733E-01  8.24424E+04  1.92362E-01  1.00000E+00       1       1
 -1.59161E+00 -5.92888E+00  3.28388E-01  8.24431E+04  3.00000E-03  1.00000E+00       1       1
h: 32 32 1
t: 2112 neutron
 -9.39066E-01  8.99792E-01 -1.77400E+01  0.00000E+00  2.50000E-08  1.00000E+00       3       2
 -9.39066E-01  8.99792E-01 -2.57405E+00  6.93475E+04  2.50000E-08  1.00000E+00       2       3
 -9.39066E-01  8.99792E-01 -2.54525E+00  6.94792E+04  2.50000E-08  1.00000E+00       2       2
 -9.48923E-01  8.75681E-01 -2.57044E+00  6.96573E+04  2.16202E-08  1.00000E+00       3       2
 -2.77478E+01 -6.46799E+01 -7.10392E+01  5.54019E+05  2.16202E-08  1.00000E+00       4       3
h: 33 33 1
t: 2112 neutron
  8.08244E-01  7.90509E+00 -1.77400E+01  0.00000E+00  2.50000E-08  1.00000E+00       3       2
  8.08244E-01  7.90509E+00 -2.61808E+00  6.91462E+04  2.50000E-08  1.00000E+00       2       3
  8.08244E-01  7.90509E+00 -2.40797E+00  7.01069E+04  2.50000E-08  1.00000E+00       1       2
  8.08244E-01  7.90509E+00 -1.84763E+00  7.26691E+04  2.50000E-08  1.00000E+00       1       1
t: 2212 proton
  8.08244E-01  7.90509E+00 -1.84763E+00  7.26691E+04  5.75742E-01  1.00000E+00       1       1
  6.52428E-01  7.92897E+00 -1.29233E+00  7.26699E+04  1.00000E-03  1.00000E+00       1       1
t: 1000003 triton
  8.08244E-01  7.90509E+00 -1.84763E+00  7.26691E+04  1.92292E-01  1.00000E+00       1       1
  8.60566E-01  7.89707E+00 -2.03405E+00  7.26699E+04  3.00000E-03  1.00000E+00       1       1
h: 34 34 1
t: 2112 neutron
 -3.16267E-01 -4.08681E+00 -1.77400E+01  0.00000E+00  2.50000E-08  1.00000E+00       3       2
 -3.16267E-01 -4.08681E+00 -2.72169E+00  6.86724E+04  2.50000E-08  1.00000E+00       2       3
 -3.16267E-01 -4.08681E+00 -2.52023E+00  6.95936E+04  2.50000E-08  1.00000E+00       1       2
 -3.16267E-01 -4.08681E+00 -2.46237E+00  6.98581E+04  2.50000E-08  1.00000E+00       1       1
t: 2212 proton
 -3.16267E-01 -4.08681E+00 -2.46237E+00  6.98581E+04  5.75682E-01  1.00000E+00       1       1
 -3.40374E-01 -4.66318E+00 -2.48041E+00  6.98589E+04  1.00000E-03  1.00000E+00       1       1
t: 1000003 triton
 -3.16267E-01 -4.08681E+00 -2.46237E+00  6.98581E+04  1.92352E-01  1.00000E+00       1       1
 -3.08170E-01 -3.89323E+00 -2.45628E+00  6.98589E+04  3.00000E-03  1.00000E+00       1       1
h: 35 35 1
t: 2112 neutron
 -4.42224E-01 -7.36747E+00 -1.77400E+01  0.00000E+00  2.50000E-08  1.00000E+00       3       2
 -4.42224E-01 -7.36747E+00 -2.70408E+00  6.87529E+04  2.50000E-08  1.00000E+00       2       3
 -4.42224E-01 -7.36747E+00 -2.60163E+00  6.92214E+04  2.50000E-08  1.00000E+00       2       2
t: 22 photon
 -4.42224E-01 -7.36747E+00 -2.60163E+00  6.92214E+04  3.02533E+00  1.00000E+00       2       1
 -1.54493E-01 -7.41388E+00 -2.53530E+00  6.92214E+04  3.02533E+00  1.00000E+00       1       2
  1.24893E+00 -7.64027E+00 -2.21173E+00  6.92214E+04  3.02533E+00  1.00000E+00       2       1
  1.76996E+00 -7.72431E+00 -2.09161E+00  6.92214E+04  3.02533E+00  1.00000E+00       3       2
  9.53888E+01 -2.28259E+01  1.94925E+01  6.92247E+04  3.02533E+00  1.00000E+00       4       3
t: 22 photon
 -4.42224E-01 -7.36747E+00 -2.60163E+00  6.92214E+04  4.62084E+00  1.00000E+00       2       1
 -6.49046E-01 -7.44038E+00 -2.45567E+00  6.92214E+04  4.62084E+00  1.00000E+00       1       2
 -2.09624E+00 -7.95059E+00 -1.43436E+00  6.92214E+04  4.62084E+00  1.00000E+00       2       1
 -2.48102E+00 -8.08625E+00 -1.16280E+00  6.92214E+04  4.62084E+00  1.00000E+00       3       2
 -7.79739E+01 -3.47013E+01  5.21143E+01  6.92247E+04  4.62084E+00  1.00000E+00       4       3
h: 36 36 1
t: 2112 neutron
  6.58368E-01  2.91078E+00 -1.77400E+01  0.00000E+00  2.50000E-08  1.00000E+00       3       2
  6.58368E-01  2.91078E+00 -2.65973E+00  6.89557E+04  2.50000E-08  1.00000E+00       2       3
  6.58368E-01  2.91078E+00 -2.45319E+00  6.99001E+04  2.50000E-08  1.00000E+00       1       2
  6.58368E-01  2.91078E+00 -2.35659E+00  7.03418E+04  2.50000E-08  1.00000E+00       1       1
t: 2212 proton
  6.58368E-01  2.91078E+00 -2.35659E+00  7.03418E+04  5.75675E-01  1.00000E+00       1       1
  4.56065E-01  2.37717E+00 -2.44282E+00  7.03426E+04  1.00000E-03  1.00000E+00       1       1
t: 1000003 triton
  6.58368E-01  2.91078E+00 -2.35659E+00  7.03418E+04  1.92359E-01  1.00000E+00       1       1
  7.26313E-01  3.08999E+00 -2.32759E+00  7.03426E+04  3.00000E-03  1.00000E+00       1       1
h: 37 37 1
t: 2112 neutron
  1.85043E+00  4.57726E+00 -1.77400E+01  0.00000E+00  2.50000E-08  1.00000E+00       3       2
  1.85043E+00  4.57726E+00 -2.02077E+00  7.18774E+04  2.50000E-08  1.00000E+00       2       3
  1.85043E+00  4.57726E+00 -1.73998E+00  7.31614E+04  2.50000E-08  1.00000E+00       1       2
  1.85043E+00  4.57726E+00  3.76950E-01  8.28412E+04  2.50000E-08  1.00000E+00       1       1
t: 2212 proton
  1.85043E+00  4.57726E+00  3.76950E-01  8.28412E+04  5.75656E-01  1.00000E+00       1       1
  2.15235E+00  4.16117E+00  1.14696E-01  8.28419E+04  1.00000E-03  1.00000E+00       1       1
t: 1000003 triton
  1.85043E+00  4.57726E+00  3.76950E-01  8.28412E+04  1.92377E-01  1.00000E+00       1       1
  1.74902E+00  4.71701E+00  4.65076E-01  8.28419E+04  3.00000E-03  1.00000E+00       1       1
h: 38 38 1
t: 2112 neutron
  2.02290E+00 -4.29903E+00 -1.77400E+01  0.00000E+00  2.50000E-08  1.00000E+00       3       2
  2.02290E+00 -4.29903E+00 -1.84810E+00  7.26670E+04  2.50000E-08  1.00000E+00       2       3
  2.02290E+00 -4.29903E+00 -1.53606E+00  7.40938E+04  2.50000E-08  1.00000E+00       1       2
  2.02290E+00 -4.29903E+00 -1.50074E+00  7.42553E+04  2.50000E-08  1.00000E+00       1       1
t: 2212 proton
  2.02290E+00 -4.29903E+00 -1.50074E+00  7.42553E+04  5.75686E-01  1.00000E+00       1       2
  2.05033E+00 -4.26173E+00 -1.49924E+00  7.42553E+04  5.42542E-01  1.00000E+00       2       1
  2.05050E+00 -4.26150E+00 -1.49924E+00  7.42553E+04  1.00000E-03  1.00000E+00       2       2
t: 1000003 triton
  2.02290E+00 -4.29903E+00 -1.50074E+00  7.42553E+04  1.92348E-01  1.00000E+00       1       1
  1.90812E+00 -4.45510E+00 -1.50694E+00  7.42561E+04  3.00000E-03  1.00000E+00       1       1
h: 39 39 1
t: 2112 neutron
  1.47287E+00  1.25257E+01 -1.77400E+01  0.00000E+00  2.50000E-08  1.00000E+00       3       2
  1.47287E+00  1.25257E+01 -2.31047E+00  7.05527E+04  2.50000E-08  1.00000E+00       2       3
  1.47287E+00  1.25257E+01 -2.06936E+00  7.16552E+04  2.50000E-08  1.00000E+00       1       2
  1.47287E+00  1.25257E+01 -2.05322E+00  7.17290E+04  2.50000E-08  1.00000E+00       1       1
t: 2212 proton
  1.47287E+00  1.25257E+01 -2.05322E+00  7.17290E+04  5.75699E-01  1.00000E+00       1       2
  1.51108E+00  1.25012E+01 -2.04163E+00  7.17291E+04  5.42168E-01  1.00000E+00       2       1
  1.51131E+00  1.25010E+01 -2.04156E+00  7.17291E+04  1.00000E-03  1.00000E+00       2       2
t: 1000003 triton
  1.47287E+00  1.25257E+01 -2.05322E+00  7.17290E+04  1.92335E-01  1.00000E+00       1       1
  1.31480E+00  1.26271E+01 -2.10112E+00  7.17298E+04  3.00000E-03  1.00000E+00       1       1
h: 40 40 1
t: 2112 neutron
  2.48786E+00  2.26554E+00 -1.77400E+01  0.00000E+00  2.50000E-08  1.00000E+00       3       2
  2.48786E+00  2.26554E+00 -1.14810E+00  7.58678E+04  2.50000E-08  1.00000E+00       2       3
  2.48786E+00  2.26554E+00 -1.05350E+00  7.63003E+04  2.50000E-08  1.00000E+00       2       2
  2.51141E+00  2.20552E+00 -1.09563E+00  7.65699E+04  4.26730E-08  1.00000E+00       3       2
  3.31744E+01 -7.59515E+01 -5.59538E+01  4.27575E+05  4.26730E-08  1.00000E+00       4       3
h: 41 41 1
t: 2112 neutron
 -1.04687E+00  8.42058E+00 -1.77400E+01  0.00000E+00  2.50000E-08  1.00000E+00       3       2
 -1.04687E+00  8.42058E+00 -2.53213E+00  6.95392E+04  2.50000E-08  1.00000E+00       2       3
 -1.04687E+00  8.42058E+00 -2.31423E+00  7.05355E+04  2.50000E-08  1.00000E+00       1       2
 -1.04687E+00  8.42058E+00 -8.97862E-01  7.70120E+04  2.50000E-08  1.00000E+00       1       1
t: 2212 proton
 -1.04687E+00  8.42058E+00 -8.97862E-01  7.70120E+04  5.75669E-01  1.00000E+00       1       1
 -1.02971E+00  8.98078E+00 -1.03561E+00  7.70128E+04  1.00000E-03  1.00000E+00       1       1
t: 1000003 triton
 -1.04687E+00  8.42058E+00 -8.97862E-01  7.70120E+04  1.92364E-01  1.00000E+00       1       1
 -1.05263E+00  8.23243E+00 -8.51557E-01  7.70128E+04  3.00000E-03  1.00000E+00       1       1
h: 42 42 1
t: 2112 neutron
  1.90195E+00  1.31922E+01 -1.77400E+01  0.00000E+00  2.50000E-08  1.00000E+00       3       2
  1.90195E+00  1.31922E+01 -1.97235E+00  7.20988E+04  2.50000E-08  1.00000E+00       2       3
  1.90195E+00  1.31922E+01 -1.68350E+00  7.34196E+04  2.50000E-08  1.00000E+00       1       2
  1.90195E+00  1.31922E+01 -9.25800E-01  7.68842E+04  2.50000E-08  1.00000E+00       1       1
t: 2212 proton
  1.90195E+00  1.31922E+01 -9.25800E-01  7.68842E+04  5.75637E-01  1.00000E+00       1       1
  1.78451E+00  1.35360E+01 -1.37419E+00  7.68850E+04  1.00000E-03  1.00000E+00       1       1
t: 1000003 triton
  1.90195E+00  1.31922E+01 -9.25800E-01  7.68842E+04  1.92397E-01  1.00000E+00       1       1
  1.94141E+00  1.30767E+01 -7.75148E-01  7.68850E+04  3.00000E-03  1.00000E+00       1       1
h: 43 43 1
t: 2112 neutron
  1.09200E+00 -1.44143E+01 -1.77400E+01  0.00000E+00  2.50000E-08  1.00000E+00       3       2
  1.09200E+00 -1.44143E+01 -2.51299E+00  6.96267E+04  2.50000E-08  1.00000E+00       2       3
  1.09200E+00 -1.44143E+01 -2.29328E+00  7.06313E+04  2.50000E-08  1.00000E+00       1       2
  1.09200E+00 -1.44143E+01 -1.32691E+00  7.50501E+04  2.50000E-08  1.00000E+00       1       1
t: 2212 proton
  1.09200E+00 -1.44143E+01 -1.32691E+00  7.50501E+04  5.75683E-01  1.00000E+00       1       1
  5.19545E-01 -1.43410E+01 -1.33326E+00  7.50509E+04  1.00000E-03  1.00000E+00       1       1
t: 1000003 triton
  1.09200E+00 -1.44143E+01 -1.32691E+00  7.50501E+04  1.92350E-01  1.00000E+00       1       1
  1.28426E+00 -1.44388E+01 -1.32474E+00  7.50509E+04  3.00000E-03  1.00000E+00       1       1
h: 44 44 1
t: 2112 neutron
  1.15131E+00  1.00399E+01 -1.77400E+01  0.00000E+00  2.50000E-08  1.00000E+00       3       2
  1.15131E+00  1.00399E+01 -2.48638E+00  6.97484E+04  2.50000E-08  1.00000E+00       2       3
  1.15131E+00  1.00399E+01 -2.40443E+00  7.01231E+04  2.50000E-08  1.00000E+00       2       2
 -8.33441E-02  1.02179E+01 -2.73873E+00  7.69287E+04  1.88224E-08  1.00000E+00       3       2
 -9.30722E+01  2.36267E+01 -2.79169E+01  5.89501E+05  1.88224E-08  1.00000E+00       4       3
h: 45 45 1
t: 2112 neutron
 -1.97822E+00  1.07296E+01 -1.77400E+01  0.00000E+00  2.50000E-08  1.00000E+00       3       2
 -1.97822E+00  1.07296E+01 -1.89584E+00  7.24486E+04  2.50000E-08  1.00000E+00       2       3
 -1.97822E+00  1.07296E+01 -1.59318E+00  7.38326E+04  2.50000E-08  1.00000E+00       1       2
 -1.97822E+00  1.07296E+01 -5.01920E-01  7.88225E+04  2.50000E-08  1.00000E+00       1       1
t: 2212 proton
 -1.97822E+00  1.07296E+01 -5.01920E-01  7.88225E+04  5.75686E-01  1.00000E+00       1       1
 -1.40369E+00  1.07801E+01 -4.80128E-01  7.88232E+04  1.00000E-03  1.00000E+00       1       1
t: 1000003 triton
 -1.97822E+00  1.07296E+01 -5.01920E-01  7.88225E+04  1.92347E-01  1.00000E+00       1       1
 -2.17118E+00  1.07127E+01 -5.09198E-01  7.88232E+04  3.00000E-03  1.00000E+00       1       1
h: 46 46 1
t: 2112 neutron
  1.90025E+00  7.75354E+00 -1.77400E+01  0.00000E+00  2.50000E-08  1.00000E+00       3       2
  1.90025E+00  7.75354E+00 -1.97400E+00  7.20913E+04  2.50000E-08  1.00000E+00       2       3
  1.90025E+00  7.75354E+00 -1.68543E+00  7.34108E+04  2.50000E-08  1.00000E+00       1       2
  1.90025E+00  7.75354E+00 -1.22277E+00  7.55263E+04  2.50000E-08  1.00000E+00       1       1
t: 2212 proton
  1.90025E+00  7.75354E+00 -1.22277E+00  7.55263E+04  5.75727E-01  1.00000E+00       1       1
  2.29116E+00  7.85684E+00 -8.10828E-01  7.55271E+04  1.00000E-03  1.00000E+00       1       1
t: 1000003 triton
  1.90025E+00  7.75354E+00 -1.22277E+00  7.55263E+04  1.92307E-01  1.00000E+00       1       1
  1.76898E+00  7.71885E+00 -1.36106E+00  7.55271E+04  3.00000E-03  1.00000E+00       1       1
h: 47 47 1
t: 2112 neutron
 -1.48789E+00 -6.57052E+00 -1.77400E+01  0.00000E+00  2.50000E-08  1.00000E+00       3       2
 -1.48789E+00 -6.57052E+00 -2.30082E+00  7.05968E+04  2.50000E-08  1.00000E+00       2       3
 -1.48789E+00 -6.57052E+00 -2.05859E+00  7.17045E+04  2.50000E-08  1.00000E+00       1       2
 -1.48789E+00 -6.57052E+00 -2.01787E+00  7.18907E+04  2.50000E-08  1.00000E+00       1       1
t: 2212 proton
 -1.48789E+00 -6.57052E+00 -2.01787E+00  7.18907E+04  5.75650E-01  1.00000E+00       1       2
 -1.49521E+00 -6.51863E+00 -2.05328E+00  7.18907E+04  5.30035E-01  1.00000E+00       2       1
 -1.49524E+00 -6.51840E+00 -2.05343E+00  7.18907E+04  1.00000E-03  1.00000E+00       2       2
t: 1000003 triton
 -1.48789E+00 -6.57052E+00 -2.01787E+00  7.18907E+04  1.92383E-01  1.00000E+00       1       1
 -1.46546E+00 -6.72955E+00 -1.90929E+00  7.18915E+04  3.00000E-03  1.00000E+00       1       1
h: 48 48 1
t: 2112 neutron
 -1.34233E+00 -3.45185E+00 -1.77400E+01  0.00000E+00  2.50000E-08  1.00000E+00       3       2
 -1.34233E+00 -3.45185E+00 -2.38867E+00  7.01951E+04  2.50000E-08  1.00000E+00       2       3
 -1.34233E+00 -3.45185E+00 -2.15633E+00  7.12576E+04  2.50000E-08  1.00000E+00       1       2
 -1.34233E+00 -3.45185E+00 -1.57390E+00  7.39207E+04  2.50000E-08  1.00000E+00       1       1
t: 2212 proton
 -1.34233E+00 -3.45185E+00 -1.57390E+00  7.39207E+04  5.75649E-01  1.00000E+00       1       1
 -1.19264E+00 -3.00775E+00 -1.91068E+00  7.39215E+04  1.00000E-03  1.00000E+00       1       1
t: 1000003 triton
 -1.34233E+00 -3.45185E+00 -1.57390E+00  7.39207E+04  1.92385E-01  1.00000E+00       1       1
 -1.39261E+00 -3.60102E+00 -1.46074E+00  7.39215E+04  3.00000E-03  1.00000E+00       1       1
h: 49 49 1
t: 2112 neutron
 -1.26980E+00  1.42124E+01 -1.77400E+01  0.00000E+00  2.50000E-08  1.00000E+00       3       2
 -1.26980E+00  1.42124E+01 -2.42800E+00  7.00153E+04  2.50000E-08  1.00000E+00       2       3
 -1.26980E+00  1.42124E+01 -2.19982E+00  7.10587E+04  2.50000E-08  1.00000E+00       1       2
 -1.26980E+00  1.42124E+01 -2.17917E+00  7.11531E+04  2.50000E-08  1.00000E+00       1       1
t: 2212 proton
 -1.26980E+00  1.42124E+01 -2.17917E+00  7.11531E+04  5.75720E-01  1.00000E+00       1       1
 -1.50985E+00  1.38221E+01 -1.82820E+00  7.11539E+04  1.00000E-03  1.00000E+00       1       1
t: 1000003 triton
 -1.26980E+00  1.42124E+01 -2.17917E+00  7.11531E+04  1.92313E-01  1.00000E+00       1       2
 -1.24664E+00  1.42501E+01 -2.21303E+00  7.11533E+04  1.24713E-01  1.00000E+00       2       1
 -1.24660E+00  1.42501E+01 -2.21308E+00  7.11533E+04  3.00000E-03  1.00000E+00       2       2
h: 50 50 1
t: 2112 neutron
 -1.94882E+00 -1.00457E+01 -1.77400E+01  0.00000E+00  2.50000E-08  1.00000E+00       3       2
 -1.94882E+00 -1.00457E+01 -1.92606E+00  7.23105E+04  2.50000E-08  1.00000E+00       2       3
 -1.94882E+00 -1.00457E+01 -1.65082E+00  7.35690E+04  2.50000E-08  1.00000E+00       2       2
 -1.92181E+00 -1.00311E+01 -1.66079E+00  7.37356E+04  1.96453E-08  1.00000E+00       1       2
 -1.90408E+00 -1.00215E+01 -1.66734E+00  7.38449E+04  1.96453E-08  1.00000E+00       1       1
t: 2212 proton
 -1.90408E+00 -1.00215E+01 -1.66734E+00  7.38449E+04  5.75732E-01  1.00000E+00       1       1
 -1.54064E+00 -9.57774E+00 -1.73186E+00  7.38457E+04  1.00000E-03  1.00000E+00       1       1
t: 1000003 triton
 -1.90408E+00 -1.00215E+01 -1.66734E+00  7.38449E+04  1.92301E-01  1.00000E+00       1       2
 -1.91834E+00 -1.00389E+01 -1.66481E+00  7.38450E+04  1.63917E-01  1.00000E+00       2       1
 -1.91840E+00 -1.00390E+01 -1.66480E+00  7.38450E+04  3.00000E-03  1.00000E+00       2       2
h: 51 51 1
t: 2112 neutron
 -7.35751E-01  1.28260E+01 -1.77400E+01  0.00000E+00  2.50000E-08  1.00000E+00       3       2
 -7.35751E-01  1.28260E+01 -2.63937E+00  6.90488E+04  2.50000E-08  1.00000E+00       2       3
 -7.35751E-01  1.28260E+01 -2.43110E+00  7.00011E+04  2.50000E-08  1.00000E+00       1       2
 -7.35751E-01  1.28260E+01 -1.67917E+00  7.34394E+04  2.50000E-08  1.00000E+00       1       1
t: 2212 proton
 -7.35751E-01  1.28260E+01 -1.67917E+00  7.34394E+04  5.75653E-01  1.00000E+00       1       1
 -1.12283E+00  1.25176E+01 -1.97608E+00  7.34402E+04  1.00000E-03  1.00000E+00       1       1
t: 1000003 triton
 -7.35751E-01  1.28260E+01 -1.67917E+00  7.34394E+04  1.92381E-01  1.00000E+00       1       1
 -6.05740E-01  1.29296E+01 -1.57941E+00  7.34402E+04  3.00000E-03  1.00000E+00       1       1
h: 52 52 1
t: 2112 neutron
 -2.93859E-01 -1.73486E+01 -1.77400E+01  0.00000E+00  2.50000E-08  1.00000E+00       3       2
 -2.93859E-01 -1.73486E+01 -2.72420E+00  6.86609E+04  2.50000E-08  1.00000E+00       2       3
 -2.93859E-01 -1.73486E+01 -2.52294E+00  6.95812E+04  2.50000E-08  1.00000E+00       1       2
 -2.93859E-01 -1.73486E+01 -2.16742E+00  7.12069E+04  2.50000E-08  1.00000E+00       1       1
t: 2212 proton
 -2.93859E-01 -1.73486E+01 -2.16742E+00  7.12069E+04  5.75736E-01  1.00000E+00       1       1
 -2.08667E-01 -1.76149E+01 -1.66245E+00  7.12076E+04  1.00000E-03  1.00000E+00       1       1
t: 1000003 triton
 -2.93859E-01 -1.73486E+01 -2.16742E+00  7.12069E+04  1.92297E-01  1.00000E+00       1       1
 -3.22466E-01 -1.72591E+01 -2.33694E+00  7.12076E+04  3.00000E-03  1.00000E+00       1       1
h: 53 53 1
t: 2112 neutron
 -8.96845E-01 -1.00228E+01 -1.77400E+01  0.00000E+00  2.50000E-08  1.00000E+00       3       2
 -8.96845E-01 -1.00228E+01 -2.58907E+00  6.92788E+04  2.50000E-08  1.00000E+00       2       3
 -8.96845E-01 -1.00228E+01 -2.54013E+00  6.95026E+04  2.50000E-08  1.00000E+00       2       2
 -8.76770E-01 -1.00842E+01 -2.59593E+00  6.98794E+04  2.68093E-08  1.00000E+00       3       2
  2.05532E+01 -7.55849E+01 -6.21650E+01  4.72111E+05  2.68093E-08  1.00000E+00       4       3
h: 54 54 1
t: 2112 neutron
  6.27335E-01  8.08428E+00 -1.77400E+01  0.00000E+00  2.50000E-08  1.00000E+00       3       2
  6.27335E-01  8.08428E+00 -2.66722E+00  6.89215E+04  2.50000E-08  1.00000E+00       2       3
  6.27335E-01  8.08428E+00 -2.57709E+00  6.93336E+04  2.50000E-08  1.00000E+00       2       2
t: 22 photon
  6.27335E-01  8.08428E+00 -2.57709E+00  6.93336E+04  7.64602E+00  1.00000E+00       2       3
  8.81008E-01  7.71495E+00 -2.59450E+00  6.93336E+04  7.64602E+00  1.00000E+00       3       2
  6.06155E+01 -7.92524E+01 -6.69427E+00  6.93371E+04  7.64602E+00  1.00000E+00       4       3
h: 55 55 1
t: 2112 neutron
  4.29891E-01  1.90989E+01 -1.77400E+01  0.00000E+00  2.50000E-08  1.00000E+00       3       2
  4.29891E-01  1.90989E+01 -2.70607E+00  6.87438E+04  2.50000E-08  1.00000E+00       2       3
  4.29891E-01  1.90989E+01 -2.50336E+00  6.96707E+04  2.50000E-08  1.00000E+00       1       2
  4.29891E-01  1.90989E+01 -2.41383E+00  7.00801E+04  2.50000E-08  1.00000E+00       1       1
t: 2212 proton
  4.29891E-01  1.90989E+01 -2.41383E+00  7.00801E+04  5.75738E-01  1.00000E+00       1       1
  3.70397E-01  1.88475E+01 -1.89764E+00  7.00809E+04  1.00000E-03  1.00000E+00       1       1
t: 1000003 triton
  4.29891E-01  1.90989E+01 -2.41383E+00  7.00801E+04  1.92296E-01  1.00000E+00       1       2
  4.40009E-01  1.91416E+01 -2.50160E+00  7.00804E+04  7.94156E-02  1.00000E+00       2       1
  4.40015E-01  1.91416E+01 -2.50166E+00  7.00804E+04  3.00000E-03  1.00000E+00       2       2
h: 56 56 1
t: 2112 neutron
 -4.91407E-01  1.83073E+01 -1.77400E+01  0.00000E+00  2.50000E-08  1.00000E+00       3       2
 -4.91407E-01  1.83073E+01 -2.69557E+00  6.87918E+04  2.50000E-08  1.00000E+00       2       3
 -4.91407E-01  1.83073E+01 -2.49201E+00  6.97226E+04  2.50000E-08  1.00000E+00       1       2
 -4.91407E-01  1.83073E+01 -2.17097E+00  7.11906E+04  2.50000E-08  1.00000E+00       1       1
t: 2212 proton
 -4.91407E-01  1.83073E+01 -2.17097E+00  7.11906E+04  5.75703E-01  1.00000E+00       1       1
 -7.83823E-01  1.87699E+01 -1.98743E+00  7.11914E+04  1.00000E-03  1.00000E+00       1       1
t: 1000003 triton
 -4.91407E-01  1.83073E+01 -2.17097E+00  7.11906E+04  1.92331E-01  1.00000E+00       1       1
 -3.93205E-01  1.81520E+01 -2.23257E+00  7.11914E+04  3.00000E-03  1.00000E+00       1       1
h: 57 57 1
t: 2112 neutron
  1.64028E+00  1.93618E+01 -1.77400E+01  0.00000E+00  2.50000E-08  1.00000E+00       3       2
  1.64028E+00  1.93618E+01 -2.19478E+00  7.10817E+04  2.50000E-08  1.00000E+00       2       3
  1.64028E+00  1.93618E+01 -1.93935E+00  7.22497E+04  2.50000E-08  1.00000E+00       1       2
  1.64028E+00  1.93618E+01 -6.74924E-01  7.80314E+04  2.50000E-08  1.00000E+00       1       1
t: 2212 proton
  1.64028E+00  1.93618E+01 -6.74924E-01  7.80314E+04  5.75675E-01  1.00000E+00       1       1
  2.14465E+00  1.96306E+01 -7.55527E-01  7.80322E+04  1.00000E-03  1.00000E+00       1       1
t: 1000003 triton
  1.64028E+00  1.93618E+01 -6.74924E-01  7.80314E+04  1.92358E-01  1.00000E+00       1       1
  1.47089E+00  1.92716E+01 -6.47812E-01  7.80322E+04  3.00000E-03  1.00000E+00       1       1
h: 58 58 1
t: 2112 neutron
  1.40948E+00  1.69663E+01 -1.77400E+01  0.00000E+00  2.50000E-08  1.00000E+00       3       2
  1.40948E+00  1.69663E+01 -2.34967E+00  7.03735E+04  2.50000E-08  1.00000E+00       2       3
  1.40948E+00  1.69663E+01 -2.11305E+00  7.14555E+04  2.50000E-08  1.00000E+00       1       2
  1.40948E+00  1.69663E+01 -1.63057E+00  7.36616E+04  2.50000E-08  1.00000E+00       1       1
t: 2212 proton
  1.40948E+00  1.69663E+01 -1.63057E+00  7.36616E+04  5.75674E-01  1.00000E+00       1       1
  1.71649E+00  1.64860E+01 -1.72116E+00  7.36624E+04  1.00000E-03  1.00000E+00       1       1
t: 1000003 triton
  1.40948E+00  1.69663E+01 -1.63057E+00  7.36616E+04  1.92359E-01  1.00000E+00       1       1
  1.30637E+00  1.71276E+01 -1.60010E+00  7.36624E+04  3.00000E-03  1.00000E+00       1       1
h: 59 59 1
t: 2112 neutron
  5.34144E-01 -6.56248E+00 -1.77400E+01  0.00000E+00  2.50000E-08  1.00000E+00       3       2
  5.34144E-01 -6.56248E+00 -2.68743E+00  6.88290E+04  2.50000E-08  1.00000E+00       2       3
  5.34144E-01 -6.56248E+00 -2.48320E+00  6.97629E+04  2.50000E-08  1.00000E+00       1       2
  5.34144E-01 -6.56248E+00 -1.96650E+00  7.21255E+04  2.50000E-08  1.00000E+00       1       1
t: 2212 proton
  5.34144E-01 -6.56248E+00 -1.96650E+00  7.21255E+04  5.75626E-01  1.00000E+00       1       2
  5.31691E-01 -6.40450E+00 -2.48373E+00  7.21263E+04  3.06576E-02  1.00000E+00       2       1
  5.31691E-01 -6.40449E+00 -2.48375E+00  7.21263E+04  1.00000E-03  1.00000E+00       2       2
t: 1000003 triton
  5.34144E-01 -6.56248E+00 -1.96650E+00  7.21255E+04  1.92407E-01  1.00000E+00       1       1
  5.35023E-01 -6.61911E+00 -1.78108E+00  7.21263E+04  3.00000E-03  1.00000E+00       1       1
h: 60 60 1
t: 2112 neutron
 -5.10861E-01 -4.33057E+00 -1.77400E+01  0.00000E+00  2.50000E-08  1.00000E+00       3       2
 -5.10861E-01 -4.33057E+00 -2.69195E+00  6.88084E+04  2.50000E-08  1.00000E+00       2       3
 -5.10861E-01 -4.33057E+00 -2.66321E+00  6.89398E+04  2.50000E-08  1.00000E+00       2       2
t: 22 photon
 -5.10861E-01 -4.33057E+00 -2.66321E+00  6.89398E+04  3.66867E+00  1.00000E+00       2       3
 -5.03050E-01 -4.33589E+00 -2.69343E+00  6.89398E+04  3.66867E+00  1.00000E+00       3       2
  2.33655E+01 -2.05766E+01 -9.50298E+01  6.89430E+04  3.66867E+00  1.00000E+00       4       3
t: 22 photon
 -5.10861E-01 -4.33057E+00 -2.66321E+00  6.89398E+04  3.97716E+00  1.00000E+00       2       3
 -4.30558E-01 -4.36500E+00 -2.70596E+00  6.89398E+04  3.97716E+00  1.00000E+00       3       2
  8.00761E+01 -3.88790E+01 -4.55659E+01  6.89431E+04  3.97716E+00  1.00000E+00       4       3
h: 61 61 1
t: 2112 neutron
  6.18481E-01  7.07924E+00 -1.77400E+01  0.00000E+00  2.50000E-08  1.00000E+00       3       2
  6.18481E-01  7.07924E+00 -2.66928E+00  6.89120E+04  2.50000E-08  1.00000E+00       2       3
  6.18481E-01  7.07924E+00 -2.46355E+00  6.98528E+04  2.50000E-08  1.00000E+00       1       2
  6.18481E-01  7.07924E+00 -2.22954E+00  7.09228E+04  2.50000E-08  1.00000E+00       1       1
t: 2212 proton
  6.18481E-01  7.07924E+00 -2.22954E+00  7.09228E+04  5.75662E-01  1.00000E+00       1       1
  2.10311E-01  6.72633E+00 -2.43430E+00  7.09236E+04  1.00000E-03  1.00000E+00       1       1
t: 1000003 triton
  6.18481E-01  7.07924E+00 -2.22954E+00  7.09228E+04  1.92371E-01  1.00000E+00       1       1
  7.55573E-01  7.19778E+00 -2.16073E+00  7.09235E+04  3.00000E-03  1.00000E+00       1       1
h: 62 62 1
t: 2112 neutron
  2.09791E+00 -6.15239E+00 -1.77400E+01  0.00000E+00  2.50000E-08  1.00000E+00       3       2
  2.09791E+00 -6.15239E+00 -1.76249E+00  7.30584E+04  2.50000E-08  1.00000E+00       2       3
  2.09791E+00 -6.15239E+00 -1.69428E+00  7.33703E+04  2.50000E-08  1.00000E+00       2       2
  2.02094E+00 -6.06650E+00 -1.53864E+00  7.43300E+04  2.12947E-08  1.00000E+00       1       2
  1.85480E+00 -5.88114E+00 -1.20272E+00  7.64015E+04  2.12947E-08  1.00000E+00       1       1
t: 2212 proton
  1.85480E+00 -5.88114E+00 -1.20272E+00  7.64015E+04  5.75733E-01  1.00000E+00       1       1
  1.53421E+00 -5.89317E+00 -7.22858E-01  7.64022E+04  1.00000E-03  1.00000E+00       1       1
t: 1000003 triton
  1.85480E+00 -5.88114E+00 -1.20272E+00  7.64015E+04  1.92301E-01  1.00000E+00       1       1
  1.96244E+00 -5.87708E+00 -1.36383E+00  7.64022E+04  3.00000E-03  1.00000E+00       1       1
h: 63 63 1
t: 2112 neutron
  6.77718E-01  6.97484E-01 -1.77400E+01  0.00000E+00  2.50000E-08  1.00000E+00       3       2
  6.77718E-01  6.97484E-01 -2.65486E+00  6.89780E+04  2.50000E-08  1.00000E+00       2       3
  6.77718E-01  6.97484E-01 -2.44792E+00  6.99242E+04  2.50000E-08  1.00000E+00       1       2
  6.77718E-01  6.97484E-01 -2.23684E+00  7.08894E+04  2.50000E-08  1.00000E+00       1       1
t: 2212 proton
  6.77718E-01  6.97484E-01 -2.23684E+00  7.08894E+04  5.75703E-01  1.00000E+00       1       1
  1.32494E-01  7.34160E-01 -2.05102E+00  7.08902E+04  1.00000E-03  1.00000E+00       1       1
t: 1000003 triton
  6.77718E-01  6.97484E-01 -2.23684E+00  7.08894E+04  1.92330E-01  1.00000E+00       1       1
  8.60820E-01  6.85167E-01 -2.29920E+00  7.08902E+04  3.00000E-03  1.00000E+00       1       1
h: 64 64 1
t: 2112 neutron
  6.42406E-01 -8.86752E+00 -1.77400E+01  0.00000E+00  2.50000E-08  1.00000E+00       3       2
  6.42406E-01 -8.86752E+00 -2.66363E+00  6.89379E+04  2.50000E-08  1.00000E+00       2       3
  6.42406E-01 -8.86752E+00 -2.45742E+00  6.98808E+04  2.50000E-08  1.00000E+00       1       2
  6.42406E-01 -8.86752E+00 -2.01085E+00  7.19228E+04  2.50000E-08  1.00000E+00       1       1
t: 2212 proton
  6.42406E-01 -8.86752E+00 -2.01085E+00  7.19228E+04  5.75633E-01  1.00000E+00       1       1
  3.28325E-01 -8.90979E+00 -2.49313E+00  7.19235E+04  1.00000E-03  1.00000E+00       1       1
t: 1000003 triton
  6.42406E-01 -8.86752E+00 -2.01085E+00  7.19228E+04  1.92400E-01  1.00000E+00       1       1
  7.47905E-01 -8.85332E+00 -1.84881E+00  7.19235E+04  3.00000E-03  1.00000E+00       1       1
h: 65 65 1
t: 2112 neutron
  1.77093E+00 -1.58500E+01 -1.77400E+01  0.00000E+00  2.50000E-08  1.00000E+00       3       2
  1.77093E+00 -1.58500E+01 -2.09079E+00  7.15572E+04  2.50000E-08  1.00000E+00       2       3
  1.77093E+00 -1.58500E+01 -1.82082E+00  7.27917E+04  2.50000E-08  1.00000E+00       1       2
  1.77093E+00 -1.58500E+01 -1.70730E+00  7.33108E+04  2.50000E-08  1.00000E+00       1       1
t: 2212 proton
  1.77093E+00 -1.58500E+01 -1.70730E+00  7.33108E+04  5.75670E-01  1.00000E+00       1       1
  1.56438E+00 -1.53281E+01 -1.84164E+00  7.33116E+04  1.00000E-03  1.00000E+00       1       1
t: 1000003 triton
  1.77093E+00 -1.58500E+01 -1.70730E+00  7.33108E+04  1.92364E-01  1.00000E+00       1       1
  1.84031E+00 -1.60253E+01 -1.66213E+00  7.33116E+04  3.00000E-03  1.00000E+00       1       1
h: 66 66 1
t: 2112 neutron
 -3.52807E-01 -4.39902E+00 -1.77400E+01  0.00000E+00  2.50000E-08  1.00000E+00       3       2
 -3.52807E-01 -4.39902E+00 -2.71719E+00  6.86930E+04  2.50000E-08  1.00000E+00       2       3
 -3.52807E-01 -4.39902E+00 -2.51538E+00  6.96158E+04  2.50000E-08  1.00000E+00       1       2
 -3.52807E-01 -4.39902E+00 -2.44454E+00  6.99397E+04  2.50000E-08  1.00000E+00       1       1
t: 2212 proton
 -3.52807E-01 -4.39902E+00 -2.44454E+00  6.99397E+04  5.75730E-01  1.00000E+00       1       1
 -3.72855E-02 -4.58352E+00 -1.99778E+00  6.99405E+04  1.00000E-03  1.00000E+00       1       1
t: 1000003 triton
 -3.52807E-01 -4.39902E+00 -2.44454E+00  6.99397E+04  1.92303E-01  1.00000E+00       1       2
 -3.98070E-01 -4.37256E+00 -2.50861E+00  6.99400E+04  9.50496E-02  1.00000E+00       2       1
 -3.98110E-01 -4.37253E+00 -2.50867E+00  6.99400E+04  3.00000E-03  1.00000E+00       2       2
h: 67 67 1
t: 2112 neutron
  3.14731E-01  1.07597E+01 -1.77400E+01  0.00000E+00  2.50000E-08  1.00000E+00       3       2
  3.14731E-01  1.07597E+01 -2.72186E+00  6.86716E+04  2.50000E-08  1.00000E+00       2       3
  3.14731E-01  1.07597E+01 -2.52043E+00  6.95927E+04  2.50000E-08  1.00000E+00       1       2
  3.14731E-01  1.07597E+01 -1.76774E+00  7.30344E+04  2.50000E-08  1.00000E+00       1       1
t: 2212 proton
  3.14731E-01  1.07597E+01 -1.76774E+00  7.30344E+04  5.75687E-01  1.00000E+00       1       1
  5.75333E-01  1.02455E+01 -1.73960E+00  7.30352E+04  1.00000E-03  1.00000E+00       1       1
t: 1000003 triton
  3.14731E-01  1.07597E+01 -1.76774E+00  7.30344E+04  1.92347E-01  1.00000E+00       1       1
  2.27208E-01  1.09324E+01 -1.77716E+00  7.30352E+04  3.00000E-03  1.00000E+00       1       1
h: 68 68 1
t: 2112 neutron
  2.50489E+00 -4.29847E+00 -1.77400E+01  0.00000E+00  2.50000E-08  1.00000E+00       3       2
  2.50489E+00 -4.29847E+00 -1.11047E+00  7.60398E+04  2.50000E-08  1.00000E+00       2       3
  2.50489E+00 -4.29847E+00 -7.84594E-01  7.75299E+04  2.50000E-08  1.00000E+00       2       2
  2.50753E+00 -4.29789E+00 -7.80776E-01  7.75513E+04  2.49894E-08  1.00000E+00       2       2
  2.44520E+00 -4.27429E+00 -6.87467E-01  7.80734E+04  2.52105E-08  1.00000E+00       1       2
  2.07996E+00 -4.13598E+00 -1.40692E-01  8.11330E+04  2.52105E-08  1.00000E+00       1       1
t: 2212 proton
  2.07996E+00 -4.13598E+00 -1.40692E-01  8.11330E+04  5.75643E-01  1.00000E+00       1       2
  2.50950E+00 -3.86508E+00 -3.92422E-01  8.11338E+04  7.52785E-03  1.00000E+00       2       1
  2.50951E+00 -3.86508E+00 -3.92426E-01  8.11338E+04  1.00000E-03  1.00000E+00       2       2
t: 1000003 triton
  2.07996E+00 -4.13598E+00 -1.40692E-01  8.11330E+04  1.92391E-01  1.00000E+00       1       1
  1.93304E+00 -4.22862E+00 -5.45689E-02  8.11338E+04  3.00000E-03  1.00000E+00       1       1
h: 69 69 1
t: 2112 neutron
  1.47171E+00 -7.91618E+00 -1.77400E+01  0.00000E+00  2.50000E-08  1.00000E+00       3       2
  1.47171E+00 -7.91618E+00 -2.31120E+00  7.05494E+04  2.50000E-08  1.00000E+00       2       3
  1.47171E+00 -7.91618E+00 -2.07018E+00  7.16515E+04  2.50000E-08  1.00000E+00       1       2
  1.47171E+00 -7.91618E+00 -1.66461E+00  7.35060E+04  2.50000E-08  1.00000E+00       1       1
t: 2212 proton
  1.47171E+00 -7.91618E+00 -1.66461E+00  7.35060E+04  5.75697E-01  1.00000E+00       1       1
  2.01704E+00 -8.05812E+00 -1.53970E+00  7.35067E+04  1.00000E-03  1.00000E+00       1       1
t: 1000003 triton
  1.47171E+00 -7.91618E+00 -1.66461E+00  7.35060E+04  1.92337E-01  1.00000E+00       1       1
  1.28857E+00 -7.86851E+00 -1.70652E+00  7.35067E+04  3.00000E-03  1.00000E+00       1       1
h: 70 70 1
t: 2112 neutron
 -5.49537E-01 -3.96043E+00 -1.77400E+01  0.00000E+00  2.50000E-08  1.00000E+00       3       2
 -5.49537E-01 -3.96043E+00 -2.68433E+00  6.88432E+04  2.50000E-08  1.00000E+00       2       3
 -5.49537E-01 -3.96043E+00 -2.48434E+00  6.97577E+04  2.50000E-08  1.00000E+00       2       2
 -5.34274E-01 -3.94221E+00 -2.48317E+00  6.98931E+04  1.61369E-08  1.00000E+00       1       2
 -2.19531E-01 -3.56656E+00 -2.45906E+00  7.26857E+04  1.61369E-08  1.00000E+00       1       1
t: 2212 proton
 -2.19531E-01 -3.56656E+00 -2.45906E+00  7.26857E+04  5.75685E-01  1.00000E+00       1       2
 -7.82914E-02 -3.67380E+00 -2.53879E+00  7.26859E+04  4.25314E-01  1.00000E+00       2       1
 -7.81387E-02 -3.67391E+00 -2.53888E+00  7.26859E+04  1.00000E-03  1.00000E+00       2       2
t: 1000003 triton
 -2.19531E-01 -3.56656E+00 -2.45906E+00  7.26857E+04  1.92349E-01  1.00000E+00       1       1
 -3.60316E-01 -3.45963E+00 -2.37958E+00  7.26865E+04  3.00000E-03  1.00000E+00       1       1
h: 71 71 1
t: 2112 neutron
 -2.19492E+00 -4.35611E+00 -1.77400E+01  0.00000E+00  2.50000E-08  1.00000E+00       3       2
 -2.19492E+00 -4.35611E+00 -1.64010E+00  7.36181E+04  2.50000E-08  1.00000E+00       2       3
 -2.19492E+00 -4.35611E+00 -1.53546E+00  7.40965E+04  2.50000E-08  1.00000E+00       2       2
 -2.29281E+00 -4.42447E+00 -1.50021E+00  7.46609E+04  2.54322E-08  1.00000E+00       3       2
 -7.78804E+01 -5.72105E+01  2.57216E+01  5.10469E+05  2.54322E-08  1.00000E+00       4       3
h: 72 72 1
t: 2112 neutron
 -8.29696E-01  1.56340E+01 -1.77400E+01  0.00000E+00  2.50000E-08  1.00000E+00       3       2
 -8.29696E-01  1.56340E+01 -2.61136E+00  6.91769E+04  2.50000E-08  1.00000E+00       2       3
 -8.29696E-01  1.56340E+01 -2.40067E+00  7.01403E+04  2.50000E-08  1.00000E+00       1       2
 -8.29696E-01  1.56340E+01 -2.24164E+00  7.08675E+04  2.50000E-08  1.00000E+00       1       1
t: 2212 proton
 -8.29696E-01  1.56340E+01 -2.24164E+00  7.08675E+04  5.75695E-01  1.00000E+00       1       1
 -1.18993E+00  1.60728E+01 -2.13798E+00  7.08682E+04  1.00000E-03  1.00000E+00       1       1
t: 1000003 triton
 -8.29696E-01  1.56340E+01 -2.24164E+00  7.08675E+04  1.92339E-01  1.00000E+00       1       1
 -7.08715E-01  1.54866E+01 -2.27641E+00  7.08682E+04  3.00000E-03  1.00000E+00       1       1
h: 73 73 1
t: 2112 neutron
 -1.28678E+00  1.64021E+01 -1.77400E+01  0.00000E+00  2.50000E-08  1.00000E+00       3       2
 -1.28678E+00  1.64021E+01 -2.41905E+00  7.00563E+04  2.50000E-08  1.00000E+00       2       3
 -1.28678E+00  1.64021E+01 -2.29341E+00  7.06307E+04  2.50000E-08  1.00000E+00       2       2
 -1.32241E+00  1.64476E+01 -2.39976E+00  7.12831E+04  1.79854E-08  1.00000E+00       3       2
 -2.79098E+01  5.03696E+01 -8.17554E+01  5.58116E+05  1.79854E-08  1.00000E+00       4       3
h: 74 74 1
t: 2112 neutron
  1.21451E+00  5.55383E+00 -1.77400E+01  0.00000E+00  2.50000E-08  1.00000E+00       3       2
  1.21451E+00  5.55383E+00 -2.45613E+00  6.98867E+04  2.50000E-08  1.00000E+00       2       3
  1.21451E+00  5.55383E+00 -2.23082E+00  7.09169E+04  2.50000E-08  1.00000E+00       1       2
  1.21451E+00  5.55383E+00 -2.11685E+00  7.14381E+04  2.50000E-08  1.00000E+00       1       1
t: 2212 proton
  1.21451E+00  5.55383E+00 -2.11685E+00  7.14381E+04  5.75739E-01  1.00000E+00       1       1
  1.13580E+00  5.32673E+00 -1.59204E+00  7.14388E+04  1.00000E-03  1.00000E+00       1       1
t: 1000003 triton
  1.21451E+00  5.55383E+00 -2.11685E+00  7.14381E+04  1.92295E-01  1.00000E+00       1       2
  1.23030E+00  5.59941E+00 -2.22215E+00  7.14385E+04  6.25125E-02  1.00000E+00       2       1
  1.23031E+00  5.59943E+00 -2.22220E+00  7.14385E+04  3.00000E-03  1.00000E+00       2       2
h: 75 75 1
t: 2112 neutron
 -1.36088E+00  3.61343E+00 -1.77400E+01  0.00000E+00  2.50000E-08  1.00000E+00       3       2
 -1.36088E+00  3.61343E+00 -2.37815E+00  7.02433E+04  2.50000E-08  1.00000E+00       2       3
 -1.36088E+00  3.61343E+00 -2.14467E+00  7.13109E+04  2.50000E-08  1.00000E+00       1       2
 -1.36088E+00  3.61343E+00 -3.74972E-01  7.94029E+04  2.50000E-08  1.00000E+00       1       1
t: 2212 proton
 -1.36088E+00  3.61343E+00 -3.74972E-01  7.94029E+04  5.75724E-01  1.00000E+00       1       1
 -1.10785E+00  3.26341E+00  7.95827E-03  7.94037E+04  1.00000E-03  1.00000E+00       1       1
t: 1000003 triton
 -1.36088E+00  3.61343E+00 -3.74972E-01  7.94029E+04  1.92310E-01  1.00000E+00       1       1
 -1.44585E+00  3.73097E+00 -5.03522E-01  7.94037E+04  3.00000E-03  1.00000E+00       1       1
h: 76 76 1
t: 2112 neutron
  1.78934E+00  2.30322E+00 -1.77400E+01  0.00000E+00  2.50000E-08  1.00000E+00       3       2
  1.78934E+00  2.30322E+00 -2.07506E+00  7.16292E+04  2.50000E-08  1.00000E+00       2       3
  1.78934E+00  2.30322E+00 -1.80274E+00  7.28744E+04  2.50000E-08  1.00000E+00       1       2
  1.78934E+00  2.30322E+00 -1.55663E+00  7.39997E+04  2.50000E-08  1.00000E+00       1       1
t: 2212 proton
  1.78934E+00  2.30322E+00 -1.55663E+00  7.39997E+04  5.75627E-01  1.00000E+00       1       2
  1.83511E+00  2.24321E+00 -1.75613E+00  7.39999E+04  4.08738E-01  1.00000E+00       2       1
  1.83515E+00  2.24315E+00 -1.75631E+00  7.39999E+04  1.00000E-03  1.00000E+00       2       2
t: 1000003 triton
  1.78934E+00  2.30322E+00 -1.55663E+00  7.39997E+04  1.92406E-01  1.00000E+00       1       1
  1.74775E+00  2.35776E+00 -1.37529E+00  7.40005E+04  3.00000E-03  1.00000E+00       1       1
h: 77 77 1
t: 2112 neutron
  2.10956E+00 -3.94924E+00 -1.77400E+01  0.00000E+00  2.50000E-08  1.00000E+00       3       2
  2.10956E+00 -3.94924E+00 -1.74853E+00  7.31222E+04  2.50000E-08  1.00000E+00       2       3
  2.10956E+00 -3.94924E+00 -1.41470E+00  7.46487E+04  2.50000E-08  1.00000E+00       1       2
  2.10956E+00 -3.94924E+00 -1.37268E+00  7.48408E+04  2.50000E-08  1.00000E+00       1       1
t: 2212 proton
  2.10956E+00 -3.94924E+00 -1.37268E+00  7.48408E+04  5.75635E-01  1.00000E+00       1       2
  2.11760E+00 -3.92944E+00 -1.40263E+00  7.48409E+04  5.49422E-01  1.00000E+00       2       1
  2.11766E+00 -3.92929E+00 -1.40287E+00  7.48409E+04  1.00000E-03  1.00000E+00       2       2
t: 1000003 triton
  2.10956E+00 -3.94924E+00 -1.37268E+00  7.48408E+04  1.92399E-01  1.00000E+00       1       1
  2.06721E+00 -4.05354E+00 -1.21483E+00  7.48416E+04  3.00000E-03  1.00000E+00       1       1
h: 78 78 1
t: 2112 neutron
 -2.50597E+00  7.20721E+00 -1.77400E+01  0.00000E+00  2.50000E-08  1.00000E+00       3       2
 -2.50597E+00  7.20721E+00 -1.10802E+00  7.60510E+04  2.50000E-08  1.00000E+00       2       3
 -2.50597E+00  7.20721E+00 -4.14389E-01  7.92227E+04  2.50000E-08  1.00000E+00       1       2
 -2.50597E+00  7.20721E+00  4.14389E-01  8.30124E+04  2.50000E-08  1.00000E+00       2       1
 -2.50597E+00  7.20721E+00  1.10802E+00  8.61841E+04  2.50000E-08  1.00000E+00       3       2
 -2.50597E+00  7.20721E+00  9.97085E+01  5.37042E+05  2.50000E-08  1.00000E+00       4       3
h: 79 79 1
t: 2112 neutron
 -5.92519E-03 -3.21936E+00 -1.77400E+01  0.00000E+00  2.50000E-08  1.00000E+00       3       2
 -5.92519E-03 -3.21936E+00 -2.73999E+00  6.85887E+04  2.50000E-08  1.00000E+00       2       3
 -5.92519E-03 -3.21936E+00 -2.53999E+00  6.95032E+04  2.50000E-08  1.00000E+00       1       2
 -5.92519E-03 -3.21936E+00 -2.12867E+00  7.13840E+04  2.50000E-08  1.00000E+00       1       1
t: 2212 proton
 -5.92519E-03 -3.21936E+00 -2.12867E+00  7.13840E+04  5.75741E-01  1.00000E+00       1       1
  9.46687E-03 -3.40276E+00 -1.58156E+00  7.13848E+04  1.00000E-03  1.00000E+00       1       1
t: 1000003 triton
 -5.92519E-03 -3.21936E+00 -2.12867E+00  7.13840E+04  1.92293E-01  1.00000E+00       1       1
 -1.10937E-02 -3.15777E+00 -2.31235E+00  7.13848E+04  3.00000E-03  1.00000E+00       1       1
h: 80 80 1
t: 2112 neutron
 -2.31286E+00  1.53654E+01 -1.77400E+01  0.00000E+00  2.50000E-08  1.00000E+00       3       2
 -2.31286E+00  1.53654E+01 -1.46911E+00  7.43999E+04  2.50000E-08  1.00000E+00       2       3
 -2.31286E+00  1.53654E+01 -1.28402E+00  7.52462E+04  2.50000E-08  1.00000E+00       2       2
 -2.30254E+00  1.54261E+01 -1.07234E+00  7.63001E+04  2.28720E-08  1.00000E+00       1       2
 -2.25439E+00  1.57092E+01 -8.48606E-02  8.12164E+04  2.28720E-08  1.00000E+00       1       1
t: 2212 proton
 -2.25439E+00  1.57092E+01 -8.48606E-02  8.12164E+04  5.75643E-01  1.00000E+00       1       2
 -2.51984E+00  1.54835E+01 -3.19376E-01  8.12169E+04  1.88287E-01  1.00000E+00       2       1
 -2.51990E+00  1.54834E+01 -3.19426E-01  8.12169E+04  1.00000E-03  1.00000E+00       2       2
t: 1000003 triton
 -2.25439E+00  1.57092E+01 -8.48606E-02  8.12164E+04  1.92391E-01  1.00000E+00       1       1
 -2.13188E+00  1.58134E+01  2.34071E-02  8.12171E+04  3.00000E-03  1.00000E+00       1       1
h: 81 81 1
t: 2112 neutron
 -1.07789E+00 -1.62718E+01 -1.77400E+01  0.00000E+00  2.50000E-08  1.00000E+00       3       2
 -1.07789E+00 -1.62718E+01 -2.51908E+00  6.95988E+04  2.50000E-08  1.00000E+00       2       3
 -1.07789E+00 -1.62718E+01 -2.29995E+00  7.06008E+04  2.50000E-08  1.00000E+00       1       2
 -1.07789E+00 -1.62718E+01 -2.13909E+00  7.13364E+04  2.50000E-08  1.00000E+00       1       1
t: 2212 proton
 -1.07789E+00 -1.62718E+01 -2.13909E+00  7.13364E+04  5.75709E-01  1.00000E+00       1       1
 -1.36417E+00 -1.67107E+01 -1.89713E+00  7.13372E+04  1.00000E-03  1.00000E+00       1       1
t: 1000003 triton
 -1.07789E+00 -1.62718E+01 -2.13909E+00  7.13364E+04  1.92324E-01  1.00000E+00       1       1
 -9.81749E-01 -1.61244E+01 -2.22030E+00  7.13372E+04  3.00000E-03  1.00000E+00       1       1
h: 82 82 1
t: 2112 neutron
  7.26270E-01  5.16383E+00 -1.77400E+01  0.00000E+00  2.50000E-08  1.00000E+00       3       2
  7.26270E-01  5.16383E+00 -2.64199E+00  6.90368E+04  2.50000E-08  1.00000E+00       2       3
  7.26270E-01  5.16383E+00 -2.43395E+00  6.99881E+04  2.50000E-08  1.00000E+00       1       2
  7.26270E-01  5.16383E+00 -1.61610E+00  7.37278E+04  2.50000E-08  1.00000E+00       1       1
t: 2212 proton
  7.26270E-01  5.16383E+00 -1.61610E+00  7.37278E+04  5.75654E-01  1.00000E+00       1       1
  5.08943E-01  5.61578E+00 -1.90172E+00  7.37285E+04  1.00000E-03  1.00000E+00       1       1
t: 1000003 triton
  7.26270E-01  5.16383E+00 -1.61610E+00  7.37278E+04  1.92380E-01  1.00000E+00       1       1
  7.99266E-01  5.01203E+00 -1.52013E+00  7.37285E+04  3.00000E-03  1.00000E+00       1       1
h: 83 83 1
t: 2112 neutron
 -1.90159E+00 -2.73018E+00 -1.77400E+01  0.00000E+00  2.50000E-08  1.00000E+00       3       2
 -1.90159E+00 -2.73018E+00 -1.97270E+00  7.20972E+04  2.50000E-08  1.00000E+00       2       3
 -1.90159E+00 -2.73018E+00 -1.68391E+00  7.34177E+04  2.50000E-08  1.00000E+00       1       2
 -1.90159E+00 -2.73018E+00 -1.52871E+00  7.41274E+04  2.50000E-08  1.00000E+00       1       1
t: 2212 proton
 -1.90159E+00 -2.73018E+00 -1.52871E+00  7.41274E+04  5.75629E-01  1.00000E+00       1       2
 -1.92002E+00 -2.79245E+00 -1.66286E+00  7.41275E+04  4.63328E-01  1.00000E+00       2       1
 -1.92005E+00 -2.79255E+00 -1.66307E+00  7.41275E+04  1.00000E-03  1.00000E+00       2       2
t: 1000003 triton
 -1.90159E+00 -2.73018E+00 -1.52871E+00  7.41274E+04  1.92404E-01  1.00000E+00       1       1
 -1.87762E+00 -2.64920E+00 -1.35419E+00  7.41282E+04  3.00000E-03  1.00000E+00       1       1
h: 84 84 1
t: 2112 neutron
  1.13178E+00 -1.63660E+00 -1.77400E+01  0.00000E+00  2.50000E-08  1.00000E+00       3       2
  1.13178E+00 -1.63660E+00 -2.49533E+00  6.97074E+04  2.50000E-08  1.00000E+00       2       3
  1.13178E+00 -1.63660E+00 -2.38198E+00  7.02257E+04  2.50000E-08  1.00000E+00       2       2
  1.27506E+00 -1.63511E+00 -2.22406E+00  7.12760E+04  2.15463E-08  1.00000E+00       2       2
t: 22 photon
  1.27506E+00 -1.63511E+00 -2.22406E+00  7.12760E+04  4.05147E+00  1.00000E+00       2       1
  1.27735E+00 -1.61975E+00 -2.19544E+00  7.12760E+04  4.05147E+00  1.00000E+00       1       2
  1.61070E+00  6.13408E-01  1.96399E+00  7.12762E+04  4.05147E+00  1.00000E+00       2       1
  1.62982E+00  7.41497E-01  2.20257E+00  7.12762E+04  4.05147E+00  1.00000E+00       3       2
  8.50326E+00  4.67885E+01  8.79689E+01  7.12794E+04  4.05147E+00  1.00000E+00       4       3
t: 22 photon
  1.27506E+00 -1.63511E+00 -2.22406E+00  7.12760E+04  3.59479E+00  1.00000E+00       2       3
  1.26298E+00 -1.96787E+00 -2.43156E+00  7.12760E+04  3.59479E+00  1.00000E+00       3       2
 -1.72519E+00 -8.42964E+01 -5.37693E+01  7.12793E+04  3.59479E+00  1.00000E+00       4       3
h: 85 85 1
t: 2112 neutron
 -1.36874E+00  9.38238E+00 -1.77400E+01  0.00000E+00  2.50000E-08  1.00000E+00       3       2
 -1.36874E+00  9.38238E+00 -2.37364E+00  7.02639E+04  2.50000E-08  1.00000E+00       2       3
 -1.36874E+00  9.38238E+00 -2.13966E+00  7.13338E+04  2.50000E-08  1.00000E+00       1       2
 -1.36874E+00  9.38238E+00 -1.81135E+00  7.28350E+04  2.50000E-08  1.00000E+00       1       1
t: 2212 proton
 -1.36874E+00  9.38238E+00 -1.81135E+00  7.28350E+04  5.75633E-01  1.00000E+00       1       2
 -1.28210E+00  9.15224E+00 -2.19267E+00  7.28355E+04  1.43300E-01  1.00000E+00       2       1
 -1.28209E+00  9.15220E+00 -2.19273E+00  7.28355E+04  1.00000E-03  1.00000E+00       2       2
t: 1000003 triton
 -1.36874E+00  9.38238E+00 -1.81135E+00  7.28350E+04  1.92400E-01  1.00000E+00       1       1
 -1.40575E+00  9.48069E+00 -1.64840E+00  7.28358E+04  3.00000E-03  1.00000E+00       1       1
h: 86 86 1
t: 2112 neutron
 -2.14047E+00 -9.29351E+00 -1.77400E+01  0.00000E+00  2.50000E-08  1.00000E+00       3       2
 -2.14047E+00 -9.29351E+00 -1.71055E+00  7.32959E+04  2.50000E-08  1.00000E+00       2       3
 -2.14047E+00 -9.29351E+00 -1.36748E+00  7.48646E+04  2.50000E-08  1.00000E+00       1       2
 -2.14047E+00 -9.29351E+00 -1.12136E+00  7.59900E+04  2.50000E-08  1.00000E+00       1       1
t: 2212 proton
 -2.14047E+00 -9.29351E+00 -1.12136E+00  7.59900E+04  5.75728E-01  1.00000E+00       1       2
 -2.43570E+00 -9.06123E+00 -7.20399E-01  7.59908E+04  2.23038E-02  1.00000E+00       2       1
 -2.43571E+00 -9.06122E+00 -7.20385E-01  7.59908E+04  1.00000E-03  1.00000E+00       2       2
t: 1000003 triton
 -2.14047E+00 -9.29351E+00 -1.12136E+00  7.59900E+04  1.92306E-01  1.00000E+00       1       1
 -2.03632E+00 -9.37546E+00 -1.26277E+00  7.59908E+04  3.00000E-03  1.00000E+00       1       1
h: 87 87 1
t: 2112 neutron
 -6.18832E-01  6.18581E+00 -1.77400E+01  0.00000E+00  2.50000E-08  1.00000E+00       3       2
 -6.18832E-01  6.18581E+00 -2.66920E+00  6.89124E+04  2.50000E-08  1.00000E+00       2       3
 -6.18832E-01  6.18581E+00 -2.46346E+00  6.98532E+04  2.50000E-08  1.00000E+00       1       2
 -6.18832E-01  6.18581E+00 -2.36524E+00  7.03023E+04  2.50000E-08  1.00000E+00       1       1
t: 2212 proton
 -6.18832E-01  6.18581E+00 -2.36524E+00  7.03023E+04  5.75712E-01  1.00000E+00       1       1
 -1.50904E-01  5.98348E+00 -2.09457E+00  7.03030E+04  1.00000E-03  1.00000E+00       1       1
t: 1000003 triton
 -6.18832E-01  6.18581E+00 -2.36524E+00  7.03023E+04  1.92321E-01  1.00000E+00       1       2
 -7.33774E-01  6.23551E+00 -2.43170E+00  7.03028E+04  3.96231E-02  1.00000E+00       2       1
 -7.33806E-01  6.23553E+00 -2.43172E+00  7.03028E+04  3.00000E-03  1.00000E+00       2       2
h: 88 88 1
t: 2112 neutron
 -2.07571E+00 -1.46962E+01 -1.77400E+01  0.00000E+00  2.50000E-08  1.00000E+00       3       2
 -2.07571E+00 -1.46962E+01 -1.78858E+00  7.29391E+04  2.50000E-08  1.00000E+00       2       3
 -2.07571E+00 -1.46962E+01 -1.46390E+00  7.44237E+04  2.50000E-08  1.00000E+00       1       2
 -2.07571E+00 -1.46962E+01 -8.70774E-01  7.71359E+04  2.50000E-08  1.00000E+00       1       1
t: 2212 proton
 -2.07571E+00 -1.46962E+01 -8.70774E-01  7.71359E+04  5.75720E-01  1.00000E+00       1       1
 -2.24266E+00 -1.51282E+01 -5.26255E-01  7.71366E+04  1.00000E-03  1.00000E+00       1       1
t: 1000003 triton
 -2.07571E+00 -1.46962E+01 -8.70774E-01  7.71359E+04  1.92314E-01  1.00000E+00       1       1
 -2.01965E+00 -1.45511E+01 -9.86427E-01  7.71366E+04  3.00000E-03  1.00000E+00       1       1
h: 89 89 1
t: 2112 neutron
  2.14488E+00  1.37566E+01 -1.77400E+01  0.00000E+00  2.50000E-08  1.00000E+00       3       2
  2.14488E+00  1.37566E+01 -1.70502E+00  7.33212E+04  2.50000E-08  1.00000E+00       2       3
  2.14488E+00  1.37566E+01 -1.36055E+00  7.48963E+04  2.50000E-08  1.00000E+00       1       2
  2.14488E+00  1.37566E+01 -1.17339E+00  7.57521E+04  2.50000E-08  1.00000E+00       1       1
t: 2212 proton
  2.14488E+00  1.37566E+01 -1.17339E+00  7.57521E+04  5.75702E-01  1.00000E+00       1       1
  1.82868E+00  1.33070E+01 -9.97267E-01  7.57529E+04  1.00000E-03  1.00000E+00       1       1
t: 1000003 triton
  2.14488E+00  1.37566E+01 -1.17339E+00  7.57521E+04  1.92331E-01  1.00000E+00       1       2
  2.22801E+00  1.38748E+01 -1.21966E+00  7.57527E+04  3.15179E-02  1.00000E+00       2       1
  2.22803E+00  1.38748E+01 -1.21967E+00  7.57527E+04  3.00000E-03  1.00000E+00       2       2
h: 90 90 1
t: 2112 neutron
 -2.30468E+00  7.62886E+00 -1.77400E+01  0.00000E+00  2.50000E-08  1.00000E+00       3       2
 -2.30468E+00  7.62886E+00 -1.48190E+00  7.43414E+04  2.50000E-08  1.00000E+00       2       3
 -2.30468E+00  7.62886E+00 -1.10466E+00  7.60664E+04  2.50000E-08  1.00000E+00       2       2
 -2.27605E+00  7.64273E+00 -1.12748E+00  7.62069E+04  4.05877E-08  1.00000E+00       1       2
 -2.02596E+00  7.76387E+00 -1.32674E+00  7.74340E+04  4.05877E-08  1.00000E+00       1       1
t: 2212 proton
 -2.02596E+00  7.76387E+00 -1.32674E+00  7.74340E+04  5.75610E-01  1.00000E+00       1       2
 -2.26518E+00  7.74174E+00 -1.14916E+00  7.74343E+04  3.27682E-01  1.00000E+00       2       1
 -2.26530E+00  7.74173E+00 -1.14907E+00  7.74343E+04  1.00000E-03  1.00000E+00       2       2
t: 1000003 triton
 -2.02596E+00  7.76387E+00 -1.32674E+00  7.74340E+04  1.92423E-01  1.00000E+00       1       1
 -1.87070E+00  7.77825E+00 -1.44199E+00  7.74348E+04  3.00000E-03  1.00000E+00       1       1
h: 91 91 1
t: 2112 neutron
  1.13199E+00  1.57999E+01 -1.77400E+01  0.00000E+00  2.50000E-08  1.00000E+00       3       2
  1.13199E+00  1.57999E+01 -2.49523E+00  6.97079E+04  2.50000E-08  1.00000E+00       2       3
  1.13199E+00  1.57999E+01 -2.27381E+00  7.07204E+04  2.50000E-08  1.00000E+00       1       2
  1.13199E+00  1.57999E+01 -1.83466E+00  7.27284E+04  2.50000E-08  1.00000E+00       1       1
t: 2212 proton
  1.13199E+00  1.57999E+01 -1.83466E+00  7.27284E+04  5.75660E-01  1.00000E+00       1       1
  1.25572E+00  1.63141E+01 -2.06557E+00  7.27292E+04  1.00000E-03  1.00000E+00       1       1
t: 1000003 triton
  1.13199E+00  1.57999E+01 -1.83466E+00  7.27284E+04  1.92374E-01  1.00000E+00       1       1
  1.09043E+00  1.56272E+01 -1.75706E+00  7.27292E+04  3.00000E-03  1.00000E+00       1       1
h: 92 92 1
t: 2112 neutron
  2.47007E+00  1.65611E+01 -1.77400E+01  0.00000E+00  2.50000E-08  1.00000E+00       3       2
  2.47007E+00  1.65611E+01 -1.18590E+00  7.56949E+04  2.50000E-08  1.00000E+00       2       3
  2.47007E+00  1.65611E+01 -5.96881E-01  7.83882E+04  2.50000E-08  1.00000E+00       2       2
t: 22 photon
  2.47007E+00  1.65611E+01 -5.96881E-01  7.83882E+04  9.71912E+00  1.00000E+00       2       1
  2.46873E+00  1.65604E+01 -5.97480E-01  7.83882E+04  9.71912E+00  1.00000E+00       1       2
 -1.20588E+00  1.46436E+01 -2.23550E+00  7.83884E+04  9.71912E+00  1.00000E+00       2       1
 -1.43174E+00  1.45258E+01 -2.33618E+00  7.83884E+04  9.71912E+00  1.00000E+00       3       2
 -8.65258E+01 -2.98620E+01 -4.02684E+01  7.83918E+04  9.71912E+00  1.00000E+00       4       3
h: 93 93 1
t: 2112 neutron
 -7.33455E-03 -5.73394E+00 -1.77400E+01  0.00000E+00  2.50000E-08  1.00000E+00       3       2
 -7.33455E-03 -5.73394E+00 -2.73999E+00  6.85887E+04  2.50000E-08  1.00000E+00       2       3
 -7.33455E-03 -5.73394E+00 -2.53999E+00  6.95032E+04  2.50000E-08  1.00000E+00       1       2
 -7.33455E-03 -5.73394E+00 -1.56909E+00  7.39427E+04  2.50000E-08  1.00000E+00       1       1
t: 2212 proton
 -7.33455E-03 -5.73394E+00 -1.56909E+00  7.39427E+04  5.75651E-01  1.00000E+00       1       1
 -4.66176E-01 -5.88444E+00 -1.88512E+00  7.39435E+04  1.00000E-03  1.00000E+00       1       1
t: 1000003 triton
 -7.33455E-03 -5.73394E+00 -1.56909E+00  7.39427E+04  1.92383E-01  1.00000E+00       1       1
  1.46782E-01 -5.68339E+00 -1.46291E+00  7.39435E+04  3.00000E-03  1.00000E+00       1       1
h: 94 94 1
t: 2112 neutron
 -1.80443E+00  6.25876E-01 -1.77400E+01  0.00000E+00  2.50000E-08  1.00000E+00       3       2
 -1.80443E+00  6.25876E-01 -2.06195E+00  7.16891E+04  2.50000E-08  1.00000E+00       2       3
 -1.80443E+00  6.25876E-01 -1.78763E+00  7.29435E+04  2.50000E-08  1.00000E+00       1       2
 -1.80443E+00  6.25876E-01 -5.75108E-01  7.84878E+04  2.50000E-08  1.00000E+00       1       1
t: 2212 proton
 -1.80443E+00  6.25876E-01 -5.75108E-01  7.84878E+04  5.75632E-01  1.00000E+00       1       1
 -2.06399E+00  7.64443E-01 -1.07155E+00  7.84886E+04  1.00000E-03  1.00000E+00       1       1
t: 1000003 triton
 -1.80443E+00  6.25876E-01 -5.75108E-01  7.84878E+04  1.92402E-01  1.00000E+00       1       1
 -1.71725E+00  5.79331E-01 -4.08312E-01  7.84886E+04  3.00000E-03  1.00000E+00       1       1
h: 95 95 1
t: 2112 neutron
  5.08457E-01  3.88981E-01 -1.77400E+01  0.00000E+00  2.50000E-08  1.00000E+00       3       2
  5.08457E-01  3.88981E-01 -2.69241E+00  6.88063E+04  2.50000E-08  1.00000E+00       2       3
  5.08457E-01  3.88981E-01 -2.60615E+00  6.92007E+04  2.50000E-08  1.00000E+00       2       2
  4.51559E-01  3.23593E-01 -2.49954E+00  6.98573E+04  2.28926E-08  1.00000E+00       1       2
  3.66342E-01  2.25661E-01 -2.33987E+00  7.08406E+04  2.28926E-08  1.00000E+00       1       1
t: 2212 proton
  3.66342E-01  2.25661E-01 -2.33987E+00  7.08406E+04  5.75632E-01  1.00000E+00       1       2
  3.63181E-01  3.55779E-01 -2.51390E+00  7.08408E+04  4.05160E-01  1.00000E+00       2       1
  3.63178E-01  3.55898E-01 -2.51406E+00  7.08408E+04  1.00000E-03  1.00000E+00       2       2
t: 1000003 triton
  3.66342E-01  2.25661E-01 -2.33987E+00  7.08406E+04  1.92402E-01  1.00000E+00       1       1
  3.69146E-01  1.09581E-01 -2.18460E+00  7.08414E+04  3.00000E-03  1.00000E+00       1       1
h: 96 96 1
t: 2112 neutron
  3.82951E-01 -3.05612E+00 -1.77400E+01  0.00000E+00  2.50000E-08  1.00000E+00       3       2
  3.82951E-01 -3.05612E+00 -2.71311E+00  6.87116E+04  2.50000E-08  1.00000E+00       2       3
  3.82951E-01 -3.05612E+00 -2.51097E+00  6.96359E+04  2.50000E-08  1.00000E+00       1       2
  3.82951E-01 -3.05612E+00 -2.20767E+00  7.10228E+04  2.50000E-08  1.00000E+00       1       1
t: 2212 proton
  3.82951E-01 -3.05612E+00 -2.20767E+00  7.10228E+04  5.75733E-01  1.00000E+00       1       1
  8.34993E-02 -2.92624E+00 -1.73159E+00  7.10236E+04  1.00000E-03  1.00000E+00       1       1
t: 1000003 triton
  3.82951E-01 -3.05612E+00 -2.20767E+00  7.10228E+04  1.92300E-01  1.00000E+00       1       1
  4.83507E-01 -3.09974E+00 -2.36750E+00  7.10236E+04  3.00000E-03  1.00000E+00       1       1
h: 97 97 1
t: 2112 neutron
 -1.18535E+00 -7.02587E+00 -1.77400E+01  0.00000E+00  2.50000E-08  1.00000E+00       3       2
 -1.18535E+00 -7.02587E+00 -2.47033E+00  6.98217E+04  2.50000E-08  1.00000E+00       2       3
 -1.18535E+00 -7.02587E+00 -2.24645E+00  7.08454E+04  2.50000E-08  1.00000E+00       1       2
 -1.18535E+00 -7.02587E+00 -2.01219E+00  7.19167E+04  2.50000E-08  1.00000E+00       1       1
t: 2212 proton
 -1.18535E+00 -7.02587E+00 -2.01219E+00  7.19167E+04  5.75663E-01  1.00000E+00       1       2
 -1.42147E+00 -6.93531E+00 -2.10500E+00  7.19169E+04  3.56875E-01  1.00000E+00       2       1
 -1.42162E+00 -6.93525E+00 -2.10506E+00  7.19169E+04  1.00000E-03  1.00000E+00       2       2
t: 1000003 triton
 -1.18535E+00 -7.02587E+00 -2.01219E+00  7.19167E+04  1.92370E-01  1.00000E+00       1       1
 -1.01544E+00 -7.09104E+00 -1.94536E+00  7.19174E+04  3.00000E-03  1.00000E+00       1       1
h: 98 98 1
t: 2112 neutron
 -1.90362E+00 -4.47307E+00 -1.77400E+01  0.00000E+00  2.50000E-08  1.00000E+00       3       2
 -1.90362E+00 -4.47307E+00 -1.97074E+00  7.21062E+04  2.50000E-08  1.00000E+00       2       3
 -1.90362E+00 -4.47307E+00 -1.94783E+00  7.22109E+04  2.50000E-08  1.00000E+00       2       2
 -1.86333E+00 -4.09311E+00 -1.72615E+00  7.42927E+04  2.35369E-08  1.00000E+00       1       2
 -1.83861E+00 -3.85993E+00 -1.59010E+00  7.55702E+04  2.35369E-08  1.00000E+00       1       1
t: 2212 proton
 -1.83861E+00 -3.85993E+00 -1.59010E+00  7.55702E+04  5.75698E-01  1.00000E+00       1       2
 -1.84074E+00 -3.70388E+00 -1.75022E+00  7.55704E+04  3.99621E-01  1.00000E+00       2       1
 -1.84074E+00 -3.70374E+00 -1.75036E+00  7.55704E+04  1.00000E-03  1.00000E+00       2       2
t: 1000003 triton
 -1.83861E+00 -3.85993E+00 -1.59010E+00  7.55702E+04  1.92336E-01  1.00000E+00       1       1
 -1.83676E+00 -3.99518E+00 -1.45128E+00  7.55710E+04  3.00000E-03  1.00000E+00       1       1
h: 99 99 1
t: 2112 neutron
  2.43502E+00 -1.66396E+01 -1.77400E+01  0.00000E+00  2.50000E-08  1.00000E+00       3       2
  2.43502E+00 -1.66396E+01 -1.25629E+00  7.53731E+04  2.50000E-08  1.00000E+00       2       3
  2.43502E+00 -1.66396E+01 -7.22674E-01  7.78131E+04  2.50000E-08  1.00000E+00       1       2
  2.43502E+00 -1.66396E+01 -1.60217E-01  8.03849E+04  2.50000E-08  1.00000E+00       1       1
t: 2212 proton
  2.43502E+00 -1.66396E+01 -1.60217E-01  8.03849E+04  5.75742E-01  1.00000E+00       1       2
  2.52824E+00 -1.66111E+01  2.44187E-01  8.03854E+04  1.93684E-01  1.00000E+00       2       1
  2.52826E+00 -1.66111E+01  2.44276E-01  8.03854E+04  1.00000E-03  1.00000E+00       2       2
t: 1000003 triton
  2.43502E+00 -1.66396E+01 -1.60217E-01  8.03849E+04  1.92291E-01  1.00000E+00       1       1
  2.39159E+00 -1.66529E+01 -3.48611E-01  8.03857E+04  3.00000E-03  1.00000E+00       1       1
h: 100 100 1
t: 2112 neutron
  1.73201E+00 -3.97128E-01 -1.77400E+01  0.00000E+00  2.50000E-08  1.00000E+00       3       2
  1.73201E+00 -3.97128E-01 -2.12315E+00  7.14093E+04  2.50000E-08  1.00000E+00       2       3
  1.73201E+00 -3.97128E-01 -1.85789E+00  7.26222E+04  2.50000E-08  1.00000E+00       1       2
  1.73201E+00 -3.97128E-01 -1.50425E-01  8.04297E+04  2.50000E-08  1.00000E+00       1       1
t: 2212 proton
  1.73201E+00 -3.97128E-01 -1.50425E-01  8.04297E+04  5.75642E-01  1.00000E+00       1       1
  1.90774E+00 -2.35089E-02 -5.53621E-01  8.04305E+04  1.00000E-03  1.00000E+00       1       1
t: 1000003 triton
  1.73201E+00 -3.97128E-01 -1.50425E-01  8.04297E+04  1.92392E-01  1.00000E+00       1       1
  1.67298E+00 -5.22624E-01 -1.49540E-02  8.04305E+04  3.00000E-03  1.00000E+00       1       1
