           _________________________________________________________
          |                                                         |
          |       _/_/_/_/                                          |
          |      _/      _/                  _/_/_/_/_/_/           |
          |     _/      _/  _/      _/   _/      _/      _/_/_/_/_/ |
          |    _/_/_/_/    _/      _/   _/      _/      _/          |
          |   _/          _/_/_/_/_/   _/      _/       _/_/_/_/    |
          |  _/          _/      _/   _/      _/              _/    |
          | _/          _/      _/   _/      _/      _/_/_/_/_/     |
          |                                                         |
          |                                                         |
          |       Particle and Heavy Ion Transport code System      |
          |                      Version =  3.360                   |
          |                       developed by                      |
          |                                                         |
          |  Tatsuhiko SATO, Yosuke IWAMOTO, Shintaro HASHIMOTO,    |
          |    Tatsuhiko OGAWA, Takuya FURUTA, Shinichiro ABE,      |
          |    Takeshi KAI, Norihiro MATSUDA, Yusuke MATSUYA,       |
          |      Yuho HIRATA, Takuya SEKIKAWA, Seiki Ohnish,        |
          |                     Yao LAN (JAEA),                     |
          |  Hiroshi IWASE, Yasuhito SAKAKI, Kenta SUGIHARA (KEK),  |
          |           Nobuhiro SHIGYO (Kyushu University),          |
          |     Hunter RATLIFF (Haukeland University Hospital),     |
          |  Lembit SIHVER (University of Texas Rio Grande Valley), |
          |                  and Koji NIITA (RIST)                  |
          |                                                         |
          |                 Last Revised  2026-03-24                |
          |_________________________________________________________|

                        Starting Date = 2026-08-22
                        Starting Time = 22h 09m 32

>>> Input Echo >>>=============================================================

[ Title ]
He-3 detector SRF (Web PHITS: t-deposit only)

[ Parameters ]
 icntl    =           0     # (D=0) 3:ECH 5:NOR 6:SRC 7,8:GSH 11:DSH 12:DUMP
 maxcas   =       10000     # (D=10) number of particles per one batch
 maxbch   =           1     # (D=10) number of batches
 e-mode   =           1     # (D=0) 0: Normal, 1: Event generator mode Ver.1, 2: Ver.2
 emin(15) = 1.000000000E-03 # (D=1.0e-3) cut-off energy of deuteron (MeV/n)
 emin(16) = 1.000000000E-03 # (D=1.0e-3) cut-off energy of triton (MeV/n)
 emin(17) = 1.000000000E-03 # (D=1.0e-3) cut-off energy of 3He (MeV/n)
 emin(18) = 1.000000000E-03 # (D=1.0e-3) cut-off energy of Alpha (MeV/n)
 emin(19) = 1.000000000E-03 # (D=1.0e-3) cut-off energy of Nucleus (MeV/n)
 itall    =           1     # (D=0) 0:no tally at batch, 1:same, 2:different
 igamma   =           1     # (D=2) 0:No, 1:Old, 2:EBITEM, 3:EBITEM+Isomer
 negs     =           2     # (D=-1) =-1:original, =0:No, =1:EGS, =2:EGS(HE)

[ Source ]
  totfact =   1.0000        # (D=1.0) global factor
   s-type =   2             # rectangular-solid source
     proj =  neutron        # kind of incident particle         
       e0 =  2.50000E-08    # energy of beam [MeV/n]
       x0 =  -2.5400        # minimum position of x-axis [cm]
       x1 =   2.5400        # maximum position of x-axis [cm]
       y0 =  -19.765        # minimum position of y-axis [cm]
       y1 =   19.765        # maximum position of y-axis [cm]
       z0 =  -17.740        # minimum position of z-axis [cm]
       z1 =  -17.740        # maximum position of z-axis [cm]
      dir =   1.0000        # z-direction of beam [cosine]

[ Material ]
MAT[ 1 ] 
          3He         1.0000000E+00
MAT[ 2 ] 
           Fe         7.0000000E+01
           Cr         1.8000000E+01
           Ni         9.0000000E+00
           Mn         2.0000000E+00
           Si         1.0000000E+00

[ Cell ]
 1           1 -1.2400000E-03  -1 
 2           2 -8.0000000E+00  1 -2 
 3           0                 2 -3 
 4          -1                 3 

[ Surface ]
 1             rcc   0.0000000E+00 -1.9765000E+01  0.0000000E+00
                     0.0000000E+00  3.9530000E+01  0.0000000E+00
                     2.5400000E+00
 2             rcc   0.0000000E+00 -1.9965000E+01  0.0000000E+00
                     0.0000000E+00  3.9930000E+01  0.0000000E+00
                     2.7400000E+00
 3             so    1.0000000E+02

[ T-Deposit ]
    title = [t-deposit] in region mesh
     mesh =  reg            # mesh type is region-wise
      reg = 1
     unit =    3            # unit is [1/source] : only for output=deposit
   letmat =    0            # (D=0) mat ID for LET, 0:real mat, <0: electron for H2O
  dedxfnc =    0            # (D=0) user defined multiplier, 0(no), 1, 2
   dresol =  5.0000000E-02  # (D=0) width = sqrt(dresol**2 + dfano*E)
 material =  all            # (D=all) number of specific material
   output = deposit         # deposit enerygy distribution
  deposit =    0            # (D=0) 0-> total deposit dist, 1-> each process
   e-type =    2            # e-mesh is linear given by emin, emax and ne
     emin =   0.000000      # minimum value of e-mesh points
     emax =   1.500000      # maximum value of e-mesh points
#    edel =  2.0000000E-02  # mesh width of e-mesh points
       ne =     75          # number of e-mesh points
#    data = ( e(i), i = 1, ne + 1 )
#           0.00000E+00  2.00000E-02  4.00000E-02  6.00000E-02  8.00000E-02
#           1.00000E-01  1.20000E-01  1.40000E-01  1.60000E-01  1.80000E-01
#           2.00000E-01  2.20000E-01  2.40000E-01  2.60000E-01  2.80000E-01
#           3.00000E-01  3.20000E-01  3.40000E-01  3.60000E-01  3.80000E-01
#           4.00000E-01  4.20000E-01  4.40000E-01  4.60000E-01  4.80000E-01
#           5.00000E-01  5.20000E-01  5.40000E-01  5.60000E-01  5.80000E-01
#           6.00000E-01  6.20000E-01  6.40000E-01  6.60000E-01  6.80000E-01
#           7.00000E-01  7.20000E-01  7.40000E-01  7.60000E-01  7.80000E-01
#           8.00000E-01  8.20000E-01  8.40000E-01  8.60000E-01  8.80000E-01
#           9.00000E-01  9.20000E-01  9.40000E-01  9.60000E-01  9.80000E-01
#           1.00000E+00  1.02000E+00  1.04000E+00  1.06000E+00  1.08000E+00
#           1.10000E+00  1.12000E+00  1.14000E+00  1.16000E+00  1.18000E+00
#           1.20000E+00  1.22000E+00  1.24000E+00  1.26000E+00  1.28000E+00
#           1.30000E+00  1.32000E+00  1.34000E+00  1.36000E+00  1.38000E+00
#           1.40000E+00  1.42000E+00  1.44000E+00  1.46000E+00  1.48000E+00
#           1.50000E+00
     axis =   eng           # axis of output
     file = de.out          # file name of output for the above axis
     part =  all      
# kf/name :  0        
   epsout =    1            # (D=0) generate eps file by ANGEL
   mother =  all            # (D=all) number of specific mother
#    used :        main (  %)        temp (  %)       total (  %)
#  memory :          80 (  0)           0 (  0)          80 (  0)

[ T-Deposit ]
    title = [t-deposit] in region mesh
     mesh =  reg            # mesh type is region-wise
      reg = 1
     unit =    3            # unit is [1/source] : only for output=deposit
   letmat =    0            # (D=0) mat ID for LET, 0:real mat, <0: electron for H2O
  dedxfnc =    0            # (D=0) user defined multiplier, 0(no), 1, 2
   dresol =  5.0000000E-02  # (D=0) width = sqrt(dresol**2 + dfano*E)
 material =  all            # (D=all) number of specific material
   output = deposit         # deposit enerygy distribution
  deposit =    0            # (D=0) 0-> total deposit dist, 1-> each process
   e-type =    2            # e-mesh is linear given by emin, emax and ne
     emin =  0.1910000      # minimum value of e-mesh points
     emax =  0.8500000      # maximum value of e-mesh points
#    edel =  8.7866667E-03  # mesh width of e-mesh points
       ne =     75          # number of e-mesh points
#    data = ( e(i), i = 1, ne + 1 )
#           1.91000E-01  1.99787E-01  2.08573E-01  2.17360E-01  2.26147E-01
#           2.34933E-01  2.43720E-01  2.52507E-01  2.61293E-01  2.70080E-01
#           2.78867E-01  2.87653E-01  2.96440E-01  3.05227E-01  3.14013E-01
#           3.22800E-01  3.31587E-01  3.40373E-01  3.49160E-01  3.57947E-01
#           3.66733E-01  3.75520E-01  3.84307E-01  3.93093E-01  4.01880E-01
#           4.10667E-01  4.19453E-01  4.28240E-01  4.37027E-01  4.45813E-01
#           4.54600E-01  4.63387E-01  4.72173E-01  4.80960E-01  4.89747E-01
#           4.98533E-01  5.07320E-01  5.16107E-01  5.24893E-01  5.33680E-01
#           5.42467E-01  5.51253E-01  5.60040E-01  5.68827E-01  5.77613E-01
#           5.86400E-01  5.95187E-01  6.03973E-01  6.12760E-01  6.21547E-01
#           6.30333E-01  6.39120E-01  6.47907E-01  6.56693E-01  6.65480E-01
#           6.74267E-01  6.83053E-01  6.91840E-01  7.00627E-01  7.09413E-01
#           7.18200E-01  7.26987E-01  7.35773E-01  7.44560E-01  7.53347E-01
#           7.62133E-01  7.70920E-01  7.79707E-01  7.88493E-01  7.97280E-01
#           8.06067E-01  8.14853E-01  8.23640E-01  8.32427E-01  8.41213E-01
#           8.50000E-01
     axis =   eng           # axis of output
     file = de2.out         # file name of output for the above axis
     part =  all      
# kf/name :  0        
   epsout =    1            # (D=0) generate eps file by ANGEL
   mother =  all            # (D=all) number of specific mother
#    used :        main (  %)        temp (  %)       total (  %)
#  memory :          80 (  0)           0 (  0)          80 (  0)

[END] of Input Echo <<<========================================================

<<< Report of real Geometry memory >>>
*           GG/CG memory =        2
*     total memory: mdas = 80000000
*                percent =     0.00 %

<<< Report of material memory for high energy>>>
*   high energy material =        1
*     total memory: mdas = 80000000
*                percent =     0.00 %

<<< Report of material memory for low energy>>>
*    low energy material =   259520
*     total memory: mdas = 80000000
*                percent =     0.32 %

<<< Report of real tally memory >>>
*      real tally memory =      160
*     total memory: mdas = 80000000
*                percent =     0.00 %

<<< Report of temporary tally memory >>>
* temporary tally memory =   259525
*     total memory: mdas = 80000000
*                percent =     0.32 %

<<< Report of total memory >>>
*      used total memory =   259526
*     total memory: mdas = 80000000
*                percent =     0.32 %
*                ---------------------

-------------------------------------------------------------------------------
bat[       1] ncas =          10000.
 bitrseed = 0100001010011000001011101100011110011000110110100110010000000000
          cpu time =   0.224 s.

===============================================================================

 Summary for the end of job

-------------------------------------------------------------------------------
 number of analyz call vs ncol
-------------------------------------------------------------------------------
     ncol          number
        1              1.   : start of calculation            
        2              1.   : end of calculation              
        3              1.   : end of a batch                  
        4          10000.   : source                          
        5              0.   : detection of geometry error/warn
        6              0.   : recovery from geometry warning  
        7              0.   : termination by geometry error   
        8              0.   : termination by weight cut-off   
        9              0.   : termination by time cut-off     
       10          24999.   : geometry boundary crossing      
       11          16388.   : termination by energy cut-off   
       12           2694.   : termination by escape or leakage
       13           9166.   : reaction : (n,x) type           
       14          25387.   : reaction : (n,n'x) type         
       15              0.   : sequential transport for tally  

-------------------------------------------------------------------------------
 List of transport particles (not including source)
-------------------------------------------------------------------------------
     Name      kf-code        mass       charge   baryon
     proton       2212        938.3         1       1
     neutron      2112        939.6         0       1
     positron      -11          0.5         1       0
     photon         22          0.0         0       0
     triton    1000003       2808.9         1       3
     3he       2000003       2808.4         2       3

-------------------------------------------------------------------------------
 prod. particles       number        weight        weight per source
-------------------------------------------------------------------------------
     proton             8013.     8.0130000E+03     8.0130000E-01
     triton             8013.     8.0130000E+03     8.0130000E-01
     neutron            2718.     2.7180000E+03     2.7180000E-01
     photon             1512.     1.5120000E+03     1.5120000E-01
     positron             26.     2.6000000E+01     2.6000000E-03
     3he                   7.     7.0000000E+00     7.0000000E-04

-------------------------------------------------------------------------------
 particle decays       number        weight        weight per source
-------------------------------------------------------------------------------
     positron             26.     2.6000000E+01     2.6000000E-03

-------------------------------------------------------------------------------
 stop. particles.    number        weight        weight per source
-------------------------------------------------------------------------------
     proton             8013.     8.0130000E+03     8.0130000E-01
     triton             8013.     8.0130000E+03     8.0130000E-01
     nucleus            3553.     3.5530000E+03     3.5530000E-01
     electron           1713.     1.7130000E+03     1.7130000E-01
     positron             26.     2.6000000E+01     2.6000000E-03
     3he                   7.     7.0000000E+00     7.0000000E-04
     photon                1.     1.0000000E+00     1.0000000E-04

-------------------------------------------------------------------------------
 leak. particles       number        weight        weight per source
-------------------------------------------------------------------------------
     photon             1499.     1.4990000E+03     1.4990000E-01
     neutron            1145.     1.1450000E+03     1.1450000E-01
     electron             44.     4.4000000E+01     4.4000000E-03
     positron              6.     6.0000000E+00     6.0000000E-04

-------------------------------------------------------------------------------
 source: maxcas    maxbch      irskip   average weight          total source
-------------------------------------------------------------------------------
       10000           1           0    1.0000000E+00    1.0000000000000E+04

-------------------------------------------------------------------------------
 used ATIMA database
-------------------------------------------------------------------------------
     for dedx  =        4 / mdbatima =      500

-------------------------------------------------------------------------------
 Geometry error summary
-------------------------------------------------------------------------------
 Number of lost particles     =     0 / nlost =       10
 Number of geometry recovering =     0
 Number of unrecovered errors =     0

-------------------------------------------------------------------------------
 initial random seed:
   bitrseed = 0100001010011000001011101100011110011000110110100110010000000000
 next initial random seed:
   bitrseed = 0111011010010100011001101100101001110100011011011011110011011010

-------------------------------------------------------------------------------
 job termination date : 2026/08/22
                 time :   22:09:33

-------------------------------------------------------------------------------
    CPU time and number of event called in PHITS
-------------------------------------------------------------------------------

                             sec
total cpu time =            1.46


                           count
      analysis =          88635.  : data processing
         nevap =           8855.  : evaporation
        dexgam =            842.  : de-excitation
         nreac =          34553.  : atomic and nuclear reactions
         dklos =             26.  : particle decay
         hydro =              0.  : nucleon-nucleon scattering
        n-data =          11573.  : neutron data library
        h-data =              0.  : p, d, a data library
        p-data =              0.  : photon data library
        e-data =              0.  : electron data library
        p-egs5 =            549.  : photon interaction with EGS5
        e-egs5 =          22405.  : electron interaction with EGS5
      e-tsmode =              0.  : electron track structure mode
    ion-tsmode =              0.  : ion track structure mode
     photonucl =              0.  : photo-nuclear reaction
 photonucl lib =              0.  : photo-nuclear reaction with library
       mu-reac =              0.  : muon-induced nuclear reaction
       mu-brem =              0.  : muon-induced bremsstrahlung
       mu-pprd =              0.  : muon-induced pair production
        mu-cap =              0.  : muon capture in nucleus
         elast =              0.  : elastic scattering
         ncasc =              0.  : nuclear reaction model

       bertini =              0.  : Bertini model
        isobar =              0.  : isobar model
           JAM =              0.  : JAM model
           QMD =              0.  : JQMD model
        JAMQMD =              0.  : JAMQMD model
          INCL =              0.  : INCL model
        INCELF =              0.  : INCELF model
     frag data =              0.  : user defined cross section
       SCINFUL =              0.  : SCINFUL mode

>>> Citation Request >>>=======================================================

 This execution uses model(s) that must be explicitly cited in addition to
 the PHITS original document: T.Sato et al., J.Nucl.Sci.Technol.61, 127-135 (2024).
 Please refer the following document(s) in your publication using this result

 The EGS5 code:
    H. Hirayama et al., SLAC-R-730 (2005) and KEK Report 2005-8 (2005)

 The KUROTAMA model:
    K. Iida, A. Kohama, and K. Oyamatsu, J. Phys. Soc. Japan 76, 044201 (2007).

 END 
