           _________________________________________________________
          |                                                         |
          |       _/_/_/_/                                          |
          |      _/      _/                  _/_/_/_/_/_/           |
          |     _/      _/  _/      _/   _/      _/      _/_/_/_/_/ |
          |    _/_/_/_/    _/      _/   _/      _/      _/          |
          |   _/          _/_/_/_/_/   _/      _/       _/_/_/_/    |
          |  _/          _/      _/   _/      _/              _/    |
          | _/          _/      _/   _/      _/      _/_/_/_/_/     |
          |                                                         |
          |                                                         |
          |       Particle and Heavy Ion Transport code System      |
          |                      Version =  3.360                   |
          |                       developed by                      |
          |                                                         |
          |  Tatsuhiko SATO, Yosuke IWAMOTO, Shintaro HASHIMOTO,    |
          |    Tatsuhiko OGAWA, Takuya FURUTA, Shinichiro ABE,      |
          |    Takeshi KAI, Norihiro MATSUDA, Yusuke MATSUYA,       |
          |      Yuho HIRATA, Takuya SEKIKAWA, Seiki Ohnish,        |
          |                     Yao LAN (JAEA),                     |
          |  Hiroshi IWASE, Yasuhito SAKAKI, Kenta SUGIHARA (KEK),  |
          |           Nobuhiro SHIGYO (Kyushu University),          |
          |     Hunter RATLIFF (Haukeland University Hospital),     |
          |  Lembit SIHVER (University of Texas Rio Grande Valley), |
          |                  and Koji NIITA (RIST)                  |
          |                                                         |
          |                 Last Revised  2026-03-24                |
          |_________________________________________________________|

                        Starting Date = 2026-09-30
                        Starting Time = 13h 01m 39

>>> Input Echo >>>=============================================================

[ Title ]
He-3 tube response, E = 2.5300e-08 MeV (seed 201)

[ Parameters ]
 icntl    =           0     # (D=0) 3:ECH 5:NOR 6:SRC 7,8:GSH 11:DSH 12:DUMP
 maxcas   =      150000     # (D=10) number of particles per one batch
 maxbch   =           1     # (D=10) number of batches
 rseed    =  2.0100000000000000E+002    # (D=0.0) 0:original, /=0:this value
 emin(2)  = 1.000000000E-10 # (D=1.0e-11) cut-off energy of neutron (MeV)
 dmax(2)  =  20.0000000     # (D=20.0) data max. energy of neutron (MeV)
 emin(14) =  1000.00000     # (D=1.0e-3) cut-off energy of photon (MeV)

[ Source ]
  totfact =   1.0000        # (D=1.0) global factor

 <Source> =   1.0000        # weight of this sub-source
   s-type =   9             # spherical distribution source
     proj =  neutron        # kind of incident particle         
       e0 =  2.53000E-08    # energy of beam [MeV/n]
       x0 =   0.0000        # (D=0.0) center position of x-axis [cm]
       y0 =   0.0000        # (D=0.0) center position of y-axis [cm]
       z0 =   0.0000        # (D=0.0) center position of z-axis [cm]
       r1 =   35.000        # inner radius [cm]
       r2 =   35.000        # outer radius [cm]
      dir =  -all           # inner direction with cos dis. and cos^2 bias

 <Source> =   1.0000        # weight of this sub-source
   s-type =   9             # spherical distribution source
     proj =  neutron        # kind of incident particle         
       e0 =  2.53000E-08    # energy of beam [MeV/n]
       x0 =   200.00        # (D=0.0) center position of x-axis [cm]
       y0 =   0.0000        # (D=0.0) center position of y-axis [cm]
       z0 =   0.0000        # (D=0.0) center position of z-axis [cm]
       r1 =   44.000        # inner radius [cm]
       r2 =   44.000        # outer radius [cm]
      dir =  -all           # inner direction with cos dis. and cos^2 bias

 <Source> =   1.0000        # weight of this sub-source
   s-type =   9             # spherical distribution source
     proj =  neutron        # kind of incident particle         
       e0 =  2.53000E-08    # energy of beam [MeV/n]
       x0 =   400.00        # (D=0.0) center position of x-axis [cm]
       y0 =   0.0000        # (D=0.0) center position of y-axis [cm]
       z0 =   0.0000        # (D=0.0) center position of z-axis [cm]
       r1 =   22.000        # inner radius [cm]
       r2 =   22.000        # outer radius [cm]
      dir =  -all           # inner direction with cos dis. and cos^2 bias

 <Source> =   1.0000        # weight of this sub-source
   s-type =   9             # spherical distribution source
     proj =  neutron        # kind of incident particle         
       e0 =  2.53000E-08    # energy of beam [MeV/n]
       x0 =   600.00        # (D=0.0) center position of x-axis [cm]
       y0 =   0.0000        # (D=0.0) center position of y-axis [cm]
       z0 =   0.0000        # (D=0.0) center position of z-axis [cm]
       r1 =   27.000        # inner radius [cm]
       r2 =   27.000        # outer radius [cm]
      dir =  -all           # inner direction with cos dis. and cos^2 bias

[ Material ]
MAT[ 1 ] 
           N         -7.5530000E-01
           O         -2.3180000E-01
           Ar        -1.2900000E-02
MAT[ 5 ] 
          3He         1.0000000E+00
MAT[ 6 ] 
           Fe         7.0000000E+01
           Cr         1.8000000E+01
           Ni         9.0000000E+00
           Mn         2.0000000E+00
           Si         1.0000000E+00
MAT[ 7 ] 
           H          2.0000000E+00
           C          1.0000000E+00
mt7      poly.20t  

[ Cell ]
 101         5 -1.2540000E-03  -101 
 102         5 -1.2540000E-03  -102 
 103         6 -8.0000000E+00  -103 101 102 
 109         0                 -109 103 
 201         5 -1.2540000E-03  -201 
 202         5 -1.2540000E-03  -202 
 203         6 -8.0000000E+00  -203 201 202 
 204         1 -1.2050000E-03  -204 203 
 205         7 -9.5000000E-01  -205 204 
 209         0                 -209 205 
 301         5 -1.2540000E-03  -301 
 302         5 -1.2540000E-03  -302 
 303         6 -8.0000000E+00  -303 301 302 
 309         0                 -309 303 
 401         5 -1.2540000E-03  -401 
 402         5 -1.2540000E-03  -402 
 403         6 -8.0000000E+00  -403 401 402 
 405         7 -9.5000000E-01  -405 403 
 409         0                 -409 405 
 999        -1                 109 209 309 409 

[ Surface ]
 101           rcc   0.0000000E+00  0.0000000E+00 -3.2800000E+01
                     0.0000000E+00  0.0000000E+00  5.6000000E+01
                     4.8000000E+00
 102           rcc   0.0000000E+00  0.0000000E+00  2.3200000E+01
                     0.0000000E+00  0.0000000E+00  9.6000000E+00
                     4.8000000E+00
 103           rcc   0.0000000E+00  0.0000000E+00 -3.3000000E+01
                     0.0000000E+00  0.0000000E+00  6.6000000E+01
                     5.0000000E+00
 109           s     0.0000000E+00  0.0000000E+00  0.0000000E+00
                     3.6000000E+01
 201           rcc   2.0000000E+02  0.0000000E+00 -3.3800000E+01
                     0.0000000E+00  0.0000000E+00  5.6000000E+01
                     4.8000000E+00
 202           rcc   2.0000000E+02  0.0000000E+00  2.2200000E+01
                     0.0000000E+00  0.0000000E+00  9.6000000E+00
                     4.8000000E+00
 203           rcc   2.0000000E+02  0.0000000E+00 -3.4000000E+01
                     0.0000000E+00  0.0000000E+00  6.6000000E+01
                     5.0000000E+00
 204           rcc   2.0000000E+02  0.0000000E+00 -3.4000000E+01
                     0.0000000E+00  0.0000000E+00  6.8000000E+01
                     7.5000000E+00
 205           rcc   2.0000000E+02  0.0000000E+00 -4.0000000E+01
                     0.0000000E+00  0.0000000E+00  8.0000000E+01
                     1.4500000E+01
 209           s     2.0000000E+02  0.0000000E+00  0.0000000E+00
                     4.5000000E+01
 301           rcc   4.0000000E+02  0.0000000E+00 -1.9565000E+01
                     0.0000000E+00  0.0000000E+00  3.1000000E+01
                     2.5400000E+00
 302           rcc   4.0000000E+02  0.0000000E+00  1.1435000E+01
                     0.0000000E+00  0.0000000E+00  8.1300000E+00
                     2.5400000E+00
 303           rcc   4.0000000E+02  0.0000000E+00 -1.9765000E+01
                     0.0000000E+00  0.0000000E+00  3.9530000E+01
                     2.7400000E+00
 309           s     4.0000000E+02  0.0000000E+00  0.0000000E+00
                     2.3000000E+01
 401           rcc   6.0000000E+02  0.0000000E+00 -1.9565000E+01
                     0.0000000E+00  0.0000000E+00  3.1000000E+01
                     2.5400000E+00
 402           rcc   6.0000000E+02  0.0000000E+00  1.1435000E+01
                     0.0000000E+00  0.0000000E+00  8.1300000E+00
                     2.5400000E+00
 403           rcc   6.0000000E+02  0.0000000E+00 -1.9765000E+01
                     0.0000000E+00  0.0000000E+00  3.9530000E+01
                     2.7400000E+00
 405           rcc   6.0000000E+02  0.0000000E+00 -2.4765000E+01
                     0.0000000E+00  0.0000000E+00  4.9530000E+01
                     7.7400000E+00
 409           s     6.0000000E+02  0.0000000E+00  0.0000000E+00
                     2.8000000E+01

[ Volume ]
    reg        vol
    101      1.000000    
    201      1.000000    
    301      1.000000    
    401      1.000000    

[ Mat Name Color ]
   mat   name     size           color   # HSB color value
     0   void     1.00       lightgray   # { -0.800  1.000  1.000 }
     1    Air     1.00     yellowgreen   # {  0.700  1.000  1.000 }
     5    He3     1.00            pink   # {  1.000  0.500  1.000 }
     6    SUS     1.00            gray   # { -0.600  1.000  1.000 }
     7     PE     1.00            cyan   # {  0.400  1.000  1.000 }

[ T-Track ]
    title = Neutron track length in active He-3 gas
     mesh =  reg            # mesh type is region-wise
      reg = 101 201 301 401
   e-type =    3            # e-mesh is log given by emin, emax and ne
     emin =  1.0000000E-10  # minimum value of e-mesh points
     emax =   1000.000      # maximum value of e-mesh points
#    edel =  0.2302585      # mesh width of e-mesh points
       ne =    130          # number of e-mesh points
#    data = ( e(i), i = 1, ne + 1 )
#           1.00000E-10  1.25893E-10  1.58489E-10  1.99526E-10  2.51189E-10
#           3.16228E-10  3.98107E-10  5.01187E-10  6.30957E-10  7.94328E-10
#           1.00000E-09  1.25893E-09  1.58489E-09  1.99526E-09  2.51189E-09
#           3.16228E-09  3.98107E-09  5.01187E-09  6.30957E-09  7.94328E-09
#           1.00000E-08  1.25893E-08  1.58489E-08  1.99526E-08  2.51189E-08
#           3.16228E-08  3.98107E-08  5.01187E-08  6.30957E-08  7.94328E-08
#           1.00000E-07  1.25893E-07  1.58489E-07  1.99526E-07  2.51189E-07
#           3.16228E-07  3.98107E-07  5.01187E-07  6.30957E-07  7.94328E-07
#           1.00000E-06  1.25893E-06  1.58489E-06  1.99526E-06  2.51189E-06
#           3.16228E-06  3.98107E-06  5.01187E-06  6.30957E-06  7.94328E-06
#           1.00000E-05  1.25893E-05  1.58489E-05  1.99526E-05  2.51189E-05
#           3.16228E-05  3.98107E-05  5.01187E-05  6.30957E-05  7.94328E-05
#           1.00000E-04  1.25893E-04  1.58489E-04  1.99526E-04  2.51189E-04
#           3.16228E-04  3.98107E-04  5.01187E-04  6.30957E-04  7.94328E-04
#           1.00000E-03  1.25893E-03  1.58489E-03  1.99526E-03  2.51189E-03
#           3.16228E-03  3.98107E-03  5.01187E-03  6.30957E-03  7.94328E-03
#           1.00000E-02  1.25893E-02  1.58489E-02  1.99526E-02  2.51189E-02
#           3.16228E-02  3.98107E-02  5.01187E-02  6.30957E-02  7.94328E-02
#           1.00000E-01  1.25893E-01  1.58489E-01  1.99526E-01  2.51189E-01
#           3.16228E-01  3.98107E-01  5.01187E-01  6.30957E-01  7.94328E-01
#           1.00000E+00  1.25893E+00  1.58489E+00  1.99526E+00  2.51189E+00
#           3.16228E+00  3.98107E+00  5.01187E+00  6.30957E+00  7.94328E+00
#           1.00000E+01  1.25893E+01  1.58489E+01  1.99526E+01  2.51189E+01
#           3.16228E+01  3.98107E+01  5.01187E+01  6.30957E+01  7.94328E+01
#           1.00000E+02  1.25893E+02  1.58489E+02  1.99526E+02  2.51189E+02
#           3.16228E+02  3.98107E+02  5.01187E+02  6.30957E+02  7.94328E+02
#           1.00000E+03
     unit =    1            # unit is [1/cm^2/source]
 material =  all            # (D=all) number of specific material
     axis =     eng            # axis of output
     file = gas_track.out   # file name of output for the above axis
     part =  neutron  
# kf/name :  2112     
#    used :        main (  %)        temp (  %)       total (  %)
#  memory :         139 (  0)           0 (  0)         139 (  0)

[END] of Input Echo <<<========================================================

<<< Report of real Geometry memory >>>
*           GG/CG memory =        2
*     total memory: mdas = 80000000
*                percent =     0.00 %

<<< Report of material memory for high energy>>>
*   high energy material =        1
*     total memory: mdas = 80000000
*                percent =     0.00 %

<<< Report of material memory for low energy>>>
*    low energy material =     4431
*     total memory: mdas = 80000000
*                percent =     0.01 %

<<< Report of real tally memory >>>
*      real tally memory =      139
*     total memory: mdas = 80000000
*                percent =     0.00 %

<<< Report of temporary tally memory >>>
* temporary tally memory =     4436
*     total memory: mdas = 80000000
*                percent =     0.01 %

<<< Report of total memory >>>
*      used total memory =     4437
*     total memory: mdas = 80000000
*                percent =     0.01 %
*                ---------------------

-------------------------------------------------------------------------------
bat[       1] ncas =         150000.
 bitrseed = 0100000001101001001000000000000000000000000000000000000000000000
          cpu time =   1.489 s.

===============================================================================

 Summary for the end of job

-------------------------------------------------------------------------------
 number of analyz call vs ncol
-------------------------------------------------------------------------------
     ncol          number
        1              1.   : start of calculation            
        2              1.   : end of calculation              
        3              1.   : end of a batch                  
        4         150000.   : source                          
        5              0.   : detection of geometry error/warn
        6              0.   : recovery from geometry warning  
        7              0.   : termination by geometry error   
        8          11369.   : termination by weight cut-off   
        9              0.   : termination by time cut-off     
       10          88650.   : geometry boundary crossing      
       11              3.   : termination by energy cut-off   
       12         138628.   : termination by escape or leakage
       13              0.   : reaction : (n,x) type           
       14        1151112.   : reaction : (n,n'x) type         
       15              0.   : sequential transport for tally  

-------------------------------------------------------------------------------
 List of transport particles (not including source)
-------------------------------------------------------------------------------
     Name      kf-code        mass       charge   baryon

-------------------------------------------------------------------------------
 stop. particles.    number        weight        weight per source
-------------------------------------------------------------------------------
     neutron               3.     2.2322034E+00     1.4865320E-05

-------------------------------------------------------------------------------
 leak. particles       number        weight        weight per source
-------------------------------------------------------------------------------
     neutron          138628.     1.3844604E+05     9.2197896E-01

-------------------------------------------------------------------------------
 source: maxcas    maxbch      irskip   average weight          total source
-------------------------------------------------------------------------------
      150000           1           0    1.0010788E+00    1.5016181640571E+05

-------------------------------------------------------------------------------
 Geometry error summary
-------------------------------------------------------------------------------
 Number of lost particles     =     0 / nlost =       10
 Number of geometry recovering =     0
 Number of unrecovered errors =     0

-------------------------------------------------------------------------------
 initial random seed:
   bitrseed = 0100000001101001001000000000000000000000000000000000000000000000
 next initial random seed:
   bitrseed = 1100010101101101011010111101100000101100101000010111010110000111

-------------------------------------------------------------------------------
 job termination date : 2026/09/30
                 time :   13:01:42

-------------------------------------------------------------------------------
    CPU time and number of event called in PHITS
-------------------------------------------------------------------------------

                             sec
total cpu time =            2.55


                           count
      analysis =        1528394.  : data processing
         nevap =              0.  : evaporation
        dexgam =              0.  : de-excitation
         nreac =        1151112.  : atomic and nuclear reactions
         dklos =              0.  : particle decay
         hydro =              0.  : nucleon-nucleon scattering
        n-data =        1151112.  : neutron data library
        h-data =              0.  : p, d, a data library
        p-data =              0.  : photon data library
        e-data =              0.  : electron data library
        p-egs5 =              0.  : photon interaction with EGS5
        e-egs5 =              0.  : electron interaction with EGS5
      e-tsmode =              0.  : electron track structure mode
    ion-tsmode =              0.  : ion track structure mode
     photonucl =              0.  : photo-nuclear reaction
 photonucl lib =              0.  : photo-nuclear reaction with library
       mu-reac =              0.  : muon-induced nuclear reaction
       mu-brem =              0.  : muon-induced bremsstrahlung
       mu-pprd =              0.  : muon-induced pair production
        mu-cap =              0.  : muon capture in nucleus
         elast =              0.  : elastic scattering
         ncasc =              0.  : nuclear reaction model

       bertini =              0.  : Bertini model
        isobar =              0.  : isobar model
           JAM =              0.  : JAM model
           QMD =              0.  : JQMD model
        JAMQMD =              0.  : JAMQMD model
          INCL =              0.  : INCL model
        INCELF =              0.  : INCELF model
     frag data =              0.  : user defined cross section
       SCINFUL =              0.  : SCINFUL mode

>>> Citation Request >>>=======================================================

 This execution uses model(s) that must be explicitly cited in addition to
 the PHITS original document: T.Sato et al., J.Nucl.Sci.Technol.61, 127-135 (2024).
 Please refer the following document(s) in your publication using this result

 The KUROTAMA model:
    K. Iida, A. Kohama, and K. Oyamatsu, J. Phys. Soc. Japan 76, 044201 (2007).

 END 
