[ T-Track ]
    title = Flux spectrum in room air (upper 2 m, lower 1 m)
     mesh =  reg            # mesh type is region-wise
      reg = 300 301
   e-type =    3            # e-mesh is log given by emin, emax and ne
     emin =  1.0000000E-10  # minimum value of e-mesh points
     emax =   100000.0      # maximum value of e-mesh points
#    edel =  0.5756463      # mesh width of e-mesh points
       ne =     60          # number of e-mesh points
#    data = ( e(i), i = 1, ne + 1 )
#           1.00000E-10  1.77828E-10  3.16228E-10  5.62341E-10  1.00000E-09
#           1.77828E-09  3.16228E-09  5.62341E-09  1.00000E-08  1.77828E-08
#           3.16228E-08  5.62341E-08  1.00000E-07  1.77828E-07  3.16228E-07
#           5.62341E-07  1.00000E-06  1.77828E-06  3.16228E-06  5.62341E-06
#           1.00000E-05  1.77828E-05  3.16228E-05  5.62341E-05  1.00000E-04
#           1.77828E-04  3.16228E-04  5.62341E-04  1.00000E-03  1.77828E-03
#           3.16228E-03  5.62341E-03  1.00000E-02  1.77828E-02  3.16228E-02
#           5.62341E-02  1.00000E-01  1.77828E-01  3.16228E-01  5.62341E-01
#           1.00000E+00  1.77828E+00  3.16228E+00  5.62341E+00  1.00000E+01
#           1.77828E+01  3.16228E+01  5.62341E+01  1.00000E+02  1.77828E+02
#           3.16228E+02  5.62341E+02  1.00000E+03  1.77828E+03  3.16228E+03
#           5.62341E+03  1.00000E+04  1.77828E+04  3.16228E+04  5.62341E+04
#           1.00000E+05
     unit =    1            # unit is [1/cm^2/source]
 material =  all            # (D=all) number of specific material
     axis =     eng            # axis of output
     file = room_spec.out   # file name of output for the above axis
     part =  neutron    muon-      muon+      proton   
# kf/name :  2112       13         -13        2212     
#    used :        main (  %)        temp (  %)       total (  %)
#  memory :          67 (  0)           0 (  0)          67 (  0)

#------------------------------------------------------------------------------
#newpage:
#   no. =  1   reg =    300

x: Energy [MeV/n]
y: Flux [1/cm^2/source]              
p: xlog ylog afac(0.8) form(0.9)
h: n            x            y(neutron ),hh0l n  y(muon-   ),hh0dr n  y(muon+   ),hh0ub n  y(proton  ),hh0mg n  
#  e-lower      e-upper        neutron   r.err      muon-     r.err      muon+     r.err      proton    r.err 
   1.0000E-10   1.7783E-10   0.0000E+00  0.0000   0.0000E+00  0.0000   0.0000E+00  0.0000   0.0000E+00  0.0000
   1.7783E-10   3.1623E-10   0.0000E+00  0.0000   0.0000E+00  0.0000   0.0000E+00  0.0000   0.0000E+00  0.0000
   3.1623E-10   5.6234E-10   0.0000E+00  0.0000   0.0000E+00  0.0000   0.0000E+00  0.0000   0.0000E+00  0.0000
   5.6234E-10   1.0000E-09   5.8655E-07  0.7230   0.0000E+00  0.0000   0.0000E+00  0.0000   0.0000E+00  0.0000
   1.0000E-09   1.7783E-09   1.9637E-07  1.0000   0.0000E+00  0.0000   0.0000E+00  0.0000   0.0000E+00  0.0000
   1.7783E-09   3.1623E-09   5.6134E-06  0.8785   0.0000E+00  0.0000   0.0000E+00  0.0000   0.0000E+00  0.0000
   3.1623E-09   5.6234E-09   4.8219E-06  0.9089   0.0000E+00  0.0000   0.0000E+00  0.0000   0.0000E+00  0.0000
   5.6234E-09   1.0000E-08   2.8799E-05  0.7678   0.0000E+00  0.0000   0.0000E+00  0.0000   0.0000E+00  0.0000
   1.0000E-08   1.7783E-08   8.7071E-05  0.5511   0.0000E+00  0.0000   0.0000E+00  0.0000   0.0000E+00  0.0000
   1.7783E-08   3.1623E-08   1.9884E-04  0.5371   0.0000E+00  0.0000   0.0000E+00  0.0000   0.0000E+00  0.0000
   3.1623E-08   5.6234E-08   3.7233E-04  0.5390   0.0000E+00  0.0000   0.0000E+00  0.0000   0.0000E+00  0.0000
   5.6234E-08   1.0000E-07   3.3106E-04  0.4642   0.0000E+00  0.0000   0.0000E+00  0.0000   0.0000E+00  0.0000
   1.0000E-07   1.7783E-07   1.7072E-04  0.6397   0.0000E+00  0.0000   0.0000E+00  0.0000   0.0000E+00  0.0000
   1.7783E-07   3.1623E-07   3.0880E-05  0.6698   0.0000E+00  0.0000   0.0000E+00  0.0000   0.0000E+00  0.0000
   3.1623E-07   5.6234E-07   1.3021E-05  0.7420   0.0000E+00  0.0000   0.0000E+00  0.0000   0.0000E+00  0.0000
   5.6234E-07   1.0000E-06   2.8916E-05  0.7889   0.0000E+00  0.0000   0.0000E+00  0.0000   0.0000E+00  0.0000
   1.0000E-06   1.7783E-06   4.1816E-05  0.6192   0.0000E+00  0.0000   0.0000E+00  0.0000   0.0000E+00  0.0000
   1.7783E-06   3.1623E-06   2.4975E-05  0.6973   0.0000E+00  0.0000   0.0000E+00  0.0000   0.0000E+00  0.0000
   3.1623E-06   5.6234E-06   1.5223E-05  0.9355   0.0000E+00  0.0000   0.0000E+00  0.0000   0.0000E+00  0.0000
   5.6234E-06   1.0000E-05   3.7507E-06  0.8869   0.0000E+00  0.0000   0.0000E+00  0.0000   0.0000E+00  0.0000
   1.0000E-05   1.7783E-05   7.2305E-06  0.9147   0.0000E+00  0.0000   0.0000E+00  0.0000   0.0000E+00  0.0000
   1.7783E-05   3.1623E-05   6.2563E-05  1.0000   0.0000E+00  0.0000   0.0000E+00  0.0000   0.0000E+00  0.0000
   3.1623E-05   5.6234E-05   1.6511E-05  0.9895   0.0000E+00  0.0000   0.0000E+00  0.0000   0.0000E+00  0.0000
   5.6234E-05   1.0000E-04   4.8962E-05  0.8855   0.0000E+00  0.0000   0.0000E+00  0.0000   0.0000E+00  0.0000
   1.0000E-04   1.7783E-04   2.0797E-05  0.9947   0.0000E+00  0.0000   0.0000E+00  0.0000   0.0000E+00  0.0000
   1.7783E-04   3.1623E-04   1.0330E-05  0.7218   0.0000E+00  0.0000   0.0000E+00  0.0000   0.0000E+00  0.0000
   3.1623E-04   5.6234E-04   7.3203E-06  0.9895   0.0000E+00  0.0000   0.0000E+00  0.0000   0.0000E+00  0.0000
   5.6234E-04   1.0000E-03   5.0066E-06  0.6851   0.0000E+00  0.0000   0.0000E+00  0.0000   0.0000E+00  0.0000
   1.0000E-03   1.7783E-03   3.4769E-05  0.9723   0.0000E+00  0.0000   0.0000E+00  0.0000   4.4265E-11  1.0000
   1.7783E-03   3.1623E-03   1.5684E-05  0.6756   0.0000E+00  0.0000   0.0000E+00  0.0000   6.3520E-11  1.0000
   3.1623E-03   5.6234E-03   1.1264E-05  0.6156   0.0000E+00  0.0000   0.0000E+00  0.0000   8.9873E-11  1.0000
   5.6234E-03   1.0000E-02   6.4160E-06  1.0000   0.0000E+00  0.0000   0.0000E+00  0.0000   1.2572E-10  1.0000
   1.0000E-02   1.7783E-02   2.9275E-05  0.9211   0.0000E+00  0.0000   0.0000E+00  0.0000   1.7447E-10  1.0000
   1.7783E-02   3.1623E-02   1.8466E-05  0.6789   0.0000E+00  0.0000   0.0000E+00  0.0000   2.4341E-10  1.0000
   3.1623E-02   5.6234E-02   3.4540E-05  0.6771   0.0000E+00  0.0000   0.0000E+00  0.0000   3.7249E-10  1.0000
   5.6234E-02   1.0000E-01   1.5822E-05  0.8580   0.0000E+00  0.0000   0.0000E+00  0.0000   6.0408E-10  1.0000
   1.0000E-01   1.7783E-01   1.1893E-04  0.6437   0.0000E+00  0.0000   0.0000E+00  0.0000   1.0698E-09  1.0000
   1.7783E-01   3.1623E-01   4.5447E-05  0.6152   0.0000E+00  0.0000   0.0000E+00  0.0000   2.1976E-09  1.0000
   3.1623E-01   5.6234E-01   8.6577E-05  0.5331   0.0000E+00  0.0000   0.0000E+00  0.0000   5.2882E-09  1.0000
   5.6234E-01   1.0000E+00   7.7825E-05  0.5104   0.0000E+00  0.0000   0.0000E+00  0.0000   1.3744E-08  1.0000
   1.0000E+00   1.7783E+00   1.0554E-04  0.6510   0.0000E+00  0.0000   0.0000E+00  0.0000   3.6068E-08  1.0000
   1.7783E+00   3.1623E+00   1.2564E-04  0.4643   0.0000E+00  0.0000   0.0000E+00  0.0000   9.5722E-08  1.0000
   3.1623E+00   5.6234E+00   7.6767E-05  0.7783   0.0000E+00  0.0000   0.0000E+00  0.0000   1.5188E-07  1.0000
   5.6234E+00   1.0000E+01   5.0866E-05  0.7861   0.0000E+00  0.0000   0.0000E+00  0.0000   6.7967E-07  1.0000
   1.0000E+01   1.7783E+01   7.5432E-05  0.5228   0.0000E+00  0.0000   0.0000E+00  0.0000   1.4627E-06  1.0000
   1.7783E+01   3.1623E+01   7.4853E-05  0.6013   0.0000E+00  0.0000   0.0000E+00  0.0000   0.0000E+00  0.0000
   3.1623E+01   5.6234E+01   7.4901E-05  0.6127   0.0000E+00  0.0000   0.0000E+00  0.0000   9.9596E-08  1.0000
   5.6234E+01   1.0000E+02   1.4999E-04  0.4438   0.0000E+00  0.0000   0.0000E+00  0.0000   2.3891E-06  0.9489
   1.0000E+02   1.7783E+02   1.0976E-04  0.4341   0.0000E+00  0.0000   0.0000E+00  0.0000   1.2183E-06  1.0000
   1.7783E+02   3.1623E+02   1.0361E-04  0.5864   0.0000E+00  0.0000   0.0000E+00  0.0000   3.0964E-06  1.0000
   3.1623E+02   5.6234E+02   1.5054E-05  0.5919   0.0000E+00  0.0000   2.0081E-06  1.0000   3.9168E-06  0.7084
   5.6234E+02   1.0000E+03   8.6599E-06  0.7955   0.0000E+00  0.0000   0.0000E+00  0.0000   1.0557E-05  0.8324
   1.0000E+03   1.7783E+03   6.1519E-06  0.7393   0.0000E+00  0.0000   0.0000E+00  0.0000   6.4250E-06  0.9178
   1.7783E+03   3.1623E+03   7.5428E-07  1.0000   0.0000E+00  0.0000   0.0000E+00  0.0000   6.3430E-06  0.9465
   3.1623E+03   5.6234E+03   8.4401E-07  1.0000   0.0000E+00  0.0000   0.0000E+00  0.0000   0.0000E+00  0.0000
   5.6234E+03   1.0000E+04   8.3638E-07  1.0000   0.0000E+00  0.0000   0.0000E+00  0.0000   0.0000E+00  0.0000
   1.0000E+04   1.7783E+04   0.0000E+00  0.0000   0.0000E+00  0.0000   0.0000E+00  0.0000   0.0000E+00  0.0000
   1.7783E+04   3.1623E+04   0.0000E+00  0.0000   0.0000E+00  0.0000   0.0000E+00  0.0000   0.0000E+00  0.0000
   3.1623E+04   5.6234E+04   0.0000E+00  0.0000   0.0000E+00  0.0000   0.0000E+00  0.0000   1.3919E-06  1.0000
   5.6234E+04   1.0000E+05   0.0000E+00  0.0000   0.0000E+00  0.0000   0.0000E+00  0.0000   0.0000E+00  0.0000

#   sum over                 3.0120E-03  0.4744   0.0000E+00  0.0000   2.0081E-06  1.0000   3.7887E-05  0.5887

'no. =  1,  reg  =    300'
msuc: {\huge Flux spectrum in room air (upper 2 m, lower 1 m)}
msdr: {\it plotted by \ANGEL \version}
msdl: {\it calculated by \PHITS  3.36}
wt: s(0.7)
\vspace{-3}
   vol  &=&   1.2000E+08 [cm^3]
e:

#------------------------------------------------------------------------------
 newpage:
#   no. =  2   reg =    301

x: Energy [MeV/n]
y: Flux [1/cm^2/source]              
p: xlog ylog afac(0.8) form(0.9)
h: n            x            y(neutron ),hh0l n  y(muon-   ),hh0dr n  y(muon+   ),hh0ub n  y(proton  ),hh0mg n  
#  e-lower      e-upper        neutron   r.err      muon-     r.err      muon+     r.err      proton    r.err 
   1.0000E-10   1.7783E-10   0.0000E+00  0.0000   0.0000E+00  0.0000   0.0000E+00  0.0000   0.0000E+00  0.0000
   1.7783E-10   3.1623E-10   0.0000E+00  0.0000   0.0000E+00  0.0000   0.0000E+00  0.0000   0.0000E+00  0.0000
   3.1623E-10   5.6234E-10   0.0000E+00  0.0000   0.0000E+00  0.0000   0.0000E+00  0.0000   0.0000E+00  0.0000
   5.6234E-10   1.0000E-09   1.4697E-07  1.0000   0.0000E+00  0.0000   0.0000E+00  0.0000   0.0000E+00  0.0000
   1.0000E-09   1.7783E-09   0.0000E+00  0.0000   0.0000E+00  0.0000   0.0000E+00  0.0000   0.0000E+00  0.0000
   1.7783E-09   3.1623E-09   2.6910E-06  0.7383   0.0000E+00  0.0000   0.0000E+00  0.0000   0.0000E+00  0.0000
   3.1623E-09   5.6234E-09   4.7963E-06  0.7401   0.0000E+00  0.0000   0.0000E+00  0.0000   0.0000E+00  0.0000
   5.6234E-09   1.0000E-08   1.8602E-05  0.6478   0.0000E+00  0.0000   0.0000E+00  0.0000   0.0000E+00  0.0000
   1.0000E-08   1.7783E-08   1.3989E-04  0.4826   0.0000E+00  0.0000   0.0000E+00  0.0000   0.0000E+00  0.0000
   1.7783E-08   3.1623E-08   2.1824E-04  0.5390   0.0000E+00  0.0000   0.0000E+00  0.0000   0.0000E+00  0.0000
   3.1623E-08   5.6234E-08   3.8500E-04  0.5273   0.0000E+00  0.0000   0.0000E+00  0.0000   0.0000E+00  0.0000
   5.6234E-08   1.0000E-07   2.4817E-04  0.5312   0.0000E+00  0.0000   0.0000E+00  0.0000   0.0000E+00  0.0000
   1.0000E-07   1.7783E-07   1.2029E-04  0.6777   0.0000E+00  0.0000   0.0000E+00  0.0000   0.0000E+00  0.0000
   1.7783E-07   3.1623E-07   3.8026E-05  0.6152   0.0000E+00  0.0000   0.0000E+00  0.0000   0.0000E+00  0.0000
   3.1623E-07   5.6234E-07   1.9694E-05  0.6194   0.0000E+00  0.0000   0.0000E+00  0.0000   0.0000E+00  0.0000
   5.6234E-07   1.0000E-06   1.2781E-06  0.8787   0.0000E+00  0.0000   0.0000E+00  0.0000   0.0000E+00  0.0000
   1.0000E-06   1.7783E-06   4.0016E-05  0.7058   0.0000E+00  0.0000   0.0000E+00  0.0000   0.0000E+00  0.0000
   1.7783E-06   3.1623E-06   2.8276E-05  0.7075   0.0000E+00  0.0000   0.0000E+00  0.0000   0.0000E+00  0.0000
   3.1623E-06   5.6234E-06   6.3446E-06  0.9252   0.0000E+00  0.0000   0.0000E+00  0.0000   0.0000E+00  0.0000
   5.6234E-06   1.0000E-05   9.3753E-06  0.9527   0.0000E+00  0.0000   0.0000E+00  0.0000   0.0000E+00  0.0000
   1.0000E-05   1.7783E-05   1.6809E-05  0.7851   0.0000E+00  0.0000   0.0000E+00  0.0000   0.0000E+00  0.0000
   1.7783E-05   3.1623E-05   7.0931E-05  0.8620   0.0000E+00  0.0000   0.0000E+00  0.0000   0.0000E+00  0.0000
   3.1623E-05   5.6234E-05   4.2347E-06  1.0000   0.0000E+00  0.0000   0.0000E+00  0.0000   0.0000E+00  0.0000
   5.6234E-05   1.0000E-04   8.3518E-06  0.7294   0.0000E+00  0.0000   0.0000E+00  0.0000   0.0000E+00  0.0000
   1.0000E-04   1.7783E-04   4.1879E-05  0.9171   0.0000E+00  0.0000   0.0000E+00  0.0000   0.0000E+00  0.0000
   1.7783E-04   3.1623E-04   8.3416E-06  0.7350   0.0000E+00  0.0000   0.0000E+00  0.0000   0.0000E+00  0.0000
   3.1623E-04   5.6234E-04   3.3867E-06  0.7694   0.0000E+00  0.0000   0.0000E+00  0.0000   0.0000E+00  0.0000
   5.6234E-04   1.0000E-03   2.4632E-05  0.9696   0.0000E+00  0.0000   0.0000E+00  0.0000   0.0000E+00  0.0000
   1.0000E-03   1.7783E-03   2.7148E-05  1.0000   0.0000E+00  0.0000   0.0000E+00  0.0000   1.1748E-10  1.0000
   1.7783E-03   3.1623E-03   2.3331E-05  0.8175   0.0000E+00  0.0000   0.0000E+00  0.0000   1.6859E-10  1.0000
   3.1623E-03   5.6234E-03   4.3437E-06  0.8614   0.0000E+00  0.0000   0.0000E+00  0.0000   2.3853E-10  1.0000
   5.6234E-03   1.0000E-02   9.6245E-06  1.0000   0.0000E+00  0.0000   0.0000E+00  0.0000   3.3367E-10  1.0000
   1.0000E-02   1.7783E-02   4.5891E-06  0.9808   0.0000E+00  0.0000   0.0000E+00  0.0000   4.6306E-10  1.0000
   1.7783E-02   3.1623E-02   7.6224E-06  0.5765   0.0000E+00  0.0000   0.0000E+00  0.0000   6.4605E-10  1.0000
   3.1623E-02   5.6234E-02   5.5782E-05  0.7667   0.0000E+00  0.0000   0.0000E+00  0.0000   9.8862E-10  1.0000
   5.6234E-02   1.0000E-01   1.7638E-05  0.8347   0.0000E+00  0.0000   0.0000E+00  0.0000   1.6033E-09  1.0000
   1.0000E-01   1.7783E-01   7.7398E-05  0.6601   0.0000E+00  0.0000   0.0000E+00  0.0000   2.8393E-09  1.0000
   1.7783E-01   3.1623E-01   6.9459E-05  0.6759   0.0000E+00  0.0000   0.0000E+00  0.0000   5.8327E-09  1.0000
   3.1623E-01   5.6234E-01   7.0715E-05  0.7088   0.0000E+00  0.0000   0.0000E+00  0.0000   1.4036E-08  1.0000
   5.6234E-01   1.0000E+00   8.1584E-05  0.5985   0.0000E+00  0.0000   0.0000E+00  0.0000   3.6478E-08  1.0000
   1.0000E+00   1.7783E+00   1.5595E-04  0.6529   0.0000E+00  0.0000   0.0000E+00  0.0000   9.5728E-08  1.0000
   1.7783E+00   3.1623E+00   5.4638E-05  0.5812   0.0000E+00  0.0000   0.0000E+00  0.0000   2.5406E-07  1.0000
   3.1623E+00   5.6234E+00   2.0821E-05  0.5211   0.0000E+00  0.0000   0.0000E+00  0.0000   5.9778E-07  1.0000
   5.6234E+00   1.0000E+01   4.6484E-05  0.8543   0.0000E+00  0.0000   0.0000E+00  0.0000   5.6439E-07  1.0000
   1.0000E+01   1.7783E+01   3.7116E-05  0.5364   0.0000E+00  0.0000   0.0000E+00  0.0000   0.0000E+00  0.0000
   1.7783E+01   3.1623E+01   3.4034E-05  0.8254   0.0000E+00  0.0000   0.0000E+00  0.0000   0.0000E+00  0.0000
   3.1623E+01   5.6234E+01   1.7000E-05  0.8366   0.0000E+00  0.0000   0.0000E+00  0.0000   1.2706E-06  1.0000
   5.6234E+01   1.0000E+02   6.8039E-05  0.5561   6.7962E-07  1.0000   0.0000E+00  0.0000   2.2637E-06  1.0000
   1.0000E+02   1.7783E+02   7.6273E-05  0.5596   0.0000E+00  0.0000   0.0000E+00  0.0000   0.0000E+00  0.0000
   1.7783E+02   3.1623E+02   3.7313E-05  0.8520   1.4483E-06  1.0000   0.0000E+00  0.0000   2.0338E-06  1.0000
   3.1623E+02   5.6234E+02   1.1661E-05  0.6792   0.0000E+00  0.0000   2.0738E-06  1.0000   2.0992E-06  1.0000
   5.6234E+02   1.0000E+03   7.3951E-06  0.7704   0.0000E+00  0.0000   0.0000E+00  0.0000   1.7308E-05  0.8920
   1.0000E+03   1.7783E+03   2.3777E-06  0.9018   0.0000E+00  0.0000   0.0000E+00  0.0000   5.8715E-06  1.0000
   1.7783E+03   3.1623E+03   0.0000E+00  0.0000   0.0000E+00  0.0000   0.0000E+00  0.0000   5.9939E-06  1.0000
   3.1623E+03   5.6234E+03   0.0000E+00  0.0000   0.0000E+00  0.0000   0.0000E+00  0.0000   0.0000E+00  0.0000
   5.6234E+03   1.0000E+04   0.0000E+00  0.0000   0.0000E+00  0.0000   0.0000E+00  0.0000   0.0000E+00  0.0000
   1.0000E+04   1.7783E+04   0.0000E+00  0.0000   0.0000E+00  0.0000   0.0000E+00  0.0000   0.0000E+00  0.0000
   1.7783E+04   3.1623E+04   0.0000E+00  0.0000   0.0000E+00  0.0000   0.0000E+00  0.0000   0.0000E+00  0.0000
   3.1623E+04   5.6234E+04   0.0000E+00  0.0000   0.0000E+00  0.0000   0.0000E+00  0.0000   0.0000E+00  0.0000
   5.6234E+04   1.0000E+05   0.0000E+00  0.0000   0.0000E+00  0.0000   0.0000E+00  0.0000   0.0000E+00  0.0000

#   sum over                 2.4777E-03  0.4969   2.1279E-06  1.0000   2.0738E-06  1.0000   3.8417E-05  0.5766

'no. =  2,  reg  =    301'
msuc: {\huge Flux spectrum in room air (upper 2 m, lower 1 m)}
msdr: {\it plotted by \ANGEL \version}
msdl: {\it calculated by \PHITS  3.36}
wt: s(0.7)
\vspace{-3}
   vol  &=&   6.0000E+07 [cm^3]
e:
 
# Information for Restart Calculation
# This calculation was newly started
# istdev =  2 # 1:Batch variance, 2:History variance
# resc2  = 2.49898995958591288E-02 # Total source weight or Total source weight / maxcas
# resc3  = 7.00000000000000000E+02 # Total history number or Total batch number
# maxcas =         700 # History / Batch, only used for istdev=1
# bitrseed = 1110010110110111001101001011000001011111110101000011101011010101 # bit data of rseed
