[ T-Track ]
    title = Flux spectrum in open air above ground
     mesh =  reg            # mesh type is region-wise
      reg = 111
   e-type =    3            # e-mesh is log given by emin, emax and ne
     emin =  1.0000000E-10  # minimum value of e-mesh points
     emax =   100000.0      # maximum value of e-mesh points
#    edel =  0.5756463      # mesh width of e-mesh points
       ne =     60          # number of e-mesh points
#    data = ( e(i), i = 1, ne + 1 )
#           1.00000E-10  1.77828E-10  3.16228E-10  5.62341E-10  1.00000E-09
#           1.77828E-09  3.16228E-09  5.62341E-09  1.00000E-08  1.77828E-08
#           3.16228E-08  5.62341E-08  1.00000E-07  1.77828E-07  3.16228E-07
#           5.62341E-07  1.00000E-06  1.77828E-06  3.16228E-06  5.62341E-06
#           1.00000E-05  1.77828E-05  3.16228E-05  5.62341E-05  1.00000E-04
#           1.77828E-04  3.16228E-04  5.62341E-04  1.00000E-03  1.77828E-03
#           3.16228E-03  5.62341E-03  1.00000E-02  1.77828E-02  3.16228E-02
#           5.62341E-02  1.00000E-01  1.77828E-01  3.16228E-01  5.62341E-01
#           1.00000E+00  1.77828E+00  3.16228E+00  5.62341E+00  1.00000E+01
#           1.77828E+01  3.16228E+01  5.62341E+01  1.00000E+02  1.77828E+02
#           3.16228E+02  5.62341E+02  1.00000E+03  1.77828E+03  3.16228E+03
#           5.62341E+03  1.00000E+04  1.77828E+04  3.16228E+04  5.62341E+04
#           1.00000E+05
     unit =    1            # unit is [1/cm^2/source]
 material =  all            # (D=all) number of specific material
     axis =     eng            # axis of output
     file = air_spec.out    # file name of output for the above axis
     part =  neutron    muon-      muon+      proton   
# kf/name :  2112       13         -13        2212     
#    used :        main (  %)        temp (  %)       total (  %)
#  memory :          67 (  0)           0 (  0)          67 (  0)

#------------------------------------------------------------------------------
#newpage:
#   no. =  1   reg =    111

x: Energy [MeV/n]
y: Flux [1/cm^2/source]              
p: xlog ylog afac(0.8) form(0.9)
h: n            x            y(neutron ),hh0l n  y(muon-   ),hh0dr n  y(muon+   ),hh0ub n  y(proton  ),hh0mg n  
#  e-lower      e-upper        neutron   r.err      muon-     r.err      muon+     r.err      proton    r.err 
   1.0000E-10   1.7783E-10   0.0000E+00  0.0000   0.0000E+00  0.0000   0.0000E+00  0.0000   0.0000E+00  0.0000
   1.7783E-10   3.1623E-10   0.0000E+00  0.0000   0.0000E+00  0.0000   0.0000E+00  0.0000   0.0000E+00  0.0000
   3.1623E-10   5.6234E-10   0.0000E+00  0.0000   0.0000E+00  0.0000   0.0000E+00  0.0000   0.0000E+00  0.0000
   5.6234E-10   1.0000E-09   0.0000E+00  0.0000   0.0000E+00  0.0000   0.0000E+00  0.0000   0.0000E+00  0.0000
   1.0000E-09   1.7783E-09   1.8573E-05  1.0000   0.0000E+00  0.0000   0.0000E+00  0.0000   0.0000E+00  0.0000
   1.7783E-09   3.1623E-09   0.0000E+00  0.0000   0.0000E+00  0.0000   0.0000E+00  0.0000   0.0000E+00  0.0000
   3.1623E-09   5.6234E-09   0.0000E+00  0.0000   0.0000E+00  0.0000   0.0000E+00  0.0000   0.0000E+00  0.0000
   5.6234E-09   1.0000E-08   0.0000E+00  0.0000   0.0000E+00  0.0000   0.0000E+00  0.0000   0.0000E+00  0.0000
   1.0000E-08   1.7783E-08   4.2300E-05  0.8034   0.0000E+00  0.0000   0.0000E+00  0.0000   0.0000E+00  0.0000
   1.7783E-08   3.1623E-08   2.5892E-05  0.7959   0.0000E+00  0.0000   0.0000E+00  0.0000   0.0000E+00  0.0000
   3.1623E-08   5.6234E-08   5.9071E-05  0.4042   0.0000E+00  0.0000   0.0000E+00  0.0000   0.0000E+00  0.0000
   5.6234E-08   1.0000E-07   8.0571E-05  0.3852   0.0000E+00  0.0000   0.0000E+00  0.0000   0.0000E+00  0.0000
   1.0000E-07   1.7783E-07   3.8805E-05  0.5414   0.0000E+00  0.0000   0.0000E+00  0.0000   0.0000E+00  0.0000
   1.7783E-07   3.1623E-07   1.6432E-06  1.0000   0.0000E+00  0.0000   0.0000E+00  0.0000   0.0000E+00  0.0000
   3.1623E-07   5.6234E-07   0.0000E+00  0.0000   0.0000E+00  0.0000   0.0000E+00  0.0000   0.0000E+00  0.0000
   5.6234E-07   1.0000E-06   2.1597E-05  1.0000   0.0000E+00  0.0000   0.0000E+00  0.0000   0.0000E+00  0.0000
   1.0000E-06   1.7783E-06   2.9739E-06  0.7240   0.0000E+00  0.0000   0.0000E+00  0.0000   0.0000E+00  0.0000
   1.7783E-06   3.1623E-06   2.8572E-05  1.0000   0.0000E+00  0.0000   0.0000E+00  0.0000   0.0000E+00  0.0000
   3.1623E-06   5.6234E-06   1.5396E-06  1.0000   0.0000E+00  0.0000   0.0000E+00  0.0000   0.0000E+00  0.0000
   5.6234E-06   1.0000E-05   2.7900E-05  0.8262   0.0000E+00  0.0000   0.0000E+00  0.0000   0.0000E+00  0.0000
   1.0000E-05   1.7783E-05   0.0000E+00  0.0000   0.0000E+00  0.0000   0.0000E+00  0.0000   0.0000E+00  0.0000
   1.7783E-05   3.1623E-05   0.0000E+00  0.0000   0.0000E+00  0.0000   0.0000E+00  0.0000   0.0000E+00  0.0000
   3.1623E-05   5.6234E-05   3.5021E-05  0.8047   0.0000E+00  0.0000   0.0000E+00  0.0000   0.0000E+00  0.0000
   5.6234E-05   1.0000E-04   0.0000E+00  0.0000   0.0000E+00  0.0000   0.0000E+00  0.0000   0.0000E+00  0.0000
   1.0000E-04   1.7783E-04   2.3598E-05  0.9814   0.0000E+00  0.0000   0.0000E+00  0.0000   0.0000E+00  0.0000
   1.7783E-04   3.1623E-04   8.8216E-06  1.0000   0.0000E+00  0.0000   0.0000E+00  0.0000   0.0000E+00  0.0000
   3.1623E-04   5.6234E-04   7.8604E-06  0.7928   0.0000E+00  0.0000   0.0000E+00  0.0000   0.0000E+00  0.0000
   5.6234E-04   1.0000E-03   1.1427E-04  0.9579   0.0000E+00  0.0000   0.0000E+00  0.0000   0.0000E+00  0.0000
   1.0000E-03   1.7783E-03   7.3746E-05  1.0000   0.0000E+00  0.0000   1.8903E-11  1.0000   9.4399E-11  0.5768
   1.7783E-03   3.1623E-03   2.5840E-05  0.8472   0.0000E+00  0.0000   9.1104E-12  1.0000   1.3546E-10  0.5768
   3.1623E-03   5.6234E-03   5.8116E-05  0.9792   0.0000E+00  0.0000   1.3646E-11  1.0000   1.9166E-10  0.5768
   5.6234E-03   1.0000E-02   2.4593E-05  1.0000   0.0000E+00  0.0000   2.1857E-11  1.0000   2.6811E-10  0.5768
   1.0000E-02   1.7783E-02   1.1702E-04  0.7135   0.0000E+00  0.0000   3.7799E-11  1.0000   3.7207E-10  0.5768
   1.7783E-02   3.1623E-02   2.0342E-05  0.7573   0.0000E+00  0.0000   7.4996E-11  1.0000   5.1910E-10  0.5768
   3.1623E-02   5.6234E-02   3.9564E-05  0.7068   0.0000E+00  0.0000   1.7540E-10  1.0000   7.9436E-10  0.5768
   5.6234E-02   1.0000E-01   2.4493E-05  1.0000   0.0000E+00  0.0000   4.5226E-10  1.0000   1.2883E-09  0.5768
   1.0000E-01   1.7783E-01   7.0348E-05  0.5540   0.0000E+00  0.0000   1.1861E-09  1.0000   2.2813E-09  0.5768
   1.7783E-01   3.1623E-01   8.7887E-05  0.4991   0.0000E+00  0.0000   3.1360E-09  1.0000   4.6865E-09  0.5768
   3.1623E-01   5.6234E-01   1.1732E-04  0.6765   0.0000E+00  0.0000   8.4790E-09  1.0000   1.1278E-08  0.5768
   5.6234E-01   1.0000E+00   1.2734E-04  0.4484   0.0000E+00  0.0000   2.3507E-08  1.0000   2.9310E-08  0.5768
   1.0000E+00   1.7783E+00   1.4604E-04  0.3609   0.0000E+00  0.0000   6.6615E-08  1.0000   7.6917E-08  0.5768
   1.7783E+00   3.1623E+00   2.9750E-04  0.3995   0.0000E+00  0.0000   1.7110E-07  1.0000   2.0413E-07  0.5768
   3.1623E+00   5.6234E+00   2.3618E-04  0.4067   0.0000E+00  0.0000   0.0000E+00  0.0000   5.9180E-07  0.5443
   5.6234E+00   1.0000E+01   1.6692E-04  0.4553   0.0000E+00  0.0000   0.0000E+00  0.0000   2.0609E-06  0.4992
   1.0000E+01   1.7783E+01   1.4675E-04  0.4220   0.0000E+00  0.0000   0.0000E+00  0.0000   2.1815E-06  0.6292
   1.7783E+01   3.1623E+01   9.1169E-05  0.4393   0.0000E+00  0.0000   0.0000E+00  0.0000   4.9830E-06  0.5543
   3.1623E+01   5.6234E+01   1.8847E-04  0.3921   0.0000E+00  0.0000   0.0000E+00  0.0000   1.3864E-05  0.4881
   5.6234E+01   1.0000E+02   1.3629E-04  0.4313   0.0000E+00  0.0000   0.0000E+00  0.0000   1.7932E-05  0.3004
   1.0000E+02   1.7783E+02   4.3228E-04  0.2339   0.0000E+00  0.0000   0.0000E+00  0.0000   2.1068E-05  0.3009
   1.7783E+02   3.1623E+02   3.4084E-04  0.2924   0.0000E+00  0.0000   0.0000E+00  0.0000   3.7116E-05  0.2081
   3.1623E+02   5.6234E+02   1.4439E-04  0.3804   0.0000E+00  0.0000   0.0000E+00  0.0000   4.5213E-05  0.1950
   5.6234E+02   1.0000E+03   2.0530E-05  1.0000   0.0000E+00  0.0000   0.0000E+00  0.0000   2.6651E-05  0.2597
   1.0000E+03   1.7783E+03   0.0000E+00  0.0000   0.0000E+00  0.0000   0.0000E+00  0.0000   1.8149E-05  0.2797
   1.7783E+03   3.1623E+03   2.0313E-05  1.0000   0.0000E+00  0.0000   0.0000E+00  0.0000   7.0126E-06  0.4859
   3.1623E+03   5.6234E+03   0.0000E+00  0.0000   0.0000E+00  0.0000   0.0000E+00  0.0000   6.1318E-06  0.4997
   5.6234E+03   1.0000E+04   0.0000E+00  0.0000   0.0000E+00  0.0000   0.0000E+00  0.0000   3.8763E-06  0.6152
   1.0000E+04   1.7783E+04   0.0000E+00  0.0000   0.0000E+00  0.0000   0.0000E+00  0.0000   3.0743E-06  0.7192
   1.7783E+04   3.1623E+04   0.0000E+00  0.0000   0.0000E+00  0.0000   0.0000E+00  0.0000   2.9269E-06  0.7072
   3.1623E+04   5.6234E+04   0.0000E+00  0.0000   0.0000E+00  0.0000   0.0000E+00  0.0000   1.4347E-06  1.0000
   5.6234E+04   1.0000E+05   0.0000E+00  0.0000   0.0000E+00  0.0000   0.0000E+00  0.0000   0.0000E+00  0.0000

#   sum over                 3.6933E-03  0.1155   0.0000E+00  0.0000   2.7483E-07  1.0000   2.1460E-04  0.0894

'no. =  1,  reg  =    111'
msuc: {\huge Flux spectrum in open air above ground}
msdr: {\it plotted by \ANGEL \version}
msdl: {\it calculated by \PHITS  3.36}
wt: s(0.7)
\vspace{-3}
   vol  &=&   5.1200E+08 [cm^3]
e:
 
# Information for Restart Calculation
# This calculation was newly started
# istdev =  2 # 1:Batch variance, 2:History variance
# resc2  = 3.82387482330933878E-02 # Total source weight or Total source weight / maxcas
# resc3  = 1.00000000000000000E+03 # Total history number or Total batch number
# maxcas =        1000 # History / Batch, only used for istdev=1
# bitrseed = 0001001110111011110011011011000100111110110111101100010011001011 # bit data of rseed
