[ T-Track ]
    title = Flux spectrum in room air (upper 2 m, lower 1 m)
     mesh =  reg            # mesh type is region-wise
      reg = 300 301
   e-type =    3            # e-mesh is log given by emin, emax and ne
     emin =  1.0000000E-10  # minimum value of e-mesh points
     emax =   100000.0      # maximum value of e-mesh points
#    edel =  0.5756463      # mesh width of e-mesh points
       ne =     60          # number of e-mesh points
#    data = ( e(i), i = 1, ne + 1 )
#           1.00000E-10  1.77828E-10  3.16228E-10  5.62341E-10  1.00000E-09
#           1.77828E-09  3.16228E-09  5.62341E-09  1.00000E-08  1.77828E-08
#           3.16228E-08  5.62341E-08  1.00000E-07  1.77828E-07  3.16228E-07
#           5.62341E-07  1.00000E-06  1.77828E-06  3.16228E-06  5.62341E-06
#           1.00000E-05  1.77828E-05  3.16228E-05  5.62341E-05  1.00000E-04
#           1.77828E-04  3.16228E-04  5.62341E-04  1.00000E-03  1.77828E-03
#           3.16228E-03  5.62341E-03  1.00000E-02  1.77828E-02  3.16228E-02
#           5.62341E-02  1.00000E-01  1.77828E-01  3.16228E-01  5.62341E-01
#           1.00000E+00  1.77828E+00  3.16228E+00  5.62341E+00  1.00000E+01
#           1.77828E+01  3.16228E+01  5.62341E+01  1.00000E+02  1.77828E+02
#           3.16228E+02  5.62341E+02  1.00000E+03  1.77828E+03  3.16228E+03
#           5.62341E+03  1.00000E+04  1.77828E+04  3.16228E+04  5.62341E+04
#           1.00000E+05
     unit =    1            # unit is [1/cm^2/source]
 material =  all            # (D=all) number of specific material
     axis =     eng            # axis of output
     file = room_spec.out   # file name of output for the above axis
     part =  neutron    muon-      muon+      proton   
# kf/name :  2112       13         -13        2212     
#    used :        main (  %)        temp (  %)       total (  %)
#  memory :          67 (  0)           0 (  0)          67 (  0)

#------------------------------------------------------------------------------
#newpage:
#   no. =  1   reg =    300

x: Energy [MeV/n]
y: Flux [1/cm^2/source]              
p: xlog ylog afac(0.8) form(0.9)
h: n            x            y(neutron ),hh0l n  y(muon-   ),hh0dr n  y(muon+   ),hh0ub n  y(proton  ),hh0mg n  
#  e-lower      e-upper        neutron   r.err      muon-     r.err      muon+     r.err      proton    r.err 
   1.0000E-10   1.7783E-10   0.0000E+00  0.0000   0.0000E+00  0.0000   0.0000E+00  0.0000   0.0000E+00  0.0000
   1.7783E-10   3.1623E-10   0.0000E+00  0.0000   0.0000E+00  0.0000   0.0000E+00  0.0000   0.0000E+00  0.0000
   3.1623E-10   5.6234E-10   1.1303E-09  1.0000   0.0000E+00  0.0000   0.0000E+00  0.0000   0.0000E+00  0.0000
   5.6234E-10   1.0000E-09   1.4886E-10  1.0000   0.0000E+00  0.0000   0.0000E+00  0.0000   0.0000E+00  0.0000
   1.0000E-09   1.7783E-09   3.4441E-09  1.0000   0.0000E+00  0.0000   0.0000E+00  0.0000   0.0000E+00  0.0000
   1.7783E-09   3.1623E-09   1.1721E-09  0.9947   0.0000E+00  0.0000   0.0000E+00  0.0000   0.0000E+00  0.0000
   3.1623E-09   5.6234E-09   2.0679E-08  0.8111   0.0000E+00  0.0000   0.0000E+00  0.0000   0.0000E+00  0.0000
   5.6234E-09   1.0000E-08   6.2719E-08  0.5899   0.0000E+00  0.0000   0.0000E+00  0.0000   0.0000E+00  0.0000
   1.0000E-08   1.7783E-08   1.4213E-07  0.5555   0.0000E+00  0.0000   0.0000E+00  0.0000   0.0000E+00  0.0000
   1.7783E-08   3.1623E-08   3.9905E-07  0.5236   0.0000E+00  0.0000   0.0000E+00  0.0000   0.0000E+00  0.0000
   3.1623E-08   5.6234E-08   6.1234E-07  0.5674   0.0000E+00  0.0000   0.0000E+00  0.0000   0.0000E+00  0.0000
   5.6234E-08   1.0000E-07   5.4315E-07  0.5645   0.0000E+00  0.0000   0.0000E+00  0.0000   0.0000E+00  0.0000
   1.0000E-07   1.7783E-07   1.9886E-07  0.5649   0.0000E+00  0.0000   0.0000E+00  0.0000   0.0000E+00  0.0000
   1.7783E-07   3.1623E-07   1.1020E-07  0.7401   0.0000E+00  0.0000   0.0000E+00  0.0000   0.0000E+00  0.0000
   3.1623E-07   5.6234E-07   5.3403E-08  0.6405   0.0000E+00  0.0000   0.0000E+00  0.0000   0.0000E+00  0.0000
   5.6234E-07   1.0000E-06   7.2506E-08  0.6610   0.0000E+00  0.0000   0.0000E+00  0.0000   0.0000E+00  0.0000
   1.0000E-06   1.7783E-06   3.9026E-08  0.5375   0.0000E+00  0.0000   0.0000E+00  0.0000   0.0000E+00  0.0000
   1.7783E-06   3.1623E-06   3.6416E-08  0.6393   0.0000E+00  0.0000   0.0000E+00  0.0000   0.0000E+00  0.0000
   3.1623E-06   5.6234E-06   2.0844E-08  0.5782   0.0000E+00  0.0000   0.0000E+00  0.0000   0.0000E+00  0.0000
   5.6234E-06   1.0000E-05   1.9082E-08  0.6231   0.0000E+00  0.0000   0.0000E+00  0.0000   0.0000E+00  0.0000
   1.0000E-05   1.7783E-05   7.9097E-08  0.6274   0.0000E+00  0.0000   0.0000E+00  0.0000   0.0000E+00  0.0000
   1.7783E-05   3.1623E-05   2.7448E-08  0.6242   0.0000E+00  0.0000   0.0000E+00  0.0000   0.0000E+00  0.0000
   3.1623E-05   5.6234E-05   3.4146E-08  0.6512   0.0000E+00  0.0000   0.0000E+00  0.0000   0.0000E+00  0.0000
   5.6234E-05   1.0000E-04   3.0827E-08  0.6364   0.0000E+00  0.0000   0.0000E+00  0.0000   0.0000E+00  0.0000
   1.0000E-04   1.7783E-04   5.8864E-08  0.5255   0.0000E+00  0.0000   0.0000E+00  0.0000   0.0000E+00  0.0000
   1.7783E-04   3.1623E-04   7.6186E-08  0.4899   0.0000E+00  0.0000   0.0000E+00  0.0000   0.0000E+00  0.0000
   3.1623E-04   5.6234E-04   1.8962E-08  0.9765   0.0000E+00  0.0000   0.0000E+00  0.0000   0.0000E+00  0.0000
   5.6234E-04   1.0000E-03   2.7379E-08  0.6346   0.0000E+00  0.0000   0.0000E+00  0.0000   0.0000E+00  0.0000
   1.0000E-03   1.7783E-03   4.9395E-08  0.6504   0.0000E+00  0.0000   0.0000E+00  0.0000   6.5940E-14  1.0000
   1.7783E-03   3.1623E-03   5.9652E-08  0.7312   0.0000E+00  0.0000   0.0000E+00  0.0000   9.4624E-14  1.0000
   3.1623E-03   5.6234E-03   5.6528E-08  0.6215   0.0000E+00  0.0000   0.0000E+00  0.0000   1.3388E-13  1.0000
   5.6234E-03   1.0000E-02   5.7949E-08  0.7329   0.0000E+00  0.0000   0.0000E+00  0.0000   1.8728E-13  1.0000
   1.0000E-02   1.7783E-02   5.7009E-08  0.6506   0.0000E+00  0.0000   0.0000E+00  0.0000   2.5990E-13  1.0000
   1.7783E-02   3.1623E-02   4.9766E-08  0.5652   0.0000E+00  0.0000   0.0000E+00  0.0000   3.6261E-13  1.0000
   3.1623E-02   5.6234E-02   1.9498E-08  0.6837   0.0000E+00  0.0000   0.0000E+00  0.0000   5.5488E-13  1.0000
   5.6234E-02   1.0000E-01   7.9880E-08  0.5698   0.0000E+00  0.0000   0.0000E+00  0.0000   8.9989E-13  1.0000
   1.0000E-01   1.7783E-01   6.5103E-08  0.6130   0.0000E+00  0.0000   0.0000E+00  0.0000   1.5936E-12  1.0000
   1.7783E-01   3.1623E-01   1.1663E-07  0.5702   0.0000E+00  0.0000   0.0000E+00  0.0000   3.2737E-12  1.0000
   3.1623E-01   5.6234E-01   8.8795E-08  0.5255   0.0000E+00  0.0000   0.0000E+00  0.0000   7.8778E-12  1.0000
   5.6234E-01   1.0000E+00   1.2483E-07  0.5026   0.0000E+00  0.0000   0.0000E+00  0.0000   2.0474E-11  1.0000
   1.0000E+00   1.7783E+00   1.1949E-07  0.4864   0.0000E+00  0.0000   0.0000E+00  0.0000   5.3729E-11  1.0000
   1.7783E+00   3.1623E+00   2.5563E-07  0.5082   0.0000E+00  0.0000   0.0000E+00  0.0000   1.4259E-10  1.0000
   3.1623E+00   5.6234E+00   1.1810E-07  0.5449   0.0000E+00  0.0000   0.0000E+00  0.0000   3.0034E-10  1.0000
   5.6234E+00   1.0000E+01   9.4442E-06  0.9903   0.0000E+00  0.0000   0.0000E+00  0.0000   9.6105E-10  1.0000
   1.0000E+01   1.7783E+01   1.3745E-07  0.5851   0.0000E+00  0.0000   0.0000E+00  0.0000   2.0185E-09  1.0000
   1.7783E+01   3.1623E+01   1.7000E-07  0.5631   0.0000E+00  0.0000   0.0000E+00  0.0000   0.0000E+00  0.0000
   3.1623E+01   5.6234E+01   1.7765E-07  0.5612   0.0000E+00  0.0000   0.0000E+00  0.0000   0.0000E+00  0.0000
   5.6234E+01   1.0000E+02   1.9033E-07  0.5150   0.0000E+00  0.0000   0.0000E+00  0.0000   2.6733E-08  0.6037
   1.0000E+02   1.7783E+02   2.2769E-07  0.6103   0.0000E+00  0.0000   0.0000E+00  0.0000   2.2547E-08  1.0000
   1.7783E+02   3.1623E+02   1.9300E-07  0.5439   0.0000E+00  0.0000   0.0000E+00  0.0000   2.5134E-08  0.5784
   3.1623E+02   5.6234E+02   6.2511E-08  0.6641   0.0000E+00  0.0000   0.0000E+00  0.0000   9.9822E-09  1.0000
   5.6234E+02   1.0000E+03   3.5036E-08  0.6456   0.0000E+00  0.0000   0.0000E+00  0.0000   6.2177E-09  1.0000
   1.0000E+03   1.7783E+03   6.1464E-09  0.9840   0.0000E+00  0.0000   0.0000E+00  0.0000   3.0293E-09  1.0000
   1.7783E+03   3.1623E+03   2.4515E-09  1.0000   0.0000E+00  0.0000   0.0000E+00  0.0000   0.0000E+00  0.0000
   3.1623E+03   5.6234E+03   0.0000E+00  0.0000   0.0000E+00  0.0000   0.0000E+00  0.0000   0.0000E+00  0.0000
   5.6234E+03   1.0000E+04   0.0000E+00  0.0000   0.0000E+00  0.0000   0.0000E+00  0.0000   0.0000E+00  0.0000
   1.0000E+04   1.7783E+04   0.0000E+00  0.0000   0.0000E+00  0.0000   0.0000E+00  0.0000   0.0000E+00  0.0000
   1.7783E+04   3.1623E+04   0.0000E+00  0.0000   0.0000E+00  0.0000   0.0000E+00  0.0000   0.0000E+00  0.0000
   3.1623E+04   5.6234E+04   0.0000E+00  0.0000   0.0000E+00  0.0000   0.0000E+00  0.0000   0.0000E+00  0.0000
   5.6234E+04   1.0000E+05   0.0000E+00  0.0000   0.0000E+00  0.0000   0.0000E+00  0.0000   0.0000E+00  0.0000

#   sum over                 1.4654E-05  0.8072   0.0000E+00  0.0000   0.0000E+00  0.0000   9.7155E-08  0.6739

'no. =  1,  reg  =    300'
msuc: {\huge Flux spectrum in room air (upper 2 m, lower 1 m)}
msdr: {\it plotted by \ANGEL \version}
msdl: {\it calculated by \PHITS  3.36}
wt: s(0.7)
\vspace{-3}
   vol  &=&   1.2000E+08 [cm^3]
e:

#------------------------------------------------------------------------------
 newpage:
#   no. =  2   reg =    301

x: Energy [MeV/n]
y: Flux [1/cm^2/source]              
p: xlog ylog afac(0.8) form(0.9)
h: n            x            y(neutron ),hh0l n  y(muon-   ),hh0dr n  y(muon+   ),hh0ub n  y(proton  ),hh0mg n  
#  e-lower      e-upper        neutron   r.err      muon-     r.err      muon+     r.err      proton    r.err 
   1.0000E-10   1.7783E-10   0.0000E+00  0.0000   0.0000E+00  0.0000   0.0000E+00  0.0000   0.0000E+00  0.0000
   1.7783E-10   3.1623E-10   0.0000E+00  0.0000   0.0000E+00  0.0000   0.0000E+00  0.0000   0.0000E+00  0.0000
   3.1623E-10   5.6234E-10   0.0000E+00  0.0000   0.0000E+00  0.0000   0.0000E+00  0.0000   0.0000E+00  0.0000
   5.6234E-10   1.0000E-09   0.0000E+00  0.0000   0.0000E+00  0.0000   0.0000E+00  0.0000   0.0000E+00  0.0000
   1.0000E-09   1.7783E-09   4.1990E-09  0.8395   0.0000E+00  0.0000   0.0000E+00  0.0000   0.0000E+00  0.0000
   1.7783E-09   3.1623E-09   3.4536E-10  1.0000   0.0000E+00  0.0000   0.0000E+00  0.0000   0.0000E+00  0.0000
   3.1623E-09   5.6234E-09   1.4541E-08  0.6089   0.0000E+00  0.0000   0.0000E+00  0.0000   0.0000E+00  0.0000
   5.6234E-09   1.0000E-08   6.1186E-08  0.7624   0.0000E+00  0.0000   0.0000E+00  0.0000   0.0000E+00  0.0000
   1.0000E-08   1.7783E-08   1.5513E-07  0.5528   0.0000E+00  0.0000   0.0000E+00  0.0000   0.0000E+00  0.0000
   1.7783E-08   3.1623E-08   3.8514E-07  0.5342   0.0000E+00  0.0000   0.0000E+00  0.0000   0.0000E+00  0.0000
   3.1623E-08   5.6234E-08   5.9493E-07  0.5786   0.0000E+00  0.0000   0.0000E+00  0.0000   0.0000E+00  0.0000
   5.6234E-08   1.0000E-07   4.8746E-07  0.5790   0.0000E+00  0.0000   0.0000E+00  0.0000   0.0000E+00  0.0000
   1.0000E-07   1.7783E-07   1.8118E-07  0.6527   0.0000E+00  0.0000   0.0000E+00  0.0000   0.0000E+00  0.0000
   1.7783E-07   3.1623E-07   9.1587E-08  0.7034   0.0000E+00  0.0000   0.0000E+00  0.0000   0.0000E+00  0.0000
   3.1623E-07   5.6234E-07   2.2393E-08  0.5459   0.0000E+00  0.0000   0.0000E+00  0.0000   0.0000E+00  0.0000
   5.6234E-07   1.0000E-06   4.8856E-08  0.5904   0.0000E+00  0.0000   0.0000E+00  0.0000   0.0000E+00  0.0000
   1.0000E-06   1.7783E-06   2.5820E-08  0.6753   0.0000E+00  0.0000   0.0000E+00  0.0000   0.0000E+00  0.0000
   1.7783E-06   3.1623E-06   5.7659E-09  0.7233   0.0000E+00  0.0000   0.0000E+00  0.0000   0.0000E+00  0.0000
   3.1623E-06   5.6234E-06   1.6487E-08  0.6326   0.0000E+00  0.0000   0.0000E+00  0.0000   0.0000E+00  0.0000
   5.6234E-06   1.0000E-05   2.1217E-08  0.5841   0.0000E+00  0.0000   0.0000E+00  0.0000   0.0000E+00  0.0000
   1.0000E-05   1.7783E-05   7.0210E-08  0.6815   0.0000E+00  0.0000   0.0000E+00  0.0000   0.0000E+00  0.0000
   1.7783E-05   3.1623E-05   1.0238E-08  0.7754   0.0000E+00  0.0000   0.0000E+00  0.0000   0.0000E+00  0.0000
   3.1623E-05   5.6234E-05   4.2688E-08  0.4940   0.0000E+00  0.0000   0.0000E+00  0.0000   0.0000E+00  0.0000
   5.6234E-05   1.0000E-04   2.2107E-08  0.5980   0.0000E+00  0.0000   0.0000E+00  0.0000   0.0000E+00  0.0000
   1.0000E-04   1.7783E-04   1.0977E-07  0.4974   0.0000E+00  0.0000   0.0000E+00  0.0000   0.0000E+00  0.0000
   1.7783E-04   3.1623E-04   8.1683E-08  0.5707   0.0000E+00  0.0000   0.0000E+00  0.0000   0.0000E+00  0.0000
   3.1623E-04   5.6234E-04   1.2811E-08  0.8198   0.0000E+00  0.0000   0.0000E+00  0.0000   0.0000E+00  0.0000
   5.6234E-04   1.0000E-03   6.7078E-08  0.6813   0.0000E+00  0.0000   0.0000E+00  0.0000   0.0000E+00  0.0000
   1.0000E-03   1.7783E-03   8.6293E-08  0.6057   0.0000E+00  0.0000   0.0000E+00  0.0000   1.3188E-13  1.0000
   1.7783E-03   3.1623E-03   4.2998E-08  0.8594   0.0000E+00  0.0000   0.0000E+00  0.0000   1.8925E-13  1.0000
   3.1623E-03   5.6234E-03   5.2842E-08  0.6032   0.0000E+00  0.0000   0.0000E+00  0.0000   2.6776E-13  1.0000
   5.6234E-03   1.0000E-02   4.9064E-08  0.6640   0.0000E+00  0.0000   0.0000E+00  0.0000   3.7456E-13  1.0000
   1.0000E-02   1.7783E-02   6.3123E-08  0.8012   0.0000E+00  0.0000   0.0000E+00  0.0000   5.1981E-13  1.0000
   1.7783E-02   3.1623E-02   3.6497E-08  0.5435   0.0000E+00  0.0000   0.0000E+00  0.0000   7.2521E-13  1.0000
   3.1623E-02   5.6234E-02   7.7635E-09  0.7758   0.0000E+00  0.0000   0.0000E+00  0.0000   1.1098E-12  1.0000
   5.6234E-02   1.0000E-01   8.7164E-08  0.7201   0.0000E+00  0.0000   0.0000E+00  0.0000   1.7998E-12  1.0000
   1.0000E-01   1.7783E-01   4.8604E-08  0.8344   0.0000E+00  0.0000   0.0000E+00  0.0000   3.1872E-12  1.0000
   1.7783E-01   3.1623E-01   9.1131E-08  0.5664   0.0000E+00  0.0000   0.0000E+00  0.0000   6.5474E-12  1.0000
   3.1623E-01   5.6234E-01   7.3546E-08  0.5177   0.0000E+00  0.0000   0.0000E+00  0.0000   1.5756E-11  1.0000
   5.6234E-01   1.0000E+00   1.4251E-07  0.5278   0.0000E+00  0.0000   0.0000E+00  0.0000   4.0948E-11  1.0000
   1.0000E+00   1.7783E+00   5.8446E-08  0.5052   0.0000E+00  0.0000   0.0000E+00  0.0000   1.0746E-10  1.0000
   1.7783E+00   3.1623E+00   1.6365E-07  0.5879   0.0000E+00  0.0000   0.0000E+00  0.0000   2.8519E-10  1.0000
   3.1623E+00   5.6234E+00   1.2735E-07  0.5465   0.0000E+00  0.0000   0.0000E+00  0.0000   1.2222E-09  0.7318
   5.6234E+00   1.0000E+01   1.3855E-07  0.4994   0.0000E+00  0.0000   0.0000E+00  0.0000   4.4470E-10  0.7084
   1.0000E+01   1.7783E+01   8.0224E-08  0.5127   0.0000E+00  0.0000   0.0000E+00  0.0000   0.0000E+00  0.0000
   1.7783E+01   3.1623E+01   8.8922E-08  0.6866   0.0000E+00  0.0000   0.0000E+00  0.0000   0.0000E+00  0.0000
   3.1623E+01   5.6234E+01   1.0273E-07  0.5947   0.0000E+00  0.0000   0.0000E+00  0.0000   0.0000E+00  0.0000
   5.6234E+01   1.0000E+02   1.3754E-07  0.5369   0.0000E+00  0.0000   0.0000E+00  0.0000   2.1872E-08  0.6614
   1.0000E+02   1.7783E+02   1.4364E-07  0.5920   0.0000E+00  0.0000   0.0000E+00  0.0000   2.1347E-08  1.0000
   1.7783E+02   3.1623E+02   1.5995E-07  0.5593   0.0000E+00  0.0000   0.0000E+00  0.0000   2.5641E-08  0.5804
   3.1623E+02   5.6234E+02   5.8520E-08  0.7322   0.0000E+00  0.0000   0.0000E+00  0.0000   1.5662E-08  1.0000
   5.6234E+02   1.0000E+03   3.5319E-08  0.6650   0.0000E+00  0.0000   0.0000E+00  0.0000   7.0625E-09  1.0000
   1.0000E+03   1.7783E+03   9.7446E-09  0.7271   0.0000E+00  0.0000   0.0000E+00  0.0000   3.1926E-09  1.0000
   1.7783E+03   3.1623E+03   3.0581E-09  1.0000   0.0000E+00  0.0000   0.0000E+00  0.0000   0.0000E+00  0.0000
   3.1623E+03   5.6234E+03   0.0000E+00  0.0000   0.0000E+00  0.0000   0.0000E+00  0.0000   0.0000E+00  0.0000
   5.6234E+03   1.0000E+04   0.0000E+00  0.0000   0.0000E+00  0.0000   0.0000E+00  0.0000   0.0000E+00  0.0000
   1.0000E+04   1.7783E+04   0.0000E+00  0.0000   0.0000E+00  0.0000   0.0000E+00  0.0000   0.0000E+00  0.0000
   1.7783E+04   3.1623E+04   0.0000E+00  0.0000   0.0000E+00  0.0000   0.0000E+00  0.0000   0.0000E+00  0.0000
   3.1623E+04   5.6234E+04   0.0000E+00  0.0000   0.0000E+00  0.0000   0.0000E+00  0.0000   0.0000E+00  0.0000
   5.6234E+04   1.0000E+05   0.0000E+00  0.0000   0.0000E+00  0.0000   0.0000E+00  0.0000   0.0000E+00  0.0000

#   sum over                 4.6220E-06  0.5408   0.0000E+00  0.0000   0.0000E+00  0.0000   9.6909E-08  0.6742

'no. =  2,  reg  =    301'
msuc: {\huge Flux spectrum in room air (upper 2 m, lower 1 m)}
msdr: {\it plotted by \ANGEL \version}
msdl: {\it calculated by \PHITS  3.36}
wt: s(0.7)
\vspace{-3}
   vol  &=&   6.0000E+07 [cm^3]
e:
 
# Information for Restart Calculation
# This calculation was newly started
# istdev =  2 # 1:Batch variance, 2:History variance
# resc2  = 3.82387482330933878E-02 # Total source weight or Total source weight / maxcas
# resc3  = 1.00000000000000000E+03 # Total history number or Total batch number
# maxcas =        1000 # History / Batch, only used for istdev=1
# bitrseed = 0001001110111011110011011011000100111110110111101100010011001011 # bit data of rseed
