[ T-Track ]
    title = Flux spectrum in open air above ground
     mesh =  reg            # mesh type is region-wise
      reg = 111
   e-type =    3            # e-mesh is log given by emin, emax and ne
     emin =  1.0000000E-10  # minimum value of e-mesh points
     emax =   100000.0      # maximum value of e-mesh points
#    edel =  0.5756463      # mesh width of e-mesh points
       ne =     60          # number of e-mesh points
#    data = ( e(i), i = 1, ne + 1 )
#           1.00000E-10  1.77828E-10  3.16228E-10  5.62341E-10  1.00000E-09
#           1.77828E-09  3.16228E-09  5.62341E-09  1.00000E-08  1.77828E-08
#           3.16228E-08  5.62341E-08  1.00000E-07  1.77828E-07  3.16228E-07
#           5.62341E-07  1.00000E-06  1.77828E-06  3.16228E-06  5.62341E-06
#           1.00000E-05  1.77828E-05  3.16228E-05  5.62341E-05  1.00000E-04
#           1.77828E-04  3.16228E-04  5.62341E-04  1.00000E-03  1.77828E-03
#           3.16228E-03  5.62341E-03  1.00000E-02  1.77828E-02  3.16228E-02
#           5.62341E-02  1.00000E-01  1.77828E-01  3.16228E-01  5.62341E-01
#           1.00000E+00  1.77828E+00  3.16228E+00  5.62341E+00  1.00000E+01
#           1.77828E+01  3.16228E+01  5.62341E+01  1.00000E+02  1.77828E+02
#           3.16228E+02  5.62341E+02  1.00000E+03  1.77828E+03  3.16228E+03
#           5.62341E+03  1.00000E+04  1.77828E+04  3.16228E+04  5.62341E+04
#           1.00000E+05
     unit =    1            # unit is [1/cm^2/source]
 material =  all            # (D=all) number of specific material
     axis =     eng            # axis of output
     file = air_spec.out    # file name of output for the above axis
     part =  neutron    muon-      muon+      proton   
# kf/name :  2112       13         -13        2212     
#    used :        main (  %)        temp (  %)       total (  %)
#  memory :          67 (  0)           0 (  0)          67 (  0)

#------------------------------------------------------------------------------
#newpage:
#   no. =  1   reg =    111

x: Energy [MeV/n]
y: Flux [1/cm^2/source]              
p: xlog ylog afac(0.8) form(0.9)
h: n            x            y(neutron ),hh0l n  y(muon-   ),hh0dr n  y(muon+   ),hh0ub n  y(proton  ),hh0mg n  
#  e-lower      e-upper        neutron   r.err      muon-     r.err      muon+     r.err      proton    r.err 
   1.0000E-10   1.7783E-10   0.0000E+00  0.0000   0.0000E+00  0.0000   0.0000E+00  0.0000   0.0000E+00  0.0000
   1.7783E-10   3.1623E-10   0.0000E+00  0.0000   0.0000E+00  0.0000   0.0000E+00  0.0000   0.0000E+00  0.0000
   3.1623E-10   5.6234E-10   0.0000E+00  0.0000   0.0000E+00  0.0000   0.0000E+00  0.0000   0.0000E+00  0.0000
   5.6234E-10   1.0000E-09   0.0000E+00  0.0000   0.0000E+00  0.0000   0.0000E+00  0.0000   0.0000E+00  0.0000
   1.0000E-09   1.7783E-09   0.0000E+00  0.0000   0.0000E+00  0.0000   0.0000E+00  0.0000   0.0000E+00  0.0000
   1.7783E-09   3.1623E-09   0.0000E+00  0.0000   0.0000E+00  0.0000   0.0000E+00  0.0000   0.0000E+00  0.0000
   3.1623E-09   5.6234E-09   4.4804E-06  0.8681   0.0000E+00  0.0000   0.0000E+00  0.0000   0.0000E+00  0.0000
   5.6234E-09   1.0000E-08   2.1456E-05  0.5415   0.0000E+00  0.0000   0.0000E+00  0.0000   0.0000E+00  0.0000
   1.0000E-08   1.7783E-08   1.7318E-05  0.7438   0.0000E+00  0.0000   0.0000E+00  0.0000   0.0000E+00  0.0000
   1.7783E-08   3.1623E-08   6.3555E-05  0.3460   0.0000E+00  0.0000   0.0000E+00  0.0000   0.0000E+00  0.0000
   3.1623E-08   5.6234E-08   1.3120E-04  0.2489   0.0000E+00  0.0000   0.0000E+00  0.0000   0.0000E+00  0.0000
   5.6234E-08   1.0000E-07   7.1729E-05  0.3482   0.0000E+00  0.0000   0.0000E+00  0.0000   0.0000E+00  0.0000
   1.0000E-07   1.7783E-07   6.0325E-05  0.4064   0.0000E+00  0.0000   0.0000E+00  0.0000   0.0000E+00  0.0000
   1.7783E-07   3.1623E-07   1.2725E-07  1.0000   0.0000E+00  0.0000   0.0000E+00  0.0000   0.0000E+00  0.0000
   3.1623E-07   5.6234E-07   1.3394E-05  1.0000   0.0000E+00  0.0000   0.0000E+00  0.0000   0.0000E+00  0.0000
   5.6234E-07   1.0000E-06   2.4888E-05  0.7074   0.0000E+00  0.0000   0.0000E+00  0.0000   0.0000E+00  0.0000
   1.0000E-06   1.7783E-06   1.7664E-05  0.7591   0.0000E+00  0.0000   0.0000E+00  0.0000   0.0000E+00  0.0000
   1.7783E-06   3.1623E-06   0.0000E+00  0.0000   0.0000E+00  0.0000   0.0000E+00  0.0000   0.0000E+00  0.0000
   3.1623E-06   5.6234E-06   2.7937E-05  0.7132   0.0000E+00  0.0000   0.0000E+00  0.0000   0.0000E+00  0.0000
   5.6234E-06   1.0000E-05   2.5988E-05  0.8392   0.0000E+00  0.0000   0.0000E+00  0.0000   0.0000E+00  0.0000
   1.0000E-05   1.7783E-05   1.7907E-05  0.7512   0.0000E+00  0.0000   0.0000E+00  0.0000   0.0000E+00  0.0000
   1.7783E-05   3.1623E-05   1.5519E-05  0.9476   0.0000E+00  0.0000   0.0000E+00  0.0000   0.0000E+00  0.0000
   3.1623E-05   5.6234E-05   3.8678E-05  0.7632   0.0000E+00  0.0000   0.0000E+00  0.0000   0.0000E+00  0.0000
   5.6234E-05   1.0000E-04   4.2671E-06  1.0000   0.0000E+00  0.0000   0.0000E+00  0.0000   0.0000E+00  0.0000
   1.0000E-04   1.7783E-04   5.2217E-07  1.0000   0.0000E+00  0.0000   0.0000E+00  0.0000   0.0000E+00  0.0000
   1.7783E-04   3.1623E-04   3.3631E-05  0.7252   0.0000E+00  0.0000   0.0000E+00  0.0000   0.0000E+00  0.0000
   3.1623E-04   5.6234E-04   1.7939E-05  0.9462   0.0000E+00  0.0000   0.0000E+00  0.0000   0.0000E+00  0.0000
   5.6234E-04   1.0000E-03   5.1048E-05  0.5798   0.0000E+00  0.0000   0.0000E+00  0.0000   0.0000E+00  0.0000
   1.0000E-03   1.7783E-03   2.5624E-05  0.7073   0.0000E+00  0.0000   0.0000E+00  0.0000   7.4346E-11  0.4996
   1.7783E-03   3.1623E-03   1.4646E-05  0.8923   0.0000E+00  0.0000   0.0000E+00  0.0000   1.0669E-10  0.4996
   3.1623E-03   5.6234E-03   9.1265E-05  0.7067   0.0000E+00  0.0000   0.0000E+00  0.0000   1.5095E-10  0.4996
   5.6234E-03   1.0000E-02   1.4464E-05  0.8207   0.0000E+00  0.0000   0.0000E+00  0.0000   2.1115E-10  0.4996
   1.0000E-02   1.7783E-02   6.7241E-05  0.7882   0.0000E+00  0.0000   0.0000E+00  0.0000   2.9303E-10  0.4996
   1.7783E-02   3.1623E-02   3.8114E-05  0.7530   0.0000E+00  0.0000   0.0000E+00  0.0000   4.0883E-10  0.4996
   3.1623E-02   5.6234E-02   5.2276E-05  0.5118   0.0000E+00  0.0000   0.0000E+00  0.0000   6.2561E-10  0.4996
   5.6234E-02   1.0000E-01   1.7549E-04  0.5359   0.0000E+00  0.0000   0.0000E+00  0.0000   1.0146E-09  0.4996
   1.0000E-01   1.7783E-01   1.4465E-04  0.3862   0.0000E+00  0.0000   0.0000E+00  0.0000   1.7967E-09  0.4996
   1.7783E-01   3.1623E-01   9.7216E-05  0.4733   0.0000E+00  0.0000   0.0000E+00  0.0000   3.6910E-09  0.4996
   3.1623E-01   5.6234E-01   6.3971E-05  0.4192   0.0000E+00  0.0000   0.0000E+00  0.0000   8.8819E-09  0.4996
   5.6234E-01   1.0000E+00   2.1839E-04  0.2876   0.0000E+00  0.0000   0.0000E+00  0.0000   2.3084E-08  0.4996
   1.0000E+00   1.7783E+00   2.4415E-04  0.2762   0.0000E+00  0.0000   0.0000E+00  0.0000   6.2354E-08  0.4861
   1.7783E+00   3.1623E+00   3.8745E-04  0.2738   0.0000E+00  0.0000   0.0000E+00  0.0000   2.0096E-07  0.4467
   3.1623E+00   5.6234E+00   3.0089E-04  0.3275   0.0000E+00  0.0000   0.0000E+00  0.0000   5.5696E-07  0.4385
   5.6234E+00   1.0000E+01   1.6936E-04  0.2996   0.0000E+00  0.0000   0.0000E+00  0.0000   1.5288E-06  0.4446
   1.0000E+01   1.7783E+01   1.7040E-04  0.3800   0.0000E+00  0.0000   0.0000E+00  0.0000   3.6104E-06  0.4064
   1.7783E+01   3.1623E+01   2.8056E-04  0.3753   0.0000E+00  0.0000   0.0000E+00  0.0000   2.0160E-05  0.5890
   3.1623E+01   5.6234E+01   2.8656E-04  0.2514   0.0000E+00  0.0000   0.0000E+00  0.0000   1.5628E-05  0.4326
   5.6234E+01   1.0000E+02   5.1735E-04  0.1893   0.0000E+00  0.0000   0.0000E+00  0.0000   2.9604E-05  0.2268
   1.0000E+02   1.7783E+02   3.9926E-04  0.2065   0.0000E+00  0.0000   0.0000E+00  0.0000   2.8950E-05  0.2030
   1.7783E+02   3.1623E+02   3.8655E-04  0.1917   0.0000E+00  0.0000   0.0000E+00  0.0000   3.6904E-05  0.1829
   3.1623E+02   5.6234E+02   1.5969E-04  0.2779   0.0000E+00  0.0000   0.0000E+00  0.0000   2.5131E-05  0.2024
   5.6234E+02   1.0000E+03   9.3530E-05  0.3636   0.0000E+00  0.0000   0.0000E+00  0.0000   2.3542E-05  0.2010
   1.0000E+03   1.7783E+03   0.0000E+00  0.0000   0.0000E+00  0.0000   0.0000E+00  0.0000   1.9162E-05  0.2171
   1.7783E+03   3.1623E+03   2.6904E-05  0.7074   0.0000E+00  0.0000   0.0000E+00  0.0000   4.6631E-06  0.4480
   3.1623E+03   5.6234E+03   0.0000E+00  0.0000   0.0000E+00  0.0000   0.0000E+00  0.0000   4.5664E-06  0.4472
   5.6234E+03   1.0000E+04   2.3769E-05  0.7073   0.0000E+00  0.0000   0.0000E+00  0.0000   3.7074E-06  0.5009
   1.0000E+04   1.7783E+04   0.0000E+00  0.0000   0.0000E+00  0.0000   0.0000E+00  0.0000   8.4627E-07  1.0000
   1.7783E+04   3.1623E+04   0.0000E+00  0.0000   0.0000E+00  0.0000   0.0000E+00  0.0000   8.4741E-07  1.0000
   3.1623E+04   5.6234E+04   0.0000E+00  0.0000   0.0000E+00  0.0000   0.0000E+00  0.0000   0.0000E+00  0.0000
   5.6234E+04   1.0000E+05   0.0000E+00  0.0000   0.0000E+00  0.0000   0.0000E+00  0.0000   0.0000E+00  0.0000

#   sum over                 5.1093E-03  0.0766   0.0000E+00  0.0000   0.0000E+00  0.0000   2.1971E-04  0.0901

'no. =  1,  reg  =    111'
msuc: {\huge Flux spectrum in open air above ground}
msdr: {\it plotted by \ANGEL \version}
msdl: {\it calculated by \PHITS  3.36}
wt: s(0.7)
\vspace{-3}
   vol  &=&   5.1200E+08 [cm^3]
e:
 
# Information for Restart Calculation
# This calculation was newly started
# istdev =  2 # 1:Batch variance, 2:History variance
# resc2  = 6.47369930631971902E-02 # Total source weight or Total source weight / maxcas
# resc3  = 1.70000000000000000E+03 # Total history number or Total batch number
# maxcas =        1700 # History / Batch, only used for istdev=1
# bitrseed = 0101000101001001111010110110101100010010100100010111010000111111 # bit data of rseed
