[ T-Track ]
    title = Flux spectrum in open air above ground
     mesh =  reg            # mesh type is region-wise
      reg = 111
   e-type =    3            # e-mesh is log given by emin, emax and ne
     emin =  1.0000000E-10  # minimum value of e-mesh points
     emax =   100000.0      # maximum value of e-mesh points
#    edel =  0.5756463      # mesh width of e-mesh points
       ne =     60          # number of e-mesh points
#    data = ( e(i), i = 1, ne + 1 )
#           1.00000E-10  1.77828E-10  3.16228E-10  5.62341E-10  1.00000E-09
#           1.77828E-09  3.16228E-09  5.62341E-09  1.00000E-08  1.77828E-08
#           3.16228E-08  5.62341E-08  1.00000E-07  1.77828E-07  3.16228E-07
#           5.62341E-07  1.00000E-06  1.77828E-06  3.16228E-06  5.62341E-06
#           1.00000E-05  1.77828E-05  3.16228E-05  5.62341E-05  1.00000E-04
#           1.77828E-04  3.16228E-04  5.62341E-04  1.00000E-03  1.77828E-03
#           3.16228E-03  5.62341E-03  1.00000E-02  1.77828E-02  3.16228E-02
#           5.62341E-02  1.00000E-01  1.77828E-01  3.16228E-01  5.62341E-01
#           1.00000E+00  1.77828E+00  3.16228E+00  5.62341E+00  1.00000E+01
#           1.77828E+01  3.16228E+01  5.62341E+01  1.00000E+02  1.77828E+02
#           3.16228E+02  5.62341E+02  1.00000E+03  1.77828E+03  3.16228E+03
#           5.62341E+03  1.00000E+04  1.77828E+04  3.16228E+04  5.62341E+04
#           1.00000E+05
     unit =    1            # unit is [1/cm^2/source]
 material =  all            # (D=all) number of specific material
     axis =     eng            # axis of output
     file = air_spec.out    # file name of output for the above axis
     part =  neutron    muon-      muon+      proton   
# kf/name :  2112       13         -13        2212     
#    used :        main (  %)        temp (  %)       total (  %)
#  memory :          67 (  0)           0 (  0)          67 (  0)

#------------------------------------------------------------------------------
#newpage:
#   no. =  1   reg =    111

x: Energy [MeV]
y: Flux [1/cm^2/source]              
p: xlog ylog afac(0.8) form(0.9)
h: n            x            y(neutron ),hh0l n  y(muon-   ),hh0dr n  y(muon+   ),hh0ub n  y(proton  ),hh0mg n  
#  e-lower      e-upper        neutron   r.err      muon-     r.err      muon+     r.err      proton    r.err 
   1.0000E-10   1.7783E-10   0.0000E+00  0.0000   0.0000E+00  0.0000   0.0000E+00  0.0000   0.0000E+00  0.0000
   1.7783E-10   3.1623E-10   0.0000E+00  0.0000   0.0000E+00  0.0000   0.0000E+00  0.0000   0.0000E+00  0.0000
   3.1623E-10   5.6234E-10   0.0000E+00  0.0000   0.0000E+00  0.0000   0.0000E+00  0.0000   0.0000E+00  0.0000
   5.6234E-10   1.0000E-09   2.4410E-07  1.0000   0.0000E+00  0.0000   0.0000E+00  0.0000   0.0000E+00  0.0000
   1.0000E-09   1.7783E-09   6.9916E-08  1.0000   0.0000E+00  0.0000   0.0000E+00  0.0000   0.0000E+00  0.0000
   1.7783E-09   3.1623E-09   2.3069E-06  0.6894   0.0000E+00  0.0000   0.0000E+00  0.0000   0.0000E+00  0.0000
   3.1623E-09   5.6234E-09   4.5740E-06  0.4252   0.0000E+00  0.0000   0.0000E+00  0.0000   0.0000E+00  0.0000
   5.6234E-09   1.0000E-08   1.0341E-05  0.2470   0.0000E+00  0.0000   0.0000E+00  0.0000   0.0000E+00  0.0000
   1.0000E-08   1.7783E-08   2.0525E-05  0.1729   0.0000E+00  0.0000   0.0000E+00  0.0000   0.0000E+00  0.0000
   1.7783E-08   3.1623E-08   5.2046E-05  0.1381   0.0000E+00  0.0000   0.0000E+00  0.0000   0.0000E+00  0.0000
   3.1623E-08   5.6234E-08   8.7212E-05  0.1077   0.0000E+00  0.0000   0.0000E+00  0.0000   0.0000E+00  0.0000
   5.6234E-08   1.0000E-07   8.5360E-05  0.1176   0.0000E+00  0.0000   0.0000E+00  0.0000   0.0000E+00  0.0000
   1.0000E-07   1.7783E-07   4.5488E-05  0.1584   0.0000E+00  0.0000   0.0000E+00  0.0000   0.0000E+00  0.0000
   1.7783E-07   3.1623E-07   1.7406E-05  0.3536   0.0000E+00  0.0000   0.0000E+00  0.0000   0.0000E+00  0.0000
   3.1623E-07   5.6234E-07   1.4778E-05  0.3587   0.0000E+00  0.0000   0.0000E+00  0.0000   0.0000E+00  0.0000
   5.6234E-07   1.0000E-06   2.7076E-05  0.3006   0.0000E+00  0.0000   0.0000E+00  0.0000   0.0000E+00  0.0000
   1.0000E-06   1.7783E-06   1.8040E-05  0.4326   0.0000E+00  0.0000   0.0000E+00  0.0000   0.0000E+00  0.0000
   1.7783E-06   3.1623E-06   2.4964E-05  0.2622   0.0000E+00  0.0000   0.0000E+00  0.0000   0.0000E+00  0.0000
   3.1623E-06   5.6234E-06   2.0857E-05  0.2713   0.0000E+00  0.0000   0.0000E+00  0.0000   0.0000E+00  0.0000
   5.6234E-06   1.0000E-05   2.2154E-05  0.3241   0.0000E+00  0.0000   0.0000E+00  0.0000   0.0000E+00  0.0000
   1.0000E-05   1.7783E-05   2.5440E-05  0.2255   0.0000E+00  0.0000   0.0000E+00  0.0000   0.0000E+00  0.0000
   1.7783E-05   3.1623E-05   2.7619E-05  0.3286   0.0000E+00  0.0000   0.0000E+00  0.0000   0.0000E+00  0.0000
   3.1623E-05   5.6234E-05   2.4232E-05  0.2672   0.0000E+00  0.0000   0.0000E+00  0.0000   0.0000E+00  0.0000
   5.6234E-05   1.0000E-04   2.2048E-05  0.2475   0.0000E+00  0.0000   0.0000E+00  0.0000   0.0000E+00  0.0000
   1.0000E-04   1.7783E-04   1.7193E-05  0.2888   0.0000E+00  0.0000   0.0000E+00  0.0000   0.0000E+00  0.0000
   1.7783E-04   3.1623E-04   2.8168E-05  0.2301   0.0000E+00  0.0000   0.0000E+00  0.0000   0.0000E+00  0.0000
   3.1623E-04   5.6234E-04   2.6834E-05  0.2865   0.0000E+00  0.0000   0.0000E+00  0.0000   0.0000E+00  0.0000
   5.6234E-04   1.0000E-03   2.4529E-05  0.2524   0.0000E+00  0.0000   0.0000E+00  0.0000   0.0000E+00  0.0000
   1.0000E-03   1.7783E-03   3.1924E-05  0.2158   0.0000E+00  0.0000   0.0000E+00  0.0000   1.1384E-10  0.3866
   1.7783E-03   3.1623E-03   3.6437E-05  0.2670   0.0000E+00  0.0000   0.0000E+00  0.0000   1.6336E-10  0.3866
   3.1623E-03   5.6234E-03   2.7832E-05  0.2382   0.0000E+00  0.0000   0.0000E+00  0.0000   2.3114E-10  0.3866
   5.6234E-03   1.0000E-02   4.2190E-05  0.2492   0.0000E+00  0.0000   0.0000E+00  0.0000   3.2333E-10  0.3866
   1.0000E-02   1.7783E-02   3.7751E-05  0.2356   0.0000E+00  0.0000   0.0000E+00  0.0000   4.4871E-10  0.3866
   1.7783E-02   3.1623E-02   5.2933E-05  0.2398   0.0000E+00  0.0000   0.0000E+00  0.0000   6.2602E-10  0.3866
   3.1623E-02   5.6234E-02   4.5715E-05  0.2289   0.0000E+00  0.0000   0.0000E+00  0.0000   9.5798E-10  0.3866
   5.6234E-02   1.0000E-01   7.7226E-05  0.1898   0.0000E+00  0.0000   0.0000E+00  0.0000   1.5536E-09  0.3866
   1.0000E-01   1.7783E-01   1.0526E-04  0.1482   0.0000E+00  0.0000   0.0000E+00  0.0000   2.7513E-09  0.3866
   1.7783E-01   3.1623E-01   1.2221E-04  0.1388   0.0000E+00  0.0000   0.0000E+00  0.0000   5.6519E-09  0.3866
   3.1623E-01   5.6234E-01   1.4741E-04  0.1288   0.0000E+00  0.0000   0.0000E+00  0.0000   1.3601E-08  0.3866
   5.6234E-01   1.0000E+00   2.4716E-04  0.0956   0.0000E+00  0.0000   0.0000E+00  0.0000   3.5347E-08  0.3866
   1.0000E+00   1.7783E+00   3.2290E-04  0.0830   0.0000E+00  0.0000   0.0000E+00  0.0000   9.7456E-08  0.3712
   1.7783E+00   3.1623E+00   3.5112E-04  0.0761   0.0000E+00  0.0000   0.0000E+00  0.0000   2.8791E-07  0.3669
   3.1623E+00   5.6234E+00   3.2541E-04  0.0817   0.0000E+00  0.0000   0.0000E+00  0.0000   7.8507E-07  0.3655
   5.6234E+00   1.0000E+01   2.0954E-04  0.0949   0.0000E+00  0.0000   0.0000E+00  0.0000   1.1759E-06  0.1418
   1.0000E+01   1.7783E+01   1.7535E-04  0.0975   0.0000E+00  0.0000   6.4031E-08  1.0000   3.9354E-06  0.2472
   1.7783E+01   3.1623E+01   2.1146E-04  0.1006   0.0000E+00  0.0000   1.5529E-07  0.7166   7.8835E-06  0.2364
   3.1623E+01   5.6234E+01   2.5387E-04  0.0935   5.6414E-08  1.0000   0.0000E+00  0.0000   2.0221E-05  0.1720
   5.6234E+01   1.0000E+02   4.2129E-04  0.0618   6.2199E-08  0.9055   1.0168E-07  0.7116   2.4930E-05  0.0752
   1.0000E+02   1.7783E+02   4.5490E-04  0.0587   0.0000E+00  0.0000   0.0000E+00  0.0000   3.8586E-05  0.0540
   1.7783E+02   3.1623E+02   3.1986E-04  0.0648   1.2845E-07  1.0000   9.7097E-08  1.0000   3.9574E-05  0.0595
   3.1623E+02   5.6234E+02   1.3889E-04  0.0934   0.0000E+00  0.0000   1.1830E-07  1.0000   2.9334E-05  0.0566
   5.6234E+02   1.0000E+03   4.3488E-05  0.1570   0.0000E+00  0.0000   0.0000E+00  0.0000   2.2092E-05  0.0619
   1.0000E+03   1.7783E+03   1.6315E-05  0.2581   0.0000E+00  0.0000   0.0000E+00  0.0000   1.4246E-05  0.0773
   1.7783E+03   3.1623E+03   6.1277E-06  0.3944   0.0000E+00  0.0000   0.0000E+00  0.0000   8.2271E-06  0.0964
   3.1623E+03   5.6234E+03   3.2602E-06  0.5647   0.0000E+00  0.0000   0.0000E+00  0.0000   4.8598E-06  0.1252
   5.6234E+03   1.0000E+04   3.1829E-06  0.5780   0.0000E+00  0.0000   0.0000E+00  0.0000   3.7313E-06  0.1431
   1.0000E+04   1.7783E+04   0.0000E+00  0.0000   0.0000E+00  0.0000   0.0000E+00  0.0000   1.7758E-06  0.2112
   1.7783E+04   3.1623E+04   0.0000E+00  0.0000   0.0000E+00  0.0000   0.0000E+00  0.0000   1.1439E-06  0.2557
   3.1623E+04   5.6234E+04   0.0000E+00  0.0000   0.0000E+00  0.0000   0.0000E+00  0.0000   5.9866E-07  0.3539
   5.6234E+04   1.0000E+05   0.0000E+00  0.0000   0.0000E+00  0.0000   0.0000E+00  0.0000   2.3015E-07  0.5774

#   sum over                 4.8805E-03  0.0236   2.4706E-07  0.6119   5.3640E-07  0.3960   2.2378E-04  0.0303

'no. =  1,  reg  =    111'
msuc: {\huge Flux spectrum in open air above ground}
msdr: {\it plotted by \ANGEL \version}
msdl: {\it calculated by \PHITS  3.35}
wt: s(0.7)
\vspace{-3}
   vol  &=&   5.1200E+08 [cm^3]
e:

# Information for Restart Calculation
# This calculation was newly started
# istdev =  2 # 1:Batch variance, 2:History variance
# resc2  = 7.60708971010932711E-01 # Total source weight or Total source weight / maxcas
# resc3  = 2.00000000000000000E+04 # Total history number or Total batch number
# maxcas =       20000 # History / Batch, only used for istdev=1
# bitrseed = 0110100010011101100111101111011100000011100101101011000000011110 # bit data of rseed
