[ T-Track ]
    title = Flux spectrum in room air (upper 2 m, lower 1 m)
     mesh =  reg            # mesh type is region-wise
      reg = 300 301
   e-type =    3            # e-mesh is log given by emin, emax and ne
     emin =  1.0000000E-10  # minimum value of e-mesh points
     emax =   100000.0      # maximum value of e-mesh points
#    edel =  0.5756463      # mesh width of e-mesh points
       ne =     60          # number of e-mesh points
#    data = ( e(i), i = 1, ne + 1 )
#           1.00000E-10  1.77828E-10  3.16228E-10  5.62341E-10  1.00000E-09
#           1.77828E-09  3.16228E-09  5.62341E-09  1.00000E-08  1.77828E-08
#           3.16228E-08  5.62341E-08  1.00000E-07  1.77828E-07  3.16228E-07
#           5.62341E-07  1.00000E-06  1.77828E-06  3.16228E-06  5.62341E-06
#           1.00000E-05  1.77828E-05  3.16228E-05  5.62341E-05  1.00000E-04
#           1.77828E-04  3.16228E-04  5.62341E-04  1.00000E-03  1.77828E-03
#           3.16228E-03  5.62341E-03  1.00000E-02  1.77828E-02  3.16228E-02
#           5.62341E-02  1.00000E-01  1.77828E-01  3.16228E-01  5.62341E-01
#           1.00000E+00  1.77828E+00  3.16228E+00  5.62341E+00  1.00000E+01
#           1.77828E+01  3.16228E+01  5.62341E+01  1.00000E+02  1.77828E+02
#           3.16228E+02  5.62341E+02  1.00000E+03  1.77828E+03  3.16228E+03
#           5.62341E+03  1.00000E+04  1.77828E+04  3.16228E+04  5.62341E+04
#           1.00000E+05
     unit =    1            # unit is [1/cm^2/source]
 material =  all            # (D=all) number of specific material
     axis =     eng            # axis of output
     file = room_spec.out   # file name of output for the above axis
     part =  neutron    muon-      muon+      proton   
# kf/name :  2112       13         -13        2212     
#    used :        main (  %)        temp (  %)       total (  %)
#  memory :          67 (  0)           0 (  0)          67 (  0)

#------------------------------------------------------------------------------
#newpage:
#   no. =  1   reg =    300

x: Energy [MeV]
y: Flux [1/cm^2/source]              
p: xlog ylog afac(0.8) form(0.9)
h: n            x            y(neutron ),hh0l n  y(muon-   ),hh0dr n  y(muon+   ),hh0ub n  y(proton  ),hh0mg n  
#  e-lower      e-upper        neutron   r.err      muon-     r.err      muon+     r.err      proton    r.err 
   1.0000E-10   1.7783E-10   0.0000E+00  0.0000   0.0000E+00  0.0000   0.0000E+00  0.0000   0.0000E+00  0.0000
   1.7783E-10   3.1623E-10   0.0000E+00  0.0000   0.0000E+00  0.0000   0.0000E+00  0.0000   0.0000E+00  0.0000
   3.1623E-10   5.6234E-10   2.0967E-08  0.8540   0.0000E+00  0.0000   0.0000E+00  0.0000   0.0000E+00  0.0000
   5.6234E-10   1.0000E-09   1.1785E-07  0.5942   0.0000E+00  0.0000   0.0000E+00  0.0000   0.0000E+00  0.0000
   1.0000E-09   1.7783E-09   6.5984E-07  0.3694   0.0000E+00  0.0000   0.0000E+00  0.0000   0.0000E+00  0.0000
   1.7783E-09   3.1623E-09   1.9206E-06  0.3117   0.0000E+00  0.0000   0.0000E+00  0.0000   0.0000E+00  0.0000
   3.1623E-09   5.6234E-09   4.3608E-06  0.2958   0.0000E+00  0.0000   0.0000E+00  0.0000   0.0000E+00  0.0000
   5.6234E-09   1.0000E-08   2.0408E-05  0.2587   0.0000E+00  0.0000   0.0000E+00  0.0000   0.0000E+00  0.0000
   1.0000E-08   1.7783E-08   4.3678E-05  0.1309   0.0000E+00  0.0000   0.0000E+00  0.0000   0.0000E+00  0.0000
   1.7783E-08   3.1623E-08   8.8108E-05  0.1309   0.0000E+00  0.0000   0.0000E+00  0.0000   0.0000E+00  0.0000
   3.1623E-08   5.6234E-08   1.5538E-04  0.1263   0.0000E+00  0.0000   0.0000E+00  0.0000   0.0000E+00  0.0000
   5.6234E-08   1.0000E-07   1.3854E-04  0.1085   0.0000E+00  0.0000   0.0000E+00  0.0000   0.0000E+00  0.0000
   1.0000E-07   1.7783E-07   5.8671E-05  0.2207   0.0000E+00  0.0000   0.0000E+00  0.0000   0.0000E+00  0.0000
   1.7783E-07   3.1623E-07   1.2850E-05  0.2371   0.0000E+00  0.0000   0.0000E+00  0.0000   0.0000E+00  0.0000
   3.1623E-07   5.6234E-07   8.1587E-06  0.2516   0.0000E+00  0.0000   0.0000E+00  0.0000   0.0000E+00  0.0000
   5.6234E-07   1.0000E-06   1.4191E-05  0.3770   0.0000E+00  0.0000   0.0000E+00  0.0000   0.0000E+00  0.0000
   1.0000E-06   1.7783E-06   7.3116E-06  0.2833   0.0000E+00  0.0000   0.0000E+00  0.0000   0.0000E+00  0.0000
   1.7783E-06   3.1623E-06   9.4556E-06  0.2413   0.0000E+00  0.0000   0.0000E+00  0.0000   0.0000E+00  0.0000
   3.1623E-06   5.6234E-06   2.6629E-05  0.6141   0.0000E+00  0.0000   0.0000E+00  0.0000   0.0000E+00  0.0000
   5.6234E-06   1.0000E-05   1.3219E-05  0.3208   0.0000E+00  0.0000   0.0000E+00  0.0000   0.0000E+00  0.0000
   1.0000E-05   1.7783E-05   1.3016E-05  0.2760   0.0000E+00  0.0000   0.0000E+00  0.0000   0.0000E+00  0.0000
   1.7783E-05   3.1623E-05   8.8500E-06  0.3800   0.0000E+00  0.0000   0.0000E+00  0.0000   0.0000E+00  0.0000
   3.1623E-05   5.6234E-05   9.4381E-06  0.2765   0.0000E+00  0.0000   0.0000E+00  0.0000   0.0000E+00  0.0000
   5.6234E-05   1.0000E-04   7.1009E-06  0.3063   0.0000E+00  0.0000   0.0000E+00  0.0000   0.0000E+00  0.0000
   1.0000E-04   1.7783E-04   5.1426E-06  0.3517   0.0000E+00  0.0000   0.0000E+00  0.0000   0.0000E+00  0.0000
   1.7783E-04   3.1623E-04   8.7457E-06  0.3064   0.0000E+00  0.0000   0.0000E+00  0.0000   0.0000E+00  0.0000
   3.1623E-04   5.6234E-04   9.4127E-06  0.2893   0.0000E+00  0.0000   0.0000E+00  0.0000   0.0000E+00  0.0000
   5.6234E-04   1.0000E-03   1.1003E-05  0.2832   0.0000E+00  0.0000   0.0000E+00  0.0000   0.0000E+00  0.0000
   1.0000E-03   1.7783E-03   1.0218E-05  0.2624   0.0000E+00  0.0000   0.0000E+00  0.0000   1.4168E-11  0.7071
   1.7783E-03   3.1623E-03   5.8266E-06  0.2509   0.0000E+00  0.0000   0.0000E+00  0.0000   2.0332E-11  0.7071
   3.1623E-03   5.6234E-03   1.0576E-05  0.2718   0.0000E+00  0.0000   0.0000E+00  0.0000   2.8767E-11  0.7071
   5.6234E-03   1.0000E-02   6.9458E-06  0.3049   0.0000E+00  0.0000   0.0000E+00  0.0000   4.0240E-11  0.7071
   1.0000E-02   1.7783E-02   1.0699E-05  0.3031   0.0000E+00  0.0000   0.0000E+00  0.0000   5.5845E-11  0.7071
   1.7783E-02   3.1623E-02   1.4949E-05  0.2312   0.0000E+00  0.0000   0.0000E+00  0.0000   7.7912E-11  0.7071
   3.1623E-02   5.6234E-02   1.3371E-05  0.2543   0.0000E+00  0.0000   0.0000E+00  0.0000   1.1923E-10  0.7071
   5.6234E-02   1.0000E-01   1.0867E-05  0.2270   0.0000E+00  0.0000   0.0000E+00  0.0000   1.9336E-10  0.7071
   1.0000E-01   1.7783E-01   1.5370E-05  0.2176   0.0000E+00  0.0000   0.0000E+00  0.0000   3.4241E-10  0.7071
   1.7783E-01   3.1623E-01   1.3475E-05  0.1889   0.0000E+00  0.0000   0.0000E+00  0.0000   7.0341E-10  0.7071
   3.1623E-01   5.6234E-01   2.2323E-05  0.2033   0.0000E+00  0.0000   0.0000E+00  0.0000   1.6927E-09  0.7071
   5.6234E-01   1.0000E+00   4.1404E-05  0.1546   0.0000E+00  0.0000   0.0000E+00  0.0000   4.2427E-09  0.7315
   1.0000E+00   1.7783E+00   2.9499E-05  0.1544   0.0000E+00  0.0000   0.0000E+00  0.0000   1.0619E-08  0.7651
   1.7783E+00   3.1623E+00   5.2538E-05  0.1382   0.0000E+00  0.0000   0.0000E+00  0.0000   2.7494E-08  0.7839
   3.1623E+00   5.6234E+00   4.1035E-05  0.1556   0.0000E+00  0.0000   0.0000E+00  0.0000   6.5658E-08  0.8819
   5.6234E+00   1.0000E+01   2.7898E-05  0.1845   1.1112E-08  1.0000   0.0000E+00  0.0000   1.7656E-07  0.9111
   1.0000E+01   1.7783E+01   1.9043E-05  0.2060   9.6366E-09  1.0000   0.0000E+00  0.0000   2.8737E-07  0.6142
   1.7783E+01   3.1623E+01   3.2113E-05  0.2002   0.0000E+00  0.0000   0.0000E+00  0.0000   2.4748E-06  0.8351
   3.1623E+01   5.6234E+01   3.5581E-05  0.1692   0.0000E+00  0.0000   0.0000E+00  0.0000   1.9861E-06  0.5316
   5.6234E+01   1.0000E+02   5.9409E-05  0.1436   1.2435E-07  1.0000   2.6555E-07  1.0000   2.3747E-06  0.4152
   1.0000E+02   1.7783E+02   5.5949E-05  0.1309   4.5410E-08  1.0000   8.5402E-08  1.0000   5.0951E-06  0.3442
   1.7783E+02   3.1623E+02   6.1447E-05  0.1718   0.0000E+00  0.0000   2.0538E-07  0.7106   4.5327E-06  0.4418
   3.1623E+02   5.6234E+02   2.0022E-05  0.2551   0.0000E+00  0.0000   1.0686E-07  0.8706   2.4953E-06  0.2197
   5.6234E+02   1.0000E+03   1.0788E-05  0.3583   0.0000E+00  0.0000   0.0000E+00  0.0000   3.8623E-06  0.2050
   1.0000E+03   1.7783E+03   6.5772E-06  0.2955   0.0000E+00  0.0000   0.0000E+00  0.0000   2.0706E-06  0.2636
   1.7783E+03   3.1623E+03   3.3780E-06  0.4590   0.0000E+00  0.0000   0.0000E+00  0.0000   1.4139E-06  0.2966
   3.1623E+03   5.6234E+03   6.6269E-07  0.3920   0.0000E+00  0.0000   0.0000E+00  0.0000   4.1978E-07  0.4097
   5.6234E+03   1.0000E+04   1.4799E-07  1.0000   0.0000E+00  0.0000   0.0000E+00  0.0000   3.3233E-07  0.5316
   1.0000E+04   1.7783E+04   0.0000E+00  0.0000   0.0000E+00  0.0000   0.0000E+00  0.0000   2.5509E-07  0.5022
   1.7783E+04   3.1623E+04   6.5782E-08  1.0000   0.0000E+00  0.0000   0.0000E+00  0.0000   3.0472E-07  0.5107
   3.1623E+04   5.6234E+04   0.0000E+00  0.0000   0.0000E+00  0.0000   0.0000E+00  0.0000   4.0477E-07  0.6251
   5.6234E+04   1.0000E+05   0.0000E+00  0.0000   0.0000E+00  0.0000   0.0000E+00  0.0000   0.0000E+00  0.0000

#   sum over                 1.3086E-03  0.0935   1.9051E-07  0.7034   6.6320E-07  0.4950   2.8597E-05  0.1718

'no. =  1,  reg  =    300'
msuc: {\huge Flux spectrum in room air (upper 2 m, lower 1 m)}
msdr: {\it plotted by \ANGEL \version}
msdl: {\it calculated by \PHITS  3.35}
wt: s(0.7)
\vspace{-3}
   vol  &=&   1.2000E+08 [cm^3]
e:

#------------------------------------------------------------------------------
 newpage:
#   no. =  2   reg =    301

x: Energy [MeV]
y: Flux [1/cm^2/source]              
p: xlog ylog afac(0.8) form(0.9)
h: n            x            y(neutron ),hh0l n  y(muon-   ),hh0dr n  y(muon+   ),hh0ub n  y(proton  ),hh0mg n  
#  e-lower      e-upper        neutron   r.err      muon-     r.err      muon+     r.err      proton    r.err 
   1.0000E-10   1.7783E-10   0.0000E+00  0.0000   0.0000E+00  0.0000   0.0000E+00  0.0000   0.0000E+00  0.0000
   1.7783E-10   3.1623E-10   0.0000E+00  0.0000   0.0000E+00  0.0000   0.0000E+00  0.0000   0.0000E+00  0.0000
   3.1623E-10   5.6234E-10   1.1508E-09  1.0000   0.0000E+00  0.0000   0.0000E+00  0.0000   0.0000E+00  0.0000
   5.6234E-10   1.0000E-09   1.7305E-07  0.7208   0.0000E+00  0.0000   0.0000E+00  0.0000   0.0000E+00  0.0000
   1.0000E-09   1.7783E-09   4.1552E-07  0.4527   0.0000E+00  0.0000   0.0000E+00  0.0000   0.0000E+00  0.0000
   1.7783E-09   3.1623E-09   2.4547E-06  0.3430   0.0000E+00  0.0000   0.0000E+00  0.0000   0.0000E+00  0.0000
   3.1623E-09   5.6234E-09   3.8854E-06  0.2470   0.0000E+00  0.0000   0.0000E+00  0.0000   0.0000E+00  0.0000
   5.6234E-09   1.0000E-08   1.4739E-05  0.1694   0.0000E+00  0.0000   0.0000E+00  0.0000   0.0000E+00  0.0000
   1.0000E-08   1.7783E-08   4.0731E-05  0.1394   0.0000E+00  0.0000   0.0000E+00  0.0000   0.0000E+00  0.0000
   1.7783E-08   3.1623E-08   8.0446E-05  0.1366   0.0000E+00  0.0000   0.0000E+00  0.0000   0.0000E+00  0.0000
   3.1623E-08   5.6234E-08   1.4653E-04  0.1266   0.0000E+00  0.0000   0.0000E+00  0.0000   0.0000E+00  0.0000
   5.6234E-08   1.0000E-07   1.2539E-04  0.1172   0.0000E+00  0.0000   0.0000E+00  0.0000   0.0000E+00  0.0000
   1.0000E-07   1.7783E-07   4.7345E-05  0.1384   0.0000E+00  0.0000   0.0000E+00  0.0000   0.0000E+00  0.0000
   1.7783E-07   3.1623E-07   1.2782E-05  0.2483   0.0000E+00  0.0000   0.0000E+00  0.0000   0.0000E+00  0.0000
   3.1623E-07   5.6234E-07   7.1143E-06  0.2821   0.0000E+00  0.0000   0.0000E+00  0.0000   0.0000E+00  0.0000
   5.6234E-07   1.0000E-06   9.0660E-06  0.3412   0.0000E+00  0.0000   0.0000E+00  0.0000   0.0000E+00  0.0000
   1.0000E-06   1.7783E-06   3.2576E-06  0.3006   0.0000E+00  0.0000   0.0000E+00  0.0000   0.0000E+00  0.0000
   1.7783E-06   3.1623E-06   6.9420E-06  0.3941   0.0000E+00  0.0000   0.0000E+00  0.0000   0.0000E+00  0.0000
   3.1623E-06   5.6234E-06   2.6824E-05  0.6138   0.0000E+00  0.0000   0.0000E+00  0.0000   0.0000E+00  0.0000
   5.6234E-06   1.0000E-05   1.1115E-05  0.3199   0.0000E+00  0.0000   0.0000E+00  0.0000   0.0000E+00  0.0000
   1.0000E-05   1.7783E-05   7.2569E-06  0.2982   0.0000E+00  0.0000   0.0000E+00  0.0000   0.0000E+00  0.0000
   1.7783E-05   3.1623E-05   1.0946E-05  0.3377   0.0000E+00  0.0000   0.0000E+00  0.0000   0.0000E+00  0.0000
   3.1623E-05   5.6234E-05   7.9356E-06  0.3379   0.0000E+00  0.0000   0.0000E+00  0.0000   0.0000E+00  0.0000
   5.6234E-05   1.0000E-04   7.9895E-06  0.3155   0.0000E+00  0.0000   0.0000E+00  0.0000   0.0000E+00  0.0000
   1.0000E-04   1.7783E-04   8.7412E-06  0.4149   0.0000E+00  0.0000   0.0000E+00  0.0000   0.0000E+00  0.0000
   1.7783E-04   3.1623E-04   1.0517E-05  0.2754   0.0000E+00  0.0000   0.0000E+00  0.0000   0.0000E+00  0.0000
   3.1623E-04   5.6234E-04   8.2860E-06  0.2813   0.0000E+00  0.0000   0.0000E+00  0.0000   0.0000E+00  0.0000
   5.6234E-04   1.0000E-03   1.1315E-05  0.3063   0.0000E+00  0.0000   0.0000E+00  0.0000   0.0000E+00  0.0000
   1.0000E-03   1.7783E-03   9.1669E-06  0.3632   0.0000E+00  0.0000   0.0000E+00  0.0000   1.4541E-12  1.0000
   1.7783E-03   3.1623E-03   8.5036E-06  0.2904   0.0000E+00  0.0000   0.0000E+00  0.0000   2.0867E-12  1.0000
   3.1623E-03   5.6234E-03   1.0538E-05  0.2616   0.0000E+00  0.0000   0.0000E+00  0.0000   2.9524E-12  1.0000
   5.6234E-03   1.0000E-02   7.9842E-06  0.3394   0.0000E+00  0.0000   0.0000E+00  0.0000   4.1300E-12  1.0000
   1.0000E-02   1.7783E-02   8.3579E-06  0.2984   0.0000E+00  0.0000   0.0000E+00  0.0000   5.7315E-12  1.0000
   1.7783E-02   3.1623E-02   1.1222E-05  0.2649   0.0000E+00  0.0000   0.0000E+00  0.0000   7.9964E-12  1.0000
   3.1623E-02   5.6234E-02   5.5119E-06  0.2313   0.0000E+00  0.0000   0.0000E+00  0.0000   1.2236E-11  1.0000
   5.6234E-02   1.0000E-01   1.0770E-05  0.2180   0.0000E+00  0.0000   0.0000E+00  0.0000   1.9845E-11  1.0000
   1.0000E-01   1.7783E-01   1.7874E-05  0.2677   0.0000E+00  0.0000   0.0000E+00  0.0000   3.5142E-11  1.0000
   1.7783E-01   3.1623E-01   1.5140E-05  0.2076   0.0000E+00  0.0000   0.0000E+00  0.0000   7.2193E-11  1.0000
   3.1623E-01   5.6234E-01   1.7282E-05  0.2199   0.0000E+00  0.0000   0.0000E+00  0.0000   1.7372E-10  1.0000
   5.6234E-01   1.0000E+00   3.7541E-05  0.1759   0.0000E+00  0.0000   0.0000E+00  0.0000   4.5150E-10  1.0000
   1.0000E+00   1.7783E+00   2.3870E-05  0.1600   0.0000E+00  0.0000   0.0000E+00  0.0000   1.1849E-09  1.0000
   1.7783E+00   3.1623E+00   4.9921E-05  0.1590   0.0000E+00  0.0000   0.0000E+00  0.0000   3.6223E-09  0.8781
   3.1623E+00   5.6234E+00   3.6883E-05  0.1675   0.0000E+00  0.0000   0.0000E+00  0.0000   1.7095E-08  0.7071
   5.6234E+00   1.0000E+01   2.2605E-05  0.2043   0.0000E+00  0.0000   0.0000E+00  0.0000   3.8083E-08  0.7201
   1.0000E+01   1.7783E+01   1.3459E-05  0.2472   0.0000E+00  0.0000   0.0000E+00  0.0000   2.1926E-06  0.8827
   1.7783E+01   3.1623E+01   2.0037E-05  0.2156   0.0000E+00  0.0000   0.0000E+00  0.0000   4.8694E-07  0.4794
   3.1623E+01   5.6234E+01   2.1114E-05  0.1947   1.7045E-07  1.0000   0.0000E+00  0.0000   1.2618E-06  0.7464
   5.6234E+01   1.0000E+02   4.4909E-05  0.1537   3.4685E-07  0.7127   0.0000E+00  0.0000   2.1532E-06  0.4565
   1.0000E+02   1.7783E+02   3.9459E-05  0.1552   7.4930E-08  1.0000   6.3314E-08  1.0000   2.0764E-06  0.3010
   1.7783E+02   3.1623E+02   5.0291E-05  0.1941   0.0000E+00  0.0000   0.0000E+00  0.0000   2.3467E-06  0.2236
   3.1623E+02   5.6234E+02   1.3835E-05  0.2610   3.2744E-08  1.0000   1.8647E-07  0.7206   1.7990E-06  0.2555
   5.6234E+02   1.0000E+03   7.3581E-06  0.3205   0.0000E+00  0.0000   0.0000E+00  0.0000   3.2668E-06  0.2238
   1.0000E+03   1.7783E+03   5.7820E-06  0.3203   0.0000E+00  0.0000   0.0000E+00  0.0000   1.9375E-06  0.2527
   1.7783E+03   3.1623E+03   3.0865E-06  0.4983   0.0000E+00  0.0000   0.0000E+00  0.0000   1.0798E-06  0.3213
   3.1623E+03   5.6234E+03   6.1063E-07  0.4152   0.0000E+00  0.0000   0.0000E+00  0.0000   3.5683E-07  0.4481
   5.6234E+03   1.0000E+04   1.4799E-07  1.0000   0.0000E+00  0.0000   0.0000E+00  0.0000   3.3233E-07  0.5316
   1.0000E+04   1.7783E+04   0.0000E+00  0.0000   0.0000E+00  0.0000   0.0000E+00  0.0000   2.1065E-07  0.5780
   1.7783E+04   3.1623E+04   6.5782E-08  1.0000   0.0000E+00  0.0000   0.0000E+00  0.0000   2.4473E-07  0.5723
   3.1623E+04   5.6234E+04   0.0000E+00  0.0000   0.0000E+00  0.0000   0.0000E+00  0.0000   2.9313E-07  0.7318
   5.6234E+04   1.0000E+05   0.0000E+00  0.0000   0.0000E+00  0.0000   0.0000E+00  0.0000   0.0000E+00  0.0000

#   sum over                 1.1255E-03  0.1003   6.2497E-07  0.4979   2.4979E-07  0.5947   2.0099E-05  0.1777

'no. =  2,  reg  =    301'
msuc: {\huge Flux spectrum in room air (upper 2 m, lower 1 m)}
msdr: {\it plotted by \ANGEL \version}
msdl: {\it calculated by \PHITS  3.35}
wt: s(0.7)
\vspace{-3}
   vol  &=&   6.0000E+07 [cm^3]
e:

# Information for Restart Calculation
# This calculation was newly started
# istdev =  2 # 1:Batch variance, 2:History variance
# resc2  = 7.60708971010932711E-01 # Total source weight or Total source weight / maxcas
# resc3  = 2.00000000000000000E+04 # Total history number or Total batch number
# maxcas =       20000 # History / Batch, only used for istdev=1
# bitrseed = 0110100010011101100111101111011100000011100101101011000000011110 # bit data of rseed
