[ T-Track ]
    title = Flux spectra, open sky reference [1/cm2/s]
     mesh =  reg            # mesh type is region-wise
      reg = 111 221 300 220
   e-type =    3            # e-mesh is log given by emin, emax and ne
     emin =  1.0000000E-09  # minimum value of e-mesh points
     emax =   1000000.      # maximum value of e-mesh points
#    edel =  0.4605170      # mesh width of e-mesh points
       ne =     75          # number of e-mesh points
#    data = ( e(i), i = 1, ne + 1 )
#           1.00000E-09  1.58489E-09  2.51189E-09  3.98107E-09  6.30957E-09
#           1.00000E-08  1.58489E-08  2.51189E-08  3.98107E-08  6.30957E-08
#           1.00000E-07  1.58489E-07  2.51189E-07  3.98107E-07  6.30957E-07
#           1.00000E-06  1.58489E-06  2.51189E-06  3.98107E-06  6.30957E-06
#           1.00000E-05  1.58489E-05  2.51189E-05  3.98107E-05  6.30957E-05
#           1.00000E-04  1.58489E-04  2.51189E-04  3.98107E-04  6.30957E-04
#           1.00000E-03  1.58489E-03  2.51189E-03  3.98107E-03  6.30957E-03
#           1.00000E-02  1.58489E-02  2.51189E-02  3.98107E-02  6.30957E-02
#           1.00000E-01  1.58489E-01  2.51189E-01  3.98107E-01  6.30957E-01
#           1.00000E+00  1.58489E+00  2.51189E+00  3.98107E+00  6.30957E+00
#           1.00000E+01  1.58489E+01  2.51189E+01  3.98107E+01  6.30957E+01
#           1.00000E+02  1.58489E+02  2.51189E+02  3.98107E+02  6.30957E+02
#           1.00000E+03  1.58489E+03  2.51189E+03  3.98107E+03  6.30957E+03
#           1.00000E+04  1.58489E+04  2.51189E+04  3.98107E+04  6.30957E+04
#           1.00000E+05  1.58489E+05  2.51189E+05  3.98107E+05  6.30957E+05
#           1.00000E+06
     unit =    1            # unit is [1/cm^2/source]
 material =  all            # (D=all) number of specific material
     axis =     eng            # axis of output
     file = spectrum_reg.out  # file name of output for the above axis
     part =  neutron    photon    ( muon+      muon-    ) 
# kf/name :  2112       22        ( -13        13       ) 
   epsout =    1            # (D=0) generate eps file by ANGEL
#    used :        main (  %)        temp (  %)       total (  %)
#  memory :          84 (  0)           0 (  0)          84 (  0)

#------------------------------------------------------------------------------
#newpage:
#   no. =  1   reg =    111

x: Energy [MeV/n]
y: Flux [1/cm^2/source]              
p: xlog ylog afac(0.8) form(0.9)
h: n            x            y(neutron ),hh0l n  y(photon  ),hh0dr n  y(p3-group),hh0ub n  
#  e-lower      e-upper        neutron   r.err      photon    r.err      p3-group  r.err 
   1.0000E-09   1.5849E-09   0.0000E+00  0.0000   0.0000E+00  0.0000   0.0000E+00  0.0000
   1.5849E-09   2.5119E-09   0.0000E+00  0.0000   0.0000E+00  0.0000   0.0000E+00  0.0000
   2.5119E-09   3.9811E-09   0.0000E+00  0.0000   0.0000E+00  0.0000   0.0000E+00  0.0000
   3.9811E-09   6.3096E-09   0.0000E+00  0.0000   0.0000E+00  0.0000   0.0000E+00  0.0000
   6.3096E-09   1.0000E-08   0.0000E+00  0.0000   0.0000E+00  0.0000   0.0000E+00  0.0000
   1.0000E-08   1.5849E-08   0.0000E+00  0.0000   0.0000E+00  0.0000   0.0000E+00  0.0000
   1.5849E-08   2.5119E-08   0.0000E+00  0.0000   0.0000E+00  0.0000   0.0000E+00  0.0000
   2.5119E-08   3.9811E-08   0.0000E+00  0.0000   0.0000E+00  0.0000   0.0000E+00  0.0000
   3.9811E-08   6.3096E-08   9.0184E-05  0.7293   0.0000E+00  0.0000   0.0000E+00  0.0000
   6.3096E-08   1.0000E-07   2.7559E-05  1.0000   0.0000E+00  0.0000   0.0000E+00  0.0000
   1.0000E-07   1.5849E-07   4.3289E-05  1.0000   0.0000E+00  0.0000   0.0000E+00  0.0000
   1.5849E-07   2.5119E-07   5.0035E-05  1.0000   0.0000E+00  0.0000   0.0000E+00  0.0000
   2.5119E-07   3.9811E-07   1.5107E-06  1.0000   0.0000E+00  0.0000   0.0000E+00  0.0000
   3.9811E-07   6.3096E-07   0.0000E+00  0.0000   0.0000E+00  0.0000   0.0000E+00  0.0000
   6.3096E-07   1.0000E-06   0.0000E+00  0.0000   0.0000E+00  0.0000   0.0000E+00  0.0000
   1.0000E-06   1.5849E-06   7.3405E-05  1.0000   0.0000E+00  0.0000   0.0000E+00  0.0000
   1.5849E-06   2.5119E-06   0.0000E+00  0.0000   0.0000E+00  0.0000   0.0000E+00  0.0000
   2.5119E-06   3.9811E-06   0.0000E+00  0.0000   0.0000E+00  0.0000   0.0000E+00  0.0000
   3.9811E-06   6.3096E-06   0.0000E+00  0.0000   0.0000E+00  0.0000   0.0000E+00  0.0000
   6.3096E-06   1.0000E-05   0.0000E+00  0.0000   0.0000E+00  0.0000   0.0000E+00  0.0000
   1.0000E-05   1.5849E-05   0.0000E+00  0.0000   0.0000E+00  0.0000   0.0000E+00  0.0000
   1.5849E-05   2.5119E-05   1.0548E-04  1.0000   0.0000E+00  0.0000   0.0000E+00  0.0000
   2.5119E-05   3.9811E-05   0.0000E+00  0.0000   0.0000E+00  0.0000   0.0000E+00  0.0000
   3.9811E-05   6.3096E-05   0.0000E+00  0.0000   0.0000E+00  0.0000   0.0000E+00  0.0000
   6.3096E-05   1.0000E-04   0.0000E+00  0.0000   0.0000E+00  0.0000   0.0000E+00  0.0000
   1.0000E-04   1.5849E-04   7.0870E-06  1.0000   0.0000E+00  0.0000   0.0000E+00  0.0000
   1.5849E-04   2.5119E-04   0.0000E+00  0.0000   0.0000E+00  0.0000   0.0000E+00  0.0000
   2.5119E-04   3.9811E-04   0.0000E+00  0.0000   0.0000E+00  0.0000   0.0000E+00  0.0000
   3.9811E-04   6.3096E-04   5.8786E-05  1.0000   0.0000E+00  0.0000   0.0000E+00  0.0000
   6.3096E-04   1.0000E-03   0.0000E+00  0.0000   0.0000E+00  0.0000   0.0000E+00  0.0000
   1.0000E-03   1.5849E-03   0.0000E+00  0.0000   0.0000E+00  0.0000   0.0000E+00  0.0000
   1.5849E-03   2.5119E-03   4.6589E-05  0.9179   0.0000E+00  0.0000   0.0000E+00  0.0000
   2.5119E-03   3.9811E-03   0.0000E+00  0.0000   0.0000E+00  0.0000   0.0000E+00  0.0000
   3.9811E-03   6.3096E-03   0.0000E+00  0.0000   0.0000E+00  0.0000   0.0000E+00  0.0000
   6.3096E-03   1.0000E-02   0.0000E+00  0.0000   0.0000E+00  0.0000   0.0000E+00  0.0000
   1.0000E-02   1.5849E-02   0.0000E+00  0.0000   0.0000E+00  0.0000   0.0000E+00  0.0000
   1.5849E-02   2.5119E-02   6.4182E-05  1.0000   0.0000E+00  0.0000   0.0000E+00  0.0000
   2.5119E-02   3.9811E-02   0.0000E+00  0.0000   7.1218E-03  0.5375   0.0000E+00  0.0000
   3.9811E-02   6.3096E-02   0.0000E+00  0.0000   1.7583E-02  0.3616   0.0000E+00  0.0000
   6.3096E-02   1.0000E-01   9.2750E-05  1.0000   2.7761E-02  0.2981   0.0000E+00  0.0000
   1.0000E-01   1.5849E-01   4.7613E-05  1.0000   1.3039E-02  0.4009   0.0000E+00  0.0000
   1.5849E-01   2.5119E-01   2.5356E-06  1.0000   1.7819E-02  0.3310   0.0000E+00  0.0000
   2.5119E-01   3.9811E-01   1.5884E-05  0.8698   1.0424E-02  0.5226   0.0000E+00  0.0000
   3.9811E-01   6.3096E-01   0.0000E+00  0.0000   1.1601E-02  0.3799   0.0000E+00  0.0000
   6.3096E-01   1.0000E+00   2.0594E-04  0.5376   1.5055E-02  0.6215   0.0000E+00  0.0000
   1.0000E+00   1.5849E+00   1.5330E-04  0.7193   3.5615E-03  0.6190   0.0000E+00  0.0000
   1.5849E+00   2.5119E+00   1.3408E-04  0.6934   2.0444E-03  0.8705   0.0000E+00  0.0000
   2.5119E+00   3.9811E+00   3.5637E-05  1.0000   4.0205E-03  0.6287   0.0000E+00  0.0000
   3.9811E+00   6.3096E+00   2.2848E-04  0.5252   6.0544E-05  0.8164   0.0000E+00  0.0000
   6.3096E+00   1.0000E+01   1.9205E-04  0.5316   9.0597E-04  0.9836   0.0000E+00  0.0000
   1.0000E+01   1.5849E+01   0.0000E+00  0.0000   4.6651E-03  0.5789   0.0000E+00  0.0000
   1.5849E+01   2.5119E+01   4.5108E-05  1.0000   1.4497E-03  1.0000   0.0000E+00  0.0000
   2.5119E+01   3.9811E+01   9.3633E-05  0.7088   6.3705E-04  1.0000   0.0000E+00  0.0000
   3.9811E+01   6.3096E+01   1.7357E-04  0.4626   0.0000E+00  0.0000   0.0000E+00  0.0000
   6.3096E+01   1.0000E+02   2.7063E-04  0.4629   0.0000E+00  0.0000   1.3815E-04  1.0000
   1.0000E+02   1.5849E+02   3.9422E-04  0.3441   0.0000E+00  0.0000   1.7543E-04  0.7446
   1.5849E+02   2.5119E+02   4.6492E-04  0.3918   8.9128E-04  1.0000   3.3399E-04  0.6638
   2.5119E+02   3.9811E+02   3.1737E-04  0.3572   0.0000E+00  0.0000   4.9469E-04  0.4871
   3.9811E+02   6.3096E+02   1.7855E-04  0.4717   0.0000E+00  0.0000   1.2977E-03  0.3102
   6.3096E+02   1.0000E+03   6.2873E-05  0.7850   0.0000E+00  0.0000   1.6692E-03  0.2957
   1.0000E+03   1.5849E+03   0.0000E+00  0.0000   0.0000E+00  0.0000   6.3005E-04  0.4187
   1.5849E+03   2.5119E+03   0.0000E+00  0.0000   0.0000E+00  0.0000   1.2890E-03  0.3182
   2.5119E+03   3.9811E+03   0.0000E+00  0.0000   0.0000E+00  0.0000   1.9660E-03  0.2658
   3.9811E+03   6.3096E+03   0.0000E+00  0.0000   0.0000E+00  0.0000   2.8846E-03  0.2107
   6.3096E+03   1.0000E+04   0.0000E+00  0.0000   0.0000E+00  0.0000   1.1593E-03  0.3172
   1.0000E+04   1.5849E+04   0.0000E+00  0.0000   0.0000E+00  0.0000   1.3795E-03  0.3215
   1.5849E+04   2.5119E+04   0.0000E+00  0.0000   0.0000E+00  0.0000   7.2599E-04  0.4005
   2.5119E+04   3.9811E+04   0.0000E+00  0.0000   0.0000E+00  0.0000   7.0848E-04  0.5200
   3.9811E+04   6.3096E+04   0.0000E+00  0.0000   0.0000E+00  0.0000   7.3827E-04  0.4461
   6.3096E+04   1.0000E+05   0.0000E+00  0.0000   0.0000E+00  0.0000   1.5190E-04  1.0000
   1.0000E+05   1.5849E+05   0.0000E+00  0.0000   0.0000E+00  0.0000   0.0000E+00  0.0000
   1.5849E+05   2.5119E+05   0.0000E+00  0.0000   0.0000E+00  0.0000   0.0000E+00  0.0000
   2.5119E+05   3.9811E+05   0.0000E+00  0.0000   0.0000E+00  0.0000   2.8806E-05  1.0000
   3.9811E+05   6.3096E+05   0.0000E+00  0.0000   0.0000E+00  0.0000   0.0000E+00  0.0000
   6.3096E+05   1.0000E+06   0.0000E+00  0.0000   0.0000E+00  0.0000   0.0000E+00  0.0000

#   sum over                 3.6772E-03  0.1353   1.3864E-01  0.1452   1.5771E-02  0.0912

'no. =  1,  reg  =    111'
msuc: {\huge Flux spectra, open sky reference [1/cm2/s]}
msdr: {\it plotted by \ANGEL \version}
msdl: {\it calculated by \PHITS  3.36}
wt: s(0.7)
\vspace{-3}
   vol  &=&   9.6000E+07 [cm^3]
e:

#------------------------------------------------------------------------------
 newpage:
#   no. =  2   reg =    221

x: Energy [MeV/n]
y: Flux [1/cm^2/source]              
p: xlog ylog afac(0.8) form(0.9)
h: n            x            y(neutron ),hh0l n  y(photon  ),hh0dr n  y(p3-group),hh0ub n  
#  e-lower      e-upper        neutron   r.err      photon    r.err      p3-group  r.err 
   1.0000E-09   1.5849E-09   0.0000E+00  0.0000   0.0000E+00  0.0000   0.0000E+00  0.0000
   1.5849E-09   2.5119E-09   0.0000E+00  0.0000   0.0000E+00  0.0000   0.0000E+00  0.0000
   2.5119E-09   3.9811E-09   0.0000E+00  0.0000   0.0000E+00  0.0000   0.0000E+00  0.0000
   3.9811E-09   6.3096E-09   0.0000E+00  0.0000   0.0000E+00  0.0000   0.0000E+00  0.0000
   6.3096E-09   1.0000E-08   0.0000E+00  0.0000   0.0000E+00  0.0000   0.0000E+00  0.0000
   1.0000E-08   1.5849E-08   0.0000E+00  0.0000   0.0000E+00  0.0000   0.0000E+00  0.0000
   1.5849E-08   2.5119E-08   0.0000E+00  0.0000   0.0000E+00  0.0000   0.0000E+00  0.0000
   2.5119E-08   3.9811E-08   0.0000E+00  0.0000   0.0000E+00  0.0000   0.0000E+00  0.0000
   3.9811E-08   6.3096E-08   4.1912E-05  1.0000   0.0000E+00  0.0000   0.0000E+00  0.0000
   6.3096E-08   1.0000E-07   0.0000E+00  0.0000   0.0000E+00  0.0000   0.0000E+00  0.0000
   1.0000E-07   1.5849E-07   0.0000E+00  0.0000   0.0000E+00  0.0000   0.0000E+00  0.0000
   1.5849E-07   2.5119E-07   0.0000E+00  0.0000   0.0000E+00  0.0000   0.0000E+00  0.0000
   2.5119E-07   3.9811E-07   0.0000E+00  0.0000   0.0000E+00  0.0000   0.0000E+00  0.0000
   3.9811E-07   6.3096E-07   0.0000E+00  0.0000   0.0000E+00  0.0000   0.0000E+00  0.0000
   6.3096E-07   1.0000E-06   0.0000E+00  0.0000   0.0000E+00  0.0000   0.0000E+00  0.0000
   1.0000E-06   1.5849E-06   0.0000E+00  0.0000   0.0000E+00  0.0000   0.0000E+00  0.0000
   1.5849E-06   2.5119E-06   0.0000E+00  0.0000   0.0000E+00  0.0000   0.0000E+00  0.0000
   2.5119E-06   3.9811E-06   0.0000E+00  0.0000   0.0000E+00  0.0000   0.0000E+00  0.0000
   3.9811E-06   6.3096E-06   0.0000E+00  0.0000   0.0000E+00  0.0000   0.0000E+00  0.0000
   6.3096E-06   1.0000E-05   0.0000E+00  0.0000   0.0000E+00  0.0000   0.0000E+00  0.0000
   1.0000E-05   1.5849E-05   0.0000E+00  0.0000   0.0000E+00  0.0000   0.0000E+00  0.0000
   1.5849E-05   2.5119E-05   0.0000E+00  0.0000   0.0000E+00  0.0000   0.0000E+00  0.0000
   2.5119E-05   3.9811E-05   0.0000E+00  0.0000   0.0000E+00  0.0000   0.0000E+00  0.0000
   3.9811E-05   6.3096E-05   0.0000E+00  0.0000   0.0000E+00  0.0000   0.0000E+00  0.0000
   6.3096E-05   1.0000E-04   0.0000E+00  0.0000   0.0000E+00  0.0000   0.0000E+00  0.0000
   1.0000E-04   1.5849E-04   1.3306E-05  1.0000   0.0000E+00  0.0000   0.0000E+00  0.0000
   1.5849E-04   2.5119E-04   0.0000E+00  0.0000   0.0000E+00  0.0000   0.0000E+00  0.0000
   2.5119E-04   3.9811E-04   0.0000E+00  0.0000   0.0000E+00  0.0000   0.0000E+00  0.0000
   3.9811E-04   6.3096E-04   0.0000E+00  0.0000   0.0000E+00  0.0000   0.0000E+00  0.0000
   6.3096E-04   1.0000E-03   0.0000E+00  0.0000   0.0000E+00  0.0000   0.0000E+00  0.0000
   1.0000E-03   1.5849E-03   0.0000E+00  0.0000   0.0000E+00  0.0000   0.0000E+00  0.0000
   1.5849E-03   2.5119E-03   0.0000E+00  0.0000   0.0000E+00  0.0000   0.0000E+00  0.0000
   2.5119E-03   3.9811E-03   0.0000E+00  0.0000   0.0000E+00  0.0000   0.0000E+00  0.0000
   3.9811E-03   6.3096E-03   0.0000E+00  0.0000   0.0000E+00  0.0000   0.0000E+00  0.0000
   6.3096E-03   1.0000E-02   0.0000E+00  0.0000   0.0000E+00  0.0000   0.0000E+00  0.0000
   1.0000E-02   1.5849E-02   0.0000E+00  0.0000   0.0000E+00  0.0000   0.0000E+00  0.0000
   1.5849E-02   2.5119E-02   0.0000E+00  0.0000   0.0000E+00  0.0000   0.0000E+00  0.0000
   2.5119E-02   3.9811E-02   0.0000E+00  0.0000   0.0000E+00  0.0000   0.0000E+00  0.0000
   3.9811E-02   6.3096E-02   0.0000E+00  0.0000   1.7831E-04  1.0000   0.0000E+00  0.0000
   6.3096E-02   1.0000E-01   0.0000E+00  0.0000   3.9177E-04  0.6080   0.0000E+00  0.0000
   1.0000E-01   1.5849E-01   0.0000E+00  0.0000   7.4675E-04  0.4954   0.0000E+00  0.0000
   1.5849E-01   2.5119E-01   0.0000E+00  0.0000   2.3301E-04  0.6512   0.0000E+00  0.0000
   2.5119E-01   3.9811E-01   0.0000E+00  0.0000   0.0000E+00  0.0000   0.0000E+00  0.0000
   3.9811E-01   6.3096E-01   0.0000E+00  0.0000   4.9180E-04  0.8088   0.0000E+00  0.0000
   6.3096E-01   1.0000E+00   0.0000E+00  0.0000   5.5772E-04  0.5276   0.0000E+00  0.0000
   1.0000E+00   1.5849E+00   0.0000E+00  0.0000   1.8151E-04  0.7942   0.0000E+00  0.0000
   1.5849E+00   2.5119E+00   0.0000E+00  0.0000   4.3832E-05  1.0000   0.0000E+00  0.0000
   2.5119E+00   3.9811E+00   4.6564E-05  1.0000   0.0000E+00  0.0000   0.0000E+00  0.0000
   3.9811E+00   6.3096E+00   0.0000E+00  0.0000   0.0000E+00  0.0000   0.0000E+00  0.0000
   6.3096E+00   1.0000E+01   0.0000E+00  0.0000   0.0000E+00  0.0000   0.0000E+00  0.0000
   1.0000E+01   1.5849E+01   0.0000E+00  0.0000   2.2565E-04  0.7074   0.0000E+00  0.0000
   1.5849E+01   2.5119E+01   0.0000E+00  0.0000   0.0000E+00  0.0000   0.0000E+00  0.0000
   2.5119E+01   3.9811E+01   0.0000E+00  0.0000   0.0000E+00  0.0000   0.0000E+00  0.0000
   3.9811E+01   6.3096E+01   0.0000E+00  0.0000   0.0000E+00  0.0000   2.5593E-04  0.7071
   6.3096E+01   1.0000E+02   0.0000E+00  0.0000   0.0000E+00  0.0000   0.0000E+00  0.0000
   1.0000E+02   1.5849E+02   4.6145E-05  1.0000   0.0000E+00  0.0000   1.5425E-04  1.0000
   1.5849E+02   2.5119E+02   9.9073E-07  1.0000   0.0000E+00  0.0000   1.4202E-05  1.0000
   2.5119E+02   3.9811E+02   4.0329E-05  1.0000   0.0000E+00  0.0000   3.2893E-04  0.5688
   3.9811E+02   6.3096E+02   0.0000E+00  0.0000   0.0000E+00  0.0000   4.5841E-04  0.5036
   6.3096E+02   1.0000E+03   0.0000E+00  0.0000   0.0000E+00  0.0000   1.0861E-03  0.3595
   1.0000E+03   1.5849E+03   0.0000E+00  0.0000   0.0000E+00  0.0000   1.4180E-03  0.3416
   1.5849E+03   2.5119E+03   0.0000E+00  0.0000   0.0000E+00  0.0000   1.8053E-03  0.2728
   2.5119E+03   3.9811E+03   0.0000E+00  0.0000   0.0000E+00  0.0000   1.8211E-03  0.2552
   3.9811E+03   6.3096E+03   0.0000E+00  0.0000   0.0000E+00  0.0000   1.6136E-03  0.2948
   6.3096E+03   1.0000E+04   0.0000E+00  0.0000   0.0000E+00  0.0000   9.1510E-04  0.3789
   1.0000E+04   1.5849E+04   0.0000E+00  0.0000   0.0000E+00  0.0000   1.3670E-03  0.3024
   1.5849E+04   2.5119E+04   0.0000E+00  0.0000   0.0000E+00  0.0000   8.1187E-04  0.3998
   2.5119E+04   3.9811E+04   0.0000E+00  0.0000   0.0000E+00  0.0000   3.0693E-04  0.7153
   3.9811E+04   6.3096E+04   0.0000E+00  0.0000   0.0000E+00  0.0000   0.0000E+00  0.0000
   6.3096E+04   1.0000E+05   0.0000E+00  0.0000   0.0000E+00  0.0000   0.0000E+00  0.0000
   1.0000E+05   1.5849E+05   0.0000E+00  0.0000   0.0000E+00  0.0000   0.0000E+00  0.0000
   1.5849E+05   2.5119E+05   0.0000E+00  0.0000   0.0000E+00  0.0000   2.6009E-04  1.0000
   2.5119E+05   3.9811E+05   0.0000E+00  0.0000   0.0000E+00  0.0000   0.0000E+00  0.0000
   3.9811E+05   6.3096E+05   0.0000E+00  0.0000   0.0000E+00  0.0000   0.0000E+00  0.0000
   6.3096E+05   1.0000E+06   0.0000E+00  0.0000   0.0000E+00  0.0000   0.0000E+00  0.0000

#   sum over                 1.8925E-04  0.5930   3.0504E-03  0.3432   1.2617E-02  0.1034

'no. =  2,  reg  =    221'
msuc: {\huge Flux spectra, open sky reference [1/cm2/s]}
msdr: {\it plotted by \ANGEL \version}
msdl: {\it calculated by \PHITS  3.36}
wt: s(0.7)
\vspace{-3}
   vol  &=&   9.6000E+07 [cm^3]
e:

#------------------------------------------------------------------------------
 newpage:
#   no. =  3   reg =    300

x: Energy [MeV/n]
y: Flux [1/cm^2/source]              
p: xlog ylog afac(0.8) form(0.9)
h: n            x            y(neutron ),hh0l n  y(photon  ),hh0dr n  y(p3-group),hh0ub n  
#  e-lower      e-upper        neutron   r.err      photon    r.err      p3-group  r.err 
   1.0000E-09   1.5849E-09   0.0000E+00  0.0000   0.0000E+00  0.0000   0.0000E+00  0.0000
   1.5849E-09   2.5119E-09   0.0000E+00  0.0000   0.0000E+00  0.0000   0.0000E+00  0.0000
   2.5119E-09   3.9811E-09   0.0000E+00  0.0000   0.0000E+00  0.0000   0.0000E+00  0.0000
   3.9811E-09   6.3096E-09   0.0000E+00  0.0000   0.0000E+00  0.0000   0.0000E+00  0.0000
   6.3096E-09   1.0000E-08   0.0000E+00  0.0000   0.0000E+00  0.0000   0.0000E+00  0.0000
   1.0000E-08   1.5849E-08   0.0000E+00  0.0000   0.0000E+00  0.0000   0.0000E+00  0.0000
   1.5849E-08   2.5119E-08   8.3345E-05  1.0000   0.0000E+00  0.0000   0.0000E+00  0.0000
   2.5119E-08   3.9811E-08   0.0000E+00  0.0000   0.0000E+00  0.0000   0.0000E+00  0.0000
   3.9811E-08   6.3096E-08   1.0699E-04  0.6661   0.0000E+00  0.0000   0.0000E+00  0.0000
   6.3096E-08   1.0000E-07   7.6276E-05  0.7086   0.0000E+00  0.0000   0.0000E+00  0.0000
   1.0000E-07   1.5849E-07   0.0000E+00  0.0000   0.0000E+00  0.0000   0.0000E+00  0.0000
   1.5849E-07   2.5119E-07   0.0000E+00  0.0000   0.0000E+00  0.0000   0.0000E+00  0.0000
   2.5119E-07   3.9811E-07   1.2740E-05  1.0000   0.0000E+00  0.0000   0.0000E+00  0.0000
   3.9811E-07   6.3096E-07   0.0000E+00  0.0000   0.0000E+00  0.0000   0.0000E+00  0.0000
   6.3096E-07   1.0000E-06   0.0000E+00  0.0000   0.0000E+00  0.0000   0.0000E+00  0.0000
   1.0000E-06   1.5849E-06   7.9428E-06  1.0000   0.0000E+00  0.0000   0.0000E+00  0.0000
   1.5849E-06   2.5119E-06   1.7888E-05  0.7557   0.0000E+00  0.0000   0.0000E+00  0.0000
   2.5119E-06   3.9811E-06   0.0000E+00  0.0000   0.0000E+00  0.0000   0.0000E+00  0.0000
   3.9811E-06   6.3096E-06   0.0000E+00  0.0000   0.0000E+00  0.0000   0.0000E+00  0.0000
   6.3096E-06   1.0000E-05   4.8661E-05  1.0000   0.0000E+00  0.0000   0.0000E+00  0.0000
   1.0000E-05   1.5849E-05   7.5457E-05  1.0000   0.0000E+00  0.0000   0.0000E+00  0.0000
   1.5849E-05   2.5119E-05   5.8873E-05  0.9755   0.0000E+00  0.0000   0.0000E+00  0.0000
   2.5119E-05   3.9811E-05   5.9973E-05  1.0000   0.0000E+00  0.0000   0.0000E+00  0.0000
   3.9811E-05   6.3096E-05   1.2684E-04  0.7304   0.0000E+00  0.0000   0.0000E+00  0.0000
   6.3096E-05   1.0000E-04   0.0000E+00  0.0000   0.0000E+00  0.0000   0.0000E+00  0.0000
   1.0000E-04   1.5849E-04   1.7657E-05  1.0000   0.0000E+00  0.0000   0.0000E+00  0.0000
   1.5849E-04   2.5119E-04   0.0000E+00  0.0000   0.0000E+00  0.0000   0.0000E+00  0.0000
   2.5119E-04   3.9811E-04   0.0000E+00  0.0000   0.0000E+00  0.0000   0.0000E+00  0.0000
   3.9811E-04   6.3096E-04   1.1251E-05  1.0000   0.0000E+00  0.0000   0.0000E+00  0.0000
   6.3096E-04   1.0000E-03   0.0000E+00  0.0000   0.0000E+00  0.0000   0.0000E+00  0.0000
   1.0000E-03   1.5849E-03   0.0000E+00  0.0000   0.0000E+00  0.0000   0.0000E+00  0.0000
   1.5849E-03   2.5119E-03   1.5612E-05  1.0000   0.0000E+00  0.0000   0.0000E+00  0.0000
   2.5119E-03   3.9811E-03   8.8348E-05  1.0000   0.0000E+00  0.0000   0.0000E+00  0.0000
   3.9811E-03   6.3096E-03   0.0000E+00  0.0000   0.0000E+00  0.0000   0.0000E+00  0.0000
   6.3096E-03   1.0000E-02   5.3110E-05  1.0000   0.0000E+00  0.0000   0.0000E+00  0.0000
   1.0000E-02   1.5849E-02   3.6557E-06  1.0000   0.0000E+00  0.0000   0.0000E+00  0.0000
   1.5849E-02   2.5119E-02   0.0000E+00  0.0000   0.0000E+00  0.0000   0.0000E+00  0.0000
   2.5119E-02   3.9811E-02   5.5020E-05  1.0000   3.2579E-03  0.9881   0.0000E+00  0.0000
   3.9811E-02   6.3096E-02   0.0000E+00  0.0000   1.4213E-02  0.4828   0.0000E+00  0.0000
   6.3096E-02   1.0000E-01   0.0000E+00  0.0000   8.7827E-03  0.5591   0.0000E+00  0.0000
   1.0000E-01   1.5849E-01   0.0000E+00  0.0000   2.6224E-02  0.2821   0.0000E+00  0.0000
   1.5849E-01   2.5119E-01   0.0000E+00  0.0000   9.2116E-03  0.4091   0.0000E+00  0.0000
   2.5119E-01   3.9811E-01   1.4046E-04  0.7619   1.4496E-02  0.3689   0.0000E+00  0.0000
   3.9811E-01   6.3096E-01   1.3555E-04  0.5835   1.4778E-02  0.4242   0.0000E+00  0.0000
   6.3096E-01   1.0000E+00   2.7710E-04  0.5189   5.7355E-03  0.5145   0.0000E+00  0.0000
   1.0000E+00   1.5849E+00   1.7470E-04  0.5789   1.7938E-04  0.5586   0.0000E+00  0.0000
   1.5849E+00   2.5119E+00   1.3143E-04  0.6757   4.0135E-03  0.6780   0.0000E+00  0.0000
   2.5119E+00   3.9811E+00   9.7121E-05  0.7915   1.7183E-03  0.9152   0.0000E+00  0.0000
   3.9811E+00   6.3096E+00   6.1765E-05  0.7970   1.5416E-03  1.0000   0.0000E+00  0.0000
   6.3096E+00   1.0000E+01   2.5999E-04  0.5255   7.2675E-04  0.8992   0.0000E+00  0.0000
   1.0000E+01   1.5849E+01   2.0679E-04  0.5303   0.0000E+00  0.0000   0.0000E+00  0.0000
   1.5849E+01   2.5119E+01   4.6190E-05  1.0000   3.9365E-03  0.7296   0.0000E+00  0.0000
   2.5119E+01   3.9811E+01   1.5131E-04  0.5857   1.4270E-03  1.0000   0.0000E+00  0.0000
   3.9811E+01   6.3096E+01   6.1735E-04  0.3622   1.4525E-03  1.0000   0.0000E+00  0.0000
   6.3096E+01   1.0000E+02   3.3251E-04  0.3575   0.0000E+00  0.0000   0.0000E+00  0.0000
   1.0000E+02   1.5849E+02   2.4552E-04  0.4378   0.0000E+00  0.0000   3.2925E-04  0.7016
   1.5849E+02   2.5119E+02   1.7450E-04  0.5171   0.0000E+00  0.0000   3.9077E-04  0.5793
   2.5119E+02   3.9811E+02   2.2790E-04  0.4587   0.0000E+00  0.0000   6.3101E-04  0.4491
   3.9811E+02   6.3096E+02   1.4513E-04  0.5806   0.0000E+00  0.0000   1.3011E-03  0.3027
   6.3096E+02   1.0000E+03   6.4332E-05  0.8182   0.0000E+00  0.0000   1.6524E-03  0.2909
   1.0000E+03   1.5849E+03   0.0000E+00  0.0000   0.0000E+00  0.0000   1.6362E-03  0.2619
   1.5849E+03   2.5119E+03   0.0000E+00  0.0000   0.0000E+00  0.0000   1.1438E-03  0.3395
   2.5119E+03   3.9811E+03   0.0000E+00  0.0000   0.0000E+00  0.0000   2.8321E-03  0.2316
   3.9811E+03   6.3096E+03   0.0000E+00  0.0000   0.0000E+00  0.0000   1.9370E-03  0.2546
   6.3096E+03   1.0000E+04   0.0000E+00  0.0000   0.0000E+00  0.0000   1.9719E-03  0.2718
   1.0000E+04   1.5849E+04   0.0000E+00  0.0000   0.0000E+00  0.0000   1.2694E-03  0.3458
   1.5849E+04   2.5119E+04   0.0000E+00  0.0000   0.0000E+00  0.0000   6.8737E-04  0.4629
   2.5119E+04   3.9811E+04   0.0000E+00  0.0000   0.0000E+00  0.0000   4.7918E-04  0.5949
   3.9811E+04   6.3096E+04   0.0000E+00  0.0000   0.0000E+00  0.0000   1.4138E-04  0.8902
   6.3096E+04   1.0000E+05   0.0000E+00  0.0000   0.0000E+00  0.0000   0.0000E+00  0.0000
   1.0000E+05   1.5849E+05   0.0000E+00  0.0000   0.0000E+00  0.0000   0.0000E+00  0.0000
   1.5849E+05   2.5119E+05   0.0000E+00  0.0000   0.0000E+00  0.0000   0.0000E+00  0.0000
   2.5119E+05   3.9811E+05   0.0000E+00  0.0000   0.0000E+00  0.0000   0.0000E+00  0.0000
   3.9811E+05   6.3096E+05   0.0000E+00  0.0000   0.0000E+00  0.0000   0.0000E+00  0.0000
   6.3096E+05   1.0000E+06   0.0000E+00  0.0000   0.0000E+00  0.0000   0.0000E+00  0.0000

#   sum over                 4.4093E-03  0.1334   1.1169E-01  0.1634   1.6403E-02  0.0906

'no. =  3,  reg  =    300'
msuc: {\huge Flux spectra, open sky reference [1/cm2/s]}
msdr: {\it plotted by \ANGEL \version}
msdl: {\it calculated by \PHITS  3.36}
wt: s(0.7)
\vspace{-3}
   vol  &=&   9.6000E+07 [cm^3]
e:

#------------------------------------------------------------------------------
 newpage:
#   no. =  4   reg =    220

x: Energy [MeV/n]
y: Flux [1/cm^2/source]              
p: xlog ylog afac(0.8) form(0.9)
h: n            x            y(neutron ),hh0l n  y(photon  ),hh0dr n  y(p3-group),hh0ub n  
#  e-lower      e-upper        neutron   r.err      photon    r.err      p3-group  r.err 
   1.0000E-09   1.5849E-09   0.0000E+00  0.0000   0.0000E+00  0.0000   0.0000E+00  0.0000
   1.5849E-09   2.5119E-09   0.0000E+00  0.0000   0.0000E+00  0.0000   0.0000E+00  0.0000
   2.5119E-09   3.9811E-09   0.0000E+00  0.0000   0.0000E+00  0.0000   0.0000E+00  0.0000
   3.9811E-09   6.3096E-09   0.0000E+00  0.0000   0.0000E+00  0.0000   0.0000E+00  0.0000
   6.3096E-09   1.0000E-08   0.0000E+00  0.0000   0.0000E+00  0.0000   0.0000E+00  0.0000
   1.0000E-08   1.5849E-08   8.2944E-06  1.0000   0.0000E+00  0.0000   0.0000E+00  0.0000
   1.5849E-08   2.5119E-08   1.3226E-05  1.0000   0.0000E+00  0.0000   0.0000E+00  0.0000
   2.5119E-08   3.9811E-08   5.5404E-05  1.0000   0.0000E+00  0.0000   0.0000E+00  0.0000
   3.9811E-08   6.3096E-08   1.1511E-04  0.8996   0.0000E+00  0.0000   0.0000E+00  0.0000
   6.3096E-08   1.0000E-07   3.5761E-05  1.0000   0.0000E+00  0.0000   0.0000E+00  0.0000
   1.0000E-07   1.5849E-07   0.0000E+00  0.0000   0.0000E+00  0.0000   0.0000E+00  0.0000
   1.5849E-07   2.5119E-07   0.0000E+00  0.0000   0.0000E+00  0.0000   0.0000E+00  0.0000
   2.5119E-07   3.9811E-07   0.0000E+00  0.0000   0.0000E+00  0.0000   0.0000E+00  0.0000
   3.9811E-07   6.3096E-07   0.0000E+00  0.0000   0.0000E+00  0.0000   0.0000E+00  0.0000
   6.3096E-07   1.0000E-06   0.0000E+00  0.0000   0.0000E+00  0.0000   0.0000E+00  0.0000
   1.0000E-06   1.5849E-06   0.0000E+00  0.0000   0.0000E+00  0.0000   0.0000E+00  0.0000
   1.5849E-06   2.5119E-06   0.0000E+00  0.0000   0.0000E+00  0.0000   0.0000E+00  0.0000
   2.5119E-06   3.9811E-06   0.0000E+00  0.0000   0.0000E+00  0.0000   0.0000E+00  0.0000
   3.9811E-06   6.3096E-06   0.0000E+00  0.0000   0.0000E+00  0.0000   0.0000E+00  0.0000
   6.3096E-06   1.0000E-05   0.0000E+00  0.0000   0.0000E+00  0.0000   0.0000E+00  0.0000
   1.0000E-05   1.5849E-05   0.0000E+00  0.0000   0.0000E+00  0.0000   0.0000E+00  0.0000
   1.5849E-05   2.5119E-05   0.0000E+00  0.0000   0.0000E+00  0.0000   0.0000E+00  0.0000
   2.5119E-05   3.9811E-05   0.0000E+00  0.0000   0.0000E+00  0.0000   0.0000E+00  0.0000
   3.9811E-05   6.3096E-05   0.0000E+00  0.0000   0.0000E+00  0.0000   0.0000E+00  0.0000
   6.3096E-05   1.0000E-04   0.0000E+00  0.0000   0.0000E+00  0.0000   0.0000E+00  0.0000
   1.0000E-04   1.5849E-04   2.0087E-05  1.0000   0.0000E+00  0.0000   0.0000E+00  0.0000
   1.5849E-04   2.5119E-04   0.0000E+00  0.0000   0.0000E+00  0.0000   0.0000E+00  0.0000
   2.5119E-04   3.9811E-04   0.0000E+00  0.0000   0.0000E+00  0.0000   0.0000E+00  0.0000
   3.9811E-04   6.3096E-04   0.0000E+00  0.0000   0.0000E+00  0.0000   0.0000E+00  0.0000
   6.3096E-04   1.0000E-03   0.0000E+00  0.0000   0.0000E+00  0.0000   0.0000E+00  0.0000
   1.0000E-03   1.5849E-03   0.0000E+00  0.0000   0.0000E+00  0.0000   0.0000E+00  0.0000
   1.5849E-03   2.5119E-03   0.0000E+00  0.0000   0.0000E+00  0.0000   0.0000E+00  0.0000
   2.5119E-03   3.9811E-03   0.0000E+00  0.0000   0.0000E+00  0.0000   0.0000E+00  0.0000
   3.9811E-03   6.3096E-03   0.0000E+00  0.0000   0.0000E+00  0.0000   0.0000E+00  0.0000
   6.3096E-03   1.0000E-02   0.0000E+00  0.0000   0.0000E+00  0.0000   0.0000E+00  0.0000
   1.0000E-02   1.5849E-02   0.0000E+00  0.0000   0.0000E+00  0.0000   0.0000E+00  0.0000
   1.5849E-02   2.5119E-02   0.0000E+00  0.0000   0.0000E+00  0.0000   0.0000E+00  0.0000
   2.5119E-02   3.9811E-02   0.0000E+00  0.0000   0.0000E+00  0.0000   0.0000E+00  0.0000
   3.9811E-02   6.3096E-02   0.0000E+00  0.0000   8.6010E-05  0.7261   0.0000E+00  0.0000
   6.3096E-02   1.0000E-01   0.0000E+00  0.0000   2.8876E-04  0.6077   0.0000E+00  0.0000
   1.0000E-01   1.5849E-01   0.0000E+00  0.0000   7.4449E-04  0.3372   0.0000E+00  0.0000
   1.5849E-01   2.5119E-01   0.0000E+00  0.0000   3.6832E-04  0.4699   0.0000E+00  0.0000
   2.5119E-01   3.9811E-01   0.0000E+00  0.0000   8.5608E-05  0.7541   0.0000E+00  0.0000
   3.9811E-01   6.3096E-01   0.0000E+00  0.0000   2.2978E-04  0.5516   0.0000E+00  0.0000
   6.3096E-01   1.0000E+00   0.0000E+00  0.0000   2.6148E-04  0.4234   0.0000E+00  0.0000
   1.0000E+00   1.5849E+00   0.0000E+00  0.0000   1.4041E-04  0.6250   0.0000E+00  0.0000
   1.5849E+00   2.5119E+00   0.0000E+00  0.0000   6.1115E-05  0.7112   0.0000E+00  0.0000
   2.5119E+00   3.9811E+00   2.5910E-05  1.0000   4.0736E-05  0.7443   0.0000E+00  0.0000
   3.9811E+00   6.3096E+00   0.0000E+00  0.0000   1.1004E-05  1.0000   0.0000E+00  0.0000
   6.3096E+00   1.0000E+01   0.0000E+00  0.0000   1.4083E-05  1.0000   0.0000E+00  0.0000
   1.0000E+01   1.5849E+01   0.0000E+00  0.0000   8.7306E-05  0.7319   0.0000E+00  0.0000
   1.5849E+01   2.5119E+01   0.0000E+00  0.0000   0.0000E+00  0.0000   0.0000E+00  0.0000
   2.5119E+01   3.9811E+01   0.0000E+00  0.0000   0.0000E+00  0.0000   0.0000E+00  0.0000
   3.9811E+01   6.3096E+01   1.0786E-05  1.0000   0.0000E+00  0.0000   1.7212E-04  0.6373
   6.3096E+01   1.0000E+02   7.2883E-05  0.7075   0.0000E+00  0.0000   1.8283E-05  1.0000
   1.0000E+02   1.5849E+02   1.3532E-05  1.0000   0.0000E+00  0.0000   5.0701E-05  0.8986
   1.5849E+02   2.5119E+02   2.2483E-05  1.0000   0.0000E+00  0.0000   4.0966E-04  0.5017
   2.5119E+02   3.9811E+02   1.1826E-05  1.0000   0.0000E+00  0.0000   2.6853E-04  0.4352
   3.9811E+02   6.3096E+02   2.9945E-05  1.0000   0.0000E+00  0.0000   5.0209E-04  0.3665
   6.3096E+02   1.0000E+03   3.8646E-05  1.0000   0.0000E+00  0.0000   8.2383E-04  0.3331
   1.0000E+03   1.5849E+03   0.0000E+00  0.0000   0.0000E+00  0.0000   1.1108E-03  0.2546
   1.5849E+03   2.5119E+03   0.0000E+00  0.0000   0.0000E+00  0.0000   1.0740E-03  0.2553
   2.5119E+03   3.9811E+03   0.0000E+00  0.0000   0.0000E+00  0.0000   1.9303E-03  0.1918
   3.9811E+03   6.3096E+03   0.0000E+00  0.0000   0.0000E+00  0.0000   1.8468E-03  0.1973
   6.3096E+03   1.0000E+04   0.0000E+00  0.0000   0.0000E+00  0.0000   1.3345E-03  0.2414
   1.0000E+04   1.5849E+04   0.0000E+00  0.0000   0.0000E+00  0.0000   1.4460E-03  0.2410
   1.5849E+04   2.5119E+04   0.0000E+00  0.0000   0.0000E+00  0.0000   7.2587E-04  0.3332
   2.5119E+04   3.9811E+04   0.0000E+00  0.0000   0.0000E+00  0.0000   4.4227E-04  0.4256
   3.9811E+04   6.3096E+04   0.0000E+00  0.0000   0.0000E+00  0.0000   2.9718E-04  0.5381
   6.3096E+04   1.0000E+05   0.0000E+00  0.0000   0.0000E+00  0.0000   6.6149E-05  1.0000
   1.0000E+05   1.5849E+05   0.0000E+00  0.0000   0.0000E+00  0.0000   0.0000E+00  0.0000
   1.5849E+05   2.5119E+05   0.0000E+00  0.0000   0.0000E+00  0.0000   3.3452E-05  1.0000
   2.5119E+05   3.9811E+05   0.0000E+00  0.0000   0.0000E+00  0.0000   0.0000E+00  0.0000
   3.9811E+05   6.3096E+05   0.0000E+00  0.0000   0.0000E+00  0.0000   0.0000E+00  0.0000
   6.3096E+05   1.0000E+06   0.0000E+00  0.0000   0.0000E+00  0.0000   0.0000E+00  0.0000

#   sum over                 4.7389E-04  0.6442   2.4191E-03  0.3055   1.2553E-02  0.0767

'no. =  4,  reg  =    220'
msuc: {\huge Flux spectra, open sky reference [1/cm2/s]}
msdr: {\it plotted by \ANGEL \version}
msdl: {\it calculated by \PHITS  3.36}
wt: s(0.7)
\vspace{-3}
   vol  &=&   1.8660E+08 [cm^3]
e:
 
# Information for Restart Calculation
# This calculation was newly started
# istdev =  2 # 1:Batch variance, 2:History variance
# resc2  = 4.91896166728404520E-03 # Total source weight or Total source weight / maxcas
# resc3  = 5.00000000000000000E+03 # Total history number or Total batch number
# maxcas =         500 # History / Batch, only used for istdev=1
# bitrseed = 1101111111001101100001000101010101010011110110101000101010011110 # bit data of rseed
