[ T-Track ]
    title = Flux spectrum in open air above ground
     mesh =  reg            # mesh type is region-wise
      reg = 111
   e-type =    3            # e-mesh is log given by emin, emax and ne
     emin =  1.0000000E-10  # minimum value of e-mesh points
     emax =   100000.0      # maximum value of e-mesh points
#    edel =  0.5756463      # mesh width of e-mesh points
       ne =     60          # number of e-mesh points
#    data = ( e(i), i = 1, ne + 1 )
#           1.00000E-10  1.77828E-10  3.16228E-10  5.62341E-10  1.00000E-09
#           1.77828E-09  3.16228E-09  5.62341E-09  1.00000E-08  1.77828E-08
#           3.16228E-08  5.62341E-08  1.00000E-07  1.77828E-07  3.16228E-07
#           5.62341E-07  1.00000E-06  1.77828E-06  3.16228E-06  5.62341E-06
#           1.00000E-05  1.77828E-05  3.16228E-05  5.62341E-05  1.00000E-04
#           1.77828E-04  3.16228E-04  5.62341E-04  1.00000E-03  1.77828E-03
#           3.16228E-03  5.62341E-03  1.00000E-02  1.77828E-02  3.16228E-02
#           5.62341E-02  1.00000E-01  1.77828E-01  3.16228E-01  5.62341E-01
#           1.00000E+00  1.77828E+00  3.16228E+00  5.62341E+00  1.00000E+01
#           1.77828E+01  3.16228E+01  5.62341E+01  1.00000E+02  1.77828E+02
#           3.16228E+02  5.62341E+02  1.00000E+03  1.77828E+03  3.16228E+03
#           5.62341E+03  1.00000E+04  1.77828E+04  3.16228E+04  5.62341E+04
#           1.00000E+05
     unit =    1            # unit is [1/cm^2/source]
 material =  all            # (D=all) number of specific material
     axis =     eng            # axis of output
     file = air_spec.out    # file name of output for the above axis
     part =  neutron    muon-      muon+      proton   
# kf/name :  2112       13         -13        2212     
#    used :        main (  %)        temp (  %)       total (  %)
#  memory :          67 (  0)           0 (  0)          67 (  0)

#------------------------------------------------------------------------------
#newpage:
#   no. =  1   reg =    111

x: Energy [MeV/n]
y: Flux [1/cm^2/source]              
p: xlog ylog afac(0.8) form(0.9)
h: n            x            y(neutron ),hh0l n  y(muon-   ),hh0dr n  y(muon+   ),hh0ub n  y(proton  ),hh0mg n  
#  e-lower      e-upper        neutron   r.err      muon-     r.err      muon+     r.err      proton    r.err 
   1.0000E-10   1.7783E-10   0.0000E+00  0.0000   0.0000E+00  0.0000   0.0000E+00  0.0000   0.0000E+00  0.0000
   1.7783E-10   3.1623E-10   0.0000E+00  0.0000   0.0000E+00  0.0000   0.0000E+00  0.0000   0.0000E+00  0.0000
   3.1623E-10   5.6234E-10   0.0000E+00  0.0000   0.0000E+00  0.0000   0.0000E+00  0.0000   0.0000E+00  0.0000
   5.6234E-10   1.0000E-09   0.0000E+00  0.0000   0.0000E+00  0.0000   0.0000E+00  0.0000   0.0000E+00  0.0000
   1.0000E-09   1.7783E-09   0.0000E+00  0.0000   0.0000E+00  0.0000   0.0000E+00  0.0000   0.0000E+00  0.0000
   1.7783E-09   3.1623E-09   0.0000E+00  0.0000   0.0000E+00  0.0000   0.0000E+00  0.0000   0.0000E+00  0.0000
   3.1623E-09   5.6234E-09   1.9711E-05  0.7075   0.0000E+00  0.0000   0.0000E+00  0.0000   0.0000E+00  0.0000
   5.6234E-09   1.0000E-08   0.0000E+00  0.0000   0.0000E+00  0.0000   0.0000E+00  0.0000   0.0000E+00  0.0000
   1.0000E-08   1.7783E-08   7.4663E-06  0.6859   0.0000E+00  0.0000   0.0000E+00  0.0000   0.0000E+00  0.0000
   1.7783E-08   3.1623E-08   1.6333E-05  0.9716   0.0000E+00  0.0000   0.0000E+00  0.0000   0.0000E+00  0.0000
   3.1623E-08   5.6234E-08   4.6783E-06  0.7971   0.0000E+00  0.0000   0.0000E+00  0.0000   0.0000E+00  0.0000
   5.6234E-08   1.0000E-07   5.6243E-05  0.4578   0.0000E+00  0.0000   0.0000E+00  0.0000   0.0000E+00  0.0000
   1.0000E-07   1.7783E-07   2.9164E-05  0.7421   0.0000E+00  0.0000   0.0000E+00  0.0000   0.0000E+00  0.0000
   1.7783E-07   3.1623E-07   2.0922E-05  1.0000   0.0000E+00  0.0000   0.0000E+00  0.0000   0.0000E+00  0.0000
   3.1623E-07   5.6234E-07   4.8309E-05  0.8808   0.0000E+00  0.0000   0.0000E+00  0.0000   0.0000E+00  0.0000
   5.6234E-07   1.0000E-06   2.1597E-05  1.0000   0.0000E+00  0.0000   0.0000E+00  0.0000   0.0000E+00  0.0000
   1.0000E-06   1.7783E-06   0.0000E+00  0.0000   0.0000E+00  0.0000   0.0000E+00  0.0000   0.0000E+00  0.0000
   1.7783E-06   3.1623E-06   0.0000E+00  0.0000   0.0000E+00  0.0000   0.0000E+00  0.0000   0.0000E+00  0.0000
   3.1623E-06   5.6234E-06   4.7901E-05  1.0000   0.0000E+00  0.0000   0.0000E+00  0.0000   0.0000E+00  0.0000
   5.6234E-06   1.0000E-05   0.0000E+00  0.0000   0.0000E+00  0.0000   0.0000E+00  0.0000   0.0000E+00  0.0000
   1.0000E-05   1.7783E-05   4.4682E-05  0.7167   0.0000E+00  0.0000   0.0000E+00  0.0000   0.0000E+00  0.0000
   1.7783E-05   3.1623E-05   0.0000E+00  0.0000   0.0000E+00  0.0000   0.0000E+00  0.0000   0.0000E+00  0.0000
   3.1623E-05   5.6234E-05   2.7517E-05  1.0000   0.0000E+00  0.0000   0.0000E+00  0.0000   0.0000E+00  0.0000
   5.6234E-05   1.0000E-04   0.0000E+00  0.0000   0.0000E+00  0.0000   0.0000E+00  0.0000   0.0000E+00  0.0000
   1.0000E-04   1.7783E-04   0.0000E+00  0.0000   0.0000E+00  0.0000   0.0000E+00  0.0000   0.0000E+00  0.0000
   1.7783E-04   3.1623E-04   0.0000E+00  0.0000   0.0000E+00  0.0000   0.0000E+00  0.0000   0.0000E+00  0.0000
   3.1623E-04   5.6234E-04   3.0867E-05  1.0000   0.0000E+00  0.0000   0.0000E+00  0.0000   0.0000E+00  0.0000
   5.6234E-04   1.0000E-03   1.1207E-04  0.9765   0.0000E+00  0.0000   0.0000E+00  0.0000   0.0000E+00  0.0000
   1.0000E-03   1.7783E-03   0.0000E+00  0.0000   0.0000E+00  0.0000   0.0000E+00  0.0000   9.4399E-11  0.5768
   1.7783E-03   3.1623E-03   2.3424E-05  0.8338   0.0000E+00  0.0000   0.0000E+00  0.0000   1.3546E-10  0.5768
   3.1623E-03   5.6234E-03   0.0000E+00  0.0000   0.0000E+00  0.0000   0.0000E+00  0.0000   1.9166E-10  0.5768
   5.6234E-03   1.0000E-02   0.0000E+00  0.0000   0.0000E+00  0.0000   0.0000E+00  0.0000   2.6811E-10  0.5768
   1.0000E-02   1.7783E-02   0.0000E+00  0.0000   0.0000E+00  0.0000   0.0000E+00  0.0000   3.7207E-10  0.5768
   1.7783E-02   3.1623E-02   2.1740E-05  1.0000   0.0000E+00  0.0000   0.0000E+00  0.0000   5.1910E-10  0.5768
   3.1623E-02   5.6234E-02   3.9564E-05  0.7068   0.0000E+00  0.0000   0.0000E+00  0.0000   7.9436E-10  0.5768
   5.6234E-02   1.0000E-01   6.3116E-06  1.0000   0.0000E+00  0.0000   0.0000E+00  0.0000   1.2883E-09  0.5768
   1.0000E-01   1.7783E-01   6.7393E-05  0.5775   0.0000E+00  0.0000   0.0000E+00  0.0000   2.2813E-09  0.5768
   1.7783E-01   3.1623E-01   8.7543E-05  0.5011   0.0000E+00  0.0000   0.0000E+00  0.0000   4.6865E-09  0.5768
   3.1623E-01   5.6234E-01   1.0491E-04  0.7397   0.0000E+00  0.0000   0.0000E+00  0.0000   1.1278E-08  0.5768
   5.6234E-01   1.0000E+00   1.1156E-04  0.6591   0.0000E+00  0.0000   0.0000E+00  0.0000   2.9310E-08  0.5768
   1.0000E+00   1.7783E+00   1.7479E-04  0.3706   0.0000E+00  0.0000   0.0000E+00  0.0000   7.6917E-08  0.5768
   1.7783E+00   3.1623E+00   3.4131E-04  0.3716   0.0000E+00  0.0000   0.0000E+00  0.0000   2.0413E-07  0.5768
   3.1623E+00   5.6234E+00   1.5357E-04  0.5524   0.0000E+00  0.0000   0.0000E+00  0.0000   5.9180E-07  0.5443
   5.6234E+00   1.0000E+01   1.1337E-04  0.4600   0.0000E+00  0.0000   0.0000E+00  0.0000   2.0609E-06  0.4992
   1.0000E+01   1.7783E+01   1.4037E-04  0.4363   0.0000E+00  0.0000   0.0000E+00  0.0000   2.1815E-06  0.6292
   1.7783E+01   3.1623E+01   1.3697E-04  0.4441   0.0000E+00  0.0000   0.0000E+00  0.0000   4.9830E-06  0.5543
   3.1623E+01   5.6234E+01   1.8740E-04  0.3921   0.0000E+00  0.0000   0.0000E+00  0.0000   1.3864E-05  0.4881
   5.6234E+01   1.0000E+02   1.5366E-04  0.4167   0.0000E+00  0.0000   0.0000E+00  0.0000   1.7932E-05  0.3004
   1.0000E+02   1.7783E+02   4.3177E-04  0.2343   0.0000E+00  0.0000   0.0000E+00  0.0000   2.1068E-05  0.3009
   1.7783E+02   3.1623E+02   3.4884E-04  0.2861   0.0000E+00  0.0000   0.0000E+00  0.0000   3.7116E-05  0.2081
   3.1623E+02   5.6234E+02   1.4439E-04  0.3804   0.0000E+00  0.0000   0.0000E+00  0.0000   4.5213E-05  0.1950
   5.6234E+02   1.0000E+03   2.0530E-05  1.0000   0.0000E+00  0.0000   0.0000E+00  0.0000   2.6651E-05  0.2597
   1.0000E+03   1.7783E+03   0.0000E+00  0.0000   0.0000E+00  0.0000   0.0000E+00  0.0000   1.8149E-05  0.2797
   1.7783E+03   3.1623E+03   2.0313E-05  1.0000   0.0000E+00  0.0000   0.0000E+00  0.0000   7.0126E-06  0.4859
   3.1623E+03   5.6234E+03   0.0000E+00  0.0000   0.0000E+00  0.0000   0.0000E+00  0.0000   6.1318E-06  0.4997
   5.6234E+03   1.0000E+04   0.0000E+00  0.0000   0.0000E+00  0.0000   0.0000E+00  0.0000   3.8763E-06  0.6152
   1.0000E+04   1.7783E+04   0.0000E+00  0.0000   0.0000E+00  0.0000   0.0000E+00  0.0000   3.0743E-06  0.7192
   1.7783E+04   3.1623E+04   0.0000E+00  0.0000   0.0000E+00  0.0000   0.0000E+00  0.0000   2.9269E-06  0.7072
   3.1623E+04   5.6234E+04   0.0000E+00  0.0000   0.0000E+00  0.0000   0.0000E+00  0.0000   1.4347E-06  1.0000
   5.6234E+04   1.0000E+05   0.0000E+00  0.0000   0.0000E+00  0.0000   0.0000E+00  0.0000   0.0000E+00  0.0000

#   sum over                 3.3172E-03  0.1183   0.0000E+00  0.0000   0.0000E+00  0.0000   2.1460E-04  0.0894

'no. =  1,  reg  =    111'
msuc: {\huge Flux spectrum in open air above ground}
msdr: {\it plotted by \ANGEL \version}
msdl: {\it calculated by \PHITS  3.36}
wt: s(0.7)
\vspace{-3}
   vol  &=&   5.1200E+08 [cm^3]
e:
 
# Information for Restart Calculation
# This calculation was newly started
# istdev =  2 # 1:Batch variance, 2:History variance
# resc2  = 3.82387482330933878E-02 # Total source weight or Total source weight / maxcas
# resc3  = 1.00000000000000000E+03 # Total history number or Total batch number
# maxcas =        1000 # History / Batch, only used for istdev=1
# bitrseed = 0001001110111011110011011011000100111110110111101100010011001011 # bit data of rseed
