[ T-Track ]
    title = Flux spectrum in open air above ground
     mesh =  reg            # mesh type is region-wise
      reg = 111
   e-type =    3            # e-mesh is log given by emin, emax and ne
     emin =  1.0000000E-10  # minimum value of e-mesh points
     emax =   100000.0      # maximum value of e-mesh points
#    edel =  0.5756463      # mesh width of e-mesh points
       ne =     60          # number of e-mesh points
#    data = ( e(i), i = 1, ne + 1 )
#           1.00000E-10  1.77828E-10  3.16228E-10  5.62341E-10  1.00000E-09
#           1.77828E-09  3.16228E-09  5.62341E-09  1.00000E-08  1.77828E-08
#           3.16228E-08  5.62341E-08  1.00000E-07  1.77828E-07  3.16228E-07
#           5.62341E-07  1.00000E-06  1.77828E-06  3.16228E-06  5.62341E-06
#           1.00000E-05  1.77828E-05  3.16228E-05  5.62341E-05  1.00000E-04
#           1.77828E-04  3.16228E-04  5.62341E-04  1.00000E-03  1.77828E-03
#           3.16228E-03  5.62341E-03  1.00000E-02  1.77828E-02  3.16228E-02
#           5.62341E-02  1.00000E-01  1.77828E-01  3.16228E-01  5.62341E-01
#           1.00000E+00  1.77828E+00  3.16228E+00  5.62341E+00  1.00000E+01
#           1.77828E+01  3.16228E+01  5.62341E+01  1.00000E+02  1.77828E+02
#           3.16228E+02  5.62341E+02  1.00000E+03  1.77828E+03  3.16228E+03
#           5.62341E+03  1.00000E+04  1.77828E+04  3.16228E+04  5.62341E+04
#           1.00000E+05
     unit =    1            # unit is [1/cm^2/source]
 material =  all            # (D=all) number of specific material
     axis =     eng            # axis of output
     file = air_spec.out    # file name of output for the above axis
     part =  neutron    muon-      muon+      proton   
# kf/name :  2112       13         -13        2212     
#    used :        main (  %)        temp (  %)       total (  %)
#  memory :          67 (  0)           0 (  0)          67 (  0)

#------------------------------------------------------------------------------
#newpage:
#   no. =  1   reg =    111

x: Energy [MeV/n]
y: Flux [1/cm^2/source]              
p: xlog ylog afac(0.8) form(0.9)
h: n            x            y(neutron ),hh0l n  y(muon-   ),hh0dr n  y(muon+   ),hh0ub n  y(proton  ),hh0mg n  
#  e-lower      e-upper        neutron   r.err      muon-     r.err      muon+     r.err      proton    r.err 
   1.0000E-10   1.7783E-10   0.0000E+00  0.0000   0.0000E+00  0.0000   0.0000E+00  0.0000   0.0000E+00  0.0000
   1.7783E-10   3.1623E-10   0.0000E+00  0.0000   0.0000E+00  0.0000   0.0000E+00  0.0000   0.0000E+00  0.0000
   3.1623E-10   5.6234E-10   0.0000E+00  0.0000   0.0000E+00  0.0000   0.0000E+00  0.0000   0.0000E+00  0.0000
   5.6234E-10   1.0000E-09   0.0000E+00  0.0000   0.0000E+00  0.0000   0.0000E+00  0.0000   0.0000E+00  0.0000
   1.0000E-09   1.7783E-09   0.0000E+00  0.0000   0.0000E+00  0.0000   0.0000E+00  0.0000   0.0000E+00  0.0000
   1.7783E-09   3.1623E-09   0.0000E+00  0.0000   0.0000E+00  0.0000   0.0000E+00  0.0000   0.0000E+00  0.0000
   3.1623E-09   5.6234E-09   7.0615E-06  1.0000   0.0000E+00  0.0000   0.0000E+00  0.0000   0.0000E+00  0.0000
   5.6234E-09   1.0000E-08   0.0000E+00  0.0000   0.0000E+00  0.0000   0.0000E+00  0.0000   0.0000E+00  0.0000
   1.0000E-08   1.7783E-08   0.0000E+00  0.0000   0.0000E+00  0.0000   0.0000E+00  0.0000   0.0000E+00  0.0000
   1.7783E-08   3.1623E-08   4.9554E-07  0.7080   0.0000E+00  0.0000   0.0000E+00  0.0000   0.0000E+00  0.0000
   3.1623E-08   5.6234E-08   3.6588E-05  0.4270   0.0000E+00  0.0000   0.0000E+00  0.0000   0.0000E+00  0.0000
   5.6234E-08   1.0000E-07   2.5532E-05  0.7269   0.0000E+00  0.0000   0.0000E+00  0.0000   0.0000E+00  0.0000
   1.0000E-07   1.7783E-07   3.0422E-05  1.0000   0.0000E+00  0.0000   0.0000E+00  0.0000   0.0000E+00  0.0000
   1.7783E-07   3.1623E-07   9.2185E-07  1.0000   0.0000E+00  0.0000   0.0000E+00  0.0000   0.0000E+00  0.0000
   3.1623E-07   5.6234E-07   0.0000E+00  0.0000   0.0000E+00  0.0000   0.0000E+00  0.0000   0.0000E+00  0.0000
   5.6234E-07   1.0000E-06   1.2962E-06  1.0000   0.0000E+00  0.0000   0.0000E+00  0.0000   0.0000E+00  0.0000
   1.0000E-06   1.7783E-06   2.5282E-05  0.7459   0.0000E+00  0.0000   0.0000E+00  0.0000   0.0000E+00  0.0000
   1.7783E-06   3.1623E-06   0.0000E+00  0.0000   0.0000E+00  0.0000   0.0000E+00  0.0000   0.0000E+00  0.0000
   3.1623E-06   5.6234E-06   0.0000E+00  0.0000   0.0000E+00  0.0000   0.0000E+00  0.0000   0.0000E+00  0.0000
   5.6234E-06   1.0000E-05   0.0000E+00  0.0000   0.0000E+00  0.0000   0.0000E+00  0.0000   0.0000E+00  0.0000
   1.0000E-05   1.7783E-05   0.0000E+00  0.0000   0.0000E+00  0.0000   0.0000E+00  0.0000   0.0000E+00  0.0000
   1.7783E-05   3.1623E-05   1.4013E-05  1.0000   0.0000E+00  0.0000   0.0000E+00  0.0000   0.0000E+00  0.0000
   3.1623E-05   5.6234E-05   0.0000E+00  0.0000   0.0000E+00  0.0000   0.0000E+00  0.0000   0.0000E+00  0.0000
   5.6234E-05   1.0000E-04   0.0000E+00  0.0000   0.0000E+00  0.0000   0.0000E+00  0.0000   0.0000E+00  0.0000
   1.0000E-04   1.7783E-04   1.8692E-05  1.0000   0.0000E+00  0.0000   0.0000E+00  0.0000   0.0000E+00  0.0000
   1.7783E-04   3.1623E-04   0.0000E+00  0.0000   0.0000E+00  0.0000   0.0000E+00  0.0000   0.0000E+00  0.0000
   3.1623E-04   5.6234E-04   1.0181E-05  1.0000   0.0000E+00  0.0000   0.0000E+00  0.0000   0.0000E+00  0.0000
   5.6234E-04   1.0000E-03   2.1741E-05  0.7518   0.0000E+00  0.0000   0.0000E+00  0.0000   0.0000E+00  0.0000
   1.0000E-03   1.7783E-03   8.3696E-06  1.0000   0.0000E+00  0.0000   0.0000E+00  0.0000   8.3102E-11  0.4995
   1.7783E-03   3.1623E-03   5.8066E-07  1.0000   0.0000E+00  0.0000   0.0000E+00  0.0000   1.1925E-10  0.4995
   3.1623E-03   5.6234E-03   1.4977E-05  1.0000   0.0000E+00  0.0000   0.0000E+00  0.0000   1.6873E-10  0.4995
   5.6234E-03   1.0000E-02   0.0000E+00  0.0000   0.0000E+00  0.0000   0.0000E+00  0.0000   2.3602E-10  0.4995
   1.0000E-02   1.7783E-02   1.7648E-05  1.0000   0.0000E+00  0.0000   0.0000E+00  0.0000   3.2755E-10  0.4995
   1.7783E-02   3.1623E-02   1.9016E-06  1.0000   0.0000E+00  0.0000   0.0000E+00  0.0000   4.5698E-10  0.4995
   3.1623E-02   5.6234E-02   1.8429E-04  0.5775   0.0000E+00  0.0000   0.0000E+00  0.0000   6.9930E-10  0.4995
   5.6234E-02   1.0000E-01   4.8634E-05  0.7779   0.0000E+00  0.0000   0.0000E+00  0.0000   1.1341E-09  0.4995
   1.0000E-01   1.7783E-01   1.9818E-04  0.4387   0.0000E+00  0.0000   0.0000E+00  0.0000   2.0083E-09  0.4995
   1.7783E-01   3.1623E-01   6.8447E-05  0.5255   0.0000E+00  0.0000   0.0000E+00  0.0000   4.1257E-09  0.4995
   3.1623E-01   5.6234E-01   3.4419E-05  0.6348   0.0000E+00  0.0000   0.0000E+00  0.0000   9.9280E-09  0.4995
   5.6234E-01   1.0000E+00   1.7660E-04  0.4814   0.0000E+00  0.0000   0.0000E+00  0.0000   2.5803E-08  0.4995
   1.0000E+00   1.7783E+00   3.6238E-04  0.4639   0.0000E+00  0.0000   0.0000E+00  0.0000   6.7713E-08  0.4995
   1.7783E+00   3.1623E+00   1.7093E-04  0.3818   0.0000E+00  0.0000   0.0000E+00  0.0000   1.7971E-07  0.4995
   3.1623E+00   5.6234E+00   3.3805E-04  0.3458   0.0000E+00  0.0000   0.0000E+00  0.0000   4.8848E-07  0.4995
   5.6234E+00   1.0000E+01   1.5871E-04  0.3282   0.0000E+00  0.0000   0.0000E+00  0.0000   1.0660E-06  0.5065
   1.0000E+01   1.7783E+01   1.0233E-04  0.4117   0.0000E+00  0.0000   0.0000E+00  0.0000   2.2710E-06  0.5672
   1.7783E+01   3.1623E+01   1.6856E-04  0.3977   0.0000E+00  0.0000   0.0000E+00  0.0000   2.6879E-06  0.6104
   3.1623E+01   5.6234E+01   2.6631E-04  0.2973   0.0000E+00  0.0000   0.0000E+00  0.0000   4.6222E-06  0.4876
   5.6234E+01   1.0000E+02   3.2956E-04  0.2633   0.0000E+00  0.0000   0.0000E+00  0.0000   2.3034E-05  0.2257
   1.0000E+02   1.7783E+02   4.1222E-04  0.1928   0.0000E+00  0.0000   0.0000E+00  0.0000   3.2530E-05  0.1892
   1.7783E+02   3.1623E+02   2.8164E-04  0.2321   0.0000E+00  0.0000   0.0000E+00  0.0000   3.1941E-05  0.2303
   3.1623E+02   5.6234E+02   9.7580E-05  0.3782   0.0000E+00  0.0000   0.0000E+00  0.0000   2.1996E-05  0.2263
   5.6234E+02   1.0000E+03   3.6440E-05  0.5950   0.0000E+00  0.0000   0.0000E+00  0.0000   1.5824E-05  0.2568
   1.0000E+03   1.7783E+03   4.0908E-05  0.5795   0.0000E+00  0.0000   0.0000E+00  0.0000   1.7730E-05  0.2478
   1.7783E+03   3.1623E+03   4.0134E-05  0.5774   0.0000E+00  0.0000   0.0000E+00  0.0000   1.4285E-05  0.2678
   3.1623E+03   5.6234E+03   0.0000E+00  0.0000   0.0000E+00  0.0000   0.0000E+00  0.0000   3.0464E-06  0.5779
   5.6234E+03   1.0000E+04   0.0000E+00  0.0000   0.0000E+00  0.0000   0.0000E+00  0.0000   3.3998E-06  0.5304
   1.0000E+04   1.7783E+04   0.0000E+00  0.0000   0.0000E+00  0.0000   0.0000E+00  0.0000   9.5951E-07  1.0000
   1.7783E+04   3.1623E+04   0.0000E+00  0.0000   0.0000E+00  0.0000   0.0000E+00  0.0000   1.1090E-06  1.0000
   3.1623E+04   5.6234E+04   0.0000E+00  0.0000   0.0000E+00  0.0000   0.0000E+00  0.0000   0.0000E+00  0.0000
   5.6234E+04   1.0000E+05   0.0000E+00  0.0000   0.0000E+00  0.0000   0.0000E+00  0.0000   0.0000E+00  0.0000

#   sum over                 3.7520E-03  0.0975   0.0000E+00  0.0000   0.0000E+00  0.0000   1.7728E-04  0.0792

'no. =  1,  reg  =    111'
msuc: {\huge Flux spectrum in open air above ground}
msdr: {\it plotted by \ANGEL \version}
msdl: {\it calculated by \PHITS  3.36}
wt: s(0.7)
\vspace{-3}
   vol  &=&   5.1200E+08 [cm^3]
e:
 
# Information for Restart Calculation
# This calculation was newly started
# istdev =  2 # 1:Batch variance, 2:History variance
# resc2  = 5.79155542840348175E-02 # Total source weight or Total source weight / maxcas
# resc3  = 1.50000000000000000E+03 # Total history number or Total batch number
# maxcas =        1500 # History / Batch, only used for istdev=1
# bitrseed = 1100101010101111101001011011000111000011000011011001011110001101 # bit data of rseed
