[ T-Track ]
    title = Neutron track length in active He-3 gas
     mesh =  reg            # mesh type is region-wise
      reg = 101 201 301 401
   e-type =    3            # e-mesh is log given by emin, emax and ne
     emin =  1.0000000E-10  # minimum value of e-mesh points
     emax =   1000.000      # maximum value of e-mesh points
#    edel =  0.2302585      # mesh width of e-mesh points
       ne =    130          # number of e-mesh points
#    data = ( e(i), i = 1, ne + 1 )
#           1.00000E-10  1.25893E-10  1.58489E-10  1.99526E-10  2.51189E-10
#           3.16228E-10  3.98107E-10  5.01187E-10  6.30957E-10  7.94328E-10
#           1.00000E-09  1.25893E-09  1.58489E-09  1.99526E-09  2.51189E-09
#           3.16228E-09  3.98107E-09  5.01187E-09  6.30957E-09  7.94328E-09
#           1.00000E-08  1.25893E-08  1.58489E-08  1.99526E-08  2.51189E-08
#           3.16228E-08  3.98107E-08  5.01187E-08  6.30957E-08  7.94328E-08
#           1.00000E-07  1.25893E-07  1.58489E-07  1.99526E-07  2.51189E-07
#           3.16228E-07  3.98107E-07  5.01187E-07  6.30957E-07  7.94328E-07
#           1.00000E-06  1.25893E-06  1.58489E-06  1.99526E-06  2.51189E-06
#           3.16228E-06  3.98107E-06  5.01187E-06  6.30957E-06  7.94328E-06
#           1.00000E-05  1.25893E-05  1.58489E-05  1.99526E-05  2.51189E-05
#           3.16228E-05  3.98107E-05  5.01187E-05  6.30957E-05  7.94328E-05
#           1.00000E-04  1.25893E-04  1.58489E-04  1.99526E-04  2.51189E-04
#           3.16228E-04  3.98107E-04  5.01187E-04  6.30957E-04  7.94328E-04
#           1.00000E-03  1.25893E-03  1.58489E-03  1.99526E-03  2.51189E-03
#           3.16228E-03  3.98107E-03  5.01187E-03  6.30957E-03  7.94328E-03
#           1.00000E-02  1.25893E-02  1.58489E-02  1.99526E-02  2.51189E-02
#           3.16228E-02  3.98107E-02  5.01187E-02  6.30957E-02  7.94328E-02
#           1.00000E-01  1.25893E-01  1.58489E-01  1.99526E-01  2.51189E-01
#           3.16228E-01  3.98107E-01  5.01187E-01  6.30957E-01  7.94328E-01
#           1.00000E+00  1.25893E+00  1.58489E+00  1.99526E+00  2.51189E+00
#           3.16228E+00  3.98107E+00  5.01187E+00  6.30957E+00  7.94328E+00
#           1.00000E+01  1.25893E+01  1.58489E+01  1.99526E+01  2.51189E+01
#           3.16228E+01  3.98107E+01  5.01187E+01  6.30957E+01  7.94328E+01
#           1.00000E+02  1.25893E+02  1.58489E+02  1.99526E+02  2.51189E+02
#           3.16228E+02  3.98107E+02  5.01187E+02  6.30957E+02  7.94328E+02
#           1.00000E+03
     unit =    1            # unit is [1/cm^2/source]
 material =  all            # (D=all) number of specific material
     axis =     eng            # axis of output
     file = gas_track.out   # file name of output for the above axis
     part =  neutron  
# kf/name :  2112     
#    used :        main (  %)        temp (  %)       total (  %)
#  memory :         139 (  0)           0 (  0)         139 (  0)

#------------------------------------------------------------------------------
#newpage:
#   no. =  1   reg =    101

x: Energy [MeV/n]
y: Flux [1/cm^2/source]              
p: xlog ylog afac(0.8) form(0.9)
h: n            x            y(neutron ),hh0l n  
#  e-lower      e-upper        neutron   r.err 
   1.0000E-10   1.2589E-10   0.0000E+00  0.0000
   1.2589E-10   1.5849E-10   0.0000E+00  0.0000
   1.5849E-10   1.9953E-10   0.0000E+00  0.0000
   1.9953E-10   2.5119E-10   0.0000E+00  0.0000
   2.5119E-10   3.1623E-10   0.0000E+00  0.0000
   3.1623E-10   3.9811E-10   0.0000E+00  0.0000
   3.9811E-10   5.0119E-10   0.0000E+00  0.0000
   5.0119E-10   6.3096E-10   0.0000E+00  0.0000
   6.3096E-10   7.9433E-10   0.0000E+00  0.0000
   7.9433E-10   1.0000E-09   0.0000E+00  0.0000
   1.0000E-09   1.2589E-09   0.0000E+00  0.0000
   1.2589E-09   1.5849E-09   0.0000E+00  0.0000
   1.5849E-09   1.9953E-09   0.0000E+00  0.0000
   1.9953E-09   2.5119E-09   0.0000E+00  0.0000
   2.5119E-09   3.1623E-09   0.0000E+00  0.0000
   3.1623E-09   3.9811E-09   0.0000E+00  0.0000
   3.9811E-09   5.0119E-09   0.0000E+00  0.0000
   5.0119E-09   6.3096E-09   0.0000E+00  0.0000
   6.3096E-09   7.9433E-09   0.0000E+00  0.0000
   7.9433E-09   1.0000E-08   0.0000E+00  0.0000
   1.0000E-08   1.2589E-08   0.0000E+00  0.0000
   1.2589E-08   1.5849E-08   0.0000E+00  0.0000
   1.5849E-08   1.9953E-08   0.0000E+00  0.0000
   1.9953E-08   2.5119E-08   0.0000E+00  0.0000
   2.5119E-08   3.1623E-08   0.0000E+00  0.0000
   3.1623E-08   3.9811E-08   0.0000E+00  0.0000
   3.9811E-08   5.0119E-08   0.0000E+00  0.0000
   5.0119E-08   6.3096E-08   0.0000E+00  0.0000
   6.3096E-08   7.9433E-08   0.0000E+00  0.0000
   7.9433E-08   1.0000E-07   0.0000E+00  0.0000
   1.0000E-07   1.2589E-07   0.0000E+00  0.0000
   1.2589E-07   1.5849E-07   0.0000E+00  0.0000
   1.5849E-07   1.9953E-07   0.0000E+00  0.0000
   1.9953E-07   2.5119E-07   0.0000E+00  0.0000
   2.5119E-07   3.1623E-07   0.0000E+00  0.0000
   3.1623E-07   3.9811E-07   0.0000E+00  0.0000
   3.9811E-07   5.0119E-07   0.0000E+00  0.0000
   5.0119E-07   6.3096E-07   0.0000E+00  0.0000
   6.3096E-07   7.9433E-07   0.0000E+00  0.0000
   7.9433E-07   1.0000E-06   0.0000E+00  0.0000
   1.0000E-06   1.2589E-06   0.0000E+00  0.0000
   1.2589E-06   1.5849E-06   0.0000E+00  0.0000
   1.5849E-06   1.9953E-06   0.0000E+00  0.0000
   1.9953E-06   2.5119E-06   0.0000E+00  0.0000
   2.5119E-06   3.1623E-06   0.0000E+00  0.0000
   3.1623E-06   3.9811E-06   0.0000E+00  0.0000
   3.9811E-06   5.0119E-06   0.0000E+00  0.0000
   5.0119E-06   6.3096E-06   0.0000E+00  0.0000
   6.3096E-06   7.9433E-06   0.0000E+00  0.0000
   7.9433E-06   1.0000E-05   0.0000E+00  0.0000
   1.0000E-05   1.2589E-05   0.0000E+00  0.0000
   1.2589E-05   1.5849E-05   0.0000E+00  0.0000
   1.5849E-05   1.9953E-05   0.0000E+00  0.0000
   1.9953E-05   2.5119E-05   0.0000E+00  0.0000
   2.5119E-05   3.1623E-05   0.0000E+00  0.0000
   3.1623E-05   3.9811E-05   0.0000E+00  0.0000
   3.9811E-05   5.0119E-05   0.0000E+00  0.0000
   5.0119E-05   6.3096E-05   0.0000E+00  0.0000
   6.3096E-05   7.9433E-05   0.0000E+00  0.0000
   7.9433E-05   1.0000E-04   0.0000E+00  0.0000
   1.0000E-04   1.2589E-04   0.0000E+00  0.0000
   1.2589E-04   1.5849E-04   0.0000E+00  0.0000
   1.5849E-04   1.9953E-04   0.0000E+00  0.0000
   1.9953E-04   2.5119E-04   2.2824E-05  1.0000
   2.5119E-04   3.1623E-04   1.4356E-04  0.4027
   3.1623E-04   3.9811E-04   3.2294E-04  0.2744
   3.9811E-04   5.0119E-04   3.3141E-04  0.3967
   5.0119E-04   6.3096E-04   2.4202E-04  0.5132
   6.3096E-04   7.9433E-04   5.4574E-04  0.2655
   7.9433E-04   1.0000E-03   5.7749E-02  0.0355
   1.0000E-03   1.2589E-03   1.9062E-01  0.0163
   1.2589E-03   1.5849E-03   0.0000E+00  0.0000
   1.5849E-03   1.9953E-03   0.0000E+00  0.0000
   1.9953E-03   2.5119E-03   0.0000E+00  0.0000
   2.5119E-03   3.1623E-03   0.0000E+00  0.0000
   3.1623E-03   3.9811E-03   0.0000E+00  0.0000
   3.9811E-03   5.0119E-03   0.0000E+00  0.0000
   5.0119E-03   6.3096E-03   0.0000E+00  0.0000
   6.3096E-03   7.9433E-03   0.0000E+00  0.0000
   7.9433E-03   1.0000E-02   0.0000E+00  0.0000
   1.0000E-02   1.2589E-02   0.0000E+00  0.0000
   1.2589E-02   1.5849E-02   0.0000E+00  0.0000
   1.5849E-02   1.9953E-02   0.0000E+00  0.0000
   1.9953E-02   2.5119E-02   0.0000E+00  0.0000
   2.5119E-02   3.1623E-02   0.0000E+00  0.0000
   3.1623E-02   3.9811E-02   0.0000E+00  0.0000
   3.9811E-02   5.0119E-02   0.0000E+00  0.0000
   5.0119E-02   6.3096E-02   0.0000E+00  0.0000
   6.3096E-02   7.9433E-02   0.0000E+00  0.0000
   7.9433E-02   1.0000E-01   0.0000E+00  0.0000
   1.0000E-01   1.2589E-01   0.0000E+00  0.0000
   1.2589E-01   1.5849E-01   0.0000E+00  0.0000
   1.5849E-01   1.9953E-01   0.0000E+00  0.0000
   1.9953E-01   2.5119E-01   0.0000E+00  0.0000
   2.5119E-01   3.1623E-01   0.0000E+00  0.0000
   3.1623E-01   3.9811E-01   0.0000E+00  0.0000
   3.9811E-01   5.0119E-01   0.0000E+00  0.0000
   5.0119E-01   6.3096E-01   0.0000E+00  0.0000
   6.3096E-01   7.9433E-01   0.0000E+00  0.0000
   7.9433E-01   1.0000E+00   0.0000E+00  0.0000
   1.0000E+00   1.2589E+00   0.0000E+00  0.0000
   1.2589E+00   1.5849E+00   0.0000E+00  0.0000
   1.5849E+00   1.9953E+00   0.0000E+00  0.0000
   1.9953E+00   2.5119E+00   0.0000E+00  0.0000
   2.5119E+00   3.1623E+00   0.0000E+00  0.0000
   3.1623E+00   3.9811E+00   0.0000E+00  0.0000
   3.9811E+00   5.0119E+00   0.0000E+00  0.0000
   5.0119E+00   6.3096E+00   0.0000E+00  0.0000
   6.3096E+00   7.9433E+00   0.0000E+00  0.0000
   7.9433E+00   1.0000E+01   0.0000E+00  0.0000
   1.0000E+01   1.2589E+01   0.0000E+00  0.0000
   1.2589E+01   1.5849E+01   0.0000E+00  0.0000
   1.5849E+01   1.9953E+01   0.0000E+00  0.0000
   1.9953E+01   2.5119E+01   0.0000E+00  0.0000
   2.5119E+01   3.1623E+01   0.0000E+00  0.0000
   3.1623E+01   3.9811E+01   0.0000E+00  0.0000
   3.9811E+01   5.0119E+01   0.0000E+00  0.0000
   5.0119E+01   6.3096E+01   0.0000E+00  0.0000
   6.3096E+01   7.9433E+01   0.0000E+00  0.0000
   7.9433E+01   1.0000E+02   0.0000E+00  0.0000
   1.0000E+02   1.2589E+02   0.0000E+00  0.0000
   1.2589E+02   1.5849E+02   0.0000E+00  0.0000
   1.5849E+02   1.9953E+02   0.0000E+00  0.0000
   1.9953E+02   2.5119E+02   0.0000E+00  0.0000
   2.5119E+02   3.1623E+02   0.0000E+00  0.0000
   3.1623E+02   3.9811E+02   0.0000E+00  0.0000
   3.9811E+02   5.0119E+02   0.0000E+00  0.0000
   5.0119E+02   6.3096E+02   0.0000E+00  0.0000
   6.3096E+02   7.9433E+02   0.0000E+00  0.0000
   7.9433E+02   1.0000E+03   0.0000E+00  0.0000

#   sum over                 2.4998E-01  0.0159

'no. =  1,  reg  =    101'
msuc: {\huge Neutron track length in active He-3 gas}
msdr: {\it plotted by \ANGEL \version}
msdl: {\it calculated by \PHITS  3.36}
wt: s(0.7)
\vspace{-3}
   vol  &=&   1.0000E+00 [cm^3]
e:

#------------------------------------------------------------------------------
 newpage:
#   no. =  2   reg =    201

x: Energy [MeV/n]
y: Flux [1/cm^2/source]              
p: xlog ylog afac(0.8) form(0.9)
h: n            x            y(neutron ),hh0l n  
#  e-lower      e-upper        neutron   r.err 
   1.0000E-10   1.2589E-10   0.0000E+00  0.0000
   1.2589E-10   1.5849E-10   0.0000E+00  0.0000
   1.5849E-10   1.9953E-10   0.0000E+00  0.0000
   1.9953E-10   2.5119E-10   0.0000E+00  0.0000
   2.5119E-10   3.1623E-10   0.0000E+00  0.0000
   3.1623E-10   3.9811E-10   0.0000E+00  0.0000
   3.9811E-10   5.0119E-10   0.0000E+00  0.0000
   5.0119E-10   6.3096E-10   0.0000E+00  0.0000
   6.3096E-10   7.9433E-10   0.0000E+00  0.0000
   7.9433E-10   1.0000E-09   0.0000E+00  0.0000
   1.0000E-09   1.2589E-09   0.0000E+00  0.0000
   1.2589E-09   1.5849E-09   0.0000E+00  0.0000
   1.5849E-09   1.9953E-09   5.3132E-08  1.0000
   1.9953E-09   2.5119E-09   9.0355E-08  1.0000
   2.5119E-09   3.1623E-09   3.1439E-06  0.5602
   3.1623E-09   3.9811E-09   2.1288E-06  0.9848
   3.9811E-09   5.0119E-09   6.7876E-06  0.5137
   5.0119E-09   6.3096E-09   4.6829E-06  0.5930
   6.3096E-09   7.9433E-09   5.5727E-06  0.5167
   7.9433E-09   1.0000E-08   5.2549E-06  0.3714
   1.0000E-08   1.2589E-08   2.8783E-05  0.2791
   1.2589E-08   1.5849E-08   3.6605E-05  0.2806
   1.5849E-08   1.9953E-08   4.1006E-05  0.2283
   1.9953E-08   2.5119E-08   9.9325E-05  0.1949
   2.5119E-08   3.1623E-08   1.1165E-04  0.1546
   3.1623E-08   3.9811E-08   1.7490E-04  0.1552
   3.9811E-08   5.0119E-08   2.0059E-04  0.1262
   5.0119E-08   6.3096E-08   3.2004E-04  0.1332
   6.3096E-08   7.9433E-08   3.7790E-04  0.1387
   7.9433E-08   1.0000E-07   2.3205E-04  0.1537
   1.0000E-07   1.2589E-07   2.4781E-04  0.1665
   1.2589E-07   1.5849E-07   1.2034E-04  0.2249
   1.5849E-07   1.9953E-07   8.7301E-05  0.3912
   1.9953E-07   2.5119E-07   3.5787E-05  0.5721
   2.5119E-07   3.1623E-07   3.6175E-06  1.0000
   3.1623E-07   3.9811E-07   2.1249E-05  0.5470
   3.9811E-07   5.0119E-07   1.1388E-04  0.5490
   5.0119E-07   6.3096E-07   0.0000E+00  0.0000
   6.3096E-07   7.9433E-07   5.3540E-05  0.7187
   7.9433E-07   1.0000E-06   3.6246E-06  1.0000
   1.0000E-06   1.2589E-06   0.0000E+00  0.0000
   1.2589E-06   1.5849E-06   6.8291E-05  0.5779
   1.5849E-06   1.9953E-06   0.0000E+00  0.0000
   1.9953E-06   2.5119E-06   5.3981E-05  1.0000
   2.5119E-06   3.1623E-06   0.0000E+00  0.0000
   3.1623E-06   3.9811E-06   2.0653E-05  1.0000
   3.9811E-06   5.0119E-06   3.4812E-05  1.0000
   5.0119E-06   6.3096E-06   0.0000E+00  0.0000
   6.3096E-06   7.9433E-06   0.0000E+00  0.0000
   7.9433E-06   1.0000E-05   0.0000E+00  0.0000
   1.0000E-05   1.2589E-05   0.0000E+00  0.0000
   1.2589E-05   1.5849E-05   4.9926E-05  1.0000
   1.5849E-05   1.9953E-05   5.6422E-05  1.0000
   1.9953E-05   2.5119E-05   9.6161E-06  1.0000
   2.5119E-05   3.1623E-05   0.0000E+00  0.0000
   3.1623E-05   3.9811E-05   0.0000E+00  0.0000
   3.9811E-05   5.0119E-05   4.7127E-05  1.0000
   5.0119E-05   6.3096E-05   3.7514E-05  1.0000
   6.3096E-05   7.9433E-05   0.0000E+00  0.0000
   7.9433E-05   1.0000E-04   0.0000E+00  0.0000
   1.0000E-04   1.2589E-04   0.0000E+00  0.0000
   1.2589E-04   1.5849E-04   0.0000E+00  0.0000
   1.5849E-04   1.9953E-04   0.0000E+00  0.0000
   1.9953E-04   2.5119E-04   0.0000E+00  0.0000
   2.5119E-04   3.1623E-04   0.0000E+00  0.0000
   3.1623E-04   3.9811E-04   0.0000E+00  0.0000
   3.9811E-04   5.0119E-04   0.0000E+00  0.0000
   5.0119E-04   6.3096E-04   0.0000E+00  0.0000
   6.3096E-04   7.9433E-04   0.0000E+00  0.0000
   7.9433E-04   1.0000E-03   0.0000E+00  0.0000
   1.0000E-03   1.2589E-03   0.0000E+00  0.0000
   1.2589E-03   1.5849E-03   0.0000E+00  0.0000
   1.5849E-03   1.9953E-03   0.0000E+00  0.0000
   1.9953E-03   2.5119E-03   0.0000E+00  0.0000
   2.5119E-03   3.1623E-03   0.0000E+00  0.0000
   3.1623E-03   3.9811E-03   0.0000E+00  0.0000
   3.9811E-03   5.0119E-03   0.0000E+00  0.0000
   5.0119E-03   6.3096E-03   0.0000E+00  0.0000
   6.3096E-03   7.9433E-03   0.0000E+00  0.0000
   7.9433E-03   1.0000E-02   0.0000E+00  0.0000
   1.0000E-02   1.2589E-02   0.0000E+00  0.0000
   1.2589E-02   1.5849E-02   0.0000E+00  0.0000
   1.5849E-02   1.9953E-02   0.0000E+00  0.0000
   1.9953E-02   2.5119E-02   0.0000E+00  0.0000
   2.5119E-02   3.1623E-02   0.0000E+00  0.0000
   3.1623E-02   3.9811E-02   0.0000E+00  0.0000
   3.9811E-02   5.0119E-02   0.0000E+00  0.0000
   5.0119E-02   6.3096E-02   0.0000E+00  0.0000
   6.3096E-02   7.9433E-02   0.0000E+00  0.0000
   7.9433E-02   1.0000E-01   0.0000E+00  0.0000
   1.0000E-01   1.2589E-01   0.0000E+00  0.0000
   1.2589E-01   1.5849E-01   0.0000E+00  0.0000
   1.5849E-01   1.9953E-01   0.0000E+00  0.0000
   1.9953E-01   2.5119E-01   0.0000E+00  0.0000
   2.5119E-01   3.1623E-01   0.0000E+00  0.0000
   3.1623E-01   3.9811E-01   0.0000E+00  0.0000
   3.9811E-01   5.0119E-01   0.0000E+00  0.0000
   5.0119E-01   6.3096E-01   0.0000E+00  0.0000
   6.3096E-01   7.9433E-01   0.0000E+00  0.0000
   7.9433E-01   1.0000E+00   0.0000E+00  0.0000
   1.0000E+00   1.2589E+00   0.0000E+00  0.0000
   1.2589E+00   1.5849E+00   0.0000E+00  0.0000
   1.5849E+00   1.9953E+00   0.0000E+00  0.0000
   1.9953E+00   2.5119E+00   0.0000E+00  0.0000
   2.5119E+00   3.1623E+00   0.0000E+00  0.0000
   3.1623E+00   3.9811E+00   0.0000E+00  0.0000
   3.9811E+00   5.0119E+00   0.0000E+00  0.0000
   5.0119E+00   6.3096E+00   0.0000E+00  0.0000
   6.3096E+00   7.9433E+00   0.0000E+00  0.0000
   7.9433E+00   1.0000E+01   0.0000E+00  0.0000
   1.0000E+01   1.2589E+01   0.0000E+00  0.0000
   1.2589E+01   1.5849E+01   0.0000E+00  0.0000
   1.5849E+01   1.9953E+01   0.0000E+00  0.0000
   1.9953E+01   2.5119E+01   0.0000E+00  0.0000
   2.5119E+01   3.1623E+01   0.0000E+00  0.0000
   3.1623E+01   3.9811E+01   0.0000E+00  0.0000
   3.9811E+01   5.0119E+01   0.0000E+00  0.0000
   5.0119E+01   6.3096E+01   0.0000E+00  0.0000
   6.3096E+01   7.9433E+01   0.0000E+00  0.0000
   7.9433E+01   1.0000E+02   0.0000E+00  0.0000
   1.0000E+02   1.2589E+02   0.0000E+00  0.0000
   1.2589E+02   1.5849E+02   0.0000E+00  0.0000
   1.5849E+02   1.9953E+02   0.0000E+00  0.0000
   1.9953E+02   2.5119E+02   0.0000E+00  0.0000
   2.5119E+02   3.1623E+02   0.0000E+00  0.0000
   3.1623E+02   3.9811E+02   0.0000E+00  0.0000
   3.9811E+02   5.0119E+02   0.0000E+00  0.0000
   5.0119E+02   6.3096E+02   0.0000E+00  0.0000
   6.3096E+02   7.9433E+02   0.0000E+00  0.0000
   7.9433E+02   1.0000E+03   0.0000E+00  0.0000

#   sum over                 2.7161E-03  0.0710

'no. =  2,  reg  =    201'
msuc: {\huge Neutron track length in active He-3 gas}
msdr: {\it plotted by \ANGEL \version}
msdl: {\it calculated by \PHITS  3.36}
wt: s(0.7)
\vspace{-3}
   vol  &=&   1.0000E+00 [cm^3]
e:

#------------------------------------------------------------------------------
 newpage:
#   no. =  3   reg =    301

x: Energy [MeV/n]
y: Flux [1/cm^2/source]              
p: xlog ylog afac(0.8) form(0.9)
h: n            x            y(neutron ),hh0l n  
#  e-lower      e-upper        neutron   r.err 
   1.0000E-10   1.2589E-10   0.0000E+00  0.0000
   1.2589E-10   1.5849E-10   0.0000E+00  0.0000
   1.5849E-10   1.9953E-10   0.0000E+00  0.0000
   1.9953E-10   2.5119E-10   0.0000E+00  0.0000
   2.5119E-10   3.1623E-10   0.0000E+00  0.0000
   3.1623E-10   3.9811E-10   0.0000E+00  0.0000
   3.9811E-10   5.0119E-10   0.0000E+00  0.0000
   5.0119E-10   6.3096E-10   0.0000E+00  0.0000
   6.3096E-10   7.9433E-10   0.0000E+00  0.0000
   7.9433E-10   1.0000E-09   0.0000E+00  0.0000
   1.0000E-09   1.2589E-09   0.0000E+00  0.0000
   1.2589E-09   1.5849E-09   0.0000E+00  0.0000
   1.5849E-09   1.9953E-09   0.0000E+00  0.0000
   1.9953E-09   2.5119E-09   0.0000E+00  0.0000
   2.5119E-09   3.1623E-09   0.0000E+00  0.0000
   3.1623E-09   3.9811E-09   0.0000E+00  0.0000
   3.9811E-09   5.0119E-09   0.0000E+00  0.0000
   5.0119E-09   6.3096E-09   0.0000E+00  0.0000
   6.3096E-09   7.9433E-09   0.0000E+00  0.0000
   7.9433E-09   1.0000E-08   0.0000E+00  0.0000
   1.0000E-08   1.2589E-08   0.0000E+00  0.0000
   1.2589E-08   1.5849E-08   0.0000E+00  0.0000
   1.5849E-08   1.9953E-08   0.0000E+00  0.0000
   1.9953E-08   2.5119E-08   0.0000E+00  0.0000
   2.5119E-08   3.1623E-08   0.0000E+00  0.0000
   3.1623E-08   3.9811E-08   0.0000E+00  0.0000
   3.9811E-08   5.0119E-08   0.0000E+00  0.0000
   5.0119E-08   6.3096E-08   0.0000E+00  0.0000
   6.3096E-08   7.9433E-08   0.0000E+00  0.0000
   7.9433E-08   1.0000E-07   0.0000E+00  0.0000
   1.0000E-07   1.2589E-07   0.0000E+00  0.0000
   1.2589E-07   1.5849E-07   0.0000E+00  0.0000
   1.5849E-07   1.9953E-07   0.0000E+00  0.0000
   1.9953E-07   2.5119E-07   0.0000E+00  0.0000
   2.5119E-07   3.1623E-07   0.0000E+00  0.0000
   3.1623E-07   3.9811E-07   0.0000E+00  0.0000
   3.9811E-07   5.0119E-07   0.0000E+00  0.0000
   5.0119E-07   6.3096E-07   0.0000E+00  0.0000
   6.3096E-07   7.9433E-07   0.0000E+00  0.0000
   7.9433E-07   1.0000E-06   0.0000E+00  0.0000
   1.0000E-06   1.2589E-06   0.0000E+00  0.0000
   1.2589E-06   1.5849E-06   0.0000E+00  0.0000
   1.5849E-06   1.9953E-06   0.0000E+00  0.0000
   1.9953E-06   2.5119E-06   0.0000E+00  0.0000
   2.5119E-06   3.1623E-06   0.0000E+00  0.0000
   3.1623E-06   3.9811E-06   0.0000E+00  0.0000
   3.9811E-06   5.0119E-06   0.0000E+00  0.0000
   5.0119E-06   6.3096E-06   0.0000E+00  0.0000
   6.3096E-06   7.9433E-06   0.0000E+00  0.0000
   7.9433E-06   1.0000E-05   0.0000E+00  0.0000
   1.0000E-05   1.2589E-05   0.0000E+00  0.0000
   1.2589E-05   1.5849E-05   0.0000E+00  0.0000
   1.5849E-05   1.9953E-05   0.0000E+00  0.0000
   1.9953E-05   2.5119E-05   0.0000E+00  0.0000
   2.5119E-05   3.1623E-05   0.0000E+00  0.0000
   3.1623E-05   3.9811E-05   0.0000E+00  0.0000
   3.9811E-05   5.0119E-05   0.0000E+00  0.0000
   5.0119E-05   6.3096E-05   0.0000E+00  0.0000
   6.3096E-05   7.9433E-05   0.0000E+00  0.0000
   7.9433E-05   1.0000E-04   0.0000E+00  0.0000
   1.0000E-04   1.2589E-04   0.0000E+00  0.0000
   1.2589E-04   1.5849E-04   0.0000E+00  0.0000
   1.5849E-04   1.9953E-04   0.0000E+00  0.0000
   1.9953E-04   2.5119E-04   0.0000E+00  0.0000
   2.5119E-04   3.1623E-04   1.0429E-05  1.0000
   3.1623E-04   3.9811E-04   2.9880E-05  0.5290
   3.9811E-04   5.0119E-04   3.8381E-05  0.5770
   5.0119E-04   6.3096E-04   5.0971E-05  0.5483
   6.3096E-04   7.9433E-04   9.9206E-05  0.4100
   7.9433E-04   1.0000E-03   2.3323E-02  0.0417
   1.0000E-03   1.2589E-03   7.8186E-02  0.0184
   1.2589E-03   1.5849E-03   0.0000E+00  0.0000
   1.5849E-03   1.9953E-03   0.0000E+00  0.0000
   1.9953E-03   2.5119E-03   0.0000E+00  0.0000
   2.5119E-03   3.1623E-03   0.0000E+00  0.0000
   3.1623E-03   3.9811E-03   0.0000E+00  0.0000
   3.9811E-03   5.0119E-03   0.0000E+00  0.0000
   5.0119E-03   6.3096E-03   0.0000E+00  0.0000
   6.3096E-03   7.9433E-03   0.0000E+00  0.0000
   7.9433E-03   1.0000E-02   0.0000E+00  0.0000
   1.0000E-02   1.2589E-02   0.0000E+00  0.0000
   1.2589E-02   1.5849E-02   0.0000E+00  0.0000
   1.5849E-02   1.9953E-02   0.0000E+00  0.0000
   1.9953E-02   2.5119E-02   0.0000E+00  0.0000
   2.5119E-02   3.1623E-02   0.0000E+00  0.0000
   3.1623E-02   3.9811E-02   0.0000E+00  0.0000
   3.9811E-02   5.0119E-02   0.0000E+00  0.0000
   5.0119E-02   6.3096E-02   0.0000E+00  0.0000
   6.3096E-02   7.9433E-02   0.0000E+00  0.0000
   7.9433E-02   1.0000E-01   0.0000E+00  0.0000
   1.0000E-01   1.2589E-01   0.0000E+00  0.0000
   1.2589E-01   1.5849E-01   0.0000E+00  0.0000
   1.5849E-01   1.9953E-01   0.0000E+00  0.0000
   1.9953E-01   2.5119E-01   0.0000E+00  0.0000
   2.5119E-01   3.1623E-01   0.0000E+00  0.0000
   3.1623E-01   3.9811E-01   0.0000E+00  0.0000
   3.9811E-01   5.0119E-01   0.0000E+00  0.0000
   5.0119E-01   6.3096E-01   0.0000E+00  0.0000
   6.3096E-01   7.9433E-01   0.0000E+00  0.0000
   7.9433E-01   1.0000E+00   0.0000E+00  0.0000
   1.0000E+00   1.2589E+00   0.0000E+00  0.0000
   1.2589E+00   1.5849E+00   0.0000E+00  0.0000
   1.5849E+00   1.9953E+00   0.0000E+00  0.0000
   1.9953E+00   2.5119E+00   0.0000E+00  0.0000
   2.5119E+00   3.1623E+00   0.0000E+00  0.0000
   3.1623E+00   3.9811E+00   0.0000E+00  0.0000
   3.9811E+00   5.0119E+00   0.0000E+00  0.0000
   5.0119E+00   6.3096E+00   0.0000E+00  0.0000
   6.3096E+00   7.9433E+00   0.0000E+00  0.0000
   7.9433E+00   1.0000E+01   0.0000E+00  0.0000
   1.0000E+01   1.2589E+01   0.0000E+00  0.0000
   1.2589E+01   1.5849E+01   0.0000E+00  0.0000
   1.5849E+01   1.9953E+01   0.0000E+00  0.0000
   1.9953E+01   2.5119E+01   0.0000E+00  0.0000
   2.5119E+01   3.1623E+01   0.0000E+00  0.0000
   3.1623E+01   3.9811E+01   0.0000E+00  0.0000
   3.9811E+01   5.0119E+01   0.0000E+00  0.0000
   5.0119E+01   6.3096E+01   0.0000E+00  0.0000
   6.3096E+01   7.9433E+01   0.0000E+00  0.0000
   7.9433E+01   1.0000E+02   0.0000E+00  0.0000
   1.0000E+02   1.2589E+02   0.0000E+00  0.0000
   1.2589E+02   1.5849E+02   0.0000E+00  0.0000
   1.5849E+02   1.9953E+02   0.0000E+00  0.0000
   1.9953E+02   2.5119E+02   0.0000E+00  0.0000
   2.5119E+02   3.1623E+02   0.0000E+00  0.0000
   3.1623E+02   3.9811E+02   0.0000E+00  0.0000
   3.9811E+02   5.0119E+02   0.0000E+00  0.0000
   5.0119E+02   6.3096E+02   0.0000E+00  0.0000
   6.3096E+02   7.9433E+02   0.0000E+00  0.0000
   7.9433E+02   1.0000E+03   0.0000E+00  0.0000

#   sum over                 1.0174E-01  0.0180

'no. =  3,  reg  =    301'
msuc: {\huge Neutron track length in active He-3 gas}
msdr: {\it plotted by \ANGEL \version}
msdl: {\it calculated by \PHITS  3.36}
wt: s(0.7)
\vspace{-3}
   vol  &=&   1.0000E+00 [cm^3]
e:

#------------------------------------------------------------------------------
 newpage:
#   no. =  4   reg =    401

x: Energy [MeV/n]
y: Flux [1/cm^2/source]              
p: xlog ylog afac(0.8) form(0.9)
h: n            x            y(neutron ),hh0l n  
#  e-lower      e-upper        neutron   r.err 
   1.0000E-10   1.2589E-10   0.0000E+00  0.0000
   1.2589E-10   1.5849E-10   0.0000E+00  0.0000
   1.5849E-10   1.9953E-10   0.0000E+00  0.0000
   1.9953E-10   2.5119E-10   3.8784E-08  1.0000
   2.5119E-10   3.1623E-10   0.0000E+00  0.0000
   3.1623E-10   3.9811E-10   0.0000E+00  0.0000
   3.9811E-10   5.0119E-10   0.0000E+00  0.0000
   5.0119E-10   6.3096E-10   0.0000E+00  0.0000
   6.3096E-10   7.9433E-10   0.0000E+00  0.0000
   7.9433E-10   1.0000E-09   0.0000E+00  0.0000
   1.0000E-09   1.2589E-09   0.0000E+00  0.0000
   1.2589E-09   1.5849E-09   4.9226E-07  1.0000
   1.5849E-09   1.9953E-09   2.0690E-07  1.0000
   1.9953E-09   2.5119E-09   1.2304E-07  1.0000
   2.5119E-09   3.1623E-09   6.1730E-07  1.0000
   3.1623E-09   3.9811E-09   2.0911E-06  1.0000
   3.9811E-09   5.0119E-09   3.1854E-06  0.6638
   5.0119E-09   6.3096E-09   1.1201E-05  0.4625
   6.3096E-09   7.9433E-09   1.2690E-05  0.4401
   7.9433E-09   1.0000E-08   4.2969E-05  0.3172
   1.0000E-08   1.2589E-08   2.2528E-05  0.2895
   1.2589E-08   1.5849E-08   3.5730E-05  0.2830
   1.5849E-08   1.9953E-08   9.8115E-05  0.1760
   1.9953E-08   2.5119E-08   1.0285E-04  0.1756
   2.5119E-08   3.1623E-08   1.7460E-04  0.1518
   3.1623E-08   3.9811E-08   2.5759E-04  0.1275
   3.9811E-08   5.0119E-08   3.6841E-04  0.1416
   5.0119E-08   6.3096E-08   4.0212E-04  0.1296
   6.3096E-08   7.9433E-08   4.4104E-04  0.1256
   7.9433E-08   1.0000E-07   4.9036E-04  0.1260
   1.0000E-07   1.2589E-07   4.1234E-04  0.1428
   1.2589E-07   1.5849E-07   3.4214E-04  0.1483
   1.5849E-07   1.9953E-07   1.9251E-04  0.2589
   1.9953E-07   2.5119E-07   1.5141E-04  0.3548
   2.5119E-07   3.1623E-07   1.6895E-04  0.3744
   3.1623E-07   3.9811E-07   9.3804E-05  0.3922
   3.9811E-07   5.0119E-07   4.8401E-05  0.6942
   5.0119E-07   6.3096E-07   1.2770E-04  0.4288
   6.3096E-07   7.9433E-07   1.0700E-04  0.4311
   7.9433E-07   1.0000E-06   9.0424E-05  0.3778
   1.0000E-06   1.2589E-06   1.1235E-05  0.7866
   1.2589E-06   1.5849E-06   4.2613E-05  0.5885
   1.5849E-06   1.9953E-06   1.3113E-04  0.4202
   1.9953E-06   2.5119E-06   6.4392E-05  0.5480
   2.5119E-06   3.1623E-06   3.6661E-05  0.6329
   3.1623E-06   3.9811E-06   8.1062E-05  0.4715
   3.9811E-06   5.0119E-06   1.1625E-04  0.4985
   5.0119E-06   6.3096E-06   7.3356E-05  0.5775
   6.3096E-06   7.9433E-06   6.6411E-05  0.5893
   7.9433E-06   1.0000E-05   1.8553E-04  0.4062
   1.0000E-05   1.2589E-05   7.2613E-05  0.5430
   1.2589E-05   1.5849E-05   8.8038E-05  0.5802
   1.5849E-05   1.9953E-05   7.2076E-05  0.4403
   1.9953E-05   2.5119E-05   2.3996E-05  0.8224
   2.5119E-05   3.1623E-05   2.0684E-05  1.0000
   3.1623E-05   3.9811E-05   4.6401E-05  0.6262
   3.9811E-05   5.0119E-05   7.6156E-05  0.4836
   5.0119E-05   6.3096E-05   2.7314E-05  1.0000
   6.3096E-05   7.9433E-05   0.0000E+00  0.0000
   7.9433E-05   1.0000E-04   1.5010E-05  1.0000
   1.0000E-04   1.2589E-04   7.5512E-05  0.5774
   1.2589E-04   1.5849E-04   0.0000E+00  0.0000
   1.5849E-04   1.9953E-04   2.0679E-05  1.0000
   1.9953E-04   2.5119E-04   3.1623E-05  0.7221
   2.5119E-04   3.1623E-04   2.6656E-05  1.0000
   3.1623E-04   3.9811E-04   4.9269E-05  0.7077
   3.9811E-04   5.0119E-04   1.3442E-05  1.0000
   5.0119E-04   6.3096E-04   0.0000E+00  0.0000
   6.3096E-04   7.9433E-04   2.1873E-05  1.0000
   7.9433E-04   1.0000E-03   0.0000E+00  0.0000
   1.0000E-03   1.2589E-03   0.0000E+00  0.0000
   1.2589E-03   1.5849E-03   0.0000E+00  0.0000
   1.5849E-03   1.9953E-03   0.0000E+00  0.0000
   1.9953E-03   2.5119E-03   0.0000E+00  0.0000
   2.5119E-03   3.1623E-03   0.0000E+00  0.0000
   3.1623E-03   3.9811E-03   0.0000E+00  0.0000
   3.9811E-03   5.0119E-03   0.0000E+00  0.0000
   5.0119E-03   6.3096E-03   0.0000E+00  0.0000
   6.3096E-03   7.9433E-03   0.0000E+00  0.0000
   7.9433E-03   1.0000E-02   0.0000E+00  0.0000
   1.0000E-02   1.2589E-02   0.0000E+00  0.0000
   1.2589E-02   1.5849E-02   0.0000E+00  0.0000
   1.5849E-02   1.9953E-02   0.0000E+00  0.0000
   1.9953E-02   2.5119E-02   0.0000E+00  0.0000
   2.5119E-02   3.1623E-02   0.0000E+00  0.0000
   3.1623E-02   3.9811E-02   0.0000E+00  0.0000
   3.9811E-02   5.0119E-02   0.0000E+00  0.0000
   5.0119E-02   6.3096E-02   0.0000E+00  0.0000
   6.3096E-02   7.9433E-02   0.0000E+00  0.0000
   7.9433E-02   1.0000E-01   0.0000E+00  0.0000
   1.0000E-01   1.2589E-01   0.0000E+00  0.0000
   1.2589E-01   1.5849E-01   0.0000E+00  0.0000
   1.5849E-01   1.9953E-01   0.0000E+00  0.0000
   1.9953E-01   2.5119E-01   0.0000E+00  0.0000
   2.5119E-01   3.1623E-01   0.0000E+00  0.0000
   3.1623E-01   3.9811E-01   0.0000E+00  0.0000
   3.9811E-01   5.0119E-01   0.0000E+00  0.0000
   5.0119E-01   6.3096E-01   0.0000E+00  0.0000
   6.3096E-01   7.9433E-01   0.0000E+00  0.0000
   7.9433E-01   1.0000E+00   0.0000E+00  0.0000
   1.0000E+00   1.2589E+00   0.0000E+00  0.0000
   1.2589E+00   1.5849E+00   0.0000E+00  0.0000
   1.5849E+00   1.9953E+00   0.0000E+00  0.0000
   1.9953E+00   2.5119E+00   0.0000E+00  0.0000
   2.5119E+00   3.1623E+00   0.0000E+00  0.0000
   3.1623E+00   3.9811E+00   0.0000E+00  0.0000
   3.9811E+00   5.0119E+00   0.0000E+00  0.0000
   5.0119E+00   6.3096E+00   0.0000E+00  0.0000
   6.3096E+00   7.9433E+00   0.0000E+00  0.0000
   7.9433E+00   1.0000E+01   0.0000E+00  0.0000
   1.0000E+01   1.2589E+01   0.0000E+00  0.0000
   1.2589E+01   1.5849E+01   0.0000E+00  0.0000
   1.5849E+01   1.9953E+01   0.0000E+00  0.0000
   1.9953E+01   2.5119E+01   0.0000E+00  0.0000
   2.5119E+01   3.1623E+01   0.0000E+00  0.0000
   3.1623E+01   3.9811E+01   0.0000E+00  0.0000
   3.9811E+01   5.0119E+01   0.0000E+00  0.0000
   5.0119E+01   6.3096E+01   0.0000E+00  0.0000
   6.3096E+01   7.9433E+01   0.0000E+00  0.0000
   7.9433E+01   1.0000E+02   0.0000E+00  0.0000
   1.0000E+02   1.2589E+02   0.0000E+00  0.0000
   1.2589E+02   1.5849E+02   0.0000E+00  0.0000
   1.5849E+02   1.9953E+02   0.0000E+00  0.0000
   1.9953E+02   2.5119E+02   0.0000E+00  0.0000
   2.5119E+02   3.1623E+02   0.0000E+00  0.0000
   3.1623E+02   3.9811E+02   0.0000E+00  0.0000
   3.9811E+02   5.0119E+02   0.0000E+00  0.0000
   5.0119E+02   6.3096E+02   0.0000E+00  0.0000
   6.3096E+02   7.9433E+02   0.0000E+00  0.0000
   7.9433E+02   1.0000E+03   0.0000E+00  0.0000

#   sum over                 5.6916E-03  0.0518

'no. =  4,  reg  =    401'
msuc: {\huge Neutron track length in active He-3 gas}
msdr: {\it plotted by \ANGEL \version}
msdl: {\it calculated by \PHITS  3.36}
wt: s(0.7)
\vspace{-3}
   vol  &=&   1.0000E+00 [cm^3]
e:
 
# Information for Restart Calculation
# This calculation was newly started
# istdev =  2 # 1:Batch variance, 2:History variance
# resc2  = 1.49990201521194278E+05 # Total source weight or Total source weight / maxcas
# resc3  = 1.50000000000000000E+05 # Total history number or Total batch number
# maxcas =      150000 # History / Batch, only used for istdev=1
# bitrseed = 0010110100001001101001111011000000000101100100101000101000101011 # bit data of rseed
