[ T-Track ]
    title = Flux spectrum in open air above ground
     mesh =  reg            # mesh type is region-wise
      reg = 111
   e-type =    3            # e-mesh is log given by emin, emax and ne
     emin =  1.0000000E-10  # minimum value of e-mesh points
     emax =   100000.0      # maximum value of e-mesh points
#    edel =  0.5756463      # mesh width of e-mesh points
       ne =     60          # number of e-mesh points
#    data = ( e(i), i = 1, ne + 1 )
#           1.00000E-10  1.77828E-10  3.16228E-10  5.62341E-10  1.00000E-09
#           1.77828E-09  3.16228E-09  5.62341E-09  1.00000E-08  1.77828E-08
#           3.16228E-08  5.62341E-08  1.00000E-07  1.77828E-07  3.16228E-07
#           5.62341E-07  1.00000E-06  1.77828E-06  3.16228E-06  5.62341E-06
#           1.00000E-05  1.77828E-05  3.16228E-05  5.62341E-05  1.00000E-04
#           1.77828E-04  3.16228E-04  5.62341E-04  1.00000E-03  1.77828E-03
#           3.16228E-03  5.62341E-03  1.00000E-02  1.77828E-02  3.16228E-02
#           5.62341E-02  1.00000E-01  1.77828E-01  3.16228E-01  5.62341E-01
#           1.00000E+00  1.77828E+00  3.16228E+00  5.62341E+00  1.00000E+01
#           1.77828E+01  3.16228E+01  5.62341E+01  1.00000E+02  1.77828E+02
#           3.16228E+02  5.62341E+02  1.00000E+03  1.77828E+03  3.16228E+03
#           5.62341E+03  1.00000E+04  1.77828E+04  3.16228E+04  5.62341E+04
#           1.00000E+05
     unit =    1            # unit is [1/cm^2/source]
 material =  all            # (D=all) number of specific material
     axis =     eng            # axis of output
     file = air_spec.out    # file name of output for the above axis
     part =  neutron    muon-      muon+      proton   
# kf/name :  2112       13         -13        2212     
#    used :        main (  %)        temp (  %)       total (  %)
#  memory :          67 (  0)           0 (  0)          67 (  0)

#------------------------------------------------------------------------------
#newpage:
#   no. =  1   reg =    111

x: Energy [MeV/n]
y: Flux [1/cm^2/source]              
p: xlog ylog afac(0.8) form(0.9)
h: n            x            y(neutron ),hh0l n  y(muon-   ),hh0dr n  y(muon+   ),hh0ub n  y(proton  ),hh0mg n  
#  e-lower      e-upper        neutron   r.err      muon-     r.err      muon+     r.err      proton    r.err 
   1.0000E-10   1.7783E-10   0.0000E+00  0.0000   0.0000E+00  0.0000   0.0000E+00  0.0000   0.0000E+00  0.0000
   1.7783E-10   3.1623E-10   0.0000E+00  0.0000   0.0000E+00  0.0000   0.0000E+00  0.0000   0.0000E+00  0.0000
   3.1623E-10   5.6234E-10   0.0000E+00  0.0000   0.0000E+00  0.0000   0.0000E+00  0.0000   0.0000E+00  0.0000
   5.6234E-10   1.0000E-09   0.0000E+00  0.0000   0.0000E+00  0.0000   0.0000E+00  0.0000   0.0000E+00  0.0000
   1.0000E-09   1.7783E-09   0.0000E+00  0.0000   0.0000E+00  0.0000   0.0000E+00  0.0000   0.0000E+00  0.0000
   1.7783E-09   3.1623E-09   0.0000E+00  0.0000   0.0000E+00  0.0000   0.0000E+00  0.0000   0.0000E+00  0.0000
   3.1623E-09   5.6234E-09   0.0000E+00  0.0000   0.0000E+00  0.0000   0.0000E+00  0.0000   0.0000E+00  0.0000
   5.6234E-09   1.0000E-08   1.6976E-05  0.9017   0.0000E+00  0.0000   0.0000E+00  0.0000   0.0000E+00  0.0000
   1.0000E-08   1.7783E-08   4.5093E-05  0.5506   0.0000E+00  0.0000   0.0000E+00  0.0000   0.0000E+00  0.0000
   1.7783E-08   3.1623E-08   1.2306E-04  0.6985   0.0000E+00  0.0000   0.0000E+00  0.0000   0.0000E+00  0.0000
   3.1623E-08   5.6234E-08   1.5396E-04  0.5130   0.0000E+00  0.0000   0.0000E+00  0.0000   0.0000E+00  0.0000
   5.6234E-08   1.0000E-07   1.2460E-04  0.4190   0.0000E+00  0.0000   0.0000E+00  0.0000   0.0000E+00  0.0000
   1.0000E-07   1.7783E-07   1.0793E-05  0.5271   0.0000E+00  0.0000   0.0000E+00  0.0000   0.0000E+00  0.0000
   1.7783E-07   3.1623E-07   0.0000E+00  0.0000   0.0000E+00  0.0000   0.0000E+00  0.0000   0.0000E+00  0.0000
   3.1623E-07   5.6234E-07   0.0000E+00  0.0000   0.0000E+00  0.0000   0.0000E+00  0.0000   0.0000E+00  0.0000
   5.6234E-07   1.0000E-06   0.0000E+00  0.0000   0.0000E+00  0.0000   0.0000E+00  0.0000   0.0000E+00  0.0000
   1.0000E-06   1.7783E-06   4.0698E-06  1.0000   0.0000E+00  0.0000   0.0000E+00  0.0000   0.0000E+00  0.0000
   1.7783E-06   3.1623E-06   0.0000E+00  0.0000   0.0000E+00  0.0000   0.0000E+00  0.0000   0.0000E+00  0.0000
   3.1623E-06   5.6234E-06   0.0000E+00  0.0000   0.0000E+00  0.0000   0.0000E+00  0.0000   0.0000E+00  0.0000
   5.6234E-06   1.0000E-05   5.6975E-06  1.0000   0.0000E+00  0.0000   0.0000E+00  0.0000   0.0000E+00  0.0000
   1.0000E-05   1.7783E-05   2.0144E-06  1.0000   0.0000E+00  0.0000   0.0000E+00  0.0000   0.0000E+00  0.0000
   1.7783E-05   3.1623E-05   1.0552E-06  1.0000   0.0000E+00  0.0000   0.0000E+00  0.0000   0.0000E+00  0.0000
   3.1623E-05   5.6234E-05   9.6991E-05  0.7033   0.0000E+00  0.0000   0.0000E+00  0.0000   0.0000E+00  0.0000
   5.6234E-05   1.0000E-04   0.0000E+00  0.0000   0.0000E+00  0.0000   0.0000E+00  0.0000   0.0000E+00  0.0000
   1.0000E-04   1.7783E-04   2.9634E-05  1.0000   0.0000E+00  0.0000   0.0000E+00  0.0000   0.0000E+00  0.0000
   1.7783E-04   3.1623E-04   0.0000E+00  0.0000   0.0000E+00  0.0000   0.0000E+00  0.0000   0.0000E+00  0.0000
   3.1623E-04   5.6234E-04   5.9503E-06  0.7077   0.0000E+00  0.0000   0.0000E+00  0.0000   0.0000E+00  0.0000
   5.6234E-04   1.0000E-03   1.1107E-04  0.8518   0.0000E+00  0.0000   0.0000E+00  0.0000   0.0000E+00  0.0000
   1.0000E-03   1.7783E-03   6.2726E-05  1.0000   0.0000E+00  0.0000   0.0000E+00  0.0000   4.8919E-11  1.0000
   1.7783E-03   3.1623E-03   5.8320E-05  0.9015   0.0000E+00  0.0000   0.0000E+00  0.0000   7.0198E-11  1.0000
   3.1623E-03   5.6234E-03   1.7392E-04  0.5983   0.0000E+00  0.0000   0.0000E+00  0.0000   9.9322E-11  1.0000
   5.6234E-03   1.0000E-02   1.9390E-04  0.7506   0.0000E+00  0.0000   0.0000E+00  0.0000   1.3894E-10  1.0000
   1.0000E-02   1.7783E-02   7.2310E-07  1.0000   0.0000E+00  0.0000   0.0000E+00  0.0000   1.9281E-10  1.0000
   1.7783E-02   3.1623E-02   5.3826E-05  0.7108   0.0000E+00  0.0000   0.0000E+00  0.0000   2.6900E-10  1.0000
   3.1623E-02   5.6234E-02   3.6465E-06  1.0000   0.0000E+00  0.0000   0.0000E+00  0.0000   4.1165E-10  1.0000
   5.6234E-02   1.0000E-01   1.0961E-04  0.5722   0.0000E+00  0.0000   0.0000E+00  0.0000   6.6759E-10  1.0000
   1.0000E-01   1.7783E-01   8.9258E-05  0.7288   0.0000E+00  0.0000   0.0000E+00  0.0000   1.1822E-09  1.0000
   1.7783E-01   3.1623E-01   2.5347E-04  0.4378   0.0000E+00  0.0000   0.0000E+00  0.0000   2.4286E-09  1.0000
   3.1623E-01   5.6234E-01   9.1539E-05  0.5592   0.0000E+00  0.0000   0.0000E+00  0.0000   5.8442E-09  1.0000
   5.6234E-01   1.0000E+00   1.1196E-04  0.5731   0.0000E+00  0.0000   0.0000E+00  0.0000   1.5189E-08  1.0000
   1.0000E+00   1.7783E+00   1.4649E-04  0.6818   0.0000E+00  0.0000   0.0000E+00  0.0000   3.9860E-08  1.0000
   1.7783E+00   3.1623E+00   3.7629E-04  0.3406   0.0000E+00  0.0000   0.0000E+00  0.0000   1.0579E-07  1.0000
   3.1623E+00   5.6234E+00   2.7771E-04  0.4592   0.0000E+00  0.0000   0.0000E+00  0.0000   2.8755E-07  1.0000
   5.6234E+00   1.0000E+01   1.4374E-05  0.7233   0.0000E+00  0.0000   0.0000E+00  0.0000   8.0101E-07  1.0000
   1.0000E+01   1.7783E+01   3.8835E-04  0.5140   0.0000E+00  0.0000   0.0000E+00  0.0000   1.5720E-06  0.8138
   1.7783E+01   3.1623E+01   1.0640E-04  0.6191   0.0000E+00  0.0000   0.0000E+00  0.0000   8.5979E-06  0.6328
   3.1623E+01   5.6234E+01   2.9885E-04  0.5495   0.0000E+00  0.0000   0.0000E+00  0.0000   6.9812E-06  0.5833
   5.6234E+01   1.0000E+02   3.0395E-04  0.3430   0.0000E+00  0.0000   0.0000E+00  0.0000   3.7261E-05  0.2917
   1.0000E+02   1.7783E+02   3.8336E-04  0.3317   0.0000E+00  0.0000   0.0000E+00  0.0000   3.7514E-05  0.2939
   1.7783E+02   3.1623E+02   2.1764E-04  0.3947   0.0000E+00  0.0000   0.0000E+00  0.0000   4.7517E-05  0.2284
   3.1623E+02   5.6234E+02   2.0094E-04  0.4083   0.0000E+00  0.0000   0.0000E+00  0.0000   1.4830E-05  0.3869
   5.6234E+02   1.0000E+03   7.5295E-05  0.7107   0.0000E+00  0.0000   0.0000E+00  0.0000   3.0753E-05  0.3056
   1.0000E+03   1.7783E+03   0.0000E+00  0.0000   0.0000E+00  0.0000   0.0000E+00  0.0000   1.7825E-05  0.3817
   1.7783E+03   3.1623E+03   0.0000E+00  0.0000   0.0000E+00  0.0000   0.0000E+00  0.0000   1.7144E-05  0.3679
   3.1623E+03   5.6234E+03   0.0000E+00  0.0000   0.0000E+00  0.0000   0.0000E+00  0.0000   1.0108E-05  0.5058
   5.6234E+03   1.0000E+04   0.0000E+00  0.0000   0.0000E+00  0.0000   0.0000E+00  0.0000   1.2138E-05  0.4478
   1.0000E+04   1.7783E+04   0.0000E+00  0.0000   0.0000E+00  0.0000   0.0000E+00  0.0000   3.9957E-06  0.7074
   1.7783E+04   3.1623E+04   0.0000E+00  0.0000   0.0000E+00  0.0000   0.0000E+00  0.0000   5.2980E-06  0.7074
   3.1623E+04   5.6234E+04   0.0000E+00  0.0000   0.0000E+00  0.0000   0.0000E+00  0.0000   0.0000E+00  0.0000
   5.6234E+04   1.0000E+05   0.0000E+00  0.0000   0.0000E+00  0.0000   0.0000E+00  0.0000   0.0000E+00  0.0000

#   sum over                 4.7235E-03  0.1362   0.0000E+00  0.0000   0.0000E+00  0.0000   2.5280E-04  0.1001

'no. =  1,  reg  =    111'
msuc: {\huge Flux spectrum in open air above ground}
msdr: {\it plotted by \ANGEL \version}
msdl: {\it calculated by \PHITS  3.36}
wt: s(0.7)
\vspace{-3}
   vol  &=&   5.1200E+08 [cm^3]
e:
 
# Information for Restart Calculation
# This calculation was newly started
# istdev =  2 # 1:Batch variance, 2:History variance
# resc2  = 2.45964182304038229E-02 # Total source weight or Total source weight / maxcas
# resc3  = 7.00000000000000000E+02 # Total history number or Total batch number
# maxcas =         700 # History / Batch, only used for istdev=1
# bitrseed = 1011010101000111010110000101001111110100100110101110000010001110 # bit data of rseed
