[ T-Track ]
    title = Flux spectrum in open air above ground
     mesh =  reg            # mesh type is region-wise
      reg = 111
   e-type =    3            # e-mesh is log given by emin, emax and ne
     emin =  1.0000000E-10  # minimum value of e-mesh points
     emax =   100000.0      # maximum value of e-mesh points
#    edel =  0.5756463      # mesh width of e-mesh points
       ne =     60          # number of e-mesh points
#    data = ( e(i), i = 1, ne + 1 )
#           1.00000E-10  1.77828E-10  3.16228E-10  5.62341E-10  1.00000E-09
#           1.77828E-09  3.16228E-09  5.62341E-09  1.00000E-08  1.77828E-08
#           3.16228E-08  5.62341E-08  1.00000E-07  1.77828E-07  3.16228E-07
#           5.62341E-07  1.00000E-06  1.77828E-06  3.16228E-06  5.62341E-06
#           1.00000E-05  1.77828E-05  3.16228E-05  5.62341E-05  1.00000E-04
#           1.77828E-04  3.16228E-04  5.62341E-04  1.00000E-03  1.77828E-03
#           3.16228E-03  5.62341E-03  1.00000E-02  1.77828E-02  3.16228E-02
#           5.62341E-02  1.00000E-01  1.77828E-01  3.16228E-01  5.62341E-01
#           1.00000E+00  1.77828E+00  3.16228E+00  5.62341E+00  1.00000E+01
#           1.77828E+01  3.16228E+01  5.62341E+01  1.00000E+02  1.77828E+02
#           3.16228E+02  5.62341E+02  1.00000E+03  1.77828E+03  3.16228E+03
#           5.62341E+03  1.00000E+04  1.77828E+04  3.16228E+04  5.62341E+04
#           1.00000E+05
     unit =    1            # unit is [1/cm^2/source]
 material =  all            # (D=all) number of specific material
     axis =     eng            # axis of output
     file = air_spec.out    # file name of output for the above axis
     part =  neutron    muon-      muon+      proton   
# kf/name :  2112       13         -13        2212     
#    used :        main (  %)        temp (  %)       total (  %)
#  memory :          67 (  0)           0 (  0)          67 (  0)

#------------------------------------------------------------------------------
#newpage:
#   no. =  1   reg =    111

x: Energy [MeV/n]
y: Flux [1/cm^2/source]              
p: xlog ylog afac(0.8) form(0.9)
h: n            x            y(neutron ),hh0l n  y(muon-   ),hh0dr n  y(muon+   ),hh0ub n  y(proton  ),hh0mg n  
#  e-lower      e-upper        neutron   r.err      muon-     r.err      muon+     r.err      proton    r.err 
   1.0000E-10   1.7783E-10   0.0000E+00  0.0000   0.0000E+00  0.0000   0.0000E+00  0.0000   0.0000E+00  0.0000
   1.7783E-10   3.1623E-10   0.0000E+00  0.0000   0.0000E+00  0.0000   0.0000E+00  0.0000   0.0000E+00  0.0000
   3.1623E-10   5.6234E-10   0.0000E+00  0.0000   0.0000E+00  0.0000   0.0000E+00  0.0000   0.0000E+00  0.0000
   5.6234E-10   1.0000E-09   0.0000E+00  0.0000   0.0000E+00  0.0000   0.0000E+00  0.0000   0.0000E+00  0.0000
   1.0000E-09   1.7783E-09   0.0000E+00  0.0000   0.0000E+00  0.0000   0.0000E+00  0.0000   0.0000E+00  0.0000
   1.7783E-09   3.1623E-09   0.0000E+00  0.0000   0.0000E+00  0.0000   0.0000E+00  0.0000   0.0000E+00  0.0000
   3.1623E-09   5.6234E-09   0.0000E+00  0.0000   0.0000E+00  0.0000   0.0000E+00  0.0000   0.0000E+00  0.0000
   5.6234E-09   1.0000E-08   7.3621E-06  0.6051   0.0000E+00  0.0000   0.0000E+00  0.0000   0.0000E+00  0.0000
   1.0000E-08   1.7783E-08   2.3852E-05  0.5418   0.0000E+00  0.0000   0.0000E+00  0.0000   0.0000E+00  0.0000
   1.7783E-08   3.1623E-08   4.8175E-05  0.4555   0.0000E+00  0.0000   0.0000E+00  0.0000   0.0000E+00  0.0000
   3.1623E-08   5.6234E-08   1.3468E-04  0.2828   0.0000E+00  0.0000   0.0000E+00  0.0000   0.0000E+00  0.0000
   5.6234E-08   1.0000E-07   8.4092E-05  0.5896   0.0000E+00  0.0000   0.0000E+00  0.0000   0.0000E+00  0.0000
   1.0000E-07   1.7783E-07   4.6402E-05  0.3889   0.0000E+00  0.0000   0.0000E+00  0.0000   0.0000E+00  0.0000
   1.7783E-07   3.1623E-07   5.1269E-05  0.5700   0.0000E+00  0.0000   0.0000E+00  0.0000   0.0000E+00  0.0000
   3.1623E-07   5.6234E-07   3.1393E-05  0.9671   0.0000E+00  0.0000   0.0000E+00  0.0000   0.0000E+00  0.0000
   5.6234E-07   1.0000E-06   0.0000E+00  0.0000   0.0000E+00  0.0000   0.0000E+00  0.0000   0.0000E+00  0.0000
   1.0000E-06   1.7783E-06   2.5188E-05  0.7087   0.0000E+00  0.0000   0.0000E+00  0.0000   0.0000E+00  0.0000
   1.7783E-06   3.1623E-06   1.7645E-06  0.7825   0.0000E+00  0.0000   0.0000E+00  0.0000   0.0000E+00  0.0000
   3.1623E-06   5.6234E-06   5.3829E-05  0.6309   0.0000E+00  0.0000   0.0000E+00  0.0000   0.0000E+00  0.0000
   5.6234E-06   1.0000E-05   4.5914E-05  0.6583   0.0000E+00  0.0000   0.0000E+00  0.0000   0.0000E+00  0.0000
   1.0000E-05   1.7783E-05   1.0495E-05  0.9219   0.0000E+00  0.0000   0.0000E+00  0.0000   0.0000E+00  0.0000
   1.7783E-05   3.1623E-05   6.5817E-05  1.0000   0.0000E+00  0.0000   0.0000E+00  0.0000   0.0000E+00  0.0000
   3.1623E-05   5.6234E-05   1.3374E-04  0.9118   0.0000E+00  0.0000   0.0000E+00  0.0000   0.0000E+00  0.0000
   5.6234E-05   1.0000E-04   9.5401E-05  0.6004   0.0000E+00  0.0000   0.0000E+00  0.0000   0.0000E+00  0.0000
   1.0000E-04   1.7783E-04   5.7089E-05  0.7064   0.0000E+00  0.0000   0.0000E+00  0.0000   0.0000E+00  0.0000
   1.7783E-04   3.1623E-04   1.5176E-05  1.0000   0.0000E+00  0.0000   0.0000E+00  0.0000   0.0000E+00  0.0000
   3.1623E-04   5.6234E-04   4.1939E-05  0.9739   0.0000E+00  0.0000   0.0000E+00  0.0000   0.0000E+00  0.0000
   5.6234E-04   1.0000E-03   5.6077E-05  0.5972   0.0000E+00  0.0000   0.0000E+00  0.0000   0.0000E+00  0.0000
   1.0000E-03   1.7783E-03   2.5903E-05  0.6905   0.0000E+00  0.0000   0.0000E+00  0.0000   3.7135E-11  0.7069
   1.7783E-03   3.1623E-03   5.0637E-05  0.7113   0.0000E+00  0.0000   0.0000E+00  0.0000   5.3289E-11  0.7069
   3.1623E-03   5.6234E-03   2.6648E-05  0.7268   0.0000E+00  0.0000   0.0000E+00  0.0000   7.5397E-11  0.7069
   5.6234E-03   1.0000E-02   5.7530E-06  1.0000   0.0000E+00  0.0000   0.0000E+00  0.0000   1.0547E-10  0.7069
   1.0000E-02   1.7783E-02   3.1661E-05  0.9654   0.0000E+00  0.0000   0.0000E+00  0.0000   1.4637E-10  0.7069
   1.7783E-02   3.1623E-02   3.1927E-05  0.6324   0.0000E+00  0.0000   0.0000E+00  0.0000   2.0421E-10  0.7069
   3.1623E-02   5.6234E-02   1.4549E-05  0.8296   0.0000E+00  0.0000   0.0000E+00  0.0000   3.1249E-10  0.7069
   5.6234E-02   1.0000E-01   9.7994E-05  0.5927   0.0000E+00  0.0000   0.0000E+00  0.0000   5.0678E-10  0.7069
   1.0000E-01   1.7783E-01   1.1316E-04  0.4457   0.0000E+00  0.0000   0.0000E+00  0.0000   8.9745E-10  0.7069
   1.7783E-01   3.1623E-01   7.9460E-05  0.4619   0.0000E+00  0.0000   0.0000E+00  0.0000   1.8436E-09  0.7069
   3.1623E-01   5.6234E-01   2.4642E-04  0.4325   0.0000E+00  0.0000   0.0000E+00  0.0000   4.4365E-09  0.7069
   5.6234E-01   1.0000E+00   3.4899E-04  0.3279   0.0000E+00  0.0000   0.0000E+00  0.0000   1.1530E-08  0.7069
   1.0000E+00   1.7783E+00   2.9293E-04  0.2821   0.0000E+00  0.0000   0.0000E+00  0.0000   3.0258E-08  0.7069
   1.7783E+00   3.1623E+00   4.6120E-04  0.2270   0.0000E+00  0.0000   0.0000E+00  0.0000   8.0304E-08  0.7069
   3.1623E+00   5.6234E+00   3.7925E-04  0.2537   0.0000E+00  0.0000   0.0000E+00  0.0000   2.1828E-07  0.7069
   5.6234E+00   1.0000E+01   3.3594E-04  0.2728   0.0000E+00  0.0000   0.0000E+00  0.0000   6.0806E-07  0.7069
   1.0000E+01   1.7783E+01   1.4469E-04  0.3426   0.0000E+00  0.0000   4.8736E-07  1.0000   1.1705E-05  0.8195
   1.7783E+01   3.1623E+01   1.7555E-04  0.3095   0.0000E+00  0.0000   0.0000E+00  0.0000   1.7521E-05  0.6252
   3.1623E+01   5.6234E+01   3.0443E-04  0.2364   0.0000E+00  0.0000   1.6709E-06  1.0000   7.6163E-06  0.3544
   5.6234E+01   1.0000E+02   2.5709E-04  0.2410   0.0000E+00  0.0000   0.0000E+00  0.0000   3.6132E-05  0.3494
   1.0000E+02   1.7783E+02   4.0407E-04  0.2010   0.0000E+00  0.0000   0.0000E+00  0.0000   2.9906E-05  0.2453
   1.7783E+02   3.1623E+02   3.2518E-04  0.2100   0.0000E+00  0.0000   0.0000E+00  0.0000   4.0046E-05  0.1666
   3.1623E+02   5.6234E+02   1.1874E-04  0.3344   0.0000E+00  0.0000   0.0000E+00  0.0000   2.6500E-05  0.1932
   5.6234E+02   1.0000E+03   1.1814E-06  1.0000   0.0000E+00  0.0000   0.0000E+00  0.0000   2.5547E-05  0.2190
   1.0000E+03   1.7783E+03   2.4346E-05  0.6834   0.0000E+00  0.0000   0.0000E+00  0.0000   1.1744E-05  0.2711
   1.7783E+03   3.1623E+03   0.0000E+00  0.0000   0.0000E+00  0.0000   0.0000E+00  0.0000   9.2324E-06  0.3160
   3.1623E+03   5.6234E+03   0.0000E+00  0.0000   0.0000E+00  0.0000   0.0000E+00  0.0000   6.4077E-06  0.3784
   5.6234E+03   1.0000E+04   0.0000E+00  0.0000   0.0000E+00  0.0000   0.0000E+00  0.0000   1.7611E-06  0.7070
   1.0000E+04   1.7783E+04   0.0000E+00  0.0000   0.0000E+00  0.0000   0.0000E+00  0.0000   8.3684E-07  1.0000
   1.7783E+04   3.1623E+04   0.0000E+00  0.0000   0.0000E+00  0.0000   0.0000E+00  0.0000   8.8194E-07  1.0000
   3.1623E+04   5.6234E+04   0.0000E+00  0.0000   0.0000E+00  0.0000   0.0000E+00  0.0000   0.0000E+00  0.0000
   5.6234E+04   1.0000E+05   0.0000E+00  0.0000   0.0000E+00  0.0000   0.0000E+00  0.0000   0.0000E+00  0.0000

#   sum over                 5.3274E-03  0.0857   0.0000E+00  0.0000   2.1582E-06  0.8063   2.2679E-04  0.1253

'no. =  1,  reg  =    111'
msuc: {\huge Flux spectrum in open air above ground}
msdr: {\it plotted by \ANGEL \version}
msdl: {\it calculated by \PHITS  3.36}
wt: s(0.7)
\vspace{-3}
   vol  &=&   5.1200E+08 [cm^3]
e:
 
# Information for Restart Calculation
# This calculation was newly started
# istdev =  2 # 1:Batch variance, 2:History variance
# resc2  = 6.48025732907730884E-02 # Total source weight or Total source weight / maxcas
# resc3  = 1.70000000000000000E+03 # Total history number or Total batch number
# maxcas =        1700 # History / Batch, only used for istdev=1
# bitrseed = 0111100000011101111101001010010000110111101001010011111010110111 # bit data of rseed
