[ T-Track ]
    title = Flux spectrum in open air above ground
     mesh =  reg            # mesh type is region-wise
      reg = 111
   e-type =    3            # e-mesh is log given by emin, emax and ne
     emin =  1.0000000E-10  # minimum value of e-mesh points
     emax =   100000.0      # maximum value of e-mesh points
#    edel =  0.5756463      # mesh width of e-mesh points
       ne =     60          # number of e-mesh points
#    data = ( e(i), i = 1, ne + 1 )
#           1.00000E-10  1.77828E-10  3.16228E-10  5.62341E-10  1.00000E-09
#           1.77828E-09  3.16228E-09  5.62341E-09  1.00000E-08  1.77828E-08
#           3.16228E-08  5.62341E-08  1.00000E-07  1.77828E-07  3.16228E-07
#           5.62341E-07  1.00000E-06  1.77828E-06  3.16228E-06  5.62341E-06
#           1.00000E-05  1.77828E-05  3.16228E-05  5.62341E-05  1.00000E-04
#           1.77828E-04  3.16228E-04  5.62341E-04  1.00000E-03  1.77828E-03
#           3.16228E-03  5.62341E-03  1.00000E-02  1.77828E-02  3.16228E-02
#           5.62341E-02  1.00000E-01  1.77828E-01  3.16228E-01  5.62341E-01
#           1.00000E+00  1.77828E+00  3.16228E+00  5.62341E+00  1.00000E+01
#           1.77828E+01  3.16228E+01  5.62341E+01  1.00000E+02  1.77828E+02
#           3.16228E+02  5.62341E+02  1.00000E+03  1.77828E+03  3.16228E+03
#           5.62341E+03  1.00000E+04  1.77828E+04  3.16228E+04  5.62341E+04
#           1.00000E+05
     unit =    1            # unit is [1/cm^2/source]
 material =  all            # (D=all) number of specific material
     axis =     eng            # axis of output
     file = air_spec.out    # file name of output for the above axis
     part =  neutron    muon-      muon+      proton   
# kf/name :  2112       13         -13        2212     
#    used :        main (  %)        temp (  %)       total (  %)
#  memory :          67 (  0)           0 (  0)          67 (  0)

#------------------------------------------------------------------------------
#newpage:
#   no. =  1   reg =    111

x: Energy [MeV/n]
y: Flux [1/cm^2/source]              
p: xlog ylog afac(0.8) form(0.9)
h: n            x            y(neutron ),hh0l n  y(muon-   ),hh0dr n  y(muon+   ),hh0ub n  y(proton  ),hh0mg n  
#  e-lower      e-upper        neutron   r.err      muon-     r.err      muon+     r.err      proton    r.err 
   1.0000E-10   1.7783E-10   0.0000E+00  0.0000   0.0000E+00  0.0000   0.0000E+00  0.0000   0.0000E+00  0.0000
   1.7783E-10   3.1623E-10   0.0000E+00  0.0000   0.0000E+00  0.0000   0.0000E+00  0.0000   0.0000E+00  0.0000
   3.1623E-10   5.6234E-10   0.0000E+00  0.0000   0.0000E+00  0.0000   0.0000E+00  0.0000   0.0000E+00  0.0000
   5.6234E-10   1.0000E-09   0.0000E+00  0.0000   0.0000E+00  0.0000   0.0000E+00  0.0000   0.0000E+00  0.0000
   1.0000E-09   1.7783E-09   0.0000E+00  0.0000   0.0000E+00  0.0000   0.0000E+00  0.0000   0.0000E+00  0.0000
   1.7783E-09   3.1623E-09   0.0000E+00  0.0000   0.0000E+00  0.0000   0.0000E+00  0.0000   0.0000E+00  0.0000
   3.1623E-09   5.6234E-09   0.0000E+00  0.0000   0.0000E+00  0.0000   0.0000E+00  0.0000   0.0000E+00  0.0000
   5.6234E-09   1.0000E-08   9.6642E-06  0.6299   0.0000E+00  0.0000   0.0000E+00  0.0000   0.0000E+00  0.0000
   1.0000E-08   1.7783E-08   1.4341E-05  0.7658   0.0000E+00  0.0000   0.0000E+00  0.0000   0.0000E+00  0.0000
   1.7783E-08   3.1623E-08   1.0153E-04  0.6863   0.0000E+00  0.0000   0.0000E+00  0.0000   0.0000E+00  0.0000
   3.1623E-08   5.6234E-08   6.5073E-05  0.3431   0.0000E+00  0.0000   0.0000E+00  0.0000   0.0000E+00  0.0000
   5.6234E-08   1.0000E-07   1.1024E-04  0.5451   0.0000E+00  0.0000   0.0000E+00  0.0000   0.0000E+00  0.0000
   1.0000E-07   1.7783E-07   7.0144E-06  0.7317   0.0000E+00  0.0000   0.0000E+00  0.0000   0.0000E+00  0.0000
   1.7783E-07   3.1623E-07   0.0000E+00  0.0000   0.0000E+00  0.0000   0.0000E+00  0.0000   0.0000E+00  0.0000
   3.1623E-07   5.6234E-07   0.0000E+00  0.0000   0.0000E+00  0.0000   0.0000E+00  0.0000   0.0000E+00  0.0000
   5.6234E-07   1.0000E-06   0.0000E+00  0.0000   0.0000E+00  0.0000   0.0000E+00  0.0000   0.0000E+00  0.0000
   1.0000E-06   1.7783E-06   0.0000E+00  0.0000   0.0000E+00  0.0000   0.0000E+00  0.0000   0.0000E+00  0.0000
   1.7783E-06   3.1623E-06   1.4004E-05  0.7108   0.0000E+00  0.0000   0.0000E+00  0.0000   0.0000E+00  0.0000
   3.1623E-06   5.6234E-06   0.0000E+00  0.0000   0.0000E+00  0.0000   0.0000E+00  0.0000   0.0000E+00  0.0000
   5.6234E-06   1.0000E-05   1.1910E-05  1.0000   0.0000E+00  0.0000   0.0000E+00  0.0000   0.0000E+00  0.0000
   1.0000E-05   1.7783E-05   0.0000E+00  0.0000   0.0000E+00  0.0000   0.0000E+00  0.0000   0.0000E+00  0.0000
   1.7783E-05   3.1623E-05   2.6648E-05  1.0000   0.0000E+00  0.0000   0.0000E+00  0.0000   0.0000E+00  0.0000
   3.1623E-05   5.6234E-05   0.0000E+00  0.0000   0.0000E+00  0.0000   0.0000E+00  0.0000   0.0000E+00  0.0000
   5.6234E-05   1.0000E-04   0.0000E+00  0.0000   0.0000E+00  0.0000   0.0000E+00  0.0000   0.0000E+00  0.0000
   1.0000E-04   1.7783E-04   7.3838E-05  1.0000   0.0000E+00  0.0000   0.0000E+00  0.0000   0.0000E+00  0.0000
   1.7783E-04   3.1623E-04   0.0000E+00  0.0000   0.0000E+00  0.0000   0.0000E+00  0.0000   0.0000E+00  0.0000
   3.1623E-04   5.6234E-04   0.0000E+00  0.0000   0.0000E+00  0.0000   0.0000E+00  0.0000   0.0000E+00  0.0000
   5.6234E-04   1.0000E-03   0.0000E+00  0.0000   0.0000E+00  0.0000   0.0000E+00  0.0000   0.0000E+00  0.0000
   1.0000E-03   1.7783E-03   2.4041E-05  1.0000   0.0000E+00  0.0000   0.0000E+00  0.0000   3.2876E-11  1.0000
   1.7783E-03   3.1623E-03   9.6306E-06  1.0000   0.0000E+00  0.0000   0.0000E+00  0.0000   4.7177E-11  1.0000
   3.1623E-03   5.6234E-03   3.7087E-05  1.0000   0.0000E+00  0.0000   0.0000E+00  0.0000   6.6749E-11  1.0000
   5.6234E-03   1.0000E-02   6.8755E-05  0.7233   0.0000E+00  0.0000   0.0000E+00  0.0000   9.3372E-11  1.0000
   1.0000E-02   1.7783E-02   0.0000E+00  0.0000   0.0000E+00  0.0000   0.0000E+00  0.0000   1.2958E-10  1.0000
   1.7783E-02   3.1623E-02   3.6173E-05  0.7109   0.0000E+00  0.0000   0.0000E+00  0.0000   1.8078E-10  1.0000
   3.1623E-02   5.6234E-02   0.0000E+00  0.0000   0.0000E+00  0.0000   0.0000E+00  0.0000   2.7665E-10  1.0000
   5.6234E-02   1.0000E-01   5.1264E-05  0.7069   0.0000E+00  0.0000   0.0000E+00  0.0000   4.4865E-10  1.0000
   1.0000E-01   1.7783E-01   7.4914E-05  0.7068   0.0000E+00  0.0000   0.0000E+00  0.0000   7.9451E-10  1.0000
   1.7783E-01   3.1623E-01   1.9218E-04  0.4328   0.0000E+00  0.0000   0.0000E+00  0.0000   1.6322E-09  1.0000
   3.1623E-01   5.6234E-01   1.5104E-04  0.5679   0.0000E+00  0.0000   0.0000E+00  0.0000   3.9276E-09  1.0000
   5.6234E-01   1.0000E+00   8.0010E-05  0.5122   0.0000E+00  0.0000   0.0000E+00  0.0000   1.0208E-08  1.0000
   1.0000E+00   1.7783E+00   8.9485E-05  0.7484   0.0000E+00  0.0000   0.0000E+00  0.0000   2.6788E-08  1.0000
   1.7783E+00   3.1623E+00   1.3259E-04  0.4488   0.0000E+00  0.0000   0.0000E+00  0.0000   7.1093E-08  1.0000
   3.1623E+00   5.6234E+00   2.3037E-04  0.4258   0.0000E+00  0.0000   0.0000E+00  0.0000   1.9325E-07  1.0000
   5.6234E+00   1.0000E+01   1.4992E-04  0.4254   0.0000E+00  0.0000   0.0000E+00  0.0000   5.3832E-07  1.0000
   1.0000E+01   1.7783E+01   2.2804E-04  0.5329   0.0000E+00  0.0000   0.0000E+00  0.0000   1.0564E-06  0.8138
   1.7783E+01   3.1623E+01   2.4116E-04  0.5289   0.0000E+00  0.0000   0.0000E+00  0.0000   9.7610E-06  0.4766
   3.1623E+01   5.6234E+01   2.8276E-04  0.4268   0.0000E+00  0.0000   0.0000E+00  0.0000   6.6751E-06  0.4768
   5.6234E+01   1.0000E+02   3.7798E-04  0.2473   0.0000E+00  0.0000   0.0000E+00  0.0000   3.3297E-05  0.2462
   1.0000E+02   1.7783E+02   3.4806E-04  0.2737   0.0000E+00  0.0000   0.0000E+00  0.0000   3.6943E-05  0.2412
   1.7783E+02   3.1623E+02   3.2734E-04  0.2732   0.0000E+00  0.0000   0.0000E+00  0.0000   4.1261E-05  0.2015
   3.1623E+02   5.6234E+02   1.6573E-04  0.3806   0.0000E+00  0.0000   0.0000E+00  0.0000   1.4825E-05  0.3211
   5.6234E+02   1.0000E+03   1.0022E-04  0.5015   0.0000E+00  0.0000   0.0000E+00  0.0000   2.4418E-05  0.2772
   1.0000E+03   1.7783E+03   0.0000E+00  0.0000   0.0000E+00  0.0000   0.0000E+00  0.0000   1.5524E-05  0.3366
   1.7783E+03   3.1623E+03   0.0000E+00  0.0000   0.0000E+00  0.0000   0.0000E+00  0.0000   1.2999E-05  0.3454
   3.1623E+03   5.6234E+03   0.0000E+00  0.0000   0.0000E+00  0.0000   0.0000E+00  0.0000   8.5621E-06  0.4512
   5.6234E+03   1.0000E+04   0.0000E+00  0.0000   0.0000E+00  0.0000   0.0000E+00  0.0000   8.1572E-06  0.4482
   1.0000E+04   1.7783E+04   0.0000E+00  0.0000   0.0000E+00  0.0000   0.0000E+00  0.0000   4.3757E-06  0.5808
   1.7783E+04   3.1623E+04   0.0000E+00  0.0000   0.0000E+00  0.0000   0.0000E+00  0.0000   3.5605E-06  0.7076
   3.1623E+04   5.6234E+04   0.0000E+00  0.0000   0.0000E+00  0.0000   0.0000E+00  0.0000   0.0000E+00  0.0000
   5.6234E+04   1.0000E+05   0.0000E+00  0.0000   0.0000E+00  0.0000   0.0000E+00  0.0000   1.4815E-06  1.0000

#   sum over                 3.8330E-03  0.1089   0.0000E+00  0.0000   0.0000E+00  0.0000   2.2374E-04  0.0885

'no. =  1,  reg  =    111'
msuc: {\huge Flux spectrum in open air above ground}
msdr: {\it plotted by \ANGEL \version}
msdl: {\it calculated by \PHITS  3.36}
wt: s(0.7)
\vspace{-3}
   vol  &=&   5.1200E+08 [cm^3]
e:
 
# Information for Restart Calculation
# This calculation was newly started
# istdev =  2 # 1:Batch variance, 2:History variance
# resc2  = 3.65992425436963212E-02 # Total source weight or Total source weight / maxcas
# resc3  = 1.00000000000000000E+03 # Total history number or Total batch number
# maxcas =        1000 # History / Batch, only used for istdev=1
# bitrseed = 1110101111011011111001000001101001101100010001110111010110101110 # bit data of rseed
