           _________________________________________________________
          |                                                         |
          |       _/_/_/_/                                          |
          |      _/      _/                  _/_/_/_/_/_/           |
          |     _/      _/  _/      _/   _/      _/      _/_/_/_/_/ |
          |    _/_/_/_/    _/      _/   _/      _/      _/          |
          |   _/          _/_/_/_/_/   _/      _/       _/_/_/_/    |
          |  _/          _/      _/   _/      _/              _/    |
          | _/          _/      _/   _/      _/      _/_/_/_/_/     |
          |                                                         |
          |                                                         |
          |       Particle and Heavy Ion Transport code System      |
          |                      Version =  3.360                   |
          |                       developed by                      |
          |                                                         |
          |  Tatsuhiko SATO, Yosuke IWAMOTO, Shintaro HASHIMOTO,    |
          |    Tatsuhiko OGAWA, Takuya FURUTA, Shinichiro ABE,      |
          |    Takeshi KAI, Norihiro MATSUDA, Yusuke MATSUYA,       |
          |      Yuho HIRATA, Takuya SEKIKAWA, Seiki Ohnish,        |
          |                     Yao LAN (JAEA),                     |
          |  Hiroshi IWASE, Yasuhito SAKAKI, Kenta SUGIHARA (KEK),  |
          |           Nobuhiro SHIGYO (Kyushu University),          |
          |     Hunter RATLIFF (Haukeland University Hospital),     |
          |  Lembit SIHVER (University of Texas Rio Grande Valley), |
          |                  and Koji NIITA (RIST)                  |
          |                                                         |
          |                 Last Revised  2026-03-24                |
          |_________________________________________________________|

                        Starting Date = 2026-08-18
                        Starting Time = 18h 39m 29

>>> Input Echo >>>=============================================================

[ Title ]
宇宙線中性子 地下実験室シミュレーション (KEK つくば)
コンクリート厚さ 250 cm の天井越し中性子フラックス測定

[ Parameters ]
 icntl    =           0     # (D=0) 3:ECH 5:NOR 6:SRC 7,8:GSH 11:DSH 12:DUMP
 maxcas   =        1000     # (D=10) number of particles per one batch
 maxbch   =          10     # (D=10) number of batches
 e-mode   =           2     # (D=0) 0: Normal, 1: Event generator mode Ver.1, 2: Ver.2
 irqmd    =           1     # (D=0) 0: JQMD legacy version, 1: JQMD-2.0
 negs     =           2     # (D=-1) =-1:original, =0:No, =1:EGS, =2:EGS(HE)
 mdbatima =        3000     # (D=500) max database size of ATIMA
 maxbnk   =      100000     # (D=10000) maximum bank memory length
 imevperu =           1     # (D=1) currently recommended to use iMeVperN instead of iMeVperU
 esmax    =  100000000.     # (D=1.0e6) max energy/u for charged particle range
 emin(12) =  1.00000000     # (D=1.e+9) cut-off energy of electron (MeV)
 emin(13) =  1.00000000     # (D=1.e+9) cut-off energy of positron (MeV)

[ Source ]
  totfact =  2.11984E+06    # (D=1.0) global factor
$ totfact =  2.11984E+06    # revised global factor by e-type = 25,26,28 or 29

 <Source> =   5.0432        # weight of this sub-source
$<Source> =   5.0432        # revised <source> by e-type=25,26,28 or 29
   s-type =   9             # spherical source
     proj =  proton         # kind of incident particle         
       x0 =   0.0000        # (D=0.0) center position of x-axis [cm]
       y0 =   0.0000        # (D=0.0) center position of y-axis [cm]
       z0 =   0.0000        # (D=0.0) center position of z-axis [cm]
       r1 =   350.00        # inner radius [cm]
       r2 =   350.00        # outer radius [cm]
      dir =  iso            # inner direction with uniform dis. by analog
      ag1 =  -1.0000        # minimum zenith angle in cosine
      ag2 =   1.0000        # maximum zenith angle in cosine
      pg1 =   0.0000        # minimum azimuth angle in degree
      pg2 =   360.00        # maximum azimuth angle in degree
   e-type =  25             # Cosmic-ray source
      eg1 =   1.0000        # minimum cutoff energy [MeV]
      eg2 =  1.00000E+06    # maximum cutoff energy [MeV]
       nm = -200            # number of energy mesh
                            # nm>0: lin, nm<0: log mesh and interpolation
#   e-type = 21             # energy distribution given by data
#      ne = -200            # number of energy bin
#  e-lower      fluence(/cm2/s/(MeV/n))
#  1.00000E+00  1.12497E-05
#  1.07152E+00  1.26077E-05
#  1.14815E+00  1.41217E-05
#  1.23027E+00  1.58085E-05
#  1.31826E+00  1.76864E-05
#  1.41254E+00  1.97755E-05
#  1.51356E+00  2.20977E-05
#  1.62181E+00  2.46770E-05
#  1.73780E+00  2.75393E-05
#  1.86209E+00  3.07132E-05
#  1.99526E+00  3.42292E-05
#  2.13796E+00  3.81210E-05
#  2.29087E+00  4.24246E-05
#  2.45471E+00  4.71790E-05
#  2.63027E+00  5.24265E-05
#  2.81838E+00  5.82123E-05
#  3.01995E+00  6.45851E-05
#  3.23594E+00  7.15970E-05
#  3.46737E+00  7.93038E-05
#  3.71535E+00  8.77649E-05
#  3.98107E+00  9.70436E-05
#  4.26580E+00  1.07207E-04
#  4.57088E+00  1.18326E-04
#  4.89779E+00  1.30476E-04
#  5.24807E+00  1.43735E-04
#  5.62341E+00  1.58186E-04
#  6.02560E+00  1.73916E-04
#  6.45654E+00  1.91013E-04
#  6.91831E+00  2.09572E-04
#  7.41310E+00  2.29688E-04
#  7.94328E+00  2.51461E-04
#  8.51138E+00  2.74991E-04
#  9.12011E+00  3.00381E-04
#  9.77237E+00  3.27735E-04
#  1.04713E+01  3.57157E-04
#  1.12202E+01  3.88751E-04
#  1.20226E+01  4.22621E-04
#  1.28825E+01  4.58866E-04
#  1.38038E+01  4.97584E-04
#  1.47911E+01  5.38868E-04
#  1.58489E+01  5.82804E-04
#  1.69824E+01  6.29473E-04
#  1.81970E+01  6.78947E-04
#  1.94984E+01  7.31286E-04
#  2.08930E+01  7.86539E-04
#  2.23872E+01  8.44744E-04
#  2.39883E+01  9.05920E-04
#  2.57040E+01  9.70070E-04
#  2.75423E+01  1.03718E-03
#  2.95121E+01  1.10721E-03
#  3.16228E+01  1.18011E-03
#  3.38844E+01  1.25579E-03
#  3.63078E+01  1.33413E-03
#  3.89045E+01  1.41501E-03
#  4.16869E+01  1.49826E-03
#  4.46684E+01  1.58367E-03
#  4.78630E+01  1.67103E-03
#  5.12861E+01  1.76006E-03
#  5.49541E+01  1.85047E-03
#  5.88844E+01  1.94193E-03
#  6.30957E+01  2.03408E-03
#  6.76083E+01  2.12652E-03
#  7.24436E+01  2.21883E-03
#  7.76247E+01  2.31053E-03
#  8.31764E+01  2.40115E-03
#  8.91251E+01  2.49016E-03
#  9.54993E+01  2.57703E-03
#  1.02329E+02  2.66120E-03
#  1.09648E+02  2.74208E-03
#  1.17490E+02  2.81910E-03
#  1.25893E+02  2.89165E-03
#  1.34896E+02  2.95915E-03
#  1.44544E+02  3.02100E-03
#  1.54882E+02  3.07663E-03
#  1.65959E+02  3.12549E-03
#  1.77828E+02  3.16705E-03
#  1.90546E+02  3.20084E-03
#  2.04174E+02  3.22640E-03
#  2.18776E+02  3.24334E-03
#  2.34423E+02  3.25134E-03
#  2.51189E+02  3.25015E-03
#  2.69153E+02  3.23956E-03
#  2.88403E+02  3.21949E-03
#  3.09030E+02  3.18991E-03
#  3.31131E+02  3.15091E-03
#  3.54813E+02  3.10264E-03
#  3.80189E+02  3.04537E-03
#  4.07380E+02  2.97946E-03
#  4.36516E+02  2.90535E-03
#  4.67735E+02  2.82358E-03
#  5.01187E+02  2.73477E-03
#  5.37032E+02  2.63959E-03
#  5.75440E+02  2.53879E-03
#  6.16595E+02  2.43319E-03
#  6.60693E+02  2.32363E-03
#  7.07946E+02  2.21096E-03
#  7.58578E+02  2.09609E-03
#  8.12831E+02  1.97988E-03
#  8.70964E+02  1.86320E-03
#  9.33254E+02  1.74690E-03
#  1.00000E+03  1.63176E-03
#  1.07152E+03  1.51855E-03
#  1.14815E+03  1.40793E-03
#  1.23027E+03  1.30053E-03
#  1.31826E+03  1.19688E-03
#  1.41254E+03  1.09745E-03
#  1.51356E+03  1.00261E-03
#  1.62181E+03  9.12658E-04
#  1.73780E+03  8.27807E-04
#  1.86209E+03  7.48196E-04
#  1.99526E+03  6.73889E-04
#  2.13796E+03  6.04885E-04
#  2.29087E+03  5.41123E-04
#  2.45471E+03  4.82486E-04
#  2.63027E+03  4.28816E-04
#  2.81838E+03  3.79915E-04
#  3.01995E+03  3.35556E-04
#  3.23594E+03  2.95489E-04
#  3.46737E+03  2.59448E-04
#  3.71535E+03  2.27160E-04
#  3.98107E+03  1.98346E-04
#  4.26580E+03  1.72728E-04
#  4.57088E+03  1.50034E-04
#  4.89779E+03  1.30000E-04
#  5.24807E+03  1.12374E-04
#  5.62341E+03  9.69155E-05
#  6.02560E+03  8.34001E-05
#  6.45654E+03  7.16184E-05
#  6.91831E+03  6.13772E-05
#  7.41310E+03  5.24990E-05
#  7.94328E+03  4.48224E-05
#  8.51138E+03  3.82010E-05
#  9.12011E+03  3.25032E-05
#  9.77237E+03  2.76112E-05
#  1.04713E+04  2.34199E-05
#  1.12202E+04  1.98363E-05
#  1.20226E+04  1.67780E-05
#  1.28825E+04  1.41728E-05
#  1.38038E+04  1.19575E-05
#  1.47911E+04  1.00767E-05
#  1.58489E+04  8.48240E-06
#  1.69824E+04  7.13293E-06
#  1.81970E+04  5.99227E-06
#  1.94984E+04  5.02935E-06
#  2.08930E+04  4.21748E-06
#  2.23872E+04  3.53376E-06
#  2.39883E+04  2.95859E-06
#  2.57040E+04  2.47523E-06
#  2.75423E+04  2.06941E-06
#  2.95121E+04  1.72902E-06
#  3.16228E+04  1.44374E-06
#  3.38844E+04  1.20484E-06
#  3.63078E+04  1.00493E-06
#  3.89045E+04  8.37772E-07
#  4.16869E+04  6.98089E-07
#  4.46684E+04  5.81438E-07
#  4.78630E+04  4.84078E-07
#  5.12861E+04  4.02865E-07
#  5.49541E+04  3.35154E-07
#  5.88844E+04  2.78728E-07
#  6.30957E+04  2.31728E-07
#  6.76083E+04  1.92595E-07
#  7.24436E+04  1.60026E-07
#  7.76247E+04  1.32930E-07
#  8.31764E+04  1.10394E-07
#  8.91251E+04  9.16583E-08
#  9.54993E+04  7.60857E-08
#  1.02329E+05  6.31462E-08
#  1.09648E+05  5.23973E-08
#  1.17490E+05  4.34705E-08
#  1.25893E+05  3.60586E-08
#  1.34896E+05  2.99058E-08
#  1.44544E+05  2.47993E-08
#  1.54882E+05  2.05621E-08
#  1.65959E+05  1.70466E-08
#  1.77828E+05  1.41305E-08
#  1.90546E+05  1.17120E-08
#  2.04174E+05  9.70643E-09
#  2.18776E+05  8.04353E-09
#  2.34423E+05  6.66491E-09
#  2.51189E+05  5.52212E-09
#  2.69153E+05  4.57492E-09
#  2.88403E+05  3.78991E-09
#  3.09030E+05  3.13939E-09
#  3.31131E+05  2.60036E-09
#  3.54813E+05  2.15376E-09
#  3.80189E+05  1.78376E-09
#  4.07380E+05  1.47724E-09
#  4.36516E+05  1.22334E-09
#  4.67735E+05  1.01303E-09
#  5.01187E+05  8.38841E-10
#  5.37032E+05  6.94576E-10
#  5.75440E+05  5.75100E-10
#  6.16595E+05  4.76160E-10
#  6.60693E+05  3.94229E-10
#  7.07946E+05  3.26385E-10
#  7.58578E+05  2.70209E-10
#  8.12831E+05  2.23697E-10
#  8.70964E+05  1.85186E-10
#  9.33254E+05  1.53301E-10
    icenv =   0             # 0>: Terrestiral GCR, D=0: Free-space GCR, <0:Free-space SEP
 solarmod =   0.0000        # Solar activity W-index
    rigid =   0.0000        # Cut-off rigidity in GV
  depatom =   0.0000        # Atmospheric depth in g/cm2
  environ =  0.15000        # Surrounding environment (icenv=2-4) or SPE index (icenv=-1)

 <Source> =  0.46505        # weight of this sub-source
$<Source> =  0.46505        # revised <source> by e-type=25,26,28 or 29
   s-type =   9             # spherical source
     proj =  alpha          # kind of incident particle         
       x0 =   0.0000        # (D=0.0) center position of x-axis [cm]
       y0 =   0.0000        # (D=0.0) center position of y-axis [cm]
       z0 =   0.0000        # (D=0.0) center position of z-axis [cm]
       r1 =   350.00        # inner radius [cm]
       r2 =   350.00        # outer radius [cm]
      dir =  iso            # inner direction with uniform dis. by analog
      ag1 =  -1.0000        # minimum zenith angle in cosine
      ag2 =   1.0000        # maximum zenith angle in cosine
      pg1 =   0.0000        # minimum azimuth angle in degree
      pg2 =   360.00        # maximum azimuth angle in degree
   e-type =  25             # Cosmic-ray source
      eg1 =   1.0000        # minimum cutoff energy [MeV]
      eg2 =  1.00000E+06    # maximum cutoff energy [MeV]
       nm = -200            # number of energy mesh
                            # nm>0: lin, nm<0: log mesh and interpolation
#   e-type = 21             # energy distribution given by data
#      ne = -200            # number of energy bin
#  e-lower      fluence(/cm2/s/(MeV/n))
#  1.00000E+00  5.11071E-06
#  1.07152E+00  5.69413E-06
#  1.14815E+00  6.33846E-06
#  1.23027E+00  7.04923E-06
#  1.31826E+00  7.83235E-06
#  1.41254E+00  8.69415E-06
#  1.51356E+00  9.64137E-06
#  1.62181E+00  1.06811E-05
#  1.73780E+00  1.18210E-05
#  1.86209E+00  1.30691E-05
#  1.99526E+00  1.44336E-05
#  2.13796E+00  1.59236E-05
#  2.29087E+00  1.75481E-05
#  2.45471E+00  1.93169E-05
#  2.63027E+00  2.12399E-05
#  2.81838E+00  2.33276E-05
#  3.01995E+00  2.55904E-05
#  3.23594E+00  2.80395E-05
#  3.46737E+00  3.06859E-05
#  3.71535E+00  3.35409E-05
#  3.98107E+00  3.66160E-05
#  4.26580E+00  3.99227E-05
#  4.57088E+00  4.34723E-05
#  4.89779E+00  4.72763E-05
#  5.24807E+00  5.13456E-05
#  5.62341E+00  5.56911E-05
#  6.02560E+00  6.03231E-05
#  6.45654E+00  6.52513E-05
#  6.91831E+00  7.04849E-05
#  7.41310E+00  7.60322E-05
#  7.94328E+00  8.19006E-05
#  8.51138E+00  8.80963E-05
#  9.12011E+00  9.46244E-05
#  9.77237E+00  1.01489E-04
#  1.04713E+01  1.08691E-04
#  1.12202E+01  1.16232E-04
#  1.20226E+01  1.24111E-04
#  1.28825E+01  1.32324E-04
#  1.38038E+01  1.40867E-04
#  1.47911E+01  1.49730E-04
#  1.58489E+01  1.58906E-04
#  1.69824E+01  1.68380E-04
#  1.81970E+01  1.78139E-04
#  1.94984E+01  1.88166E-04
#  2.08930E+01  1.98439E-04
#  2.23872E+01  2.08936E-04
#  2.39883E+01  2.19632E-04
#  2.57040E+01  2.30498E-04
#  2.75423E+01  2.41502E-04
#  2.95121E+01  2.52611E-04
#  3.16228E+01  2.63787E-04
#  3.38844E+01  2.74993E-04
#  3.63078E+01  2.86185E-04
#  3.89045E+01  2.97319E-04
#  4.16869E+01  3.08349E-04
#  4.46684E+01  3.19226E-04
#  4.78630E+01  3.29900E-04
#  5.12861E+01  3.40318E-04
#  5.49541E+01  3.50428E-04
#  5.88844E+01  3.60174E-04
#  6.30957E+01  3.69502E-04
#  6.76083E+01  3.78356E-04
#  7.24436E+01  3.86681E-04
#  7.76247E+01  3.94421E-04
#  8.31764E+01  4.01523E-04
#  8.91251E+01  4.07934E-04
#  9.54993E+01  4.13603E-04
#  1.02329E+02  4.18481E-04
#  1.09648E+02  4.22524E-04
#  1.17490E+02  4.25688E-04
#  1.25893E+02  4.27937E-04
#  1.34896E+02  4.29236E-04
#  1.44544E+02  4.29557E-04
#  1.54882E+02  4.28878E-04
#  1.65959E+02  4.27182E-04
#  1.77828E+02  4.24460E-04
#  1.90546E+02  4.20708E-04
#  2.04174E+02  4.15933E-04
#  2.18776E+02  4.10145E-04
#  2.34423E+02  4.03367E-04
#  2.51189E+02  3.95626E-04
#  2.69153E+02  3.86961E-04
#  2.88403E+02  3.77416E-04
#  3.09030E+02  3.67045E-04
#  3.31131E+02  3.55907E-04
#  3.54813E+02  3.44072E-04
#  3.80189E+02  3.31611E-04
#  4.07380E+02  3.18606E-04
#  4.36516E+02  3.05140E-04
#  4.67735E+02  2.91302E-04
#  5.01187E+02  2.77180E-04
#  5.37032E+02  2.62868E-04
#  5.75440E+02  2.48457E-04
#  6.16595E+02  2.34038E-04
#  6.60693E+02  2.19698E-04
#  7.07946E+02  2.05523E-04
#  7.58578E+02  1.91591E-04
#  8.12831E+02  1.77978E-04
#  8.70964E+02  1.64751E-04
#  9.33254E+02  1.51968E-04
#  1.00000E+03  1.39683E-04
#  1.07152E+03  1.27940E-04
#  1.14815E+03  1.16772E-04
#  1.23027E+03  1.06207E-04
#  1.31826E+03  9.62636E-05
#  1.41254E+03  8.69513E-05
#  1.51356E+03  7.82730E-05
#  1.62181E+03  7.02245E-05
#  1.73780E+03  6.27953E-05
#  1.86209E+03  5.59695E-05
#  1.99526E+03  4.97264E-05
#  2.13796E+03  4.40415E-05
#  2.29087E+03  3.88871E-05
#  2.45471E+03  3.42333E-05
#  2.63027E+03  3.00487E-05
#  2.81838E+03  2.63008E-05
#  3.01995E+03  2.29570E-05
#  3.23594E+03  1.99848E-05
#  3.46737E+03  1.73524E-05
#  3.71535E+03  1.50291E-05
#  3.98107E+03  1.29855E-05
#  4.26580E+03  1.11937E-05
#  4.57088E+03  9.62750E-06
#  4.89779E+03  8.26268E-06
#  5.24807E+03  7.07672E-06
#  5.62341E+03  6.04901E-06
#  6.02560E+03  5.16077E-06
#  6.45654E+03  4.39500E-06
#  6.91831E+03  3.73641E-06
#  7.41310E+03  3.17128E-06
#  7.94328E+03  2.68742E-06
#  8.51138E+03  2.27399E-06
#  9.12011E+03  1.92143E-06
#  9.77237E+03  1.62135E-06
#  1.04713E+04  1.36640E-06
#  1.12202E+04  1.15014E-06
#  1.20226E+04  9.67002E-07
#  1.28825E+04  8.12145E-07
#  1.38038E+04  6.81390E-07
#  1.47911E+04  5.71134E-07
#  1.58489E+04  4.78281E-07
#  1.69824E+04  4.00180E-07
#  1.81970E+04  3.34560E-07
#  1.94984E+04  2.79487E-07
#  2.08930E+04  2.33312E-07
#  2.23872E+04  1.94633E-07
#  2.39883E+04  1.62264E-07
#  2.57040E+04  1.35196E-07
#  2.75423E+04  1.12581E-07
#  2.95121E+04  9.36987E-08
#  3.16228E+04  7.79449E-08
#  3.38844E+04  6.48096E-08
#  3.63078E+04  5.38643E-08
#  3.89045E+04  4.47491E-08
#  4.16869E+04  3.71622E-08
#  4.46684E+04  3.08505E-08
#  4.78630E+04  2.56021E-08
#  5.12861E+04  2.12398E-08
#  5.49541E+04  1.76157E-08
#  5.88844E+04  1.46058E-08
#  6.30957E+04  1.21071E-08
#  6.76083E+04  1.00334E-08
#  7.24436E+04  8.31301E-09
#  7.76247E+04  6.88614E-09
#  8.31764E+04  5.70304E-09
#  8.91251E+04  4.72233E-09
#  9.54993E+04  3.90959E-09
#  1.02329E+05  3.23619E-09
#  1.09648E+05  2.67838E-09
#  1.17490E+05  2.21640E-09
#  1.25893E+05  1.83385E-09
#  1.34896E+05  1.51715E-09
#  1.44544E+05  1.25499E-09
#  1.54882E+05  1.03803E-09
#  1.65959E+05  8.58479E-10
#  1.77828E+05  7.09922E-10
#  1.90546E+05  5.87020E-10
#  2.04174E+05  4.85355E-10
#  2.18776E+05  4.01265E-10
#  2.34423E+05  3.31721E-10
#  2.51189E+05  2.74211E-10
#  2.69153E+05  2.26657E-10
#  2.88403E+05  1.87339E-10
#  3.09030E+05  1.54833E-10
#  3.31131E+05  1.27961E-10
#  3.54813E+05  1.05747E-10
#  3.80189E+05  8.73861E-11
#  4.07380E+05  7.22099E-11
#  4.36516E+05  5.96670E-11
#  4.67735E+05  4.93011E-11
#  5.01187E+05  4.07346E-11
#  5.37032E+05  3.36556E-11
#  5.75440E+05  2.78059E-11
#  6.16595E+05  2.29724E-11
#  6.60693E+05  1.89785E-11
#  7.07946E+05  1.56787E-11
#  7.58578E+05  1.29523E-11
#  8.12831E+05  1.06998E-11
#  8.70964E+05  8.83881E-12
#  9.33254E+05  7.30138E-12
    icenv =   0             # 0>: Terrestiral GCR, D=0: Free-space GCR, <0:Free-space SEP
 solarmod =   0.0000        # Solar activity W-index
    rigid =   0.0000        # Cut-off rigidity in GV
  depatom =   0.0000        # Atmospheric depth in g/cm2
  environ =  0.15000        # Surrounding environment (icenv=2-4) or SPE index (icenv=-1)

[ Material ]
MAT[ 1 ] 
           N          7.5530000E-01
           O          2.3180000E-01
           Ar         1.2900000E-02
MAT[ 2 ] 
           H         -2.3000000E-02
           C         -2.3000000E-03
           O         -1.2200000E+00
           Na        -3.6800000E-02
           Mg        -5.0000000E-03
           Al        -7.8000000E-02
           Si        -7.7500000E-01
           K         -2.9900000E-02
           Ca        -1.0000000E-01
           Fe        -3.2000000E-02

[ Cell ]
 10          1 -1.2050000E-03  -2 1 
 20          2 -2.3020000E+00  2 -3 
 30          1 -1.2050000E-03  3 -4 
 99         -1                 4 

[ Surface ]
 1             so    1.0000000E-03
 2             so    1.0000000E+02
 3             so    3.5000000E+02
 4             so    3.5000000E+02

[ T-Track ]
    title = 地下実験室 中性子フラックス (エネルギースペクトル)
     mesh =  reg            # mesh type is region-wise
      reg = 10
   e-type =    3            # e-mesh is log given by emin, emax and ne
     emin =  1.0000000E-09  # minimum value of e-mesh points
     emax =   10000.00      # maximum value of e-mesh points
#    edel =  0.3741701      # mesh width of e-mesh points
       ne =     80          # number of e-mesh points
#    data = ( e(i), i = 1, ne + 1 )
#           1.00000E-09  1.45378E-09  2.11349E-09  3.07256E-09  4.46684E-09
#           6.49382E-09  9.44061E-09  1.37246E-08  1.99526E-08  2.90068E-08
#           4.21697E-08  6.13056E-08  8.91251E-08  1.29569E-07  1.88365E-07
#           2.73842E-07  3.98107E-07  5.78762E-07  8.41395E-07  1.22321E-06
#           1.77828E-06  2.58523E-06  3.75837E-06  5.46387E-06  7.94328E-06
#           1.15478E-05  1.67880E-05  2.44062E-05  3.54813E-05  5.15822E-05
#           7.49894E-05  1.09018E-04  1.58489E-04  2.30409E-04  3.34965E-04
#           4.86968E-04  7.07946E-04  1.02920E-03  1.49624E-03  2.17520E-03
#           3.16228E-03  4.59727E-03  6.68344E-03  9.71628E-03  1.41254E-02
#           2.05353E-02  2.98538E-02  4.34010E-02  6.30957E-02  9.17276E-02
#           1.33352E-01  1.93865E-01  2.81838E-01  4.09732E-01  5.95662E-01
#           8.65964E-01  1.25893E+00  1.83021E+00  2.66073E+00  3.86812E+00
#           5.62341E+00  8.17523E+00  1.18850E+01  1.72783E+01  2.51189E+01
#           3.65174E+01  5.30884E+01  7.71792E+01  1.12202E+02  1.63117E+02
#           2.37137E+02  3.44747E+02  5.01187E+02  7.28618E+02  1.05925E+03
#           1.53993E+03  2.23872E+03  3.25462E+03  4.73151E+03  6.87860E+03
#           1.00000E+04
     unit =    1            # unit is [1/cm^2/source]
 material =  all            # (D=all) number of specific material
     axis =     eng            # axis of output
     file = neutron_underground.out  # file name of output for the above axis
     part =  neutron  
# kf/name :  2112     
   epsout =    1            # (D=0) generate eps file by ANGEL
#    used :        main (  %)        temp (  %)       total (  %)
#  memory :          87 (  0)           0 (  0)          87 (  0)

[ T-Track ]
    title = コンクリート内 中性子フラックス (エネルギースペクトル)
     mesh =  reg            # mesh type is region-wise
      reg = 20
   e-type =    3            # e-mesh is log given by emin, emax and ne
     emin =  1.0000000E-09  # minimum value of e-mesh points
     emax =   10000.00      # maximum value of e-mesh points
#    edel =  0.3741701      # mesh width of e-mesh points
       ne =     80          # number of e-mesh points
#    data = ( e(i), i = 1, ne + 1 )
#           1.00000E-09  1.45378E-09  2.11349E-09  3.07256E-09  4.46684E-09
#           6.49382E-09  9.44061E-09  1.37246E-08  1.99526E-08  2.90068E-08
#           4.21697E-08  6.13056E-08  8.91251E-08  1.29569E-07  1.88365E-07
#           2.73842E-07  3.98107E-07  5.78762E-07  8.41395E-07  1.22321E-06
#           1.77828E-06  2.58523E-06  3.75837E-06  5.46387E-06  7.94328E-06
#           1.15478E-05  1.67880E-05  2.44062E-05  3.54813E-05  5.15822E-05
#           7.49894E-05  1.09018E-04  1.58489E-04  2.30409E-04  3.34965E-04
#           4.86968E-04  7.07946E-04  1.02920E-03  1.49624E-03  2.17520E-03
#           3.16228E-03  4.59727E-03  6.68344E-03  9.71628E-03  1.41254E-02
#           2.05353E-02  2.98538E-02  4.34010E-02  6.30957E-02  9.17276E-02
#           1.33352E-01  1.93865E-01  2.81838E-01  4.09732E-01  5.95662E-01
#           8.65964E-01  1.25893E+00  1.83021E+00  2.66073E+00  3.86812E+00
#           5.62341E+00  8.17523E+00  1.18850E+01  1.72783E+01  2.51189E+01
#           3.65174E+01  5.30884E+01  7.71792E+01  1.12202E+02  1.63117E+02
#           2.37137E+02  3.44747E+02  5.01187E+02  7.28618E+02  1.05925E+03
#           1.53993E+03  2.23872E+03  3.25462E+03  4.73151E+03  6.87860E+03
#           1.00000E+04
     unit =    1            # unit is [1/cm^2/source]
 material =  all            # (D=all) number of specific material
     axis =     eng            # axis of output
     file = neutron_concrete.out  # file name of output for the above axis
     part =  neutron  
# kf/name :  2112     
   epsout =    1            # (D=0) generate eps file by ANGEL
#    used :        main (  %)        temp (  %)       total (  %)
#  memory :          87 (  0)           0 (  0)          87 (  0)

[ T-Track ]
    title = 地上大気層 中性子フラックス (参照用)
     mesh =  reg            # mesh type is region-wise
      reg = 30
   e-type =    3            # e-mesh is log given by emin, emax and ne
     emin =  1.0000000E-09  # minimum value of e-mesh points
     emax =   10000.00      # maximum value of e-mesh points
#    edel =  0.3741701      # mesh width of e-mesh points
       ne =     80          # number of e-mesh points
#    data = ( e(i), i = 1, ne + 1 )
#           1.00000E-09  1.45378E-09  2.11349E-09  3.07256E-09  4.46684E-09
#           6.49382E-09  9.44061E-09  1.37246E-08  1.99526E-08  2.90068E-08
#           4.21697E-08  6.13056E-08  8.91251E-08  1.29569E-07  1.88365E-07
#           2.73842E-07  3.98107E-07  5.78762E-07  8.41395E-07  1.22321E-06
#           1.77828E-06  2.58523E-06  3.75837E-06  5.46387E-06  7.94328E-06
#           1.15478E-05  1.67880E-05  2.44062E-05  3.54813E-05  5.15822E-05
#           7.49894E-05  1.09018E-04  1.58489E-04  2.30409E-04  3.34965E-04
#           4.86968E-04  7.07946E-04  1.02920E-03  1.49624E-03  2.17520E-03
#           3.16228E-03  4.59727E-03  6.68344E-03  9.71628E-03  1.41254E-02
#           2.05353E-02  2.98538E-02  4.34010E-02  6.30957E-02  9.17276E-02
#           1.33352E-01  1.93865E-01  2.81838E-01  4.09732E-01  5.95662E-01
#           8.65964E-01  1.25893E+00  1.83021E+00  2.66073E+00  3.86812E+00
#           5.62341E+00  8.17523E+00  1.18850E+01  1.72783E+01  2.51189E+01
#           3.65174E+01  5.30884E+01  7.71792E+01  1.12202E+02  1.63117E+02
#           2.37137E+02  3.44747E+02  5.01187E+02  7.28618E+02  1.05925E+03
#           1.53993E+03  2.23872E+03  3.25462E+03  4.73151E+03  6.87860E+03
#           1.00000E+04
     unit =    1            # unit is [1/cm^2/source]
 material =  all            # (D=all) number of specific material
     axis =     eng            # axis of output
     file = neutron_surface.out  # file name of output for the above axis
     part =  neutron  
# kf/name :  2112     
   epsout =    1            # (D=0) generate eps file by ANGEL
#    used :        main (  %)        temp (  %)       total (  %)
#  memory :          87 (  0)           0 (  0)          87 (  0)

[END] of Input Echo <<<========================================================

<<< Report of real Geometry memory >>>
*           GG/CG memory =        2
*     total memory: mdas = 80000000
*                percent =     0.00 %

<<< Report of material memory for high energy>>>
*   high energy material =        1
*     total memory: mdas = 80000000
*                percent =     0.00 %

<<< Report of material memory for low energy>>>
*    low energy material =   263441
*     total memory: mdas = 80000000
*                percent =     0.33 %

<<< Report of real tally memory >>>
*      real tally memory =      261
*     total memory: mdas = 80000000
*                percent =     0.00 %

<<< Report of temporary tally memory >>>
* temporary tally memory =   263446
*     total memory: mdas = 80000000
*                percent =     0.33 %

<<< Report of total memory >>>
*      used total memory =   263447
*     total memory: mdas = 80000000
*                percent =     0.33 %
*                ---------------------

-------------------------------------------------------------------------------
bat[       1] ncas =           1000.
 bitrseed = 0100001010011000001011101100011110011000110110100110010000000000
          cpu time =  31.108 s.

-------------------------------------------------------------------------------
bat[       2] ncas =           2000.
 bitrseed = 0101000011000111010110101100111000100101101011010111101101011101
          cpu time =   7.125 s.

-------------------------------------------------------------------------------
bat[       3] ncas =           3000.
 bitrseed = 0101100011011011110001100101110111100110110100101110100101001100
          cpu time =  11.130 s.

-------------------------------------------------------------------------------
bat[       4] ncas =           4000.
 bitrseed = 0111101111011110101110001110111000001110000010010001000010100001
          cpu time =   8.009 s.

-------------------------------------------------------------------------------
bat[       5] ncas =           5000.
 bitrseed = 1000101001001101001010000000111010011100000001000110000001000000
          cpu time =  10.791 s.

-------------------------------------------------------------------------------
bat[       6] ncas =           6000.
 bitrseed = 1101111111001101100001000101010101010011110110101000101010011110
          cpu time =   9.780 s.

-------------------------------------------------------------------------------
bat[       7] ncas =           7000.
 bitrseed = 1001000011100101101101101011000010001010100000111001111101111011
          cpu time =   8.408 s.

-------------------------------------------------------------------------------
bat[       8] ncas =           8000.
 bitrseed = 1001011010111010111011011110110001001010000110111001011110011110
          cpu time =  11.024 s.

-------------------------------------------------------------------------------
bat[       9] ncas =           9000.
 bitrseed = 1101001111101111111101001001110111010001010011111101010010001001
          cpu time =   9.912 s.

-------------------------------------------------------------------------------
bat[      10] ncas =          10000.
 bitrseed = 1011100001101001100100111110100001000001010100101110010000011100
          cpu time =   7.585 s.

===============================================================================

 Summary for the end of job

-------------------------------------------------------------------------------
 number of analyz call vs ncol
-------------------------------------------------------------------------------
     ncol          number
        1              1.   : start of calculation            
        2              1.   : end of calculation              
        3             10.   : end of a batch                  
        4          10000.   : source                          
        5          57117.   : detection of geometry error/warn
        6              0.   : recovery from geometry warning  
        7              0.   : termination by geometry error   
        8              0.   : termination by weight cut-off   
        9              0.   : termination by time cut-off     
       10          62388.   : geometry boundary crossing      
       11        1522832.   : termination by energy cut-off   
       12          60718.   : termination by escape or leakage
       13        1761777.   : reaction : (n,x) type           
       14       56528267.   : reaction : (n,n'x) type         
       15          55219.   : sequential transport for tally  

-------------------------------------------------------------------------------
 List of transport particles (not including source)
-------------------------------------------------------------------------------
     Name      kf-code        mass       charge   baryon
     proton       2212        938.3         1       1
     neutron      2112        939.6         0       1
     pion+         211        139.6         1       0
     pion0         111        135.0         0       0
     pion-        -211        139.6        -1       0
     muon+         -13        105.7         1       0
     muon-          13        105.7        -1       0
     kaon+         321        493.6         1       0
     kaon0         311        497.7         0       0
     kaon-        -321        493.6        -1       0
     electron       11          0.5        -1       0
     positron      -11          0.5         1       0
     photon         22          0.0         0       0
     deuteron  1000002       1875.6         1       2
     triton    1000003       2808.9         1       3
     3he       2000003       2808.4         2       3
     alpha     2000004       3727.4         2       4

     nu_e           12          0.0         0       0
     nu_ebar       -12          0.0         0       0
     nu_mu          14          0.0         0       0
     nu_muba       -14          0.0         0       0
     eta           221        547.5         0       0
     eta'          331        957.8         0       0
     Kbar0        -311        497.7         0       0
     nbar0       -2112        939.6         0      -1
     pbar-       -2212        938.3        -1      -1
     Lambda0      3122       1115.7         0       1
     Sigma+       3222       1189.4         1       1
     Sigma0       3212       1192.5         0       1
     Sigma-       3112       1197.4        -1       1
     Xi0          3322       1314.9         0       1
     Lambdab     -3122       1115.7         0      -1
     K_L0          130        497.7         0       0
     K_S0          310        497.7         0       0

-------------------------------------------------------------------------------
 prod. particles       number        weight        weight per source
-------------------------------------------------------------------------------
     neutron         5034331.     5.0343310E+06     1.0671963E+09
     proton          2798635.     2.7986350E+06     5.9326509E+08
     photon           419294.     4.1929400E+05     8.8883506E+07
     positron          86860.     8.6860000E+04     1.8412907E+07
     alpha             54119.     5.4119000E+04     1.1472348E+07
     deuteron          45269.     4.5269000E+04     9.5962915E+06
     electron          17638.     1.7638000E+04     3.7389690E+06
     other              8220.     8.2200000E+03     1.7425063E+06
     pion0              6513.     6.5130000E+03     1.3806500E+06
     pion+              6422.     6.4220000E+03     1.3613595E+06
     pion-              5350.     5.3500000E+03     1.1341130E+06
     triton             5144.     5.1440000E+03     1.0904443E+06
     3he                5027.     5.0270000E+03     1.0656422E+06
     muon+              2498.     2.4980000E+03     5.2953536E+05
     kaon+               139.     1.3900000E+02     2.9465739E+04
     kaon0               113.     1.1300000E+02     2.3954162E+04
     muon-                58.     5.8000000E+01     1.2295056E+04
     kaon-                49.     4.9000000E+01     1.0387203E+04

-------------------------------------------------------------------------------
 the other kind of produced particles
-------------------------------------------------------------------------------
     Name      kf-code        number     mass       charge   baryon
     nu_mu          14          2555       0.0         0       0
     nu_muba       -14          2551       0.0         0       0
     nu_e           12          2495       0.0         0       0
     eta           221           200     547.5         0       0
     Lambda0      3122           200    1115.7         0       1
     K_L0          130            42     497.7         0       0
     Kbar0        -311            34     497.7         0       0
     Sigma+       3222            32    1189.4         1       1
     nu_ebar       -12            29       0.0         0       0
     Sigma-       3112            26    1197.4        -1       1
     Sigma0       3212            24    1192.5         0       1
     eta'          331            22     957.8         0       0
     K_S0          310             4     497.7         0       0
     nbar0       -2112             2     939.6         0      -1
     Lambdab     -3122             2    1115.7         0      -1
     pbar-       -2212             1     938.3        -1      -1
     Xi0          3322             1    1314.9         0       1

-------------------------------------------------------------------------------
 the other kind of particles into JAM
-------------------------------------------------------------------------------
     Name      kf-code        number     mass       charge   baryon
     Lambda0      3122          3207    1115.7         0       1
     K_L0          130          2396     497.7         0       0
     Sigma-       3112           373    1197.4        -1       1
     K_S0          310           353     497.7         0       0
     Sigma+       3222            85    1189.4         1       1
     Lambdab     -3122             8    1115.7         0      -1
     nbar0       -2112             6     939.6         0      -1
     pbar-       -2212             4     938.3        -1      -1

-------------------------------------------------------------------------------
 particle decays       number        weight        weight per source
-------------------------------------------------------------------------------
     positron          84385.     8.4385000E+04     1.7888247E+07
     pion0              6513.     6.5130000E+03     1.3806500E+06
     muon+              2493.     2.4930000E+03     5.2847544E+05
     pion+              2462.     2.4620000E+03     5.2190394E+05
     other               471.     4.7100000E+02     9.9844337E+04
     pion-                52.     5.2000000E+01     1.1023154E+04
     kaon+                47.     4.7000000E+01     9.9632353E+03
     muon-                29.     2.9000000E+01     6.1475282E+03
     kaon-                 8.     8.0000000E+00     1.6958698E+03

-------------------------------------------------------------------------------
 the other kind of decay particles
-------------------------------------------------------------------------------
     Lambda0 ->  p+      +  pi-                           78
     eta     ->  gamma   +  gamma                         74
     eta     ->  pi0     +  pi0     +  pi0                61
     eta     ->  pi+     +  pi0     +  pi-                51
     Lambda0 ->  n0      +  pi0                           43
     K_S0    ->  pi+     +  pi-                           37
     Sigma0  ->  Lambda0 +  gamma                         24
     K_S0    ->  pi0     +  pi0                           20
     Sigma+  ->  p+      +  pi0                           19
     Sigma-  ->  n0      +  pi-                           17
     eta     ->  pi+     +  pi-     +  gamma              14
     eta'    ->  pi+     +  pi-     +  eta                11
     Sigma+  ->  n0      +  pi+                            9
     eta'    ->  pi+     +  pi-     +  gamma               6
     eta'    ->  gamma   +  gamma                          3
     eta'    ->  pi0     +  pi0     +  eta                 2
     K_L0    ->  pi-     +  e+      +  nu_e                1
     Xi0     ->  Lambda0 +  pi0                            1

-------------------------------------------------------------------------------
 stop. particles.    number        weight        weight per source
-------------------------------------------------------------------------------
     electron       15952776.     1.5952776E+07     3.3817290E+09
     proton          2776189.     2.7761890E+06     5.8850690E+08
     nucleus         2321005.     2.3210050E+06     4.9201530E+08
     positron          84386.     8.4386000E+04     1.7888459E+07
     alpha             54206.     5.4206000E+04     1.1490790E+07
     deuteron          44034.     4.4034000E+04     9.3344916E+06
     triton             5052.     5.0520000E+03     1.0709418E+06
     3he                5011.     5.0110000E+03     1.0622505E+06
     photon             3138.     3.1380000E+03     6.6520495E+05
     neutron               6.     6.0000000E+00     1.2719024E+03

-------------------------------------------------------------------------------
 leak. particles       number        weight        weight per source
-------------------------------------------------------------------------------
     photon            34339.     3.4339000E+04     7.2793093E+06
     neutron           12659.     1.2659000E+04     2.6835020E+06
     other              7634.     7.6340000E+03     1.6182838E+06
     proton             3959.     3.9590000E+03     8.3924359E+05
     electron            895.     8.9500000E+02     1.8972544E+05
     positron            514.     5.1400000E+02     1.0895964E+05
     alpha               313.     3.1300000E+02     6.6350908E+04
     pion+               221.     2.2100000E+02     4.6848404E+04
     pion-               157.     1.5700000E+02     3.3281446E+04
     deuteron             21.     2.1000000E+01     4.4516583E+03
     muon+                 5.     5.0000000E+00     1.0599187E+03
     muon-                 1.     1.0000000E+00     2.1198373E+02

-------------------------------------------------------------------------------
 the other kind of leakage particles
-------------------------------------------------------------------------------
     Name      kf-code        number     mass       charge   baryon
     nu_mu          14          2555       0.0         0       0
     nu_muba       -14          2551       0.0         0       0
     nu_e           12          2495       0.0         0       0
     nu_ebar       -12            29       0.0         0       0
     K_L0          130             2     497.7         0       0
     Lambda0      3122             1    1115.7         0       1
     K_S0          310             1     497.7         0       0

-------------------------------------------------------------------------------
 source: maxcas    maxbch      irskip   average weight          total source
-------------------------------------------------------------------------------
        1000          10           0    4.7173432E-07    4.7173431568594E-03

-------------------------------------------------------------------------------
 used ATIMA database
-------------------------------------------------------------------------------
     for dedx  =      190 / mdbatima =     3000

-------------------------------------------------------------------------------
 Geometry error summary
-------------------------------------------------------------------------------
 Number of lost particles     =     0 / nlost =       10
 Number of geometry recovering = 57117
 Number of unrecovered errors =     0

 List of errors/warnings of overlap regions
   region1   region2    number
        30        30     57117

-------------------------------------------------------------------------------
 initial random seed:
   bitrseed = 0100001010011000001011101100011110011000110110100110010000000000
 next initial random seed:
   bitrseed = 0111011010010100011001101100101001110100011011011011110011011010

-------------------------------------------------------------------------------
 job termination date : 2026/08/18
                 time :   18:41:26

-------------------------------------------------------------------------------
    CPU time and number of event called in PHITS
-------------------------------------------------------------------------------

                             sec
total cpu time =          116.85


                           count
      analysis =       60001211.  : data processing
         nevap =         238289.  : evaporation
        dexgam =         138109.  : de-excitation
         nreac =       58290098.  : atomic and nuclear reactions
         dklos =          96460.  : particle decay
         hydro =            306.  : nucleon-nucleon scattering
        n-data =        4885809.  : neutron data library
        h-data =              0.  : p, d, a data library
        p-data =              0.  : photon data library
        e-data =              0.  : electron data library
        p-egs5 =        8382973.  : photon interaction with EGS5
        e-egs5 =       44776287.  : electron interaction with EGS5
      e-tsmode =              0.  : electron track structure mode
    ion-tsmode =              0.  : ion track structure mode
     photonucl =              0.  : photo-nuclear reaction
 photonucl lib =              0.  : photo-nuclear reaction with library
       mu-reac =              0.  : muon-induced nuclear reaction
       mu-brem =              0.  : muon-induced bremsstrahlung
       mu-pprd =              0.  : muon-induced pair production
        mu-cap =             28.  : muon capture in nucleus
         elast =          73256.  : elastic scattering
         ncasc =         363461.  : nuclear reaction model

       bertini =              0.  : Bertini model
        isobar =              0.  : isobar model
           JAM =          16402.  : JAM model
           QMD =              1.  : JQMD model
        JAMQMD =            431.  : JAMQMD model
          INCL =         346809.  : INCL model
        INCELF =              0.  : INCELF model
     frag data =              0.  : user defined cross section
       SCINFUL =              0.  : SCINFUL mode

>>> Citation Request >>>=======================================================

 This execution uses model(s) that must be explicitly cited in addition to
 the PHITS original document: T.Sato et al., J.Nucl.Sci.Technol.61, 127-135 (2024).
 Please refer the following document(s) in your publication using this result

 The INCL model:
    A. Boudard et al., Phys. Rev C87, 014606 (2013).

 The EGS5 code:
    H. Hirayama et al., SLAC-R-730 (2005) and KEK Report 2005-8 (2005)

 The KUROTAMA model:
    K. Iida, A. Kohama, and K. Oyamatsu, J. Phys. Soc. Japan 76, 044201 (2007).

 END 
