[ T-Track ]
    title = Flux spectrum in open air above ground
     mesh =  reg            # mesh type is region-wise
      reg = 111
   e-type =    3            # e-mesh is log given by emin, emax and ne
     emin =  1.0000000E-10  # minimum value of e-mesh points
     emax =   100000.0      # maximum value of e-mesh points
#    edel =  0.5756463      # mesh width of e-mesh points
       ne =     60          # number of e-mesh points
#    data = ( e(i), i = 1, ne + 1 )
#           1.00000E-10  1.77828E-10  3.16228E-10  5.62341E-10  1.00000E-09
#           1.77828E-09  3.16228E-09  5.62341E-09  1.00000E-08  1.77828E-08
#           3.16228E-08  5.62341E-08  1.00000E-07  1.77828E-07  3.16228E-07
#           5.62341E-07  1.00000E-06  1.77828E-06  3.16228E-06  5.62341E-06
#           1.00000E-05  1.77828E-05  3.16228E-05  5.62341E-05  1.00000E-04
#           1.77828E-04  3.16228E-04  5.62341E-04  1.00000E-03  1.77828E-03
#           3.16228E-03  5.62341E-03  1.00000E-02  1.77828E-02  3.16228E-02
#           5.62341E-02  1.00000E-01  1.77828E-01  3.16228E-01  5.62341E-01
#           1.00000E+00  1.77828E+00  3.16228E+00  5.62341E+00  1.00000E+01
#           1.77828E+01  3.16228E+01  5.62341E+01  1.00000E+02  1.77828E+02
#           3.16228E+02  5.62341E+02  1.00000E+03  1.77828E+03  3.16228E+03
#           5.62341E+03  1.00000E+04  1.77828E+04  3.16228E+04  5.62341E+04
#           1.00000E+05
     unit =    1            # unit is [1/cm^2/source]
 material =  all            # (D=all) number of specific material
     axis =     eng            # axis of output
     file = air_spec.out    # file name of output for the above axis
     part =  neutron    muon-      muon+      proton   
# kf/name :  2112       13         -13        2212     
#    used :        main (  %)        temp (  %)       total (  %)
#  memory :          67 (  0)           0 (  0)          67 (  0)

#------------------------------------------------------------------------------
#newpage:
#   no. =  1   reg =    111

x: Energy [MeV]
y: Flux [1/cm^2/source]              
p: xlog ylog afac(0.8) form(0.9)
h: n            x            y(neutron ),hh0l n  y(muon-   ),hh0dr n  y(muon+   ),hh0ub n  y(proton  ),hh0mg n  
#  e-lower      e-upper        neutron   r.err      muon-     r.err      muon+     r.err      proton    r.err 
   1.0000E-10   1.7783E-10   0.0000E+00  0.0000   0.0000E+00  0.0000   0.0000E+00  0.0000   0.0000E+00  0.0000
   1.7783E-10   3.1623E-10   0.0000E+00  0.0000   0.0000E+00  0.0000   0.0000E+00  0.0000   0.0000E+00  0.0000
   3.1623E-10   5.6234E-10   2.5527E-08  1.0000   0.0000E+00  0.0000   0.0000E+00  0.0000   0.0000E+00  0.0000
   5.6234E-10   1.0000E-09   0.0000E+00  0.0000   0.0000E+00  0.0000   0.0000E+00  0.0000   0.0000E+00  0.0000
   1.0000E-09   1.7783E-09   4.6378E-08  0.9217   0.0000E+00  0.0000   0.0000E+00  0.0000   0.0000E+00  0.0000
   1.7783E-09   3.1623E-09   4.9104E-08  1.0000   0.0000E+00  0.0000   0.0000E+00  0.0000   0.0000E+00  0.0000
   3.1623E-09   5.6234E-09   3.3349E-06  0.4313   0.0000E+00  0.0000   0.0000E+00  0.0000   0.0000E+00  0.0000
   5.6234E-09   1.0000E-08   4.7957E-06  0.3398   0.0000E+00  0.0000   0.0000E+00  0.0000   0.0000E+00  0.0000
   1.0000E-08   1.7783E-08   3.4618E-05  0.1909   0.0000E+00  0.0000   0.0000E+00  0.0000   0.0000E+00  0.0000
   1.7783E-08   3.1623E-08   6.7345E-05  0.1266   0.0000E+00  0.0000   0.0000E+00  0.0000   0.0000E+00  0.0000
   3.1623E-08   5.6234E-08   1.1057E-04  0.0948   0.0000E+00  0.0000   0.0000E+00  0.0000   0.0000E+00  0.0000
   5.6234E-08   1.0000E-07   1.0893E-04  0.1083   0.0000E+00  0.0000   0.0000E+00  0.0000   0.0000E+00  0.0000
   1.0000E-07   1.7783E-07   4.9177E-05  0.1566   0.0000E+00  0.0000   0.0000E+00  0.0000   0.0000E+00  0.0000
   1.7783E-07   3.1623E-07   2.3879E-05  0.3195   0.0000E+00  0.0000   0.0000E+00  0.0000   0.0000E+00  0.0000
   3.1623E-07   5.6234E-07   1.9643E-05  0.2783   0.0000E+00  0.0000   0.0000E+00  0.0000   0.0000E+00  0.0000
   5.6234E-07   1.0000E-06   1.5997E-05  0.3121   0.0000E+00  0.0000   0.0000E+00  0.0000   0.0000E+00  0.0000
   1.0000E-06   1.7783E-06   9.7698E-06  0.3433   0.0000E+00  0.0000   0.0000E+00  0.0000   0.0000E+00  0.0000
   1.7783E-06   3.1623E-06   3.1194E-05  0.2446   0.0000E+00  0.0000   0.0000E+00  0.0000   0.0000E+00  0.0000
   3.1623E-06   5.6234E-06   1.3830E-05  0.2793   0.0000E+00  0.0000   0.0000E+00  0.0000   0.0000E+00  0.0000
   5.6234E-06   1.0000E-05   2.3922E-05  0.3266   0.0000E+00  0.0000   0.0000E+00  0.0000   0.0000E+00  0.0000
   1.0000E-05   1.7783E-05   3.3155E-05  0.2813   0.0000E+00  0.0000   0.0000E+00  0.0000   0.0000E+00  0.0000
   1.7783E-05   3.1623E-05   3.3908E-05  0.2619   0.0000E+00  0.0000   0.0000E+00  0.0000   0.0000E+00  0.0000
   3.1623E-05   5.6234E-05   1.6300E-05  0.3354   0.0000E+00  0.0000   0.0000E+00  0.0000   0.0000E+00  0.0000
   5.6234E-05   1.0000E-04   2.1371E-05  0.4181   0.0000E+00  0.0000   0.0000E+00  0.0000   0.0000E+00  0.0000
   1.0000E-04   1.7783E-04   2.0128E-05  0.3708   0.0000E+00  0.0000   0.0000E+00  0.0000   0.0000E+00  0.0000
   1.7783E-04   3.1623E-04   2.6739E-05  0.2273   0.0000E+00  0.0000   0.0000E+00  0.0000   0.0000E+00  0.0000
   3.1623E-04   5.6234E-04   3.8820E-05  0.3425   0.0000E+00  0.0000   0.0000E+00  0.0000   0.0000E+00  0.0000
   5.6234E-04   1.0000E-03   3.8652E-05  0.2251   0.0000E+00  0.0000   0.0000E+00  0.0000   0.0000E+00  0.0000
   1.0000E-03   1.7783E-03   2.7202E-05  0.2522   0.0000E+00  0.0000   0.0000E+00  0.0000   1.8496E-10  0.3158
   1.7783E-03   3.1623E-03   1.6394E-05  0.3035   0.0000E+00  0.0000   0.0000E+00  0.0000   2.6542E-10  0.3158
   3.1623E-03   5.6234E-03   3.7414E-05  0.2806   0.0000E+00  0.0000   0.0000E+00  0.0000   3.7554E-10  0.3158
   5.6234E-03   1.0000E-02   3.5152E-05  0.2705   0.0000E+00  0.0000   0.0000E+00  0.0000   5.2532E-10  0.3158
   1.0000E-02   1.7783E-02   4.6165E-05  0.1804   0.0000E+00  0.0000   0.0000E+00  0.0000   7.2902E-10  0.3158
   1.7783E-02   3.1623E-02   4.8240E-05  0.2136   0.0000E+00  0.0000   0.0000E+00  0.0000   1.0171E-09  0.3158
   3.1623E-02   5.6234E-02   4.8907E-05  0.2097   0.0000E+00  0.0000   0.0000E+00  0.0000   1.5564E-09  0.3158
   5.6234E-02   1.0000E-01   5.5772E-05  0.1997   0.0000E+00  0.0000   0.0000E+00  0.0000   2.5136E-09  0.3168
   1.0000E-01   1.7783E-01   9.8410E-05  0.1379   0.0000E+00  0.0000   0.0000E+00  0.0000   4.4313E-09  0.3179
   1.7783E-01   3.1623E-01   1.0708E-04  0.1445   0.0000E+00  0.0000   0.0000E+00  0.0000   9.1031E-09  0.3179
   3.1623E-01   5.6234E-01   1.5887E-04  0.1372   0.0000E+00  0.0000   0.0000E+00  0.0000   2.1906E-08  0.3179
   5.6234E-01   1.0000E+00   2.6322E-04  0.1047   0.0000E+00  0.0000   0.0000E+00  0.0000   5.6692E-08  0.3192
   1.0000E+00   1.7783E+00   2.5502E-04  0.0962   0.0000E+00  0.0000   0.0000E+00  0.0000   1.4810E-07  0.3206
   1.7783E+00   3.1623E+00   3.3180E-04  0.0808   0.0000E+00  0.0000   0.0000E+00  0.0000   3.8478E-07  0.3270
   3.1623E+00   5.6234E+00   2.7020E-04  0.0935   0.0000E+00  0.0000   0.0000E+00  0.0000   9.6920E-07  0.3341
   5.6234E+00   1.0000E+01   2.3030E-04  0.0977   0.0000E+00  0.0000   0.0000E+00  0.0000   2.0364E-06  0.3164
   1.0000E+01   1.7783E+01   1.4182E-04  0.1236   0.0000E+00  0.0000   5.7011E-08  1.0000   4.6732E-06  0.2911
   1.7783E+01   3.1623E+01   2.1412E-04  0.1018   0.0000E+00  0.0000   0.0000E+00  0.0000   6.1891E-06  0.1315
   3.1623E+01   5.6234E+01   2.2223E-04  0.0849   3.9654E-07  0.5382   5.6334E-08  1.0000   1.8606E-05  0.1398
   5.6234E+01   1.0000E+02   3.6998E-04  0.0667   9.8791E-07  0.9574   2.3680E-07  0.7881   2.8532E-05  0.1308
   1.0000E+02   1.7783E+02   4.6430E-04  0.0551   1.9024E-07  0.6555   1.2704E-07  0.8376   3.7357E-05  0.0520
   1.7783E+02   3.1623E+02   3.5183E-04  0.0623   0.0000E+00  0.0000   1.8651E-07  0.7163   3.9816E-05  0.0524
   3.1623E+02   5.6234E+02   1.6475E-04  0.0877   0.0000E+00  0.0000   0.0000E+00  0.0000   3.2045E-05  0.0528
   5.6234E+02   1.0000E+03   4.7988E-05  0.1514   0.0000E+00  0.0000   0.0000E+00  0.0000   2.3104E-05  0.0596
   1.0000E+03   1.7783E+03   1.7008E-05  0.2456   0.0000E+00  0.0000   0.0000E+00  0.0000   1.4106E-05  0.0764
   1.7783E+03   3.1623E+03   7.0260E-06  0.3749   0.0000E+00  0.0000   0.0000E+00  0.0000   9.8079E-06  0.0905
   3.1623E+03   5.6234E+03   6.4752E-06  0.4104   0.0000E+00  0.0000   0.0000E+00  0.0000   5.4738E-06  0.1193
   5.6234E+03   1.0000E+04   2.0535E-06  0.7080   0.0000E+00  0.0000   0.0000E+00  0.0000   3.6020E-06  0.1489
   1.0000E+04   1.7783E+04   0.0000E+00  0.0000   0.0000E+00  0.0000   0.0000E+00  0.0000   2.4064E-06  0.1775
   1.7783E+04   3.1623E+04   0.0000E+00  0.0000   0.0000E+00  0.0000   0.0000E+00  0.0000   1.2650E-06  0.2463
   3.1623E+04   5.6234E+04   0.0000E+00  0.0000   0.0000E+00  0.0000   0.0000E+00  0.0000   6.5044E-07  0.3435
   5.6234E+04   1.0000E+05   0.0000E+00  0.0000   0.0000E+00  0.0000   0.0000E+00  0.0000   3.1682E-07  0.5006

#   sum over                 4.7859E-03  0.0238   1.5747E-06  0.6208   6.6369E-07  0.4435   2.3159E-04  0.0284

'no. =  1,  reg  =    111'
msuc: {\huge Flux spectrum in open air above ground}
msdr: {\it plotted by \ANGEL \version}
msdl: {\it calculated by \PHITS  3.35}
wt: s(0.7)
\vspace{-3}
   vol  &=&   5.1200E+08 [cm^3]
e:

# Information for Restart Calculation
# This calculation was newly started
# istdev =  2 # 1:Batch variance, 2:History variance
# resc2  = 7.50937517307951108E-01 # Total source weight or Total source weight / maxcas
# resc3  = 2.00000000000000000E+04 # Total history number or Total batch number
# maxcas =       20000 # History / Batch, only used for istdev=1
# bitrseed = 1011011101001000111001001011110001010010110000101010110101000101 # bit data of rseed
