[ T-Track ]
    title = Flux spectrum in room air (upper 2 m, lower 1 m)
     mesh =  reg            # mesh type is region-wise
      reg = 300 301
   e-type =    3            # e-mesh is log given by emin, emax and ne
     emin =  1.0000000E-10  # minimum value of e-mesh points
     emax =   100000.0      # maximum value of e-mesh points
#    edel =  0.5756463      # mesh width of e-mesh points
       ne =     60          # number of e-mesh points
#    data = ( e(i), i = 1, ne + 1 )
#           1.00000E-10  1.77828E-10  3.16228E-10  5.62341E-10  1.00000E-09
#           1.77828E-09  3.16228E-09  5.62341E-09  1.00000E-08  1.77828E-08
#           3.16228E-08  5.62341E-08  1.00000E-07  1.77828E-07  3.16228E-07
#           5.62341E-07  1.00000E-06  1.77828E-06  3.16228E-06  5.62341E-06
#           1.00000E-05  1.77828E-05  3.16228E-05  5.62341E-05  1.00000E-04
#           1.77828E-04  3.16228E-04  5.62341E-04  1.00000E-03  1.77828E-03
#           3.16228E-03  5.62341E-03  1.00000E-02  1.77828E-02  3.16228E-02
#           5.62341E-02  1.00000E-01  1.77828E-01  3.16228E-01  5.62341E-01
#           1.00000E+00  1.77828E+00  3.16228E+00  5.62341E+00  1.00000E+01
#           1.77828E+01  3.16228E+01  5.62341E+01  1.00000E+02  1.77828E+02
#           3.16228E+02  5.62341E+02  1.00000E+03  1.77828E+03  3.16228E+03
#           5.62341E+03  1.00000E+04  1.77828E+04  3.16228E+04  5.62341E+04
#           1.00000E+05
     unit =    1            # unit is [1/cm^2/source]
 material =  all            # (D=all) number of specific material
     axis =     eng            # axis of output
     file = room_spec.out   # file name of output for the above axis
     part =  neutron    muon-      muon+      proton   
# kf/name :  2112       13         -13        2212     
#    used :        main (  %)        temp (  %)       total (  %)
#  memory :          67 (  0)           0 (  0)          67 (  0)

#------------------------------------------------------------------------------
#newpage:
#   no. =  1   reg =    300

x: Energy [MeV]
y: Flux [1/cm^2/source]              
p: xlog ylog afac(0.8) form(0.9)
h: n            x            y(neutron ),hh0l n  y(muon-   ),hh0dr n  y(muon+   ),hh0ub n  y(proton  ),hh0mg n  
#  e-lower      e-upper        neutron   r.err      muon-     r.err      muon+     r.err      proton    r.err 
   1.0000E-10   1.7783E-10   0.0000E+00  0.0000   0.0000E+00  0.0000   0.0000E+00  0.0000   0.0000E+00  0.0000
   1.7783E-10   3.1623E-10   8.7086E-11  1.0000   0.0000E+00  0.0000   0.0000E+00  0.0000   0.0000E+00  0.0000
   3.1623E-10   5.6234E-10   4.8539E-10  0.6785   0.0000E+00  0.0000   0.0000E+00  0.0000   0.0000E+00  0.0000
   5.6234E-10   1.0000E-09   5.3492E-10  0.4803   0.0000E+00  0.0000   0.0000E+00  0.0000   0.0000E+00  0.0000
   1.0000E-09   1.7783E-09   5.5021E-09  0.7175   0.0000E+00  0.0000   0.0000E+00  0.0000   0.0000E+00  0.0000
   1.7783E-09   3.1623E-09   2.0535E-08  0.4703   0.0000E+00  0.0000   0.0000E+00  0.0000   0.0000E+00  0.0000
   3.1623E-09   5.6234E-09   3.4736E-08  0.2501   0.0000E+00  0.0000   0.0000E+00  0.0000   0.0000E+00  0.0000
   5.6234E-09   1.0000E-08   9.3068E-08  0.2636   0.0000E+00  0.0000   0.0000E+00  0.0000   0.0000E+00  0.0000
   1.0000E-08   1.7783E-08   3.9757E-07  0.3870   0.0000E+00  0.0000   0.0000E+00  0.0000   0.0000E+00  0.0000
   1.7783E-08   3.1623E-08   5.6637E-07  0.2740   0.0000E+00  0.0000   0.0000E+00  0.0000   0.0000E+00  0.0000
   3.1623E-08   5.6234E-08   1.1308E-06  0.2804   0.0000E+00  0.0000   0.0000E+00  0.0000   0.0000E+00  0.0000
   5.6234E-08   1.0000E-07   1.2050E-06  0.3118   0.0000E+00  0.0000   0.0000E+00  0.0000   0.0000E+00  0.0000
   1.0000E-07   1.7783E-07   3.6675E-07  0.2571   0.0000E+00  0.0000   0.0000E+00  0.0000   0.0000E+00  0.0000
   1.7783E-07   3.1623E-07   1.2252E-07  0.4390   0.0000E+00  0.0000   0.0000E+00  0.0000   0.0000E+00  0.0000
   3.1623E-07   5.6234E-07   4.9329E-08  0.2819   0.0000E+00  0.0000   0.0000E+00  0.0000   0.0000E+00  0.0000
   5.6234E-07   1.0000E-06   5.8486E-08  0.3099   0.0000E+00  0.0000   0.0000E+00  0.0000   0.0000E+00  0.0000
   1.0000E-06   1.7783E-06   8.6802E-08  0.5347   0.0000E+00  0.0000   0.0000E+00  0.0000   0.0000E+00  0.0000
   1.7783E-06   3.1623E-06   4.8057E-08  0.2982   0.0000E+00  0.0000   0.0000E+00  0.0000   0.0000E+00  0.0000
   3.1623E-06   5.6234E-06   6.5707E-08  0.3547   0.0000E+00  0.0000   0.0000E+00  0.0000   0.0000E+00  0.0000
   5.6234E-06   1.0000E-05   8.0234E-08  0.3389   0.0000E+00  0.0000   0.0000E+00  0.0000   0.0000E+00  0.0000
   1.0000E-05   1.7783E-05   1.7306E-07  0.7289   0.0000E+00  0.0000   0.0000E+00  0.0000   0.0000E+00  0.0000
   1.7783E-05   3.1623E-05   9.8778E-08  0.6351   0.0000E+00  0.0000   0.0000E+00  0.0000   0.0000E+00  0.0000
   3.1623E-05   5.6234E-05   5.7431E-07  0.9123   0.0000E+00  0.0000   0.0000E+00  0.0000   0.0000E+00  0.0000
   5.6234E-05   1.0000E-04   3.4492E-08  0.2745   0.0000E+00  0.0000   0.0000E+00  0.0000   0.0000E+00  0.0000
   1.0000E-04   1.7783E-04   2.0508E-07  0.7183   0.0000E+00  0.0000   0.0000E+00  0.0000   0.0000E+00  0.0000
   1.7783E-04   3.1623E-04   7.8813E-08  0.5442   0.0000E+00  0.0000   0.0000E+00  0.0000   0.0000E+00  0.0000
   3.1623E-04   5.6234E-04   8.1732E-08  0.4767   0.0000E+00  0.0000   0.0000E+00  0.0000   0.0000E+00  0.0000
   5.6234E-04   1.0000E-03   1.2682E-07  0.4479   0.0000E+00  0.0000   0.0000E+00  0.0000   0.0000E+00  0.0000
   1.0000E-03   1.7783E-03   1.6823E-07  0.4526   0.0000E+00  0.0000   0.0000E+00  0.0000   4.3651E-14  0.3846
   1.7783E-03   3.1623E-03   2.5850E-07  0.8093   0.0000E+00  0.0000   0.0000E+00  0.0000   6.2639E-14  0.3846
   3.1623E-03   5.6234E-03   5.3814E-08  0.3426   0.0000E+00  0.0000   0.0000E+00  0.0000   8.8627E-14  0.3846
   5.6234E-03   1.0000E-02   5.6871E-08  0.3056   0.0000E+00  0.0000   0.0000E+00  0.0000   1.2398E-13  0.3846
   1.0000E-02   1.7783E-02   5.0693E-08  0.3381   0.0000E+00  0.0000   0.0000E+00  0.0000   1.7205E-13  0.3846
   1.7783E-02   3.1623E-02   8.1408E-08  0.2653   0.0000E+00  0.0000   0.0000E+00  0.0000   2.4004E-13  0.3846
   3.1623E-02   5.6234E-02   1.6704E-07  0.5853   0.0000E+00  0.0000   0.0000E+00  0.0000   3.6732E-13  0.3846
   5.6234E-02   1.0000E-01   1.1342E-07  0.3697   0.0000E+00  0.0000   0.0000E+00  0.0000   5.9570E-13  0.3846
   1.0000E-01   1.7783E-01   1.2525E-07  0.2743   0.0000E+00  0.0000   0.0000E+00  0.0000   1.0549E-12  0.3846
   1.7783E-01   3.1623E-01   1.0873E-07  0.2688   0.0000E+00  0.0000   0.0000E+00  0.0000   2.1671E-12  0.3846
   3.1623E-01   5.6234E-01   1.1661E-07  0.2695   0.0000E+00  0.0000   0.0000E+00  0.0000   5.2149E-12  0.3846
   5.6234E-01   1.0000E+00   2.6613E-07  0.3580   0.0000E+00  0.0000   0.0000E+00  0.0000   1.3553E-11  0.3846
   1.0000E+00   1.7783E+00   3.1445E-07  0.3436   0.0000E+00  0.0000   0.0000E+00  0.0000   3.4436E-11  0.3920
   1.7783E+00   3.1623E+00   5.6310E-07  0.2994   0.0000E+00  0.0000   0.0000E+00  0.0000   8.4126E-11  0.4170
   3.1623E+00   5.6234E+00   3.8984E-07  0.5291   0.0000E+00  0.0000   0.0000E+00  0.0000   1.9621E-10  0.4590
   5.6234E+00   1.0000E+01   1.8978E-07  0.2630   0.0000E+00  0.0000   0.0000E+00  0.0000   3.6079E-10  0.5756
   1.0000E+01   1.7783E+01   1.4078E-07  0.3985   0.0000E+00  0.0000   0.0000E+00  0.0000   7.5567E-10  0.5034
   1.7783E+01   3.1623E+01   2.9715E-07  0.4128   0.0000E+00  0.0000   0.0000E+00  0.0000   3.1824E-09  0.3927
   3.1623E+01   5.6234E+01   5.0369E-07  0.4119   0.0000E+00  0.0000   0.0000E+00  0.0000   5.0017E-09  0.3963
   5.6234E+01   1.0000E+02   4.2055E-07  0.2158   0.0000E+00  0.0000   0.0000E+00  0.0000   1.8781E-08  0.5385
   1.0000E+02   1.7783E+02   6.0032E-07  0.2792   0.0000E+00  0.0000   0.0000E+00  0.0000   4.3030E-08  0.6791
   1.7783E+02   3.1623E+02   4.3872E-07  0.2816   0.0000E+00  0.0000   0.0000E+00  0.0000   1.3467E-08  0.3107
   3.1623E+02   5.6234E+02   1.4596E-07  0.3421   0.0000E+00  0.0000   0.0000E+00  0.0000   2.6426E-08  0.2834
   5.6234E+02   1.0000E+03   1.4106E-07  0.6316   0.0000E+00  0.0000   0.0000E+00  0.0000   1.0773E-07  0.5506
   1.0000E+03   1.7783E+03   9.0402E-08  0.7034   0.0000E+00  0.0000   0.0000E+00  0.0000   1.3613E-08  0.3980
   1.7783E+03   3.1623E+03   8.9822E-09  0.3250   0.0000E+00  0.0000   0.0000E+00  0.0000   4.5587E-09  0.4661
   3.1623E+03   5.6234E+03   3.0858E-09  0.4581   8.0270E-08  1.0000   0.0000E+00  0.0000   1.5343E-09  0.7217
   5.6234E+03   1.0000E+04   5.5189E-10  1.0000   0.0000E+00  0.0000   0.0000E+00  0.0000   1.0775E-09  1.0000
   1.0000E+04   1.7783E+04   3.1320E-10  1.0000   0.0000E+00  0.0000   0.0000E+00  0.0000   0.0000E+00  0.0000
   1.7783E+04   3.1623E+04   0.0000E+00  0.0000   0.0000E+00  0.0000   0.0000E+00  0.0000   0.0000E+00  0.0000
   3.1623E+04   5.6234E+04   3.0982E-10  1.0000   0.0000E+00  0.0000   0.0000E+00  0.0000   0.0000E+00  0.0000
   5.6234E+04   1.0000E+05   0.0000E+00  0.0000   0.0000E+00  0.0000   0.0000E+00  0.0000   0.0000E+00  0.0000

#   sum over                 1.1521E-05  0.2682   8.0270E-08  1.0000   0.0000E+00  0.0000   2.3986E-07  0.3767

'no. =  1,  reg  =    300'
msuc: {\huge Flux spectrum in room air (upper 2 m, lower 1 m)}
msdr: {\it plotted by \ANGEL \version}
msdl: {\it calculated by \PHITS  3.35}
wt: s(0.7)
\vspace{-3}
   vol  &=&   1.2000E+08 [cm^3]
e:

#------------------------------------------------------------------------------
 newpage:
#   no. =  2   reg =    301

x: Energy [MeV]
y: Flux [1/cm^2/source]              
p: xlog ylog afac(0.8) form(0.9)
h: n            x            y(neutron ),hh0l n  y(muon-   ),hh0dr n  y(muon+   ),hh0ub n  y(proton  ),hh0mg n  
#  e-lower      e-upper        neutron   r.err      muon-     r.err      muon+     r.err      proton    r.err 
   1.0000E-10   1.7783E-10   5.8896E-11  1.0000   0.0000E+00  0.0000   0.0000E+00  0.0000   0.0000E+00  0.0000
   1.7783E-10   3.1623E-10   3.1209E-11  1.0000   0.0000E+00  0.0000   0.0000E+00  0.0000   0.0000E+00  0.0000
   3.1623E-10   5.6234E-10   4.5326E-10  0.7178   0.0000E+00  0.0000   0.0000E+00  0.0000   0.0000E+00  0.0000
   5.6234E-10   1.0000E-09   1.8732E-09  0.5137   0.0000E+00  0.0000   0.0000E+00  0.0000   0.0000E+00  0.0000
   1.0000E-09   1.7783E-09   3.3648E-09  0.7768   0.0000E+00  0.0000   0.0000E+00  0.0000   0.0000E+00  0.0000
   1.7783E-09   3.1623E-09   8.8106E-09  0.2725   0.0000E+00  0.0000   0.0000E+00  0.0000   0.0000E+00  0.0000
   3.1623E-09   5.6234E-09   4.1750E-08  0.3323   0.0000E+00  0.0000   0.0000E+00  0.0000   0.0000E+00  0.0000
   5.6234E-09   1.0000E-08   8.1522E-08  0.3043   0.0000E+00  0.0000   0.0000E+00  0.0000   0.0000E+00  0.0000
   1.0000E-08   1.7783E-08   2.3183E-07  0.2843   0.0000E+00  0.0000   0.0000E+00  0.0000   0.0000E+00  0.0000
   1.7783E-08   3.1623E-08   6.0653E-07  0.2993   0.0000E+00  0.0000   0.0000E+00  0.0000   0.0000E+00  0.0000
   3.1623E-08   5.6234E-08   1.1008E-06  0.3007   0.0000E+00  0.0000   0.0000E+00  0.0000   0.0000E+00  0.0000
   5.6234E-08   1.0000E-07   1.0672E-06  0.2784   0.0000E+00  0.0000   0.0000E+00  0.0000   0.0000E+00  0.0000
   1.0000E-07   1.7783E-07   3.9304E-07  0.2417   0.0000E+00  0.0000   0.0000E+00  0.0000   0.0000E+00  0.0000
   1.7783E-07   3.1623E-07   1.0372E-07  0.3210   0.0000E+00  0.0000   0.0000E+00  0.0000   0.0000E+00  0.0000
   3.1623E-07   5.6234E-07   4.9474E-08  0.3347   0.0000E+00  0.0000   0.0000E+00  0.0000   0.0000E+00  0.0000
   5.6234E-07   1.0000E-06   3.7910E-08  0.2698   0.0000E+00  0.0000   0.0000E+00  0.0000   0.0000E+00  0.0000
   1.0000E-06   1.7783E-06   1.0744E-07  0.5668   0.0000E+00  0.0000   0.0000E+00  0.0000   0.0000E+00  0.0000
   1.7783E-06   3.1623E-06   3.3301E-08  0.2520   0.0000E+00  0.0000   0.0000E+00  0.0000   0.0000E+00  0.0000
   3.1623E-06   5.6234E-06   4.3039E-08  0.4303   0.0000E+00  0.0000   0.0000E+00  0.0000   0.0000E+00  0.0000
   5.6234E-06   1.0000E-05   7.3835E-08  0.4058   0.0000E+00  0.0000   0.0000E+00  0.0000   0.0000E+00  0.0000
   1.0000E-05   1.7783E-05   1.8234E-07  0.7396   0.0000E+00  0.0000   0.0000E+00  0.0000   0.0000E+00  0.0000
   1.7783E-05   3.1623E-05   4.1357E-08  0.3733   0.0000E+00  0.0000   0.0000E+00  0.0000   0.0000E+00  0.0000
   3.1623E-05   5.6234E-05   3.3542E-07  0.9207   0.0000E+00  0.0000   0.0000E+00  0.0000   0.0000E+00  0.0000
   5.6234E-05   1.0000E-04   5.3734E-08  0.5252   0.0000E+00  0.0000   0.0000E+00  0.0000   0.0000E+00  0.0000
   1.0000E-04   1.7783E-04   5.3845E-08  0.3646   0.0000E+00  0.0000   0.0000E+00  0.0000   0.0000E+00  0.0000
   1.7783E-04   3.1623E-04   6.2185E-08  0.6174   0.0000E+00  0.0000   0.0000E+00  0.0000   0.0000E+00  0.0000
   3.1623E-04   5.6234E-04   4.5432E-08  0.3486   0.0000E+00  0.0000   0.0000E+00  0.0000   0.0000E+00  0.0000
   5.6234E-04   1.0000E-03   9.9453E-08  0.5083   0.0000E+00  0.0000   0.0000E+00  0.0000   0.0000E+00  0.0000
   1.0000E-03   1.7783E-03   2.6437E-07  0.7754   0.0000E+00  0.0000   0.0000E+00  0.0000   2.6862E-14  0.6123
   1.7783E-03   3.1623E-03   1.5039E-07  0.6905   0.0000E+00  0.0000   0.0000E+00  0.0000   3.8547E-14  0.6123
   3.1623E-03   5.6234E-03   5.9447E-08  0.4462   0.0000E+00  0.0000   0.0000E+00  0.0000   5.4540E-14  0.6123
   5.6234E-03   1.0000E-02   5.6954E-08  0.4729   0.0000E+00  0.0000   0.0000E+00  0.0000   7.6293E-14  0.6123
   1.0000E-02   1.7783E-02   3.9841E-08  0.4134   0.0000E+00  0.0000   0.0000E+00  0.0000   1.0588E-13  0.6123
   1.7783E-02   3.1623E-02   7.3047E-08  0.3674   0.0000E+00  0.0000   0.0000E+00  0.0000   1.4772E-13  0.6123
   3.1623E-02   5.6234E-02   1.7357E-07  0.5704   0.0000E+00  0.0000   0.0000E+00  0.0000   2.2604E-13  0.6123
   5.6234E-02   1.0000E-01   8.2613E-08  0.4350   0.0000E+00  0.0000   0.0000E+00  0.0000   3.6659E-13  0.6123
   1.0000E-01   1.7783E-01   7.6467E-08  0.2907   0.0000E+00  0.0000   0.0000E+00  0.0000   6.4918E-13  0.6123
   1.7783E-01   3.1623E-01   9.7265E-08  0.2904   0.0000E+00  0.0000   0.0000E+00  0.0000   1.3336E-12  0.6123
   3.1623E-01   5.6234E-01   1.1150E-07  0.2601   0.0000E+00  0.0000   0.0000E+00  0.0000   3.2092E-12  0.6123
   5.6234E-01   1.0000E+00   5.0145E-07  0.6560   0.0000E+00  0.0000   0.0000E+00  0.0000   8.3405E-12  0.6123
   1.0000E+00   1.7783E+00   5.4310E-07  0.5920   0.0000E+00  0.0000   0.0000E+00  0.0000   2.5101E-11  0.5977
   1.7783E+00   3.1623E+00   2.4058E-07  0.2858   0.0000E+00  0.0000   0.0000E+00  0.0000   5.9363E-11  0.6083
   3.1623E+00   5.6234E+00   5.8301E-07  0.6847   0.0000E+00  0.0000   0.0000E+00  0.0000   1.5790E-10  0.6123
   5.6234E+00   1.0000E+01   1.9083E-07  0.4077   0.0000E+00  0.0000   0.0000E+00  0.0000   2.4676E-10  0.6927
   1.0000E+01   1.7783E+01   1.1805E-07  0.4228   0.0000E+00  0.0000   0.0000E+00  0.0000   6.0119E-10  0.6506
   1.7783E+01   3.1623E+01   4.2983E-07  0.6347   0.0000E+00  0.0000   0.0000E+00  0.0000   3.4613E-09  0.4224
   3.1623E+01   5.6234E+01   5.9760E-07  0.5157   0.0000E+00  0.0000   0.0000E+00  0.0000   5.4266E-09  0.3965
   5.6234E+01   1.0000E+02   3.9555E-07  0.4542   0.0000E+00  0.0000   0.0000E+00  0.0000   1.3737E-08  0.5768
   1.0000E+02   1.7783E+02   2.2958E-07  0.1845   0.0000E+00  0.0000   0.0000E+00  0.0000   1.4647E-08  0.4925
   1.7783E+02   3.1623E+02   1.8705E-07  0.2397   0.0000E+00  0.0000   0.0000E+00  0.0000   8.1404E-09  0.3390
   3.1623E+02   5.6234E+02   1.0485E-07  0.3192   0.0000E+00  0.0000   0.0000E+00  0.0000   1.8657E-08  0.3350
   5.6234E+02   1.0000E+03   3.9721E-08  0.3288   0.0000E+00  0.0000   0.0000E+00  0.0000   6.1587E-08  0.8232
   1.0000E+03   1.7783E+03   1.7351E-08  0.2969   6.0842E-09  1.0000   0.0000E+00  0.0000   1.0979E-08  0.3975
   1.7783E+03   3.1623E+03   7.9775E-09  0.3357   0.0000E+00  0.0000   0.0000E+00  0.0000   3.8689E-09  0.5240
   3.1623E+03   5.6234E+03   1.6684E-09  0.5077   8.0270E-08  1.0000   0.0000E+00  0.0000   1.5343E-09  0.7217
   5.6234E+03   1.0000E+04   1.9989E-10  1.0000   0.0000E+00  0.0000   0.0000E+00  0.0000   0.0000E+00  0.0000
   1.0000E+04   1.7783E+04   3.1320E-10  1.0000   0.0000E+00  0.0000   0.0000E+00  0.0000   0.0000E+00  0.0000
   1.7783E+04   3.1623E+04   0.0000E+00  0.0000   0.0000E+00  0.0000   0.0000E+00  0.0000   0.0000E+00  0.0000
   3.1623E+04   5.6234E+04   3.0982E-10  1.0000   0.0000E+00  0.0000   0.0000E+00  0.0000   0.0000E+00  0.0000
   5.6234E+04   1.0000E+05   0.0000E+00  0.0000   0.0000E+00  0.0000   0.0000E+00  0.0000   0.0000E+00  0.0000

#   sum over                 1.0234E-05  0.3110   8.6354E-08  1.0000   0.0000E+00  0.0000   1.4314E-07  0.4153

'no. =  2,  reg  =    301'
msuc: {\huge Flux spectrum in room air (upper 2 m, lower 1 m)}
msdr: {\it plotted by \ANGEL \version}
msdl: {\it calculated by \PHITS  3.35}
wt: s(0.7)
\vspace{-3}
   vol  &=&   6.0000E+07 [cm^3]
e:

# Information for Restart Calculation
# This calculation was newly started
# istdev =  2 # 1:Batch variance, 2:History variance
# resc2  = 7.50937517307951108E-01 # Total source weight or Total source weight / maxcas
# resc3  = 2.00000000000000000E+04 # Total history number or Total batch number
# maxcas =       20000 # History / Batch, only used for istdev=1
# bitrseed = 1011011101001000111001001011110001010010110000101010110101000101 # bit data of rseed
