[ T-Track ]
    title = Neutron track length in active He-3 gas
     mesh =  reg            # mesh type is region-wise
      reg = 101 201 301 401
   e-type =    3            # e-mesh is log given by emin, emax and ne
     emin =  1.0000000E-10  # minimum value of e-mesh points
     emax =   1000.000      # maximum value of e-mesh points
#    edel =  0.2302585      # mesh width of e-mesh points
       ne =    130          # number of e-mesh points
#    data = ( e(i), i = 1, ne + 1 )
#           1.00000E-10  1.25893E-10  1.58489E-10  1.99526E-10  2.51189E-10
#           3.16228E-10  3.98107E-10  5.01187E-10  6.30957E-10  7.94328E-10
#           1.00000E-09  1.25893E-09  1.58489E-09  1.99526E-09  2.51189E-09
#           3.16228E-09  3.98107E-09  5.01187E-09  6.30957E-09  7.94328E-09
#           1.00000E-08  1.25893E-08  1.58489E-08  1.99526E-08  2.51189E-08
#           3.16228E-08  3.98107E-08  5.01187E-08  6.30957E-08  7.94328E-08
#           1.00000E-07  1.25893E-07  1.58489E-07  1.99526E-07  2.51189E-07
#           3.16228E-07  3.98107E-07  5.01187E-07  6.30957E-07  7.94328E-07
#           1.00000E-06  1.25893E-06  1.58489E-06  1.99526E-06  2.51189E-06
#           3.16228E-06  3.98107E-06  5.01187E-06  6.30957E-06  7.94328E-06
#           1.00000E-05  1.25893E-05  1.58489E-05  1.99526E-05  2.51189E-05
#           3.16228E-05  3.98107E-05  5.01187E-05  6.30957E-05  7.94328E-05
#           1.00000E-04  1.25893E-04  1.58489E-04  1.99526E-04  2.51189E-04
#           3.16228E-04  3.98107E-04  5.01187E-04  6.30957E-04  7.94328E-04
#           1.00000E-03  1.25893E-03  1.58489E-03  1.99526E-03  2.51189E-03
#           3.16228E-03  3.98107E-03  5.01187E-03  6.30957E-03  7.94328E-03
#           1.00000E-02  1.25893E-02  1.58489E-02  1.99526E-02  2.51189E-02
#           3.16228E-02  3.98107E-02  5.01187E-02  6.30957E-02  7.94328E-02
#           1.00000E-01  1.25893E-01  1.58489E-01  1.99526E-01  2.51189E-01
#           3.16228E-01  3.98107E-01  5.01187E-01  6.30957E-01  7.94328E-01
#           1.00000E+00  1.25893E+00  1.58489E+00  1.99526E+00  2.51189E+00
#           3.16228E+00  3.98107E+00  5.01187E+00  6.30957E+00  7.94328E+00
#           1.00000E+01  1.25893E+01  1.58489E+01  1.99526E+01  2.51189E+01
#           3.16228E+01  3.98107E+01  5.01187E+01  6.30957E+01  7.94328E+01
#           1.00000E+02  1.25893E+02  1.58489E+02  1.99526E+02  2.51189E+02
#           3.16228E+02  3.98107E+02  5.01187E+02  6.30957E+02  7.94328E+02
#           1.00000E+03
     unit =    1            # unit is [1/cm^2/source]
 material =  all            # (D=all) number of specific material
     axis =     eng            # axis of output
     file = gas_track.out   # file name of output for the above axis
     part =  neutron  
# kf/name :  2112     
#    used :        main (  %)        temp (  %)       total (  %)
#  memory :         139 (  0)           0 (  0)         139 (  0)

#------------------------------------------------------------------------------
#newpage:
#   no. =  1   reg =    101

x: Energy [MeV/n]
y: Flux [1/cm^2/source]              
p: xlog ylog afac(0.8) form(0.9)
h: n            x            y(neutron ),hh0l n  
#  e-lower      e-upper        neutron   r.err 
   1.0000E-10   1.2589E-10   0.0000E+00  0.0000
   1.2589E-10   1.5849E-10   0.0000E+00  0.0000
   1.5849E-10   1.9953E-10   0.0000E+00  0.0000
   1.9953E-10   2.5119E-10   0.0000E+00  0.0000
   2.5119E-10   3.1623E-10   0.0000E+00  0.0000
   3.1623E-10   3.9811E-10   0.0000E+00  0.0000
   3.9811E-10   5.0119E-10   0.0000E+00  0.0000
   5.0119E-10   6.3096E-10   0.0000E+00  0.0000
   6.3096E-10   7.9433E-10   0.0000E+00  0.0000
   7.9433E-10   1.0000E-09   0.0000E+00  0.0000
   1.0000E-09   1.2589E-09   0.0000E+00  0.0000
   1.2589E-09   1.5849E-09   0.0000E+00  0.0000
   1.5849E-09   1.9953E-09   0.0000E+00  0.0000
   1.9953E-09   2.5119E-09   0.0000E+00  0.0000
   2.5119E-09   3.1623E-09   0.0000E+00  0.0000
   3.1623E-09   3.9811E-09   0.0000E+00  0.0000
   3.9811E-09   5.0119E-09   0.0000E+00  0.0000
   5.0119E-09   6.3096E-09   0.0000E+00  0.0000
   6.3096E-09   7.9433E-09   0.0000E+00  0.0000
   7.9433E-09   1.0000E-08   0.0000E+00  0.0000
   1.0000E-08   1.2589E-08   0.0000E+00  0.0000
   1.2589E-08   1.5849E-08   0.0000E+00  0.0000
   1.5849E-08   1.9953E-08   0.0000E+00  0.0000
   1.9953E-08   2.5119E-08   0.0000E+00  0.0000
   2.5119E-08   3.1623E-08   0.0000E+00  0.0000
   3.1623E-08   3.9811E-08   0.0000E+00  0.0000
   3.9811E-08   5.0119E-08   0.0000E+00  0.0000
   5.0119E-08   6.3096E-08   0.0000E+00  0.0000
   6.3096E-08   7.9433E-08   0.0000E+00  0.0000
   7.9433E-08   1.0000E-07   0.0000E+00  0.0000
   1.0000E-07   1.2589E-07   0.0000E+00  0.0000
   1.2589E-07   1.5849E-07   0.0000E+00  0.0000
   1.5849E-07   1.9953E-07   0.0000E+00  0.0000
   1.9953E-07   2.5119E-07   0.0000E+00  0.0000
   2.5119E-07   3.1623E-07   0.0000E+00  0.0000
   3.1623E-07   3.9811E-07   0.0000E+00  0.0000
   3.9811E-07   5.0119E-07   0.0000E+00  0.0000
   5.0119E-07   6.3096E-07   0.0000E+00  0.0000
   6.3096E-07   7.9433E-07   0.0000E+00  0.0000
   7.9433E-07   1.0000E-06   0.0000E+00  0.0000
   1.0000E-06   1.2589E-06   0.0000E+00  0.0000
   1.2589E-06   1.5849E-06   0.0000E+00  0.0000
   1.5849E-06   1.9953E-06   0.0000E+00  0.0000
   1.9953E-06   2.5119E-06   0.0000E+00  0.0000
   2.5119E-06   3.1623E-06   0.0000E+00  0.0000
   3.1623E-06   3.9811E-06   0.0000E+00  0.0000
   3.9811E-06   5.0119E-06   0.0000E+00  0.0000
   5.0119E-06   6.3096E-06   0.0000E+00  0.0000
   6.3096E-06   7.9433E-06   0.0000E+00  0.0000
   7.9433E-06   1.0000E-05   0.0000E+00  0.0000
   1.0000E-05   1.2589E-05   0.0000E+00  0.0000
   1.2589E-05   1.5849E-05   0.0000E+00  0.0000
   1.5849E-05   1.9953E-05   0.0000E+00  0.0000
   1.9953E-05   2.5119E-05   0.0000E+00  0.0000
   2.5119E-05   3.1623E-05   0.0000E+00  0.0000
   3.1623E-05   3.9811E-05   0.0000E+00  0.0000
   3.9811E-05   5.0119E-05   0.0000E+00  0.0000
   5.0119E-05   6.3096E-05   0.0000E+00  0.0000
   6.3096E-05   7.9433E-05   0.0000E+00  0.0000
   7.9433E-05   1.0000E-04   0.0000E+00  0.0000
   1.0000E-04   1.2589E-04   0.0000E+00  0.0000
   1.2589E-04   1.5849E-04   0.0000E+00  0.0000
   1.5849E-04   1.9953E-04   0.0000E+00  0.0000
   1.9953E-04   2.5119E-04   0.0000E+00  0.0000
   2.5119E-04   3.1623E-04   0.0000E+00  0.0000
   3.1623E-04   3.9811E-04   0.0000E+00  0.0000
   3.9811E-04   5.0119E-04   0.0000E+00  0.0000
   5.0119E-04   6.3096E-04   0.0000E+00  0.0000
   6.3096E-04   7.9433E-04   0.0000E+00  0.0000
   7.9433E-04   1.0000E-03   0.0000E+00  0.0000
   1.0000E-03   1.2589E-03   0.0000E+00  0.0000
   1.2589E-03   1.5849E-03   0.0000E+00  0.0000
   1.5849E-03   1.9953E-03   0.0000E+00  0.0000
   1.9953E-03   2.5119E-03   0.0000E+00  0.0000
   2.5119E-03   3.1623E-03   0.0000E+00  0.0000
   3.1623E-03   3.9811E-03   0.0000E+00  0.0000
   3.9811E-03   5.0119E-03   0.0000E+00  0.0000
   5.0119E-03   6.3096E-03   0.0000E+00  0.0000
   6.3096E-03   7.9433E-03   0.0000E+00  0.0000
   7.9433E-03   1.0000E-02   0.0000E+00  0.0000
   1.0000E-02   1.2589E-02   0.0000E+00  0.0000
   1.2589E-02   1.5849E-02   0.0000E+00  0.0000
   1.5849E-02   1.9953E-02   0.0000E+00  0.0000
   1.9953E-02   2.5119E-02   0.0000E+00  0.0000
   2.5119E-02   3.1623E-02   0.0000E+00  0.0000
   3.1623E-02   3.9811E-02   0.0000E+00  0.0000
   3.9811E-02   5.0119E-02   0.0000E+00  0.0000
   5.0119E-02   6.3096E-02   5.1757E-05  1.0000
   6.3096E-02   7.9433E-02   0.0000E+00  0.0000
   7.9433E-02   1.0000E-01   0.0000E+00  0.0000
   1.0000E-01   1.2589E-01   1.4277E-05  1.0000
   1.2589E-01   1.5849E-01   1.2039E-04  0.5798
   1.5849E-01   1.9953E-01   2.9575E-04  1.0000
   1.9953E-01   2.5119E-01   4.2682E-05  1.0000
   2.5119E-01   3.1623E-01   8.4718E-06  1.0000
   3.1623E-01   3.9811E-01   2.0335E-04  0.5286
   3.9811E-01   5.0119E-01   3.4748E-04  0.3619
   5.0119E-01   6.3096E-01   3.8695E-04  0.3864
   6.3096E-01   7.9433E-01   4.1513E-04  0.3803
   7.9433E-01   1.0000E+00   4.4223E-04  0.3239
   1.0000E+00   1.2589E+00   1.0308E-03  0.2510
   1.2589E+00   1.5849E+00   1.5675E-03  0.1825
   1.5849E+00   1.9953E+00   1.7835E-03  0.1642
   1.9953E+00   2.5119E+00   1.5327E-03  0.2668
   2.5119E+00   3.1623E+00   6.4516E-04  0.2735
   3.1623E+00   3.9811E+00   6.2327E-04  0.2588
   3.9811E+00   5.0119E+00   2.4825E-01  0.0148
   5.0119E+00   6.3096E+00   0.0000E+00  0.0000
   6.3096E+00   7.9433E+00   0.0000E+00  0.0000
   7.9433E+00   1.0000E+01   0.0000E+00  0.0000
   1.0000E+01   1.2589E+01   0.0000E+00  0.0000
   1.2589E+01   1.5849E+01   0.0000E+00  0.0000
   1.5849E+01   1.9953E+01   0.0000E+00  0.0000
   1.9953E+01   2.5119E+01   0.0000E+00  0.0000
   2.5119E+01   3.1623E+01   0.0000E+00  0.0000
   3.1623E+01   3.9811E+01   0.0000E+00  0.0000
   3.9811E+01   5.0119E+01   0.0000E+00  0.0000
   5.0119E+01   6.3096E+01   0.0000E+00  0.0000
   6.3096E+01   7.9433E+01   0.0000E+00  0.0000
   7.9433E+01   1.0000E+02   0.0000E+00  0.0000
   1.0000E+02   1.2589E+02   0.0000E+00  0.0000
   1.2589E+02   1.5849E+02   0.0000E+00  0.0000
   1.5849E+02   1.9953E+02   0.0000E+00  0.0000
   1.9953E+02   2.5119E+02   0.0000E+00  0.0000
   2.5119E+02   3.1623E+02   0.0000E+00  0.0000
   3.1623E+02   3.9811E+02   0.0000E+00  0.0000
   3.9811E+02   5.0119E+02   0.0000E+00  0.0000
   5.0119E+02   6.3096E+02   0.0000E+00  0.0000
   6.3096E+02   7.9433E+02   0.0000E+00  0.0000
   7.9433E+02   1.0000E+03   0.0000E+00  0.0000

#   sum over                 2.5776E-01  0.0147

'no. =  1,  reg  =    101'
msuc: {\huge Neutron track length in active He-3 gas}
msdr: {\it plotted by \ANGEL \version}
msdl: {\it calculated by \PHITS  3.36}
wt: s(0.7)
\vspace{-3}
   vol  &=&   1.0000E+00 [cm^3]
e:

#------------------------------------------------------------------------------
 newpage:
#   no. =  2   reg =    201

x: Energy [MeV/n]
y: Flux [1/cm^2/source]              
p: xlog ylog afac(0.8) form(0.9)
h: n            x            y(neutron ),hh0l n  
#  e-lower      e-upper        neutron   r.err 
   1.0000E-10   1.2589E-10   0.0000E+00  0.0000
   1.2589E-10   1.5849E-10   0.0000E+00  0.0000
   1.5849E-10   1.9953E-10   0.0000E+00  0.0000
   1.9953E-10   2.5119E-10   0.0000E+00  0.0000
   2.5119E-10   3.1623E-10   0.0000E+00  0.0000
   3.1623E-10   3.9811E-10   0.0000E+00  0.0000
   3.9811E-10   5.0119E-10   0.0000E+00  0.0000
   5.0119E-10   6.3096E-10   1.1724E-07  1.0000
   6.3096E-10   7.9433E-10   4.4135E-07  0.7491
   7.9433E-10   1.0000E-09   0.0000E+00  0.0000
   1.0000E-09   1.2589E-09   4.3602E-07  1.0000
   1.2589E-09   1.5849E-09   0.0000E+00  0.0000
   1.5849E-09   1.9953E-09   2.0470E-09  1.0000
   1.9953E-09   2.5119E-09   2.1343E-06  0.6893
   2.5119E-09   3.1623E-09   3.5445E-08  1.0000
   3.1623E-09   3.9811E-09   5.2073E-06  0.4067
   3.9811E-09   5.0119E-09   7.8110E-06  0.5742
   5.0119E-09   6.3096E-09   1.0422E-05  0.4350
   6.3096E-09   7.9433E-09   1.0629E-05  0.3782
   7.9433E-09   1.0000E-08   4.3261E-05  0.2547
   1.0000E-08   1.2589E-08   2.9142E-05  0.2582
   1.2589E-08   1.5849E-08   8.0321E-05  0.1947
   1.5849E-08   1.9953E-08   1.0891E-04  0.1574
   1.9953E-08   2.5119E-08   1.6192E-04  0.1506
   2.5119E-08   3.1623E-08   2.5743E-04  0.1412
   3.1623E-08   3.9811E-08   3.9550E-04  0.1044
   3.9811E-08   5.0119E-08   5.4047E-04  0.1047
   5.0119E-08   6.3096E-08   6.8031E-04  0.1105
   6.3096E-08   7.9433E-08   6.7011E-04  0.1130
   7.9433E-08   1.0000E-07   7.9264E-04  0.0992
   1.0000E-07   1.2589E-07   4.9503E-04  0.1329
   1.2589E-07   1.5849E-07   4.3222E-04  0.1916
   1.5849E-07   1.9953E-07   3.3789E-04  0.2113
   1.9953E-07   2.5119E-07   1.3628E-04  0.2901
   2.5119E-07   3.1623E-07   2.1978E-04  0.2582
   3.1623E-07   3.9811E-07   2.8485E-04  0.2641
   3.9811E-07   5.0119E-07   9.7845E-05  0.4260
   5.0119E-07   6.3096E-07   3.7125E-04  0.2856
   6.3096E-07   7.9433E-07   2.6600E-04  0.3090
   7.9433E-07   1.0000E-06   1.9970E-04  0.3527
   1.0000E-06   1.2589E-06   3.1732E-04  0.3559
   1.2589E-06   1.5849E-06   3.7696E-04  0.3328
   1.5849E-06   1.9953E-06   2.2912E-04  0.3787
   1.9953E-06   2.5119E-06   3.6565E-04  0.3601
   2.5119E-06   3.1623E-06   3.5949E-04  0.3748
   3.1623E-06   3.9811E-06   3.3464E-04  0.2830
   3.9811E-06   5.0119E-06   5.2429E-04  0.2789
   5.0119E-06   6.3096E-06   3.9598E-04  0.3214
   6.3096E-06   7.9433E-06   4.9596E-04  0.3546
   7.9433E-06   1.0000E-05   3.8039E-04  0.3269
   1.0000E-05   1.2589E-05   6.1804E-04  0.2533
   1.2589E-05   1.5849E-05   2.2948E-04  0.4287
   1.5849E-05   1.9953E-05   5.0391E-04  0.3490
   1.9953E-05   2.5119E-05   4.9148E-04  0.2910
   2.5119E-05   3.1623E-05   6.9570E-04  0.3205
   3.1623E-05   3.9811E-05   2.6490E-04  0.3668
   3.9811E-05   5.0119E-05   3.6092E-04  0.3686
   5.0119E-05   6.3096E-05   7.4753E-04  0.2556
   6.3096E-05   7.9433E-05   1.9967E-04  0.5022
   7.9433E-05   1.0000E-04   4.7343E-04  0.3077
   1.0000E-04   1.2589E-04   3.3201E-04  0.3600
   1.2589E-04   1.5849E-04   7.3696E-04  0.3131
   1.5849E-04   1.9953E-04   5.9202E-04  0.2787
   1.9953E-04   2.5119E-04   7.9742E-04  0.2902
   2.5119E-04   3.1623E-04   3.5764E-04  0.3568
   3.1623E-04   3.9811E-04   3.7777E-04  0.3605
   3.9811E-04   5.0119E-04   4.1400E-04  0.3421
   5.0119E-04   6.3096E-04   4.1695E-04  0.3928
   6.3096E-04   7.9433E-04   8.0508E-04  0.3036
   7.9433E-04   1.0000E-03   4.5506E-04  0.3343
   1.0000E-03   1.2589E-03   5.7739E-04  0.3102
   1.2589E-03   1.5849E-03   7.9808E-04  0.2371
   1.5849E-03   1.9953E-03   8.2587E-04  0.3190
   1.9953E-03   2.5119E-03   5.5613E-04  0.3402
   2.5119E-03   3.1623E-03   4.8801E-04  0.3316
   3.1623E-03   3.9811E-03   9.1926E-04  0.2447
   3.9811E-03   5.0119E-03   1.0919E-03  0.2601
   5.0119E-03   6.3096E-03   7.8410E-04  0.2447
   6.3096E-03   7.9433E-03   5.0335E-04  0.3685
   7.9433E-03   1.0000E-02   6.2767E-04  0.2675
   1.0000E-02   1.2589E-02   6.5953E-04  0.2801
   1.2589E-02   1.5849E-02   8.8684E-04  0.2494
   1.5849E-02   1.9953E-02   8.3985E-04  0.2317
   1.9953E-02   2.5119E-02   8.1656E-04  0.2772
   2.5119E-02   3.1623E-02   7.6686E-04  0.2508
   3.1623E-02   3.9811E-02   5.2264E-04  0.3209
   3.9811E-02   5.0119E-02   6.9651E-04  0.2644
   5.0119E-02   6.3096E-02   1.0503E-03  0.2363
   6.3096E-02   7.9433E-02   7.4569E-04  0.2775
   7.9433E-02   1.0000E-01   1.0526E-03  0.2272
   1.0000E-01   1.2589E-01   1.5349E-03  0.1969
   1.2589E-01   1.5849E-01   1.2814E-03  0.1940
   1.5849E-01   1.9953E-01   1.9369E-03  0.2053
   1.9953E-01   2.5119E-01   1.5501E-03  0.1827
   2.5119E-01   3.1623E-01   1.8851E-03  0.1814
   3.1623E-01   3.9811E-01   1.7845E-03  0.1857
   3.9811E-01   5.0119E-01   2.9968E-03  0.1514
   5.0119E-01   6.3096E-01   2.3567E-03  0.1473
   6.3096E-01   7.9433E-01   2.9279E-03  0.1399
   7.9433E-01   1.0000E+00   4.0488E-03  0.1385
   1.0000E+00   1.2589E+00   4.9371E-03  0.1179
   1.2589E+00   1.5849E+00   4.2258E-03  0.1235
   1.5849E+00   1.9953E+00   5.6711E-03  0.0996
   1.9953E+00   2.5119E+00   6.6274E-03  0.1045
   2.5119E+00   3.1623E+00   7.9179E-03  0.0889
   3.1623E+00   3.9811E+00   8.0123E-03  0.0870
   3.9811E+00   5.0119E+00   5.1658E-02  0.0320
   5.0119E+00   6.3096E+00   0.0000E+00  0.0000
   6.3096E+00   7.9433E+00   0.0000E+00  0.0000
   7.9433E+00   1.0000E+01   0.0000E+00  0.0000
   1.0000E+01   1.2589E+01   0.0000E+00  0.0000
   1.2589E+01   1.5849E+01   0.0000E+00  0.0000
   1.5849E+01   1.9953E+01   0.0000E+00  0.0000
   1.9953E+01   2.5119E+01   0.0000E+00  0.0000
   2.5119E+01   3.1623E+01   0.0000E+00  0.0000
   3.1623E+01   3.9811E+01   0.0000E+00  0.0000
   3.9811E+01   5.0119E+01   0.0000E+00  0.0000
   5.0119E+01   6.3096E+01   0.0000E+00  0.0000
   6.3096E+01   7.9433E+01   0.0000E+00  0.0000
   7.9433E+01   1.0000E+02   0.0000E+00  0.0000
   1.0000E+02   1.2589E+02   0.0000E+00  0.0000
   1.2589E+02   1.5849E+02   0.0000E+00  0.0000
   1.5849E+02   1.9953E+02   0.0000E+00  0.0000
   1.9953E+02   2.5119E+02   0.0000E+00  0.0000
   2.5119E+02   3.1623E+02   0.0000E+00  0.0000
   3.1623E+02   3.9811E+02   0.0000E+00  0.0000
   3.9811E+02   5.0119E+02   0.0000E+00  0.0000
   5.0119E+02   6.3096E+02   0.0000E+00  0.0000
   6.3096E+02   7.9433E+02   0.0000E+00  0.0000
   7.9433E+02   1.0000E+03   0.0000E+00  0.0000

#   sum over                 1.4685E-01  0.0216

'no. =  2,  reg  =    201'
msuc: {\huge Neutron track length in active He-3 gas}
msdr: {\it plotted by \ANGEL \version}
msdl: {\it calculated by \PHITS  3.36}
wt: s(0.7)
\vspace{-3}
   vol  &=&   1.0000E+00 [cm^3]
e:

#------------------------------------------------------------------------------
 newpage:
#   no. =  3   reg =    301

x: Energy [MeV/n]
y: Flux [1/cm^2/source]              
p: xlog ylog afac(0.8) form(0.9)
h: n            x            y(neutron ),hh0l n  
#  e-lower      e-upper        neutron   r.err 
   1.0000E-10   1.2589E-10   0.0000E+00  0.0000
   1.2589E-10   1.5849E-10   0.0000E+00  0.0000
   1.5849E-10   1.9953E-10   0.0000E+00  0.0000
   1.9953E-10   2.5119E-10   0.0000E+00  0.0000
   2.5119E-10   3.1623E-10   0.0000E+00  0.0000
   3.1623E-10   3.9811E-10   0.0000E+00  0.0000
   3.9811E-10   5.0119E-10   0.0000E+00  0.0000
   5.0119E-10   6.3096E-10   0.0000E+00  0.0000
   6.3096E-10   7.9433E-10   0.0000E+00  0.0000
   7.9433E-10   1.0000E-09   0.0000E+00  0.0000
   1.0000E-09   1.2589E-09   0.0000E+00  0.0000
   1.2589E-09   1.5849E-09   0.0000E+00  0.0000
   1.5849E-09   1.9953E-09   0.0000E+00  0.0000
   1.9953E-09   2.5119E-09   0.0000E+00  0.0000
   2.5119E-09   3.1623E-09   0.0000E+00  0.0000
   3.1623E-09   3.9811E-09   0.0000E+00  0.0000
   3.9811E-09   5.0119E-09   0.0000E+00  0.0000
   5.0119E-09   6.3096E-09   0.0000E+00  0.0000
   6.3096E-09   7.9433E-09   0.0000E+00  0.0000
   7.9433E-09   1.0000E-08   0.0000E+00  0.0000
   1.0000E-08   1.2589E-08   0.0000E+00  0.0000
   1.2589E-08   1.5849E-08   0.0000E+00  0.0000
   1.5849E-08   1.9953E-08   0.0000E+00  0.0000
   1.9953E-08   2.5119E-08   0.0000E+00  0.0000
   2.5119E-08   3.1623E-08   0.0000E+00  0.0000
   3.1623E-08   3.9811E-08   0.0000E+00  0.0000
   3.9811E-08   5.0119E-08   0.0000E+00  0.0000
   5.0119E-08   6.3096E-08   0.0000E+00  0.0000
   6.3096E-08   7.9433E-08   0.0000E+00  0.0000
   7.9433E-08   1.0000E-07   0.0000E+00  0.0000
   1.0000E-07   1.2589E-07   0.0000E+00  0.0000
   1.2589E-07   1.5849E-07   0.0000E+00  0.0000
   1.5849E-07   1.9953E-07   0.0000E+00  0.0000
   1.9953E-07   2.5119E-07   0.0000E+00  0.0000
   2.5119E-07   3.1623E-07   0.0000E+00  0.0000
   3.1623E-07   3.9811E-07   0.0000E+00  0.0000
   3.9811E-07   5.0119E-07   0.0000E+00  0.0000
   5.0119E-07   6.3096E-07   0.0000E+00  0.0000
   6.3096E-07   7.9433E-07   0.0000E+00  0.0000
   7.9433E-07   1.0000E-06   0.0000E+00  0.0000
   1.0000E-06   1.2589E-06   0.0000E+00  0.0000
   1.2589E-06   1.5849E-06   0.0000E+00  0.0000
   1.5849E-06   1.9953E-06   0.0000E+00  0.0000
   1.9953E-06   2.5119E-06   0.0000E+00  0.0000
   2.5119E-06   3.1623E-06   0.0000E+00  0.0000
   3.1623E-06   3.9811E-06   0.0000E+00  0.0000
   3.9811E-06   5.0119E-06   0.0000E+00  0.0000
   5.0119E-06   6.3096E-06   0.0000E+00  0.0000
   6.3096E-06   7.9433E-06   0.0000E+00  0.0000
   7.9433E-06   1.0000E-05   0.0000E+00  0.0000
   1.0000E-05   1.2589E-05   0.0000E+00  0.0000
   1.2589E-05   1.5849E-05   0.0000E+00  0.0000
   1.5849E-05   1.9953E-05   0.0000E+00  0.0000
   1.9953E-05   2.5119E-05   0.0000E+00  0.0000
   2.5119E-05   3.1623E-05   0.0000E+00  0.0000
   3.1623E-05   3.9811E-05   0.0000E+00  0.0000
   3.9811E-05   5.0119E-05   0.0000E+00  0.0000
   5.0119E-05   6.3096E-05   0.0000E+00  0.0000
   6.3096E-05   7.9433E-05   0.0000E+00  0.0000
   7.9433E-05   1.0000E-04   0.0000E+00  0.0000
   1.0000E-04   1.2589E-04   0.0000E+00  0.0000
   1.2589E-04   1.5849E-04   0.0000E+00  0.0000
   1.5849E-04   1.9953E-04   0.0000E+00  0.0000
   1.9953E-04   2.5119E-04   0.0000E+00  0.0000
   2.5119E-04   3.1623E-04   0.0000E+00  0.0000
   3.1623E-04   3.9811E-04   0.0000E+00  0.0000
   3.9811E-04   5.0119E-04   0.0000E+00  0.0000
   5.0119E-04   6.3096E-04   0.0000E+00  0.0000
   6.3096E-04   7.9433E-04   0.0000E+00  0.0000
   7.9433E-04   1.0000E-03   0.0000E+00  0.0000
   1.0000E-03   1.2589E-03   0.0000E+00  0.0000
   1.2589E-03   1.5849E-03   0.0000E+00  0.0000
   1.5849E-03   1.9953E-03   0.0000E+00  0.0000
   1.9953E-03   2.5119E-03   0.0000E+00  0.0000
   2.5119E-03   3.1623E-03   0.0000E+00  0.0000
   3.1623E-03   3.9811E-03   0.0000E+00  0.0000
   3.9811E-03   5.0119E-03   0.0000E+00  0.0000
   5.0119E-03   6.3096E-03   0.0000E+00  0.0000
   6.3096E-03   7.9433E-03   0.0000E+00  0.0000
   7.9433E-03   1.0000E-02   0.0000E+00  0.0000
   1.0000E-02   1.2589E-02   0.0000E+00  0.0000
   1.2589E-02   1.5849E-02   0.0000E+00  0.0000
   1.5849E-02   1.9953E-02   0.0000E+00  0.0000
   1.9953E-02   2.5119E-02   0.0000E+00  0.0000
   2.5119E-02   3.1623E-02   0.0000E+00  0.0000
   3.1623E-02   3.9811E-02   0.0000E+00  0.0000
   3.9811E-02   5.0119E-02   0.0000E+00  0.0000
   5.0119E-02   6.3096E-02   0.0000E+00  0.0000
   6.3096E-02   7.9433E-02   0.0000E+00  0.0000
   7.9433E-02   1.0000E-01   1.2255E-05  1.0000
   1.0000E-01   1.2589E-01   3.5189E-05  1.0000
   1.2589E-01   1.5849E-01   1.0468E-05  1.0000
   1.5849E-01   1.9953E-01   5.3805E-05  0.6030
   1.9953E-01   2.5119E-01   5.6926E-05  0.7432
   2.5119E-01   3.1623E-01   4.7798E-06  1.0000
   3.1623E-01   3.9811E-01   5.6681E-05  0.5881
   3.9811E-01   5.0119E-01   2.5095E-04  0.3793
   5.0119E-01   6.3096E-01   1.9071E-04  0.3993
   6.3096E-01   7.9433E-01   2.7345E-04  0.3824
   7.9433E-01   1.0000E+00   3.5718E-04  0.3950
   1.0000E+00   1.2589E+00   4.1155E-04  0.2502
   1.2589E+00   1.5849E+00   7.2034E-04  0.1925
   1.5849E+00   1.9953E+00   6.5648E-04  0.2238
   1.9953E+00   2.5119E+00   1.7784E-04  0.3425
   2.5119E+00   3.1623E+00   1.5015E-04  0.5163
   3.1623E+00   3.9811E+00   2.6696E-04  0.2732
   3.9811E+00   5.0119E+00   9.8761E-02  0.0171
   5.0119E+00   6.3096E+00   0.0000E+00  0.0000
   6.3096E+00   7.9433E+00   0.0000E+00  0.0000
   7.9433E+00   1.0000E+01   0.0000E+00  0.0000
   1.0000E+01   1.2589E+01   0.0000E+00  0.0000
   1.2589E+01   1.5849E+01   0.0000E+00  0.0000
   1.5849E+01   1.9953E+01   0.0000E+00  0.0000
   1.9953E+01   2.5119E+01   0.0000E+00  0.0000
   2.5119E+01   3.1623E+01   0.0000E+00  0.0000
   3.1623E+01   3.9811E+01   0.0000E+00  0.0000
   3.9811E+01   5.0119E+01   0.0000E+00  0.0000
   5.0119E+01   6.3096E+01   0.0000E+00  0.0000
   6.3096E+01   7.9433E+01   0.0000E+00  0.0000
   7.9433E+01   1.0000E+02   0.0000E+00  0.0000
   1.0000E+02   1.2589E+02   0.0000E+00  0.0000
   1.2589E+02   1.5849E+02   0.0000E+00  0.0000
   1.5849E+02   1.9953E+02   0.0000E+00  0.0000
   1.9953E+02   2.5119E+02   0.0000E+00  0.0000
   2.5119E+02   3.1623E+02   0.0000E+00  0.0000
   3.1623E+02   3.9811E+02   0.0000E+00  0.0000
   3.9811E+02   5.0119E+02   0.0000E+00  0.0000
   5.0119E+02   6.3096E+02   0.0000E+00  0.0000
   6.3096E+02   7.9433E+02   0.0000E+00  0.0000
   7.9433E+02   1.0000E+03   0.0000E+00  0.0000

#   sum over                 1.0245E-01  0.0170

'no. =  3,  reg  =    301'
msuc: {\huge Neutron track length in active He-3 gas}
msdr: {\it plotted by \ANGEL \version}
msdl: {\it calculated by \PHITS  3.36}
wt: s(0.7)
\vspace{-3}
   vol  &=&   1.0000E+00 [cm^3]
e:

#------------------------------------------------------------------------------
 newpage:
#   no. =  4   reg =    401

x: Energy [MeV/n]
y: Flux [1/cm^2/source]              
p: xlog ylog afac(0.8) form(0.9)
h: n            x            y(neutron ),hh0l n  
#  e-lower      e-upper        neutron   r.err 
   1.0000E-10   1.2589E-10   0.0000E+00  0.0000
   1.2589E-10   1.5849E-10   0.0000E+00  0.0000
   1.5849E-10   1.9953E-10   0.0000E+00  0.0000
   1.9953E-10   2.5119E-10   0.0000E+00  0.0000
   2.5119E-10   3.1623E-10   0.0000E+00  0.0000
   3.1623E-10   3.9811E-10   0.0000E+00  0.0000
   3.9811E-10   5.0119E-10   0.0000E+00  0.0000
   5.0119E-10   6.3096E-10   0.0000E+00  0.0000
   6.3096E-10   7.9433E-10   0.0000E+00  0.0000
   7.9433E-10   1.0000E-09   0.0000E+00  0.0000
   1.0000E-09   1.2589E-09   6.4231E-07  0.6951
   1.2589E-09   1.5849E-09   0.0000E+00  0.0000
   1.5849E-09   1.9953E-09   0.0000E+00  0.0000
   1.9953E-09   2.5119E-09   4.8138E-08  1.0000
   2.5119E-09   3.1623E-09   5.5568E-07  0.7020
   3.1623E-09   3.9811E-09   9.2987E-07  0.7321
   3.9811E-09   5.0119E-09   7.9801E-07  0.8245
   5.0119E-09   6.3096E-09   2.1804E-06  0.7520
   6.3096E-09   7.9433E-09   2.2357E-05  0.4257
   7.9433E-09   1.0000E-08   1.0533E-05  0.4034
   1.0000E-08   1.2589E-08   1.8959E-05  0.3352
   1.2589E-08   1.5849E-08   3.2902E-05  0.2558
   1.5849E-08   1.9953E-08   9.6589E-05  0.2427
   1.9953E-08   2.5119E-08   8.9439E-05  0.2284
   2.5119E-08   3.1623E-08   8.0190E-05  0.2052
   3.1623E-08   3.9811E-08   1.5443E-04  0.1731
   3.9811E-08   5.0119E-08   2.0199E-04  0.1466
   5.0119E-08   6.3096E-08   3.6100E-04  0.1417
   6.3096E-08   7.9433E-08   3.6235E-04  0.1496
   7.9433E-08   1.0000E-07   3.5947E-04  0.1567
   1.0000E-07   1.2589E-07   2.4771E-04  0.2167
   1.2589E-07   1.5849E-07   2.1862E-04  0.1957
   1.5849E-07   1.9953E-07   2.2091E-04  0.2781
   1.9953E-07   2.5119E-07   9.8969E-05  0.4291
   2.5119E-07   3.1623E-07   1.6358E-04  0.3659
   3.1623E-07   3.9811E-07   1.5367E-04  0.3166
   3.9811E-07   5.0119E-07   1.6483E-04  0.2934
   5.0119E-07   6.3096E-07   2.1027E-04  0.2843
   6.3096E-07   7.9433E-07   2.1601E-04  0.3632
   7.9433E-07   1.0000E-06   2.4837E-04  0.3031
   1.0000E-06   1.2589E-06   1.9570E-04  0.3568
   1.2589E-06   1.5849E-06   2.7508E-04  0.2917
   1.5849E-06   1.9953E-06   1.1944E-04  0.4048
   1.9953E-06   2.5119E-06   1.7847E-04  0.3743
   2.5119E-06   3.1623E-06   1.7462E-04  0.4092
   3.1623E-06   3.9811E-06   1.6674E-04  0.4616
   3.9811E-06   5.0119E-06   2.1626E-04  0.3716
   5.0119E-06   6.3096E-06   1.8082E-04  0.3575
   6.3096E-06   7.9433E-06   2.9459E-04  0.2748
   7.9433E-06   1.0000E-05   1.2345E-04  0.4406
   1.0000E-05   1.2589E-05   2.1288E-04  0.3663
   1.2589E-05   1.5849E-05   2.3346E-04  0.3218
   1.5849E-05   1.9953E-05   1.3413E-04  0.3924
   1.9953E-05   2.5119E-05   2.5176E-04  0.3567
   2.5119E-05   3.1623E-05   2.7372E-04  0.3351
   3.1623E-05   3.9811E-05   2.2483E-04  0.3556
   3.9811E-05   5.0119E-05   1.5016E-04  0.3882
   5.0119E-05   6.3096E-05   3.4219E-04  0.3091
   6.3096E-05   7.9433E-05   3.6453E-04  0.3145
   7.9433E-05   1.0000E-04   2.8190E-04  0.3410
   1.0000E-04   1.2589E-04   2.1496E-04  0.3521
   1.2589E-04   1.5849E-04   2.3914E-04  0.3278
   1.5849E-04   1.9953E-04   1.9447E-04  0.3563
   1.9953E-04   2.5119E-04   2.4597E-04  0.3286
   2.5119E-04   3.1623E-04   2.8469E-04  0.3156
   3.1623E-04   3.9811E-04   2.6960E-04  0.3858
   3.9811E-04   5.0119E-04   3.9594E-04  0.3162
   5.0119E-04   6.3096E-04   2.7839E-04  0.3352
   6.3096E-04   7.9433E-04   4.4681E-04  0.3580
   7.9433E-04   1.0000E-03   3.1053E-04  0.2582
   1.0000E-03   1.2589E-03   2.0267E-04  0.4047
   1.2589E-03   1.5849E-03   3.4397E-04  0.4341
   1.5849E-03   1.9953E-03   2.2480E-04  0.2849
   1.9953E-03   2.5119E-03   4.4929E-04  0.3349
   2.5119E-03   3.1623E-03   3.2805E-04  0.2877
   3.1623E-03   3.9811E-03   2.8926E-04  0.3123
   3.9811E-03   5.0119E-03   2.1141E-04  0.3761
   5.0119E-03   6.3096E-03   4.5034E-04  0.3360
   6.3096E-03   7.9433E-03   3.1351E-04  0.3265
   7.9433E-03   1.0000E-02   4.2933E-04  0.2785
   1.0000E-02   1.2589E-02   4.7785E-04  0.2476
   1.2589E-02   1.5849E-02   4.2255E-04  0.3771
   1.5849E-02   1.9953E-02   4.1125E-04  0.2478
   1.9953E-02   2.5119E-02   2.6622E-04  0.3440
   2.5119E-02   3.1623E-02   2.6394E-04  0.3272
   3.1623E-02   3.9811E-02   3.2110E-04  0.2805
   3.9811E-02   5.0119E-02   2.9699E-04  0.2707
   5.0119E-02   6.3096E-02   4.5691E-04  0.2834
   6.3096E-02   7.9433E-02   4.2550E-04  0.2540
   7.9433E-02   1.0000E-01   6.4366E-04  0.2365
   1.0000E-01   1.2589E-01   4.8761E-04  0.2729
   1.2589E-01   1.5849E-01   4.0325E-04  0.2361
   1.5849E-01   1.9953E-01   7.8885E-04  0.2252
   1.9953E-01   2.5119E-01   7.8373E-04  0.1930
   2.5119E-01   3.1623E-01   8.1968E-04  0.1801
   3.1623E-01   3.9811E-01   1.0133E-03  0.1814
   3.9811E-01   5.0119E-01   1.0666E-03  0.1860
   5.0119E-01   6.3096E-01   1.2878E-03  0.1528
   6.3096E-01   7.9433E-01   1.2793E-03  0.1432
   7.9433E-01   1.0000E+00   1.5710E-03  0.1351
   1.0000E+00   1.2589E+00   1.9590E-03  0.1160
   1.2589E+00   1.5849E+00   2.2379E-03  0.1171
   1.5849E+00   1.9953E+00   2.5827E-03  0.1106
   1.9953E+00   2.5119E+00   2.9265E-03  0.1031
   2.5119E+00   3.1623E+00   3.4458E-03  0.0902
   3.1623E+00   3.9811E+00   4.5309E-03  0.0812
   3.9811E+00   5.0119E+00   3.1155E-02  0.0294
   5.0119E+00   6.3096E+00   0.0000E+00  0.0000
   6.3096E+00   7.9433E+00   0.0000E+00  0.0000
   7.9433E+00   1.0000E+01   0.0000E+00  0.0000
   1.0000E+01   1.2589E+01   0.0000E+00  0.0000
   1.2589E+01   1.5849E+01   0.0000E+00  0.0000
   1.5849E+01   1.9953E+01   0.0000E+00  0.0000
   1.9953E+01   2.5119E+01   0.0000E+00  0.0000
   2.5119E+01   3.1623E+01   0.0000E+00  0.0000
   3.1623E+01   3.9811E+01   0.0000E+00  0.0000
   3.9811E+01   5.0119E+01   0.0000E+00  0.0000
   5.0119E+01   6.3096E+01   0.0000E+00  0.0000
   6.3096E+01   7.9433E+01   0.0000E+00  0.0000
   7.9433E+01   1.0000E+02   0.0000E+00  0.0000
   1.0000E+02   1.2589E+02   0.0000E+00  0.0000
   1.2589E+02   1.5849E+02   0.0000E+00  0.0000
   1.5849E+02   1.9953E+02   0.0000E+00  0.0000
   1.9953E+02   2.5119E+02   0.0000E+00  0.0000
   2.5119E+02   3.1623E+02   0.0000E+00  0.0000
   3.1623E+02   3.9811E+02   0.0000E+00  0.0000
   3.9811E+02   5.0119E+02   0.0000E+00  0.0000
   5.0119E+02   6.3096E+02   0.0000E+00  0.0000
   6.3096E+02   7.9433E+02   0.0000E+00  0.0000
   7.9433E+02   1.0000E+03   0.0000E+00  0.0000

#   sum over                 7.6581E-02  0.0220

'no. =  4,  reg  =    401'
msuc: {\huge Neutron track length in active He-3 gas}
msdr: {\it plotted by \ANGEL \version}
msdl: {\it calculated by \PHITS  3.36}
wt: s(0.7)
\vspace{-3}
   vol  &=&   1.0000E+00 [cm^3]
e:
 
# Information for Restart Calculation
# This calculation was newly started
# istdev =  2 # 1:Batch variance, 2:History variance
# resc2  = 1.49620838471164927E+05 # Total source weight or Total source weight / maxcas
# resc3  = 1.50000000000000000E+05 # Total history number or Total batch number
# maxcas =      150000 # History / Batch, only used for istdev=1
# bitrseed = 1010110011010101000001011111001100000000010101110110110101100100 # bit data of rseed
