[ T-Track ]
    title = Flux spectrum in room air (upper 2 m, lower 1 m)
     mesh =  reg            # mesh type is region-wise
      reg = 300 301
   e-type =    3            # e-mesh is log given by emin, emax and ne
     emin =  1.0000000E-10  # minimum value of e-mesh points
     emax =   100000.0      # maximum value of e-mesh points
#    edel =  0.5756463      # mesh width of e-mesh points
       ne =     60          # number of e-mesh points
#    data = ( e(i), i = 1, ne + 1 )
#           1.00000E-10  1.77828E-10  3.16228E-10  5.62341E-10  1.00000E-09
#           1.77828E-09  3.16228E-09  5.62341E-09  1.00000E-08  1.77828E-08
#           3.16228E-08  5.62341E-08  1.00000E-07  1.77828E-07  3.16228E-07
#           5.62341E-07  1.00000E-06  1.77828E-06  3.16228E-06  5.62341E-06
#           1.00000E-05  1.77828E-05  3.16228E-05  5.62341E-05  1.00000E-04
#           1.77828E-04  3.16228E-04  5.62341E-04  1.00000E-03  1.77828E-03
#           3.16228E-03  5.62341E-03  1.00000E-02  1.77828E-02  3.16228E-02
#           5.62341E-02  1.00000E-01  1.77828E-01  3.16228E-01  5.62341E-01
#           1.00000E+00  1.77828E+00  3.16228E+00  5.62341E+00  1.00000E+01
#           1.77828E+01  3.16228E+01  5.62341E+01  1.00000E+02  1.77828E+02
#           3.16228E+02  5.62341E+02  1.00000E+03  1.77828E+03  3.16228E+03
#           5.62341E+03  1.00000E+04  1.77828E+04  3.16228E+04  5.62341E+04
#           1.00000E+05
     unit =    1            # unit is [1/cm^2/source]
 material =  all            # (D=all) number of specific material
     axis =     eng            # axis of output
     file = room_spec.out   # file name of output for the above axis
     part =  neutron    muon-      muon+      proton   
# kf/name :  2112       13         -13        2212     
#    used :        main (  %)        temp (  %)       total (  %)
#  memory :          67 (  0)           0 (  0)          67 (  0)

#------------------------------------------------------------------------------
#newpage:
#   no. =  1   reg =    300

x: Energy [MeV/n]
y: Flux [1/cm^2/source]              
p: xlog ylog afac(0.8) form(0.9)
h: n            x            y(neutron ),hh0l n  y(muon-   ),hh0dr n  y(muon+   ),hh0ub n  y(proton  ),hh0mg n  
#  e-lower      e-upper        neutron   r.err      muon-     r.err      muon+     r.err      proton    r.err 
   1.0000E-10   1.7783E-10   0.0000E+00  0.0000   0.0000E+00  0.0000   0.0000E+00  0.0000   0.0000E+00  0.0000
   1.7783E-10   3.1623E-10   2.9444E-10  1.0000   0.0000E+00  0.0000   0.0000E+00  0.0000   0.0000E+00  0.0000
   3.1623E-10   5.6234E-10   0.0000E+00  0.0000   0.0000E+00  0.0000   0.0000E+00  0.0000   0.0000E+00  0.0000
   5.6234E-10   1.0000E-09   0.0000E+00  0.0000   0.0000E+00  0.0000   0.0000E+00  0.0000   0.0000E+00  0.0000
   1.0000E-09   1.7783E-09   2.7327E-10  1.0000   0.0000E+00  0.0000   0.0000E+00  0.0000   0.0000E+00  0.0000
   1.7783E-09   3.1623E-09   2.6559E-09  0.6237   0.0000E+00  0.0000   0.0000E+00  0.0000   0.0000E+00  0.0000
   3.1623E-09   5.6234E-09   1.1608E-08  0.9225   0.0000E+00  0.0000   0.0000E+00  0.0000   0.0000E+00  0.0000
   5.6234E-09   1.0000E-08   2.5032E-08  0.9449   0.0000E+00  0.0000   0.0000E+00  0.0000   0.0000E+00  0.0000
   1.0000E-08   1.7783E-08   7.2033E-08  0.8653   0.0000E+00  0.0000   0.0000E+00  0.0000   0.0000E+00  0.0000
   1.7783E-08   3.1623E-08   1.3216E-07  0.8473   0.0000E+00  0.0000   0.0000E+00  0.0000   0.0000E+00  0.0000
   3.1623E-08   5.6234E-08   2.7685E-07  0.8767   0.0000E+00  0.0000   0.0000E+00  0.0000   0.0000E+00  0.0000
   5.6234E-08   1.0000E-07   2.3625E-07  0.8474   0.0000E+00  0.0000   0.0000E+00  0.0000   0.0000E+00  0.0000
   1.0000E-07   1.7783E-07   8.1190E-08  0.7844   0.0000E+00  0.0000   0.0000E+00  0.0000   0.0000E+00  0.0000
   1.7783E-07   3.1623E-07   1.8799E-08  0.6791   0.0000E+00  0.0000   0.0000E+00  0.0000   0.0000E+00  0.0000
   3.1623E-07   5.6234E-07   2.1046E-08  0.7893   0.0000E+00  0.0000   0.0000E+00  0.0000   0.0000E+00  0.0000
   5.6234E-07   1.0000E-06   1.4892E-08  0.7892   0.0000E+00  0.0000   0.0000E+00  0.0000   0.0000E+00  0.0000
   1.0000E-06   1.7783E-06   1.7685E-08  0.9055   0.0000E+00  0.0000   0.0000E+00  0.0000   0.0000E+00  0.0000
   1.7783E-06   3.1623E-06   2.3897E-08  0.5420   0.0000E+00  0.0000   0.0000E+00  0.0000   0.0000E+00  0.0000
   3.1623E-06   5.6234E-06   8.8942E-09  0.6583   0.0000E+00  0.0000   0.0000E+00  0.0000   0.0000E+00  0.0000
   5.6234E-06   1.0000E-05   2.2226E-08  0.8358   0.0000E+00  0.0000   0.0000E+00  0.0000   0.0000E+00  0.0000
   1.0000E-05   1.7783E-05   2.2914E-08  0.7561   0.0000E+00  0.0000   0.0000E+00  0.0000   0.0000E+00  0.0000
   1.7783E-05   3.1623E-05   6.2540E-09  0.7677   0.0000E+00  0.0000   0.0000E+00  0.0000   0.0000E+00  0.0000
   3.1623E-05   5.6234E-05   1.9684E-08  0.9357   0.0000E+00  0.0000   0.0000E+00  0.0000   0.0000E+00  0.0000
   5.6234E-05   1.0000E-04   1.7005E-08  0.9316   0.0000E+00  0.0000   0.0000E+00  0.0000   0.0000E+00  0.0000
   1.0000E-04   1.7783E-04   3.0312E-08  0.9599   0.0000E+00  0.0000   0.0000E+00  0.0000   0.0000E+00  0.0000
   1.7783E-04   3.1623E-04   1.0108E-08  0.8159   0.0000E+00  0.0000   0.0000E+00  0.0000   0.0000E+00  0.0000
   3.1623E-04   5.6234E-04   8.2775E-09  0.6788   0.0000E+00  0.0000   0.0000E+00  0.0000   0.0000E+00  0.0000
   5.6234E-04   1.0000E-03   1.2119E-08  0.7319   0.0000E+00  0.0000   0.0000E+00  0.0000   0.0000E+00  0.0000
   1.0000E-03   1.7783E-03   2.2439E-08  0.6511   0.0000E+00  0.0000   0.0000E+00  0.0000   4.5573E-14  1.0000
   1.7783E-03   3.1623E-03   1.8929E-08  0.7761   0.0000E+00  0.0000   0.0000E+00  0.0000   6.5397E-14  1.0000
   3.1623E-03   5.6234E-03   2.7396E-09  1.0000   0.0000E+00  0.0000   0.0000E+00  0.0000   9.2529E-14  1.0000
   5.6234E-03   1.0000E-02   7.7570E-09  1.0000   0.0000E+00  0.0000   0.0000E+00  0.0000   1.2943E-13  1.0000
   1.0000E-02   1.7783E-02   1.5752E-08  0.7324   0.0000E+00  0.0000   0.0000E+00  0.0000   1.7963E-13  1.0000
   1.7783E-02   3.1623E-02   3.0003E-08  0.9267   0.0000E+00  0.0000   0.0000E+00  0.0000   2.5061E-13  1.0000
   3.1623E-02   5.6234E-02   1.3618E-08  1.0000   0.0000E+00  0.0000   0.0000E+00  0.0000   3.8349E-13  1.0000
   5.6234E-02   1.0000E-01   2.2204E-08  0.8079   0.0000E+00  0.0000   0.0000E+00  0.0000   6.2193E-13  1.0000
   1.0000E-01   1.7783E-01   1.6274E-08  0.8504   0.0000E+00  0.0000   0.0000E+00  0.0000   1.1014E-12  1.0000
   1.7783E-01   3.1623E-01   5.0268E-08  0.8424   0.0000E+00  0.0000   0.0000E+00  0.0000   2.2625E-12  1.0000
   3.1623E-01   5.6234E-01   4.1002E-08  0.9285   0.0000E+00  0.0000   0.0000E+00  0.0000   5.4445E-12  1.0000
   5.6234E-01   1.0000E+00   3.9422E-08  0.8596   0.0000E+00  0.0000   0.0000E+00  0.0000   1.4150E-11  1.0000
   1.0000E+00   1.7783E+00   6.1852E-08  0.8692   0.0000E+00  0.0000   0.0000E+00  0.0000   3.7133E-11  1.0000
   1.7783E+00   3.1623E+00   8.4642E-08  0.8891   0.0000E+00  0.0000   0.0000E+00  0.0000   8.2351E-11  1.0000
   3.1623E+00   5.6234E+00   4.6892E-08  0.7778   0.0000E+00  0.0000   0.0000E+00  0.0000   9.1390E-11  1.0000
   5.6234E+00   1.0000E+01   4.4302E-08  0.9598   0.0000E+00  0.0000   0.0000E+00  0.0000   0.0000E+00  0.0000
   1.0000E+01   1.7783E+01   4.1261E-08  0.8142   0.0000E+00  0.0000   0.0000E+00  0.0000   0.0000E+00  0.0000
   1.7783E+01   3.1623E+01   3.3516E-08  0.8176   0.0000E+00  0.0000   0.0000E+00  0.0000   7.3950E-10  1.0000
   3.1623E+01   5.6234E+01   7.4092E-08  0.8745   0.0000E+00  0.0000   0.0000E+00  0.0000   4.7642E-09  1.0000
   5.6234E+01   1.0000E+02   1.0135E-07  0.8658   0.0000E+00  0.0000   0.0000E+00  0.0000   2.7180E-08  0.9386
   1.0000E+02   1.7783E+02   1.4343E-07  0.8693   0.0000E+00  0.0000   0.0000E+00  0.0000   3.4282E-09  1.0000
   1.7783E+02   3.1623E+02   5.0493E-08  0.8636   0.0000E+00  0.0000   0.0000E+00  0.0000   9.6814E-09  1.0000
   3.1623E+02   5.6234E+02   3.1253E-08  0.9356   0.0000E+00  0.0000   0.0000E+00  0.0000   1.3502E-08  1.0000
   5.6234E+02   1.0000E+03   1.8811E-08  1.0000   0.0000E+00  0.0000   0.0000E+00  0.0000   8.1039E-09  1.0000
   1.0000E+03   1.7783E+03   1.2500E-08  1.0000   0.0000E+00  0.0000   0.0000E+00  0.0000   8.4005E-09  1.0000
   1.7783E+03   3.1623E+03   1.6415E-08  1.0000   0.0000E+00  0.0000   0.0000E+00  0.0000   2.0950E-09  1.0000
   3.1623E+03   5.6234E+03   4.1685E-09  1.0000   0.0000E+00  0.0000   0.0000E+00  0.0000   0.0000E+00  0.0000
   5.6234E+03   1.0000E+04   0.0000E+00  0.0000   0.0000E+00  0.0000   0.0000E+00  0.0000   4.1435E-09  1.0000
   1.0000E+04   1.7783E+04   0.0000E+00  0.0000   0.0000E+00  0.0000   0.0000E+00  0.0000   0.0000E+00  0.0000
   1.7783E+04   3.1623E+04   0.0000E+00  0.0000   0.0000E+00  0.0000   0.0000E+00  0.0000   0.0000E+00  0.0000
   3.1623E+04   5.6234E+04   0.0000E+00  0.0000   0.0000E+00  0.0000   0.0000E+00  0.0000   0.0000E+00  0.0000
   5.6234E+04   1.0000E+05   0.0000E+00  0.0000   0.0000E+00  0.0000   0.0000E+00  0.0000   0.0000E+00  0.0000

#   sum over                 2.1378E-06  0.8497   0.0000E+00  0.0000   0.0000E+00  0.0000   8.2274E-08  0.9792

'no. =  1,  reg  =    300'
msuc: {\huge Flux spectrum in room air (upper 2 m, lower 1 m)}
msdr: {\it plotted by \ANGEL \version}
msdl: {\it calculated by \PHITS  3.36}
wt: s(0.7)
\vspace{-3}
   vol  &=&   1.2000E+08 [cm^3]
e:

#------------------------------------------------------------------------------
 newpage:
#   no. =  2   reg =    301

x: Energy [MeV/n]
y: Flux [1/cm^2/source]              
p: xlog ylog afac(0.8) form(0.9)
h: n            x            y(neutron ),hh0l n  y(muon-   ),hh0dr n  y(muon+   ),hh0ub n  y(proton  ),hh0mg n  
#  e-lower      e-upper        neutron   r.err      muon-     r.err      muon+     r.err      proton    r.err 
   1.0000E-10   1.7783E-10   0.0000E+00  0.0000   0.0000E+00  0.0000   0.0000E+00  0.0000   0.0000E+00  0.0000
   1.7783E-10   3.1623E-10   0.0000E+00  0.0000   0.0000E+00  0.0000   0.0000E+00  0.0000   0.0000E+00  0.0000
   3.1623E-10   5.6234E-10   0.0000E+00  0.0000   0.0000E+00  0.0000   0.0000E+00  0.0000   0.0000E+00  0.0000
   5.6234E-10   1.0000E-09   0.0000E+00  0.0000   0.0000E+00  0.0000   0.0000E+00  0.0000   0.0000E+00  0.0000
   1.0000E-09   1.7783E-09   2.3149E-10  1.0000   0.0000E+00  0.0000   0.0000E+00  0.0000   0.0000E+00  0.0000
   1.7783E-09   3.1623E-09   1.6059E-09  0.6564   0.0000E+00  0.0000   0.0000E+00  0.0000   0.0000E+00  0.0000
   3.1623E-09   5.6234E-09   8.5774E-09  0.8427   0.0000E+00  0.0000   0.0000E+00  0.0000   0.0000E+00  0.0000
   5.6234E-09   1.0000E-08   2.6667E-08  0.9163   0.0000E+00  0.0000   0.0000E+00  0.0000   0.0000E+00  0.0000
   1.0000E-08   1.7783E-08   5.3368E-08  0.8436   0.0000E+00  0.0000   0.0000E+00  0.0000   0.0000E+00  0.0000
   1.7783E-08   3.1623E-08   1.4662E-07  0.8560   0.0000E+00  0.0000   0.0000E+00  0.0000   0.0000E+00  0.0000
   3.1623E-08   5.6234E-08   2.3603E-07  0.8518   0.0000E+00  0.0000   0.0000E+00  0.0000   0.0000E+00  0.0000
   5.6234E-08   1.0000E-07   1.9569E-07  0.8718   0.0000E+00  0.0000   0.0000E+00  0.0000   0.0000E+00  0.0000
   1.0000E-07   1.7783E-07   8.4071E-08  0.8260   0.0000E+00  0.0000   0.0000E+00  0.0000   0.0000E+00  0.0000
   1.7783E-07   3.1623E-07   7.8037E-09  0.9206   0.0000E+00  0.0000   0.0000E+00  0.0000   0.0000E+00  0.0000
   3.1623E-07   5.6234E-07   2.3085E-08  0.9419   0.0000E+00  0.0000   0.0000E+00  0.0000   0.0000E+00  0.0000
   5.6234E-07   1.0000E-06   1.5579E-08  0.8067   0.0000E+00  0.0000   0.0000E+00  0.0000   0.0000E+00  0.0000
   1.0000E-06   1.7783E-06   1.3485E-08  0.8906   0.0000E+00  0.0000   0.0000E+00  0.0000   0.0000E+00  0.0000
   1.7783E-06   3.1623E-06   1.4410E-08  0.7153   0.0000E+00  0.0000   0.0000E+00  0.0000   0.0000E+00  0.0000
   3.1623E-06   5.6234E-06   3.1980E-09  0.7213   0.0000E+00  0.0000   0.0000E+00  0.0000   0.0000E+00  0.0000
   5.6234E-06   1.0000E-05   1.3363E-08  0.8783   0.0000E+00  0.0000   0.0000E+00  0.0000   0.0000E+00  0.0000
   1.0000E-05   1.7783E-05   1.7683E-08  0.7822   0.0000E+00  0.0000   0.0000E+00  0.0000   0.0000E+00  0.0000
   1.7783E-05   3.1623E-05   6.1516E-09  1.0000   0.0000E+00  0.0000   0.0000E+00  0.0000   0.0000E+00  0.0000
   3.1623E-05   5.6234E-05   1.5319E-08  1.0000   0.0000E+00  0.0000   0.0000E+00  0.0000   0.0000E+00  0.0000
   5.6234E-05   1.0000E-04   1.1864E-08  1.0000   0.0000E+00  0.0000   0.0000E+00  0.0000   0.0000E+00  0.0000
   1.0000E-04   1.7783E-04   1.0913E-08  0.8638   0.0000E+00  0.0000   0.0000E+00  0.0000   0.0000E+00  0.0000
   1.7783E-04   3.1623E-04   1.3274E-08  0.8539   0.0000E+00  0.0000   0.0000E+00  0.0000   0.0000E+00  0.0000
   3.1623E-04   5.6234E-04   1.5705E-08  0.9415   0.0000E+00  0.0000   0.0000E+00  0.0000   0.0000E+00  0.0000
   5.6234E-04   1.0000E-03   7.7868E-09  1.0000   0.0000E+00  0.0000   0.0000E+00  0.0000   0.0000E+00  0.0000
   1.0000E-03   1.7783E-03   1.4810E-08  0.8766   0.0000E+00  0.0000   0.0000E+00  0.0000   0.0000E+00  0.0000
   1.7783E-03   3.1623E-03   1.7786E-08  0.9214   0.0000E+00  0.0000   0.0000E+00  0.0000   0.0000E+00  0.0000
   3.1623E-03   5.6234E-03   2.5501E-09  1.0000   0.0000E+00  0.0000   0.0000E+00  0.0000   0.0000E+00  0.0000
   5.6234E-03   1.0000E-02   1.0109E-08  1.0000   0.0000E+00  0.0000   0.0000E+00  0.0000   0.0000E+00  0.0000
   1.0000E-02   1.7783E-02   2.2203E-08  0.8024   0.0000E+00  0.0000   0.0000E+00  0.0000   0.0000E+00  0.0000
   1.7783E-02   3.1623E-02   2.3610E-08  0.8545   0.0000E+00  0.0000   0.0000E+00  0.0000   0.0000E+00  0.0000
   3.1623E-02   5.6234E-02   1.7217E-08  1.0000   0.0000E+00  0.0000   0.0000E+00  0.0000   0.0000E+00  0.0000
   5.6234E-02   1.0000E-01   1.6623E-08  0.8944   0.0000E+00  0.0000   0.0000E+00  0.0000   0.0000E+00  0.0000
   1.0000E-01   1.7783E-01   2.6387E-08  0.8060   0.0000E+00  0.0000   0.0000E+00  0.0000   0.0000E+00  0.0000
   1.7783E-01   3.1623E-01   2.3810E-08  0.8009   0.0000E+00  0.0000   0.0000E+00  0.0000   0.0000E+00  0.0000
   3.1623E-01   5.6234E-01   3.5657E-08  0.9775   0.0000E+00  0.0000   0.0000E+00  0.0000   0.0000E+00  0.0000
   5.6234E-01   1.0000E+00   3.2352E-08  0.9186   0.0000E+00  0.0000   0.0000E+00  0.0000   0.0000E+00  0.0000
   1.0000E+00   1.7783E+00   5.0000E-08  0.9324   0.0000E+00  0.0000   0.0000E+00  0.0000   0.0000E+00  0.0000
   1.7783E+00   3.1623E+00   6.7186E-08  0.8903   0.0000E+00  0.0000   0.0000E+00  0.0000   3.2397E-11  1.0000
   3.1623E+00   5.6234E+00   2.6153E-08  0.8915   0.0000E+00  0.0000   0.0000E+00  0.0000   6.9353E-11  1.0000
   5.6234E+00   1.0000E+01   4.3148E-08  0.9805   0.0000E+00  0.0000   0.0000E+00  0.0000   0.0000E+00  0.0000
   1.0000E+01   1.7783E+01   4.3106E-08  0.8867   0.0000E+00  0.0000   0.0000E+00  0.0000   0.0000E+00  0.0000
   1.7783E+01   3.1623E+01   2.3699E-08  0.7141   0.0000E+00  0.0000   0.0000E+00  0.0000   2.3443E-09  1.0000
   3.1623E+01   5.6234E+01   4.3468E-08  0.8765   0.0000E+00  0.0000   0.0000E+00  0.0000   5.2870E-09  1.0000
   5.6234E+01   1.0000E+02   6.9566E-08  0.8980   0.0000E+00  0.0000   0.0000E+00  0.0000   2.5088E-08  1.0000
   1.0000E+02   1.7783E+02   1.1081E-07  0.8554   0.0000E+00  0.0000   0.0000E+00  0.0000   3.2383E-09  1.0000
   1.7783E+02   3.1623E+02   4.4738E-08  0.8049   0.0000E+00  0.0000   0.0000E+00  0.0000   6.1259E-09  1.0000
   3.1623E+02   5.6234E+02   2.7935E-08  0.9283   0.0000E+00  0.0000   0.0000E+00  0.0000   1.3120E-08  1.0000
   5.6234E+02   1.0000E+03   1.6905E-08  1.0000   0.0000E+00  0.0000   0.0000E+00  0.0000   8.1039E-09  1.0000
   1.0000E+03   1.7783E+03   1.2637E-08  1.0000   0.0000E+00  0.0000   0.0000E+00  0.0000   8.4005E-09  1.0000
   1.7783E+03   3.1623E+03   1.6305E-08  1.0000   0.0000E+00  0.0000   0.0000E+00  0.0000   2.0950E-09  1.0000
   3.1623E+03   5.6234E+03   4.1685E-09  1.0000   0.0000E+00  0.0000   0.0000E+00  0.0000   0.0000E+00  0.0000
   5.6234E+03   1.0000E+04   0.0000E+00  0.0000   0.0000E+00  0.0000   0.0000E+00  0.0000   4.1435E-09  1.0000
   1.0000E+04   1.7783E+04   0.0000E+00  0.0000   0.0000E+00  0.0000   0.0000E+00  0.0000   0.0000E+00  0.0000
   1.7783E+04   3.1623E+04   0.0000E+00  0.0000   0.0000E+00  0.0000   0.0000E+00  0.0000   0.0000E+00  0.0000
   3.1623E+04   5.6234E+04   0.0000E+00  0.0000   0.0000E+00  0.0000   0.0000E+00  0.0000   0.0000E+00  0.0000
   5.6234E+04   1.0000E+05   0.0000E+00  0.0000   0.0000E+00  0.0000   0.0000E+00  0.0000   0.0000E+00  0.0000

#   sum over                 1.7854E-06  0.8730   0.0000E+00  0.0000   0.0000E+00  0.0000   7.8048E-08  1.0000

'no. =  2,  reg  =    301'
msuc: {\huge Flux spectrum in room air (upper 2 m, lower 1 m)}
msdr: {\it plotted by \ANGEL \version}
msdl: {\it calculated by \PHITS  3.36}
wt: s(0.7)
\vspace{-3}
   vol  &=&   6.0000E+07 [cm^3]
e:
 
# Information for Restart Calculation
# This calculation was newly started
# istdev =  2 # 1:Batch variance, 2:History variance
# resc2  = 5.75876531461553751E-02 # Total source weight or Total source weight / maxcas
# resc3  = 1.50000000000000000E+03 # Total history number or Total batch number
# maxcas =        1500 # History / Batch, only used for istdev=1
# bitrseed = 1000011101010011111110010110100000001100111110000000000110010010 # bit data of rseed
