[ T-Track ]
    title = Flux spectrum in open air above ground
     mesh =  reg            # mesh type is region-wise
      reg = 111
   e-type =    3            # e-mesh is log given by emin, emax and ne
     emin =  1.0000000E-10  # minimum value of e-mesh points
     emax =   100000.0      # maximum value of e-mesh points
#    edel =  0.5756463      # mesh width of e-mesh points
       ne =     60          # number of e-mesh points
#    data = ( e(i), i = 1, ne + 1 )
#           1.00000E-10  1.77828E-10  3.16228E-10  5.62341E-10  1.00000E-09
#           1.77828E-09  3.16228E-09  5.62341E-09  1.00000E-08  1.77828E-08
#           3.16228E-08  5.62341E-08  1.00000E-07  1.77828E-07  3.16228E-07
#           5.62341E-07  1.00000E-06  1.77828E-06  3.16228E-06  5.62341E-06
#           1.00000E-05  1.77828E-05  3.16228E-05  5.62341E-05  1.00000E-04
#           1.77828E-04  3.16228E-04  5.62341E-04  1.00000E-03  1.77828E-03
#           3.16228E-03  5.62341E-03  1.00000E-02  1.77828E-02  3.16228E-02
#           5.62341E-02  1.00000E-01  1.77828E-01  3.16228E-01  5.62341E-01
#           1.00000E+00  1.77828E+00  3.16228E+00  5.62341E+00  1.00000E+01
#           1.77828E+01  3.16228E+01  5.62341E+01  1.00000E+02  1.77828E+02
#           3.16228E+02  5.62341E+02  1.00000E+03  1.77828E+03  3.16228E+03
#           5.62341E+03  1.00000E+04  1.77828E+04  3.16228E+04  5.62341E+04
#           1.00000E+05
     unit =    1            # unit is [1/cm^2/source]
 material =  all            # (D=all) number of specific material
     axis =     eng            # axis of output
     file = air_spec.out    # file name of output for the above axis
     part =  neutron    muon-      muon+      proton   
# kf/name :  2112       13         -13        2212     
#    used :        main (  %)        temp (  %)       total (  %)
#  memory :          67 (  0)           0 (  0)          67 (  0)

#------------------------------------------------------------------------------
#newpage:
#   no. =  1   reg =    111

x: Energy [MeV/n]
y: Flux [1/cm^2/source]              
p: xlog ylog afac(0.8) form(0.9)
h: n            x            y(neutron ),hh0l n  y(muon-   ),hh0dr n  y(muon+   ),hh0ub n  y(proton  ),hh0mg n  
#  e-lower      e-upper        neutron   r.err      muon-     r.err      muon+     r.err      proton    r.err 
   1.0000E-10   1.7783E-10   0.0000E+00  0.0000   0.0000E+00  0.0000   0.0000E+00  0.0000   0.0000E+00  0.0000
   1.7783E-10   3.1623E-10   0.0000E+00  0.0000   0.0000E+00  0.0000   0.0000E+00  0.0000   0.0000E+00  0.0000
   3.1623E-10   5.6234E-10   0.0000E+00  0.0000   0.0000E+00  0.0000   0.0000E+00  0.0000   0.0000E+00  0.0000
   5.6234E-10   1.0000E-09   0.0000E+00  0.0000   0.0000E+00  0.0000   0.0000E+00  0.0000   0.0000E+00  0.0000
   1.0000E-09   1.7783E-09   0.0000E+00  0.0000   0.0000E+00  0.0000   0.0000E+00  0.0000   0.0000E+00  0.0000
   1.7783E-09   3.1623E-09   0.0000E+00  0.0000   0.0000E+00  0.0000   0.0000E+00  0.0000   0.0000E+00  0.0000
   3.1623E-09   5.6234E-09   5.1544E-07  1.0000   0.0000E+00  0.0000   0.0000E+00  0.0000   0.0000E+00  0.0000
   5.6234E-09   1.0000E-08   7.5445E-07  1.0000   0.0000E+00  0.0000   0.0000E+00  0.0000   0.0000E+00  0.0000
   1.0000E-08   1.7783E-08   3.0413E-05  0.8910   0.0000E+00  0.0000   0.0000E+00  0.0000   0.0000E+00  0.0000
   1.7783E-08   3.1623E-08   9.1006E-05  0.7179   0.0000E+00  0.0000   0.0000E+00  0.0000   0.0000E+00  0.0000
   3.1623E-08   5.6234E-08   1.3035E-04  0.5917   0.0000E+00  0.0000   0.0000E+00  0.0000   0.0000E+00  0.0000
   5.6234E-08   1.0000E-07   1.1615E-04  0.3467   0.0000E+00  0.0000   0.0000E+00  0.0000   0.0000E+00  0.0000
   1.0000E-07   1.7783E-07   3.4344E-05  0.8563   0.0000E+00  0.0000   0.0000E+00  0.0000   0.0000E+00  0.0000
   1.7783E-07   3.1623E-07   2.8196E-05  1.0000   0.0000E+00  0.0000   0.0000E+00  0.0000   0.0000E+00  0.0000
   3.1623E-07   5.6234E-07   3.7506E-06  1.0000   0.0000E+00  0.0000   0.0000E+00  0.0000   0.0000E+00  0.0000
   5.6234E-07   1.0000E-06   0.0000E+00  0.0000   0.0000E+00  0.0000   0.0000E+00  0.0000   0.0000E+00  0.0000
   1.0000E-06   1.7783E-06   2.8595E-05  1.0000   0.0000E+00  0.0000   0.0000E+00  0.0000   0.0000E+00  0.0000
   1.7783E-06   3.1623E-06   4.6033E-05  0.9528   0.0000E+00  0.0000   0.0000E+00  0.0000   0.0000E+00  0.0000
   3.1623E-06   5.6234E-06   0.0000E+00  0.0000   0.0000E+00  0.0000   0.0000E+00  0.0000   0.0000E+00  0.0000
   5.6234E-06   1.0000E-05   2.9621E-06  1.0000   0.0000E+00  0.0000   0.0000E+00  0.0000   0.0000E+00  0.0000
   1.0000E-05   1.7783E-05   0.0000E+00  0.0000   0.0000E+00  0.0000   0.0000E+00  0.0000   0.0000E+00  0.0000
   1.7783E-05   3.1623E-05   1.0473E-06  1.0000   0.0000E+00  0.0000   0.0000E+00  0.0000   0.0000E+00  0.0000
   3.1623E-05   5.6234E-05   1.0230E-04  0.6682   0.0000E+00  0.0000   0.0000E+00  0.0000   0.0000E+00  0.0000
   5.6234E-05   1.0000E-04   2.4458E-05  1.0000   0.0000E+00  0.0000   0.0000E+00  0.0000   0.0000E+00  0.0000
   1.0000E-04   1.7783E-04   2.9634E-05  1.0000   0.0000E+00  0.0000   0.0000E+00  0.0000   0.0000E+00  0.0000
   1.7783E-04   3.1623E-04   0.0000E+00  0.0000   0.0000E+00  0.0000   0.0000E+00  0.0000   0.0000E+00  0.0000
   3.1623E-04   5.6234E-04   0.0000E+00  0.0000   0.0000E+00  0.0000   0.0000E+00  0.0000   0.0000E+00  0.0000
   5.6234E-04   1.0000E-03   1.1107E-04  0.8518   0.0000E+00  0.0000   0.0000E+00  0.0000   0.0000E+00  0.0000
   1.0000E-03   1.7783E-03   6.2726E-05  1.0000   0.0000E+00  0.0000   0.0000E+00  0.0000   4.8919E-11  1.0000
   1.7783E-03   3.1623E-03   8.1058E-05  0.7062   0.0000E+00  0.0000   0.0000E+00  0.0000   7.0198E-11  1.0000
   3.1623E-03   5.6234E-03   1.3742E-04  0.7202   0.0000E+00  0.0000   0.0000E+00  0.0000   9.9322E-11  1.0000
   5.6234E-03   1.0000E-02   1.9662E-04  0.7403   0.0000E+00  0.0000   0.0000E+00  0.0000   1.3894E-10  1.0000
   1.0000E-02   1.7783E-02   0.0000E+00  0.0000   0.0000E+00  0.0000   0.0000E+00  0.0000   1.9281E-10  1.0000
   1.7783E-02   3.1623E-02   5.5224E-05  0.6932   0.0000E+00  0.0000   0.0000E+00  0.0000   2.6900E-10  1.0000
   3.1623E-02   5.6234E-02   2.6518E-06  1.0000   0.0000E+00  0.0000   0.0000E+00  0.0000   4.1165E-10  1.0000
   5.6234E-02   1.0000E-01   8.1319E-05  0.6631   0.0000E+00  0.0000   0.0000E+00  0.0000   6.6759E-10  1.0000
   1.0000E-01   1.7783E-01   2.6997E-04  0.5797   0.0000E+00  0.0000   0.0000E+00  0.0000   1.1822E-09  1.0000
   1.7783E-01   3.1623E-01   1.8822E-04  0.4413   0.0000E+00  0.0000   0.0000E+00  0.0000   2.4286E-09  1.0000
   3.1623E-01   5.6234E-01   9.1593E-05  0.5588   0.0000E+00  0.0000   0.0000E+00  0.0000   5.8442E-09  1.0000
   5.6234E-01   1.0000E+00   9.4936E-05  0.5384   0.0000E+00  0.0000   0.0000E+00  0.0000   1.5189E-08  1.0000
   1.0000E+00   1.7783E+00   1.9442E-04  0.5622   0.0000E+00  0.0000   0.0000E+00  0.0000   3.9860E-08  1.0000
   1.7783E+00   3.1623E+00   3.3539E-04  0.3220   0.0000E+00  0.0000   0.0000E+00  0.0000   1.0579E-07  1.0000
   3.1623E+00   5.6234E+00   4.4913E-04  0.3535   0.0000E+00  0.0000   0.0000E+00  0.0000   2.8755E-07  1.0000
   5.6234E+00   1.0000E+01   3.7887E-05  0.7038   0.0000E+00  0.0000   0.0000E+00  0.0000   8.0101E-07  1.0000
   1.0000E+01   1.7783E+01   3.8792E-04  0.5146   0.0000E+00  0.0000   0.0000E+00  0.0000   1.5720E-06  0.8138
   1.7783E+01   3.1623E+01   6.4110E-05  0.8135   0.0000E+00  0.0000   0.0000E+00  0.0000   8.5979E-06  0.6328
   3.1623E+01   5.6234E+01   3.1578E-04  0.5222   0.0000E+00  0.0000   3.5875E-06  1.0000   6.9812E-06  0.5833
   5.6234E+01   1.0000E+02   3.0110E-04  0.3461   0.0000E+00  0.0000   0.0000E+00  0.0000   3.7261E-05  0.2917
   1.0000E+02   1.7783E+02   3.8066E-04  0.3340   0.0000E+00  0.0000   0.0000E+00  0.0000   3.7514E-05  0.2939
   1.7783E+02   3.1623E+02   2.1155E-04  0.4052   0.0000E+00  0.0000   0.0000E+00  0.0000   4.7517E-05  0.2284
   3.1623E+02   5.6234E+02   2.0094E-04  0.4083   0.0000E+00  0.0000   0.0000E+00  0.0000   1.4830E-05  0.3869
   5.6234E+02   1.0000E+03   7.5295E-05  0.7107   0.0000E+00  0.0000   0.0000E+00  0.0000   3.0753E-05  0.3056
   1.0000E+03   1.7783E+03   0.0000E+00  0.0000   0.0000E+00  0.0000   0.0000E+00  0.0000   1.7825E-05  0.3817
   1.7783E+03   3.1623E+03   0.0000E+00  0.0000   0.0000E+00  0.0000   0.0000E+00  0.0000   1.7144E-05  0.3679
   3.1623E+03   5.6234E+03   0.0000E+00  0.0000   0.0000E+00  0.0000   0.0000E+00  0.0000   1.0108E-05  0.5058
   5.6234E+03   1.0000E+04   0.0000E+00  0.0000   0.0000E+00  0.0000   0.0000E+00  0.0000   1.2138E-05  0.4478
   1.0000E+04   1.7783E+04   0.0000E+00  0.0000   0.0000E+00  0.0000   0.0000E+00  0.0000   3.9957E-06  0.7074
   1.7783E+04   3.1623E+04   0.0000E+00  0.0000   0.0000E+00  0.0000   0.0000E+00  0.0000   5.2980E-06  0.7074
   3.1623E+04   5.6234E+04   0.0000E+00  0.0000   0.0000E+00  0.0000   0.0000E+00  0.0000   0.0000E+00  0.0000
   5.6234E+04   1.0000E+05   0.0000E+00  0.0000   0.0000E+00  0.0000   0.0000E+00  0.0000   0.0000E+00  0.0000

#   sum over                 4.9975E-03  0.1331   0.0000E+00  0.0000   3.5875E-06  1.0000   2.5280E-04  0.1001

'no. =  1,  reg  =    111'
msuc: {\huge Flux spectrum in open air above ground}
msdr: {\it plotted by \ANGEL \version}
msdl: {\it calculated by \PHITS  3.36}
wt: s(0.7)
\vspace{-3}
   vol  &=&   5.1200E+08 [cm^3]
e:
 
# Information for Restart Calculation
# This calculation was newly started
# istdev =  2 # 1:Batch variance, 2:History variance
# resc2  = 2.45964182304038229E-02 # Total source weight or Total source weight / maxcas
# resc3  = 7.00000000000000000E+02 # Total history number or Total batch number
# maxcas =         700 # History / Batch, only used for istdev=1
# bitrseed = 1011010101000111010110000101001111110100100110101110000010001110 # bit data of rseed
