[ T-Track ]
    title = Flux spectrum in open air above ground
     mesh =  reg            # mesh type is region-wise
      reg = 111
   e-type =    3            # e-mesh is log given by emin, emax and ne
     emin =  1.0000000E-10  # minimum value of e-mesh points
     emax =   100000.0      # maximum value of e-mesh points
#    edel =  0.5756463      # mesh width of e-mesh points
       ne =     60          # number of e-mesh points
#    data = ( e(i), i = 1, ne + 1 )
#           1.00000E-10  1.77828E-10  3.16228E-10  5.62341E-10  1.00000E-09
#           1.77828E-09  3.16228E-09  5.62341E-09  1.00000E-08  1.77828E-08
#           3.16228E-08  5.62341E-08  1.00000E-07  1.77828E-07  3.16228E-07
#           5.62341E-07  1.00000E-06  1.77828E-06  3.16228E-06  5.62341E-06
#           1.00000E-05  1.77828E-05  3.16228E-05  5.62341E-05  1.00000E-04
#           1.77828E-04  3.16228E-04  5.62341E-04  1.00000E-03  1.77828E-03
#           3.16228E-03  5.62341E-03  1.00000E-02  1.77828E-02  3.16228E-02
#           5.62341E-02  1.00000E-01  1.77828E-01  3.16228E-01  5.62341E-01
#           1.00000E+00  1.77828E+00  3.16228E+00  5.62341E+00  1.00000E+01
#           1.77828E+01  3.16228E+01  5.62341E+01  1.00000E+02  1.77828E+02
#           3.16228E+02  5.62341E+02  1.00000E+03  1.77828E+03  3.16228E+03
#           5.62341E+03  1.00000E+04  1.77828E+04  3.16228E+04  5.62341E+04
#           1.00000E+05
     unit =    1            # unit is [1/cm^2/source]
 material =  all            # (D=all) number of specific material
     axis =     eng            # axis of output
     file = air_spec.out    # file name of output for the above axis
     part =  neutron    muon-      muon+      proton   
# kf/name :  2112       13         -13        2212     
#    used :        main (  %)        temp (  %)       total (  %)
#  memory :          67 (  0)           0 (  0)          67 (  0)

#------------------------------------------------------------------------------
#newpage:
#   no. =  1   reg =    111

x: Energy [MeV/n]
y: Flux [1/cm^2/source]              
p: xlog ylog afac(0.8) form(0.9)
h: n            x            y(neutron ),hh0l n  y(muon-   ),hh0dr n  y(muon+   ),hh0ub n  y(proton  ),hh0mg n  
#  e-lower      e-upper        neutron   r.err      muon-     r.err      muon+     r.err      proton    r.err 
   1.0000E-10   1.7783E-10   0.0000E+00  0.0000   0.0000E+00  0.0000   0.0000E+00  0.0000   0.0000E+00  0.0000
   1.7783E-10   3.1623E-10   0.0000E+00  0.0000   0.0000E+00  0.0000   0.0000E+00  0.0000   0.0000E+00  0.0000
   3.1623E-10   5.6234E-10   0.0000E+00  0.0000   0.0000E+00  0.0000   0.0000E+00  0.0000   0.0000E+00  0.0000
   5.6234E-10   1.0000E-09   0.0000E+00  0.0000   0.0000E+00  0.0000   0.0000E+00  0.0000   0.0000E+00  0.0000
   1.0000E-09   1.7783E-09   0.0000E+00  0.0000   0.0000E+00  0.0000   0.0000E+00  0.0000   0.0000E+00  0.0000
   1.7783E-09   3.1623E-09   0.0000E+00  0.0000   0.0000E+00  0.0000   0.0000E+00  0.0000   0.0000E+00  0.0000
   3.1623E-09   5.6234E-09   0.0000E+00  0.0000   0.0000E+00  0.0000   0.0000E+00  0.0000   0.0000E+00  0.0000
   5.6234E-09   1.0000E-08   1.3263E-06  0.7088   0.0000E+00  0.0000   0.0000E+00  0.0000   0.0000E+00  0.0000
   1.0000E-08   1.7783E-08   2.4824E-05  0.6632   0.0000E+00  0.0000   0.0000E+00  0.0000   0.0000E+00  0.0000
   1.7783E-08   3.1623E-08   5.7141E-05  0.4896   0.0000E+00  0.0000   0.0000E+00  0.0000   0.0000E+00  0.0000
   3.1623E-08   5.6234E-08   8.2017E-05  0.3377   0.0000E+00  0.0000   0.0000E+00  0.0000   0.0000E+00  0.0000
   5.6234E-08   1.0000E-07   4.4078E-05  0.3500   0.0000E+00  0.0000   0.0000E+00  0.0000   0.0000E+00  0.0000
   1.0000E-07   1.7783E-07   6.6780E-05  0.4209   0.0000E+00  0.0000   0.0000E+00  0.0000   0.0000E+00  0.0000
   1.7783E-07   3.1623E-07   0.0000E+00  0.0000   0.0000E+00  0.0000   0.0000E+00  0.0000   0.0000E+00  0.0000
   3.1623E-07   5.6234E-07   4.7806E-05  0.5642   0.0000E+00  0.0000   0.0000E+00  0.0000   0.0000E+00  0.0000
   5.6234E-07   1.0000E-06   1.1129E-05  1.0000   0.0000E+00  0.0000   0.0000E+00  0.0000   0.0000E+00  0.0000
   1.0000E-06   1.7783E-06   1.4310E-05  1.0000   0.0000E+00  0.0000   0.0000E+00  0.0000   0.0000E+00  0.0000
   1.7783E-06   3.1623E-06   2.7957E-05  0.7195   0.0000E+00  0.0000   0.0000E+00  0.0000   0.0000E+00  0.0000
   3.1623E-06   5.6234E-06   6.6627E-05  0.6957   0.0000E+00  0.0000   0.0000E+00  0.0000   0.0000E+00  0.0000
   5.6234E-06   1.0000E-05   1.2244E-05  0.9386   0.0000E+00  0.0000   0.0000E+00  0.0000   0.0000E+00  0.0000
   1.0000E-05   1.7783E-05   1.4913E-05  0.8916   0.0000E+00  0.0000   0.0000E+00  0.0000   0.0000E+00  0.0000
   1.7783E-05   3.1623E-05   4.0100E-05  0.6502   0.0000E+00  0.0000   0.0000E+00  0.0000   0.0000E+00  0.0000
   3.1623E-05   5.6234E-05   3.2007E-05  0.5660   0.0000E+00  0.0000   0.0000E+00  0.0000   0.0000E+00  0.0000
   5.6234E-05   1.0000E-04   9.2545E-07  1.0000   0.0000E+00  0.0000   0.0000E+00  0.0000   0.0000E+00  0.0000
   1.0000E-04   1.7783E-04   3.3080E-05  0.9130   0.0000E+00  0.0000   0.0000E+00  0.0000   0.0000E+00  0.0000
   1.7783E-04   3.1623E-04   5.9102E-06  0.8688   0.0000E+00  0.0000   0.0000E+00  0.0000   0.0000E+00  0.0000
   3.1623E-04   5.6234E-04   2.8518E-05  0.7895   0.0000E+00  0.0000   0.0000E+00  0.0000   0.0000E+00  0.0000
   5.6234E-04   1.0000E-03   1.8581E-05  0.8118   0.0000E+00  0.0000   0.0000E+00  0.0000   0.0000E+00  0.0000
   1.0000E-03   1.7783E-03   2.6098E-05  0.7732   0.0000E+00  0.0000   0.0000E+00  0.0000   5.5646E-11  0.5770
   1.7783E-03   3.1623E-03   2.2902E-05  0.6778   0.0000E+00  0.0000   0.0000E+00  0.0000   7.9852E-11  0.5770
   3.1623E-03   5.6234E-03   5.5785E-05  0.8058   0.0000E+00  0.0000   0.0000E+00  0.0000   1.1298E-10  0.5770
   5.6234E-03   1.0000E-02   7.3497E-05  0.6306   0.0000E+00  0.0000   0.0000E+00  0.0000   1.5804E-10  0.5770
   1.0000E-02   1.7783E-02   1.4441E-04  0.4830   0.0000E+00  0.0000   0.0000E+00  0.0000   2.1933E-10  0.5770
   1.7783E-02   3.1623E-02   3.1776E-05  0.5880   0.0000E+00  0.0000   0.0000E+00  0.0000   3.0600E-10  0.5770
   3.1623E-02   5.6234E-02   1.4898E-05  0.9449   0.0000E+00  0.0000   0.0000E+00  0.0000   4.6826E-10  0.5770
   5.6234E-02   1.0000E-01   8.0292E-05  0.4539   0.0000E+00  0.0000   0.0000E+00  0.0000   7.5940E-10  0.5770
   1.0000E-01   1.7783E-01   1.2689E-04  0.4805   0.0000E+00  0.0000   0.0000E+00  0.0000   1.3448E-09  0.5770
   1.7783E-01   3.1623E-01   8.9683E-05  0.4335   0.0000E+00  0.0000   0.0000E+00  0.0000   2.7626E-09  0.5770
   3.1623E-01   5.6234E-01   1.7152E-04  0.3850   0.0000E+00  0.0000   0.0000E+00  0.0000   6.6480E-09  0.5770
   5.6234E-01   1.0000E+00   1.7747E-04  0.4386   0.0000E+00  0.0000   0.0000E+00  0.0000   1.7278E-08  0.5770
   1.0000E+00   1.7783E+00   2.1317E-04  0.3014   0.0000E+00  0.0000   0.0000E+00  0.0000   3.6577E-08  0.6093
   1.7783E+00   3.1623E+00   2.7701E-04  0.2463   0.0000E+00  0.0000   0.0000E+00  0.0000   8.0222E-08  0.7069
   3.1623E+00   5.6234E+00   2.6934E-04  0.2889   0.0000E+00  0.0000   0.0000E+00  0.0000   1.4592E-07  0.7887
   5.6234E+00   1.0000E+01   2.1882E-04  0.2549   0.0000E+00  0.0000   0.0000E+00  0.0000   3.0372E-07  1.0000
   1.0000E+01   1.7783E+01   2.8879E-04  0.3712   0.0000E+00  0.0000   2.8330E-07  1.0000   2.5329E-06  0.5088
   1.7783E+01   3.1623E+01   1.3757E-04  0.3293   0.0000E+00  0.0000   0.0000E+00  0.0000   1.4026E-05  0.5170
   3.1623E+01   5.6234E+01   3.0821E-04  0.2327   6.3352E-07  1.0000   0.0000E+00  0.0000   2.8081E-05  0.5712
   5.6234E+01   1.0000E+02   4.7510E-04  0.2097   0.0000E+00  0.0000   0.0000E+00  0.0000   2.9020E-05  0.2248
   1.0000E+02   1.7783E+02   4.7363E-04  0.2155   0.0000E+00  0.0000   0.0000E+00  0.0000   3.4858E-05  0.2132
   1.7783E+02   3.1623E+02   4.0938E-04  0.2930   4.3051E-07  1.0000   0.0000E+00  0.0000   3.0264E-05  0.1887
   3.1623E+02   5.6234E+02   1.0856E-04  0.3489   0.0000E+00  0.0000   2.1622E-07  1.0000   3.1876E-05  0.1795
   5.6234E+02   1.0000E+03   2.6269E-05  0.6797   0.0000E+00  0.0000   0.0000E+00  0.0000   2.5041E-05  0.1998
   1.0000E+03   1.7783E+03   2.3994E-05  0.7078   0.0000E+00  0.0000   0.0000E+00  0.0000   1.5460E-05  0.2390
   1.7783E+03   3.1623E+03   1.5400E-05  0.9741   0.0000E+00  0.0000   0.0000E+00  0.0000   7.3083E-06  0.3464
   3.1623E+03   5.6234E+03   0.0000E+00  0.0000   0.0000E+00  0.0000   0.0000E+00  0.0000   5.7492E-06  0.4129
   5.6234E+03   1.0000E+04   0.0000E+00  0.0000   0.0000E+00  0.0000   0.0000E+00  0.0000   3.8577E-06  0.4615
   1.0000E+04   1.7783E+04   0.0000E+00  0.0000   0.0000E+00  0.0000   0.0000E+00  0.0000   5.0950E-06  0.4109
   1.7783E+04   3.1623E+04   0.0000E+00  0.0000   0.0000E+00  0.0000   0.0000E+00  0.0000   0.0000E+00  0.0000
   3.1623E+04   5.6234E+04   0.0000E+00  0.0000   0.0000E+00  0.0000   0.0000E+00  0.0000   8.3535E-07  1.0000
   5.6234E+04   1.0000E+05   0.0000E+00  0.0000   0.0000E+00  0.0000   0.0000E+00  0.0000   0.0000E+00  0.0000

#   sum over                 4.8907E-03  0.0791   1.0640E-06  0.7197   4.9952E-07  0.7133   2.3460E-04  0.1171

'no. =  1,  reg  =    111'
msuc: {\huge Flux spectrum in open air above ground}
msdr: {\it plotted by \ANGEL \version}
msdl: {\it calculated by \PHITS  3.36}
wt: s(0.7)
\vspace{-3}
   vol  &=&   5.1200E+08 [cm^3]
e:
 
# Information for Restart Calculation
# This calculation was newly started
# istdev =  2 # 1:Batch variance, 2:History variance
# resc2  = 6.48681535183489727E-02 # Total source weight or Total source weight / maxcas
# resc3  = 1.70000000000000000E+03 # Total history number or Total batch number
# maxcas =        1700 # History / Batch, only used for istdev=1
# bitrseed = 1011101110101100001011001010111101110011001010111110110000101000 # bit data of rseed
