[ T-Track ]
    title = Neutron track length in active He-3 gas
     mesh =  reg            # mesh type is region-wise
      reg = 101 201 301 401
   e-type =    3            # e-mesh is log given by emin, emax and ne
     emin =  1.0000000E-10  # minimum value of e-mesh points
     emax =   1000.000      # maximum value of e-mesh points
#    edel =  0.2302585      # mesh width of e-mesh points
       ne =    130          # number of e-mesh points
#    data = ( e(i), i = 1, ne + 1 )
#           1.00000E-10  1.25893E-10  1.58489E-10  1.99526E-10  2.51189E-10
#           3.16228E-10  3.98107E-10  5.01187E-10  6.30957E-10  7.94328E-10
#           1.00000E-09  1.25893E-09  1.58489E-09  1.99526E-09  2.51189E-09
#           3.16228E-09  3.98107E-09  5.01187E-09  6.30957E-09  7.94328E-09
#           1.00000E-08  1.25893E-08  1.58489E-08  1.99526E-08  2.51189E-08
#           3.16228E-08  3.98107E-08  5.01187E-08  6.30957E-08  7.94328E-08
#           1.00000E-07  1.25893E-07  1.58489E-07  1.99526E-07  2.51189E-07
#           3.16228E-07  3.98107E-07  5.01187E-07  6.30957E-07  7.94328E-07
#           1.00000E-06  1.25893E-06  1.58489E-06  1.99526E-06  2.51189E-06
#           3.16228E-06  3.98107E-06  5.01187E-06  6.30957E-06  7.94328E-06
#           1.00000E-05  1.25893E-05  1.58489E-05  1.99526E-05  2.51189E-05
#           3.16228E-05  3.98107E-05  5.01187E-05  6.30957E-05  7.94328E-05
#           1.00000E-04  1.25893E-04  1.58489E-04  1.99526E-04  2.51189E-04
#           3.16228E-04  3.98107E-04  5.01187E-04  6.30957E-04  7.94328E-04
#           1.00000E-03  1.25893E-03  1.58489E-03  1.99526E-03  2.51189E-03
#           3.16228E-03  3.98107E-03  5.01187E-03  6.30957E-03  7.94328E-03
#           1.00000E-02  1.25893E-02  1.58489E-02  1.99526E-02  2.51189E-02
#           3.16228E-02  3.98107E-02  5.01187E-02  6.30957E-02  7.94328E-02
#           1.00000E-01  1.25893E-01  1.58489E-01  1.99526E-01  2.51189E-01
#           3.16228E-01  3.98107E-01  5.01187E-01  6.30957E-01  7.94328E-01
#           1.00000E+00  1.25893E+00  1.58489E+00  1.99526E+00  2.51189E+00
#           3.16228E+00  3.98107E+00  5.01187E+00  6.30957E+00  7.94328E+00
#           1.00000E+01  1.25893E+01  1.58489E+01  1.99526E+01  2.51189E+01
#           3.16228E+01  3.98107E+01  5.01187E+01  6.30957E+01  7.94328E+01
#           1.00000E+02  1.25893E+02  1.58489E+02  1.99526E+02  2.51189E+02
#           3.16228E+02  3.98107E+02  5.01187E+02  6.30957E+02  7.94328E+02
#           1.00000E+03
     unit =    1            # unit is [1/cm^2/source]
 material =  all            # (D=all) number of specific material
     axis =     eng            # axis of output
     file = gas_track.out   # file name of output for the above axis
     part =  neutron  
# kf/name :  2112     
#    used :        main (  %)        temp (  %)       total (  %)
#  memory :         139 (  0)           0 (  0)         139 (  0)

#------------------------------------------------------------------------------
#newpage:
#   no. =  1   reg =    101

x: Energy [MeV/n]
y: Flux [1/cm^2/source]              
p: xlog ylog afac(0.8) form(0.9)
h: n            x            y(neutron ),hh0l n  
#  e-lower      e-upper        neutron   r.err 
   1.0000E-10   1.2589E-10   0.0000E+00  0.0000
   1.2589E-10   1.5849E-10   0.0000E+00  0.0000
   1.5849E-10   1.9953E-10   0.0000E+00  0.0000
   1.9953E-10   2.5119E-10   0.0000E+00  0.0000
   2.5119E-10   3.1623E-10   0.0000E+00  0.0000
   3.1623E-10   3.9811E-10   0.0000E+00  0.0000
   3.9811E-10   5.0119E-10   0.0000E+00  0.0000
   5.0119E-10   6.3096E-10   0.0000E+00  0.0000
   6.3096E-10   7.9433E-10   0.0000E+00  0.0000
   7.9433E-10   1.0000E-09   0.0000E+00  0.0000
   1.0000E-09   1.2589E-09   0.0000E+00  0.0000
   1.2589E-09   1.5849E-09   0.0000E+00  0.0000
   1.5849E-09   1.9953E-09   0.0000E+00  0.0000
   1.9953E-09   2.5119E-09   0.0000E+00  0.0000
   2.5119E-09   3.1623E-09   0.0000E+00  0.0000
   3.1623E-09   3.9811E-09   0.0000E+00  0.0000
   3.9811E-09   5.0119E-09   0.0000E+00  0.0000
   5.0119E-09   6.3096E-09   0.0000E+00  0.0000
   6.3096E-09   7.9433E-09   0.0000E+00  0.0000
   7.9433E-09   1.0000E-08   0.0000E+00  0.0000
   1.0000E-08   1.2589E-08   0.0000E+00  0.0000
   1.2589E-08   1.5849E-08   0.0000E+00  0.0000
   1.5849E-08   1.9953E-08   0.0000E+00  0.0000
   1.9953E-08   2.5119E-08   0.0000E+00  0.0000
   2.5119E-08   3.1623E-08   0.0000E+00  0.0000
   3.1623E-08   3.9811E-08   0.0000E+00  0.0000
   3.9811E-08   5.0119E-08   0.0000E+00  0.0000
   5.0119E-08   6.3096E-08   0.0000E+00  0.0000
   6.3096E-08   7.9433E-08   0.0000E+00  0.0000
   7.9433E-08   1.0000E-07   0.0000E+00  0.0000
   1.0000E-07   1.2589E-07   0.0000E+00  0.0000
   1.2589E-07   1.5849E-07   0.0000E+00  0.0000
   1.5849E-07   1.9953E-07   0.0000E+00  0.0000
   1.9953E-07   2.5119E-07   0.0000E+00  0.0000
   2.5119E-07   3.1623E-07   0.0000E+00  0.0000
   3.1623E-07   3.9811E-07   0.0000E+00  0.0000
   3.9811E-07   5.0119E-07   0.0000E+00  0.0000
   5.0119E-07   6.3096E-07   0.0000E+00  0.0000
   6.3096E-07   7.9433E-07   0.0000E+00  0.0000
   7.9433E-07   1.0000E-06   0.0000E+00  0.0000
   1.0000E-06   1.2589E-06   0.0000E+00  0.0000
   1.2589E-06   1.5849E-06   0.0000E+00  0.0000
   1.5849E-06   1.9953E-06   0.0000E+00  0.0000
   1.9953E-06   2.5119E-06   0.0000E+00  0.0000
   2.5119E-06   3.1623E-06   0.0000E+00  0.0000
   3.1623E-06   3.9811E-06   0.0000E+00  0.0000
   3.9811E-06   5.0119E-06   0.0000E+00  0.0000
   5.0119E-06   6.3096E-06   0.0000E+00  0.0000
   6.3096E-06   7.9433E-06   0.0000E+00  0.0000
   7.9433E-06   1.0000E-05   0.0000E+00  0.0000
   1.0000E-05   1.2589E-05   0.0000E+00  0.0000
   1.2589E-05   1.5849E-05   0.0000E+00  0.0000
   1.5849E-05   1.9953E-05   0.0000E+00  0.0000
   1.9953E-05   2.5119E-05   0.0000E+00  0.0000
   2.5119E-05   3.1623E-05   0.0000E+00  0.0000
   3.1623E-05   3.9811E-05   0.0000E+00  0.0000
   3.9811E-05   5.0119E-05   0.0000E+00  0.0000
   5.0119E-05   6.3096E-05   0.0000E+00  0.0000
   6.3096E-05   7.9433E-05   0.0000E+00  0.0000
   7.9433E-05   1.0000E-04   0.0000E+00  0.0000
   1.0000E-04   1.2589E-04   0.0000E+00  0.0000
   1.2589E-04   1.5849E-04   0.0000E+00  0.0000
   1.5849E-04   1.9953E-04   0.0000E+00  0.0000
   1.9953E-04   2.5119E-04   0.0000E+00  0.0000
   2.5119E-04   3.1623E-04   0.0000E+00  0.0000
   3.1623E-04   3.9811E-04   0.0000E+00  0.0000
   3.9811E-04   5.0119E-04   0.0000E+00  0.0000
   5.0119E-04   6.3096E-04   0.0000E+00  0.0000
   6.3096E-04   7.9433E-04   0.0000E+00  0.0000
   7.9433E-04   1.0000E-03   0.0000E+00  0.0000
   1.0000E-03   1.2589E-03   0.0000E+00  0.0000
   1.2589E-03   1.5849E-03   0.0000E+00  0.0000
   1.5849E-03   1.9953E-03   0.0000E+00  0.0000
   1.9953E-03   2.5119E-03   0.0000E+00  0.0000
   2.5119E-03   3.1623E-03   0.0000E+00  0.0000
   3.1623E-03   3.9811E-03   0.0000E+00  0.0000
   3.9811E-03   5.0119E-03   0.0000E+00  0.0000
   5.0119E-03   6.3096E-03   0.0000E+00  0.0000
   6.3096E-03   7.9433E-03   0.0000E+00  0.0000
   7.9433E-03   1.0000E-02   0.0000E+00  0.0000
   1.0000E-02   1.2589E-02   0.0000E+00  0.0000
   1.2589E-02   1.5849E-02   0.0000E+00  0.0000
   1.5849E-02   1.9953E-02   0.0000E+00  0.0000
   1.9953E-02   2.5119E-02   0.0000E+00  0.0000
   2.5119E-02   3.1623E-02   0.0000E+00  0.0000
   3.1623E-02   3.9811E-02   0.0000E+00  0.0000
   3.9811E-02   5.0119E-02   0.0000E+00  0.0000
   5.0119E-02   6.3096E-02   0.0000E+00  0.0000
   6.3096E-02   7.9433E-02   4.2481E-05  1.0000
   7.9433E-02   1.0000E-01   0.0000E+00  0.0000
   1.0000E-01   1.2589E-01   0.0000E+00  0.0000
   1.2589E-01   1.5849E-01   1.2481E-04  0.5798
   1.5849E-01   1.9953E-01   2.4705E-05  1.0000
   1.9953E-01   2.5119E-01   1.2160E-04  0.5917
   2.5119E-01   3.1623E-01   2.9726E-04  0.5846
   3.1623E-01   3.9811E-01   1.9909E-04  0.5842
   3.9811E-01   5.0119E-01   4.7592E-04  0.5474
   5.0119E-01   6.3096E-01   2.5482E-04  0.3829
   6.3096E-01   7.9433E-01   5.7535E-04  0.3507
   7.9433E-01   1.0000E+00   4.1967E-04  0.3418
   1.0000E+00   1.2589E+00   8.4663E-04  0.2595
   1.2589E+00   1.5849E+00   8.3555E-04  0.2753
   1.5849E+00   1.9953E+00   1.0286E-03  0.2734
   1.9953E+00   2.5119E+00   8.3391E-04  0.2510
   2.5119E+00   3.1623E+00   6.4172E-04  0.3151
   3.1623E+00   3.9811E+00   8.7275E-04  0.3375
   3.9811E+00   5.0119E+00   5.8971E-04  0.3898
   5.0119E+00   6.3096E+00   6.4760E-04  0.2894
   6.3096E+00   7.9433E+00   3.2633E-04  0.3009
   7.9433E+00   1.0000E+01   1.9228E-04  0.4459
   1.0000E+01   1.2589E+01   7.0663E-04  0.3430
   1.2589E+01   1.5849E+01   5.0599E-04  0.3272
   1.5849E+01   1.9953E+01   3.4633E-04  0.3283
   1.9953E+01   2.5119E+01   1.1732E-03  0.2787
   2.5119E+01   3.1623E+01   9.2332E-04  0.2970
   3.1623E+01   3.9811E+01   7.5555E-04  0.2660
   3.9811E+01   5.0119E+01   2.6474E-01  0.0142
   5.0119E+01   6.3096E+01   0.0000E+00  0.0000
   6.3096E+01   7.9433E+01   0.0000E+00  0.0000
   7.9433E+01   1.0000E+02   0.0000E+00  0.0000
   1.0000E+02   1.2589E+02   0.0000E+00  0.0000
   1.2589E+02   1.5849E+02   0.0000E+00  0.0000
   1.5849E+02   1.9953E+02   0.0000E+00  0.0000
   1.9953E+02   2.5119E+02   0.0000E+00  0.0000
   2.5119E+02   3.1623E+02   0.0000E+00  0.0000
   3.1623E+02   3.9811E+02   0.0000E+00  0.0000
   3.9811E+02   5.0119E+02   0.0000E+00  0.0000
   5.0119E+02   6.3096E+02   0.0000E+00  0.0000
   6.3096E+02   7.9433E+02   0.0000E+00  0.0000
   7.9433E+02   1.0000E+03   0.0000E+00  0.0000

#   sum over                 2.7850E-01  0.0142

'no. =  1,  reg  =    101'
msuc: {\huge Neutron track length in active He-3 gas}
msdr: {\it plotted by \ANGEL \version}
msdl: {\it calculated by \PHITS  3.36}
wt: s(0.7)
\vspace{-3}
   vol  &=&   1.0000E+00 [cm^3]
e:

#------------------------------------------------------------------------------
 newpage:
#   no. =  2   reg =    201

x: Energy [MeV/n]
y: Flux [1/cm^2/source]              
p: xlog ylog afac(0.8) form(0.9)
h: n            x            y(neutron ),hh0l n  
#  e-lower      e-upper        neutron   r.err 
   1.0000E-10   1.2589E-10   0.0000E+00  0.0000
   1.2589E-10   1.5849E-10   0.0000E+00  0.0000
   1.5849E-10   1.9953E-10   0.0000E+00  0.0000
   1.9953E-10   2.5119E-10   0.0000E+00  0.0000
   2.5119E-10   3.1623E-10   0.0000E+00  0.0000
   3.1623E-10   3.9811E-10   0.0000E+00  0.0000
   3.9811E-10   5.0119E-10   0.0000E+00  0.0000
   5.0119E-10   6.3096E-10   0.0000E+00  0.0000
   6.3096E-10   7.9433E-10   0.0000E+00  0.0000
   7.9433E-10   1.0000E-09   0.0000E+00  0.0000
   1.0000E-09   1.2589E-09   0.0000E+00  0.0000
   1.2589E-09   1.5849E-09   0.0000E+00  0.0000
   1.5849E-09   1.9953E-09   0.0000E+00  0.0000
   1.9953E-09   2.5119E-09   2.5417E-07  1.0000
   2.5119E-09   3.1623E-09   0.0000E+00  0.0000
   3.1623E-09   3.9811E-09   1.0743E-06  0.8790
   3.9811E-09   5.0119E-09   9.8535E-08  1.0000
   5.0119E-09   6.3096E-09   6.4082E-07  1.0000
   6.3096E-09   7.9433E-09   1.8091E-06  0.5518
   7.9433E-09   1.0000E-08   1.0631E-05  0.5903
   1.0000E-08   1.2589E-08   1.2871E-05  0.4937
   1.2589E-08   1.5849E-08   1.4260E-05  0.4408
   1.5849E-08   1.9953E-08   3.0229E-05  0.3108
   1.9953E-08   2.5119E-08   3.9428E-05  0.2762
   2.5119E-08   3.1623E-08   3.1440E-05  0.3216
   3.1623E-08   3.9811E-08   1.1810E-04  0.2060
   3.9811E-08   5.0119E-08   8.9253E-05  0.2702
   5.0119E-08   6.3096E-08   1.1003E-04  0.2046
   6.3096E-08   7.9433E-08   9.0117E-05  0.2365
   7.9433E-08   1.0000E-07   1.2102E-04  0.2621
   1.0000E-07   1.2589E-07   1.2455E-04  0.2400
   1.2589E-07   1.5849E-07   1.9014E-04  0.3533
   1.5849E-07   1.9953E-07   9.0011E-05  0.3371
   1.9953E-07   2.5119E-07   2.2272E-05  0.7858
   2.5119E-07   3.1623E-07   3.0233E-05  0.6853
   3.1623E-07   3.9811E-07   0.0000E+00  0.0000
   3.9811E-07   5.0119E-07   3.0321E-05  0.8760
   5.0119E-07   6.3096E-07   3.2129E-05  0.7164
   6.3096E-07   7.9433E-07   8.8047E-05  0.4837
   7.9433E-07   1.0000E-06   1.0836E-04  0.8465
   1.0000E-06   1.2589E-06   4.7752E-05  0.7273
   1.2589E-06   1.5849E-06   4.6994E-05  0.7455
   1.5849E-06   1.9953E-06   9.6039E-05  0.5073
   1.9953E-06   2.5119E-06   1.5114E-04  0.4715
   2.5119E-06   3.1623E-06   7.0822E-05  0.5410
   3.1623E-06   3.9811E-06   5.5496E-06  1.0000
   3.9811E-06   5.0119E-06   1.7454E-04  0.4978
   5.0119E-06   6.3096E-06   9.1172E-05  0.6166
   6.3096E-06   7.9433E-06   5.0595E-05  0.9307
   7.9433E-06   1.0000E-05   9.5392E-05  0.6586
   1.0000E-05   1.2589E-05   5.8518E-05  1.0000
   1.2589E-05   1.5849E-05   8.5862E-05  0.7158
   1.5849E-05   1.9953E-05   2.5173E-04  0.5725
   1.9953E-05   2.5119E-05   1.5779E-04  0.4955
   2.5119E-05   3.1623E-05   1.8003E-04  0.4609
   3.1623E-05   3.9811E-05   1.1892E-05  1.0000
   3.9811E-05   5.0119E-05   1.5433E-04  0.6162
   5.0119E-05   6.3096E-05   8.3275E-05  0.7190
   6.3096E-05   7.9433E-05   1.0627E-04  0.6767
   7.9433E-05   1.0000E-04   5.9234E-05  0.7132
   1.0000E-04   1.2589E-04   1.3769E-04  0.5774
   1.2589E-04   1.5849E-04   1.5856E-04  0.5051
   1.5849E-04   1.9953E-04   1.1812E-04  0.5566
   1.9953E-04   2.5119E-04   2.5212E-04  0.4914
   2.5119E-04   3.1623E-04   8.1882E-05  0.7299
   3.1623E-04   3.9811E-04   1.7943E-04  0.6214
   3.9811E-04   5.0119E-04   1.3627E-04  0.5072
   5.0119E-04   6.3096E-04   2.0444E-04  0.6012
   6.3096E-04   7.9433E-04   7.4198E-05  0.7071
   7.9433E-04   1.0000E-03   1.8852E-04  0.5135
   1.0000E-03   1.2589E-03   1.0127E-04  0.7135
   1.2589E-03   1.5849E-03   5.4393E-05  1.0000
   1.5849E-03   1.9953E-03   4.1369E-05  1.0000
   1.9953E-03   2.5119E-03   1.3112E-04  0.6610
   2.5119E-03   3.1623E-03   1.3905E-04  0.5756
   3.1623E-03   3.9811E-03   1.2166E-04  0.6354
   3.9811E-03   5.0119E-03   9.6893E-05  0.6450
   5.0119E-03   6.3096E-03   3.3427E-04  0.3968
   6.3096E-03   7.9433E-03   2.7913E-04  0.6645
   7.9433E-03   1.0000E-02   4.7423E-05  1.0000
   1.0000E-02   1.2589E-02   1.4865E-04  0.6025
   1.2589E-02   1.5849E-02   1.6996E-04  0.5248
   1.5849E-02   1.9953E-02   4.6755E-05  1.0000
   1.9953E-02   2.5119E-02   3.1218E-04  0.4026
   2.5119E-02   3.1623E-02   2.7396E-04  0.4890
   3.1623E-02   3.9811E-02   4.1972E-05  1.0000
   3.9811E-02   5.0119E-02   1.1341E-04  0.7172
   5.0119E-02   6.3096E-02   2.0503E-04  0.4559
   6.3096E-02   7.9433E-02   1.6009E-04  0.5228
   7.9433E-02   1.0000E-01   3.6414E-04  0.3670
   1.0000E-01   1.2589E-01   3.2963E-04  0.4066
   1.2589E-01   1.5849E-01   1.8226E-04  0.5089
   1.5849E-01   1.9953E-01   5.4282E-04  0.4252
   1.9953E-01   2.5119E-01   3.9415E-04  0.4833
   2.5119E-01   3.1623E-01   4.0684E-04  0.3426
   3.1623E-01   3.9811E-01   2.4360E-04  0.4454
   3.9811E-01   5.0119E-01   6.3622E-04  0.2875
   5.0119E-01   6.3096E-01   1.0016E-03  0.2800
   6.3096E-01   7.9433E-01   1.5034E-03  0.1943
   7.9433E-01   1.0000E+00   7.3393E-04  0.2560
   1.0000E+00   1.2589E+00   1.2363E-03  0.2111
   1.2589E+00   1.5849E+00   1.5474E-03  0.2084
   1.5849E+00   1.9953E+00   1.3267E-03  0.2156
   1.9953E+00   2.5119E+00   2.2838E-03  0.2613
   2.5119E+00   3.1623E+00   1.9246E-03  0.1697
   3.1623E+00   3.9811E+00   1.6933E-03  0.1817
   3.9811E+00   5.0119E+00   1.4490E-03  0.1792
   5.0119E+00   6.3096E+00   1.8356E-03  0.1746
   6.3096E+00   7.9433E+00   1.6236E-03  0.1884
   7.9433E+00   1.0000E+01   1.8547E-03  0.1649
   1.0000E+01   1.2589E+01   2.2587E-03  0.1725
   1.2589E+01   1.5849E+01   2.0470E-03  0.1582
   1.5849E+01   1.9953E+01   2.3033E-03  0.1668
   1.9953E+01   2.5119E+01   3.3824E-03  0.1358
   2.5119E+01   3.1623E+01   3.9083E-03  0.1183
   3.1623E+01   3.9811E+01   4.2465E-03  0.1081
   3.9811E+01   5.0119E+01   1.3342E-01  0.0198
   5.0119E+01   6.3096E+01   0.0000E+00  0.0000
   6.3096E+01   7.9433E+01   0.0000E+00  0.0000
   7.9433E+01   1.0000E+02   0.0000E+00  0.0000
   1.0000E+02   1.2589E+02   0.0000E+00  0.0000
   1.2589E+02   1.5849E+02   0.0000E+00  0.0000
   1.5849E+02   1.9953E+02   0.0000E+00  0.0000
   1.9953E+02   2.5119E+02   0.0000E+00  0.0000
   2.5119E+02   3.1623E+02   0.0000E+00  0.0000
   3.1623E+02   3.9811E+02   0.0000E+00  0.0000
   3.9811E+02   5.0119E+02   0.0000E+00  0.0000
   5.0119E+02   6.3096E+02   0.0000E+00  0.0000
   6.3096E+02   7.9433E+02   0.0000E+00  0.0000
   7.9433E+02   1.0000E+03   0.0000E+00  0.0000

#   sum over                 1.8239E-01  0.0182

'no. =  2,  reg  =    201'
msuc: {\huge Neutron track length in active He-3 gas}
msdr: {\it plotted by \ANGEL \version}
msdl: {\it calculated by \PHITS  3.36}
wt: s(0.7)
\vspace{-3}
   vol  &=&   1.0000E+00 [cm^3]
e:

#------------------------------------------------------------------------------
 newpage:
#   no. =  3   reg =    301

x: Energy [MeV/n]
y: Flux [1/cm^2/source]              
p: xlog ylog afac(0.8) form(0.9)
h: n            x            y(neutron ),hh0l n  
#  e-lower      e-upper        neutron   r.err 
   1.0000E-10   1.2589E-10   0.0000E+00  0.0000
   1.2589E-10   1.5849E-10   0.0000E+00  0.0000
   1.5849E-10   1.9953E-10   0.0000E+00  0.0000
   1.9953E-10   2.5119E-10   0.0000E+00  0.0000
   2.5119E-10   3.1623E-10   0.0000E+00  0.0000
   3.1623E-10   3.9811E-10   0.0000E+00  0.0000
   3.9811E-10   5.0119E-10   0.0000E+00  0.0000
   5.0119E-10   6.3096E-10   0.0000E+00  0.0000
   6.3096E-10   7.9433E-10   0.0000E+00  0.0000
   7.9433E-10   1.0000E-09   0.0000E+00  0.0000
   1.0000E-09   1.2589E-09   0.0000E+00  0.0000
   1.2589E-09   1.5849E-09   0.0000E+00  0.0000
   1.5849E-09   1.9953E-09   0.0000E+00  0.0000
   1.9953E-09   2.5119E-09   0.0000E+00  0.0000
   2.5119E-09   3.1623E-09   0.0000E+00  0.0000
   3.1623E-09   3.9811E-09   0.0000E+00  0.0000
   3.9811E-09   5.0119E-09   0.0000E+00  0.0000
   5.0119E-09   6.3096E-09   0.0000E+00  0.0000
   6.3096E-09   7.9433E-09   0.0000E+00  0.0000
   7.9433E-09   1.0000E-08   0.0000E+00  0.0000
   1.0000E-08   1.2589E-08   0.0000E+00  0.0000
   1.2589E-08   1.5849E-08   0.0000E+00  0.0000
   1.5849E-08   1.9953E-08   0.0000E+00  0.0000
   1.9953E-08   2.5119E-08   0.0000E+00  0.0000
   2.5119E-08   3.1623E-08   0.0000E+00  0.0000
   3.1623E-08   3.9811E-08   0.0000E+00  0.0000
   3.9811E-08   5.0119E-08   0.0000E+00  0.0000
   5.0119E-08   6.3096E-08   0.0000E+00  0.0000
   6.3096E-08   7.9433E-08   0.0000E+00  0.0000
   7.9433E-08   1.0000E-07   0.0000E+00  0.0000
   1.0000E-07   1.2589E-07   0.0000E+00  0.0000
   1.2589E-07   1.5849E-07   0.0000E+00  0.0000
   1.5849E-07   1.9953E-07   0.0000E+00  0.0000
   1.9953E-07   2.5119E-07   0.0000E+00  0.0000
   2.5119E-07   3.1623E-07   0.0000E+00  0.0000
   3.1623E-07   3.9811E-07   0.0000E+00  0.0000
   3.9811E-07   5.0119E-07   0.0000E+00  0.0000
   5.0119E-07   6.3096E-07   0.0000E+00  0.0000
   6.3096E-07   7.9433E-07   0.0000E+00  0.0000
   7.9433E-07   1.0000E-06   0.0000E+00  0.0000
   1.0000E-06   1.2589E-06   0.0000E+00  0.0000
   1.2589E-06   1.5849E-06   0.0000E+00  0.0000
   1.5849E-06   1.9953E-06   0.0000E+00  0.0000
   1.9953E-06   2.5119E-06   0.0000E+00  0.0000
   2.5119E-06   3.1623E-06   0.0000E+00  0.0000
   3.1623E-06   3.9811E-06   0.0000E+00  0.0000
   3.9811E-06   5.0119E-06   0.0000E+00  0.0000
   5.0119E-06   6.3096E-06   0.0000E+00  0.0000
   6.3096E-06   7.9433E-06   0.0000E+00  0.0000
   7.9433E-06   1.0000E-05   0.0000E+00  0.0000
   1.0000E-05   1.2589E-05   0.0000E+00  0.0000
   1.2589E-05   1.5849E-05   0.0000E+00  0.0000
   1.5849E-05   1.9953E-05   0.0000E+00  0.0000
   1.9953E-05   2.5119E-05   0.0000E+00  0.0000
   2.5119E-05   3.1623E-05   0.0000E+00  0.0000
   3.1623E-05   3.9811E-05   0.0000E+00  0.0000
   3.9811E-05   5.0119E-05   0.0000E+00  0.0000
   5.0119E-05   6.3096E-05   0.0000E+00  0.0000
   6.3096E-05   7.9433E-05   0.0000E+00  0.0000
   7.9433E-05   1.0000E-04   0.0000E+00  0.0000
   1.0000E-04   1.2589E-04   0.0000E+00  0.0000
   1.2589E-04   1.5849E-04   0.0000E+00  0.0000
   1.5849E-04   1.9953E-04   0.0000E+00  0.0000
   1.9953E-04   2.5119E-04   0.0000E+00  0.0000
   2.5119E-04   3.1623E-04   0.0000E+00  0.0000
   3.1623E-04   3.9811E-04   0.0000E+00  0.0000
   3.9811E-04   5.0119E-04   0.0000E+00  0.0000
   5.0119E-04   6.3096E-04   0.0000E+00  0.0000
   6.3096E-04   7.9433E-04   0.0000E+00  0.0000
   7.9433E-04   1.0000E-03   0.0000E+00  0.0000
   1.0000E-03   1.2589E-03   0.0000E+00  0.0000
   1.2589E-03   1.5849E-03   0.0000E+00  0.0000
   1.5849E-03   1.9953E-03   0.0000E+00  0.0000
   1.9953E-03   2.5119E-03   4.3450E-06  1.0000
   2.5119E-03   3.1623E-03   0.0000E+00  0.0000
   3.1623E-03   3.9811E-03   7.7021E-05  1.0000
   3.9811E-03   5.0119E-03   0.0000E+00  0.0000
   5.0119E-03   6.3096E-03   0.0000E+00  0.0000
   6.3096E-03   7.9433E-03   0.0000E+00  0.0000
   7.9433E-03   1.0000E-02   3.6083E-05  1.0000
   1.0000E-02   1.2589E-02   2.1758E-05  1.0000
   1.2589E-02   1.5849E-02   0.0000E+00  0.0000
   1.5849E-02   1.9953E-02   0.0000E+00  0.0000
   1.9953E-02   2.5119E-02   0.0000E+00  0.0000
   2.5119E-02   3.1623E-02   0.0000E+00  0.0000
   3.1623E-02   3.9811E-02   0.0000E+00  0.0000
   3.9811E-02   5.0119E-02   0.0000E+00  0.0000
   5.0119E-02   6.3096E-02   0.0000E+00  0.0000
   6.3096E-02   7.9433E-02   0.0000E+00  0.0000
   7.9433E-02   1.0000E-01   2.4865E-05  1.0000
   1.0000E-01   1.2589E-01   1.7762E-05  1.0000
   1.2589E-01   1.5849E-01   8.4795E-05  0.6417
   1.5849E-01   1.9953E-01   5.8591E-05  0.6135
   1.9953E-01   2.5119E-01   2.2227E-05  0.9828
   2.5119E-01   3.1623E-01   1.3411E-04  0.4572
   3.1623E-01   3.9811E-01   6.3189E-05  0.6544
   3.9811E-01   5.0119E-01   1.0255E-04  0.5086
   5.0119E-01   6.3096E-01   9.8656E-05  0.5677
   6.3096E-01   7.9433E-01   1.7655E-04  0.3649
   7.9433E-01   1.0000E+00   1.3751E-04  0.4739
   1.0000E+00   1.2589E+00   2.3331E-04  0.3886
   1.2589E+00   1.5849E+00   3.2732E-04  0.3114
   1.5849E+00   1.9953E+00   1.3396E-04  0.4047
   1.9953E+00   2.5119E+00   4.9678E-04  0.2523
   2.5119E+00   3.1623E+00   2.4221E-04  0.2924
   3.1623E+00   3.9811E+00   3.7061E-04  0.3194
   3.9811E+00   5.0119E+00   3.3575E-04  0.3629
   5.0119E+00   6.3096E+00   1.4117E-04  0.3697
   6.3096E+00   7.9433E+00   1.7323E-04  0.3892
   7.9433E+00   1.0000E+01   1.1201E-04  0.5385
   1.0000E+01   1.2589E+01   1.6001E-04  0.4115
   1.2589E+01   1.5849E+01   1.6395E-04  0.3495
   1.5849E+01   1.9953E+01   3.8970E-04  0.2647
   1.9953E+01   2.5119E+01   1.8542E-04  0.4439
   2.5119E+01   3.1623E+01   4.7300E-04  0.3367
   3.1623E+01   3.9811E+01   1.3769E-04  0.4826
   3.9811E+01   5.0119E+01   9.6260E-02  0.0167
   5.0119E+01   6.3096E+01   0.0000E+00  0.0000
   6.3096E+01   7.9433E+01   0.0000E+00  0.0000
   7.9433E+01   1.0000E+02   0.0000E+00  0.0000
   1.0000E+02   1.2589E+02   0.0000E+00  0.0000
   1.2589E+02   1.5849E+02   0.0000E+00  0.0000
   1.5849E+02   1.9953E+02   0.0000E+00  0.0000
   1.9953E+02   2.5119E+02   0.0000E+00  0.0000
   2.5119E+02   3.1623E+02   0.0000E+00  0.0000
   3.1623E+02   3.9811E+02   0.0000E+00  0.0000
   3.9811E+02   5.0119E+02   0.0000E+00  0.0000
   5.0119E+02   6.3096E+02   0.0000E+00  0.0000
   6.3096E+02   7.9433E+02   0.0000E+00  0.0000
   7.9433E+02   1.0000E+03   0.0000E+00  0.0000

#   sum over                 1.0140E-01  0.0167

'no. =  3,  reg  =    301'
msuc: {\huge Neutron track length in active He-3 gas}
msdr: {\it plotted by \ANGEL \version}
msdl: {\it calculated by \PHITS  3.36}
wt: s(0.7)
\vspace{-3}
   vol  &=&   1.0000E+00 [cm^3]
e:

#------------------------------------------------------------------------------
 newpage:
#   no. =  4   reg =    401

x: Energy [MeV/n]
y: Flux [1/cm^2/source]              
p: xlog ylog afac(0.8) form(0.9)
h: n            x            y(neutron ),hh0l n  
#  e-lower      e-upper        neutron   r.err 
   1.0000E-10   1.2589E-10   0.0000E+00  0.0000
   1.2589E-10   1.5849E-10   0.0000E+00  0.0000
   1.5849E-10   1.9953E-10   0.0000E+00  0.0000
   1.9953E-10   2.5119E-10   0.0000E+00  0.0000
   2.5119E-10   3.1623E-10   0.0000E+00  0.0000
   3.1623E-10   3.9811E-10   0.0000E+00  0.0000
   3.9811E-10   5.0119E-10   0.0000E+00  0.0000
   5.0119E-10   6.3096E-10   0.0000E+00  0.0000
   6.3096E-10   7.9433E-10   0.0000E+00  0.0000
   7.9433E-10   1.0000E-09   0.0000E+00  0.0000
   1.0000E-09   1.2589E-09   0.0000E+00  0.0000
   1.2589E-09   1.5849E-09   0.0000E+00  0.0000
   1.5849E-09   1.9953E-09   0.0000E+00  0.0000
   1.9953E-09   2.5119E-09   0.0000E+00  0.0000
   2.5119E-09   3.1623E-09   0.0000E+00  0.0000
   3.1623E-09   3.9811E-09   0.0000E+00  0.0000
   3.9811E-09   5.0119E-09   0.0000E+00  0.0000
   5.0119E-09   6.3096E-09   2.8466E-06  0.7757
   6.3096E-09   7.9433E-09   5.8977E-07  0.7092
   7.9433E-09   1.0000E-08   1.2401E-06  0.6872
   1.0000E-08   1.2589E-08   3.3489E-06  0.8884
   1.2589E-08   1.5849E-08   5.9327E-06  0.4439
   1.5849E-08   1.9953E-08   1.2143E-05  0.5336
   1.9953E-08   2.5119E-08   1.1243E-05  0.5996
   2.5119E-08   3.1623E-08   6.3673E-06  0.6044
   3.1623E-08   3.9811E-08   3.2623E-05  0.4122
   3.9811E-08   5.0119E-08   4.5649E-05  0.3037
   5.0119E-08   6.3096E-08   5.4136E-05  0.4355
   6.3096E-08   7.9433E-08   6.1716E-05  0.2965
   7.9433E-08   1.0000E-07   5.0841E-05  0.4039
   1.0000E-07   1.2589E-07   1.7012E-05  0.4136
   1.2589E-07   1.5849E-07   1.6008E-05  0.6357
   1.5849E-07   1.9953E-07   1.0404E-05  0.8998
   1.9953E-07   2.5119E-07   2.1625E-05  0.6068
   2.5119E-07   3.1623E-07   0.0000E+00  0.0000
   3.1623E-07   3.9811E-07   0.0000E+00  0.0000
   3.9811E-07   5.0119E-07   4.2295E-05  0.6031
   5.0119E-07   6.3096E-07   1.9745E-05  0.8697
   6.3096E-07   7.9433E-07   2.6722E-05  0.7430
   7.9433E-07   1.0000E-06   6.1819E-06  1.0000
   1.0000E-06   1.2589E-06   1.2384E-05  0.9172
   1.2589E-06   1.5849E-06   4.8840E-05  0.6109
   1.5849E-06   1.9953E-06   8.6364E-05  0.6039
   1.9953E-06   2.5119E-06   3.5533E-05  0.7258
   2.5119E-06   3.1623E-06   1.7201E-05  0.7103
   3.1623E-06   3.9811E-06   0.0000E+00  0.0000
   3.9811E-06   5.0119E-06   5.0521E-05  0.7111
   5.0119E-06   6.3096E-06   1.9519E-05  1.0000
   6.3096E-06   7.9433E-06   1.7688E-06  1.0000
   7.9433E-06   1.0000E-05   0.0000E+00  0.0000
   1.0000E-05   1.2589E-05   4.1349E-05  0.7268
   1.2589E-05   1.5849E-05   4.9532E-05  0.6679
   1.5849E-05   1.9953E-05   5.8556E-05  0.7072
   1.9953E-05   2.5119E-05   1.0669E-04  0.4155
   2.5119E-05   3.1623E-05   2.5546E-05  1.0000
   3.1623E-05   3.9811E-05   7.5533E-05  0.5194
   3.9811E-05   5.0119E-05   7.2420E-05  0.5779
   5.0119E-05   6.3096E-05   2.2834E-05  0.8034
   6.3096E-05   7.9433E-05   5.1121E-05  0.8604
   7.9433E-05   1.0000E-04   5.4056E-05  0.7602
   1.0000E-04   1.2589E-04   2.5134E-05  1.0000
   1.2589E-04   1.5849E-04   6.7311E-05  0.6645
   1.5849E-04   1.9953E-04   5.1066E-05  0.7090
   1.9953E-04   2.5119E-04   4.7179E-05  0.7170
   2.5119E-04   3.1623E-04   1.9564E-05  1.0000
   3.1623E-04   3.9811E-04   3.8601E-05  0.7259
   3.9811E-04   5.0119E-04   6.1868E-05  0.5839
   5.0119E-04   6.3096E-04   3.7164E-05  0.7216
   6.3096E-04   7.9433E-04   1.4484E-05  1.0000
   7.9433E-04   1.0000E-03   0.0000E+00  0.0000
   1.0000E-03   1.2589E-03   2.9107E-05  0.7621
   1.2589E-03   1.5849E-03   3.4632E-05  0.8162
   1.5849E-03   1.9953E-03   5.8590E-05  0.7239
   1.9953E-03   2.5119E-03   6.7423E-05  0.5149
   2.5119E-03   3.1623E-03   8.5123E-05  0.5021
   3.1623E-03   3.9811E-03   0.0000E+00  0.0000
   3.9811E-03   5.0119E-03   1.3911E-04  0.5042
   5.0119E-03   6.3096E-03   3.8281E-05  0.7219
   6.3096E-03   7.9433E-03   0.0000E+00  0.0000
   7.9433E-03   1.0000E-02   7.0909E-05  0.5689
   1.0000E-02   1.2589E-02   8.9549E-05  0.5777
   1.2589E-02   1.5849E-02   3.2903E-05  1.0000
   1.5849E-02   1.9953E-02   3.2285E-05  1.0000
   1.9953E-02   2.5119E-02   4.3631E-05  0.7093
   2.5119E-02   3.1623E-02   1.2030E-04  0.6305
   3.1623E-02   3.9811E-02   4.9367E-05  0.7139
   3.9811E-02   5.0119E-02   5.8134E-05  0.7921
   5.0119E-02   6.3096E-02   1.0703E-04  0.6298
   6.3096E-02   7.9433E-02   8.9776E-05  0.5911
   7.9433E-02   1.0000E-01   1.1925E-04  0.4630
   1.0000E-01   1.2589E-01   2.9486E-04  0.4297
   1.2589E-01   1.5849E-01   1.6575E-04  0.5017
   1.5849E-01   1.9953E-01   1.5069E-04  0.3869
   1.9953E-01   2.5119E-01   2.4068E-04  0.3401
   2.5119E-01   3.1623E-01   1.2741E-04  0.3971
   3.1623E-01   3.9811E-01   1.6729E-04  0.4676
   3.9811E-01   5.0119E-01   1.7588E-04  0.3542
   5.0119E-01   6.3096E-01   3.5336E-04  0.2415
   6.3096E-01   7.9433E-01   2.3894E-04  0.3356
   7.9433E-01   1.0000E+00   3.5635E-04  0.2786
   1.0000E+00   1.2589E+00   5.0832E-04  0.2219
   1.2589E+00   1.5849E+00   2.4534E-04  0.2701
   1.5849E+00   1.9953E+00   5.1838E-04  0.2558
   1.9953E+00   2.5119E+00   5.1032E-04  0.2274
   2.5119E+00   3.1623E+00   5.3224E-04  0.2454
   3.1623E+00   3.9811E+00   5.1434E-04  0.2632
   3.9811E+00   5.0119E+00   4.6560E-04  0.2677
   5.0119E+00   6.3096E+00   7.6744E-04  0.1889
   6.3096E+00   7.9433E+00   6.3286E-04  0.4011
   7.9433E+00   1.0000E+01   4.7574E-04  0.2462
   1.0000E+01   1.2589E+01   8.3808E-04  0.2063
   1.2589E+01   1.5849E+01   1.0090E-03  0.1748
   1.5849E+01   1.9953E+01   8.9473E-04  0.1924
   1.9953E+01   2.5119E+01   1.2973E-03  0.1488
   2.5119E+01   3.1623E+01   1.2176E-03  0.1758
   3.1623E+01   3.9811E+01   1.2458E-03  0.1548
   3.9811E+01   5.0119E+01   5.6768E-02  0.0216
   5.0119E+01   6.3096E+01   0.0000E+00  0.0000
   6.3096E+01   7.9433E+01   0.0000E+00  0.0000
   7.9433E+01   1.0000E+02   0.0000E+00  0.0000
   1.0000E+02   1.2589E+02   0.0000E+00  0.0000
   1.2589E+02   1.5849E+02   0.0000E+00  0.0000
   1.5849E+02   1.9953E+02   0.0000E+00  0.0000
   1.9953E+02   2.5119E+02   0.0000E+00  0.0000
   2.5119E+02   3.1623E+02   0.0000E+00  0.0000
   3.1623E+02   3.9811E+02   0.0000E+00  0.0000
   3.9811E+02   5.0119E+02   0.0000E+00  0.0000
   5.0119E+02   6.3096E+02   0.0000E+00  0.0000
   6.3096E+02   7.9433E+02   0.0000E+00  0.0000
   7.9433E+02   1.0000E+03   0.0000E+00  0.0000

#   sum over                 7.3619E-02  0.0209

'no. =  4,  reg  =    401'
msuc: {\huge Neutron track length in active He-3 gas}
msdr: {\it plotted by \ANGEL \version}
msdl: {\it calculated by \PHITS  3.36}
wt: s(0.7)
\vspace{-3}
   vol  &=&   1.0000E+00 [cm^3]
e:
 
# Information for Restart Calculation
# This calculation was newly started
# istdev =  2 # 1:Batch variance, 2:History variance
# resc2  = 1.49828695773674961E+05 # Total source weight or Total source weight / maxcas
# resc3  = 1.50000000000000000E+05 # Total history number or Total batch number
# maxcas =      150000 # History / Batch, only used for istdev=1
# bitrseed = 0110110110100101100111100100100111010100100001011011111111011110 # bit data of rseed
