[ T-Track ]
    title = Flux spectrum in open air above ground
     mesh =  reg            # mesh type is region-wise
      reg = 111
   e-type =    3            # e-mesh is log given by emin, emax and ne
     emin =  1.0000000E-10  # minimum value of e-mesh points
     emax =   100000.0      # maximum value of e-mesh points
#    edel =  0.5756463      # mesh width of e-mesh points
       ne =     60          # number of e-mesh points
#    data = ( e(i), i = 1, ne + 1 )
#           1.00000E-10  1.77828E-10  3.16228E-10  5.62341E-10  1.00000E-09
#           1.77828E-09  3.16228E-09  5.62341E-09  1.00000E-08  1.77828E-08
#           3.16228E-08  5.62341E-08  1.00000E-07  1.77828E-07  3.16228E-07
#           5.62341E-07  1.00000E-06  1.77828E-06  3.16228E-06  5.62341E-06
#           1.00000E-05  1.77828E-05  3.16228E-05  5.62341E-05  1.00000E-04
#           1.77828E-04  3.16228E-04  5.62341E-04  1.00000E-03  1.77828E-03
#           3.16228E-03  5.62341E-03  1.00000E-02  1.77828E-02  3.16228E-02
#           5.62341E-02  1.00000E-01  1.77828E-01  3.16228E-01  5.62341E-01
#           1.00000E+00  1.77828E+00  3.16228E+00  5.62341E+00  1.00000E+01
#           1.77828E+01  3.16228E+01  5.62341E+01  1.00000E+02  1.77828E+02
#           3.16228E+02  5.62341E+02  1.00000E+03  1.77828E+03  3.16228E+03
#           5.62341E+03  1.00000E+04  1.77828E+04  3.16228E+04  5.62341E+04
#           1.00000E+05
     unit =    1            # unit is [1/cm^2/source]
 material =  all            # (D=all) number of specific material
     axis =     eng            # axis of output
     file = air_spec.out    # file name of output for the above axis
     part =  neutron    muon-      muon+      proton   
# kf/name :  2112       13         -13        2212     
#    used :        main (  %)        temp (  %)       total (  %)
#  memory :          67 (  0)           0 (  0)          67 (  0)

#------------------------------------------------------------------------------
#newpage:
#   no. =  1   reg =    111

x: Energy [MeV/n]
y: Flux [1/cm^2/source]              
p: xlog ylog afac(0.8) form(0.9)
h: n            x            y(neutron ),hh0l n  y(muon-   ),hh0dr n  y(muon+   ),hh0ub n  y(proton  ),hh0mg n  
#  e-lower      e-upper        neutron   r.err      muon-     r.err      muon+     r.err      proton    r.err 
   1.0000E-10   1.7783E-10   0.0000E+00  0.0000   0.0000E+00  0.0000   0.0000E+00  0.0000   0.0000E+00  0.0000
   1.7783E-10   3.1623E-10   0.0000E+00  0.0000   0.0000E+00  0.0000   0.0000E+00  0.0000   0.0000E+00  0.0000
   3.1623E-10   5.6234E-10   0.0000E+00  0.0000   0.0000E+00  0.0000   0.0000E+00  0.0000   0.0000E+00  0.0000
   5.6234E-10   1.0000E-09   0.0000E+00  0.0000   0.0000E+00  0.0000   0.0000E+00  0.0000   0.0000E+00  0.0000
   1.0000E-09   1.7783E-09   5.4292E-07  1.0000   0.0000E+00  0.0000   0.0000E+00  0.0000   0.0000E+00  0.0000
   1.7783E-09   3.1623E-09   3.2665E-07  1.0000   0.0000E+00  0.0000   0.0000E+00  0.0000   0.0000E+00  0.0000
   3.1623E-09   5.6234E-09   4.1359E-07  1.0000   0.0000E+00  0.0000   0.0000E+00  0.0000   0.0000E+00  0.0000
   5.6234E-09   1.0000E-08   7.3448E-07  1.0000   0.0000E+00  0.0000   0.0000E+00  0.0000   0.0000E+00  0.0000
   1.0000E-08   1.7783E-08   2.3952E-05  0.8205   0.0000E+00  0.0000   0.0000E+00  0.0000   0.0000E+00  0.0000
   1.7783E-08   3.1623E-08   5.4568E-05  0.5914   0.0000E+00  0.0000   0.0000E+00  0.0000   0.0000E+00  0.0000
   3.1623E-08   5.6234E-08   2.4387E-05  0.5817   0.0000E+00  0.0000   0.0000E+00  0.0000   0.0000E+00  0.0000
   5.6234E-08   1.0000E-07   1.0850E-04  0.6402   0.0000E+00  0.0000   0.0000E+00  0.0000   0.0000E+00  0.0000
   1.0000E-07   1.7783E-07   4.4265E-05  0.7051   0.0000E+00  0.0000   0.0000E+00  0.0000   0.0000E+00  0.0000
   1.7783E-07   3.1623E-07   5.6549E-06  0.8631   0.0000E+00  0.0000   0.0000E+00  0.0000   0.0000E+00  0.0000
   3.1623E-07   5.6234E-07   0.0000E+00  0.0000   0.0000E+00  0.0000   0.0000E+00  0.0000   0.0000E+00  0.0000
   5.6234E-07   1.0000E-06   0.0000E+00  0.0000   0.0000E+00  0.0000   0.0000E+00  0.0000   0.0000E+00  0.0000
   1.0000E-06   1.7783E-06   1.6210E-04  1.0000   0.0000E+00  0.0000   0.0000E+00  0.0000   0.0000E+00  0.0000
   1.7783E-06   3.1623E-06   0.0000E+00  0.0000   0.0000E+00  0.0000   0.0000E+00  0.0000   0.0000E+00  0.0000
   3.1623E-06   5.6234E-06   0.0000E+00  0.0000   0.0000E+00  0.0000   0.0000E+00  0.0000   0.0000E+00  0.0000
   5.6234E-06   1.0000E-05   0.0000E+00  0.0000   0.0000E+00  0.0000   0.0000E+00  0.0000   0.0000E+00  0.0000
   1.0000E-05   1.7783E-05   0.0000E+00  0.0000   0.0000E+00  0.0000   0.0000E+00  0.0000   0.0000E+00  0.0000
   1.7783E-05   3.1623E-05   0.0000E+00  0.0000   0.0000E+00  0.0000   0.0000E+00  0.0000   0.0000E+00  0.0000
   3.1623E-05   5.6234E-05   1.4313E-04  0.6411   0.0000E+00  0.0000   0.0000E+00  0.0000   0.0000E+00  0.0000
   5.6234E-05   1.0000E-04   0.0000E+00  0.0000   0.0000E+00  0.0000   0.0000E+00  0.0000   0.0000E+00  0.0000
   1.0000E-04   1.7783E-04   0.0000E+00  0.0000   0.0000E+00  0.0000   0.0000E+00  0.0000   0.0000E+00  0.0000
   1.7783E-04   3.1623E-04   0.0000E+00  0.0000   0.0000E+00  0.0000   0.0000E+00  0.0000   0.0000E+00  0.0000
   3.1623E-04   5.6234E-04   0.0000E+00  0.0000   0.0000E+00  0.0000   0.0000E+00  0.0000   0.0000E+00  0.0000
   5.6234E-04   1.0000E-03   0.0000E+00  0.0000   0.0000E+00  0.0000   0.0000E+00  0.0000   0.0000E+00  0.0000
   1.0000E-03   1.7783E-03   1.9674E-05  1.0000   0.0000E+00  0.0000   0.0000E+00  0.0000   1.3656E-10  0.5765
   1.7783E-03   3.1623E-03   7.4546E-05  1.0000   0.0000E+00  0.0000   0.0000E+00  0.0000   1.9597E-10  0.5765
   3.1623E-03   5.6234E-03   5.0374E-05  0.7124   0.0000E+00  0.0000   0.0000E+00  0.0000   2.7727E-10  0.5765
   5.6234E-03   1.0000E-02   1.8971E-06  1.0000   0.0000E+00  0.0000   0.0000E+00  0.0000   3.8786E-10  0.5765
   1.0000E-02   1.7783E-02   3.8668E-05  1.0000   0.0000E+00  0.0000   0.0000E+00  0.0000   5.3826E-10  0.5765
   1.7783E-02   3.1623E-02   3.8261E-05  1.0000   0.0000E+00  0.0000   0.0000E+00  0.0000   7.5095E-10  0.5765
   3.1623E-02   5.6234E-02   6.8668E-05  0.7260   0.0000E+00  0.0000   0.0000E+00  0.0000   1.1492E-09  0.5765
   5.6234E-02   1.0000E-01   1.7459E-04  0.5776   0.0000E+00  0.0000   0.0000E+00  0.0000   1.8636E-09  0.5765
   1.0000E-01   1.7783E-01   3.6887E-04  0.5809   0.0000E+00  0.0000   0.0000E+00  0.0000   3.3003E-09  0.5765
   1.7783E-01   3.1623E-01   5.7953E-05  0.6725   0.0000E+00  0.0000   0.0000E+00  0.0000   6.7798E-09  0.5765
   3.1623E-01   5.6234E-01   3.1327E-05  1.0000   0.0000E+00  0.0000   0.0000E+00  0.0000   1.6315E-08  0.5765
   5.6234E-01   1.0000E+00   4.8263E-04  0.4420   0.0000E+00  0.0000   0.0000E+00  0.0000   4.2401E-08  0.5765
   1.0000E+00   1.7783E+00   7.4032E-04  0.4930   0.0000E+00  0.0000   0.0000E+00  0.0000   1.1127E-07  0.5765
   1.7783E+00   3.1623E+00   3.8762E-04  0.3815   0.0000E+00  0.0000   0.0000E+00  0.0000   2.9531E-07  0.5765
   3.1623E+00   5.6234E+00   2.8171E-04  0.3870   0.0000E+00  0.0000   0.0000E+00  0.0000   8.0272E-07  0.5765
   5.6234E+00   1.0000E+01   1.6243E-04  0.4574   0.0000E+00  0.0000   0.0000E+00  0.0000   1.4653E-06  0.6214
   1.0000E+01   1.7783E+01   1.4199E-04  0.5562   0.0000E+00  0.0000   0.0000E+00  0.0000   2.5694E-06  0.7171
   1.7783E+01   3.1623E+01   1.2408E-04  0.4774   0.0000E+00  0.0000   0.0000E+00  0.0000   2.3197E-06  0.7595
   3.1623E+01   5.6234E+01   2.5255E-04  0.3752   0.0000E+00  0.0000   0.0000E+00  0.0000   4.6474E-06  0.7069
   5.6234E+01   1.0000E+02   2.8061E-04  0.3390   0.0000E+00  0.0000   0.0000E+00  0.0000   1.2172E-05  0.4354
   1.0000E+02   1.7783E+02   4.2688E-04  0.2878   0.0000E+00  0.0000   0.0000E+00  0.0000   2.9515E-05  0.2816
   1.7783E+02   3.1623E+02   3.0437E-04  0.3398   0.0000E+00  0.0000   0.0000E+00  0.0000   2.3534E-05  0.3843
   3.1623E+02   5.6234E+02   1.2267E-04  0.5009   0.0000E+00  0.0000   0.0000E+00  0.0000   2.3903E-05  0.3239
   5.6234E+02   1.0000E+03   4.6337E-05  0.7272   0.0000E+00  0.0000   0.0000E+00  0.0000   1.9039E-05  0.3524
   1.0000E+03   1.7783E+03   2.7887E-05  1.0000   0.0000E+00  0.0000   0.0000E+00  0.0000   1.9632E-05  0.3633
   1.7783E+03   3.1623E+03   2.8184E-05  1.0000   0.0000E+00  0.0000   0.0000E+00  0.0000   1.8637E-05  0.3538
   3.1623E+03   5.6234E+03   0.0000E+00  0.0000   0.0000E+00  0.0000   0.0000E+00  0.0000   4.3768E-06  0.7081
   5.6234E+03   1.0000E+04   0.0000E+00  0.0000   0.0000E+00  0.0000   0.0000E+00  0.0000   2.0810E-06  1.0000
   1.0000E+04   1.7783E+04   0.0000E+00  0.0000   0.0000E+00  0.0000   0.0000E+00  0.0000   0.0000E+00  0.0000
   1.7783E+04   3.1623E+04   0.0000E+00  0.0000   0.0000E+00  0.0000   0.0000E+00  0.0000   2.4299E-06  1.0000
   3.1623E+04   5.6234E+04   0.0000E+00  0.0000   0.0000E+00  0.0000   0.0000E+00  0.0000   0.0000E+00  0.0000
   5.6234E+04   1.0000E+05   0.0000E+00  0.0000   0.0000E+00  0.0000   0.0000E+00  0.0000   0.0000E+00  0.0000

#   sum over                 5.3037E-03  0.1328   0.0000E+00  0.0000   0.0000E+00  0.0000   1.6760E-04  0.1174

'no. =  1,  reg  =    111'
msuc: {\huge Flux spectrum in open air above ground}
msdr: {\it plotted by \ANGEL \version}
msdl: {\it calculated by \PHITS  3.36}
wt: s(0.7)
\vspace{-3}
   vol  &=&   5.1200E+08 [cm^3]
e:
 
# Information for Restart Calculation
# This calculation was newly started
# istdev =  2 # 1:Batch variance, 2:History variance
# resc2  = 2.64326646025285598E-02 # Total source weight or Total source weight / maxcas
# resc3  = 7.00000000000000000E+02 # Total history number or Total batch number
# maxcas =         700 # History / Batch, only used for istdev=1
# bitrseed = 1001101010110011010110100010110110001000101001001000010111010000 # bit data of rseed
