           _________________________________________________________
          |                                                         |
          |       _/_/_/_/                                          |
          |      _/      _/                  _/_/_/_/_/_/           |
          |     _/      _/  _/      _/   _/      _/      _/_/_/_/_/ |
          |    _/_/_/_/    _/      _/   _/      _/      _/          |
          |   _/          _/_/_/_/_/   _/      _/       _/_/_/_/    |
          |  _/          _/      _/   _/      _/              _/    |
          | _/          _/      _/   _/      _/      _/_/_/_/_/     |
          |                                                         |
          |                                                         |
          |       Particle and Heavy Ion Transport code System      |
          |                      Version =  3.360                   |
          |                       developed by                      |
          |                                                         |
          |  Tatsuhiko SATO, Yosuke IWAMOTO, Shintaro HASHIMOTO,    |
          |    Tatsuhiko OGAWA, Takuya FURUTA, Shinichiro ABE,      |
          |    Takeshi KAI, Norihiro MATSUDA, Yusuke MATSUYA,       |
          |      Yuho HIRATA, Takuya SEKIKAWA, Seiki Ohnish,        |
          |                     Yao LAN (JAEA),                     |
          |  Hiroshi IWASE, Yasuhito SAKAKI, Kenta SUGIHARA (KEK),  |
          |           Nobuhiro SHIGYO (Kyushu University),          |
          |     Hunter RATLIFF (Haukeland University Hospital),     |
          |  Lembit SIHVER (University of Texas Rio Grande Valley), |
          |                  and Koji NIITA (RIST)                  |
          |                                                         |
          |                 Last Revised  2026-03-24                |
          |_________________________________________________________|

                        Starting Date = 2026-08-22
                        Starting Time = 10h 51m 49

>>> Input Echo >>>=============================================================

[ Title ]
KEK 電子陽電子入射器（linac, H02）に降り注ぐ宇宙線のシミュレーション
Cosmic-ray field on/under the KEK electron-positron injector linac
ジオメトリ出典: 05_施設図/Linac.pdf 図1.27（下流部標準断面, PDF p.34）ほか
詳細と仮定: ../linac_構成と遮蔽.md

[ Parameters ]
 icntl    =           0     # (D=0) 3:ECH 5:NOR 6:SRC 7,8:GSH 11:DSH 12:DUMP
 maxcas   =         500     # (D=10) number of particles per one batch
 maxbch   =          10     # (D=10) number of batches
 e-mode   =           2     # (D=0) 0: Normal, 1: Event generator mode Ver.1, 2: Ver.2
 irqmd    =           1     # (D=0) 0: JQMD legacy version, 1: JQMD-2.0
 negs     =           2     # (D=-1) =-1:original, =0:No, =1:EGS, =2:EGS(HE)
 mdbatima =        3000     # (D=500) max database size of ATIMA
 maxbnk   =      100000     # (D=10000) maximum bank memory length
 imevperu =           1     # (D=1) currently recommended to use iMeVperN instead of iMeVperU
 emin(12) =  1.00000000     # (D=1.e+9) cut-off energy of electron (MeV)
 emin(13) =  1.00000000     # (D=1.e+9) cut-off energy of positron (MeV)

[ Source ]
  totfact = -1.02941E+06    # (D=1.0) global factor
$ totfact = -1.02941E+06    # revised global factor by e-type = 25,26,28 or 29

 <Source> =  3.04287E-03    # weight of this sub-source
$<Source> =  3.04287E-03    # revised <source> by e-type=25,26,28 or 29
   s-type =   9             # spherical source
     proj =  neutron        # kind of incident particle         
       x0 =   0.0000        # (D=0.0) center position of x-axis [cm]
       y0 =   0.0000        # (D=0.0) center position of y-axis [cm]
       z0 =   0.0000        # (D=0.0) center position of z-axis [cm]
       r1 =   1600.0        # inner radius [cm]
       r2 =   1600.0        # outer radius [cm]
      dir =  iso            # inner direction with uniform dis. by analog
      ag1 =  -1.0000        # minimum zenith angle in cosine
      ag2 =   1.0000        # maximum zenith angle in cosine
      pg1 =   0.0000        # minimum azimuth angle in degree
      pg2 =   360.00        # maximum azimuth angle in degree
   e-type =  25             # Cosmic-ray source
      eg1 =  1.00000E-08    # minimum cutoff energy [MeV]
      eg2 =   10000.        # maximum cutoff energy [MeV]
       nm = -200            # number of energy mesh
                            # nm>0: lin, nm<0: log mesh and interpolation
#   e-type = 21             # energy distribution given by data
#      ne = -200            # number of energy bin
#  e-lower      fluence(/cm2/s/(MeV/n))
#  1.00000E-08  3.49620E+01
#  1.14815E-08  3.57466E+01
#  1.31826E-08  3.64882E+01
#  1.51356E-08  3.71749E+01
#  1.73780E-08  3.77933E+01
#  1.99526E-08  3.83289E+01
#  2.29087E-08  3.87658E+01
#  2.63027E-08  3.90872E+01
#  3.01995E-08  3.92762E+01
#  3.46737E-08  3.93159E+01
#  3.98107E-08  3.91904E+01
#  4.57088E-08  3.88860E+01
#  5.24807E-08  3.83918E+01
#  6.02560E-08  3.77011E+01
#  6.91831E-08  3.68122E+01
#  7.94328E-08  3.57292E+01
#  9.12011E-08  3.44623E+01
#  1.04713E-07  3.30273E+01
#  1.20226E-07  3.14463E+01
#  1.38038E-07  2.97460E+01
#  1.58489E-07  2.79565E+01
#  1.81970E-07  2.61091E+01
#  2.08930E-07  2.42355E+01
#  2.39883E-07  2.23659E+01
#  2.75423E-07  2.05274E+01
#  3.16228E-07  1.87438E+01
#  3.63078E-07  1.70343E+01
#  4.16869E-07  1.54136E+01
#  4.78630E-07  1.38923E+01
#  5.49541E-07  1.24768E+01
#  6.30957E-07  1.11700E+01
#  7.24436E-07  9.97192E+00
#  8.31764E-07  8.88027E+00
#  9.54993E-07  7.89091E+00
#  1.09648E-06  6.99848E+00
#  1.25893E-06  6.19676E+00
#  1.44544E-06  5.47908E+00
#  1.65959E-06  4.83859E+00
#  1.90546E-06  4.26849E+00
#  2.18776E-06  3.76218E+00
#  2.51189E-06  3.31338E+00
#  2.88403E-06  2.91621E+00
#  3.31131E-06  2.56523E+00
#  3.80189E-06  2.25543E+00
#  4.36516E-06  1.98226E+00
#  5.01187E-06  1.74159E+00
#  5.75440E-06  1.52971E+00
#  6.60693E-06  1.34330E+00
#  7.58578E-06  1.17939E+00
#  8.70964E-06  1.03532E+00
#  1.00000E-05  9.08741E-01
#  1.14815E-05  7.97571E-01
#  1.31826E-05  6.99960E-01
#  1.51356E-05  6.14275E-01
#  1.73780E-05  5.39074E-01
#  1.99526E-05  4.73085E-01
#  2.29087E-05  4.15188E-01
#  2.63027E-05  3.64397E-01
#  3.01995E-05  3.19843E-01
#  3.46737E-05  2.80764E-01
#  3.98107E-05  2.46487E-01
#  4.57088E-05  2.16425E-01
#  5.24807E-05  1.90059E-01
#  6.02560E-05  1.66936E-01
#  6.91831E-05  1.46655E-01
#  7.94328E-05  1.28866E-01
#  9.12011E-05  1.13264E-01
#  1.04713E-04  9.95786E-02
#  1.20226E-04  8.75730E-02
#  1.38038E-04  7.70406E-02
#  1.58489E-04  6.77995E-02
#  1.81970E-04  5.96905E-02
#  2.08930E-04  5.25741E-02
#  2.39883E-04  4.63277E-02
#  2.75423E-04  4.08443E-02
#  3.16228E-04  3.60297E-02
#  3.63078E-04  3.18015E-02
#  4.16869E-04  2.80875E-02
#  4.78630E-04  2.48245E-02
#  5.49541E-04  2.19570E-02
#  6.30957E-04  1.94363E-02
#  7.24436E-04  1.72199E-02
#  8.31764E-04  1.52705E-02
#  9.54993E-04  1.35553E-02
#  1.09648E-03  1.20458E-02
#  1.25893E-03  1.07167E-02
#  1.44544E-03  9.54611E-03
#  1.65959E-03  8.51471E-03
#  1.90546E-03  7.60559E-03
#  2.18776E-03  6.80392E-03
#  2.51189E-03  6.09671E-03
#  2.88403E-03  5.47254E-03
#  3.31131E-03  4.92139E-03
#  3.80189E-03  4.43444E-03
#  4.36516E-03  4.00393E-03
#  5.01187E-03  3.62299E-03
#  5.75440E-03  3.28554E-03
#  6.60693E-03  2.98614E-03
#  7.58578E-03  2.71993E-03
#  8.70964E-03  2.48254E-03
#  1.00000E-02  2.26997E-03
#  1.14815E-02  2.07861E-03
#  1.31826E-02  1.90514E-03
#  1.51356E-02  1.74657E-03
#  1.73780E-02  1.60028E-03
#  1.99526E-02  1.46407E-03
#  2.29087E-02  1.33629E-03
#  2.63027E-02  1.21605E-03
#  3.01995E-02  1.10334E-03
#  3.46737E-02  9.99037E-04
#  3.98107E-02  9.04641E-04
#  4.57088E-02  8.21654E-04
#  5.24807E-02  7.50906E-04
#  6.02560E-02  6.92121E-04
#  6.91831E-02  6.43944E-04
#  7.94328E-02  6.04290E-04
#  9.12011E-02  5.70774E-04
#  1.04713E-01  5.41139E-04
#  1.20226E-01  5.13651E-04
#  1.38038E-01  4.87313E-04
#  1.58489E-01  4.61774E-04
#  1.81970E-01  4.37059E-04
#  2.08930E-01  4.13321E-04
#  2.39883E-01  3.90699E-04
#  2.75423E-01  3.69279E-04
#  3.16228E-01  3.49086E-04
#  3.63078E-01  3.30101E-04
#  4.16869E-01  3.12269E-04
#  4.78630E-01  2.95504E-04
#  5.49541E-01  2.79694E-04
#  6.30957E-01  2.64703E-04
#  7.24436E-01  2.50376E-04
#  8.31764E-01  2.36599E-04
#  9.54993E-01  2.23627E-04
#  1.09648E+00  2.13062E-04
#  1.25893E+00  2.04634E-04
#  1.44544E+00  1.92198E-04
#  1.65959E+00  1.76677E-04
#  1.90546E+00  1.59923E-04
#  2.18776E+00  1.42431E-04
#  2.51189E+00  1.24556E-04
#  2.88403E+00  1.06802E-04
#  3.31131E+00  8.97864E-05
#  3.80189E+00  7.41294E-05
#  4.36516E+00  6.03336E-05
#  5.01187E+00  4.87123E-05
#  5.75440E+00  3.94001E-05
#  6.60693E+00  3.23154E-05
#  7.58578E+00  2.70044E-05
#  8.70964E+00  2.29875E-05
#  1.00000E+01  1.98093E-05
#  1.14815E+01  1.71575E-05
#  1.31826E+01  1.49135E-05
#  1.51356E+01  1.30622E-05
#  1.73780E+01  1.16602E-05
#  1.99526E+01  1.07901E-05
#  2.29087E+01  1.01024E-05
#  2.63027E+01  9.51191E-06
#  3.01995E+01  9.13037E-06
#  3.46737E+01  8.95063E-06
#  3.98107E+01  8.92108E-06
#  4.57088E+01  8.97132E-06
#  5.24807E+01  9.02085E-06
#  6.02560E+01  8.96021E-06
#  6.91831E+01  8.73584E-06
#  7.94328E+01  8.34657E-06
#  9.12011E+01  7.78559E-06
#  1.04713E+02  7.07405E-06
#  1.20226E+02  6.25148E-06
#  1.38038E+02  5.36563E-06
#  1.58489E+02  4.46571E-06
#  1.81970E+02  3.60295E-06
#  2.08930E+02  2.82061E-06
#  2.39883E+02  2.14307E-06
#  2.75423E+02  1.57962E-06
#  3.16228E+02  1.12978E-06
#  3.63078E+02  7.86078E-07
#  4.16869E+02  5.33796E-07
#  4.78630E+02  3.56056E-07
#  5.49541E+02  2.35094E-07
#  6.30957E+02  1.54353E-07
#  7.24436E+02  1.02056E-07
#  8.31764E+02  6.84822E-08
#  9.54993E+02  4.68362E-08
#  1.09648E+03  3.26674E-08
#  1.25893E+03  2.31832E-08
#  1.44544E+03  1.66759E-08
#  1.65959E+03  1.21089E-08
#  1.90546E+03  8.84585E-09
#  2.18776E+03  6.48481E-09
#  2.51189E+03  4.76278E-09
#  2.88403E+03  3.50105E-09
#  3.31131E+03  2.57441E-09
#  3.80189E+03  1.89315E-09
#  4.36516E+03  1.39212E-09
#  5.01187E+03  1.02363E-09
#  5.75440E+03  7.52651E-10
#  6.60693E+03  5.53395E-10
#  7.58578E+03  4.06893E-10
#  8.70964E+03  2.99184E-10
    icenv =   5             # 0>: Terrestiral GCR, D=0: Free-space GCR, <0:Free-space SEP
 solarmod =   100.00        # Solar activity W-index
    rigid =   10.924        # Cut-off rigidity in GV
  depatom =   1029.6        # Atmospheric depth in g/cm2
  environ =  0.15000        # Surrounding environment (icenv=2-4) or SPE index (icenv=-1)

 <Source> =  9.25576E-03    # weight of this sub-source
$<Source> =  9.25576E-03    # revised <source> by e-type=25,26,28 or 29
   s-type =   9             # spherical source
     proj =  muon+          # kind of incident particle         
       x0 =   0.0000        # (D=0.0) center position of x-axis [cm]
       y0 =   0.0000        # (D=0.0) center position of y-axis [cm]
       z0 =   0.0000        # (D=0.0) center position of z-axis [cm]
       r1 =   1600.0        # inner radius [cm]
       r2 =   1600.0        # outer radius [cm]
      dir =  iso            # inner direction with uniform dis. by analog
      ag1 =  -1.0000        # minimum zenith angle in cosine
      ag2 =   1.0000        # maximum zenith angle in cosine
      pg1 =   0.0000        # minimum azimuth angle in degree
      pg2 =   360.00        # maximum azimuth angle in degree
   e-type =  25             # Cosmic-ray source
      eg1 =  1.00000E-02    # minimum cutoff energy [MeV]
      eg2 =  1.00000E+08    # maximum cutoff energy [MeV]
       nm = -200            # number of energy mesh
                            # nm>0: lin, nm<0: log mesh and interpolation
#   e-type = 21             # energy distribution given by data
#      ne = -200            # number of energy bin
#  e-lower      fluence(/cm2/s/(MeV/n))
#  1.00000E-02  9.39484E-10
#  1.12202E-02  1.04396E-09
#  1.25893E-02  1.16006E-09
#  1.41254E-02  1.28905E-09
#  1.58489E-02  1.43238E-09
#  1.77828E-02  1.59163E-09
#  1.99526E-02  1.76857E-09
#  2.23872E-02  1.96516E-09
#  2.51189E-02  2.18358E-09
#  2.81838E-02  2.42624E-09
#  3.16228E-02  2.69582E-09
#  3.54813E-02  2.99531E-09
#  3.98107E-02  3.32801E-09
#  4.46684E-02  3.69758E-09
#  5.01187E-02  4.10809E-09
#  5.62341E-02  4.56406E-09
#  6.30957E-02  5.07049E-09
#  7.07946E-02  5.63293E-09
#  7.94328E-02  6.25751E-09
#  8.91251E-02  6.95106E-09
#  1.00000E-01  7.72111E-09
#  1.12202E-01  8.57603E-09
#  1.25893E-01  9.52504E-09
#  1.41254E-01  1.05784E-08
#  1.58489E-01  1.17473E-08
#  1.77828E-01  1.30443E-08
#  1.99526E-01  1.44832E-08
#  2.23872E-01  1.60792E-08
#  2.51189E-01  1.78489E-08
#  2.81838E-01  1.98109E-08
#  3.16228E-01  2.19853E-08
#  3.54813E-01  2.43945E-08
#  3.98107E-01  2.70628E-08
#  4.46684E-01  3.00168E-08
#  5.01187E-01  3.32859E-08
#  5.62341E-01  3.69017E-08
#  6.30957E-01  4.08988E-08
#  7.07946E-01  4.53148E-08
#  7.94328E-01  5.01902E-08
#  8.91251E-01  5.55689E-08
#  1.00000E+00  6.14976E-08
#  1.12202E+00  6.80267E-08
#  1.25893E+00  7.52095E-08
#  1.41254E+00  8.31025E-08
#  1.58489E+00  9.17652E-08
#  1.77828E+00  1.01259E-07
#  1.99526E+00  1.11649E-07
#  2.23872E+00  1.23000E-07
#  2.51189E+00  1.35379E-07
#  2.81838E+00  1.48853E-07
#  3.16228E+00  1.63487E-07
#  3.54813E+00  1.79345E-07
#  3.98107E+00  1.96489E-07
#  4.46684E+00  2.14975E-07
#  5.01187E+00  2.34854E-07
#  5.62341E+00  2.56174E-07
#  6.30957E+00  2.78975E-07
#  7.07946E+00  3.03292E-07
#  7.94328E+00  3.29159E-07
#  8.91251E+00  3.56607E-07
#  1.00000E+01  3.85673E-07
#  1.12202E+01  4.16404E-07
#  1.25893E+01  4.48868E-07
#  1.41254E+01  4.83157E-07
#  1.58489E+01  5.19407E-07
#  1.77828E+01  5.57801E-07
#  1.99526E+01  5.98580E-07
#  2.23872E+01  6.42051E-07
#  2.51189E+01  6.88583E-07
#  2.81838E+01  7.38600E-07
#  3.16228E+01  7.92559E-07
#  3.54813E+01  8.50922E-07
#  3.98107E+01  9.14108E-07
#  4.46684E+01  9.82440E-07
#  5.01187E+01  1.05609E-06
#  5.62341E+01  1.13500E-06
#  6.30957E+01  1.21886E-06
#  7.07946E+01  1.30706E-06
#  7.94328E+01  1.39866E-06
#  8.91251E+01  1.49244E-06
#  1.00000E+02  1.58421E-06
#  1.12202E+02  1.67189E-06
#  1.25893E+02  1.75629E-06
#  1.41254E+02  1.83572E-06
#  1.58489E+02  1.90862E-06
#  1.77828E+02  1.97361E-06
#  1.99526E+02  2.02957E-06
#  2.23872E+02  2.07566E-06
#  2.51189E+02  2.11132E-06
#  2.81838E+02  2.13626E-06
#  3.16228E+02  2.15043E-06
#  3.54813E+02  2.15397E-06
#  3.98107E+02  2.14716E-06
#  4.46684E+02  2.13041E-06
#  5.01187E+02  2.10417E-06
#  5.62341E+02  2.06895E-06
#  6.30957E+02  2.02527E-06
#  7.07946E+02  1.97364E-06
#  7.94328E+02  1.91460E-06
#  8.91251E+02  1.84867E-06
#  1.00000E+03  1.77641E-06
#  1.12202E+03  1.69837E-06
#  1.25893E+03  1.61517E-06
#  1.41254E+03  1.52746E-06
#  1.58489E+03  1.43598E-06
#  1.77828E+03  1.34149E-06
#  1.99526E+03  1.24488E-06
#  2.23872E+03  1.14706E-06
#  2.51189E+03  1.04903E-06
#  2.81838E+03  9.51797E-07
#  3.16228E+03  8.56406E-07
#  3.54813E+03  7.63866E-07
#  3.98107E+03  6.75138E-07
#  4.46684E+03  5.91090E-07
#  5.01187E+03  5.12466E-07
#  5.62341E+03  4.39858E-07
#  6.30957E+03  3.73685E-07
#  7.07946E+03  3.14180E-07
#  7.94328E+03  2.61393E-07
#  8.91251E+03  2.15200E-07
#  1.00000E+04  1.75326E-07
#  1.12202E+04  1.41368E-07
#  1.25893E+04  1.12833E-07
#  1.41254E+04  8.91676E-08
#  1.58489E+04  6.97886E-08
#  1.77828E+04  5.41149E-08
#  1.99526E+04  4.15879E-08
#  2.23872E+04  3.16894E-08
#  2.51189E+04  2.39521E-08
#  2.81838E+04  1.79661E-08
#  3.16228E+04  1.33795E-08
#  3.54813E+04  9.89702E-09
#  3.98107E+04  7.27521E-09
#  4.46684E+04  5.31689E-09
#  5.01187E+04  3.86484E-09
#  5.62341E+04  2.79543E-09
#  6.30957E+04  2.01272E-09
#  7.07946E+04  1.44312E-09
#  7.94328E+04  1.03076E-09
#  8.91251E+04  7.33672E-10
#  1.00000E+05  5.20554E-10
#  1.12202E+05  3.68280E-10
#  1.25893E+05  2.59870E-10
#  1.41254E+05  1.82939E-10
#  1.58489E+05  1.28507E-10
#  1.77828E+05  9.00973E-11
#  1.99526E+05  6.30580E-11
#  2.23872E+05  4.40644E-11
#  2.51189E+05  3.07485E-11
#  2.81838E+05  2.14293E-11
#  3.16228E+05  1.41311E-11
#  3.54813E+05  9.39484E-12
#  3.98107E+05  6.23960E-12
#  4.46684E+05  4.14022E-12
#  5.01187E+05  2.74492E-12
#  5.62341E+05  1.81851E-12
#  6.30957E+05  1.20396E-12
#  7.07946E+05  7.96624E-13
#  7.94328E+05  5.26821E-13
#  8.91251E+05  3.48230E-13
#  1.00000E+06  2.30083E-13
#  1.12202E+06  1.51964E-13
#  1.25893E+06  1.00334E-13
#  1.41254E+06  6.62250E-14
#  1.58489E+06  4.36998E-14
#  1.77828E+06  2.88292E-14
#  1.99526E+06  1.90148E-14
#  2.23872E+06  1.25391E-14
#  2.51189E+06  8.26738E-15
#  2.81838E+06  5.45007E-15
#  3.16228E+06  3.59233E-15
#  3.54813E+06  2.36754E-15
#  3.98107E+06  1.56017E-15
#  4.46684E+06  1.02802E-15
#  5.01187E+06  6.77323E-16
#  5.62341E+06  4.46227E-16
#  6.30957E+06  2.93958E-16
#  7.07946E+06  1.93637E-16
#  7.94328E+06  1.27546E-16
#  8.91251E+06  8.40085E-17
#  1.00000E+07  5.53301E-17
#  1.12202E+07  3.64404E-17
#  1.25893E+07  2.39987E-17
#  1.41254E+07  1.58045E-17
#  1.58489E+07  1.04078E-17
#  1.77828E+07  6.85378E-18
#  1.99526E+07  4.51326E-18
#  2.23872E+07  2.97195E-18
#  2.51189E+07  1.95697E-18
#  2.81838E+07  1.28861E-18
#  3.16228E+07  8.48500E-19
#  3.54813E+07  5.58698E-19
#  3.98107E+07  3.67872E-19
#  4.46684E+07  2.42222E-19
#  5.01187E+07  1.59487E-19
#  5.62341E+07  1.05011E-19
#  6.30957E+07  6.91415E-20
#  7.07946E+07  4.55241E-20
#  7.94328E+07  2.99738E-20
#  8.91251E+07  1.97351E-20
    icenv =   5             # 0>: Terrestiral GCR, D=0: Free-space GCR, <0:Free-space SEP
 solarmod =   100.00        # Solar activity W-index
    rigid =   10.924        # Cut-off rigidity in GV
  depatom =   1029.6        # Atmospheric depth in g/cm2
  environ =  0.15000        # Surrounding environment (icenv=2-4) or SPE index (icenv=-1)

 <Source> =  7.94166E-03    # weight of this sub-source
$<Source> =  7.94166E-03    # revised <source> by e-type=25,26,28 or 29
   s-type =   9             # spherical source
     proj =  muon-          # kind of incident particle         
       x0 =   0.0000        # (D=0.0) center position of x-axis [cm]
       y0 =   0.0000        # (D=0.0) center position of y-axis [cm]
       z0 =   0.0000        # (D=0.0) center position of z-axis [cm]
       r1 =   1600.0        # inner radius [cm]
       r2 =   1600.0        # outer radius [cm]
      dir =  iso            # inner direction with uniform dis. by analog
      ag1 =  -1.0000        # minimum zenith angle in cosine
      ag2 =   1.0000        # maximum zenith angle in cosine
      pg1 =   0.0000        # minimum azimuth angle in degree
      pg2 =   360.00        # maximum azimuth angle in degree
   e-type =  25             # Cosmic-ray source
      eg1 =  1.00000E-02    # minimum cutoff energy [MeV]
      eg2 =  1.00000E+08    # maximum cutoff energy [MeV]
       nm = -200            # number of energy mesh
                            # nm>0: lin, nm<0: log mesh and interpolation
#   e-type = 21             # energy distribution given by data
#      ne = -200            # number of energy bin
#  e-lower      fluence(/cm2/s/(MeV/n))
#  1.00000E-02  9.03812E-10
#  1.12202E-02  1.00563E-09
#  1.25893E-02  1.11892E-09
#  1.41254E-02  1.24496E-09
#  1.58489E-02  1.38519E-09
#  1.77828E-02  1.54121E-09
#  1.99526E-02  1.71479E-09
#  2.23872E-02  1.90791E-09
#  2.51189E-02  2.12276E-09
#  2.81838E-02  2.36177E-09
#  3.16228E-02  2.62766E-09
#  3.54813E-02  2.92345E-09
#  3.98107E-02  3.25249E-09
#  4.46684E-02  3.61848E-09
#  5.01187E-02  4.02559E-09
#  5.62341E-02  4.47838E-09
#  6.30957E-02  4.98198E-09
#  7.07946E-02  5.54203E-09
#  7.94328E-02  6.16483E-09
#  8.91251E-02  6.85736E-09
#  1.00000E-01  7.62735E-09
#  1.12202E-01  8.48338E-09
#  1.25893E-01  9.43497E-09
#  1.41254E-01  1.04926E-08
#  1.58489E-01  1.16680E-08
#  1.77828E-01  1.29741E-08
#  1.99526E-01  1.44251E-08
#  2.23872E-01  1.60368E-08
#  2.51189E-01  1.78265E-08
#  2.81838E-01  1.98135E-08
#  3.16228E-01  2.20189E-08
#  3.54813E-01  2.44660E-08
#  3.98107E-01  2.71802E-08
#  4.46684E-01  3.01897E-08
#  5.01187E-01  3.35251E-08
#  5.62341E-01  3.72198E-08
#  6.30957E-01  4.13105E-08
#  7.07946E-01  4.58369E-08
#  7.94328E-01  5.08420E-08
#  8.91251E-01  5.63725E-08
#  1.00000E+00  6.24785E-08
#  1.12202E+00  6.92137E-08
#  1.25893E+00  7.66356E-08
#  1.41254E+00  8.48050E-08
#  1.58489E+00  9.37862E-08
#  1.77828E+00  1.03647E-07
#  1.99526E+00  1.14456E-07
#  2.23872E+00  1.26287E-07
#  2.51189E+00  1.39212E-07
#  2.81838E+00  1.53305E-07
#  3.16228E+00  1.68640E-07
#  3.54813E+00  1.85288E-07
#  3.98107E+00  2.03317E-07
#  4.46684E+00  2.22790E-07
#  5.01187E+00  2.43765E-07
#  5.62341E+00  2.66293E-07
#  6.30957E+00  2.90416E-07
#  7.07946E+00  3.16168E-07
#  7.94328E+00  3.43577E-07
#  8.91251E+00  3.72662E-07
#  1.00000E+01  4.03442E-07
#  1.12202E+01  4.35936E-07
#  1.25893E+01  4.70172E-07
#  1.41254E+01  5.06192E-07
#  1.58489E+01  5.44065E-07
#  1.77828E+01  5.83893E-07
#  1.99526E+01  6.25820E-07
#  2.23872E+01  6.70039E-07
#  2.51189E+01  7.16794E-07
#  2.81838E+01  7.66372E-07
#  3.16228E+01  8.19091E-07
#  3.54813E+01  8.75272E-07
#  3.98107E+01  9.35211E-07
#  4.46684E+01  9.99128E-07
#  5.01187E+01  1.06712E-06
#  5.62341E+01  1.13911E-06
#  6.30957E+01  1.21481E-06
#  7.07946E+01  1.29368E-06
#  7.94328E+01  1.37492E-06
#  8.91251E+01  1.45748E-06
#  1.00000E+02  1.53520E-06
#  1.12202E+02  1.60598E-06
#  1.25893E+02  1.67310E-06
#  1.41254E+02  1.73516E-06
#  1.58489E+02  1.79091E-06
#  1.77828E+02  1.83927E-06
#  1.99526E+02  1.87939E-06
#  2.23872E+02  1.91063E-06
#  2.51189E+02  1.93263E-06
#  2.81838E+02  1.94525E-06
#  3.16228E+02  1.94851E-06
#  3.54813E+02  1.94264E-06
#  3.98107E+02  1.92796E-06
#  4.46684E+02  1.90487E-06
#  5.01187E+02  1.87384E-06
#  5.62341E+02  1.83535E-06
#  6.30957E+02  1.78991E-06
#  7.07946E+02  1.73800E-06
#  7.94328E+02  1.68012E-06
#  8.91251E+02  1.61677E-06
#  1.00000E+03  1.54845E-06
#  1.12202E+03  1.47568E-06
#  1.25893E+03  1.39902E-06
#  1.41254E+03  1.31903E-06
#  1.58489E+03  1.23638E-06
#  1.77828E+03  1.15173E-06
#  1.99526E+03  1.06583E-06
#  2.23872E+03  9.79474E-07
#  2.51189E+03  8.93479E-07
#  2.81838E+03  8.08693E-07
#  3.16228E+03  7.25962E-07
#  3.54813E+03  6.46106E-07
#  3.98107E+03  5.69891E-07
#  4.46684E+03  4.98000E-07
#  5.01187E+03  4.31007E-07
#  5.62341E+03  3.69354E-07
#  6.30957E+03  3.13341E-07
#  7.07946E+03  2.63113E-07
#  7.94328E+03  2.18666E-07
#  8.91251E+03  1.79855E-07
#  1.00000E+04  1.46415E-07
#  1.12202E+04  1.17982E-07
#  1.25893E+04  9.41221E-08
#  1.41254E+04  7.43544E-08
#  1.58489E+04  5.81814E-08
#  1.77828E+04  4.51092E-08
#  1.99526E+04  3.46663E-08
#  2.23872E+04  2.64171E-08
#  2.51189E+04  1.99701E-08
#  2.81838E+04  1.49824E-08
#  3.16228E+04  1.11605E-08
#  3.54813E+04  8.25819E-09
#  3.98107E+04  6.07262E-09
#  4.46684E+04  4.43966E-09
#  5.01187E+04  3.22844E-09
#  5.62341E+04  2.33605E-09
#  6.30957E+04  1.68265E-09
#  7.07946E+04  1.20694E-09
#  7.94328E+04  8.62416E-10
#  8.91251E+04  6.14086E-10
#  1.00000E+05  4.35871E-10
#  1.12202E+05  3.08482E-10
#  1.25893E+05  2.17751E-10
#  1.41254E+05  1.53340E-10
#  1.58489E+05  1.07750E-10
#  1.77828E+05  7.55668E-11
#  1.99526E+05  5.29033E-11
#  2.23872E+05  3.69783E-11
#  2.51189E+05  2.58102E-11
#  2.81838E+05  1.79920E-11
#  3.16228E+05  1.18633E-11
#  3.54813E+05  7.88897E-12
#  3.98107E+05  5.24058E-12
#  4.46684E+05  3.47801E-12
#  5.01187E+05  2.30631E-12
#  5.62341E+05  1.52818E-12
#  6.30957E+05  1.01191E-12
#  7.07946E+05  6.69641E-13
#  7.94328E+05  4.42903E-13
#  8.91251E+05  2.92795E-13
#  1.00000E+06  1.93478E-13
#  1.12202E+06  1.27799E-13
#  1.25893E+06  8.43872E-14
#  1.41254E+06  5.57043E-14
#  1.58489E+06  3.67604E-14
#  1.77828E+06  2.42529E-14
#  1.99526E+06  1.59975E-14
#  2.23872E+06  1.05500E-14
#  2.51189E+06  6.95628E-15
#  2.81838E+06  4.58598E-15
#  3.16228E+06  3.02291E-15
#  3.54813E+06  1.99235E-15
#  3.98107E+06  1.31297E-15
#  4.46684E+06  8.65168E-16
#  5.01187E+06  5.70042E-16
#  5.62341E+06  3.75560E-16
#  6.30957E+06  2.47411E-16
#  7.07946E+06  1.62979E-16
#  7.94328E+06  1.07354E-16
#  8.91251E+06  7.07107E-17
#  1.00000E+07  4.65726E-17
#  1.12202E+07  3.06732E-17
#  1.25893E+07  2.02009E-17
#  1.41254E+07  1.33036E-17
#  1.58489E+07  8.76100E-18
#  1.77828E+07  5.76936E-18
#  1.99526E+07  3.79920E-18
#  2.23872E+07  2.50177E-18
#  2.51189E+07  1.64738E-18
#  2.81838E+07  1.08476E-18
#  3.16228E+07  7.14277E-19
#  3.54813E+07  4.70321E-19
#  3.98107E+07  3.09682E-19
#  4.46684E+07  2.03908E-19
#  5.01187E+07  1.34261E-19
#  5.62341E+07  8.84013E-20
#  6.30957E+07  5.82057E-20
#  7.07946E+07  3.83239E-20
#  7.94328E+07  2.52331E-20
#  8.91251E+07  1.66138E-20
    icenv =   5             # 0>: Terrestiral GCR, D=0: Free-space GCR, <0:Free-space SEP
 solarmod =   100.00        # Solar activity W-index
    rigid =   10.924        # Cut-off rigidity in GV
  depatom =   1029.6        # Atmospheric depth in g/cm2
  environ =  0.15000        # Surrounding environment (icenv=2-4) or SPE index (icenv=-1)

 <Source> =  0.10776        # weight of this sub-source
$<Source> =  0.10776        # revised <source> by e-type=25,26,28 or 29
   s-type =   9             # spherical source
     proj =  photon         # kind of incident particle         
       x0 =   0.0000        # (D=0.0) center position of x-axis [cm]
       y0 =   0.0000        # (D=0.0) center position of y-axis [cm]
       z0 =   0.0000        # (D=0.0) center position of z-axis [cm]
       r1 =   1600.0        # inner radius [cm]
       r2 =   1600.0        # outer radius [cm]
      dir =  iso            # inner direction with uniform dis. by analog
      ag1 =  -1.0000        # minimum zenith angle in cosine
      ag2 =   1.0000        # maximum zenith angle in cosine
      pg1 =   0.0000        # minimum azimuth angle in degree
      pg2 =   360.00        # maximum azimuth angle in degree
   e-type =  25             # Cosmic-ray source
      eg1 =  1.00000E-02    # minimum cutoff energy [MeV]
      eg2 =   10000.        # maximum cutoff energy [MeV]
       nm = -200            # number of energy mesh
                            # nm>0: lin, nm<0: log mesh and interpolation
#   e-type = 21             # energy distribution given by data
#      ne = -200            # number of energy bin
#  e-lower      fluence(/cm2/s/(MeV/n))
#  1.00000E-02  1.06350E-03
#  1.07152E-02  1.49215E-03
#  1.14815E-02  2.09363E-03
#  1.23027E-02  2.93768E-03
#  1.31826E-02  4.12211E-03
#  1.41254E-02  5.78413E-03
#  1.51356E-02  8.11613E-03
#  1.62181E-02  1.13876E-02
#  1.73780E-02  1.59755E-02
#  1.86209E-02  2.24057E-02
#  1.99526E-02  3.14094E-02
#  2.13796E-02  4.39955E-02
#  2.29087E-02  6.15420E-02
#  2.45471E-02  8.58966E-02
#  2.63027E-02  1.19462E-01
#  2.81838E-02  1.65201E-01
#  3.01995E-02  2.26418E-01
#  3.23594E-02  3.06084E-01
#  3.46737E-02  4.05386E-01
#  3.71535E-02  5.21418E-01
#  3.98107E-02  6.44788E-01
#  4.26580E-02  7.59329E-01
#  4.57088E-02  8.46306E-01
#  4.89779E-02  8.92141E-01
#  5.24807E-02  8.94140E-01
#  5.62341E-02  8.59782E-01
#  6.02560E-02  8.01320E-01
#  6.45654E-02  7.30538E-01
#  6.91831E-02  6.56203E-01
#  7.41310E-02  5.83795E-01
#  7.94328E-02  5.16252E-01
#  8.51138E-02  4.54851E-01
#  9.12011E-02  3.99899E-01
#  9.77237E-02  3.51182E-01
#  1.04713E-01  3.08241E-01
#  1.12202E-01  2.70522E-01
#  1.20226E-01  2.37457E-01
#  1.28825E-01  2.08505E-01
#  1.38038E-01  1.83169E-01
#  1.47911E-01  1.61002E-01
#  1.58489E-01  1.41608E-01
#  1.69824E-01  1.24637E-01
#  1.81970E-01  1.09783E-01
#  1.94984E-01  9.67763E-02
#  2.08930E-01  8.53835E-02
#  2.23872E-01  7.53994E-02
#  2.39883E-01  6.66456E-02
#  2.57040E-01  5.89662E-02
#  2.75423E-01  5.22256E-02
#  2.95121E-01  4.63054E-02
#  3.16228E-01  4.11022E-02
#  3.38844E-01  3.65260E-02
#  3.63078E-01  3.24983E-02
#  3.89045E-01  2.89506E-02
#  4.16869E-01  2.58232E-02
#  4.46684E-01  2.30638E-02
#  4.78630E-01  1.88229E-01
#  5.12861E-01  1.84729E-02
#  5.49541E-01  1.65669E-02
#  5.88844E-01  1.48786E-02
#  6.30957E-01  1.33816E-02
#  6.76083E-01  1.20526E-02
#  7.24436E-01  1.08714E-02
#  7.76247E-01  9.82030E-03
#  8.31764E-01  8.88379E-03
#  8.91251E-01  8.04829E-03
#  9.54993E-01  7.30189E-03
#  1.02329E+00  6.63419E-03
#  1.09648E+00  6.03604E-03
#  1.17490E+00  5.49942E-03
#  1.25893E+00  5.01731E-03
#  1.34896E+00  4.58351E-03
#  1.44544E+00  4.19261E-03
#  1.54882E+00  3.83982E-03
#  1.65959E+00  3.52094E-03
#  1.77828E+00  3.23226E-03
#  1.90546E+00  2.97052E-03
#  2.04174E+00  2.73283E-03
#  2.18776E+00  2.51665E-03
#  2.34423E+00  2.31974E-03
#  2.51189E+00  2.14010E-03
#  2.69153E+00  1.97597E-03
#  2.88403E+00  1.82578E-03
#  3.09030E+00  1.68814E-03
#  3.31131E+00  1.56183E-03
#  3.54813E+00  1.44575E-03
#  3.80189E+00  1.33891E-03
#  4.07380E+00  1.24044E-03
#  4.36516E+00  1.14958E-03
#  4.67735E+00  1.06561E-03
#  5.01187E+00  9.87924E-04
#  5.37032E+00  9.15958E-04
#  5.75440E+00  8.49211E-04
#  6.16595E+00  7.87234E-04
#  6.60693E+00  7.29625E-04
#  7.07946E+00  6.76020E-04
#  7.58578E+00  6.26093E-04
#  8.12831E+00  5.79550E-04
#  8.70964E+00  5.36126E-04
#  9.33254E+00  4.95584E-04
#  1.00000E+01  4.57709E-04
#  1.07152E+01  4.22309E-04
#  1.14815E+01  3.89209E-04
#  1.23027E+01  3.58254E-04
#  1.31826E+01  3.29304E-04
#  1.41254E+01  3.02232E-04
#  1.51356E+01  2.76926E-04
#  1.62181E+01  2.53283E-04
#  1.73780E+01  2.31212E-04
#  1.86209E+01  2.10628E-04
#  1.99526E+01  1.91457E-04
#  2.13796E+01  1.73629E-04
#  2.29087E+01  1.57080E-04
#  2.45471E+01  1.41749E-04
#  2.63027E+01  1.27581E-04
#  2.81838E+01  1.14519E-04
#  3.01995E+01  1.02512E-04
#  3.23594E+01  9.15073E-05
#  3.46737E+01  8.14528E-05
#  3.71535E+01  7.22974E-05
#  3.98107E+01  6.39893E-05
#  4.26580E+01  5.64770E-05
#  4.57088E+01  4.97085E-05
#  4.89779E+01  4.36325E-05
#  5.24807E+01  3.81980E-05
#  5.62341E+01  3.33546E-05
#  6.02560E+01  2.90535E-05
#  6.45654E+01  2.52470E-05
#  6.91831E+01  2.18897E-05
#  7.41310E+01  1.89381E-05
#  7.94328E+01  1.63512E-05
#  8.51138E+01  1.40908E-05
#  9.12011E+01  1.21210E-05
#  9.77237E+01  1.04092E-05
#  1.04713E+02  8.92520E-06
#  1.12202E+02  7.64169E-06
#  1.20226E+02  6.53400E-06
#  1.28825E+02  5.57998E-06
#  1.38038E+02  4.75984E-06
#  1.47911E+02  4.05600E-06
#  1.58489E+02  3.45293E-06
#  1.69824E+02  2.93696E-06
#  1.81970E+02  2.49610E-06
#  1.94984E+02  2.11987E-06
#  2.08930E+02  1.79916E-06
#  2.23872E+02  1.52605E-06
#  2.39883E+02  1.29369E-06
#  2.57040E+02  1.09617E-06
#  2.75423E+02  9.28392E-07
#  2.95121E+02  7.85974E-07
#  3.16228E+02  6.65160E-07
#  3.38844E+02  5.62731E-07
#  3.63078E+02  4.75932E-07
#  3.89045E+02  4.02414E-07
#  4.16869E+02  3.40170E-07
#  4.46684E+02  2.87490E-07
#  4.78630E+02  2.42921E-07
#  5.12861E+02  2.05225E-07
#  5.49541E+02  1.73351E-07
#  5.88844E+02  1.46407E-07
#  6.30957E+02  1.23634E-07
#  6.76083E+02  1.04392E-07
#  7.24436E+02  8.81349E-08
#  7.76247E+02  7.44029E-08
#  8.31764E+02  6.28051E-08
#  8.91251E+02  5.30112E-08
#  9.54993E+02  4.47415E-08
#  1.02329E+03  3.77596E-08
#  1.09648E+03  3.18655E-08
#  1.17490E+03  2.68901E-08
#  1.25893E+03  2.26906E-08
#  1.34896E+03  1.91461E-08
#  1.44544E+03  1.61548E-08
#  1.54882E+03  1.36304E-08
#  1.65959E+03  1.15001E-08
#  1.77828E+03  9.70252E-09
#  1.90546E+03  8.18574E-09
#  2.04174E+03  6.90593E-09
#  2.18776E+03  5.82611E-09
#  2.34423E+03  4.91505E-09
#  2.51189E+03  4.14639E-09
#  2.69153E+03  3.49790E-09
#  2.88403E+03  2.95080E-09
#  3.09030E+03  2.48924E-09
#  3.31131E+03  2.09986E-09
#  3.54813E+03  1.77137E-09
#  3.80189E+03  1.49426E-09
#  4.07380E+03  1.26049E-09
#  4.36516E+03  1.06328E-09
#  4.67735E+03  8.96926E-10
#  5.01187E+03  7.56593E-10
#  5.37032E+03  6.38214E-10
#  5.75440E+03  5.38355E-10
#  6.16595E+03  4.54119E-10
#  6.60693E+03  3.83062E-10
#  7.07946E+03  3.23122E-10
#  7.58578E+03  2.72561E-10
#  8.12831E+03  2.29911E-10
#  8.70964E+03  1.93935E-10
#  9.33254E+03  1.63587E-10
    icenv =   5             # 0>: Terrestiral GCR, D=0: Free-space GCR, <0:Free-space SEP
 solarmod =   100.00        # Solar activity W-index
    rigid =   10.924        # Cut-off rigidity in GV
  depatom =   1029.6        # Atmospheric depth in g/cm2
  environ =  0.15000        # Surrounding environment (icenv=2-4) or SPE index (icenv=-1)

[ Material ]
MAT[ 1 ] 
           N         -7.5530000E-01
           O         -2.3180000E-01
           Ar        -1.2900000E-02
MAT[ 2 ] 
           H         -2.3000000E-02
           C         -2.3000000E-03
           O         -1.2200000E+00
           Na        -3.6800000E-02
           Mg        -5.0000000E-03
           Al        -7.8000000E-02
           Si        -7.7500000E-01
           K         -2.9900000E-02
           Ca        -1.0000000E-01
           Fe        -3.2000000E-02
MAT[ 3 ] 
           H         -4.4800000E-02
           O         -6.3360000E-01
           Si        -1.3860000E-01
           Al        -8.7000000E-02
           Fe        -6.0000000E-02
           Ca        -9.6000000E-03
           Mg        -7.8000000E-03
           K         -5.4000000E-03
           Na        -4.8000000E-03
           Ti        -7.8000000E-03
MAT[ 4 ] 
           H         -2.2400000E-02
           O         -5.4880000E-01
           Si        -1.8480000E-01
           Al        -1.1600000E-01
           Fe        -8.0000000E-02
           Ca        -1.2800000E-02
           Mg        -1.0400000E-02
           K         -7.2000000E-03
           Na        -6.4000000E-03
           Ti        -1.0400000E-02
MAT[ 5 ] 
           H         -2.2400000E-02
           O         -5.4880000E-01
           Si        -1.8480000E-01
           Al        -1.1600000E-01
           Fe        -8.0000000E-02
           Ca        -1.2800000E-02
           Mg        -1.0400000E-02
           K         -7.2000000E-03
           Na        -6.4000000E-03
           Ti        -1.0400000E-02

[ Cell ]
 100         2 -2.3500000E+00  -30 31 
 110         1 -1.2050000E-03  -31 50 
 111         1 -1.2050000E-03  -50 
 200         2 -2.3500000E+00  -40 
 210         2 -2.3500000E+00  -41 42 
 220         1 -1.2050000E-03  -42 51 
 221         1 -1.2050000E-03  -51 
 300         1 -1.2050000E-03  -52 
 310         1 -1.2050000E-03  -10 20 30 52 
 400         3 -1.3500000E+00  -10 -20 21 40 41 
 410         4 -1.6500000E+00  -10 -21 22 41 
 420         5 -1.8500000E+00  -10 -22 41 
 900         0                 10 -12 
 999        -1                 12 

[ Surface ]
 10            so    1.5000000E+03
 12            so    2.2000000E+03
 20            pz    0.0000000E+00
 21            pz   -3.0000000E+02
 22            pz   -5.0000000E+02
 30            rpp  -4.5250000E+02  4.5250000E+02 -9.2000000E+02
                     9.2000000E+02  0.0000000E+00  5.7900000E+02
 31            rpp  -4.3250000E+02  4.3250000E+02 -9.0000000E+02
                     9.0000000E+02  0.0000000E+00  5.4900000E+02
 40            rpp  -5.1250000E+02  5.1250000E+02 -1.0000000E+03
                     1.0000000E+03 -2.5000000E+02  0.0000000E+00
 41            rpp  -4.0000000E+02  4.0000000E+02 -1.0000000E+03
                     1.0000000E+03 -6.4400000E+02 -2.5000000E+02
 42            rpp  -2.5000000E+02  2.5000000E+02 -9.0000000E+02
                     9.0000000E+02 -5.6400000E+02 -2.5000000E+02
 50            rpp  -2.0000000E+02  2.0000000E+02 -6.0000000E+02
                     6.0000000E+02  5.0000000E+01  2.5000000E+02
 51            rpp  -2.0000000E+02  2.0000000E+02 -6.0000000E+02
                     6.0000000E+02 -5.3000000E+02 -3.3000000E+02
 52            rpp   5.0000000E+02  9.0000000E+02 -6.0000000E+02
                     6.0000000E+02  5.0000000E+01  2.5000000E+02

[ Volume ]
    reg        vol
    110     7.5880000E+08
    111     9.6000000E+07
    220     1.8660000E+08
    221     9.6000000E+07
    300     9.6000000E+07

[ Mat Name Color ]
   mat        name     size            color   # HSB color value
     0        void     1.00        lightgray   # { -0.800  1.000  1.000 }
     1         Air     1.00      yellowgreen   # {  0.700  1.000  1.000 }
     2    Concrete     1.00        lightgray   # { -0.800  1.000  1.000 }
     3        Loam     1.00     orangeyellow   # {  0.867  1.000  1.000 }
     4        Clay     1.00        mossgreen   # {  0.500  1.000  0.300 }
     5    Shimousa     1.00        mossgreen   # {  0.500  1.000  0.300 }

[ T-Track ]
    title = Flux spectra at measurement points [1/cm2/s]
     mesh =  reg            # mesh type is region-wise
      reg = 111 221 300 110 220
   e-type =    3            # e-mesh is log given by emin, emax and ne
     emin =  1.0000000E-09  # minimum value of e-mesh points
     emax =   1000000.      # maximum value of e-mesh points
#    edel =  0.4605170      # mesh width of e-mesh points
       ne =     75          # number of e-mesh points
#    data = ( e(i), i = 1, ne + 1 )
#           1.00000E-09  1.58489E-09  2.51189E-09  3.98107E-09  6.30957E-09
#           1.00000E-08  1.58489E-08  2.51189E-08  3.98107E-08  6.30957E-08
#           1.00000E-07  1.58489E-07  2.51189E-07  3.98107E-07  6.30957E-07
#           1.00000E-06  1.58489E-06  2.51189E-06  3.98107E-06  6.30957E-06
#           1.00000E-05  1.58489E-05  2.51189E-05  3.98107E-05  6.30957E-05
#           1.00000E-04  1.58489E-04  2.51189E-04  3.98107E-04  6.30957E-04
#           1.00000E-03  1.58489E-03  2.51189E-03  3.98107E-03  6.30957E-03
#           1.00000E-02  1.58489E-02  2.51189E-02  3.98107E-02  6.30957E-02
#           1.00000E-01  1.58489E-01  2.51189E-01  3.98107E-01  6.30957E-01
#           1.00000E+00  1.58489E+00  2.51189E+00  3.98107E+00  6.30957E+00
#           1.00000E+01  1.58489E+01  2.51189E+01  3.98107E+01  6.30957E+01
#           1.00000E+02  1.58489E+02  2.51189E+02  3.98107E+02  6.30957E+02
#           1.00000E+03  1.58489E+03  2.51189E+03  3.98107E+03  6.30957E+03
#           1.00000E+04  1.58489E+04  2.51189E+04  3.98107E+04  6.30957E+04
#           1.00000E+05  1.58489E+05  2.51189E+05  3.98107E+05  6.30957E+05
#           1.00000E+06
     unit =    1            # unit is [1/cm^2/source]
 material =  all            # (D=all) number of specific material
     axis =     eng            # axis of output
     file = spectrum_reg.out  # file name of output for the above axis
     part =  neutron    photon    ( muon+      muon-    ) 
# kf/name :  2112       22        ( -13        13       ) 
   epsout =    1            # (D=0) generate eps file by ANGEL
#    used :        main (  %)        temp (  %)       total (  %)
#  memory :          86 (  0)           0 (  0)          86 (  0)

[ T-Track ]
    title = Neutron flux vs depth, column above tunnel
     mesh =  xyz            # mesh type is xyz scoring mesh
   x-type =    2            # x-mesh is linear given by xmin, xmax and nx
     xmin =  -250.0000      # minimum value of x-mesh points
     xmax =   250.0000      # maximum value of x-mesh points
#    xdel =   500.0000      # mesh width of x-mesh points
       nx =      1          # number of x-mesh points
#    data = ( x(i), i = 1, nx + 1 )
#          -2.50000E+02  2.50000E+02
   y-type =    2            # y-mesh is linear given by ymin, ymax and ny
     ymin =  -300.0000      # minimum value of y-mesh points
     ymax =   300.0000      # maximum value of y-mesh points
#    ydel =   600.0000      # mesh width of y-mesh points
       ny =      1          # number of y-mesh points
#    data = ( y(i), i = 1, ny + 1 )
#          -3.00000E+02  3.00000E+02
   z-type =    2            # z-mesh is linear given by zmin, zmax and nz
     zmin =  -1000.000      # minimum value of z-mesh points
     zmax =   600.0000      # maximum value of z-mesh points
#    zdel =   25.00000      # mesh width of z-mesh points
       nz =     64          # number of z-mesh points
#    data = ( z(i), i = 1, nz + 1 )
#          -1.00000E+03 -9.75000E+02 -9.50000E+02 -9.25000E+02 -9.00000E+02
#          -8.75000E+02 -8.50000E+02 -8.25000E+02 -8.00000E+02 -7.75000E+02
#          -7.50000E+02 -7.25000E+02 -7.00000E+02 -6.75000E+02 -6.50000E+02
#          -6.25000E+02 -6.00000E+02 -5.75000E+02 -5.50000E+02 -5.25000E+02
#          -5.00000E+02 -4.75000E+02 -4.50000E+02 -4.25000E+02 -4.00000E+02
#          -3.75000E+02 -3.50000E+02 -3.25000E+02 -3.00000E+02 -2.75000E+02
#          -2.50000E+02 -2.25000E+02 -2.00000E+02 -1.75000E+02 -1.50000E+02
#          -1.25000E+02 -1.00000E+02 -7.50000E+01 -5.00000E+01 -2.50000E+01
#           0.00000E+00  2.50000E+01  5.00000E+01  7.50000E+01  1.00000E+02
#           1.25000E+02  1.50000E+02  1.75000E+02  2.00000E+02  2.25000E+02
#           2.50000E+02  2.75000E+02  3.00000E+02  3.25000E+02  3.50000E+02
#           3.75000E+02  4.00000E+02  4.25000E+02  4.50000E+02  4.75000E+02
#           5.00000E+02  5.25000E+02  5.50000E+02  5.75000E+02  6.00000E+02
   e-type =    1            # e-mesh is given by the below data
       ne =      3          # number of e-mesh points
#    data = ( e(i), i = 1, ne + 1 )
            1.00000E-09  1.00000E-06  1.00000E-01  1.00000E+06
     unit =    1            # unit is [1/cm^2/source]
 material =  all            # (D=all) number of specific material
     axis =       z            # axis of output
     file = depth_profile.out  # file name of output for the above axis
     part =  neutron  
# kf/name :  2112     
   epsout =    1            # (D=0) generate eps file by ANGEL
#    used :        main (  %)        temp (  %)       total (  %)
#  memory :          77 (  0)           0 (  0)          77 (  0)

[ T-Track ]
    title = Cosmic-ray neutron flux, xz section
     mesh =  xyz            # mesh type is xyz scoring mesh
   x-type =    2            # x-mesh is linear given by xmin, xmax and nx
     xmin =  -1200.000      # minimum value of x-mesh points
     xmax =   1200.000      # maximum value of x-mesh points
#    xdel =   20.00000      # mesh width of x-mesh points
       nx =    120          # number of x-mesh points
#    data = ( x(i), i = 1, nx + 1 )
#          -1.20000E+03 -1.18000E+03 -1.16000E+03 -1.14000E+03 -1.12000E+03
#          -1.10000E+03 -1.08000E+03 -1.06000E+03 -1.04000E+03 -1.02000E+03
#          -1.00000E+03 -9.80000E+02 -9.60000E+02 -9.40000E+02 -9.20000E+02
#          -9.00000E+02 -8.80000E+02 -8.60000E+02 -8.40000E+02 -8.20000E+02
#          -8.00000E+02 -7.80000E+02 -7.60000E+02 -7.40000E+02 -7.20000E+02
#          -7.00000E+02 -6.80000E+02 -6.60000E+02 -6.40000E+02 -6.20000E+02
#          -6.00000E+02 -5.80000E+02 -5.60000E+02 -5.40000E+02 -5.20000E+02
#          -5.00000E+02 -4.80000E+02 -4.60000E+02 -4.40000E+02 -4.20000E+02
#          -4.00000E+02 -3.80000E+02 -3.60000E+02 -3.40000E+02 -3.20000E+02
#          -3.00000E+02 -2.80000E+02 -2.60000E+02 -2.40000E+02 -2.20000E+02
#          -2.00000E+02 -1.80000E+02 -1.60000E+02 -1.40000E+02 -1.20000E+02
#          -1.00000E+02 -8.00000E+01 -6.00000E+01 -4.00000E+01 -2.00000E+01
#           0.00000E+00  2.00000E+01  4.00000E+01  6.00000E+01  8.00000E+01
#           1.00000E+02  1.20000E+02  1.40000E+02  1.60000E+02  1.80000E+02
#           2.00000E+02  2.20000E+02  2.40000E+02  2.60000E+02  2.80000E+02
#           3.00000E+02  3.20000E+02  3.40000E+02  3.60000E+02  3.80000E+02
#           4.00000E+02  4.20000E+02  4.40000E+02  4.60000E+02  4.80000E+02
#           5.00000E+02  5.20000E+02  5.40000E+02  5.60000E+02  5.80000E+02
#           6.00000E+02  6.20000E+02  6.40000E+02  6.60000E+02  6.80000E+02
#           7.00000E+02  7.20000E+02  7.40000E+02  7.60000E+02  7.80000E+02
#           8.00000E+02  8.20000E+02  8.40000E+02  8.60000E+02  8.80000E+02
#           9.00000E+02  9.20000E+02  9.40000E+02  9.60000E+02  9.80000E+02
#           1.00000E+03  1.02000E+03  1.04000E+03  1.06000E+03  1.08000E+03
#           1.10000E+03  1.12000E+03  1.14000E+03  1.16000E+03  1.18000E+03
#           1.20000E+03
   y-type =    2            # y-mesh is linear given by ymin, ymax and ny
     ymin =  -300.0000      # minimum value of y-mesh points
     ymax =   300.0000      # maximum value of y-mesh points
#    ydel =   600.0000      # mesh width of y-mesh points
       ny =      1          # number of y-mesh points
#    data = ( y(i), i = 1, ny + 1 )
#          -3.00000E+02  3.00000E+02
   z-type =    2            # z-mesh is linear given by zmin, zmax and nz
     zmin =  -1000.000      # minimum value of z-mesh points
     zmax =   1200.000      # maximum value of z-mesh points
#    zdel =   20.00000      # mesh width of z-mesh points
       nz =    110          # number of z-mesh points
#    data = ( z(i), i = 1, nz + 1 )
#          -1.00000E+03 -9.80000E+02 -9.60000E+02 -9.40000E+02 -9.20000E+02
#          -9.00000E+02 -8.80000E+02 -8.60000E+02 -8.40000E+02 -8.20000E+02
#          -8.00000E+02 -7.80000E+02 -7.60000E+02 -7.40000E+02 -7.20000E+02
#          -7.00000E+02 -6.80000E+02 -6.60000E+02 -6.40000E+02 -6.20000E+02
#          -6.00000E+02 -5.80000E+02 -5.60000E+02 -5.40000E+02 -5.20000E+02
#          -5.00000E+02 -4.80000E+02 -4.60000E+02 -4.40000E+02 -4.20000E+02
#          -4.00000E+02 -3.80000E+02 -3.60000E+02 -3.40000E+02 -3.20000E+02
#          -3.00000E+02 -2.80000E+02 -2.60000E+02 -2.40000E+02 -2.20000E+02
#          -2.00000E+02 -1.80000E+02 -1.60000E+02 -1.40000E+02 -1.20000E+02
#          -1.00000E+02 -8.00000E+01 -6.00000E+01 -4.00000E+01 -2.00000E+01
#           0.00000E+00  2.00000E+01  4.00000E+01  6.00000E+01  8.00000E+01
#           1.00000E+02  1.20000E+02  1.40000E+02  1.60000E+02  1.80000E+02
#           2.00000E+02  2.20000E+02  2.40000E+02  2.60000E+02  2.80000E+02
#           3.00000E+02  3.20000E+02  3.40000E+02  3.60000E+02  3.80000E+02
#           4.00000E+02  4.20000E+02  4.40000E+02  4.60000E+02  4.80000E+02
#           5.00000E+02  5.20000E+02  5.40000E+02  5.60000E+02  5.80000E+02
#           6.00000E+02  6.20000E+02  6.40000E+02  6.60000E+02  6.80000E+02
#           7.00000E+02  7.20000E+02  7.40000E+02  7.60000E+02  7.80000E+02
#           8.00000E+02  8.20000E+02  8.40000E+02  8.60000E+02  8.80000E+02
#           9.00000E+02  9.20000E+02  9.40000E+02  9.60000E+02  9.80000E+02
#           1.00000E+03  1.02000E+03  1.04000E+03  1.06000E+03  1.08000E+03
#           1.10000E+03  1.12000E+03  1.14000E+03  1.16000E+03  1.18000E+03
#           1.20000E+03
   e-type =    2            # e-mesh is linear given by emin, emax and ne
     emin =  1.0000000E-09  # minimum value of e-mesh points
     emax =   1000000.      # maximum value of e-mesh points
#    edel =   1000000.      # mesh width of e-mesh points
       ne =      1          # number of e-mesh points
#    data = ( e(i), i = 1, ne + 1 )
#           1.00000E-09  1.00000E+06
     unit =    1            # unit is [1/cm^2/source]
 material =  all            # (D=all) number of specific material
  2D-type =    3            # 1:Cont, 2:Clust, 3:Color, 4:xyz, 5:mat, 6:Clust+Cont, 7:Col+Cont
     axis =      xz            # axis of output
     file = map_xz.out      # file name of output for the above axis
     part =  neutron  
# kf/name :  2112     
    gshow =    1            # 0: no 1:bnd, 2:bnd+mat, 3:bnd+reg 4:bnd+lat 5:bmp style
    resol =    1            # (D=1) resolution of gshow or rshow
    width = 0.5000000       # (D=0.5) width of lines for gshow or rshow
   epsout =    1            # (D=0) generate eps file by ANGEL
#    used :        main (  %)        temp (  %)       total (  %)
#  memory :         240 (  0)           0 (  0)         240 (  0)

[END] of Input Echo <<<========================================================

<<< Report of real Geometry memory >>>
*           GG/CG memory =        2
*     total memory: mdas = 80000000
*                percent =     0.00 %

<<< Report of material memory for high energy>>>
*   high energy material =        1
*     total memory: mdas = 80000000
*                percent =     0.00 %

<<< Report of material memory for low energy>>>
*    low energy material =   646439
*     total memory: mdas = 80000000
*                percent =     0.81 %

<<< Report of real tally memory >>>
*      real tally memory =      403
*     total memory: mdas = 80000000
*                percent =     0.00 %

<<< Report of temporary tally memory >>>
* temporary tally memory =   646444
*     total memory: mdas = 80000000
*                percent =     0.81 %

<<< Report of total memory >>>
*      used total memory =   646445
*     total memory: mdas = 80000000
*                percent =     0.81 %
*                ---------------------

-------------------------------------------------------------------------------
bat[       1] ncas =            500.
 bitrseed = 0100001010011000001011101100011110011000110110100110010000000000
          cpu time =  44.652 s.

-------------------------------------------------------------------------------
bat[       2] ncas =           1000.
 bitrseed = 0110000011011111010000110000100111011010100111111010000000001000
          cpu time =  12.776 s.

-------------------------------------------------------------------------------
bat[       3] ncas =           1500.
 bitrseed = 0101000011000111010110101100111000100101101011010111101101011101
          cpu time =  12.906 s.

-------------------------------------------------------------------------------
bat[       4] ncas =           2000.
 bitrseed = 1000101111011001110100000100111110101111111101000011010101010010
          cpu time =  13.803 s.

-------------------------------------------------------------------------------
bat[       5] ncas =           2500.
 bitrseed = 0101100011011011110001100101110111100110110100101110100101001100
          cpu time =  13.436 s.

-------------------------------------------------------------------------------
bat[       6] ncas =           3000.
 bitrseed = 0111100010001001001110110000000011110111100111010011100011001100
          cpu time =  12.822 s.

-------------------------------------------------------------------------------
bat[       7] ncas =           3500.
 bitrseed = 0111101111011110101110001110111000001110000010010001000010100001
          cpu time =  12.639 s.

-------------------------------------------------------------------------------
bat[       8] ncas =           4000.
 bitrseed = 1001111111010011110100000100001001100110111101110011111101110011
          cpu time =  12.909 s.

-------------------------------------------------------------------------------
bat[       9] ncas =           4500.
 bitrseed = 1000101001001101001010000000111010011100000001000110000001000000
          cpu time =  13.160 s.

-------------------------------------------------------------------------------
bat[      10] ncas =           5000.
 bitrseed = 0100010001111111010001100001001110110111100100101011001100111100
          cpu time =  12.441 s.

===============================================================================

 Summary for the end of job

-------------------------------------------------------------------------------
 number of analyz call vs ncol
-------------------------------------------------------------------------------
     ncol          number
        1              1.   : start of calculation            
        2              1.   : end of calculation              
        3             10.   : end of a batch                  
        4           5000.   : source                          
        5              0.   : detection of geometry error/warn
        6              0.   : recovery from geometry warning  
        7              0.   : termination by geometry error   
        8              0.   : termination by weight cut-off   
        9              0.   : termination by time cut-off     
       10          26635.   : geometry boundary crossing      
       11          32702.   : termination by energy cut-off   
       12           5423.   : termination by escape or leakage
       13          37168.   : reaction : (n,x) type           
       14        1239952.   : reaction : (n,n'x) type         
       15            304.   : sequential transport for tally  

-------------------------------------------------------------------------------
 List of transport particles (not including source)
-------------------------------------------------------------------------------
     Name      kf-code        mass       charge   baryon
     proton       2212        938.3         1       1
     neutron      2112        939.6         0       1
     pion+         211        139.6         1       0
     pion0         111        135.0         0       0
     pion-        -211        139.6        -1       0
     muon+         -13        105.7         1       0
     muon-          13        105.7        -1       0
     kaon0         311        497.7         0       0
     electron       11          0.5        -1       0
     positron      -11          0.5         1       0
     photon         22          0.0         0       0
     deuteron  1000002       1875.6         1       2
     triton    1000003       2808.9         1       3
     3he       2000003       2808.4         2       3
     alpha     2000004       3727.4         2       4

     nu_e           12          0.0         0       0
     nu_ebar       -12          0.0         0       0
     nu_mu          14          0.0         0       0
     nu_muba       -14          0.0         0       0
     Kbar0        -311        497.7         0       0
     Lambda0      3122       1115.7         0       1
     Sigma-       3112       1197.4        -1       1
     K_S0          310        497.7         0       0

-------------------------------------------------------------------------------
 prod. particles       number        weight        weight per source
-------------------------------------------------------------------------------
     neutron          140946.     1.8940890E+04     3.8505869E+06
     proton           101559.     1.3607811E+04     2.7663991E+06
     photon             9978.     2.3577942E+03     4.7932761E+05
     positron           2454.     8.8442541E+02     1.7979921E+05
     other              1964.     5.2556513E+02     1.0684473E+05
     electron           1308.     2.6919611E+02     5.4726206E+04
     deuteron           1190.     1.5083846E+02     3.0664695E+04
     alpha               964.     1.2078561E+02     2.4555103E+04
     muon+               142.     3.9356073E+01     8.0008904E+03
     muon-               129.     3.2878138E+01     6.6839590E+03
     triton               70.     9.2925553E+00     1.8891294E+03
     3he                  52.     7.4688661E+00     1.5183827E+03
     pion+                40.     7.4815306E+00     1.5209573E+03
     pion0                40.     9.1579971E+00     1.8617744E+03
     pion-                36.     6.5298614E+00     1.3274878E+03
     kaon0                 2.     5.7850150E-01     1.1760642E+02

-------------------------------------------------------------------------------
 the other kind of produced particles
-------------------------------------------------------------------------------
     Name      kf-code        number     mass       charge   baryon
     nu_mu          14           572       0.0         0       0
     nu_muba       -14           515       0.0         0       0
     nu_e           12           515       0.0         0       0
     nu_ebar       -12           356       0.0         0       0
     Sigma-       3112             2    1197.4        -1       1
     K_S0          310             2     497.7         0       0
     Lambda0      3122             1    1115.7         0       1
     Kbar0        -311             1     497.7         0       0

-------------------------------------------------------------------------------
 the other kind of particles into JAM
-------------------------------------------------------------------------------
     Name      kf-code        number     mass       charge   baryon
     Sigma-       3112            70    1197.4        -1       1
     K_L0          130            38     497.7         0       0
     K_S0          310            20     497.7         0       0

-------------------------------------------------------------------------------
 particle decays       number        weight        weight per source
-------------------------------------------------------------------------------
     positron           1725.     6.7890420E+02     1.3801779E+05
     muon+               515.     1.4724660E+02     2.9934489E+04
     muon-               356.     8.8353505E+01     1.7961820E+04
     pion0                40.     9.1579971E+00     1.8617744E+03
     pion+                18.     3.4889803E+00     7.0929202E+02
     other                 2.     5.7850150E-01     1.1760642E+02

-------------------------------------------------------------------------------
 the other kind of decay particles
-------------------------------------------------------------------------------
     K_S0    ->  pi0     +  pi0                            1
     Lambda0 ->  n0      +  pi0                            1

-------------------------------------------------------------------------------
 stop. particles.    number        weight        weight per source
-------------------------------------------------------------------------------
     electron         305952.     1.2109268E+05     2.4617528E+07
     proton           101380.     1.3584188E+04     2.7615967E+06
     nucleus           40418.     5.4774559E+03     1.1135390E+06
     positron           1733.     6.8109500E+02     1.3846317E+05
     deuteron           1180.     1.4969338E+02     3.0431906E+04
     alpha               964.     1.2078561E+02     2.4555103E+04
     photon              121.     4.4293316E+01     9.0046068E+03
     triton               70.     9.2925553E+00     1.8891294E+03
     3he                  52.     7.4688661E+00     1.5183827E+03
     neutron               1.     9.5092470E-02     1.9331818E+01
     other                 1.     2.8925075E-01     5.8803212E+01

-------------------------------------------------------------------------------
 the other kind of stopped particles
-------------------------------------------------------------------------------
     Name      kf-code        number     mass       charge   baryon
     nu_e           12             1       0.0         0       0

-------------------------------------------------------------------------------
 leak. particles       number        weight        weight per source
-------------------------------------------------------------------------------
     other              1957.     5.2354038E+02     1.0643311E+05
     photon             1261.     2.1349450E+03     4.3402351E+05
     neutron             795.     7.7670837E+01     1.5790088E+04
     muon-               696.     1.7273607E+02     3.5116368E+04
     muon+               693.     2.0045077E+02     4.0750626E+04
     electron             10.     2.6050403E+00     5.2959150E+02
     proton                7.     6.6564729E-01     1.3532272E+02
     positron              4.     9.6284471E-01     1.9574145E+02

-------------------------------------------------------------------------------
 the other kind of leakage particles
-------------------------------------------------------------------------------
     Name      kf-code        number     mass       charge   baryon
     nu_mu          14           572       0.0         0       0
     nu_muba       -14           515       0.0         0       0
     nu_e           12           514       0.0         0       0
     nu_ebar       -12           356       0.0         0       0

-------------------------------------------------------------------------------
 source: maxcas    maxbch      irskip   average weight          total source
-------------------------------------------------------------------------------
         500          10           0    9.8379233E-07    4.9189616672840E-03

-------------------------------------------------------------------------------
 used ATIMA database
-------------------------------------------------------------------------------
     for dedx  =      300 / mdbatima =     3000

-------------------------------------------------------------------------------
 Geometry error summary
-------------------------------------------------------------------------------
 Number of lost particles     =     0 / nlost =       10
 Number of geometry recovering =     0
 Number of unrecovered errors =     0

-------------------------------------------------------------------------------
 initial random seed:
   bitrseed = 0100001010011000001011101100011110011000110110100110010000000000
 next initial random seed:
   bitrseed = 1101111111001101100001000101010101010011110110101000101010011110

-------------------------------------------------------------------------------
 job termination date : 2026/08/22
                 time :   10:54:36

-------------------------------------------------------------------------------
    CPU time and number of event called in PHITS
-------------------------------------------------------------------------------

                             sec
total cpu time =          166.91


                           count
      analysis =        1347194.  : data processing
         nevap =           5697.  : evaporation
        dexgam =           3406.  : de-excitation
         nreac =        1277122.  : atomic and nuclear reactions
         dklos =           2656.  : particle decay
         hydro =              6.  : nucleon-nucleon scattering
        n-data =         137707.  : neutron data library
        h-data =              0.  : p, d, a data library
        p-data =              0.  : photon data library
        e-data =              0.  : electron data library
        p-egs5 =         157892.  : photon interaction with EGS5
        e-egs5 =         974964.  : electron interaction with EGS5
      e-tsmode =              0.  : electron track structure mode
    ion-tsmode =              0.  : ion track structure mode
     photonucl =              0.  : photo-nuclear reaction
 photonucl lib =              0.  : photo-nuclear reaction with library
       mu-reac =             16.  : muon-induced nuclear reaction
       mu-brem =             16.  : muon-induced bremsstrahlung
       mu-pprd =            221.  : muon-induced pair production
        mu-cap =            198.  : muon capture in nucleus
         elast =           1982.  : elastic scattering
         ncasc =           5967.  : nuclear reaction model

       bertini =              0.  : Bertini model
        isobar =              0.  : isobar model
           JAM =            166.  : JAM model
           QMD =              0.  : JQMD model
        JAMQMD =              0.  : JAMQMD model
          INCL =           5801.  : INCL model
        INCELF =              0.  : INCELF model
     frag data =              0.  : user defined cross section
       SCINFUL =              0.  : SCINFUL mode

>>> Citation Request >>>=======================================================

 This execution uses model(s) that must be explicitly cited in addition to
 the PHITS original document: T.Sato et al., J.Nucl.Sci.Technol.61, 127-135 (2024).
 Please refer the following document(s) in your publication using this result

 The INCL model:
    A. Boudard et al., Phys. Rev C87, 014606 (2013).

 The EGS5 code:
    H. Hirayama et al., SLAC-R-730 (2005) and KEK Report 2005-8 (2005)

 The KUROTAMA model:
    K. Iida, A. Kohama, and K. Oyamatsu, J. Phys. Soc. Japan 76, 044201 (2007).

 END 
