[ T-Track ]
    title = Flux spectra at measurement points [1/cm2/s]
     mesh =  reg            # mesh type is region-wise
      reg = 111 221 300 110 220
   e-type =    3            # e-mesh is log given by emin, emax and ne
     emin =  1.0000000E-09  # minimum value of e-mesh points
     emax =   1000000.      # maximum value of e-mesh points
#    edel =  0.4605170      # mesh width of e-mesh points
       ne =     75          # number of e-mesh points
#    data = ( e(i), i = 1, ne + 1 )
#           1.00000E-09  1.58489E-09  2.51189E-09  3.98107E-09  6.30957E-09
#           1.00000E-08  1.58489E-08  2.51189E-08  3.98107E-08  6.30957E-08
#           1.00000E-07  1.58489E-07  2.51189E-07  3.98107E-07  6.30957E-07
#           1.00000E-06  1.58489E-06  2.51189E-06  3.98107E-06  6.30957E-06
#           1.00000E-05  1.58489E-05  2.51189E-05  3.98107E-05  6.30957E-05
#           1.00000E-04  1.58489E-04  2.51189E-04  3.98107E-04  6.30957E-04
#           1.00000E-03  1.58489E-03  2.51189E-03  3.98107E-03  6.30957E-03
#           1.00000E-02  1.58489E-02  2.51189E-02  3.98107E-02  6.30957E-02
#           1.00000E-01  1.58489E-01  2.51189E-01  3.98107E-01  6.30957E-01
#           1.00000E+00  1.58489E+00  2.51189E+00  3.98107E+00  6.30957E+00
#           1.00000E+01  1.58489E+01  2.51189E+01  3.98107E+01  6.30957E+01
#           1.00000E+02  1.58489E+02  2.51189E+02  3.98107E+02  6.30957E+02
#           1.00000E+03  1.58489E+03  2.51189E+03  3.98107E+03  6.30957E+03
#           1.00000E+04  1.58489E+04  2.51189E+04  3.98107E+04  6.30957E+04
#           1.00000E+05  1.58489E+05  2.51189E+05  3.98107E+05  6.30957E+05
#           1.00000E+06
     unit =    1            # unit is [1/cm^2/source]
 material =  all            # (D=all) number of specific material
     axis =     eng            # axis of output
     file = spectrum_reg.out  # file name of output for the above axis
     part =  neutron    photon    ( muon+      muon-    ) 
# kf/name :  2112       22        ( -13        13       ) 
   epsout =    1            # (D=0) generate eps file by ANGEL
#    used :        main (  %)        temp (  %)       total (  %)
#  memory :          86 (  0)           0 (  0)          86 (  0)

#------------------------------------------------------------------------------
#newpage:
#   no. =  1   reg =    111

x: Energy [MeV/n]
y: Flux [1/cm^2/source]              
p: xlog ylog afac(0.8) form(0.9)
h: n            x            y(neutron ),hh0l n  y(photon  ),hh0dr n  y(p3-group),hh0ub n  
#  e-lower      e-upper        neutron   r.err      photon    r.err      p3-group  r.err 
   1.0000E-09   1.5849E-09   0.0000E+00  0.0000   0.0000E+00  0.0000   0.0000E+00  0.0000
   1.5849E-09   2.5119E-09   0.0000E+00  0.0000   0.0000E+00  0.0000   0.0000E+00  0.0000
   2.5119E-09   3.9811E-09   0.0000E+00  0.0000   0.0000E+00  0.0000   0.0000E+00  0.0000
   3.9811E-09   6.3096E-09   0.0000E+00  0.0000   0.0000E+00  0.0000   0.0000E+00  0.0000
   6.3096E-09   1.0000E-08   4.6397E-06  1.0000   0.0000E+00  0.0000   0.0000E+00  0.0000
   1.0000E-08   1.5849E-08   1.0286E-04  0.7164   0.0000E+00  0.0000   0.0000E+00  0.0000
   1.5849E-08   2.5119E-08   2.7184E-04  0.4614   0.0000E+00  0.0000   0.0000E+00  0.0000
   2.5119E-08   3.9811E-08   6.0305E-04  0.4094   0.0000E+00  0.0000   0.0000E+00  0.0000
   3.9811E-08   6.3096E-08   1.9426E-04  0.4410   0.0000E+00  0.0000   0.0000E+00  0.0000
   6.3096E-08   1.0000E-07   4.2971E-04  0.4166   0.0000E+00  0.0000   0.0000E+00  0.0000
   1.0000E-07   1.5849E-07   1.1225E-04  0.8592   0.0000E+00  0.0000   0.0000E+00  0.0000
   1.5849E-07   2.5119E-07   6.4825E-05  1.0000   0.0000E+00  0.0000   0.0000E+00  0.0000
   2.5119E-07   3.9811E-07   5.9058E-05  1.0000   0.0000E+00  0.0000   0.0000E+00  0.0000
   3.9811E-07   6.3096E-07   0.0000E+00  0.0000   0.0000E+00  0.0000   0.0000E+00  0.0000
   6.3096E-07   1.0000E-06   9.4793E-05  1.0000   0.0000E+00  0.0000   0.0000E+00  0.0000
   1.0000E-06   1.5849E-06   8.9734E-05  1.0000   0.0000E+00  0.0000   0.0000E+00  0.0000
   1.5849E-06   2.5119E-06   0.0000E+00  0.0000   0.0000E+00  0.0000   0.0000E+00  0.0000
   2.5119E-06   3.9811E-06   2.8655E-05  1.0000   0.0000E+00  0.0000   0.0000E+00  0.0000
   3.9811E-06   6.3096E-06   3.9143E-05  0.7144   0.0000E+00  0.0000   0.0000E+00  0.0000
   6.3096E-06   1.0000E-05   1.8977E-05  1.0000   0.0000E+00  0.0000   0.0000E+00  0.0000
   1.0000E-05   1.5849E-05   1.6345E-05  1.0000   0.0000E+00  0.0000   0.0000E+00  0.0000
   1.5849E-05   2.5119E-05   1.3759E-05  1.0000   0.0000E+00  0.0000   0.0000E+00  0.0000
   2.5119E-05   3.9811E-05   1.7168E-04  0.6896   0.0000E+00  0.0000   0.0000E+00  0.0000
   3.9811E-05   6.3096E-05   0.0000E+00  0.0000   0.0000E+00  0.0000   0.0000E+00  0.0000
   6.3096E-05   1.0000E-04   4.7866E-05  1.0000   0.0000E+00  0.0000   0.0000E+00  0.0000
   1.0000E-04   1.5849E-04   7.3471E-05  0.7128   0.0000E+00  0.0000   0.0000E+00  0.0000
   1.5849E-04   2.5119E-04   7.9847E-05  1.0000   0.0000E+00  0.0000   0.0000E+00  0.0000
   2.5119E-04   3.9811E-04   7.7114E-05  0.7363   0.0000E+00  0.0000   0.0000E+00  0.0000
   3.9811E-04   6.3096E-04   1.2316E-04  0.7718   0.0000E+00  0.0000   0.0000E+00  0.0000
   6.3096E-04   1.0000E-03   2.5599E-04  0.7530   0.0000E+00  0.0000   0.0000E+00  0.0000
   1.0000E-03   1.5849E-03   0.0000E+00  0.0000   0.0000E+00  0.0000   0.0000E+00  0.0000
   1.5849E-03   2.5119E-03   0.0000E+00  0.0000   0.0000E+00  0.0000   0.0000E+00  0.0000
   2.5119E-03   3.9811E-03   5.9636E-05  1.0000   0.0000E+00  0.0000   0.0000E+00  0.0000
   3.9811E-03   6.3096E-03   1.8126E-04  1.0000   0.0000E+00  0.0000   0.0000E+00  0.0000
   6.3096E-03   1.0000E-02   0.0000E+00  0.0000   0.0000E+00  0.0000   0.0000E+00  0.0000
   1.0000E-02   1.5849E-02   0.0000E+00  0.0000   0.0000E+00  0.0000   0.0000E+00  0.0000
   1.5849E-02   2.5119E-02   3.5470E-05  1.0000   0.0000E+00  0.0000   0.0000E+00  0.0000
   2.5119E-02   3.9811E-02   1.8626E-04  0.5942   0.0000E+00  0.0000   0.0000E+00  0.0000
   3.9811E-02   6.3096E-02   4.1568E-05  1.0000   1.0362E-04  0.7120   0.0000E+00  0.0000
   6.3096E-02   1.0000E-01   1.7105E-05  1.0000   2.7902E-03  0.5718   0.0000E+00  0.0000
   1.0000E-01   1.5849E-01   2.0373E-04  0.7294   4.2680E-03  0.4678   0.0000E+00  0.0000
   1.5849E-01   2.5119E-01   4.0849E-05  1.0000   4.6961E-03  0.4884   0.0000E+00  0.0000
   2.5119E-01   3.9811E-01   0.0000E+00  0.0000   3.5926E-03  0.6652   0.0000E+00  0.0000
   3.9811E-01   6.3096E-01   2.1906E-04  0.5996   5.6395E-03  0.8142   0.0000E+00  0.0000
   6.3096E-01   1.0000E+00   1.9713E-04  0.5127   2.2857E-03  0.7692   0.0000E+00  0.0000
   1.0000E+00   1.5849E+00   8.8328E-05  0.7087   8.2392E-05  0.5955   0.0000E+00  0.0000
   1.5849E+00   2.5119E+00   3.3693E-04  0.4102   2.0975E-03  0.7490   0.0000E+00  0.0000
   2.5119E+00   3.9811E+00   1.4249E-04  0.6190   2.8954E-03  0.6054   0.0000E+00  0.0000
   3.9811E+00   6.3096E+00   1.0811E-04  1.0000   2.8932E-03  0.6920   0.0000E+00  0.0000
   6.3096E+00   1.0000E+01   3.1891E-04  0.4652   1.1315E-03  0.9209   0.0000E+00  0.0000
   1.0000E+01   1.5849E+01   0.0000E+00  0.0000   5.7899E-03  0.5948   0.0000E+00  0.0000
   1.5849E+01   2.5119E+01   1.6329E-04  0.5981   2.7384E-03  0.9387   0.0000E+00  0.0000
   2.5119E+01   3.9811E+01   1.2221E-04  0.7102   0.0000E+00  0.0000   0.0000E+00  0.0000
   3.9811E+01   6.3096E+01   1.2151E-04  0.7112   3.5541E-04  1.0000   1.1469E-04  1.0000
   6.3096E+01   1.0000E+02   2.5638E-04  0.4546   3.3468E-04  1.0000   1.9291E-05  0.8038
   1.0000E+02   1.5849E+02   4.2625E-04  0.3394   0.0000E+00  0.0000   3.1756E-04  0.7187
   1.5849E+02   2.5119E+02   1.7789E-04  0.4787   0.0000E+00  0.0000   5.2650E-04  0.5101
   2.5119E+02   3.9811E+02   9.4339E-05  0.5735   0.0000E+00  0.0000   1.0009E-03  0.3411
   3.9811E+02   6.3096E+02   1.3041E-04  0.5778   0.0000E+00  0.0000   1.0628E-03  0.3661
   6.3096E+02   1.0000E+03   4.6598E-05  1.0000   0.0000E+00  0.0000   9.6040E-04  0.3815
   1.0000E+03   1.5849E+03   0.0000E+00  0.0000   0.0000E+00  0.0000   4.6969E-04  0.4646
   1.5849E+03   2.5119E+03   0.0000E+00  0.0000   0.0000E+00  0.0000   1.5230E-03  0.3040
   2.5119E+03   3.9811E+03   0.0000E+00  0.0000   0.0000E+00  0.0000   1.8942E-03  0.2637
   3.9811E+03   6.3096E+03   0.0000E+00  0.0000   0.0000E+00  0.0000   2.8220E-03  0.2146
   6.3096E+03   1.0000E+04   0.0000E+00  0.0000   0.0000E+00  0.0000   1.1632E-03  0.3097
   1.0000E+04   1.5849E+04   0.0000E+00  0.0000   0.0000E+00  0.0000   1.2025E-03  0.3497
   1.5849E+04   2.5119E+04   0.0000E+00  0.0000   0.0000E+00  0.0000   7.2599E-04  0.4005
   2.5119E+04   3.9811E+04   0.0000E+00  0.0000   0.0000E+00  0.0000   7.0841E-04  0.5200
   3.9811E+04   6.3096E+04   0.0000E+00  0.0000   0.0000E+00  0.0000   7.3827E-04  0.4461
   6.3096E+04   1.0000E+05   0.0000E+00  0.0000   0.0000E+00  0.0000   1.5167E-04  1.0000
   1.0000E+05   1.5849E+05   0.0000E+00  0.0000   0.0000E+00  0.0000   0.0000E+00  0.0000
   1.5849E+05   2.5119E+05   0.0000E+00  0.0000   0.0000E+00  0.0000   0.0000E+00  0.0000
   2.5119E+05   3.9811E+05   0.0000E+00  0.0000   0.0000E+00  0.0000   2.8806E-05  1.0000
   3.9811E+05   6.3096E+05   0.0000E+00  0.0000   0.0000E+00  0.0000   0.0000E+00  0.0000
   6.3096E+05   1.0000E+06   0.0000E+00  0.0000   0.0000E+00  0.0000   0.0000E+00  0.0000

#   sum over                 6.6888E-03  0.1474   4.1694E-02  0.4272   1.5430E-02  0.0924

'no. =  1,  reg  =    111'
msuc: {\huge Flux spectra at measurement points [1/cm2/s]}
msdr: {\it plotted by \ANGEL \version}
msdl: {\it calculated by \PHITS  3.36}
wt: s(0.7)
\vspace{-3}
   vol  &=&   9.6000E+07 [cm^3]
e:

#------------------------------------------------------------------------------
 newpage:
#   no. =  2   reg =    221

x: Energy [MeV/n]
y: Flux [1/cm^2/source]              
p: xlog ylog afac(0.8) form(0.9)
h: n            x            y(neutron ),hh0l n  y(photon  ),hh0dr n  y(p3-group),hh0ub n  
#  e-lower      e-upper        neutron   r.err      photon    r.err      p3-group  r.err 
   1.0000E-09   1.5849E-09   0.0000E+00  0.0000   0.0000E+00  0.0000   0.0000E+00  0.0000
   1.5849E-09   2.5119E-09   0.0000E+00  0.0000   0.0000E+00  0.0000   0.0000E+00  0.0000
   2.5119E-09   3.9811E-09   0.0000E+00  0.0000   0.0000E+00  0.0000   0.0000E+00  0.0000
   3.9811E-09   6.3096E-09   0.0000E+00  0.0000   0.0000E+00  0.0000   0.0000E+00  0.0000
   6.3096E-09   1.0000E-08   0.0000E+00  0.0000   0.0000E+00  0.0000   0.0000E+00  0.0000
   1.0000E-08   1.5849E-08   0.0000E+00  0.0000   0.0000E+00  0.0000   0.0000E+00  0.0000
   1.5849E-08   2.5119E-08   0.0000E+00  0.0000   0.0000E+00  0.0000   0.0000E+00  0.0000
   2.5119E-08   3.9811E-08   0.0000E+00  0.0000   0.0000E+00  0.0000   0.0000E+00  0.0000
   3.9811E-08   6.3096E-08   0.0000E+00  0.0000   0.0000E+00  0.0000   0.0000E+00  0.0000
   6.3096E-08   1.0000E-07   0.0000E+00  0.0000   0.0000E+00  0.0000   0.0000E+00  0.0000
   1.0000E-07   1.5849E-07   0.0000E+00  0.0000   0.0000E+00  0.0000   0.0000E+00  0.0000
   1.5849E-07   2.5119E-07   0.0000E+00  0.0000   0.0000E+00  0.0000   0.0000E+00  0.0000
   2.5119E-07   3.9811E-07   0.0000E+00  0.0000   0.0000E+00  0.0000   0.0000E+00  0.0000
   3.9811E-07   6.3096E-07   0.0000E+00  0.0000   0.0000E+00  0.0000   0.0000E+00  0.0000
   6.3096E-07   1.0000E-06   0.0000E+00  0.0000   0.0000E+00  0.0000   0.0000E+00  0.0000
   1.0000E-06   1.5849E-06   0.0000E+00  0.0000   0.0000E+00  0.0000   0.0000E+00  0.0000
   1.5849E-06   2.5119E-06   0.0000E+00  0.0000   0.0000E+00  0.0000   0.0000E+00  0.0000
   2.5119E-06   3.9811E-06   0.0000E+00  0.0000   0.0000E+00  0.0000   0.0000E+00  0.0000
   3.9811E-06   6.3096E-06   0.0000E+00  0.0000   0.0000E+00  0.0000   0.0000E+00  0.0000
   6.3096E-06   1.0000E-05   0.0000E+00  0.0000   0.0000E+00  0.0000   0.0000E+00  0.0000
   1.0000E-05   1.5849E-05   0.0000E+00  0.0000   0.0000E+00  0.0000   0.0000E+00  0.0000
   1.5849E-05   2.5119E-05   0.0000E+00  0.0000   0.0000E+00  0.0000   0.0000E+00  0.0000
   2.5119E-05   3.9811E-05   0.0000E+00  0.0000   0.0000E+00  0.0000   0.0000E+00  0.0000
   3.9811E-05   6.3096E-05   0.0000E+00  0.0000   0.0000E+00  0.0000   0.0000E+00  0.0000
   6.3096E-05   1.0000E-04   0.0000E+00  0.0000   0.0000E+00  0.0000   0.0000E+00  0.0000
   1.0000E-04   1.5849E-04   0.0000E+00  0.0000   0.0000E+00  0.0000   0.0000E+00  0.0000
   1.5849E-04   2.5119E-04   2.9481E-05  1.0000   0.0000E+00  0.0000   0.0000E+00  0.0000
   2.5119E-04   3.9811E-04   0.0000E+00  0.0000   0.0000E+00  0.0000   0.0000E+00  0.0000
   3.9811E-04   6.3096E-04   0.0000E+00  0.0000   0.0000E+00  0.0000   0.0000E+00  0.0000
   6.3096E-04   1.0000E-03   7.9979E-06  1.0000   0.0000E+00  0.0000   0.0000E+00  0.0000
   1.0000E-03   1.5849E-03   0.0000E+00  0.0000   0.0000E+00  0.0000   0.0000E+00  0.0000
   1.5849E-03   2.5119E-03   0.0000E+00  0.0000   0.0000E+00  0.0000   0.0000E+00  0.0000
   2.5119E-03   3.9811E-03   0.0000E+00  0.0000   0.0000E+00  0.0000   0.0000E+00  0.0000
   3.9811E-03   6.3096E-03   0.0000E+00  0.0000   0.0000E+00  0.0000   0.0000E+00  0.0000
   6.3096E-03   1.0000E-02   0.0000E+00  0.0000   0.0000E+00  0.0000   0.0000E+00  0.0000
   1.0000E-02   1.5849E-02   0.0000E+00  0.0000   0.0000E+00  0.0000   0.0000E+00  0.0000
   1.5849E-02   2.5119E-02   0.0000E+00  0.0000   0.0000E+00  0.0000   0.0000E+00  0.0000
   2.5119E-02   3.9811E-02   0.0000E+00  0.0000   0.0000E+00  0.0000   0.0000E+00  0.0000
   3.9811E-02   6.3096E-02   0.0000E+00  0.0000   2.3093E-04  1.0000   0.0000E+00  0.0000
   6.3096E-02   1.0000E-01   0.0000E+00  0.0000   5.1709E-04  0.6133   0.0000E+00  0.0000
   1.0000E-01   1.5849E-01   0.0000E+00  0.0000   4.6513E-04  0.5289   0.0000E+00  0.0000
   1.5849E-01   2.5119E-01   4.8822E-05  1.0000   0.0000E+00  0.0000   0.0000E+00  0.0000
   2.5119E-01   3.9811E-01   0.0000E+00  0.0000   5.7151E-05  1.0000   0.0000E+00  0.0000
   3.9811E-01   6.3096E-01   0.0000E+00  0.0000   2.7293E-04  0.7092   0.0000E+00  0.0000
   6.3096E-01   1.0000E+00   0.0000E+00  0.0000   0.0000E+00  0.0000   0.0000E+00  0.0000
   1.0000E+00   1.5849E+00   0.0000E+00  0.0000   2.3484E-04  0.6662   0.0000E+00  0.0000
   1.5849E+00   2.5119E+00   0.0000E+00  0.0000   0.0000E+00  0.0000   0.0000E+00  0.0000
   2.5119E+00   3.9811E+00   0.0000E+00  0.0000   0.0000E+00  0.0000   0.0000E+00  0.0000
   3.9811E+00   6.3096E+00   0.0000E+00  0.0000   1.9098E-05  1.0000   0.0000E+00  0.0000
   6.3096E+00   1.0000E+01   0.0000E+00  0.0000   1.3102E-04  1.0000   0.0000E+00  0.0000
   1.0000E+01   1.5849E+01   0.0000E+00  0.0000   0.0000E+00  0.0000   0.0000E+00  0.0000
   1.5849E+01   2.5119E+01   0.0000E+00  0.0000   0.0000E+00  0.0000   0.0000E+00  0.0000
   2.5119E+01   3.9811E+01   0.0000E+00  0.0000   0.0000E+00  0.0000   0.0000E+00  0.0000
   3.9811E+01   6.3096E+01   0.0000E+00  0.0000   0.0000E+00  0.0000   0.0000E+00  0.0000
   6.3096E+01   1.0000E+02   0.0000E+00  0.0000   0.0000E+00  0.0000   2.4412E-04  0.7190
   1.0000E+02   1.5849E+02   0.0000E+00  0.0000   0.0000E+00  0.0000   1.1020E-04  1.0000
   1.5849E+02   2.5119E+02   0.0000E+00  0.0000   0.0000E+00  0.0000   3.6929E-04  0.5776
   2.5119E+02   3.9811E+02   0.0000E+00  0.0000   0.0000E+00  0.0000   4.4986E-04  0.6044
   3.9811E+02   6.3096E+02   0.0000E+00  0.0000   0.0000E+00  0.0000   8.1595E-04  0.4515
   6.3096E+02   1.0000E+03   0.0000E+00  0.0000   0.0000E+00  0.0000   9.2004E-04  0.4161
   1.0000E+03   1.5849E+03   0.0000E+00  0.0000   0.0000E+00  0.0000   1.1043E-03  0.3415
   1.5849E+03   2.5119E+03   0.0000E+00  0.0000   0.0000E+00  0.0000   1.3983E-03  0.2810
   2.5119E+03   3.9811E+03   0.0000E+00  0.0000   0.0000E+00  0.0000   1.3380E-03  0.3229
   3.9811E+03   6.3096E+03   0.0000E+00  0.0000   0.0000E+00  0.0000   1.3644E-03  0.3198
   6.3096E+03   1.0000E+04   0.0000E+00  0.0000   0.0000E+00  0.0000   7.9446E-04  0.4051
   1.0000E+04   1.5849E+04   0.0000E+00  0.0000   0.0000E+00  0.0000   1.2143E-03  0.3202
   1.5849E+04   2.5119E+04   0.0000E+00  0.0000   0.0000E+00  0.0000   6.5374E-04  0.4337
   2.5119E+04   3.9811E+04   0.0000E+00  0.0000   0.0000E+00  0.0000   3.0693E-04  0.7153
   3.9811E+04   6.3096E+04   0.0000E+00  0.0000   0.0000E+00  0.0000   0.0000E+00  0.0000
   6.3096E+04   1.0000E+05   0.0000E+00  0.0000   0.0000E+00  0.0000   0.0000E+00  0.0000
   1.0000E+05   1.5849E+05   0.0000E+00  0.0000   0.0000E+00  0.0000   0.0000E+00  0.0000
   1.5849E+05   2.5119E+05   0.0000E+00  0.0000   0.0000E+00  0.0000   2.6009E-04  1.0000
   2.5119E+05   3.9811E+05   0.0000E+00  0.0000   0.0000E+00  0.0000   0.0000E+00  0.0000
   3.9811E+05   6.3096E+05   0.0000E+00  0.0000   0.0000E+00  0.0000   0.0000E+00  0.0000
   6.3096E+05   1.0000E+06   0.0000E+00  0.0000   0.0000E+00  0.0000   0.0000E+00  0.0000

#   sum over                 8.6300E-05  0.9120   1.9282E-03  0.4225   1.1344E-02  0.1096

'no. =  2,  reg  =    221'
msuc: {\huge Flux spectra at measurement points [1/cm2/s]}
msdr: {\it plotted by \ANGEL \version}
msdl: {\it calculated by \PHITS  3.36}
wt: s(0.7)
\vspace{-3}
   vol  &=&   9.6000E+07 [cm^3]
e:

#------------------------------------------------------------------------------
 newpage:
#   no. =  3   reg =    300

x: Energy [MeV/n]
y: Flux [1/cm^2/source]              
p: xlog ylog afac(0.8) form(0.9)
h: n            x            y(neutron ),hh0l n  y(photon  ),hh0dr n  y(p3-group),hh0ub n  
#  e-lower      e-upper        neutron   r.err      photon    r.err      p3-group  r.err 
   1.0000E-09   1.5849E-09   0.0000E+00  0.0000   0.0000E+00  0.0000   0.0000E+00  0.0000
   1.5849E-09   2.5119E-09   0.0000E+00  0.0000   0.0000E+00  0.0000   0.0000E+00  0.0000
   2.5119E-09   3.9811E-09   0.0000E+00  0.0000   0.0000E+00  0.0000   0.0000E+00  0.0000
   3.9811E-09   6.3096E-09   0.0000E+00  0.0000   0.0000E+00  0.0000   0.0000E+00  0.0000
   6.3096E-09   1.0000E-08   0.0000E+00  0.0000   0.0000E+00  0.0000   0.0000E+00  0.0000
   1.0000E-08   1.5849E-08   0.0000E+00  0.0000   0.0000E+00  0.0000   0.0000E+00  0.0000
   1.5849E-08   2.5119E-08   8.3345E-05  1.0000   0.0000E+00  0.0000   0.0000E+00  0.0000
   2.5119E-08   3.9811E-08   5.8999E-05  0.9521   0.0000E+00  0.0000   0.0000E+00  0.0000
   3.9811E-08   6.3096E-08   5.1280E-05  1.0000   0.0000E+00  0.0000   0.0000E+00  0.0000
   6.3096E-08   1.0000E-07   7.6276E-05  0.7086   0.0000E+00  0.0000   0.0000E+00  0.0000
   1.0000E-07   1.5849E-07   3.0884E-05  1.0000   0.0000E+00  0.0000   0.0000E+00  0.0000
   1.5849E-07   2.5119E-07   6.3984E-05  1.0000   0.0000E+00  0.0000   0.0000E+00  0.0000
   2.5119E-07   3.9811E-07   4.5066E-05  1.0000   0.0000E+00  0.0000   0.0000E+00  0.0000
   3.9811E-07   6.3096E-07   0.0000E+00  0.0000   0.0000E+00  0.0000   0.0000E+00  0.0000
   6.3096E-07   1.0000E-06   0.0000E+00  0.0000   0.0000E+00  0.0000   0.0000E+00  0.0000
   1.0000E-06   1.5849E-06   0.0000E+00  0.0000   0.0000E+00  0.0000   0.0000E+00  0.0000
   1.5849E-06   2.5119E-06   0.0000E+00  0.0000   0.0000E+00  0.0000   0.0000E+00  0.0000
   2.5119E-06   3.9811E-06   0.0000E+00  0.0000   0.0000E+00  0.0000   0.0000E+00  0.0000
   3.9811E-06   6.3096E-06   8.5963E-05  1.0000   0.0000E+00  0.0000   0.0000E+00  0.0000
   6.3096E-06   1.0000E-05   5.4043E-05  1.0000   0.0000E+00  0.0000   0.0000E+00  0.0000
   1.0000E-05   1.5849E-05   2.1386E-05  1.0000   0.0000E+00  0.0000   0.0000E+00  0.0000
   1.5849E-05   2.5119E-05   5.8873E-05  0.9755   0.0000E+00  0.0000   0.0000E+00  0.0000
   2.5119E-05   3.9811E-05   5.9973E-05  1.0000   0.0000E+00  0.0000   0.0000E+00  0.0000
   3.9811E-05   6.3096E-05   1.2684E-04  0.7304   0.0000E+00  0.0000   0.0000E+00  0.0000
   6.3096E-05   1.0000E-04   0.0000E+00  0.0000   0.0000E+00  0.0000   0.0000E+00  0.0000
   1.0000E-04   1.5849E-04   0.0000E+00  0.0000   0.0000E+00  0.0000   0.0000E+00  0.0000
   1.5849E-04   2.5119E-04   1.4092E-04  1.0000   0.0000E+00  0.0000   0.0000E+00  0.0000
   2.5119E-04   3.9811E-04   4.3789E-05  1.0000   0.0000E+00  0.0000   0.0000E+00  0.0000
   3.9811E-04   6.3096E-04   1.3727E-05  0.8392   0.0000E+00  0.0000   0.0000E+00  0.0000
   6.3096E-04   1.0000E-03   0.0000E+00  0.0000   0.0000E+00  0.0000   0.0000E+00  0.0000
   1.0000E-03   1.5849E-03   0.0000E+00  0.0000   0.0000E+00  0.0000   0.0000E+00  0.0000
   1.5849E-03   2.5119E-03   1.5612E-05  1.0000   0.0000E+00  0.0000   0.0000E+00  0.0000
   2.5119E-03   3.9811E-03   8.8348E-05  1.0000   0.0000E+00  0.0000   0.0000E+00  0.0000
   3.9811E-03   6.3096E-03   0.0000E+00  0.0000   0.0000E+00  0.0000   0.0000E+00  0.0000
   6.3096E-03   1.0000E-02   5.3110E-05  1.0000   0.0000E+00  0.0000   0.0000E+00  0.0000
   1.0000E-02   1.5849E-02   3.6557E-06  1.0000   0.0000E+00  0.0000   0.0000E+00  0.0000
   1.5849E-02   2.5119E-02   0.0000E+00  0.0000   0.0000E+00  0.0000   0.0000E+00  0.0000
   2.5119E-02   3.9811E-02   5.3116E-06  1.0000   3.2579E-03  0.9881   0.0000E+00  0.0000
   3.9811E-02   6.3096E-02   0.0000E+00  0.0000   1.3266E-02  0.5149   0.0000E+00  0.0000
   6.3096E-02   1.0000E-01   0.0000E+00  0.0000   4.1442E-03  0.9357   0.0000E+00  0.0000
   1.0000E-01   1.5849E-01   0.0000E+00  0.0000   1.8486E-02  0.3020   0.0000E+00  0.0000
   1.5849E-01   2.5119E-01   8.5189E-05  1.0000   2.6464E-03  0.7234   0.0000E+00  0.0000
   2.5119E-01   3.9811E-01   1.4046E-04  0.7619   5.1157E-03  0.5584   0.0000E+00  0.0000
   3.9811E-01   6.3096E-01   1.8686E-04  0.6441   7.1031E-03  0.6486   0.0000E+00  0.0000
   6.3096E-01   1.0000E+00   2.9947E-04  0.4859   4.3085E-03  0.6050   0.0000E+00  0.0000
   1.0000E+00   1.5849E+00   1.7447E-04  0.5797   4.3327E-04  0.3850   0.0000E+00  0.0000
   1.5849E+00   2.5119E+00   1.5493E-04  0.5736   2.4889E-03  0.8816   0.0000E+00  0.0000
   2.5119E+00   3.9811E+00   5.1797E-04  0.3805   1.8293E-03  0.8611   0.0000E+00  0.0000
   3.9811E+00   6.3096E+00   6.1765E-05  0.7970   1.7485E-03  0.8849   0.0000E+00  0.0000
   6.3096E+00   1.0000E+01   1.2109E-04  0.5932   6.9296E-04  0.9418   0.0000E+00  0.0000
   1.0000E+01   1.5849E+01   2.6898E-04  0.5108   0.0000E+00  0.0000   0.0000E+00  0.0000
   1.5849E+01   2.5119E+01   4.6190E-05  1.0000   3.9365E-03  0.7296   0.0000E+00  0.0000
   2.5119E+01   3.9811E+01   1.1088E-04  0.7114   1.4270E-03  1.0000   0.0000E+00  0.0000
   3.9811E+01   6.3096E+01   4.4874E-04  0.4120   1.4525E-03  1.0000   0.0000E+00  0.0000
   6.3096E+01   1.0000E+02   2.0561E-04  0.4252   0.0000E+00  0.0000   0.0000E+00  0.0000
   1.0000E+02   1.5849E+02   1.9248E-04  0.4858   0.0000E+00  0.0000   3.9264E-04  0.6100
   1.5849E+02   2.5119E+02   2.1137E-04  0.4611   0.0000E+00  0.0000   5.6544E-04  0.5056
   2.5119E+02   3.9811E+02   2.2790E-04  0.4587   0.0000E+00  0.0000   7.2803E-04  0.4114
   3.9811E+02   6.3096E+02   1.4513E-04  0.5806   0.0000E+00  0.0000   1.3923E-03  0.2957
   6.3096E+02   1.0000E+03   6.4332E-05  0.8182   0.0000E+00  0.0000   1.4448E-03  0.3074
   1.0000E+03   1.5849E+03   0.0000E+00  0.0000   0.0000E+00  0.0000   1.4711E-03  0.2736
   1.5849E+03   2.5119E+03   0.0000E+00  0.0000   0.0000E+00  0.0000   1.0903E-03  0.3531
   2.5119E+03   3.9811E+03   0.0000E+00  0.0000   0.0000E+00  0.0000   3.0077E-03  0.2257
   3.9811E+03   6.3096E+03   0.0000E+00  0.0000   0.0000E+00  0.0000   1.7613E-03  0.2617
   6.3096E+03   1.0000E+04   0.0000E+00  0.0000   0.0000E+00  0.0000   1.9719E-03  0.2718
   1.0000E+04   1.5849E+04   0.0000E+00  0.0000   0.0000E+00  0.0000   1.2694E-03  0.3458
   1.5849E+04   2.5119E+04   0.0000E+00  0.0000   0.0000E+00  0.0000   6.8737E-04  0.4629
   2.5119E+04   3.9811E+04   0.0000E+00  0.0000   0.0000E+00  0.0000   4.7918E-04  0.5949
   3.9811E+04   6.3096E+04   0.0000E+00  0.0000   0.0000E+00  0.0000   1.4138E-04  0.8902
   6.3096E+04   1.0000E+05   0.0000E+00  0.0000   0.0000E+00  0.0000   0.0000E+00  0.0000
   1.0000E+05   1.5849E+05   0.0000E+00  0.0000   0.0000E+00  0.0000   0.0000E+00  0.0000
   1.5849E+05   2.5119E+05   0.0000E+00  0.0000   0.0000E+00  0.0000   0.0000E+00  0.0000
   2.5119E+05   3.9811E+05   0.0000E+00  0.0000   0.0000E+00  0.0000   0.0000E+00  0.0000
   3.9811E+05   6.3096E+05   0.0000E+00  0.0000   0.0000E+00  0.0000   0.0000E+00  0.0000
   6.3096E+05   1.0000E+06   0.0000E+00  0.0000   0.0000E+00  0.0000   0.0000E+00  0.0000

#   sum over                 4.8452E-03  0.1418   7.2336E-02  0.1996   1.6403E-02  0.0906

'no. =  3,  reg  =    300'
msuc: {\huge Flux spectra at measurement points [1/cm2/s]}
msdr: {\it plotted by \ANGEL \version}
msdl: {\it calculated by \PHITS  3.36}
wt: s(0.7)
\vspace{-3}
   vol  &=&   9.6000E+07 [cm^3]
e:

#------------------------------------------------------------------------------
 newpage:
#   no. =  4   reg =    110

x: Energy [MeV/n]
y: Flux [1/cm^2/source]              
p: xlog ylog afac(0.8) form(0.9)
h: n            x            y(neutron ),hh0l n  y(photon  ),hh0dr n  y(p3-group),hh0ub n  
#  e-lower      e-upper        neutron   r.err      photon    r.err      p3-group  r.err 
   1.0000E-09   1.5849E-09   0.0000E+00  0.0000   0.0000E+00  0.0000   0.0000E+00  0.0000
   1.5849E-09   2.5119E-09   2.3717E-06  1.0000   0.0000E+00  0.0000   0.0000E+00  0.0000
   2.5119E-09   3.9811E-09   0.0000E+00  0.0000   0.0000E+00  0.0000   0.0000E+00  0.0000
   3.9811E-09   6.3096E-09   4.1896E-06  1.0000   0.0000E+00  0.0000   0.0000E+00  0.0000
   6.3096E-09   1.0000E-08   5.8861E-05  0.5189   0.0000E+00  0.0000   0.0000E+00  0.0000
   1.0000E-08   1.5849E-08   2.0794E-04  0.4313   0.0000E+00  0.0000   0.0000E+00  0.0000
   1.5849E-08   2.5119E-08   3.9726E-04  0.3025   0.0000E+00  0.0000   0.0000E+00  0.0000
   2.5119E-08   3.9811E-08   3.9357E-04  0.2867   0.0000E+00  0.0000   0.0000E+00  0.0000
   3.9811E-08   6.3096E-08   5.2493E-04  0.2518   0.0000E+00  0.0000   0.0000E+00  0.0000
   6.3096E-08   1.0000E-07   4.9081E-04  0.2595   0.0000E+00  0.0000   0.0000E+00  0.0000
   1.0000E-07   1.5849E-07   1.4260E-04  0.3263   0.0000E+00  0.0000   0.0000E+00  0.0000
   1.5849E-07   2.5119E-07   8.0581E-05  0.4660   0.0000E+00  0.0000   0.0000E+00  0.0000
   2.5119E-07   3.9811E-07   8.3114E-05  0.4204   0.0000E+00  0.0000   0.0000E+00  0.0000
   3.9811E-07   6.3096E-07   3.2391E-05  0.6584   0.0000E+00  0.0000   0.0000E+00  0.0000
   6.3096E-07   1.0000E-06   3.4503E-05  0.6106   0.0000E+00  0.0000   0.0000E+00  0.0000
   1.0000E-06   1.5849E-06   2.4132E-05  0.7101   0.0000E+00  0.0000   0.0000E+00  0.0000
   1.5849E-06   2.5119E-06   3.2593E-05  0.6066   0.0000E+00  0.0000   0.0000E+00  0.0000
   2.5119E-06   3.9811E-06   9.2817E-05  0.5166   0.0000E+00  0.0000   0.0000E+00  0.0000
   3.9811E-06   6.3096E-06   7.8939E-05  0.4797   0.0000E+00  0.0000   0.0000E+00  0.0000
   6.3096E-06   1.0000E-05   7.2852E-05  0.5121   0.0000E+00  0.0000   0.0000E+00  0.0000
   1.0000E-05   1.5849E-05   1.1531E-04  0.4983   0.0000E+00  0.0000   0.0000E+00  0.0000
   1.5849E-05   2.5119E-05   4.2528E-05  0.6713   0.0000E+00  0.0000   0.0000E+00  0.0000
   2.5119E-05   3.9811E-05   6.0113E-05  0.5578   0.0000E+00  0.0000   0.0000E+00  0.0000
   3.9811E-05   6.3096E-05   3.0951E-05  0.6417   0.0000E+00  0.0000   0.0000E+00  0.0000
   6.3096E-05   1.0000E-04   4.8597E-05  0.5886   0.0000E+00  0.0000   0.0000E+00  0.0000
   1.0000E-04   1.5849E-04   4.0487E-05  0.7678   0.0000E+00  0.0000   0.0000E+00  0.0000
   1.5849E-04   2.5119E-04   5.1591E-05  0.5433   0.0000E+00  0.0000   0.0000E+00  0.0000
   2.5119E-04   3.9811E-04   7.7985E-05  0.6122   0.0000E+00  0.0000   0.0000E+00  0.0000
   3.9811E-04   6.3096E-04   1.2472E-04  0.4130   0.0000E+00  0.0000   0.0000E+00  0.0000
   6.3096E-04   1.0000E-03   7.3636E-05  0.7511   0.0000E+00  0.0000   0.0000E+00  0.0000
   1.0000E-03   1.5849E-03   4.3171E-05  0.5986   0.0000E+00  0.0000   3.2730E-10  1.0000
   1.5849E-03   2.5119E-03   3.7102E-05  0.6229   0.0000E+00  0.0000   1.2410E-10  1.0000
   2.5119E-03   3.9811E-03   4.0816E-05  0.8094   2.8931E-07  1.0000   1.6447E-10  1.0000
   3.9811E-03   6.3096E-03   8.1993E-05  0.5219   0.0000E+00  0.0000   2.3435E-10  1.0000
   6.3096E-03   1.0000E-02   5.8270E-05  0.5576   1.4457E-05  1.0000   3.4406E-10  1.0000
   1.0000E-02   1.5849E-02   5.3236E-05  0.6866   0.0000E+00  0.0000   5.3171E-10  1.0000
   1.5849E-02   2.5119E-02   2.0930E-05  0.7900   0.0000E+00  0.0000   8.9334E-10  1.0000
   2.5119E-02   3.9811E-02   8.8871E-05  0.4525   0.0000E+00  0.0000   1.6718E-09  1.0000
   3.9811E-02   6.3096E-02   2.5707E-05  0.7354   2.5469E-04  0.3271   3.4378E-09  1.0000
   6.3096E-02   1.0000E-01   3.2305E-05  0.6941   6.7711E-03  0.3981   7.3880E-09  1.0000
   1.0000E-01   1.5849E-01   7.8177E-05  0.5497   6.8053E-03  0.3817   1.5978E-08  1.0000
   1.5849E-01   2.5119E-01   6.4783E-05  0.5656   4.4244E-03  0.3636   3.4671E-08  1.0000
   2.5119E-01   3.9811E-01   6.7712E-05  0.4678   4.0202E-03  0.4697   7.6165E-08  1.0000
   3.9811E-01   6.3096E-01   9.6909E-05  0.4026   2.5337E-03  0.4473   1.7008E-07  1.0000
   6.3096E-01   1.0000E+00   1.7199E-04  0.3524   3.1706E-03  0.4008   3.8580E-07  1.0000
   1.0000E+00   1.5849E+00   5.3821E-05  0.4748   1.6133E-04  0.3632   8.8739E-07  1.0000
   1.5849E+00   2.5119E+00   2.0905E-04  0.2835   7.9756E-04  0.4502   2.0586E-06  1.0000
   2.5119E+00   3.9811E+00   2.5988E-04  0.3125   1.3237E-03  0.5458   4.7415E-06  1.0000
   3.9811E+00   6.3096E+00   1.4007E-04  0.3861   2.7675E-03  0.4228   2.6526E-06  1.0000
   6.3096E+00   1.0000E+01   1.1402E-04  0.3820   7.1826E-04  0.6531   0.0000E+00  0.0000
   1.0000E+01   1.5849E+01   5.6913E-05  0.5620   1.6336E-03  0.4999   0.0000E+00  0.0000
   1.5849E+01   2.5119E+01   9.5479E-05  0.5149   1.0604E-03  0.6767   0.0000E+00  0.0000
   2.5119E+01   3.9811E+01   1.0190E-04  0.4125   5.3330E-05  0.8922   9.8003E-06  1.0000
   3.9811E+01   6.3096E+01   4.3483E-05  0.5122   5.1982E-04  0.9068   1.5819E-05  1.0000
   6.3096E+01   1.0000E+02   3.4629E-04  0.2135   5.3141E-05  0.9136   1.4464E-04  0.5174
   1.0000E+02   1.5849E+02   2.0144E-04  0.2565   1.2119E-05  1.0000   1.5335E-04  0.4611
   1.5849E+02   2.5119E+02   1.9150E-04  0.2756   0.0000E+00  0.0000   2.6830E-04  0.3417
   2.5119E+02   3.9811E+02   1.1282E-04  0.3340   0.0000E+00  0.0000   7.9219E-04  0.2214
   3.9811E+02   6.3096E+02   6.4526E-05  0.4050   1.0075E-05  1.0000   7.8549E-04  0.2084
   6.3096E+02   1.0000E+03   2.5158E-05  0.7187   0.0000E+00  0.0000   1.0908E-03  0.1839
   1.0000E+03   1.5849E+03   0.0000E+00  0.0000   0.0000E+00  0.0000   1.8422E-03  0.1555
   1.5849E+03   2.5119E+03   0.0000E+00  0.0000   0.0000E+00  0.0000   1.6891E-03  0.1529
   2.5119E+03   3.9811E+03   9.2431E-06  1.0000   0.0000E+00  0.0000   2.0305E-03  0.1358
   3.9811E+03   6.3096E+03   0.0000E+00  0.0000   0.0000E+00  0.0000   2.4127E-03  0.1302
   6.3096E+03   1.0000E+04   0.0000E+00  0.0000   0.0000E+00  0.0000   1.4069E-03  0.1654
   1.0000E+04   1.5849E+04   0.0000E+00  0.0000   0.0000E+00  0.0000   1.7263E-03  0.1647
   1.5849E+04   2.5119E+04   0.0000E+00  0.0000   0.0000E+00  0.0000   8.7066E-04  0.2230
   2.5119E+04   3.9811E+04   0.0000E+00  0.0000   0.0000E+00  0.0000   2.5191E-04  0.3755
   3.9811E+04   6.3096E+04   0.0000E+00  0.0000   0.0000E+00  0.0000   3.1905E-04  0.4295
   6.3096E+04   1.0000E+05   0.0000E+00  0.0000   0.0000E+00  0.0000   2.5652E-04  0.4702
   1.0000E+05   1.5849E+05   0.0000E+00  0.0000   0.0000E+00  0.0000   0.0000E+00  0.0000
   1.5849E+05   2.5119E+05   0.0000E+00  0.0000   0.0000E+00  0.0000   0.0000E+00  0.0000
   2.5119E+05   3.9811E+05   0.0000E+00  0.0000   0.0000E+00  0.0000   5.4829E-05  1.0000
   3.9811E+05   6.3096E+05   0.0000E+00  0.0000   0.0000E+00  0.0000   0.0000E+00  0.0000
   6.3096E+05   1.0000E+06   0.0000E+00  0.0000   0.0000E+00  0.0000   0.0000E+00  0.0000

#   sum over                 6.4079E-03  0.1357   3.7106E-02  0.2847   1.6132E-02  0.0485

'no. =  4,  reg  =    110'
msuc: {\huge Flux spectra at measurement points [1/cm2/s]}
msdr: {\it plotted by \ANGEL \version}
msdl: {\it calculated by \PHITS  3.36}
wt: s(0.7)
\vspace{-3}
   vol  &=&   7.5880E+08 [cm^3]
e:

#------------------------------------------------------------------------------
 newpage:
#   no. =  5   reg =    220

x: Energy [MeV/n]
y: Flux [1/cm^2/source]              
p: xlog ylog afac(0.8) form(0.9)
h: n            x            y(neutron ),hh0l n  y(photon  ),hh0dr n  y(p3-group),hh0ub n  
#  e-lower      e-upper        neutron   r.err      photon    r.err      p3-group  r.err 
   1.0000E-09   1.5849E-09   0.0000E+00  0.0000   0.0000E+00  0.0000   0.0000E+00  0.0000
   1.5849E-09   2.5119E-09   0.0000E+00  0.0000   0.0000E+00  0.0000   0.0000E+00  0.0000
   2.5119E-09   3.9811E-09   0.0000E+00  0.0000   0.0000E+00  0.0000   0.0000E+00  0.0000
   3.9811E-09   6.3096E-09   0.0000E+00  0.0000   0.0000E+00  0.0000   0.0000E+00  0.0000
   6.3096E-09   1.0000E-08   0.0000E+00  0.0000   0.0000E+00  0.0000   0.0000E+00  0.0000
   1.0000E-08   1.5849E-08   0.0000E+00  0.0000   0.0000E+00  0.0000   0.0000E+00  0.0000
   1.5849E-08   2.5119E-08   0.0000E+00  0.0000   0.0000E+00  0.0000   0.0000E+00  0.0000
   2.5119E-08   3.9811E-08   3.4394E-05  1.0000   0.0000E+00  0.0000   0.0000E+00  0.0000
   3.9811E-08   6.3096E-08   0.0000E+00  0.0000   0.0000E+00  0.0000   0.0000E+00  0.0000
   6.3096E-08   1.0000E-07   0.0000E+00  0.0000   0.0000E+00  0.0000   0.0000E+00  0.0000
   1.0000E-07   1.5849E-07   0.0000E+00  0.0000   0.0000E+00  0.0000   0.0000E+00  0.0000
   1.5849E-07   2.5119E-07   0.0000E+00  0.0000   0.0000E+00  0.0000   0.0000E+00  0.0000
   2.5119E-07   3.9811E-07   0.0000E+00  0.0000   0.0000E+00  0.0000   0.0000E+00  0.0000
   3.9811E-07   6.3096E-07   0.0000E+00  0.0000   0.0000E+00  0.0000   0.0000E+00  0.0000
   6.3096E-07   1.0000E-06   1.2311E-05  1.0000   0.0000E+00  0.0000   0.0000E+00  0.0000
   1.0000E-06   1.5849E-06   0.0000E+00  0.0000   0.0000E+00  0.0000   0.0000E+00  0.0000
   1.5849E-06   2.5119E-06   0.0000E+00  0.0000   0.0000E+00  0.0000   0.0000E+00  0.0000
   2.5119E-06   3.9811E-06   0.0000E+00  0.0000   0.0000E+00  0.0000   0.0000E+00  0.0000
   3.9811E-06   6.3096E-06   0.0000E+00  0.0000   0.0000E+00  0.0000   0.0000E+00  0.0000
   6.3096E-06   1.0000E-05   0.0000E+00  0.0000   0.0000E+00  0.0000   0.0000E+00  0.0000
   1.0000E-05   1.5849E-05   0.0000E+00  0.0000   0.0000E+00  0.0000   0.0000E+00  0.0000
   1.5849E-05   2.5119E-05   0.0000E+00  0.0000   0.0000E+00  0.0000   0.0000E+00  0.0000
   2.5119E-05   3.9811E-05   0.0000E+00  0.0000   0.0000E+00  0.0000   0.0000E+00  0.0000
   3.9811E-05   6.3096E-05   0.0000E+00  0.0000   0.0000E+00  0.0000   0.0000E+00  0.0000
   6.3096E-05   1.0000E-04   0.0000E+00  0.0000   0.0000E+00  0.0000   0.0000E+00  0.0000
   1.0000E-04   1.5849E-04   0.0000E+00  0.0000   0.0000E+00  0.0000   0.0000E+00  0.0000
   1.5849E-04   2.5119E-04   3.1537E-05  1.0000   0.0000E+00  0.0000   0.0000E+00  0.0000
   2.5119E-04   3.9811E-04   0.0000E+00  0.0000   0.0000E+00  0.0000   0.0000E+00  0.0000
   3.9811E-04   6.3096E-04   0.0000E+00  0.0000   0.0000E+00  0.0000   0.0000E+00  0.0000
   6.3096E-04   1.0000E-03   1.2957E-04  1.0000   0.0000E+00  0.0000   0.0000E+00  0.0000
   1.0000E-03   1.5849E-03   0.0000E+00  0.0000   0.0000E+00  0.0000   0.0000E+00  0.0000
   1.5849E-03   2.5119E-03   0.0000E+00  0.0000   0.0000E+00  0.0000   0.0000E+00  0.0000
   2.5119E-03   3.9811E-03   0.0000E+00  0.0000   0.0000E+00  0.0000   0.0000E+00  0.0000
   3.9811E-03   6.3096E-03   0.0000E+00  0.0000   0.0000E+00  0.0000   0.0000E+00  0.0000
   6.3096E-03   1.0000E-02   0.0000E+00  0.0000   0.0000E+00  0.0000   0.0000E+00  0.0000
   1.0000E-02   1.5849E-02   0.0000E+00  0.0000   0.0000E+00  0.0000   0.0000E+00  0.0000
   1.5849E-02   2.5119E-02   0.0000E+00  0.0000   0.0000E+00  0.0000   0.0000E+00  0.0000
   2.5119E-02   3.9811E-02   0.0000E+00  0.0000   1.8504E-05  1.0000   0.0000E+00  0.0000
   3.9811E-02   6.3096E-02   0.0000E+00  0.0000   1.0346E-04  0.7873   0.0000E+00  0.0000
   6.3096E-02   1.0000E-01   0.0000E+00  0.0000   4.5870E-04  0.4800   0.0000E+00  0.0000
   1.0000E-01   1.5849E-01   0.0000E+00  0.0000   4.7562E-04  0.4108   0.0000E+00  0.0000
   1.5849E-01   2.5119E-01   4.0319E-05  1.0000   3.1600E-04  0.4995   0.0000E+00  0.0000
   2.5119E-01   3.9811E-01   0.0000E+00  0.0000   1.1342E-04  0.7604   0.0000E+00  0.0000
   3.9811E-01   6.3096E-01   0.0000E+00  0.0000   3.9006E-04  0.4603   0.0000E+00  0.0000
   6.3096E-01   1.0000E+00   0.0000E+00  0.0000   0.0000E+00  0.0000   0.0000E+00  0.0000
   1.0000E+00   1.5849E+00   0.0000E+00  0.0000   1.4594E-04  0.5445   0.0000E+00  0.0000
   1.5849E+00   2.5119E+00   0.0000E+00  0.0000   0.0000E+00  0.0000   0.0000E+00  0.0000
   2.5119E+00   3.9811E+00   0.0000E+00  0.0000   0.0000E+00  0.0000   0.0000E+00  0.0000
   3.9811E+00   6.3096E+00   0.0000E+00  0.0000   8.2810E-05  1.0000   0.0000E+00  0.0000
   6.3096E+00   1.0000E+01   0.0000E+00  0.0000   6.1326E-05  1.0000   0.0000E+00  0.0000
   1.0000E+01   1.5849E+01   0.0000E+00  0.0000   0.0000E+00  0.0000   0.0000E+00  0.0000
   1.5849E+01   2.5119E+01   0.0000E+00  0.0000   0.0000E+00  0.0000   7.6731E-05  1.0000
   2.5119E+01   3.9811E+01   0.0000E+00  0.0000   0.0000E+00  0.0000   0.0000E+00  0.0000
   3.9811E+01   6.3096E+01   0.0000E+00  0.0000   0.0000E+00  0.0000   8.9779E-05  1.0000
   6.3096E+01   1.0000E+02   0.0000E+00  0.0000   0.0000E+00  0.0000   7.5422E-05  0.7125
   1.0000E+02   1.5849E+02   0.0000E+00  0.0000   0.0000E+00  0.0000   3.2315E-05  1.0000
   1.5849E+02   2.5119E+02   0.0000E+00  0.0000   0.0000E+00  0.0000   1.7675E-04  0.5246
   2.5119E+02   3.9811E+02   0.0000E+00  0.0000   0.0000E+00  0.0000   2.5467E-04  0.5084
   3.9811E+02   6.3096E+02   0.0000E+00  0.0000   0.0000E+00  0.0000   5.5828E-04  0.3542
   6.3096E+02   1.0000E+03   0.0000E+00  0.0000   0.0000E+00  0.0000   5.3585E-04  0.3546
   1.0000E+03   1.5849E+03   0.0000E+00  0.0000   0.0000E+00  0.0000   8.5734E-04  0.2983
   1.5849E+03   2.5119E+03   0.0000E+00  0.0000   0.0000E+00  0.0000   1.2703E-03  0.2339
   2.5119E+03   3.9811E+03   0.0000E+00  0.0000   0.0000E+00  0.0000   1.4148E-03  0.2272
   3.9811E+03   6.3096E+03   0.0000E+00  0.0000   0.0000E+00  0.0000   1.5767E-03  0.2144
   6.3096E+03   1.0000E+04   0.0000E+00  0.0000   0.0000E+00  0.0000   1.2291E-03  0.2562
   1.0000E+04   1.5849E+04   0.0000E+00  0.0000   0.0000E+00  0.0000   1.2108E-03  0.2717
   1.5849E+04   2.5119E+04   0.0000E+00  0.0000   0.0000E+00  0.0000   7.6922E-04  0.3072
   2.5119E+04   3.9811E+04   0.0000E+00  0.0000   0.0000E+00  0.0000   2.8170E-04  0.4903
   3.9811E+04   6.3096E+04   0.0000E+00  0.0000   0.0000E+00  0.0000   2.7354E-04  0.5782
   6.3096E+04   1.0000E+05   0.0000E+00  0.0000   0.0000E+00  0.0000   6.6271E-05  1.0000
   1.0000E+05   1.5849E+05   0.0000E+00  0.0000   0.0000E+00  0.0000   0.0000E+00  0.0000
   1.5849E+05   2.5119E+05   0.0000E+00  0.0000   0.0000E+00  0.0000   3.3452E-05  1.0000
   2.5119E+05   3.9811E+05   0.0000E+00  0.0000   0.0000E+00  0.0000   0.0000E+00  0.0000
   3.9811E+05   6.3096E+05   0.0000E+00  0.0000   0.0000E+00  0.0000   0.0000E+00  0.0000
   6.3096E+05   1.0000E+06   0.0000E+00  0.0000   0.0000E+00  0.0000   0.0000E+00  0.0000

#   sum over                 2.4813E-04  0.7077   2.1658E-03  0.3027   1.0783E-02  0.0820

'no. =  5,  reg  =    220'
msuc: {\huge Flux spectra at measurement points [1/cm2/s]}
msdr: {\it plotted by \ANGEL \version}
msdl: {\it calculated by \PHITS  3.36}
wt: s(0.7)
\vspace{-3}
   vol  &=&   1.8660E+08 [cm^3]
e:
 
# Information for Restart Calculation
# This calculation was newly started
# istdev =  2 # 1:Batch variance, 2:History variance
# resc2  = 4.91896166728404520E-03 # Total source weight or Total source weight / maxcas
# resc3  = 5.00000000000000000E+03 # Total history number or Total batch number
# maxcas =         500 # History / Batch, only used for istdev=1
# bitrseed = 1101111111001101100001000101010101010011110110101000101010011110 # bit data of rseed
