           _________________________________________________________
          |                                                         |
          |       _/_/_/_/                                          |
          |      _/      _/                  _/_/_/_/_/_/           |
          |     _/      _/  _/      _/   _/      _/      _/_/_/_/_/ |
          |    _/_/_/_/    _/      _/   _/      _/      _/          |
          |   _/          _/_/_/_/_/   _/      _/       _/_/_/_/    |
          |  _/          _/      _/   _/      _/              _/    |
          | _/          _/      _/   _/      _/      _/_/_/_/_/     |
          |                                                         |
          |                                                         |
          |       Particle and Heavy Ion Transport code System      |
          |                      Version =  3.360                   |
          |                       developed by                      |
          |                                                         |
          |  Tatsuhiko SATO, Yosuke IWAMOTO, Shintaro HASHIMOTO,    |
          |    Tatsuhiko OGAWA, Takuya FURUTA, Shinichiro ABE,      |
          |    Takeshi KAI, Norihiro MATSUDA, Yusuke MATSUYA,       |
          |      Yuho HIRATA, Takuya SEKIKAWA, Seiki Ohnish,        |
          |                     Yao LAN (JAEA),                     |
          |  Hiroshi IWASE, Yasuhito SAKAKI, Kenta SUGIHARA (KEK),  |
          |           Nobuhiro SHIGYO (Kyushu University),          |
          |     Hunter RATLIFF (Haukeland University Hospital),     |
          |  Lembit SIHVER (University of Texas Rio Grande Valley), |
          |                  and Koji NIITA (RIST)                  |
          |                                                         |
          |                 Last Revised  2026-03-24                |
          |_________________________________________________________|

                        Starting Date = 2026-09-30
                        Starting Time = 16h 01m 20

>>> Input Echo >>>=============================================================

[ Title ]
Site model TH: concrete 57 cm, room 3x3 m, case had (seed 3002)

[ Parameters ]
 icntl    =           0     # (D=0) 3:ECH 5:NOR 6:SRC 7,8:GSH 11:DSH 12:DUMP
 maxcas   =         700     # (D=10) number of particles per one batch
 maxbch   =           1     # (D=10) number of batches
 rseed    =  3.0020000000000000E+003    # (D=0.0) 0:original, /=0:this value
 negs     =           1     # (D=-1) =-1:original, =0:No, =1:EGS, =2:EGS(HE)
 emin(12) =  5.00000000     # (D=1.e+9) cut-off energy of electron (MeV)
 emin(13) =  5.00000000     # (D=1.e+9) cut-off energy of positron (MeV)
 emin(14) =  5.00000000     # (D=1.0e-3) cut-off energy of photon (MeV)
 ipnint   =           1     # (D=0) 0: no, 1: consider photo-nuclear reaction
 imuint   =           1     # (D=1) 0: no, 1: muon interaction
 maxbnk   =      200000     # (D=10000) maximum bank memory length

[ Source ]
  totfact =  -26287.        # (D=1.0) global factor
$ totfact =  -26287.        # revised global factor by e-type = 25,26,28 or 29

 <Source> =  3.04287E-03    # weight of this sub-source
$<Source> =  3.04287E-03    # revised <source> by e-type=25,26,28 or 29
   s-type =   9             # spherical source
     proj =  neutron        # kind of incident particle         
       x0 =   0.0000        # (D=0.0) center position of x-axis [cm]
       y0 =   0.0000        # (D=0.0) center position of y-axis [cm]
       z0 =   0.0000        # (D=0.0) center position of z-axis [cm]
       r1 =   1600.0        # inner radius [cm]
       r2 =   1600.0        # outer radius [cm]
      dir =  iso            # inner direction with uniform dis. by analog
      ag1 =  -1.0000        # minimum zenith angle in cosine
      ag2 =   1.0000        # maximum zenith angle in cosine
      pg1 =   0.0000        # minimum azimuth angle in degree
      pg2 =   360.00        # maximum azimuth angle in degree
   e-type =  25             # Cosmic-ray source
      eg1 =  1.00000E-08    # minimum cutoff energy [MeV]
      eg2 =   10000.        # maximum cutoff energy [MeV]
       nm = -200            # number of energy mesh
                            # nm>0: lin, nm<0: log mesh and interpolation
#   e-type = 21             # energy distribution given by data
#      ne = -200            # number of energy bin
#  e-lower      fluence(/cm2/s/(MeV/n))
#  1.00000E-08  3.49620E+01
#  1.14815E-08  3.57466E+01
#  1.31826E-08  3.64882E+01
#  1.51356E-08  3.71749E+01
#  1.73780E-08  3.77933E+01
#  1.99526E-08  3.83289E+01
#  2.29087E-08  3.87658E+01
#  2.63027E-08  3.90872E+01
#  3.01995E-08  3.92762E+01
#  3.46737E-08  3.93159E+01
#  3.98107E-08  3.91904E+01
#  4.57088E-08  3.88860E+01
#  5.24807E-08  3.83918E+01
#  6.02560E-08  3.77011E+01
#  6.91831E-08  3.68122E+01
#  7.94328E-08  3.57292E+01
#  9.12011E-08  3.44623E+01
#  1.04713E-07  3.30273E+01
#  1.20226E-07  3.14463E+01
#  1.38038E-07  2.97460E+01
#  1.58489E-07  2.79565E+01
#  1.81970E-07  2.61091E+01
#  2.08930E-07  2.42355E+01
#  2.39883E-07  2.23659E+01
#  2.75423E-07  2.05274E+01
#  3.16228E-07  1.87438E+01
#  3.63078E-07  1.70343E+01
#  4.16869E-07  1.54136E+01
#  4.78630E-07  1.38923E+01
#  5.49541E-07  1.24768E+01
#  6.30957E-07  1.11700E+01
#  7.24436E-07  9.97192E+00
#  8.31764E-07  8.88027E+00
#  9.54993E-07  7.89091E+00
#  1.09648E-06  6.99848E+00
#  1.25893E-06  6.19676E+00
#  1.44544E-06  5.47908E+00
#  1.65959E-06  4.83859E+00
#  1.90546E-06  4.26849E+00
#  2.18776E-06  3.76218E+00
#  2.51189E-06  3.31338E+00
#  2.88403E-06  2.91621E+00
#  3.31131E-06  2.56523E+00
#  3.80189E-06  2.25543E+00
#  4.36516E-06  1.98226E+00
#  5.01187E-06  1.74159E+00
#  5.75440E-06  1.52971E+00
#  6.60693E-06  1.34330E+00
#  7.58578E-06  1.17939E+00
#  8.70964E-06  1.03532E+00
#  1.00000E-05  9.08741E-01
#  1.14815E-05  7.97571E-01
#  1.31826E-05  6.99960E-01
#  1.51356E-05  6.14275E-01
#  1.73780E-05  5.39074E-01
#  1.99526E-05  4.73085E-01
#  2.29087E-05  4.15188E-01
#  2.63027E-05  3.64397E-01
#  3.01995E-05  3.19843E-01
#  3.46737E-05  2.80764E-01
#  3.98107E-05  2.46487E-01
#  4.57088E-05  2.16425E-01
#  5.24807E-05  1.90059E-01
#  6.02560E-05  1.66936E-01
#  6.91831E-05  1.46655E-01
#  7.94328E-05  1.28866E-01
#  9.12011E-05  1.13264E-01
#  1.04713E-04  9.95786E-02
#  1.20226E-04  8.75730E-02
#  1.38038E-04  7.70406E-02
#  1.58489E-04  6.77995E-02
#  1.81970E-04  5.96905E-02
#  2.08930E-04  5.25741E-02
#  2.39883E-04  4.63277E-02
#  2.75423E-04  4.08443E-02
#  3.16228E-04  3.60297E-02
#  3.63078E-04  3.18015E-02
#  4.16869E-04  2.80875E-02
#  4.78630E-04  2.48245E-02
#  5.49541E-04  2.19570E-02
#  6.30957E-04  1.94363E-02
#  7.24436E-04  1.72199E-02
#  8.31764E-04  1.52705E-02
#  9.54993E-04  1.35553E-02
#  1.09648E-03  1.20458E-02
#  1.25893E-03  1.07167E-02
#  1.44544E-03  9.54611E-03
#  1.65959E-03  8.51471E-03
#  1.90546E-03  7.60559E-03
#  2.18776E-03  6.80392E-03
#  2.51189E-03  6.09671E-03
#  2.88403E-03  5.47254E-03
#  3.31131E-03  4.92139E-03
#  3.80189E-03  4.43444E-03
#  4.36516E-03  4.00393E-03
#  5.01187E-03  3.62299E-03
#  5.75440E-03  3.28554E-03
#  6.60693E-03  2.98614E-03
#  7.58578E-03  2.71993E-03
#  8.70964E-03  2.48254E-03
#  1.00000E-02  2.26997E-03
#  1.14815E-02  2.07861E-03
#  1.31826E-02  1.90514E-03
#  1.51356E-02  1.74657E-03
#  1.73780E-02  1.60028E-03
#  1.99526E-02  1.46407E-03
#  2.29087E-02  1.33629E-03
#  2.63027E-02  1.21605E-03
#  3.01995E-02  1.10334E-03
#  3.46737E-02  9.99037E-04
#  3.98107E-02  9.04641E-04
#  4.57088E-02  8.21654E-04
#  5.24807E-02  7.50906E-04
#  6.02560E-02  6.92121E-04
#  6.91831E-02  6.43944E-04
#  7.94328E-02  6.04290E-04
#  9.12011E-02  5.70774E-04
#  1.04713E-01  5.41139E-04
#  1.20226E-01  5.13651E-04
#  1.38038E-01  4.87313E-04
#  1.58489E-01  4.61774E-04
#  1.81970E-01  4.37059E-04
#  2.08930E-01  4.13321E-04
#  2.39883E-01  3.90699E-04
#  2.75423E-01  3.69279E-04
#  3.16228E-01  3.49086E-04
#  3.63078E-01  3.30101E-04
#  4.16869E-01  3.12269E-04
#  4.78630E-01  2.95504E-04
#  5.49541E-01  2.79694E-04
#  6.30957E-01  2.64703E-04
#  7.24436E-01  2.50376E-04
#  8.31764E-01  2.36599E-04
#  9.54993E-01  2.23627E-04
#  1.09648E+00  2.13062E-04
#  1.25893E+00  2.04634E-04
#  1.44544E+00  1.92198E-04
#  1.65959E+00  1.76677E-04
#  1.90546E+00  1.59923E-04
#  2.18776E+00  1.42431E-04
#  2.51189E+00  1.24556E-04
#  2.88403E+00  1.06802E-04
#  3.31131E+00  8.97864E-05
#  3.80189E+00  7.41294E-05
#  4.36516E+00  6.03336E-05
#  5.01187E+00  4.87123E-05
#  5.75440E+00  3.94001E-05
#  6.60693E+00  3.23154E-05
#  7.58578E+00  2.70044E-05
#  8.70964E+00  2.29875E-05
#  1.00000E+01  1.98093E-05
#  1.14815E+01  1.71575E-05
#  1.31826E+01  1.49135E-05
#  1.51356E+01  1.30622E-05
#  1.73780E+01  1.16602E-05
#  1.99526E+01  1.07901E-05
#  2.29087E+01  1.01024E-05
#  2.63027E+01  9.51191E-06
#  3.01995E+01  9.13037E-06
#  3.46737E+01  8.95063E-06
#  3.98107E+01  8.92108E-06
#  4.57088E+01  8.97132E-06
#  5.24807E+01  9.02085E-06
#  6.02560E+01  8.96021E-06
#  6.91831E+01  8.73584E-06
#  7.94328E+01  8.34657E-06
#  9.12011E+01  7.78559E-06
#  1.04713E+02  7.07405E-06
#  1.20226E+02  6.25148E-06
#  1.38038E+02  5.36563E-06
#  1.58489E+02  4.46571E-06
#  1.81970E+02  3.60295E-06
#  2.08930E+02  2.82061E-06
#  2.39883E+02  2.14307E-06
#  2.75423E+02  1.57962E-06
#  3.16228E+02  1.12978E-06
#  3.63078E+02  7.86078E-07
#  4.16869E+02  5.33796E-07
#  4.78630E+02  3.56056E-07
#  5.49541E+02  2.35094E-07
#  6.30957E+02  1.54353E-07
#  7.24436E+02  1.02056E-07
#  8.31764E+02  6.84822E-08
#  9.54993E+02  4.68362E-08
#  1.09648E+03  3.26674E-08
#  1.25893E+03  2.31832E-08
#  1.44544E+03  1.66759E-08
#  1.65959E+03  1.21089E-08
#  1.90546E+03  8.84585E-09
#  2.18776E+03  6.48481E-09
#  2.51189E+03  4.76278E-09
#  2.88403E+03  3.50105E-09
#  3.31131E+03  2.57441E-09
#  3.80189E+03  1.89315E-09
#  4.36516E+03  1.39212E-09
#  5.01187E+03  1.02363E-09
#  5.75440E+03  7.52651E-10
#  6.60693E+03  5.53395E-10
#  7.58578E+03  4.06893E-10
#  8.70964E+03  2.99184E-10
    icenv =   5             # 0>: Terrestiral GCR, D=0: Free-space GCR, <0:Free-space SEP
 solarmod =   100.00        # Solar activity W-index
    rigid =   10.924        # Cut-off rigidity in GV
  depatom =   1029.6        # Atmospheric depth in g/cm2
  environ =  0.15000        # Surrounding environment (icenv=2-4) or SPE index (icenv=-1)

 <Source> =  2.25616E-04    # weight of this sub-source
$<Source> =  2.25616E-04    # revised <source> by e-type=25,26,28 or 29
   s-type =   9             # spherical source
     proj =  proton         # kind of incident particle         
       x0 =   0.0000        # (D=0.0) center position of x-axis [cm]
       y0 =   0.0000        # (D=0.0) center position of y-axis [cm]
       z0 =   0.0000        # (D=0.0) center position of z-axis [cm]
       r1 =   1600.0        # inner radius [cm]
       r2 =   1600.0        # outer radius [cm]
      dir =  iso            # inner direction with uniform dis. by analog
      ag1 =  -1.0000        # minimum zenith angle in cosine
      ag2 =   1.0000        # maximum zenith angle in cosine
      pg1 =   0.0000        # minimum azimuth angle in degree
      pg2 =   360.00        # maximum azimuth angle in degree
   e-type =  25             # Cosmic-ray source
      eg1 =  1.00000E-02    # minimum cutoff energy [MeV]
      eg2 =  1.00000E+06    # maximum cutoff energy [MeV]
       nm = -200            # number of energy mesh
                            # nm>0: lin, nm<0: log mesh and interpolation
#   e-type = 21             # energy distribution given by data
#      ne = -200            # number of energy bin
#  e-lower      fluence(/cm2/s/(MeV/n))
#  1.00000E-02  1.74445E-07
#  1.09648E-02  1.70007E-07
#  1.20226E-02  1.65714E-07
#  1.31826E-02  1.61567E-07
#  1.44544E-02  1.57562E-07
#  1.58489E-02  1.53699E-07
#  1.73780E-02  1.49977E-07
#  1.90546E-02  1.46395E-07
#  2.08930E-02  1.42952E-07
#  2.29087E-02  1.39649E-07
#  2.51189E-02  1.36484E-07
#  2.75423E-02  1.33459E-07
#  3.01995E-02  1.30574E-07
#  3.31131E-02  1.27830E-07
#  3.63078E-02  1.25228E-07
#  3.98107E-02  1.22770E-07
#  4.36516E-02  1.20458E-07
#  4.78630E-02  1.18295E-07
#  5.24807E-02  1.16283E-07
#  5.75440E-02  1.14425E-07
#  6.30957E-02  1.12726E-07
#  6.91831E-02  1.11189E-07
#  7.58578E-02  1.09819E-07
#  8.31764E-02  1.08621E-07
#  9.12011E-02  1.07601E-07
#  1.00000E-01  1.06766E-07
#  1.09648E-01  1.06121E-07
#  1.20226E-01  1.05675E-07
#  1.31826E-01  1.05435E-07
#  1.44544E-01  1.05411E-07
#  1.58489E-01  1.05611E-07
#  1.73780E-01  1.06045E-07
#  1.90546E-01  1.06724E-07
#  2.08930E-01  1.07659E-07
#  2.29087E-01  1.08862E-07
#  2.51189E-01  1.10345E-07
#  2.75423E-01  1.12121E-07
#  3.01995E-01  1.14203E-07
#  3.31131E-01  1.16606E-07
#  3.63078E-01  1.19343E-07
#  3.98107E-01  1.22431E-07
#  4.36516E-01  1.25883E-07
#  4.78630E-01  1.29714E-07
#  5.24807E-01  1.33941E-07
#  5.75440E-01  1.38578E-07
#  6.30957E-01  1.43639E-07
#  6.91831E-01  1.49140E-07
#  7.58578E-01  1.55094E-07
#  8.31764E-01  1.61514E-07
#  9.12011E-01  1.68412E-07
#  1.00000E+00  1.75798E-07
#  1.09648E+00  1.83680E-07
#  1.20226E+00  1.92067E-07
#  1.31826E+00  2.00962E-07
#  1.44544E+00  2.10369E-07
#  1.58489E+00  2.20286E-07
#  1.73780E+00  2.30712E-07
#  1.90546E+00  2.41638E-07
#  2.08930E+00  2.53056E-07
#  2.29087E+00  2.64953E-07
#  2.51189E+00  2.77311E-07
#  2.75423E+00  2.90110E-07
#  3.01995E+00  3.03325E-07
#  3.31131E+00  3.16929E-07
#  3.63078E+00  3.30889E-07
#  3.98107E+00  3.45170E-07
#  4.36516E+00  3.59733E-07
#  4.78630E+00  3.74537E-07
#  5.24807E+00  3.89536E-07
#  5.75440E+00  4.04684E-07
#  6.30957E+00  4.19931E-07
#  6.91831E+00  4.35225E-07
#  7.58578E+00  4.50513E-07
#  8.31764E+00  4.65740E-07
#  9.12011E+00  4.80850E-07
#  1.00000E+01  4.95785E-07
#  1.09648E+01  5.10488E-07
#  1.20226E+01  5.24896E-07
#  1.31826E+01  5.38950E-07
#  1.44544E+01  5.52584E-07
#  1.58489E+01  5.65731E-07
#  1.73780E+01  5.78321E-07
#  1.90546E+01  5.90280E-07
#  2.08930E+01  6.01525E-07
#  2.29087E+01  6.11970E-07
#  2.51189E+01  6.21517E-07
#  2.75423E+01  6.30061E-07
#  3.01995E+01  6.37485E-07
#  3.31131E+01  6.43659E-07
#  3.63078E+01  6.48438E-07
#  3.98107E+01  6.51667E-07
#  4.36516E+01  6.53175E-07
#  4.78630E+01  6.52780E-07
#  5.24807E+01  6.50293E-07
#  5.75440E+01  6.45521E-07
#  6.30957E+01  6.38278E-07
#  6.91831E+01  6.28392E-07
#  7.58578E+01  6.15720E-07
#  8.31764E+01  6.00166E-07
#  9.12011E+01  5.81689E-07
#  1.00000E+02  5.60327E-07
#  1.09648E+02  5.36208E-07
#  1.20226E+02  5.09556E-07
#  1.31826E+02  4.80695E-07
#  1.44544E+02  4.50044E-07
#  1.58489E+02  4.18094E-07
#  1.73780E+02  3.85389E-07
#  1.90546E+02  3.52494E-07
#  2.08930E+02  3.19961E-07
#  2.29087E+02  2.88302E-07
#  2.51189E+02  2.57960E-07
#  2.75423E+02  2.29291E-07
#  3.01995E+02  2.02559E-07
#  3.31131E+02  1.77936E-07
#  3.63078E+02  1.55504E-07
#  3.98107E+02  1.35270E-07
#  4.36516E+02  1.17180E-07
#  4.78630E+02  1.01135E-07
#  5.24807E+02  8.70012E-08
#  5.75440E+02  7.46270E-08
#  6.30957E+02  6.38503E-08
#  6.91831E+02  5.45079E-08
#  7.58578E+02  4.64406E-08
#  8.31764E+02  3.94979E-08
#  9.12011E+02  3.35402E-08
#  1.00000E+03  2.84400E-08
#  1.09648E+03  2.40826E-08
#  1.20226E+03  2.03659E-08
#  1.31826E+03  1.71995E-08
#  1.44544E+03  1.45043E-08
#  1.58489E+03  1.22112E-08
#  1.73780E+03  1.02601E-08
#  1.90546E+03  8.59897E-09
#  2.08930E+03  7.18310E-09
#  2.29087E+03  5.97431E-09
#  2.51189E+03  4.94105E-09
#  2.75423E+03  4.05954E-09
#  3.01995E+03  3.31712E-09
#  3.31131E+03  2.71885E-09
#  3.63078E+03  2.29191E-09
#  3.98107E+03  2.05693E-09
#  4.36516E+03  1.93472E-09
#  4.78630E+03  1.76113E-09
#  5.24807E+03  1.50535E-09
#  5.75440E+03  1.24906E-09
#  6.30957E+03  1.03726E-09
#  6.91831E+03  8.69494E-10
#  7.58578E+03  7.33508E-10
#  8.31764E+03  6.19663E-10
#  9.12011E+03  5.22438E-10
#  1.00000E+04  4.38039E-10
#  1.09648E+04  3.65113E-10
#  1.20226E+04  3.03063E-10
#  1.31826E+04  2.50526E-10
#  1.44544E+04  2.06278E-10
#  1.58489E+04  1.69202E-10
#  1.73780E+04  1.38291E-10
#  1.90546E+04  1.12641E-10
#  2.08930E+04  9.14509E-11
#  2.29087E+04  7.40204E-11
#  2.51189E+04  5.97395E-11
#  2.75423E+04  4.80831E-11
#  3.01995E+04  3.86025E-11
#  3.31131E+04  3.09172E-11
#  3.63078E+04  2.47066E-11
#  3.98107E+04  1.97023E-11
#  4.36516E+04  1.56810E-11
#  4.78630E+04  1.24578E-11
#  5.24807E+04  9.88035E-12
#  5.75440E+04  7.82383E-12
#  6.30957E+04  6.18630E-12
#  6.91831E+04  4.88487E-12
#  7.58578E+04  3.85238E-12
#  8.31764E+04  3.03457E-12
#  9.12011E+04  2.38780E-12
#  1.00000E+05  1.87732E-12
#  1.09648E+05  1.47480E-12
#  1.20226E+05  1.15755E-12
#  1.31826E+05  9.07787E-13
#  1.44544E+05  7.11374E-13
#  1.58489E+05  5.57066E-13
#  1.73780E+05  4.35948E-13
#  1.90546E+05  3.40960E-13
#  2.08930E+05  2.66524E-13
#  2.29087E+05  2.08233E-13
#  2.51189E+05  1.62616E-13
#  2.75423E+05  1.26938E-13
#  3.01995E+05  9.90497E-14
#  3.31131E+05  7.72606E-14
#  3.63078E+05  6.02450E-14
#  3.98107E+05  4.69627E-14
#  4.36516E+05  3.65987E-14
#  4.78630E+05  2.85146E-14
#  5.24807E+05  2.22111E-14
#  5.75440E+05  1.72973E-14
#  6.30957E+05  1.34680E-14
#  6.91831E+05  1.04845E-14
#  7.58578E+05  8.16066E-15
#  8.31764E+05  6.35091E-15
#  9.12011E+05  4.94182E-15
    icenv =   5             # 0>: Terrestiral GCR, D=0: Free-space GCR, <0:Free-space SEP
 solarmod =   100.00        # Solar activity W-index
    rigid =   10.924        # Cut-off rigidity in GV
  depatom =   1029.6        # Atmospheric depth in g/cm2
  environ =  0.15000        # Surrounding environment (icenv=2-4) or SPE index (icenv=-1)

[ Material ]
MAT[ 1 ] 
           N         -7.5530000E-01
           O         -2.3180000E-01
           Ar        -1.2900000E-02
MAT[ 2 ] 
           H         -1.0000000E-02
           C         -1.0000000E-03
           O         -5.2900000E-01
           Na        -1.6000000E-02
           Mg        -2.0000000E-03
           Al        -3.4000000E-02
           Si        -3.3700000E-01
           K         -1.3000000E-02
           Ca        -4.4000000E-02
           Fe        -1.4000000E-02

[ Cell ]
 100         1 -1.2050000E-03  -10 20 50 
 111         1 -1.2050000E-03  -50 
 201         2 -2.3000000E+00  -10 -20 21 
 202         2 -2.3000000E+00  -10 -21 22 
 203         2 -2.3000000E+00  -10 -22 23 60 61 
 204         2 -2.3000000E+00  -10 -23 24 60 61 
 205         2 -2.3000000E+00  -10 -24 25 60 61 
 206         2 -2.3000000E+00  -10 -25 26 60 61 
 207         2 -2.3000000E+00  -10 -26 27 60 61 
 208         2 -2.3000000E+00  -10 -27 28 60 61 
 209         2 -2.3000000E+00  -10 -28 29 60 61 
 210         2 -2.3000000E+00  -10 -29 30 60 61 
 211         2 -2.3000000E+00  -10 -30 31 60 61 
 212         2 -2.3000000E+00  -10 -31 32 60 61 
 213         2 -2.3000000E+00  -10 -32 33 60 61 
 214         2 -2.3000000E+00  -10 -33 34 60 61 
 215         2 -2.3000000E+00  -10 -34 
 300         1 -1.2050000E-03  -60 
 301         1 -1.2050000E-03  -61 
 900         0                 10 -12 20 
 901         0                 10 -13 -20 
 902         0                 13 -12 -20 
 999        -1                 12 

[ Surface ]
 10            so    1.5000000E+03
 12            so    2.2000000E+03
 13            so    1.5500000E+03
 50            rpp  -8.0000000E+02  8.0000000E+02 -8.0000000E+02
                     8.0000000E+02  5.0000000E+01  2.5000000E+02
 20            pz    0.0000000E+00
 21            pz   -2.8500000E+01
 22            pz   -5.7000000E+01
 23            pz   -1.0700000E+02
 24            pz   -1.5700000E+02
 25            pz   -2.0700000E+02
 26            pz   -2.5700000E+02
 27            pz   -3.0700000E+02
 28            pz   -3.5700000E+02
 29            pz   -4.0700000E+02
 30            pz   -4.5700000E+02
 31            pz   -5.0700000E+02
 32            pz   -5.5700000E+02
 33            pz   -6.0700000E+02
 34            pz   -6.5700000E+02
 60            rpp  -1.5000000E+02  1.5000000E+02 -1.0000000E+03
                     1.0000000E+03 -2.5700000E+02 -5.7000000E+01
 61            rpp  -1.5000000E+02  1.5000000E+02 -1.0000000E+03
                     1.0000000E+03 -3.5700000E+02 -2.5700000E+02

[ Volume ]
    reg        vol
    111     5.1200000E+08
    300     1.2000000E+08
    301     6.0000000E+07

[ Importance ]
   part = neutron  proton  
   reg       imp
   201     1.5060000E+00 
   202     2.2690000E+00 
   203     4.6560000E+00 
   204     9.5530000E+00 
   205     1.9602000E+01 
   206     4.0220000E+01 
   207     8.2527000E+01 
   208     1.6933400E+02 
   209     3.4745100E+02 
   210     7.1292400E+02 
   211     1.4628250E+03 
   212     3.0015230E+03 
   213     4.0960000E+03 
   214     4.0960000E+03 
   215     4.0960000E+03 
   300     4.6560000E+00 
   301     4.6560000E+00 
   901     0.0000000E+00 

[ T-Track ]
    title = Flux spectrum in open air above ground
     mesh =  reg            # mesh type is region-wise
      reg = 111
   e-type =    3            # e-mesh is log given by emin, emax and ne
     emin =  1.0000000E-10  # minimum value of e-mesh points
     emax =   100000.0      # maximum value of e-mesh points
#    edel =  0.5756463      # mesh width of e-mesh points
       ne =     60          # number of e-mesh points
#    data = ( e(i), i = 1, ne + 1 )
#           1.00000E-10  1.77828E-10  3.16228E-10  5.62341E-10  1.00000E-09
#           1.77828E-09  3.16228E-09  5.62341E-09  1.00000E-08  1.77828E-08
#           3.16228E-08  5.62341E-08  1.00000E-07  1.77828E-07  3.16228E-07
#           5.62341E-07  1.00000E-06  1.77828E-06  3.16228E-06  5.62341E-06
#           1.00000E-05  1.77828E-05  3.16228E-05  5.62341E-05  1.00000E-04
#           1.77828E-04  3.16228E-04  5.62341E-04  1.00000E-03  1.77828E-03
#           3.16228E-03  5.62341E-03  1.00000E-02  1.77828E-02  3.16228E-02
#           5.62341E-02  1.00000E-01  1.77828E-01  3.16228E-01  5.62341E-01
#           1.00000E+00  1.77828E+00  3.16228E+00  5.62341E+00  1.00000E+01
#           1.77828E+01  3.16228E+01  5.62341E+01  1.00000E+02  1.77828E+02
#           3.16228E+02  5.62341E+02  1.00000E+03  1.77828E+03  3.16228E+03
#           5.62341E+03  1.00000E+04  1.77828E+04  3.16228E+04  5.62341E+04
#           1.00000E+05
     unit =    1            # unit is [1/cm^2/source]
 material =  all            # (D=all) number of specific material
     axis =     eng            # axis of output
     file = air_spec.out    # file name of output for the above axis
     part =  neutron    muon-      muon+      proton   
# kf/name :  2112       13         -13        2212     
#    used :        main (  %)        temp (  %)       total (  %)
#  memory :          67 (  0)           0 (  0)          67 (  0)

[ T-Track ]
    title = Flux spectrum in room air (upper 2 m, lower 1 m)
     mesh =  reg            # mesh type is region-wise
      reg = 300 301
   e-type =    3            # e-mesh is log given by emin, emax and ne
     emin =  1.0000000E-10  # minimum value of e-mesh points
     emax =   100000.0      # maximum value of e-mesh points
#    edel =  0.5756463      # mesh width of e-mesh points
       ne =     60          # number of e-mesh points
#    data = ( e(i), i = 1, ne + 1 )
#           1.00000E-10  1.77828E-10  3.16228E-10  5.62341E-10  1.00000E-09
#           1.77828E-09  3.16228E-09  5.62341E-09  1.00000E-08  1.77828E-08
#           3.16228E-08  5.62341E-08  1.00000E-07  1.77828E-07  3.16228E-07
#           5.62341E-07  1.00000E-06  1.77828E-06  3.16228E-06  5.62341E-06
#           1.00000E-05  1.77828E-05  3.16228E-05  5.62341E-05  1.00000E-04
#           1.77828E-04  3.16228E-04  5.62341E-04  1.00000E-03  1.77828E-03
#           3.16228E-03  5.62341E-03  1.00000E-02  1.77828E-02  3.16228E-02
#           5.62341E-02  1.00000E-01  1.77828E-01  3.16228E-01  5.62341E-01
#           1.00000E+00  1.77828E+00  3.16228E+00  5.62341E+00  1.00000E+01
#           1.77828E+01  3.16228E+01  5.62341E+01  1.00000E+02  1.77828E+02
#           3.16228E+02  5.62341E+02  1.00000E+03  1.77828E+03  3.16228E+03
#           5.62341E+03  1.00000E+04  1.77828E+04  3.16228E+04  5.62341E+04
#           1.00000E+05
     unit =    1            # unit is [1/cm^2/source]
 material =  all            # (D=all) number of specific material
     axis =     eng            # axis of output
     file = room_spec.out   # file name of output for the above axis
     part =  neutron    muon-      muon+      proton   
# kf/name :  2112       13         -13        2212     
#    used :        main (  %)        temp (  %)       total (  %)
#  memory :          67 (  0)           0 (  0)          67 (  0)

[END] of Input Echo <<<========================================================

<<< Report of real Geometry memory >>>
*           GG/CG memory =        2
*     total memory: mdas = 80000000
*                percent =     0.00 %

<<< Report of material memory for high energy>>>
*   high energy material =        1
*     total memory: mdas = 80000000
*                percent =     0.00 %

<<< Report of material memory for low energy>>>
*    low energy material =   164933
*     total memory: mdas = 80000000
*                percent =     0.21 %

<<< Report of real tally memory >>>
*      real tally memory =      134
*     total memory: mdas = 80000000
*                percent =     0.00 %

<<< Report of temporary tally memory >>>
* temporary tally memory =   164938
*     total memory: mdas = 80000000
*                percent =     0.21 %

<<< Report of total memory >>>
*      used total memory =   164939
*     total memory: mdas = 80000000
*                percent =     0.21 %
*                ---------------------

-------------------------------------------------------------------------------
bat[       1] ncas =            700.
 bitrseed = 0100000010100111011101000000000000000000000000000000000000000000
          cpu time =   2 m. 27.40 s.

===============================================================================

 Summary for the end of job

-------------------------------------------------------------------------------
 number of analyz call vs ncol
-------------------------------------------------------------------------------
     ncol          number
        1              1.   : start of calculation            
        2              1.   : end of calculation              
        3              1.   : end of a batch                  
        4            700.   : source                          
        5              0.   : detection of geometry error/warn
        6              0.   : recovery from geometry warning  
        7              0.   : termination by geometry error   
        8         183865.   : termination by weight cut-off   
        9              0.   : termination by time cut-off     
       10         356248.   : geometry boundary crossing      
       11         128596.   : termination by energy cut-off   
       12           1003.   : termination by escape or leakage
       13          16144.   : reaction : (n,x) type           
       14       18127102.   : reaction : (n,n'x) type         
       15          41537.   : sequential transport for tally  

-------------------------------------------------------------------------------
 List of transport particles (not including source)
-------------------------------------------------------------------------------
     Name      kf-code        mass       charge   baryon
     proton       2212        938.3         1       1
     neutron      2112        939.6         0       1
     pion+         211        139.6         1       0
     pion0         111        135.0         0       0
     pion-        -211        139.6        -1       0
     muon+         -13        105.7         1       0
     muon-          13        105.7        -1       0
     kaon+         321        493.6         1       0
     kaon0         311        497.7         0       0
     kaon-        -321        493.6        -1       0
     electron       11          0.5        -1       0
     positron      -11          0.5         1       0
     photon         22          0.0         0       0
     deuteron  1000002       1875.6         1       2
     triton    1000003       2808.9         1       3
     3he       2000003       2808.4         2       3
     alpha     2000004       3727.4         2       4

     nu_e           12          0.0         0       0
     nu_ebar       -12          0.0         0       0
     nu_mu          14          0.0         0       0
     nu_muba       -14          0.0         0       0
     eta           221        547.5         0       0
     eta'          331        957.8         0       0
     Kbar0        -311        497.7         0       0
     Lambda0      3122       1115.7         0       1
     Sigma+       3222       1189.4         1       1
     Sigma0       3212       1192.5         0       1
     Sigma-       3112       1197.4        -1       1
     K_L0          130        497.7         0       0

-------------------------------------------------------------------------------
 prod. particles       number        weight        weight per source
-------------------------------------------------------------------------------
     photon          4725618.     2.1969563E+03     8.2096781E+04
     neutron          266959.     2.6111001E+03     9.7572678E+04
     proton           129156.     9.9998280E+02     3.7367775E+04
     alpha             57584.     5.0052887E+02     1.8703972E+04
     deuteron          27113.     2.2022513E+02     8.2294647E+03
     triton             5113.     4.0255817E+01     1.5042962E+03
     3he                4451.     3.2824967E+01     1.2266171E+03
     pion0              4001.     2.7773311E+01     1.0378447E+03
     pion-              3183.     2.5850905E+01     9.6600743E+02
     pion+              3111.     2.1998891E+01     8.2206374E+02
     positron           2890.     2.7263275E+02     1.0187855E+04
     other               536.     2.7313178E+01     1.0206503E+03
     muon+               133.     8.2667567E+00     3.0891562E+02
     kaon+                44.     9.6409901E-01     3.6026855E+01
     kaon0                30.     5.8659318E-01     2.1920059E+01
     kaon-                 9.     2.7347001E-01     1.0219142E+01
     muon-                 3.     1.9071563E-01     7.1267413E+00
     electron              3.     1.9071563E-01     7.1267413E+00

-------------------------------------------------------------------------------
 the other kind of produced particles
-------------------------------------------------------------------------------
     Name      kf-code        number     mass       charge   baryon
     nu_mu          14           136       0.0         0       0
     nu_muba       -14           135       0.0         0       0
     nu_e           12           133       0.0         0       0
     eta           221            56     547.5         0       0
     Lambda0      3122            32    1115.7         0       1
     Sigma0       3212            13    1192.5         0       1
     Sigma+       3222            10    1189.4         1       1
     eta'          331             7     957.8         0       0
     Sigma-       3112             7    1197.4        -1       1
     nu_ebar       -12             3       0.0         0       0
     Kbar0        -311             2     497.7         0       0
     K_L0          130             2     497.7         0       0

-------------------------------------------------------------------------------
 the other kind of particles into JAM
-------------------------------------------------------------------------------
     Name      kf-code        number     mass       charge   baryon
     Sigma-       3112           324    1197.4        -1       1
     K_L0          130           127     497.7         0       0
     K_S0          310            91     497.7         0       0

-------------------------------------------------------------------------------
 particle decays       number        weight        weight per source
-------------------------------------------------------------------------------
     positron           2757.     2.6436600E+02     9.8789390E+03
     pion0               333.     2.6872864E+01     1.0041964E+03
     muon+               132.     8.1750867E+00     3.0549005E+02
     pion+               128.     7.9940966E+00     2.9872674E+02
     other                33.     1.8645852E+00     6.9676597E+01
     kaon+                 6.     3.6433022E-01     1.3614444E+01
     pion-                 3.     1.9071563E-01     7.1267413E+00
     muon-                 2.     1.2987159E-01     4.8530959E+00
     kaon-                 1.     6.0844035E-02     2.2736453E+00

-------------------------------------------------------------------------------
 the other kind of decay particles
-------------------------------------------------------------------------------
     Lambda0 ->  p+      +  pi-                            7
     eta     ->  gamma   +  gamma                          5
     eta     ->  pi0     +  pi0     +  pi0                 4
     Sigma0  ->  Lambda0 +  gamma                          4
     Sigma-  ->  n0      +  pi-                            3
     Lambda0 ->  n0      +  pi0                            2
     eta     ->  pi+     +  pi0     +  pi-                 2
     Sigma+  ->  n0      +  pi+                            2
     eta'    ->  pi+     +  pi-     +  eta                 1
     K_S0    ->  pi+     +  pi-                            1
     eta'    ->  pi0     +  pi0     +  eta                 1
     Sigma+  ->  p+      +  pi0                            1

-------------------------------------------------------------------------------
 stop. particles.    number        weight        weight per source
-------------------------------------------------------------------------------
     photon           145242.     2.2007244E+03     8.2237589E+04
     proton           110849.     8.8573035E+02     3.3098342E+04
     nucleus           26852.     1.8816309E+03     7.0313571E+04
     electron           9850.     1.1694992E+03     4.3702334E+04
     alpha              2849.     5.0444568E+02     1.8850337E+04
     positron           2758.     2.6439565E+02     9.8800470E+03
     deuteron           1393.     2.1361648E+02     7.9825100E+03
     triton              258.     4.1863266E+01     1.5643640E+03
     3he                 247.     3.0742236E+01     1.1487887E+03
     neutron              40.     5.4559362E-02     2.0387970E+00

-------------------------------------------------------------------------------
 leak. particles       number        weight        weight per source
-------------------------------------------------------------------------------
     other               407.     2.5280747E+01     9.4470152E+02
     neutron             364.     3.4207431E+02     1.2782776E+04
     photon              153.     2.4825066E+01     9.2767343E+02
     proton               56.     7.7310865E+00     2.8889847E+02
     electron             10.     8.0158005E-01     2.9953778E+01
     positron              8.     6.4869895E-01     2.4240853E+01
     pion+                 2.     1.8334013E-01     6.8511305E+00
     pion-                 1.     6.9027558E-02     2.5794506E+00
     muon+                 1.     9.1670064E-02     3.4255652E+00
     alpha                 1.     1.3805512E-01     5.1589012E+00

-------------------------------------------------------------------------------
 the other kind of leakage particles
-------------------------------------------------------------------------------
     Name      kf-code        number     mass       charge   baryon
     nu_mu          14           136       0.0         0       0
     nu_muba       -14           135       0.0         0       0
     nu_e           12           133       0.0         0       0
     nu_ebar       -12             3       0.0         0       0

-------------------------------------------------------------------------------
 source: maxcas    maxbch      irskip   average weight          total source
-------------------------------------------------------------------------------
         700           1           0    3.8229380E-05    2.6760565740408E-02

-------------------------------------------------------------------------------
 used ATIMA database
-------------------------------------------------------------------------------
     for dedx  =      128 / mdbatima =      500

-------------------------------------------------------------------------------
 Geometry error summary
-------------------------------------------------------------------------------
 Number of lost particles     =     0 / nlost =       10
 Number of geometry recovering =     0
 Number of unrecovered errors =     0

-------------------------------------------------------------------------------
 initial random seed:
   bitrseed = 0100000010100111011101000000000000000000000000000000000000000000
 next initial random seed:
   bitrseed = 0111011110011100011110011110100011011000010010111000110001010101

-------------------------------------------------------------------------------
 job termination date : 2026/09/30
                 time :   16:03:51

-------------------------------------------------------------------------------
    CPU time and number of event called in PHITS
-------------------------------------------------------------------------------

                             sec
total cpu time =          150.74


                           count
      analysis =       18671331.  : data processing
         nevap =         238131.  : evaporation
        dexgam =          90572.  : de-excitation
         nreac =       18143254.  : atomic and nuclear reactions
         dklos =           3395.  : particle decay
         hydro =            147.  : nucleon-nucleon scattering
        n-data =       17151047.  : neutron data library
        h-data =              0.  : p, d, a data library
        p-data =              0.  : photon data library
        e-data =              0.  : electron data library
        p-egs5 =           6863.  : photon interaction with EGS5
        e-egs5 =         753702.  : electron interaction with EGS5
      e-tsmode =              0.  : electron track structure mode
    ion-tsmode =              0.  : ion track structure mode
     photonucl =             33.  : photo-nuclear reaction
 photonucl lib =              0.  : photo-nuclear reaction with library
       mu-reac =              0.  : muon-induced nuclear reaction
       mu-brem =              0.  : muon-induced bremsstrahlung
       mu-pprd =              0.  : muon-induced pair production
        mu-cap =              1.  : muon capture in nucleus
         elast =         124440.  : elastic scattering
         ncasc =         379941.  : nuclear reaction model

       bertini =              0.  : Bertini model
        isobar =              0.  : isobar model
           JAM =           6008.  : JAM model
           QMD =              0.  : JQMD model
        JAMQMD =              0.  : JAMQMD model
          INCL =         373933.  : INCL model
        INCELF =              0.  : INCELF model
     frag data =              0.  : user defined cross section
       SCINFUL =              0.  : SCINFUL mode

>>> Citation Request >>>=======================================================

 This execution uses model(s) that must be explicitly cited in addition to
 the PHITS original document: T.Sato et al., J.Nucl.Sci.Technol.61, 127-135 (2024).
 Please refer the following document(s) in your publication using this result

 The INCL model:
    A. Boudard et al., Phys. Rev C87, 014606 (2013).

 The EGS5 code:
    H. Hirayama et al., SLAC-R-730 (2005) and KEK Report 2005-8 (2005)

 The KUROTAMA model:
    K. Iida, A. Kohama, and K. Oyamatsu, J. Phys. Soc. Japan 76, 044201 (2007).

 END 
