[ T-Track ]
    title = Flux spectrum in room air (upper 2 m, lower 1 m)
     mesh =  reg            # mesh type is region-wise
      reg = 300 301
   e-type =    3            # e-mesh is log given by emin, emax and ne
     emin =  1.0000000E-10  # minimum value of e-mesh points
     emax =   100000.0      # maximum value of e-mesh points
#    edel =  0.5756463      # mesh width of e-mesh points
       ne =     60          # number of e-mesh points
#    data = ( e(i), i = 1, ne + 1 )
#           1.00000E-10  1.77828E-10  3.16228E-10  5.62341E-10  1.00000E-09
#           1.77828E-09  3.16228E-09  5.62341E-09  1.00000E-08  1.77828E-08
#           3.16228E-08  5.62341E-08  1.00000E-07  1.77828E-07  3.16228E-07
#           5.62341E-07  1.00000E-06  1.77828E-06  3.16228E-06  5.62341E-06
#           1.00000E-05  1.77828E-05  3.16228E-05  5.62341E-05  1.00000E-04
#           1.77828E-04  3.16228E-04  5.62341E-04  1.00000E-03  1.77828E-03
#           3.16228E-03  5.62341E-03  1.00000E-02  1.77828E-02  3.16228E-02
#           5.62341E-02  1.00000E-01  1.77828E-01  3.16228E-01  5.62341E-01
#           1.00000E+00  1.77828E+00  3.16228E+00  5.62341E+00  1.00000E+01
#           1.77828E+01  3.16228E+01  5.62341E+01  1.00000E+02  1.77828E+02
#           3.16228E+02  5.62341E+02  1.00000E+03  1.77828E+03  3.16228E+03
#           5.62341E+03  1.00000E+04  1.77828E+04  3.16228E+04  5.62341E+04
#           1.00000E+05
     unit =    1            # unit is [1/cm^2/source]
 material =  all            # (D=all) number of specific material
     axis =     eng            # axis of output
     file = room_spec.out   # file name of output for the above axis
     part =  neutron    muon-      muon+      proton   
# kf/name :  2112       13         -13        2212     
#    used :        main (  %)        temp (  %)       total (  %)
#  memory :          67 (  0)           0 (  0)          67 (  0)

#------------------------------------------------------------------------------
#newpage:
#   no. =  1   reg =    300

x: Energy [MeV/n]
y: Flux [1/cm^2/source]              
p: xlog ylog afac(0.8) form(0.9)
h: n            x            y(neutron ),hh0l n  y(muon-   ),hh0dr n  y(muon+   ),hh0ub n  y(proton  ),hh0mg n  
#  e-lower      e-upper        neutron   r.err      muon-     r.err      muon+     r.err      proton    r.err 
   1.0000E-10   1.7783E-10   0.0000E+00  0.0000   0.0000E+00  0.0000   0.0000E+00  0.0000   0.0000E+00  0.0000
   1.7783E-10   3.1623E-10   0.0000E+00  0.0000   0.0000E+00  0.0000   0.0000E+00  0.0000   0.0000E+00  0.0000
   3.1623E-10   5.6234E-10   0.0000E+00  0.0000   0.0000E+00  0.0000   0.0000E+00  0.0000   0.0000E+00  0.0000
   5.6234E-10   1.0000E-09   0.0000E+00  0.0000   0.0000E+00  0.0000   0.0000E+00  0.0000   0.0000E+00  0.0000
   1.0000E-09   1.7783E-09   1.9681E-05  1.0000   0.0000E+00  0.0000   0.0000E+00  0.0000   0.0000E+00  0.0000
   1.7783E-09   3.1623E-09   0.0000E+00  0.0000   0.0000E+00  0.0000   0.0000E+00  0.0000   0.0000E+00  0.0000
   3.1623E-09   5.6234E-09   1.0154E-05  0.6288   0.0000E+00  0.0000   0.0000E+00  0.0000   0.0000E+00  0.0000
   5.6234E-09   1.0000E-08   7.2594E-05  0.5265   0.0000E+00  0.0000   0.0000E+00  0.0000   0.0000E+00  0.0000
   1.0000E-08   1.7783E-08   1.5363E-04  0.5681   0.0000E+00  0.0000   0.0000E+00  0.0000   0.0000E+00  0.0000
   1.7783E-08   3.1623E-08   3.0687E-04  0.4191   0.0000E+00  0.0000   0.0000E+00  0.0000   0.0000E+00  0.0000
   3.1623E-08   5.6234E-08   5.4382E-04  0.3349   0.0000E+00  0.0000   0.0000E+00  0.0000   0.0000E+00  0.0000
   5.6234E-08   1.0000E-07   5.8057E-04  0.3828   0.0000E+00  0.0000   0.0000E+00  0.0000   0.0000E+00  0.0000
   1.0000E-07   1.7783E-07   1.9602E-04  0.3201   0.0000E+00  0.0000   0.0000E+00  0.0000   0.0000E+00  0.0000
   1.7783E-07   3.1623E-07   5.3893E-06  0.7559   0.0000E+00  0.0000   0.0000E+00  0.0000   0.0000E+00  0.0000
   3.1623E-07   5.6234E-07   1.6186E-05  0.8284   0.0000E+00  0.0000   0.0000E+00  0.0000   0.0000E+00  0.0000
   5.6234E-07   1.0000E-06   4.1100E-06  1.0000   0.0000E+00  0.0000   0.0000E+00  0.0000   0.0000E+00  0.0000
   1.0000E-06   1.7783E-06   4.5578E-07  1.0000   0.0000E+00  0.0000   0.0000E+00  0.0000   0.0000E+00  0.0000
   1.7783E-06   3.1623E-06   9.3713E-06  0.7108   0.0000E+00  0.0000   0.0000E+00  0.0000   0.0000E+00  0.0000
   3.1623E-06   5.6234E-06   5.3904E-05  0.8551   0.0000E+00  0.0000   0.0000E+00  0.0000   0.0000E+00  0.0000
   5.6234E-06   1.0000E-05   1.4338E-05  0.5933   0.0000E+00  0.0000   0.0000E+00  0.0000   0.0000E+00  0.0000
   1.0000E-05   1.7783E-05   5.7647E-05  0.8904   0.0000E+00  0.0000   0.0000E+00  0.0000   0.0000E+00  0.0000
   1.7783E-05   3.1623E-05   4.1199E-05  1.0000   0.0000E+00  0.0000   0.0000E+00  0.0000   0.0000E+00  0.0000
   3.1623E-05   5.6234E-05   7.7637E-06  0.7864   0.0000E+00  0.0000   0.0000E+00  0.0000   0.0000E+00  0.0000
   5.6234E-05   1.0000E-04   8.9615E-06  0.5233   0.0000E+00  0.0000   0.0000E+00  0.0000   0.0000E+00  0.0000
   1.0000E-04   1.7783E-04   1.1491E-04  0.9727   0.0000E+00  0.0000   0.0000E+00  0.0000   0.0000E+00  0.0000
   1.7783E-04   3.1623E-04   2.8294E-06  1.0000   0.0000E+00  0.0000   0.0000E+00  0.0000   0.0000E+00  0.0000
   3.1623E-04   5.6234E-04   1.8762E-06  1.0000   0.0000E+00  0.0000   0.0000E+00  0.0000   0.0000E+00  0.0000
   5.6234E-04   1.0000E-03   6.0005E-05  0.9102   0.0000E+00  0.0000   0.0000E+00  0.0000   0.0000E+00  0.0000
   1.0000E-03   1.7783E-03   7.2329E-05  0.7410   0.0000E+00  0.0000   1.0128E-10  1.0000   0.0000E+00  0.0000
   1.7783E-03   3.1623E-03   5.8516E-05  0.6435   0.0000E+00  0.0000   4.8812E-11  1.0000   0.0000E+00  0.0000
   3.1623E-03   5.6234E-03   1.5935E-04  0.6736   0.0000E+00  0.0000   7.3114E-11  1.0000   0.0000E+00  0.0000
   5.6234E-03   1.0000E-02   7.2624E-06  0.6822   0.0000E+00  0.0000   1.1711E-10  1.0000   0.0000E+00  0.0000
   1.0000E-02   1.7783E-02   2.8035E-06  1.0000   0.0000E+00  0.0000   2.0252E-10  1.0000   0.0000E+00  0.0000
   1.7783E-02   3.1623E-02   5.1119E-05  0.7111   0.0000E+00  0.0000   4.0181E-10  1.0000   0.0000E+00  0.0000
   3.1623E-02   5.6234E-02   0.0000E+00  0.0000   0.0000E+00  0.0000   9.3979E-10  1.0000   0.0000E+00  0.0000
   5.6234E-02   1.0000E-01   4.2630E-05  0.7441   0.0000E+00  0.0000   2.4231E-09  1.0000   0.0000E+00  0.0000
   1.0000E-01   1.7783E-01   3.4349E-05  0.6553   0.0000E+00  0.0000   6.3550E-09  1.0000   0.0000E+00  0.0000
   1.7783E-01   3.1623E-01   2.3990E-05  0.5996   0.0000E+00  0.0000   1.6802E-08  1.0000   0.0000E+00  0.0000
   3.1623E-01   5.6234E-01   2.1178E-04  0.7990   0.0000E+00  0.0000   4.5429E-08  1.0000   0.0000E+00  0.0000
   5.6234E-01   1.0000E+00   6.7016E-05  0.7688   0.0000E+00  0.0000   1.2595E-07  1.0000   0.0000E+00  0.0000
   1.0000E+00   1.7783E+00   2.5211E-04  0.4228   0.0000E+00  0.0000   3.5691E-07  1.0000   0.0000E+00  0.0000
   1.7783E+00   3.1623E+00   2.4916E-04  0.5335   0.0000E+00  0.0000   1.0203E-06  1.0000   0.0000E+00  0.0000
   3.1623E+00   5.6234E+00   1.3674E-04  0.4995   0.0000E+00  0.0000   9.6167E-07  1.0000   0.0000E+00  0.0000
   5.6234E+00   1.0000E+01   1.3084E-04  0.5079   0.0000E+00  0.0000   0.0000E+00  0.0000   0.0000E+00  0.0000
   1.0000E+01   1.7783E+01   1.1300E-04  0.6988   0.0000E+00  0.0000   0.0000E+00  0.0000   0.0000E+00  0.0000
   1.7783E+01   3.1623E+01   2.0163E-04  0.5151   0.0000E+00  0.0000   0.0000E+00  0.0000   3.6792E-07  1.0000
   3.1623E+01   5.6234E+01   2.0732E-04  0.4541   0.0000E+00  0.0000   0.0000E+00  0.0000   6.7655E-06  0.8448
   5.6234E+01   1.0000E+02   2.1761E-04  0.5203   0.0000E+00  0.0000   0.0000E+00  0.0000   9.2862E-06  1.0000
   1.0000E+02   1.7783E+02   3.3096E-04  0.4807   0.0000E+00  0.0000   0.0000E+00  0.0000   1.6158E-05  0.6207
   1.7783E+02   3.1623E+02   3.3498E-04  0.5394   0.0000E+00  0.0000   0.0000E+00  0.0000   9.1568E-06  0.7147
   3.1623E+02   5.6234E+02   5.9122E-05  0.8590   0.0000E+00  0.0000   0.0000E+00  0.0000   0.0000E+00  0.0000
   5.6234E+02   1.0000E+03   1.0999E-05  0.8165   0.0000E+00  0.0000   0.0000E+00  0.0000   5.4733E-06  0.7619
   1.0000E+03   1.7783E+03   3.4881E-06  1.0000   0.0000E+00  0.0000   0.0000E+00  0.0000   0.0000E+00  0.0000
   1.7783E+03   3.1623E+03   2.0629E-06  1.0000   0.0000E+00  0.0000   0.0000E+00  0.0000   4.2394E-06  1.0000
   3.1623E+03   5.6234E+03   1.8641E-06  1.0000   0.0000E+00  0.0000   0.0000E+00  0.0000   1.1463E-05  0.7402
   5.6234E+03   1.0000E+04   0.0000E+00  0.0000   0.0000E+00  0.0000   0.0000E+00  0.0000   3.7242E-06  1.0000
   1.0000E+04   1.7783E+04   0.0000E+00  0.0000   0.0000E+00  0.0000   0.0000E+00  0.0000   0.0000E+00  0.0000
   1.7783E+04   3.1623E+04   0.0000E+00  0.0000   0.0000E+00  0.0000   0.0000E+00  0.0000   0.0000E+00  0.0000
   3.1623E+04   5.6234E+04   0.0000E+00  0.0000   0.0000E+00  0.0000   0.0000E+00  0.0000   0.0000E+00  0.0000
   5.6234E+04   1.0000E+05   0.0000E+00  0.0000   0.0000E+00  0.0000   0.0000E+00  0.0000   0.0000E+00  0.0000

#   sum over                 5.2653E-03  0.2521   0.0000E+00  0.0000   2.5377E-06  1.0000   6.6634E-05  0.4954

'no. =  1,  reg  =    300'
msuc: {\huge Flux spectrum in room air (upper 2 m, lower 1 m)}
msdr: {\it plotted by \ANGEL \version}
msdl: {\it calculated by \PHITS  3.36}
wt: s(0.7)
\vspace{-3}
   vol  &=&   1.2000E+08 [cm^3]
e:

#------------------------------------------------------------------------------
 newpage:
#   no. =  2   reg =    301

x: Energy [MeV/n]
y: Flux [1/cm^2/source]              
p: xlog ylog afac(0.8) form(0.9)
h: n            x            y(neutron ),hh0l n  y(muon-   ),hh0dr n  y(muon+   ),hh0ub n  y(proton  ),hh0mg n  
#  e-lower      e-upper        neutron   r.err      muon-     r.err      muon+     r.err      proton    r.err 
   1.0000E-10   1.7783E-10   0.0000E+00  0.0000   0.0000E+00  0.0000   0.0000E+00  0.0000   0.0000E+00  0.0000
   1.7783E-10   3.1623E-10   0.0000E+00  0.0000   0.0000E+00  0.0000   0.0000E+00  0.0000   0.0000E+00  0.0000
   3.1623E-10   5.6234E-10   0.0000E+00  0.0000   0.0000E+00  0.0000   0.0000E+00  0.0000   0.0000E+00  0.0000
   5.6234E-10   1.0000E-09   0.0000E+00  0.0000   0.0000E+00  0.0000   0.0000E+00  0.0000   0.0000E+00  0.0000
   1.0000E-09   1.7783E-09   0.0000E+00  0.0000   0.0000E+00  0.0000   0.0000E+00  0.0000   0.0000E+00  0.0000
   1.7783E-09   3.1623E-09   0.0000E+00  0.0000   0.0000E+00  0.0000   0.0000E+00  0.0000   0.0000E+00  0.0000
   3.1623E-09   5.6234E-09   1.5650E-05  0.8824   0.0000E+00  0.0000   0.0000E+00  0.0000   0.0000E+00  0.0000
   5.6234E-09   1.0000E-08   3.4919E-04  0.6682   0.0000E+00  0.0000   0.0000E+00  0.0000   0.0000E+00  0.0000
   1.0000E-08   1.7783E-08   1.0788E-04  0.6098   0.0000E+00  0.0000   0.0000E+00  0.0000   0.0000E+00  0.0000
   1.7783E-08   3.1623E-08   3.8349E-04  0.4838   0.0000E+00  0.0000   0.0000E+00  0.0000   0.0000E+00  0.0000
   3.1623E-08   5.6234E-08   5.7748E-04  0.3811   0.0000E+00  0.0000   0.0000E+00  0.0000   0.0000E+00  0.0000
   5.6234E-08   1.0000E-07   5.3158E-04  0.3858   0.0000E+00  0.0000   0.0000E+00  0.0000   0.0000E+00  0.0000
   1.0000E-07   1.7783E-07   1.6793E-04  0.3712   0.0000E+00  0.0000   0.0000E+00  0.0000   0.0000E+00  0.0000
   1.7783E-07   3.1623E-07   1.1112E-05  0.7877   0.0000E+00  0.0000   0.0000E+00  0.0000   0.0000E+00  0.0000
   3.1623E-07   5.6234E-07   1.5778E-05  0.8429   0.0000E+00  0.0000   0.0000E+00  0.0000   0.0000E+00  0.0000
   5.6234E-07   1.0000E-06   0.0000E+00  0.0000   0.0000E+00  0.0000   0.0000E+00  0.0000   0.0000E+00  0.0000
   1.0000E-06   1.7783E-06   5.6258E-06  1.0000   0.0000E+00  0.0000   0.0000E+00  0.0000   0.0000E+00  0.0000
   1.7783E-06   3.1623E-06   3.9650E-06  0.7165   0.0000E+00  0.0000   0.0000E+00  0.0000   0.0000E+00  0.0000
   3.1623E-06   5.6234E-06   5.2097E-05  0.8789   0.0000E+00  0.0000   0.0000E+00  0.0000   0.0000E+00  0.0000
   5.6234E-06   1.0000E-05   6.1434E-06  0.8730   0.0000E+00  0.0000   0.0000E+00  0.0000   0.0000E+00  0.0000
   1.0000E-05   1.7783E-05   8.6944E-05  0.8722   0.0000E+00  0.0000   0.0000E+00  0.0000   0.0000E+00  0.0000
   1.7783E-05   3.1623E-05   4.1199E-05  1.0000   0.0000E+00  0.0000   0.0000E+00  0.0000   0.0000E+00  0.0000
   3.1623E-05   5.6234E-05   2.6946E-05  1.0000   0.0000E+00  0.0000   0.0000E+00  0.0000   0.0000E+00  0.0000
   5.6234E-05   1.0000E-04   1.4984E-05  0.5809   0.0000E+00  0.0000   0.0000E+00  0.0000   0.0000E+00  0.0000
   1.0000E-04   1.7783E-04   1.1552E-04  0.9728   0.0000E+00  0.0000   0.0000E+00  0.0000   0.0000E+00  0.0000
   1.7783E-04   3.1623E-04   4.6690E-05  0.8670   0.0000E+00  0.0000   0.0000E+00  0.0000   0.0000E+00  0.0000
   3.1623E-04   5.6234E-04   1.8762E-06  1.0000   0.0000E+00  0.0000   0.0000E+00  0.0000   0.0000E+00  0.0000
   5.6234E-04   1.0000E-03   5.0038E-05  0.7880   0.0000E+00  0.0000   0.0000E+00  0.0000   0.0000E+00  0.0000
   1.0000E-03   1.7783E-03   4.7572E-05  1.0000   0.0000E+00  0.0000   0.0000E+00  0.0000   0.0000E+00  0.0000
   1.7783E-03   3.1623E-03   6.6041E-05  0.6682   0.0000E+00  0.0000   0.0000E+00  0.0000   0.0000E+00  0.0000
   3.1623E-03   5.6234E-03   2.0433E-04  0.6015   0.0000E+00  0.0000   0.0000E+00  0.0000   0.0000E+00  0.0000
   5.6234E-03   1.0000E-02   0.0000E+00  0.0000   0.0000E+00  0.0000   0.0000E+00  0.0000   0.0000E+00  0.0000
   1.0000E-02   1.7783E-02   0.0000E+00  0.0000   0.0000E+00  0.0000   0.0000E+00  0.0000   0.0000E+00  0.0000
   1.7783E-02   3.1623E-02   5.4768E-05  0.8173   0.0000E+00  0.0000   0.0000E+00  0.0000   0.0000E+00  0.0000
   3.1623E-02   5.6234E-02   1.5914E-04  1.0000   0.0000E+00  0.0000   0.0000E+00  0.0000   0.0000E+00  0.0000
   5.6234E-02   1.0000E-01   1.8553E-05  0.5913   0.0000E+00  0.0000   0.0000E+00  0.0000   0.0000E+00  0.0000
   1.0000E-01   1.7783E-01   4.5397E-05  0.7111   0.0000E+00  0.0000   0.0000E+00  0.0000   0.0000E+00  0.0000
   1.7783E-01   3.1623E-01   1.3362E-05  0.7129   0.0000E+00  0.0000   0.0000E+00  0.0000   0.0000E+00  0.0000
   3.1623E-01   5.6234E-01   4.8278E-05  0.6296   0.0000E+00  0.0000   0.0000E+00  0.0000   0.0000E+00  0.0000
   5.6234E-01   1.0000E+00   9.7843E-05  0.6627   0.0000E+00  0.0000   0.0000E+00  0.0000   0.0000E+00  0.0000
   1.0000E+00   1.7783E+00   2.6596E-04  0.6090   0.0000E+00  0.0000   0.0000E+00  0.0000   0.0000E+00  0.0000
   1.7783E+00   3.1623E+00   1.7808E-04  0.7687   0.0000E+00  0.0000   0.0000E+00  0.0000   0.0000E+00  0.0000
   3.1623E+00   5.6234E+00   2.0513E-04  0.5656   0.0000E+00  0.0000   0.0000E+00  0.0000   0.0000E+00  0.0000
   5.6234E+00   1.0000E+01   6.5042E-05  0.5120   0.0000E+00  0.0000   0.0000E+00  0.0000   0.0000E+00  0.0000
   1.0000E+01   1.7783E+01   1.6963E-04  0.8145   0.0000E+00  0.0000   0.0000E+00  0.0000   1.6844E-06  1.0000
   1.7783E+01   3.1623E+01   1.2648E-04  0.6831   0.0000E+00  0.0000   0.0000E+00  0.0000   2.0347E-06  1.0000
   3.1623E+01   5.6234E+01   1.9871E-04  0.4773   0.0000E+00  0.0000   0.0000E+00  0.0000   7.9426E-06  0.7636
   5.6234E+01   1.0000E+02   1.0204E-04  0.7618   0.0000E+00  0.0000   0.0000E+00  0.0000   8.6826E-06  1.0000
   1.0000E+02   1.7783E+02   2.3023E-04  0.4908   0.0000E+00  0.0000   0.0000E+00  0.0000   6.5346E-06  0.7183
   1.7783E+02   3.1623E+02   3.0131E-04  0.5967   0.0000E+00  0.0000   0.0000E+00  0.0000   9.1568E-06  0.7147
   3.1623E+02   5.6234E+02   5.7079E-05  0.8877   0.0000E+00  0.0000   0.0000E+00  0.0000   0.0000E+00  0.0000
   5.6234E+02   1.0000E+03   2.3639E-06  1.0000   2.1762E-06  1.0000   0.0000E+00  0.0000   3.8389E-06  1.0000
   1.0000E+03   1.7783E+03   3.9516E-06  1.0000   0.0000E+00  0.0000   0.0000E+00  0.0000   0.0000E+00  0.0000
   1.7783E+03   3.1623E+03   2.1923E-06  1.0000   0.0000E+00  0.0000   0.0000E+00  0.0000   4.4142E-06  1.0000
   3.1623E+03   5.6234E+03   2.0264E-06  1.0000   0.0000E+00  0.0000   0.0000E+00  0.0000   1.1463E-05  0.7402
   5.6234E+03   1.0000E+04   0.0000E+00  0.0000   0.0000E+00  0.0000   0.0000E+00  0.0000   3.7242E-06  1.0000
   1.0000E+04   1.7783E+04   0.0000E+00  0.0000   0.0000E+00  0.0000   0.0000E+00  0.0000   0.0000E+00  0.0000
   1.7783E+04   3.1623E+04   0.0000E+00  0.0000   0.0000E+00  0.0000   0.0000E+00  0.0000   0.0000E+00  0.0000
   3.1623E+04   5.6234E+04   0.0000E+00  0.0000   0.0000E+00  0.0000   0.0000E+00  0.0000   0.0000E+00  0.0000
   5.6234E+04   1.0000E+05   0.0000E+00  0.0000   0.0000E+00  0.0000   0.0000E+00  0.0000   0.0000E+00  0.0000

#   sum over                 5.2776E-03  0.2791   2.1762E-06  1.0000   0.0000E+00  0.0000   5.9476E-05  0.5251

'no. =  2,  reg  =    301'
msuc: {\huge Flux spectrum in room air (upper 2 m, lower 1 m)}
msdr: {\it plotted by \ANGEL \version}
msdl: {\it calculated by \PHITS  3.36}
wt: s(0.7)
\vspace{-3}
   vol  &=&   6.0000E+07 [cm^3]
e:
 
# Information for Restart Calculation
# This calculation was newly started
# istdev =  2 # 1:Batch variance, 2:History variance
# resc2  = 2.67605657404079711E-02 # Total source weight or Total source weight / maxcas
# resc3  = 7.00000000000000000E+02 # Total history number or Total batch number
# maxcas =         700 # History / Batch, only used for istdev=1
# bitrseed = 0111011110011100011110011110100011011000010010111000110001010101 # bit data of rseed
